DefiKernel/Arithmetic/Quantity.lean:41:27: error: invalid `▸` notation, expected result type of cast is 
  ↑q.value = amount / scale
however, the equality 
  h
of type 
  (if amount / scale ≠ amount / scale then Except.error Failure.nonIntegralQuantity
    else Word.checked Failure.inputOverflow ⌊amount / scale⌋₊) =
    Except.ok q
does not contain the expected result type on either the left or the right hand side
DefiKernel/Arithmetic/Quantity.lean:43:10: error: mod_cast has type
  ⌊amount / scale⌋₊ = q.value
but is expected to have type
  (if ¬amount / scale = amount / scale then Except.error Failure.nonIntegralQuantity
    else Word.checked Failure.inputOverflow ⌊amount / scale⌋₊) =
    Except.ok q
DefiKernel/Arithmetic/Quantity.lean:45:15: error: Tactic `introN` failed: There are no additional binders or `let` bindings in the goal to introduce

case neg
w : ℕ
scale amount : ℚ
q : Word w
hs : ¬scale ≤ 0
hsp : 0 < scale
ha : ¬amount < 0
han : 0 ≤ amount
hi : ¬↑⌊amount / scale⌋₊ = amount / scale
⊢ (if ↑⌊amount / scale⌋₊ ≠ amount / scale then Except.error Failure.nonIntegralQuantity
      else Word.checked Failure.inputOverflow ⌊amount / scale⌋₊) =
      Except.ok q ↔
    0 < scale ∧ 0 ≤ amount ∧ ↑q.value = amount / scale
DefiKernel/Arithmetic/Quantity.lean:38:31: warning: This simp argument is unused:
  not_true_eq_false

Hint: Omit it from the simp argument list.
  [apply] simp only [hs, ha, hi, ↓reduceIte, Word.checked_ok_iff]

Note: This linter can be disabled with `set_option linter.unusedSimpArgs false`
DefiKernel/Arithmetic/Quantity.lean:38:62: warning: This simp argument is unused:
  Word.checked_ok_iff

Hint: Omit it from the simp argument list.
  [apply] simp only [hs, ha, hi, not_true_eq_false, ↓reduceIte]

Note: This linter can be disabled with `set_option linter.unusedSimpArgs false`
DefiKernel/Arithmetic/Quantity.lean:44:27: warning: This simp argument is unused:
  hi

Hint: Omit it from the simp argument list.
  [apply] simp only [hs, ha, not_false_eq_true, ↓reduceIte, reduceCtorEq, false_iff]

Note: This linter can be disabled with `set_option linter.unusedSimpArgs false`
DefiKernel/Arithmetic/Quantity.lean:44:31: warning: This simp argument is unused:
  not_false_eq_true

Hint: Omit it from the simp argument list.
  [apply] simp only [hs, ha, hi, ↓reduceIte, reduceCtorEq, false_iff]

Note: This linter can be disabled with `set_option linter.unusedSimpArgs false`
DefiKernel/Arithmetic/Quantity.lean:44:62: warning: This simp argument is unused:
  reduceCtorEq

Hint: Omit it from the simp argument list.
  [apply] simp only [hs, ha, hi, not_false_eq_true, ↓reduceIte, false_iff]

Note: This linter can be disabled with `set_option linter.unusedSimpArgs false`
DefiKernel/Arithmetic/Quantity.lean:44:76: warning: This simp argument is unused:
  false_iff

Hint: Omit it from the simp argument list.
  [apply] simp only [hs, ha, hi, not_false_eq_true, ↓reduceIte, reduceCtorEq]

Note: This linter can be disabled with `set_option linter.unusedSimpArgs false`
