Traceback (most recent call last):
  File "/home/charl/defiformal/review/semantic-kernel/program-execution-20260908/p35-review/residual_probe.py", line 50, in <module>
    r['deep_link']={'dialog':p.evaluate('Boolean(document.querySelector("dialog.detail")?.open)'),'text':p.locator('dialog.detail').inner_text()[:250]}
                                                                                                         ~~~~~~~~~~~~~~~~~~~~~~~~~~~~~~~~~~~~~^^
  File "/home/charl/.local/lib/python3.14/site-packages/playwright/sync_api/_generated.py", line 18970, in inner_text
    self._sync(self._impl_obj.inner_text(timeout=to_milliseconds(timeout)))
    ~~~~~~~~~~^^^^^^^^^^^^^^^^^^^^^^^^^^^^^^^^^^^^^^^^^^^^^^^^^^^^^^^^^^^^^
  File "/home/charl/.local/lib/python3.14/site-packages/playwright/_impl/_sync_base.py", line 115, in _sync
    return task.result()
           ~~~~~~~~~~~^^
  File "/home/charl/.local/lib/python3.14/site-packages/playwright/_impl/_locator.py", line 493, in inner_text
    return await self._frame.inner_text(
           ^^^^^^^^^^^^^^^^^^^^^^^^^^^^^
    ...<3 lines>...
    )
    ^
  File "/home/charl/.local/lib/python3.14/site-packages/playwright/_impl/_frame.py", line 717, in inner_text
    return await self._channel.send(
           ^^^^^^^^^^^^^^^^^^^^^^^^^
        "innerText", self._timeout, locals_to_params(locals())
        ^^^^^^^^^^^^^^^^^^^^^^^^^^^^^^^^^^^^^^^^^^^^^^^^^^^^^^
    )
    ^
  File "/home/charl/.local/lib/python3.14/site-packages/playwright/_impl/_connection.py", line 69, in send
    return await self._connection.wrap_api_call(
           ^^^^^^^^^^^^^^^^^^^^^^^^^^^^^^^^^^^^^
    ...<3 lines>...
    )
    ^
  File "/home/charl/.local/lib/python3.14/site-packages/playwright/_impl/_connection.py", line 559, in wrap_api_call
    raise rewrite_error(error, f"{parsed_st['apiName']}: {error}") from None
playwright._impl._errors.TimeoutError: Locator.inner_text: Timeout 30000ms exceeded.
Call log:
  - waiting for locator("dialog.detail")

