{
  "utc": "2026-09-08T19:45:31.581548+00:00",
  "transitions": [
    {
      "input": "baseline",
      "sha256": "66fa8baca91af74332ce0eb8966030e5a53cb32b427e0d1631c3a2ff3d2b3ab6",
      "dimension": "Flat",
      "view": "Laws",
      "tiles": 0,
      "rules": 29,
      "is3d": false,
      "text": "L1\n(Pl|Im|Cd|Pf|Op) \u2192 (Ex|Tp|At) + Ct + (Li|Ad|Sl|Bs)\nnot async-safe\nL2\nPl \u2192 (Sh|Ix) + exit-liquidity\nasync-safe\nL3\nUc \u2192 Aw + At{subject=borrower-financials} + (Bs|Tr) + obligor\nasync-safe\nL4\nPf \u2192 Ex + Ct + Li + (Ad|Sl|Bs)\nnot async-safe\nL5\nPy \u2192 (Sh|Ix|Rb) + Ep + Rd\nasync-safe\nL6\nTr \u2192 (Sv | mechanical trigger) + declared seniority + dispute forum + recovery-timing assumption\nnot async-safe\nL7\nCd \u2192"
    },
    {
      "input": "baseline",
      "sha256": "66fa8baca91af74332ce0eb8966030e5a53cb32b427e0d1631c3a2ff3d2b3ab6",
      "dimension": "3D",
      "view": "Laws",
      "tiles": 0,
      "rules": 29,
      "is3d": false,
      "text": "L1\n(Pl|Im|Cd|Pf|Op) \u2192 (Ex|Tp|At) + Ct + (Li|Ad|Sl|Bs)\nnot async-safe\nL2\nPl \u2192 (Sh|Ix) + exit-liquidity\nasync-safe\nL3\nUc \u2192 Aw + At{subject=borrower-financials} + (Bs|Tr) + obligor\nasync-safe\nL4\nPf \u2192 Ex + Ct + Li + (Ad|Sl|Bs)\nnot async-safe\nL5\nPy \u2192 (Sh|Ix|Rb) + Ep + Rd\nasync-safe\nL6\nTr \u2192 (Sv | mechanical trigger) + declared seniority + dispute forum + recovery-timing assumption\nnot async-safe\nL7\nCd \u2192"
    },
    {
      "input": "baseline",
      "sha256": "66fa8baca91af74332ce0eb8966030e5a53cb32b427e0d1631c3a2ff3d2b3ab6",
      "dimension": "Flat",
      "view": "Hazards",
      "tiles": 0,
      "rules": 20,
      "is3d": false,
      "text": "n\nEvery rule below records failures. Not one records survivors. X2 describes a combination live in a great many protocols that have never been drained \u2014 the rule cannot say why, because there is no sample size. Read these as categories, never as measurements.\nX1\nAs + reflexive junior token, with no hard redemption or exogenous capitalTerra/UST, 2022\nforbidden\nX2\nFl* + manipulable Cp/Cl price + Pl/"
    },
    {
      "input": "baseline",
      "sha256": "66fa8baca91af74332ce0eb8966030e5a53cb32b427e0d1631c3a2ff3d2b3ab6",
      "dimension": "3D",
      "view": "Hazards",
      "tiles": 0,
      "rules": 20,
      "is3d": false,
      "text": "n\nEvery rule below records failures. Not one records survivors. X2 describes a combination live in a great many protocols that have never been drained \u2014 the rule cannot say why, because there is no sample size. Read these as categories, never as measurements.\nX1\nAs + reflexive junior token, with no hard redemption or exogenous capitalTerra/UST, 2022\nforbidden\nX2\nFl* + manipulable Cp/Cl price + Pl/"
    },
    {
      "input": "candidate",
      "sha256": "a807f92d52dee0dd83edced788616288e3e9691776fed9245e427a333f2a058d",
      "dimension": "Flat",
      "view": "Laws",
      "tiles": 0,
      "rules": 29,
      "is3d": false,
      "text": "L1\n(Pl|Im|Cd|Pf|Op) \u2192 (Ex|Tp|At) + Ct + (Li|Ad|Sl|Bs)\nnot async-safe\nL2\nPl \u2192 (Sh|Ix) + exit-liquidity\nasync-safe\nL3\nUc \u2192 Aw + At{subject=borrower-financials} + (Bs|Tr) + obligor\nasync-safe\nL4\nPf \u2192 Ex + Ct + Li + (Ad|Sl|Bs)\nnot async-safe\nL5\nPy \u2192 (Sh|Ix|Rb) + Ep + Rd\nasync-safe\nL6\nTr \u2192 (Sv | mechanical trigger) + declared seniority + dispute forum + recovery-timing assumption\nnot async-safe\nL7\nCd \u2192"
    },
    {
      "input": "candidate",
      "sha256": "a807f92d52dee0dd83edced788616288e3e9691776fed9245e427a333f2a058d",
      "dimension": "3D",
      "view": "Laws",
      "tiles": 59,
      "rules": 29,
      "is3d": true,
      "text": "L1\n(Pl|Im|Cd|Pf|Op) \u2192 (Ex|Tp|At) + Ct + (Li|Ad|Sl|Bs)\nnot async-safe\nL2\nPl \u2192 (Sh|Ix) + exit-liquidity\nasync-safe\nL3\nUc \u2192 Aw + At{subject=borrower-financials} + (Bs|Tr) + obligor\nasync-safe\nL4\nPf \u2192 Ex + Ct + Li + (Ad|Sl|Bs)\nnot async-safe\nL5\nPy \u2192 (Sh|Ix|Rb) + Ep + Rd\nasync-safe\nL6\nTr \u2192 (Sv | mechanical trigger) + declared seniority + dispute forum + recovery-timing assumption\nnot async-safe\nL7\nCd \u2192"
    },
    {
      "input": "candidate",
      "sha256": "a807f92d52dee0dd83edced788616288e3e9691776fed9245e427a333f2a058d",
      "dimension": "Flat",
      "view": "Hazards",
      "tiles": 0,
      "rules": 20,
      "is3d": false,
      "text": "n\nEvery rule below records failures. Not one records survivors. X2 describes a combination live in a great many protocols that have never been drained \u2014 the rule cannot say why, because there is no sample size. Read these as categories, never as measurements.\nX1\nAs + reflexive junior token, with no hard redemption or exogenous capitalTerra/UST, 2022\nforbidden\nX2\nFl* + manipulable Cp/Cl price + Pl/"
    },
    {
      "input": "candidate",
      "sha256": "a807f92d52dee0dd83edced788616288e3e9691776fed9245e427a333f2a058d",
      "dimension": "3D",
      "view": "Hazards",
      "tiles": 59,
      "rules": 20,
      "is3d": true,
      "text": "n\nEvery rule below records failures. Not one records survivors. X2 describes a combination live in a great many protocols that have never been drained \u2014 the rule cannot say why, because there is no sample size. Read these as categories, never as measurements.\nX1\nAs + reflexive junior token, with no hard redemption or exogenous capitalTerra/UST, 2022\nforbidden\nX2\nFl* + manipulable Cp/Cl price + Pl/"
    }
  ],
  "errors": [],
  "order_change_live": "",
  "search_unique_before": {
    "live": "1 of 59 shown.",
    "results": 0,
    "visible_tiles": 59
  },
  "search_enter": {
    "dialog": false,
    "hash": "",
    "focus": "q"
  },
  "text_scale_100": {
    "root": "16px",
    "tileWidth": 118.390625,
    "tileHeight": 92.046875,
    "nameFont": "10px",
    "badgeFont": "8.5px",
    "viewport": 1280,
    "documentWidth": 1280,
    "tableWidth": 1280
  },
  "text_scale_200": {
    "root": "32px",
    "tileWidth": 236.796875,
    "tileHeight": 163.1875,
    "nameFont": "10px",
    "badgeFont": "8.5px",
    "viewport": 1280,
    "documentWidth": 1280,
    "tableWidth": 1280
  },
  "narrow_reflow": {
    "root": "16px",
    "tileWidth": 105.59375,
    "tileHeight": 92.046875,
    "nameFont": "10px",
    "badgeFont": "8.5px",
    "viewport": 640,
    "documentWidth": 640,
    "tableWidth": 640
  },
  "find_engine": {
    "known": true,
    "unknown": false
  },
  "print_dom": {
    "tiles": 59,
    "rules": 0
  },
  "deep_link": {
    "dialog": true,
    "text": "CLOSE \u2715\nE001\nSh\nPro-rata share accounting\n\nShares represent a proportional pool claim.\n\nSTATUS\ncore\nGROUP\nG01 \u00b7 Claims & accounting\nWHAT COULD SIT HERE INSTEAD\nHow is a proportional claim recorded?\nSTRATUM\nS0 \u00b7 Ledger-local claims\nASYNCHRONY\nasync-re"
  }
}
nine fields 59 / 59
