[
  {
    "label": "conformance",
    "argv": [
      "node",
      "scripts/conformance.mjs"
    ],
    "cwd": "/home/charl/defiformal-wt-atlas-grok-gpt6-20260908/viz",
    "utc": "2026-09-08T19:45:32.601372+00:00",
    "exit_code": 0,
    "stdout_sha256": "db969cf534c3f42c65e124e245ad27ab7e4d99df1592853863c21c200f49d508",
    "stderr_sha256": "e3b0c44298fc1c149afbf4c8996fb92427ae41e4649b934ca495991b7852b855"
  },
  {
    "label": "tsc",
    "argv": [
      "node",
      "node_modules/typescript/bin/tsc",
      "--noEmit"
    ],
    "cwd": "/home/charl/defiformal-wt-atlas-grok-gpt6-20260908/viz",
    "utc": "2026-09-08T19:45:32.658042+00:00",
    "exit_code": 0,
    "stdout_sha256": "e3b0c44298fc1c149afbf4c8996fb92427ae41e4649b934ca495991b7852b855",
    "stderr_sha256": "e3b0c44298fc1c149afbf4c8996fb92427ae41e4649b934ca495991b7852b855"
  },
  {
    "label": "build-receipt",
    "argv": [
      "node",
      "node_modules/vite/bin/vite.js",
      "build",
      "--outDir",
      "/home/charl/defiformal/review/semantic-kernel/program-execution-20260908/p35-review/rebuilt-dist"
    ],
    "cwd": "/home/charl/defiformal-wt-atlas-grok-gpt6-20260908/viz",
    "utc": "2026-09-08T19:45:32.982848+00:00",
    "exit_code": 0,
    "stdout_sha256": "6d650f81cc3271d71c766b52e1736ae58d32d43744f091cc3257ba6b388c4059",
    "stderr_sha256": "f04abbd9270af4a90a42c76361643a2beced69dbd6065e844d9d39868528831b"
  },
  {
    "label": "npm-installed",
    "argv": [
      "npm",
      "ls",
      "--all",
      "--json"
    ],
    "cwd": "/home/charl/defiformal-wt-atlas-grok-gpt6-20260908/viz",
    "utc": "2026-09-08T19:45:33.448256+00:00",
    "exit_code": 0,
    "stdout_sha256": "60dc8e13da172e6e61c5a3ad14e32136eb1b7dd9f29ae74cbdee1eee9927e426",
    "stderr_sha256": "e3b0c44298fc1c149afbf4c8996fb92427ae41e4649b934ca495991b7852b855"
  },
  {
    "label": "node-version",
    "argv": [
      "node",
      "--version"
    ],
    "cwd": "/home/charl/defiformal-wt-atlas-grok-gpt6-20260908/viz",
    "utc": "2026-09-08T19:45:33.941324+00:00",
    "exit_code": 0,
    "stdout_sha256": "1f2f55b6a7002be8f9992bdfa80f6a4a2b133df9201a4cbc2c35fb471256cd48",
    "stderr_sha256": "e3b0c44298fc1c149afbf4c8996fb92427ae41e4649b934ca495991b7852b855"
  },
  {
    "label": "python-packages",
    "argv": [
      "python3",
      "-m",
      "pip",
      "show",
      "playwright"
    ],
    "cwd": "/home/charl/defiformal-wt-atlas-grok-gpt6-20260908/viz",
    "utc": "2026-09-08T19:45:33.945924+00:00",
    "exit_code": 0,
    "stdout_sha256": "34f90399c907974d6a2c96ac5f33e22c2d15054d5d0a6ff631948fa63f327a31",
    "stderr_sha256": "e3b0c44298fc1c149afbf4c8996fb92427ae41e4649b934ca495991b7852b855"
  },
  {
    "label": "print-text",
    "argv": [
      "pdftotext",
      "-layout",
      "/home/charl/defiformal/review/semantic-kernel/program-execution-20260908/p35-review/flat-print.pdf",
      "/home/charl/defiformal/review/semantic-kernel/program-execution-20260908/p35-review/flat-print.txt"
    ],
    "cwd": "/home/charl/defiformal/review/semantic-kernel/program-execution-20260908/p35-review",
    "utc": "2026-09-08T19:45:34.490866+00:00",
    "exit_code": 0,
    "stdout_sha256": "e3b0c44298fc1c149afbf4c8996fb92427ae41e4649b934ca495991b7852b855",
    "stderr_sha256": "e3b0c44298fc1c149afbf4c8996fb92427ae41e4649b934ca495991b7852b855"
  },
  {
    "label": "fixture-positive",
    "argv": [
      "node",
      "scripts/conformance.mjs"
    ],
    "cwd": "/home/charl/defiformal/review/semantic-kernel/program-execution-20260908/p35-review/conformance-fixture/viz",
    "utc": "2026-09-08T19:45:34.531558+00:00",
    "exit_code": 0,
    "stdout_sha256": "db969cf534c3f42c65e124e245ad27ab7e4d99df1592853863c21c200f49d508",
    "stderr_sha256": "e3b0c44298fc1c149afbf4c8996fb92427ae41e4649b934ca495991b7852b855"
  },
  {
    "label": "fixture-status-swap",
    "argv": [
      "node",
      "scripts/conformance.mjs"
    ],
    "cwd": "/home/charl/defiformal/review/semantic-kernel/program-execution-20260908/p35-review/conformance-fixture/viz",
    "utc": "2026-09-08T19:45:34.574277+00:00",
    "exit_code": 1,
    "stdout_sha256": "31a3bd520be51a59f7c306010ef2fafe1be61b7929f6d421ae19269d528c9ff7",
    "stderr_sha256": "40f495e04c186037c24fec1b27213c16cc4b8170424132990a52ff77a63c3a83"
  },
  {
    "label": "fixture-missing-row",
    "argv": [
      "node",
      "scripts/conformance.mjs"
    ],
    "cwd": "/home/charl/defiformal/review/semantic-kernel/program-execution-20260908/p35-review/conformance-fixture/viz",
    "utc": "2026-09-08T19:45:34.624674+00:00",
    "exit_code": 1,
    "stdout_sha256": "f90af796f8b35a1e60b3463920e7f4b4337c793d0d63c7861a85b9dafd1ba5d3",
    "stderr_sha256": "218e93fa636289789dc10bc87f0cd1ac7107b186f4771970f4504310d8779ed7"
  },
  {
    "label": "fixture-restored",
    "argv": [
      "node",
      "scripts/conformance.mjs"
    ],
    "cwd": "/home/charl/defiformal/review/semantic-kernel/program-execution-20260908/p35-review/conformance-fixture/viz",
    "utc": "2026-09-08T19:45:34.680880+00:00",
    "exit_code": 0,
    "stdout_sha256": "db969cf534c3f42c65e124e245ad27ab7e4d99df1592853863c21c200f49d508",
    "stderr_sha256": "e3b0c44298fc1c149afbf4c8996fb92427ae41e4649b934ca495991b7852b855"
  },
  {
    "artifact_sha256": "a807f92d52dee0dd83edced788616288e3e9691776fed9245e427a333f2a058d",
    "rebuilt_sha256": "a807f92d52dee0dd83edced788616288e3e9691776fed9245e427a333f2a058d",
    "byte_identical": true,
    "raw_bytes": 169429,
    "gzip_bytes_python": 51721
  }
]
