⚠ [921/937] Replayed DefiKernel.Typed.Transition
warning: DefiKernel/Typed/Transition.lean:239:20: `simp_all [throw, throwThe]` is a flexible tactic modifying `⊢`. Try `simp_all?` and use the suggested `simp_all only [...]`. Alternatively, use `suffices` to explicitly state the simplified form.

Note: This linter can be disabled with `set_option linter.flexible false`
info: DefiKernel/Typed/Transition.lean:239:20: Try this:
  [apply] simp_all only [or_false, Prod.forall, true_and]
info: DefiKernel/Typed/Transition.lean:244:6: `rename_i args`
modifies the current goal, which was modified by the flexible tactic `simp_all` on line 239!
warning: DefiKernel/Typed/Transition.lean:239:20: `simp_all [throw, throwThe]` is a flexible tactic modifying `⊢`. Try `simp_all?` and use the suggested `simp_all only [...]`. Alternatively, use `suffices` to explicitly state the simplified form.

Note: This linter can be disabled with `set_option linter.flexible false`
info: DefiKernel/Typed/Transition.lean:239:20: Try this:
  [apply] simp_all only [Option.some.injEq, false_or, Prod.forall]
info: DefiKernel/Typed/Transition.lean:244:6: `rename_i args`
modifies the current goal, which was modified by the flexible tactic `simp_all` on line 239!
⚠ [934/937] Replayed DefiKernel.Interface.Regions
warning: DefiKernel/Interface/Regions.lean:49:8: automatically included section variable(s) unused in theorem `DefiKernel.Interface.balanceSum_empty`:
  [DecidableEq P]
  [DecidableEq A]
  [DecidableEq D]
consider restructuring your `variable` declarations so that the variables are not in scope or explicitly omit them:
  omit [DecidableEq P] [DecidableEq A] [DecidableEq D] in theorem ...

Note: This linter can be disabled with `set_option linter.unusedSectionVars false`
warning: DefiKernel/Interface/Regions.lean:49:0: `balanceSum_empty` does not use the following hypotheses in its type:
  • [DecidableEq P] (#4)
  • [DecidableEq A] (#5)
  • [DecidableEq D] (#6)

Consider removing these hypotheses and using `classical` in the proof instead. For terms, consider using `open scoped Classical in` at the term level (not the command level).

Note: This linter can be disabled with `set_option linter.unusedDecidableInType false`
warning: DefiKernel/Interface/Regions.lean:71:0: automatically included section variable(s) unused in theorem `DefiKernel.Interface.valueSupports_const`:
  [DecidableEq P]
  [DecidableEq A]
  [DecidableEq D]
consider restructuring your `variable` declarations so that the variables are not in scope or explicitly omit them:
  omit [DecidableEq P] [DecidableEq A] [DecidableEq D] in theorem ...

Note: This linter can be disabled with `set_option linter.unusedSectionVars false`
warning: DefiKernel/Interface/Regions.lean:71:0: `valueSupports_const` does not use the following hypotheses in its type:
  • [DecidableEq P] (#4)
  • [DecidableEq A] (#5)
  • [DecidableEq D] (#6)

Consider removing these hypotheses and using `classical` in the proof instead. For terms, consider using `open scoped Classical in` at the term level (not the command level).

Note: This linter can be disabled with `set_option linter.unusedDecidableInType false`
⚠ [935/937] Replayed DefiKernel.Interface.Bindings
warning: DefiKernel/Interface/Bindings.lean:151:100: This line exceeds the 100 character limit, please shorten it!

Note: This linter can be disabled with `set_option linter.style.longLine false`
⚠ [936/937] Built DefiKernel.Interface.Tests (1.4s)
warning: DefiKernel/Interface/Tests.lean:249:100: This line exceeds the 100 character limit, please shorten it!
You can use "string gaps" to format long strings: within a string quotation, using a '\' at the end of a line allows you to continue the string on the following line, removing all intervening whitespace.

Note: This linter can be disabled with `set_option linter.style.longLine false`
warning: DefiKernel/Interface/Tests.lean:251:100: This line exceeds the 100 character limit, please shorten it!
You can use "string gaps" to format long strings: within a string quotation, using a '\' at the end of a line allows you to continue the string on the following line, removing all intervening whitespace.

Note: This linter can be disabled with `set_option linter.style.longLine false`
ℹ [937/937] Built DefiKernel.Interface.Audit (961ms)
info: DefiKernel/Interface/Audit.lean:15:0: interface.catalog.valid: true
interface.catalog.private-total: true
interface.catalog.exposed-total: true
interface.catalog.snapshot: true
interface.catalog.invalid: true
interface.fixture.twenty-cells: true
interface.fixture.seventeen-capabilities: true
interface.positive.transfer: true
interface.region.sum: true
interface.region.empty: true
interface.region.transfer-full: true
interface.region.transfer-total: true
interface.region.neutral-delta: true
interface.region.transfer-out: true
interface.region.single-target-delta: true
interface.region.transfer-effects: true
interface.region.singleton-total: true
interface.region.transfer-supply: true
interface.region.mint-full: true
interface.region.mint: true
interface.region.mint-total: true
interface.region.repeated-full: true
interface.region.repeated: true
interface.region.repeated-total: true
interface.region.private-total-full: true
interface.region.private-total: true
interface.region.exposed-total-full: true
interface.region.exposed-total-counterexample: true
interface.binding.paired-full: true
interface.binding.equal: true
interface.binding.paired-effects: true
interface.binding.one-sided-full: true
interface.binding.unequal: true
interface.binding.global-edge: true
interface.binding.cut-extraction: true
interface.binding.cut-omission-counterexample: true
interface.binding.existing-port: true
interface.binding.transitive-redundant: true
interface.binding.distinct-closures: true
interface.binding.transitive-negative: true
interface.binding.asset: true
interface.binding.domain: true
interface.binding.domain-before-asset: true
interface.binding.dimension-amounts: true
interface.binding.missing-port: true
interface.binding.missing-component-left: true
interface.binding.missing-component-right: true
interface.binding.left-before-right: true
interface.binding.first-failure: true
interface.binding.later-index: true
interface.binding.input-not-resource: true
interface.binding.output-not-resource: true
interface.binding.invalid-empty: true
interface.binding.invalid-nonempty: true
interface.positive.empty-query: true
interface.binding.valid-empty: true
interface.binding.self-edge: true
interface.binding.duplicate: true
interface.binding.reverse: true
interface.binding.import-source: true
interface.binding.import-after-write: true
interface.binding.hold-success: true
interface.binding.hold-failure: true
interface.group.paired-entry: true
interface.group.paired-first: true
interface.group.paired-complete: true
interface.group.paired-first-binding: true
interface.group.paired-complete-binding: true
interface.group.refusal-suffix: true
interface.group.refusal-total: true
interface.group.snapshot-first: true
interface.group.snapshot-complete: true
interface.group.snapshot-total: true
interface.group.snapshot-new-receipts: true
interface.group.snapshot-flow: true
interface.group.snapshot-not-binding: true
interface.shared.refusal-last: true
interface.shared.peer-after-refusal: true
interface.shared.failed-suffix-skipped: true
interface.shared.first-prefix: true
interface.shared.refused-prefix: true
interface.shared.skipped-prefix: true
interface.shared.receipts: true
interface.shared.receipt-flow: true
interface.shared.no-mint-supply: true
interface.shared.all-prefix-totals: true
interface.shared.all-prefix-bindings: true
interface.admin.issue-full: true
interface.admin.revoke-full: true
interface.admin.issued-delta: true
interface.admin.revoked-delta: true
interface.admin.complete-cursor: true
interface.admin.unauthorized: true
interface.admin.unauthorized-cursor: true
interface.admin.balance: true
Build completed successfully (937 jobs).
