⚠ [921/954] Replayed DefiKernel.Typed.Transition
warning: DefiKernel/Typed/Transition.lean:239:20: `simp_all [throw, throwThe]` is a flexible tactic modifying `⊢`. Try `simp_all?` and use the suggested `simp_all only [...]`. Alternatively, use `suffices` to explicitly state the simplified form.

Note: This linter can be disabled with `set_option linter.flexible false`
info: DefiKernel/Typed/Transition.lean:239:20: Try this:
  [apply] simp_all only [or_false, Prod.forall, true_and]
info: DefiKernel/Typed/Transition.lean:244:6: `rename_i args`
modifies the current goal, which was modified by the flexible tactic `simp_all` on line 239!
warning: DefiKernel/Typed/Transition.lean:239:20: `simp_all [throw, throwThe]` is a flexible tactic modifying `⊢`. Try `simp_all?` and use the suggested `simp_all only [...]`. Alternatively, use `suffices` to explicitly state the simplified form.

Note: This linter can be disabled with `set_option linter.flexible false`
info: DefiKernel/Typed/Transition.lean:239:20: Try this:
  [apply] simp_all only [Option.some.injEq, false_or, Prod.forall]
info: DefiKernel/Typed/Transition.lean:244:6: `rename_i args`
modifies the current goal, which was modified by the flexible tactic `simp_all` on line 239!
✔ [947/954] Built DefiKernel.Interface.Regions (976ms)
✖ [948/954] Building DefiKernel.Interface.Accounting (1.1s)
trace: .> LEAN_PATH=/home/charl/defiformal/lean/.lake/packages/Cli/.lake/build/lib/lean:/home/charl/defiformal/lean/.lake/packages/batteries/.lake/build/lib/lean:/home/charl/defiformal/lean/.lake/packages/Qq/.lake/build/lib/lean:/home/charl/defiformal/lean/.lake/packages/aesop/.lake/build/lib/lean:/home/charl/defiformal/lean/.lake/packages/proofwidgets/.lake/build/lib/lean:/home/charl/defiformal/lean/.lake/packages/importGraph/.lake/build/lib/lean:/home/charl/defiformal/lean/.lake/packages/LeanSearchClient/.lake/build/lib/lean:/home/charl/defiformal/lean/.lake/packages/plausible/.lake/build/lib/lean:/home/charl/defiformal/lean/.lake/packages/mathlib/.lake/build/lib/lean:/home/charl/defiformal/lean/.lake/build/lib/lean /home/charl/.elan/toolchains/leanprover--lean4---v4.33.0-rc2/bin/lean /home/charl/defiformal/lean/DefiKernel/Interface/Accounting.lean -o /home/charl/defiformal/lean/.lake/build/lib/lean/DefiKernel/Interface/Accounting.olean -i /home/charl/defiformal/lean/.lake/build/lib/lean/DefiKernel/Interface/Accounting.ilean -c /home/charl/defiformal/lean/.lake/build/ir/DefiKernel/Interface/Accounting.c --setup /home/charl/defiformal/lean/.lake/build/ir/DefiKernel/Interface/Accounting.setup.json --json
error: DefiKernel/Interface/Accounting.lean:181:40: Type mismatch: After simplification, term
  hs
 has type
  (continueRun cfg boundaries entry steps).outputs = entry.outputs ++ suffix
but is expected to have type
  (continueRun cfg boundaries entry (step :: steps)).outputs = entry.outputs ++ suffix
error: DefiKernel/Interface/Accounting.lean:185:42: Type mismatch: After simplification, term
  hs
 has type
  (continueRun cfg boundaries
        { world := entry.world, events := entry.events, outputs := entry.outputs, nextIndex := entry.nextIndex,
          failure := some { index := entry.nextIndex, step := some step, reason := reason } }
        steps).outputs =
    entry.outputs ++ suffix
but is expected to have type
  (continueRun cfg boundaries entry (step :: steps)).outputs = entry.outputs ++ suffix
error: DefiKernel/Interface/Accounting.lean:188:10: Type mismatch: After simplification, term
  hs
 has type
  (continueRun cfg boundaries
        { world := result.world,
          events :=
            entry.events ++ [{ index := entry.nextIndex, step := step, before := entry.world, result := result }],
          outputs := entry.outputs ++ result.outputs, nextIndex := entry.nextIndex + 1, failure := none }
        steps).outputs =
    entry.outputs ++ (result.outputs ++ suffix)
but is expected to have type
  (continueRun cfg boundaries entry (step :: steps)).outputs = entry.outputs ++ (result.outputs ++ suffix)
error: Lean exited with code 1
⚠ [950/954] Built DefiKernel.Interface.Bindings (1.7s)
warning: DefiKernel/Interface/Bindings.lean:151:100: This line exceeds the 100 character limit, please shorten it!

Note: This linter can be disabled with `set_option linter.style.longLine false`
⚠ [951/954] Built DefiKernel.Interface.BindingResolution (1.2s)
warning: DefiKernel/Interface/BindingResolution.lean:104:4: try 'simp' instead of 'simpa'

Note: This linter can be disabled with `set_option linter.unnecessarySimpa false`
Some required targets logged failures:
- DefiKernel.Interface.Accounting
error: build failed
