⚠ [921/954] Replayed DefiKernel.Typed.Transition
warning: DefiKernel/Typed/Transition.lean:239:20: `simp_all [throw, throwThe]` is a flexible tactic modifying `⊢`. Try `simp_all?` and use the suggested `simp_all only [...]`. Alternatively, use `suffices` to explicitly state the simplified form.

Note: This linter can be disabled with `set_option linter.flexible false`
info: DefiKernel/Typed/Transition.lean:239:20: Try this:
  [apply] simp_all only [or_false, Prod.forall, true_and]
info: DefiKernel/Typed/Transition.lean:244:6: `rename_i args`
modifies the current goal, which was modified by the flexible tactic `simp_all` on line 239!
warning: DefiKernel/Typed/Transition.lean:239:20: `simp_all [throw, throwThe]` is a flexible tactic modifying `⊢`. Try `simp_all?` and use the suggested `simp_all only [...]`. Alternatively, use `suffices` to explicitly state the simplified form.

Note: This linter can be disabled with `set_option linter.flexible false`
info: DefiKernel/Typed/Transition.lean:239:20: Try this:
  [apply] simp_all only [Option.some.injEq, false_or, Prod.forall]
info: DefiKernel/Typed/Transition.lean:244:6: `rename_i args`
modifies the current goal, which was modified by the flexible tactic `simp_all` on line 239!
⚠ [936/954] Replayed DefiKernel.Interface.BindingResolution
warning: DefiKernel/Interface/BindingResolution.lean:143:4: try 'simp' instead of 'simpa'

Note: This linter can be disabled with `set_option linter.unnecessarySimpa false`
✔ [950/954] Built DefiKernel.Interface.Accounting (1.1s)
✔ [951/954] Built DefiKernel.Interface.BindingPreservation (1.3s)
✔ [952/954] Built DefiKernel.Interface.AccountingInterleaving (1.2s)
✔ [953/954] Built DefiKernel.Interface.Preservation (1.1s)
⚠ [954/954] Built DefiKernel.Interface.Fixtures (1.1s)
warning: DefiKernel/Interface/Fixtures.lean:56:100: This line exceeds the 100 character limit, please shorten it!

Note: This linter can be disabled with `set_option linter.style.longLine false`
Build completed successfully (954 jobs).
