⚠ [921/954] Replayed DefiKernel.Typed.Transition
warning: DefiKernel/Typed/Transition.lean:239:20: `simp_all [throw, throwThe]` is a flexible tactic modifying `⊢`. Try `simp_all?` and use the suggested `simp_all only [...]`. Alternatively, use `suffices` to explicitly state the simplified form.

Note: This linter can be disabled with `set_option linter.flexible false`
info: DefiKernel/Typed/Transition.lean:239:20: Try this:
  [apply] simp_all only [or_false, Prod.forall, true_and]
info: DefiKernel/Typed/Transition.lean:244:6: `rename_i args`
modifies the current goal, which was modified by the flexible tactic `simp_all` on line 239!
warning: DefiKernel/Typed/Transition.lean:239:20: `simp_all [throw, throwThe]` is a flexible tactic modifying `⊢`. Try `simp_all?` and use the suggested `simp_all only [...]`. Alternatively, use `suffices` to explicitly state the simplified form.

Note: This linter can be disabled with `set_option linter.flexible false`
info: DefiKernel/Typed/Transition.lean:239:20: Try this:
  [apply] simp_all only [Option.some.injEq, false_or, Prod.forall]
info: DefiKernel/Typed/Transition.lean:244:6: `rename_i args`
modifies the current goal, which was modified by the flexible tactic `simp_all` on line 239!
⚠ [936/954] Replayed DefiKernel.Interface.BindingResolution
warning: DefiKernel/Interface/BindingResolution.lean:143:4: try 'simp' instead of 'simpa'

Note: This linter can be disabled with `set_option linter.unnecessarySimpa false`
⚠ [950/954] Replayed DefiKernel.Interface.Accounting
warning: DefiKernel/Interface/Accounting.lean:175:100: This line exceeds the 100 character limit, please shorten it!

Note: This linter can be disabled with `set_option linter.style.longLine false`
warning: DefiKernel/Interface/Accounting.lean:181:100: This line exceeds the 100 character limit, please shorten it!

Note: This linter can be disabled with `set_option linter.style.longLine false`
warning: DefiKernel/Interface/Accounting.lean:185:100: This line exceeds the 100 character limit, please shorten it!

Note: This linter can be disabled with `set_option linter.style.longLine false`
⚠ [952/954] Replayed DefiKernel.Interface.AccountingInterleaving
warning: DefiKernel/Interface/AccountingInterleaving.lean:97:100: This line exceeds the 100 character limit, please shorten it!

Note: This linter can be disabled with `set_option linter.style.longLine false`
warning: DefiKernel/Interface/AccountingInterleaving.lean:101:100: This line exceeds the 100 character limit, please shorten it!

Note: This linter can be disabled with `set_option linter.style.longLine false`
⚠ [953/954] Replayed DefiKernel.Interface.Preservation
warning: DefiKernel/Interface/Preservation.lean:196:100: This line exceeds the 100 character limit, please shorten it!

Note: This linter can be disabled with `set_option linter.style.longLine false`
warning: DefiKernel/Interface/Preservation.lean:287:100: This line exceeds the 100 character limit, please shorten it!

Note: This linter can be disabled with `set_option linter.style.longLine false`
✖ [954/954] Building DefiKernel.Interface.Fixtures (1.3s)
trace: .> LEAN_PATH=/home/charl/defiformal/lean/.lake/packages/Cli/.lake/build/lib/lean:/home/charl/defiformal/lean/.lake/packages/batteries/.lake/build/lib/lean:/home/charl/defiformal/lean/.lake/packages/Qq/.lake/build/lib/lean:/home/charl/defiformal/lean/.lake/packages/aesop/.lake/build/lib/lean:/home/charl/defiformal/lean/.lake/packages/proofwidgets/.lake/build/lib/lean:/home/charl/defiformal/lean/.lake/packages/importGraph/.lake/build/lib/lean:/home/charl/defiformal/lean/.lake/packages/LeanSearchClient/.lake/build/lib/lean:/home/charl/defiformal/lean/.lake/packages/plausible/.lake/build/lib/lean:/home/charl/defiformal/lean/.lake/packages/mathlib/.lake/build/lib/lean:/home/charl/defiformal/lean/.lake/build/lib/lean /home/charl/.elan/toolchains/leanprover--lean4---v4.33.0-rc2/bin/lean /home/charl/defiformal/lean/DefiKernel/Interface/Fixtures.lean -o /home/charl/defiformal/lean/.lake/build/lib/lean/DefiKernel/Interface/Fixtures.olean -i /home/charl/defiformal/lean/.lake/build/lib/lean/DefiKernel/Interface/Fixtures.ilean -c /home/charl/defiformal/lean/.lake/build/ir/DefiKernel/Interface/Fixtures.c --setup /home/charl/defiformal/lean/.lake/build/ir/DefiKernel/Interface/Fixtures.setup.json --json
error: DefiKernel/Interface/Fixtures.lean:22:52: failed to synthesize
  Decidable region.WellFormed

Hint: Additional diagnostic information may be available using the `set_option diagnostics true` command.
error: DefiKernel/Interface/Fixtures.lean:55:90: Tactic `decide` failed for proposition
  receiptCellEffect receipt102 alice = -1 ∧ receiptCellEffect receipt102 bob = -1
because its `Decidable` instance
  instDecidableAnd
did not reduce to `isTrue` or `isFalse`.

After unfolding the instances `instDecidableAnd`, `instDecidableEqRat`, `Int.decEq`, `Int.instDecidableEq`, and `instDecidableEqRat.decEq`, reduction got stuck at the `Decidable` instance
  match
    (((fun d ↦ if d.1 = alice then d.2 else 0) (alice, -1)).add
        (List.foldr (fun x1 x2 ↦ x1 + x2) 0
          (List.map (fun d ↦ if d.1 = alice then d.2 else 0) [(bob, -1), (carol, 2)]))).num,
    -Rat.num 1 with
  | Int.ofNat a, Int.ofNat b =>
    match decEq a b with
    | isTrue h => isTrue ⋯
    | isFalse h => isFalse ⋯
  | Int.ofNat a, Int.negSucc a_1 => isFalse ⋯
  | Int.negSucc a, Int.ofNat a_1 => isFalse ⋯
  | Int.negSucc a, Int.negSucc b =>
    match decEq a b with
    | isTrue h => isTrue ⋯
    | isFalse h => isFalse ⋯
error: DefiKernel/Interface/Fixtures.lean:89:44: Tactic `decide` failed for proposition
  balanceSum region (world 6 4 0 10).state = totalValue (world 6 4 0 10).state
because its `Decidable` instance
  instDecidableEqRat (balanceSum region (world 6 4 0 10).state) (totalValue (world 6 4 0 10).state)
did not reduce to `isTrue` or `isFalse`.

After unfolding the instances `decEq`, `instDecidableEqBool`, `instDecidableEqNat`, `instDecidableEqProd`, `instDecidableEqRat`, `Bool.decEq`, `Int.decEq`, `Int.instDecidableEq`, `Nat.decEq`, `instDecidableEqRat.decEq`, `instDecidableEqAsset`, `instDecidableEqDomain`, and `instDecidableEqParty`, reduction got stuck at the `Decidable` instance
  match
    (((world 6 4 0 10).state.balance alice).add
        (List.foldr (fun x1 x2 ↦ x1 + x2) 0 (List.map (world 6 4 0 10).state.balance [bob]))).num,
    ↑10 with
  | Int.ofNat a, Int.ofNat b =>
    match decEq a b with
    | isTrue h => isTrue ⋯
    | isFalse h => isFalse ⋯
  | Int.ofNat a, Int.negSucc a_1 => isFalse ⋯
  | Int.negSucc a, Int.ofNat a_1 => isFalse ⋯
  | Int.negSucc a, Int.negSucc b =>
    match decEq a b with
    | isTrue h => isTrue ⋯
    | isFalse h => isFalse ⋯
error: DefiKernel/Interface/Fixtures.lean:107:71: failed to synthesize
  Decidable (WritesWithin region.cells receipt100)

Hint: Additional diagnostic information may be available using the `set_option diagnostics true` command.
error: DefiKernel/Interface/Fixtures.lean:109:74: failed to synthesize
  Decidable (NeutralOn region region.cells receipt100)

Hint: Additional diagnostic information may be available using the `set_option diagnostics true` command.
error: DefiKernel/Interface/Fixtures.lean:112:2: failed to synthesize
  Decidable (∀ c ∈ receipt100.writes, c ∉ totalSupport)

Hint: Additional diagnostic information may be available using the `set_option diagnostics true` command.
error: Lean exited with code 1
Some required targets logged failures:
- DefiKernel.Interface.Fixtures
error: build failed
