AXIOM AUDIT scope: imported module prefix DefiKernel.Interface.Fixtures; modules=[DefiKernel.Interface.Fixtures]
AXIOM AUDIT theorem: DefiKernel.Interface.Fixtures.catalog_valid; module=DefiKernel.Interface.Fixtures; axioms=[propext,
 Quot.sound]
AXIOM AUDIT theorem: DefiKernel.Interface.Fixtures.duplicate_region_set_semantics; module=DefiKernel.Interface.Fixtures; axioms=[propext,
 Classical.choice,
 Quot.sound]
AXIOM AUDIT theorem: DefiKernel.Interface.Fixtures.f01_actual_execution; module=DefiKernel.Interface.Fixtures; axioms=[propext,
 Classical.choice,
 Quot.sound]
AXIOM AUDIT theorem: DefiKernel.Interface.Fixtures.f05_every_prefix; module=DefiKernel.Interface.Fixtures; axioms=[propext,
 Classical.choice,
 Quot.sound]
AXIOM AUDIT theorem: DefiKernel.Interface.Fixtures.f05_initialized; module=DefiKernel.Interface.Fixtures; axioms=[propext,
 Classical.choice,
 Quot.sound]
AXIOM AUDIT theorem: DefiKernel.Interface.Fixtures.f05_local_rule; module=DefiKernel.Interface.Fixtures; axioms=[propext,
 Classical.choice,
 Quot.sound]
AXIOM AUDIT theorem: DefiKernel.Interface.Fixtures.f05_obligations; module=DefiKernel.Interface.Fixtures; axioms=[propext,
 Classical.choice,
 Quot.sound]
AXIOM AUDIT theorem: DefiKernel.Interface.Fixtures.f06_actual_execution; module=DefiKernel.Interface.Fixtures; axioms=[propext,
 Classical.choice,
 Quot.sound]
AXIOM AUDIT theorem: DefiKernel.Interface.Fixtures.f06_actual_post_values; module=DefiKernel.Interface.Fixtures; axioms=[propext,
 Classical.choice,
 Quot.sound]
AXIOM AUDIT theorem: DefiKernel.Interface.Fixtures.f06_initialized; module=DefiKernel.Interface.Fixtures; axioms=[propext,
 Classical.choice,
 Quot.sound]
AXIOM AUDIT theorem: DefiKernel.Interface.Fixtures.f06_missing_support_exclusion; module=DefiKernel.Interface.Fixtures; axioms=[propext,
 Classical.choice,
 Quot.sound]
AXIOM AUDIT theorem: DefiKernel.Interface.Fixtures.f06_region_neutral; module=DefiKernel.Interface.Fixtures; axioms=[propext,
 Classical.choice,
 Quot.sound]
AXIOM AUDIT theorem: DefiKernel.Interface.Fixtures.f06_write_confined; module=DefiKernel.Interface.Fixtures; axioms=[propext,
 Classical.choice,
 Quot.sound]
AXIOM AUDIT theorem: DefiKernel.Interface.Fixtures.f07_actual_execution; module=DefiKernel.Interface.Fixtures; axioms=[propext,
 Classical.choice,
 Quot.sound]
AXIOM AUDIT theorem: DefiKernel.Interface.Fixtures.f07_group_initialized_preservation; module=DefiKernel.Interface.Fixtures; axioms=[propext,
 Classical.choice,
 Quot.sound]
AXIOM AUDIT theorem: DefiKernel.Interface.Fixtures.f07_initialized; module=DefiKernel.Interface.Fixtures; axioms=[propext,
 Classical.choice,
 Quot.sound]
AXIOM AUDIT theorem: DefiKernel.Interface.Fixtures.f07_local_rule; module=DefiKernel.Interface.Fixtures; axioms=[propext,
 Classical.choice,
 Quot.sound]
AXIOM AUDIT theorem: DefiKernel.Interface.Fixtures.f10_all_state_equivalence; module=DefiKernel.Interface.Fixtures; axioms=[propext,
 Quot.sound]
AXIOM AUDIT theorem: DefiKernel.Interface.Fixtures.f10_distinct_symmetric_closures; module=DefiKernel.Interface.Fixtures; axioms=[propext,
 Classical.choice,
 Quot.sound]
AXIOM AUDIT theorem: DefiKernel.Interface.Fixtures.fixed_ghost_missing_initialization; module=DefiKernel.Interface.Fixtures; axioms=[propext,
 Classical.choice,
 Quot.sound]
AXIOM AUDIT theorem: DefiKernel.Interface.Fixtures.mixed_region_not_wellFormed; module=DefiKernel.Interface.Fixtures; axioms=[propext,
 Classical.choice,
 Quot.sound]
AXIOM AUDIT theorem: DefiKernel.Interface.Fixtures.outcomeEq_sound; module=DefiKernel.Interface.Fixtures; axioms=[propext,
 Classical.choice,
 Quot.sound]
AXIOM AUDIT theorem: DefiKernel.Interface.Fixtures.paired_effects; module=DefiKernel.Interface.Fixtures; axioms=[propext,
 Classical.choice,
 Quot.sound]
AXIOM AUDIT theorem: DefiKernel.Interface.Fixtures.paired_nonzero_effects; module=DefiKernel.Interface.Fixtures; axioms=[propext,
 Classical.choice,
 Quot.sound]
AXIOM AUDIT theorem: DefiKernel.Interface.Fixtures.paired_receipt; module=DefiKernel.Interface.Fixtures; axioms=[propext,
 Classical.choice,
 Quot.sound]
AXIOM AUDIT theorem: DefiKernel.Interface.Fixtures.region_wellFormed; module=DefiKernel.Interface.Fixtures; axioms=[propext,
 Classical.choice,
 Quot.sound]
AXIOM AUDIT theorem: DefiKernel.Interface.Fixtures.resultEq_sound; module=DefiKernel.Interface.Fixtures; axioms=[propext,
 Classical.choice,
 Quot.sound]
AXIOM AUDIT theorem: DefiKernel.Interface.Fixtures.total_value_supported; module=DefiKernel.Interface.Fixtures; axioms=[propext,
 Quot.sound]
AXIOM AUDIT theorem: DefiKernel.Interface.Fixtures.transfer_confined; module=DefiKernel.Interface.Fixtures; axioms=[propext,
 Classical.choice,
 Quot.sound]
AXIOM AUDIT theorem: DefiKernel.Interface.Fixtures.transfer_neutral; module=DefiKernel.Interface.Fixtures; axioms=[propext,
 Classical.choice,
 Quot.sound]
AXIOM AUDIT theorem: DefiKernel.Interface.Fixtures.transfer_receipt; module=DefiKernel.Interface.Fixtures; axioms=[propext,
 Classical.choice,
 Quot.sound]
AXIOM AUDIT theorem: DefiKernel.Interface.Fixtures.transfer_total_separate; module=DefiKernel.Interface.Fixtures; axioms=[propext,
 Quot.sound]
AXIOM AUDIT theorem: DefiKernel.Interface.Fixtures.worldEq_sound; module=DefiKernel.Interface.Fixtures; axioms=[propext,
 Classical.choice,
 Quot.sound]
AXIOM AUDIT theorem: DefiKernel.Interface.WritesWithin.eq_1; module=DefiKernel.Interface.Fixtures; axioms=[propext,
 Classical.choice,
 Quot.sound]
AXIOM AUDIT theorem: DefiKernel.Interface.Examples.alice.eq_1; module=DefiKernel.Interface.Fixtures; axioms=[]
AXIOM AUDIT theorem: DefiKernel.Interface.Examples.awayEur.eq_1; module=DefiKernel.Interface.Fixtures; axioms=[]
AXIOM AUDIT theorem: DefiKernel.Interface.Examples.bob.eq_1; module=DefiKernel.Interface.Fixtures; axioms=[]
AXIOM AUDIT theorem: DefiKernel.Interface.Examples.evaluated.eq_1; module=DefiKernel.Interface.Fixtures; axioms=[]
AXIOM AUDIT theorem: DefiKernel.Interface.Examples.expected105.eq_1; module=DefiKernel.Interface.Fixtures; axioms=[propext,
 Classical.choice,
 Quot.sound]
AXIOM AUDIT theorem: DefiKernel.Interface.Examples.pairedGroup.eq_1; module=DefiKernel.Interface.Fixtures; axioms=[]
AXIOM AUDIT theorem: DefiKernel.Interface.Examples.receipt100.eq_1; module=DefiKernel.Interface.Fixtures; axioms=[propext,
 Quot.sound]
AXIOM AUDIT theorem: DefiKernel.Interface.Examples.receipt105.eq_1; module=DefiKernel.Interface.Fixtures; axioms=[propext,
 Quot.sound]
AXIOM AUDIT theorem: DefiKernel.Interface.Examples.totalCell.eq_1; module=DefiKernel.Interface.Fixtures; axioms=[]
AXIOM AUDIT theorem: DefiKernel.Interface.Fixtures.edges.eq_1; module=DefiKernel.Interface.Fixtures; axioms=[]
AXIOM AUDIT theorem: DefiKernel.Interface.Fixtures.f01_actual_execution._proof_1_1; module=DefiKernel.Interface.Fixtures; axioms=[propext,
 Classical.choice,
 Quot.sound]
AXIOM AUDIT theorem: DefiKernel.Interface.Fixtures.f05_initialized._proof_1_1; module=DefiKernel.Interface.Fixtures; axioms=[propext,
 Classical.choice,
 Quot.sound]
AXIOM AUDIT theorem: DefiKernel.Interface.Fixtures.f06_actual_execution._proof_1_1; module=DefiKernel.Interface.Fixtures; axioms=[propext,
 Classical.choice,
 Quot.sound]
AXIOM AUDIT theorem: DefiKernel.Interface.Fixtures.f06_actual_post_values._proof_1_1; module=DefiKernel.Interface.Fixtures; axioms=[propext,
 Classical.choice,
 Quot.sound]
AXIOM AUDIT theorem: DefiKernel.Interface.Fixtures.f06_region_neutral._proof_1_1; module=DefiKernel.Interface.Fixtures; axioms=[propext,
 Classical.choice,
 Quot.sound]
AXIOM AUDIT theorem: DefiKernel.Interface.Fixtures.f07_actual_execution._proof_1_1; module=DefiKernel.Interface.Fixtures; axioms=[propext,
 Classical.choice,
 Quot.sound]
AXIOM AUDIT theorem: DefiKernel.Interface.Fixtures.fixed_ghost_missing_initialization._proof_1_1; module=DefiKernel.Interface.Fixtures; axioms=[propext,
 Classical.choice,
 Quot.sound]
AXIOM AUDIT theorem: DefiKernel.Interface.Fixtures.pairedOnly.eq_1; module=DefiKernel.Interface.Fixtures; axioms=[]
AXIOM AUDIT theorem: DefiKernel.Interface.Fixtures.paired_nonzero_effects._proof_1_1; module=DefiKernel.Interface.Fixtures; axioms=[propext,
 Classical.choice,
 Quot.sound]
AXIOM AUDIT theorem: DefiKernel.Interface.Fixtures.region.eq_1; module=DefiKernel.Interface.Fixtures; axioms=[propext,
 Quot.sound]
AXIOM AUDIT theorem: DefiKernel.Interface.Fixtures.totalSupport.eq_1; module=DefiKernel.Interface.Fixtures; axioms=[]
AXIOM AUDIT theorem: DefiKernel.Interface.Fixtures.transfer_neutral._proof_1_1; module=DefiKernel.Interface.Fixtures; axioms=[propext,
 Classical.choice,
 Quot.sound]
AXIOM AUDIT theorem: DefiKernel.Interface.Region.WellFormed.eq_1; module=DefiKernel.Interface.Fixtures; axioms=[propext,
 Classical.choice,
 Quot.sound]
AXIOM AUDIT theorem: DefiKernel.Interface.Tests.duplicateRegion.eq_1; module=DefiKernel.Interface.Fixtures; axioms=[propext,
 Quot.sound]
AXIOM AUDIT theorem: DefiKernel.Interface.Tests.mixedRegion.eq_1; module=DefiKernel.Interface.Fixtures; axioms=[propext,
 Quot.sound]
AXIOM AUDIT theorem: DefiKernel.Interface.Tests.resultEq.eq_1; module=DefiKernel.Interface.Fixtures; axioms=[propext,
 Classical.choice,
 Quot.sound]
AXIOM AUDIT declaration: DefiKernel.Interface.Fixtures.edges; module=DefiKernel.Interface.Fixtures; kind=definition; axioms=[]
AXIOM AUDIT declaration: DefiKernel.Interface.Fixtures.pairedOnly; module=DefiKernel.Interface.Fixtures; kind=definition; axioms=[]
AXIOM AUDIT declaration: DefiKernel.Interface.Fixtures.region; module=DefiKernel.Interface.Fixtures; kind=definition; axioms=[propext,
 Quot.sound]
AXIOM AUDIT declaration: DefiKernel.Interface.Fixtures.totalSupport; module=DefiKernel.Interface.Fixtures; kind=definition; axioms=[]
AXIOM AUDIT declaration: DefiKernel.Interface.Fixtures.totalValue; module=DefiKernel.Interface.Fixtures; kind=definition; axioms=[propext,
 Quot.sound]
AXIOM AUDIT declaration: DefiKernel.Interface.Fixtures.transferOnly; module=DefiKernel.Interface.Fixtures; kind=definition; axioms=[]
AXIOM AUDIT DECLARATIONS PASSED: 6/6 supplemental declarations; forbidden=0
AXIOM AUDIT PASSED: 60/60 theorems; forbidden=0
