⚠ [921/929] Replayed DefiKernel.Typed.Transition
warning: DefiKernel/Typed/Transition.lean:239:20: `simp_all [throw, throwThe]` is a flexible tactic modifying `⊢`. Try `simp_all?` and use the suggested `simp_all only [...]`. Alternatively, use `suffices` to explicitly state the simplified form.

Note: This linter can be disabled with `set_option linter.flexible false`
info: DefiKernel/Typed/Transition.lean:239:20: Try this:
  [apply] simp_all only [or_false, Prod.forall, true_and]
info: DefiKernel/Typed/Transition.lean:244:6: `rename_i args`
modifies the current goal, which was modified by the flexible tactic `simp_all` on line 239!
warning: DefiKernel/Typed/Transition.lean:239:20: `simp_all [throw, throwThe]` is a flexible tactic modifying `⊢`. Try `simp_all?` and use the suggested `simp_all only [...]`. Alternatively, use `suffices` to explicitly state the simplified form.

Note: This linter can be disabled with `set_option linter.flexible false`
info: DefiKernel/Typed/Transition.lean:239:20: Try this:
  [apply] simp_all only [Option.some.injEq, false_or, Prod.forall]
info: DefiKernel/Typed/Transition.lean:244:6: `rename_i args`
modifies the current goal, which was modified by the flexible tactic `simp_all` on line 239!
ℹ [928/929] Replayed DefiKernel.Composition.InterfaceTests
info: DefiKernel/Composition/InterfaceTests.lean:125:0: interface.valid: true
interface.duplicate-component: true
interface.duplicate-output: true
interface.input-output-collision: true
interface.duplicate-export: true
interface.duplicate-import: true
interface.unknown-operation: true
interface.ambiguous-owner: true
interface.wrong-signature: true
interface.private-overlap: true
interface.private-export: true
interface.private-import: true
interface.shared-write-valid: true
interface.shared-read-valid: true
interface.import-cell: true
interface.import-domain: true
interface.import-asset: true
interface.import-rights: true
interface.output-hidden: true
interface.lookup-owner: true
interface.lookup-foreign: true
interface.private-access: true
interface.foreign-funded-kernel-control: true
interface.foreign-write: true
interface.shared-write: true
interface.readonly-write: true
interface.actual-target: true
interface.hidden-branch: true
interface.hidden-effect: true
interface.hidden-supply: true
interface.shared-read: true
interface.declared-write: true
interface.declared-read: true
interface.missing-party: true
interface.literal: true
interface.snapshot-binding: true
interface.wrong-unit: true
interface.wrong-output-unit: true
interface.unknown-port: true
interface.forward: true
interface.current-index: true
interface.unavailable: true
interface.input-count: true
interface.snapshot-exact: true
ℹ [929/929] Replayed DefiKernel.Composition.ExecutionTests
info: DefiKernel/Composition/ExecutionTests.lean:77:0: execution.catalog: true
execution.transfer.receipt.snapshots: true
execution.actor.precedes.authority: true
execution.kernel.authority: true
execution.membership: true
execution.binding.unit: true
execution.configuration: true
execution.issue.ledger.receipt: true
execution.issue.unauthorized: true
execution.revoke.ledger.receipt: true
execution.revoke.unknown: true
Build completed successfully (929 jobs).
