interface.valid: true
interface.duplicate-component: true
interface.duplicate-output: true
interface.input-output-collision: true
interface.duplicate-export: true
interface.duplicate-import: true
interface.unknown-operation: true
interface.ambiguous-owner: true
interface.wrong-signature: true
interface.private-overlap: true
interface.private-export: true
interface.private-import: true
interface.shared-write-valid: true
interface.shared-read-valid: true
interface.import-cell: true
interface.import-domain: true
interface.import-asset: true
interface.import-rights: true
interface.output-hidden: true
interface.lookup-owner: true
interface.lookup-foreign: true
interface.private-access: true
interface.foreign-funded-kernel-control: true
interface.foreign-write: true
interface.shared-write: true
interface.readonly-write: true
interface.actual-target: true
interface.hidden-branch: true
interface.hidden-effect: true
interface.hidden-supply: true
interface.shared-read: true
interface.declared-write: true
interface.declared-read: true
interface.missing-party: true
interface.literal: true
interface.snapshot-binding: true
interface.wrong-unit: true
interface.wrong-output-unit: true
interface.unknown-port: true
interface.forward: true
interface.current-index: true
interface.unavailable: true
interface.input-count: true
interface.snapshot-exact: true
