workflows.isolation.catalogs: true
workflows.isolation.private: true
workflows.isolation.shared: true
workflows.isolation.readonly: true
workflows.isolation.hidden.read: true
workflows.isolation.wrong.component: true
workflows.actor: true
workflows.configuration: true
workflows.resume.time: true
workflows.resume.time.negative: true
workflows.resume.boundary: true
workflows.catalog: true
workflows.initial.complete: true
workflows.empty: true
workflows.transfer.deposit.withdraw: true
workflows.consecutive: true
workflows.order.transfer.first: true
workflows.order.deposit.first: true
workflows.snapshot: true
workflows.output.index: true
workflows.output.unit: true
workflows.output.forward: true
workflows.output.unknown: true
workflows.first.refusal: true
workflows.admin.revocation: true
workflows.admin.live.repeat: true
workflows.resume.output: true
workflows.resume.terminal: true
workflows.frame.collateral: true
workflows.frame.unsupported.counterexample: true
