[sprint11-grok-gpt6-20260907 681362d] Archive accepted Sprint 11 OpenSpec requirements
 46 files changed, 3900 insertions(+)
 rename openspec/changes/{finite-participant-causal-composition => archive/2026-09-08-finite-participant-causal-composition}/.openspec.yaml (100%)
 rename openspec/changes/{finite-participant-causal-composition => archive/2026-09-08-finite-participant-causal-composition}/accepted-api.json (100%)
 rename openspec/changes/{finite-participant-causal-composition => archive/2026-09-08-finite-participant-causal-composition}/dependency-baseline.json (100%)
 rename openspec/changes/{finite-participant-causal-composition => archive/2026-09-08-finite-participant-causal-composition}/design.md (100%)
 rename openspec/changes/{finite-participant-causal-composition => archive/2026-09-08-finite-participant-causal-composition}/fixtures.json (100%)
 rename openspec/changes/{finite-participant-causal-composition => archive/2026-09-08-finite-participant-causal-composition}/planned-mutations.json (100%)
 rename openspec/changes/{finite-participant-causal-composition => archive/2026-09-08-finite-participant-causal-composition}/proposal.md (100%)
 rename openspec/changes/{finite-participant-causal-composition => archive/2026-09-08-finite-participant-causal-composition}/proposed-api.json (100%)
 rename openspec/changes/{finite-participant-causal-composition => archive/2026-09-08-finite-participant-causal-composition}/runner-adaptation.json (100%)
 rename openspec/changes/{finite-participant-causal-composition => archive/2026-09-08-finite-participant-causal-composition}/specs/causal-prefix-evidence/spec.md (100%)
 rename openspec/changes/{finite-participant-causal-composition => archive/2026-09-08-finite-participant-causal-composition}/specs/finite-binary-continuation-correspondence/spec.md (100%)
 rename openspec/changes/{finite-participant-causal-composition => archive/2026-09-08-finite-participant-causal-composition}/specs/finite-initialized-interference/spec.md (100%)
 rename openspec/changes/{finite-participant-causal-composition => archive/2026-09-08-finite-participant-causal-composition}/specs/finite-participant-execution/spec.md (100%)
 rename openspec/changes/{finite-participant-causal-composition => archive/2026-09-08-finite-participant-causal-composition}/specs/finite-participant-regression-evidence/spec.md (100%)
 rename openspec/changes/{finite-participant-causal-composition => archive/2026-09-08-finite-participant-causal-composition}/tasks.md (100%)
 create mode 100644 openspec/specs/causal-prefix-evidence/spec.md
 create mode 100644 openspec/specs/finite-binary-continuation-correspondence/spec.md
 create mode 100644 openspec/specs/finite-initialized-interference/spec.md
 create mode 100644 openspec/specs/finite-participant-execution/spec.md
 create mode 100644 openspec/specs/finite-participant-regression-evidence/spec.md
 create mode 100644 review/semantic-kernel/sprint11/archive-action.json
 create mode 100644 review/semantic-kernel/sprint11/archive-action.stderr
 create mode 100644 review/semantic-kernel/sprint11/archive-action.stdout
 create mode 100644 review/semantic-kernel/sprint11/archive-integrity-r1.json
 create mode 100644 review/semantic-kernel/sprint11/archive-validation.json
 create mode 100644 review/semantic-kernel/sprint11/archive-validation.stderr
 create mode 100644 review/semantic-kernel/sprint11/archive-validation.stdout
 create mode 100644 review/semantic-kernel/sprint11/delivery.json
 create mode 100644 review/semantic-kernel/sprint11/implementation/delivery-preparation/prepush-ancestry.json
 create mode 100644 review/semantic-kernel/sprint11/implementation/delivery-preparation/prepush-ancestry.stderr
 create mode 100644 review/semantic-kernel/sprint11/implementation/delivery-preparation/prepush-ancestry.stdout
 create mode 100644 review/semantic-kernel/sprint11/implementation/delivery-preparation/prepush-fetch.json
 create mode 100644 review/semantic-kernel/sprint11/implementation/delivery-preparation/prepush-fetch.stderr
 create mode 100644 review/semantic-kernel/sprint11/implementation/delivery-preparation/prepush-fetch.stdout
 create mode 100644 review/semantic-kernel/sprint11/implementation/delivery-preparation/source-delivery-fetch.json
 create mode 100644 review/semantic-kernel/sprint11/implementation/delivery-preparation/source-delivery-fetch.stderr
 create mode 100644 review/semantic-kernel/sprint11/implementation/delivery-preparation/source-delivery-fetch.stdout
 create mode 100644 review/semantic-kernel/sprint11/implementation/delivery-preparation/source-delivery-readback.json
 create mode 100644 review/semantic-kernel/sprint11/implementation/delivery-preparation/source-delivery-readback.stderr
 create mode 100644 review/semantic-kernel/sprint11/implementation/delivery-preparation/source-delivery-readback.stdout
 create mode 100644 review/semantic-kernel/sprint11/implementation/delivery-preparation/source-evidence-commit.json
 create mode 100644 review/semantic-kernel/sprint11/implementation/delivery-preparation/source-evidence-commit.stderr
 create mode 100644 review/semantic-kernel/sprint11/implementation/delivery-preparation/source-evidence-commit.stdout
 create mode 100644 review/semantic-kernel/sprint11/implementation/delivery-preparation/source-evidence-push.json
 create mode 100644 review/semantic-kernel/sprint11/implementation/delivery-preparation/source-evidence-push.stderr
 create mode 100644 review/semantic-kernel/sprint11/implementation/delivery-preparation/source-evidence-push.stdout
