[sprint11-grok-gpt6-20260907 0c9cc3a] Record verified Sprint 11 delivery and complete all tasks
 26 files changed, 642 insertions(+), 33 deletions(-)
 create mode 100644 review/semantic-kernel/sprint11/archive-delivery.json
 create mode 100644 review/semantic-kernel/sprint11/archive-task-validation-r2.json
 create mode 100644 review/semantic-kernel/sprint11/archive-task-validation-r2.stderr
 create mode 100644 review/semantic-kernel/sprint11/archive-task-validation-r2.stdout
 create mode 100644 review/semantic-kernel/sprint11/archive-task-validation.json
 create mode 100644 review/semantic-kernel/sprint11/archive-task-validation.stderr
 create mode 100644 review/semantic-kernel/sprint11/archive-task-validation.stdout
 create mode 100644 review/semantic-kernel/sprint11/implementation/delivery-preparation/archive-commit.json
 create mode 100644 review/semantic-kernel/sprint11/implementation/delivery-preparation/archive-commit.stderr
 create mode 100644 review/semantic-kernel/sprint11/implementation/delivery-preparation/archive-commit.stdout
 create mode 100644 review/semantic-kernel/sprint11/implementation/delivery-preparation/archive-fetch.json
 create mode 100644 review/semantic-kernel/sprint11/implementation/delivery-preparation/archive-fetch.stderr
 create mode 100644 review/semantic-kernel/sprint11/implementation/delivery-preparation/archive-fetch.stdout
 create mode 100644 review/semantic-kernel/sprint11/implementation/delivery-preparation/archive-push.json
 create mode 100644 review/semantic-kernel/sprint11/implementation/delivery-preparation/archive-push.stderr
 create mode 100644 review/semantic-kernel/sprint11/implementation/delivery-preparation/archive-push.stdout
 create mode 100644 review/semantic-kernel/sprint11/implementation/delivery-preparation/archive-readback.json
 create mode 100644 review/semantic-kernel/sprint11/implementation/delivery-preparation/archive-readback.stderr
 create mode 100644 review/semantic-kernel/sprint11/implementation/delivery-preparation/archive-readback.stdout
 create mode 100644 review/semantic-kernel/sprint11/post-delivery-document-transition.json
