interleaving.schedule.balanced: true
interleaving.schedule.block-left: true
interleaving.schedule.block-right: true
interleaving.schedule.empty: true
interleaving.schedule.empty-left: true
interleaving.schedule.empty-right: true
interleaving.schedule.missing-right: true
interleaving.schedule.missing-left: true
interleaving.schedule.excess-left: true
interleaving.schedule.excess-right: true
interleaving.schedule.empty-extra-left: true
interleaving.schedule.empty-extra-right: true
interleaving.schedule.both-wrong-counts: true
interleaving.schedule.disjoint-admitted: true
interleaving.schedule.overlap-admitted: true
interleaving.schedule.overlap-left-funded: true
interleaving.schedule.overlap-right-funded: true
interleaving.schedule.unreachable-left-suffix: true
interleaving.schedule.unreachable-right-suffix: true
interleaving.schedule.precedence-configuration: true
interleaving.schedule.precedence-left: true
interleaving.schedule.precedence-right: true
interleaving.schedule.precedence-counts: true
interleaving.schedule.empty-admitted: true
interleaving.fixture.snapshot.both.own: false
interleaving.fixture.shared.lr: false
interleaving.fixture.shared.rl: false
interleaving.fixture.shared.order: true
interleaving.fixture.shared.attempts: false
interleaving.fixture.replenish.funded: false
interleaving.fixture.replenish.halted: true
interleaving.fixture.replenish.attempts: true
interleaving.fixture.live.complete: false
interleaving.fixture.snapshot.own: false
interleaving.fixture.snapshot.distinct: false
interleaving.fixture.history.peer.only: false
interleaving.fixture.history.funded.literal: false
interleaving.fixture.history.own: false
interleaving.fixture.refusal.immediate: false
interleaving.fixture.refusal.middle: false
interleaving.fixture.refusal.dual: false
interleaving.fixture.refusal.skips: false
interleaving.fixture.empty.both: true
interleaving.fixture.empty.left: true
interleaving.fixture.empty.right: true
interleaving.fixture.supply.complete: false
interleaving.fixture.supply.aggregate: true
interleaving.fixture.collateral.protected: true
interleaving.fixture.boundary.local: false
interleaving.fixture.capability.revoked: true
interleaving.fixture.capability.live: false
interleaving.fixture.capability.unauthorized: true
interleaving.fixture.capability.debit: true
interleaving.fixture.history.unit: true
interleaving.fixture.malformed.suffix: true
interleaving.fixture.malformed.schedule: true
interleaving.fixture.disjoint.llrr.complete: false
interleaving.fixture.disjoint.llrr.parallel: false
interleaving.fixture.disjoint.llrr.refused.complete: false
interleaving.fixture.disjoint.llrr.refused.parallel: false
interleaving.fixture.disjoint.lrlr.complete: false
interleaving.fixture.disjoint.lrlr.parallel: false
interleaving.fixture.disjoint.lrlr.refused.complete: false
interleaving.fixture.disjoint.lrlr.refused.parallel: false
interleaving.fixture.disjoint.lrrl.complete: false
interleaving.fixture.disjoint.lrrl.parallel: false
interleaving.fixture.disjoint.lrrl.refused.complete: false
interleaving.fixture.disjoint.lrrl.refused.parallel: false
interleaving.fixture.disjoint.rllr.complete: false
interleaving.fixture.disjoint.rllr.parallel: false
interleaving.fixture.disjoint.rllr.refused.complete: false
interleaving.fixture.disjoint.rllr.refused.parallel: false
interleaving.fixture.disjoint.rlrl.complete: false
interleaving.fixture.disjoint.rlrl.parallel: false
interleaving.fixture.disjoint.rlrl.refused.complete: false
interleaving.fixture.disjoint.rlrl.refused.parallel: false
interleaving.fixture.disjoint.rrll.complete: false
interleaving.fixture.disjoint.rrll.parallel: false
interleaving.fixture.disjoint.rrll.refused.complete: false
interleaving.fixture.disjoint.rrll.refused.parallel: false
interleaving.observe.equal: true
interleaving.observe.failure: true
interleaving.observe.failure.reason: true
interleaving.observe.failure.index: true
interleaving.observe.failure.step: true
interleaving.observe.failure.equal: true
interleaving.observe.successful.index: true
interleaving.observe.history: true
interleaving.observe.events: true
interleaving.observe.peer: true
interleaving.observe.event.index: true
interleaving.observe.event.step: true
interleaving.observe.event.outputs: true
interleaving.observe.output.unit: true
interleaving.observe.output.value: true
interleaving.observe.output.producer: true
interleaving.observe.output.component: true
interleaving.observe.output.port: true
interleaving.observe.ledger: true
interleaving.observe.store: true
interleaving.observe.omitted.context: true
interleaving.observe.receipt.kind: true
interleaving.observe.receipt.request: true
interleaving.observe.receipt.guard: true
interleaving.observe.receipt.deltas: true
interleaving.observe.receipt.supplies: true
interleaving.observe.receipt.required.state: true
interleaving.observe.receipt.required.env: true
interleaving.observe.receipt.declared.state: true
interleaving.observe.receipt.declared.env: true
interleaving.observe.receipt.writes: true
interleaving.observe.request.operation: true
interleaving.observe.request.parties: true
interleaving.observe.request.arguments: true
interleaving.observe.request.capabilities: true
interleaving.observe.request.actor: true
/tmp/defiformal-sprint8-regressions-6k8xcda_/interleaving-mutations/stale-initial-world.lean:4124:0: error: Interleaving runtime comparisons failed: 42
