PASS: 1617 saved evidence assertions
{
  "typed-mutations": {
    "mutants_detected": 24,
    "comparisons_each": 189,
    "protected_positives_each": 3
  },
  "composition-mutations": {
    "mutants_detected": 12,
    "comparisons_each": 93,
    "protected_positives_each": 6
  },
  "parallel-mutations": {
    "mutants_detected": 14,
    "comparisons_each": 131,
    "protected_positives_each": 5
  },
  "composition-runner-controls": {
    "passed": 36,
    "total": 36,
    "kind": "actual CLI classifications"
  },
  "typed-runner-controls": {
    "passed": 17,
    "total": 17,
    "kind": "actual CLI classifications"
  },
  "parallel-runner-controls": {
    "passed": 45,
    "total": 45,
    "kind": "actual CLI classifications"
  },
  "axiom-controls": {
    "passed": 99,
    "total": 99,
    "kind": "audit behavioral controls"
  },
  "typing-controls": {
    "executed_positive": 1,
    "expected_compiler_type_errors": 3,
    "financial_counterexamples": 0
  },
  "corpus-controls": {
    "tests_passed": 20,
    "observed_cli_invocations": 76
  }
}
