{
  "probe": "p26-source-identity",
  "started_utc": "2026-09-10T21:52:02.295850+00:00",
  "sandbox": "/home/charl/.cache/defiformal-program/program-execution-20260908/p26-source-grok-r1-sandbox",
  "historical_cache_path_not_followed": "/home/charl/.cache/defiformal-program/program-execution-20260908/p26-ibc-source/8a7d8134b7f7cedb3a2809ad3797717f38e44293.tar.gz",
  "live_defiformal_not_followed": "/home/charl/defiformal",
  "archive_resolved_to": "/home/charl/.cache/defiformal-program/program-execution-20260908/p26-source-grok-r1-sandbox/source-archives/ibc-go.tar.gz",
  "checks": [
    {
      "name": "prep_root_seal_count",
      "passed": true,
      "detail": 44
    },
    {
      "name": "prep_root_seal_hashes",
      "passed": true,
      "detail": {
        "verified": 44
      }
    },
    {
      "name": "prep_root_seal_acceptance_flags",
      "passed": true,
      "detail": false
    },
    {
      "name": "manifest_count",
      "passed": true,
      "detail": 33
    },
    {
      "name": "manifest_commit_tree",
      "passed": true,
      "detail": {
        "commit": "8a7d8134b7f7cedb3a2809ad3797717f38e44293",
        "tree": "d9c9af96ebb809bf6eab6bd6c93989ec86dc71a8"
      }
    },
    {
      "name": "manifest_import_closure",
      "passed": true,
      "detail": false
    },
    {
      "name": "manifest_execution_flags",
      "passed": true,
      "detail": false
    },
    {
      "name": "manifest_acceptance_flags",
      "passed": true,
      "detail": false
    },
    {
      "name": "manifest_archive_regular_members_claim",
      "passed": true,
      "detail": 1890
    },
    {
      "name": "unexecuted_reference_tests",
      "passed": true,
      "detail": [
        "modules/core/04-channel/keeper/packet_test.go",
        "modules/core/04-channel/keeper/timeout_test.go",
        "modules/apps/transfer/keeper/relay_test.go",
        "modules/light-clients/07-tendermint/misbehaviour_handle_test.go"
      ]
    },
    {
      "name": "commit_json_sha",
      "passed": true,
      "detail": "8a7d8134b7f7cedb3a2809ad3797717f38e44293"
    },
    {
      "name": "tree_json_sha",
      "passed": true,
      "detail": "d9c9af96ebb809bf6eab6bd6c93989ec86dc71a8"
    },
    {
      "name": "tree_not_truncated",
      "passed": true,
      "detail": false
    },
    {
      "name": "commit_http_status",
      "passed": true,
      "detail": 200
    },
    {
      "name": "commit_http_body_hash",
      "passed": true,
      "detail": "cc9ffbce19d538c88b42691c7a24d60f921a5f9695b33c4ff3a330cdd388b730"
    },
    {
      "name": "tree_http_status",
      "passed": true,
      "detail": 200
    },
    {
      "name": "tree_http_body_hash",
      "passed": true,
      "detail": "fd49051b75a6e4cff71860662363a943b121905c445679f45e83ee73d724f004"
    },
    {
      "name": "archive_http_status",
      "passed": true,
      "detail": 200
    },
    {
      "name": "archive_sha256",
      "passed": true,
      "detail": "19bb3a2a613695e843c9534fa8cae44aa3b8ccfd0fb20c92cc6df8280abf8f9e"
    },
    {
      "name": "archive_size",
      "passed": true,
      "detail": 26505290
    },
    {
      "name": "historical_cache_path_record_remapped",
      "passed": true,
      "detail": {
        "recorded": "/home/charl/.cache/defiformal-program/program-execution-20260908/p26-ibc-source/8a7d8134b7f7cedb3a2809ad3797717f38e44293.tar.gz",
        "resolved": "/home/charl/.cache/defiformal-program/program-execution-20260908/p26-source-grok-r1-sandbox/source-archives/ibc-go.tar.gz",
        "followed_live": false
      }
    },
    {
      "name": "archive_published_flag",
      "passed": true,
      "detail": false
    },
    {
      "name": "archive_regular_members",
      "passed": true,
      "detail": 1890
    },
    {
      "name": "selected_source_bytes",
      "passed": true,
      "detail": 33
    },
    {
      "name": "selected_git_blobs",
      "passed": true,
      "detail": 33
    },
    {
      "name": "selected_archive_members",
      "passed": true,
      "detail": 33
    },
    {
      "name": "anchor_count",
      "passed": true,
      "detail": 15
    },
    {
      "name": "navigation_acceptance",
      "passed": true,
      "detail": false
    },
    {
      "name": "anchors",
      "passed": true,
      "detail": [
        {
          "id": "receive-proof",
          "matching_lines": [
            154
          ]
        },
        {
          "id": "stale-lifecycle-replay",
          "matching_lines": [
            191,
            288
          ]
        },
        {
          "id": "ordinary-replay",
          "matching_lines": [
            205,
            229
          ]
        },
        {
          "id": "receive-noop-api",
          "matching_lines": [
            441
          ]
        },
        {
          "id": "ack-noop-api",
          "matching_lines": [
            605
          ]
        },
        {
          "id": "timeout-noop-api",
          "matching_lines": [
            505
          ]
        },
        {
          "id": "timeout-maturity",
          "matching_lines": [
            70
          ]
        },
        {
          "id": "timeout-nonreceipt",
          "matching_lines": [
            107,
            246
          ]
        },
        {
          "id": "ack-consumes-commitment",
          "matching_lines": [
            437
          ]
        },
        {
          "id": "timeout-consumes-commitment",
          "matching_lines": [
            135
          ]
        },
        {
          "id": "refund-callback",
          "matching_lines": [
            242
          ]
        },
        {
          "id": "refund-authority-guard",
          "matching_lines": [
            63,
            261
          ]
        },
        {
          "id": "refund-asset-origin",
          "matching_lines": [
            82,
            156,
            277
          ]
        },
        {
          "id": "verified-misbehaviour",
          "matching_lines": [
            66
          ]
        },
        {
          "id": "freeze-state",
          "matching_lines": [
            214
          ]
        }
      ]
    },
    {
      "name": "altered_byte_control",
      "passed": true,
      "detail": {
        "scope": "Same verify_bytes function used for intact files and one altered in-memory packet.go byte string. No source file was modified.",
        "intact_sources_accepted": 33,
        "altered_source_rejected": true,
        "error": "source byte identity mismatch",
        "source_file_unmodified": true
      }
    },
    {
      "name": "go_mod_declarations_source_only",
      "passed": true,
      "detail": {
        "declarations": {
          "module": "github.com/cosmos/ibc-go/v11",
          "go": "1.26.5",
          "cosmos_sdk": "v0.55.0",
          "cometbft": "v0.40.0"
        },
        "installed_runtime_identities": false
      }
    },
    {
      "name": "root_verifier_seal_count",
      "passed": true,
      "detail": 5
    },
    {
      "name": "root_verifier_seal_hashes",
      "passed": true,
      "detail": [
        "assessment.json",
        "command.json",
        "stderr",
        "stdout",
        "verify.py"
      ]
    },
    {
      "name": "root_verifier_acceptance",
      "passed": true,
      "detail": false
    },
    {
      "name": "root_command_bindings",
      "passed": true,
      "detail": {
        "argv": [
          "/usr/bin/python3",
          "/tmp/defiformal-p26-ibc-root-verify.py"
        ],
        "cwd": "/home/charl/defiformal",
        "exit": 0,
        "script_sha256": "ac968c43120ba199b7f8bf66581010b670e05d663848a361c22ae216542613f9",
        "stdout_sha256": "3249f80a41fdecb92a133e01eff62567a7e9ed5b39f36cd50b97e55273f6f75f",
        "stderr_sha256": "e3b0c44298fc1c149afbf4c8996fb92427ae41e4649b934ca495991b7852b855"
      }
    },
    {
      "name": "root_assessment_stdout_equality",
      "passed": true,
      "detail": true
    },
    {
      "name": "root_assessment_flags",
      "passed": true,
      "detail": {
        "packet_bindings_verified": 44,
        "selected_source_files_verified": 33,
        "static_anchor_bindings_verified": 15,
        "archive_regular_members": 1890,
        "selected_git_blobs_verified": 33,
        "source_execution": false,
        "Go_tests_executed": false,
        "proof_credit": false,
        "P26_accepted": false,
        "P29_accepted": false
      }
    },
    {
      "name": "root_assessment_control",
      "passed": true,
      "detail": {
        "altered_source_rejected": true,
        "error": "source byte identity mismatch",
        "independent_reproduction": {
          "scope": "Same verify_bytes function used for intact files and one altered in-memory packet.go byte string. No source file was modified.",
          "intact_sources_accepted": 33,
          "altered_source_rejected": true,
          "error": "source byte identity mismatch",
          "source_file_unmodified": true
        }
      }
    }
  ],
  "failures": [],
  "control": {
    "scope": "Same verify_bytes function used for intact files and one altered in-memory packet.go byte string. No source file was modified.",
    "intact_sources_accepted": 33,
    "altered_source_rejected": true,
    "error": "source byte identity mismatch",
    "source_file_unmodified": true
  },
  "source_execution": false,
  "Go_tests_executed": false,
  "Makefile_executed": false,
  "capture_scripts_executed": false,
  "network": false,
  "import_closure_claimed": false,
  "P26_accepted": false,
  "P29_accepted": false,
  "anchor_hits": [
    {
      "id": "receive-proof",
      "path": "source/modules/core/04-channel/keeper/packet.go",
      "matching_lines": [
        154
      ],
      "claimed_lines": [
        154
      ],
      "sha256": "188bff21bc47df452af40b8c6e55ea5470017691e74d3788a2933c3e16074ab4",
      "proof_or_execution": false
    },
    {
      "id": "stale-lifecycle-replay",
      "path": "source/modules/core/04-channel/keeper/packet.go",
      "matching_lines": [
        191,
        288
      ],
      "claimed_lines": [
        191,
        288
      ],
      "sha256": "188bff21bc47df452af40b8c6e55ea5470017691e74d3788a2933c3e16074ab4",
      "proof_or_execution": false
    },
    {
      "id": "ordinary-replay",
      "path": "source/modules/core/04-channel/keeper/packet.go",
      "matching_lines": [
        205,
        229
      ],
      "claimed_lines": [
        205,
        229
      ],
      "sha256": "188bff21bc47df452af40b8c6e55ea5470017691e74d3788a2933c3e16074ab4",
      "proof_or_execution": false
    },
    {
      "id": "receive-noop-api",
      "path": "source/modules/core/keeper/msg_server.go",
      "matching_lines": [
        441
      ],
      "claimed_lines": [
        441
      ],
      "sha256": "3087d19be849334adbb77d54842e3ba97536ce03d52f45b1e5d1b233c9d036fa",
      "proof_or_execution": false
    },
    {
      "id": "ack-noop-api",
      "path": "source/modules/core/keeper/msg_server.go",
      "matching_lines": [
        605
      ],
      "claimed_lines": [
        605
      ],
      "sha256": "3087d19be849334adbb77d54842e3ba97536ce03d52f45b1e5d1b233c9d036fa",
      "proof_or_execution": false
    },
    {
      "id": "timeout-noop-api",
      "path": "source/modules/core/keeper/msg_server.go",
      "matching_lines": [
        505
      ],
      "claimed_lines": [
        505
      ],
      "sha256": "3087d19be849334adbb77d54842e3ba97536ce03d52f45b1e5d1b233c9d036fa",
      "proof_or_execution": false
    },
    {
      "id": "timeout-maturity",
      "path": "source/modules/core/04-channel/keeper/timeout.go",
      "matching_lines": [
        70
      ],
      "claimed_lines": [
        70
      ],
      "sha256": "82416c98d927d48ab80c54f4ba70348c005a99ea87233128882509787d1b1383",
      "proof_or_execution": false
    },
    {
      "id": "timeout-nonreceipt",
      "path": "source/modules/core/04-channel/keeper/timeout.go",
      "matching_lines": [
        107,
        246
      ],
      "claimed_lines": [
        107,
        246
      ],
      "sha256": "82416c98d927d48ab80c54f4ba70348c005a99ea87233128882509787d1b1383",
      "proof_or_execution": false
    },
    {
      "id": "ack-consumes-commitment",
      "path": "source/modules/core/04-channel/keeper/packet.go",
      "matching_lines": [
        437
      ],
      "claimed_lines": [
        437
      ],
      "sha256": "188bff21bc47df452af40b8c6e55ea5470017691e74d3788a2933c3e16074ab4",
      "proof_or_execution": false
    },
    {
      "id": "timeout-consumes-commitment",
      "path": "source/modules/core/04-channel/keeper/timeout.go",
      "matching_lines": [
        135
      ],
      "claimed_lines": [
        135
      ],
      "sha256": "82416c98d927d48ab80c54f4ba70348c005a99ea87233128882509787d1b1383",
      "proof_or_execution": false
    },
    {
      "id": "refund-callback",
      "path": "source/modules/apps/transfer/keeper/relay.go",
      "matching_lines": [
        242
      ],
      "claimed_lines": [
        242
      ],
      "sha256": "198646bb57220f642f77cfd9caf9aa192930a473bb46b62ca691a14477a429b0",
      "proof_or_execution": false
    },
    {
      "id": "refund-authority-guard",
      "path": "source/modules/apps/transfer/keeper/relay.go",
      "matching_lines": [
        63,
        261
      ],
      "claimed_lines": [
        63,
        261
      ],
      "sha256": "198646bb57220f642f77cfd9caf9aa192930a473bb46b62ca691a14477a429b0",
      "proof_or_execution": false
    },
    {
      "id": "refund-asset-origin",
      "path": "source/modules/apps/transfer/keeper/relay.go",
      "matching_lines": [
        82,
        156,
        277
      ],
      "claimed_lines": [
        82,
        156,
        277
      ],
      "sha256": "198646bb57220f642f77cfd9caf9aa192930a473bb46b62ca691a14477a429b0",
      "proof_or_execution": false
    },
    {
      "id": "verified-misbehaviour",
      "path": "source/modules/core/02-client/keeper/client.go",
      "matching_lines": [
        66
      ],
      "claimed_lines": [
        66
      ],
      "sha256": "2c98f70f08868aa4a67425b75f47680b7b1f6ee5e2a906b81878363f7e54e808",
      "proof_or_execution": false
    },
    {
      "id": "freeze-state",
      "path": "source/modules/light-clients/07-tendermint/update.go",
      "matching_lines": [
        214
      ],
      "claimed_lines": [
        214
      ],
      "sha256": "b1503bf8290f41c5d4b621a65914ca67b7d82e3e135668c1fe35206e4f537038",
      "proof_or_execution": false
    }
  ],
  "runtime_not_probed": {
    "go": false,
    "ibc_go": false,
    "cosmos_sdk": false,
    "cometbft": false,
    "reason": "Source declarations only. This probe does not install modules or execute Go."
  },
  "live_path_follow_attempts": 0,
  "passed": true,
  "check_count": 38,
  "failure_count": 0,
  "finished_utc": "2026-09-10T21:52:03.478418+00:00"
}
