["n=4095;bytes=8197;scan=ok;parse=ok;decode=DefiKernel.Certificates.DecodeFailure.schemaVersion;jsonMaxArray=4095",
  "n=4096;bytes=8199;scan=ok;parse=ok;decode=DefiKernel.Certificates.DecodeFailure.schemaVersion;jsonMaxArray=4096",
  "n=4097;bytes=8201;scan=ok;parse=DefiKernel.Certificates.DecodeFailure.resourceLimit \"max_array_length\";decode=DefiKernel.Certificates.DecodeFailure.resourceLimit \"max_array_length\";jsonMaxArray=0"]
"toplevelArr4097;scan=DefiKernel.Certificates.DecodeFailure.notJsonObject;parse=DefiKernel.Certificates.DecodeFailure.resourceLimit \"max_array_length\";decode=DefiKernel.Certificates.DecodeFailure.notJsonObject"
["raw={\"k\":[]};scan=ok;parse=ok;decode=DefiKernel.Certificates.DecodeFailure.schemaVersion",
  "raw={\"k\":[1]};scan=ok;parse=ok;decode=DefiKernel.Certificates.DecodeFailure.schemaVersion"]
["raw={\"a\":\"\\x\"};scan=ok;parse=DefiKernel.Certificates.DecodeFailure.notJsonObject;decode=DefiKernel.Certificates.DecodeFailure.notJsonObject",
  "raw={\"a\":\"\\u00\"};scan=ok;parse=DefiKernel.Certificates.DecodeFailure.notJsonObject;decode=DefiKernel.Certificates.DecodeFailure.notJsonObject",
  "raw={\"a\":\"\\u00zz\"};scan=ok;parse=DefiKernel.Certificates.DecodeFailure.notJsonObject;decode=DefiKernel.Certificates.DecodeFailure.notJsonObject",
  "raw={\"a\":\"unterminated;scan=ok;parse=DefiKernel.Certificates.DecodeFailure.notJsonObject;decode=DefiKernel.Certificates.DecodeFailure.notJsonObject",
  "raw={\"a\":\"\n\"};scan=ok;parse=DefiKernel.Certificates.DecodeFailure.notJsonObject;decode=DefiKernel.Certificates.DecodeFailure.notJsonObject",
  "raw={\"a\":\"\\u000a\"};scan=ok;parse=ok;decode=DefiKernel.Certificates.DecodeFailure.schemaVersion"]
["oversize;size=1048577;scan=DefiKernel.Certificates.DecodeFailure.resourceLimit \"maxBytes\";decode=DefiKernel.Certificates.DecodeFailure.resourceLimit \"maxBytes\"",
  "empty;scan=DefiKernel.Certificates.DecodeFailure.emptyDocument;decode=DefiKernel.Certificates.DecodeFailure.emptyDocument",
  "spaces;scan=DefiKernel.Certificates.DecodeFailure.emptyDocument;decode=DefiKernel.Certificates.DecodeFailure.emptyDocument",
  "topArr;scan=DefiKernel.Certificates.DecodeFailure.notJsonObject;parse=ok;decode=DefiKernel.Certificates.DecodeFailure.notJsonObject",
  "true;scan=DefiKernel.Certificates.DecodeFailure.notJsonObject;decode=DefiKernel.Certificates.DecodeFailure.notJsonObject",
  "sci;scan=DefiKernel.Certificates.DecodeFailure.lexicalScientificOrFloat;parse=DefiKernel.Certificates.DecodeFailure.notJsonObject;decode=DefiKernel.Certificates.DecodeFailure.lexicalScientificOrFloat",
  "ws;scan=DefiKernel.Certificates.DecodeFailure.noncanonicalWhitespace;parse=ok;decode=DefiKernel.Certificates.DecodeFailure.noncanonicalWhitespace",
  "badUtf;scan=DefiKernel.Certificates.DecodeFailure.jsonType \"utf8\";decode=DefiKernel.Certificates.DecodeFailure.jsonType \"utf8\""]
