.github/workflows/test.yml
.gitignore
.gitmodules
LICENSE
README.md
audit/20240926-cantina-report-maker-susds.pdf
audit/20240930-ChainSecurity_MakerDAO_Savings_USDS_audit.pdf
deploy/SUsdsDeploy.sol
deploy/SUsdsInit.sol
deploy/SUsdsInstance.sol
deploy/l2/SUsdsDeploy.sol
foundry.toml
lib/erc4626-tests
lib/openzeppelin-contracts-upgradeable
lib/openzeppelin-foundry-upgrades
lib/token-tests
remappings.txt
src/ISUsds.sol
src/SUsds.sol
src/l2/SUsds.sol
test/SUsds-erc4626.t.sol
test/SUsds-integration.t.sol
test/SUsds-invariants.t.sol
test/l2/SUsds.t.sol
test/mocks/UsdsJoinMock.sol
test/mocks/UsdsMock.sol
test/mocks/VatMock.sol
