AXIOM AUDIT scope: imported module prefix DefiKernel.Interleaving; modules=[DefiKernel.Interleaving.Schedule,
 DefiKernel.Interleaving.ScheduleTests,
 DefiKernel.Interleaving.Execution,
 DefiKernel.Interleaving.Examples,
 DefiKernel.Interleaving.Tests,
 DefiKernel.Interleaving.Audit,
 DefiKernel.Interleaving.Soundness,
 DefiKernel.Interleaving.LocalOrder,
 DefiKernel.Interleaving.Trace,
 DefiKernel.Interleaving.Preservation,
 DefiKernel.Interleaving.Interference,
 DefiKernel.Interleaving.InterferenceFixtures,
 DefiKernel.Interleaving.Recovery.Reference,
 DefiKernel.Interleaving.Recovery.Step,
 DefiKernel.Interleaving.Recovery.Simulation,
 DefiKernel.Interleaving.Recovery]
AXIOM AUDIT theorem: DefiKernel.Interleaving.accept_world; module=DefiKernel.Interleaving.Soundness; axioms=[propext,
 Quot.sound]
AXIOM AUDIT theorem: DefiKernel.Interleaving.admit_left_member; module=DefiKernel.Interleaving.Schedule; axioms=[propext,
 Classical.choice,
 Quot.sound]
AXIOM AUDIT theorem: DefiKernel.Interleaving.admit_of_checks; module=DefiKernel.Interleaving.Schedule; axioms=[propext]
AXIOM AUDIT theorem: DefiKernel.Interleaving.admit_of_parallel; module=DefiKernel.Interleaving.Schedule; axioms=[propext,
 Quot.sound]
AXIOM AUDIT theorem: DefiKernel.Interleaving.admit_ok; module=DefiKernel.Interleaving.Schedule; axioms=[propext,
 Classical.choice,
 Quot.sound]
AXIOM AUDIT theorem: DefiKernel.Interleaving.admit_right_member; module=DefiKernel.Interleaving.Schedule; axioms=[propext,
 Classical.choice,
 Quot.sound]
AXIOM AUDIT theorem: DefiKernel.Interleaving.advance_consumed; module=DefiKernel.Interleaving.Soundness; axioms=[propext,
 Classical.choice,
 Quot.sound]
AXIOM AUDIT theorem: DefiKernel.Interleaving.advance_refusal_stable; module=DefiKernel.Interleaving.Trace; axioms=[propext,
 Classical.choice,
 Quot.sound]
AXIOM AUDIT theorem: DefiKernel.Interleaving.advance_sound; module=DefiKernel.Interleaving.Soundness; axioms=[propext,
 Classical.choice,
 Quot.sound]
AXIOM AUDIT theorem: DefiKernel.Interleaving.analyzed_selected; module=DefiKernel.Interleaving.Preservation; axioms=[propext]
AXIOM AUDIT theorem: DefiKernel.Interleaving.checkSchedule_error_iff; module=DefiKernel.Interleaving.Schedule; axioms=[propext]
AXIOM AUDIT theorem: DefiKernel.Interleaving.checkSchedule_ok_iff; module=DefiKernel.Interleaving.Schedule; axioms=[propext,
 Classical.choice,
 Quot.sound]
AXIOM AUDIT theorem: DefiKernel.Interleaving.complete_blockLR; module=DefiKernel.Interleaving.Recovery; axioms=[propext,
 Quot.sound]
AXIOM AUDIT theorem: DefiKernel.Interleaving.complete_blockRL; module=DefiKernel.Interleaving.Recovery; axioms=[propext,
 Quot.sound]
AXIOM AUDIT theorem: DefiKernel.Interleaving.complete_empty_iff; module=DefiKernel.Interleaving.Schedule; axioms=[propext,
 Quot.sound]
AXIOM AUDIT theorem: DefiKernel.Interleaving.complete_left_cons_iff; module=DefiKernel.Interleaving.Schedule; axioms=[propext]
AXIOM AUDIT theorem: DefiKernel.Interleaving.complete_right_cons_iff; module=DefiKernel.Interleaving.Schedule; axioms=[propext]
AXIOM AUDIT theorem: DefiKernel.Interleaving.continueRun_append; module=DefiKernel.Interleaving.Execution; axioms=[propext,
 Classical.choice,
 Quot.sound]
AXIOM AUDIT theorem: DefiKernel.Interleaving.continueRun_consumed; module=DefiKernel.Interleaving.Soundness; axioms=[propext,
 Classical.choice,
 Quot.sound]
AXIOM AUDIT theorem: DefiKernel.Interleaving.continueRun_reachable; module=DefiKernel.Interleaving.Soundness; axioms=[propext,
 Classical.choice,
 Quot.sound]
AXIOM AUDIT theorem: DefiKernel.Interleaving.continueRun_refusal_stable; module=DefiKernel.Interleaving.Trace; axioms=[propext,
 Classical.choice,
 Quot.sound]
AXIOM AUDIT theorem: DefiKernel.Interleaving.count_append; module=DefiKernel.Interleaving.Schedule; axioms=[propext]
AXIOM AUDIT theorem: DefiKernel.Interleaving.count_left_cons; module=DefiKernel.Interleaving.Schedule; axioms=[propext]
AXIOM AUDIT theorem: DefiKernel.Interleaving.count_right_cons; module=DefiKernel.Interleaving.Schedule; axioms=[propext]
AXIOM AUDIT theorem: DefiKernel.Interleaving.count_sum_length; module=DefiKernel.Interleaving.Schedule; axioms=[propext,
 Quot.sound]
AXIOM AUDIT theorem: DefiKernel.Interleaving.every_prefix_two_invariants; module=DefiKernel.Interleaving.Interference; axioms=[propext,
 Classical.choice,
 Quot.sound]
AXIOM AUDIT theorem: DefiKernel.Interleaving.local_setLocal; module=DefiKernel.Interleaving.Execution; axioms=[propext,
 Quot.sound]
AXIOM AUDIT theorem: DefiKernel.Interleaving.matchesParallel_iff; module=DefiKernel.Interleaving.Execution; axioms=[propext,
 Classical.choice,
 Quot.sound]
AXIOM AUDIT theorem: DefiKernel.Interleaving.matchesParallel_transport; module=DefiKernel.Interleaving.Recovery; axioms=[propext,
 Classical.choice,
 Quot.sound]
AXIOM AUDIT theorem: DefiKernel.Interleaving.observe_toCursor; module=DefiKernel.Interleaving.Execution; axioms=[propext,
 Quot.sound]
AXIOM AUDIT theorem: DefiKernel.Interleaving.refuse_world; module=DefiKernel.Interleaving.Soundness; axioms=[propext,
 Quot.sound]
AXIOM AUDIT theorem: DefiKernel.Interleaving.runInterleaving_blockLR; module=DefiKernel.Interleaving.Recovery; axioms=[propext,
 Classical.choice,
 Quot.sound]
AXIOM AUDIT theorem: DefiKernel.Interleaving.runInterleaving_blockRL; module=DefiKernel.Interleaving.Recovery; axioms=[propext,
 Classical.choice,
 Quot.sound]
AXIOM AUDIT theorem: DefiKernel.Interleaving.runInterleaving_empty; module=DefiKernel.Interleaving.Recovery; axioms=[propext,
 Classical.choice,
 Quot.sound]
AXIOM AUDIT theorem: DefiKernel.Interleaving.runInterleaving_empty_left; module=DefiKernel.Interleaving.Recovery; axioms=[propext,
 Classical.choice,
 Quot.sound]
AXIOM AUDIT theorem: DefiKernel.Interleaving.runInterleaving_empty_right; module=DefiKernel.Interleaving.Recovery; axioms=[propext,
 Classical.choice,
 Quot.sound]
AXIOM AUDIT theorem: DefiKernel.Interleaving.runInterleaving_matchesParallel; module=DefiKernel.Interleaving.Recovery; axioms=[propext,
 Classical.choice,
 Quot.sound]
AXIOM AUDIT theorem: DefiKernel.Interleaving.runInterleaving_matchesSerialLR; module=DefiKernel.Interleaving.Recovery; axioms=[propext,
 Classical.choice,
 Quot.sound]
AXIOM AUDIT theorem: DefiKernel.Interleaving.runInterleaving_matchesSerialRL; module=DefiKernel.Interleaving.Recovery; axioms=[propext,
 Classical.choice,
 Quot.sound]
AXIOM AUDIT theorem: DefiKernel.Interleaving.runInterleaving_recovers; module=DefiKernel.Interleaving.Recovery; axioms=[propext,
 Classical.choice,
 Quot.sound]
AXIOM AUDIT theorem: DefiKernel.Interleaving.runPrefix_accounting; module=DefiKernel.Interleaving.Preservation; axioms=[propext,
 Classical.choice,
 Quot.sound]
AXIOM AUDIT theorem: DefiKernel.Interleaving.runPrefix_complete_counts; module=DefiKernel.Interleaving.Soundness; axioms=[propext,
 Classical.choice,
 Quot.sound]
AXIOM AUDIT theorem: DefiKernel.Interleaving.runPrefix_consumed; module=DefiKernel.Interleaving.Soundness; axioms=[propext,
 Classical.choice,
 Quot.sound]
AXIOM AUDIT theorem: DefiKernel.Interleaving.runPrefix_frame; module=DefiKernel.Interleaving.Preservation; axioms=[propext,
 Classical.choice,
 Quot.sound]
AXIOM AUDIT theorem: DefiKernel.Interleaving.runPrefix_nonnegative; module=DefiKernel.Interleaving.Preservation; axioms=[propext,
 Classical.choice,
 Quot.sound]
AXIOM AUDIT theorem: DefiKernel.Interleaving.runPrefix_parallel; module=DefiKernel.Interleaving.Recovery; axioms=[propext,
 Classical.choice,
 Quot.sound]
AXIOM AUDIT theorem: DefiKernel.Interleaving.runPrefix_reachable; module=DefiKernel.Interleaving.Soundness; axioms=[propext,
 Classical.choice,
 Quot.sound]
AXIOM AUDIT theorem: DefiKernel.Interleaving.runPrefix_store; module=DefiKernel.Interleaving.Preservation; axioms=[propext,
 Classical.choice,
 Quot.sound]
AXIOM AUDIT theorem: DefiKernel.Interleaving.runPrefix_two_invariants; module=DefiKernel.Interleaving.Interference; axioms=[propext,
 Classical.choice,
 Quot.sound]
AXIOM AUDIT theorem: DefiKernel.Interleaving.setLocal_world; module=DefiKernel.Interleaving.Execution; axioms=[propext,
 Quot.sound]
AXIOM AUDIT theorem: DefiKernel.Interleaving.skip_attempts; module=DefiKernel.Interleaving.Soundness; axioms=[propext,
 Quot.sound]
AXIOM AUDIT theorem: DefiKernel.Interleaving.skip_world; module=DefiKernel.Interleaving.Soundness; axioms=[propext,
 Quot.sound]
AXIOM AUDIT theorem: DefiKernel.Composition.ReceiptAuthorized.congr_simp; module=DefiKernel.Interleaving.Preservation; axioms=[propext,
 Classical.choice,
 Quot.sound]
AXIOM AUDIT theorem: DefiKernel.Composition.ReceiptAuthorized.eq_1; module=DefiKernel.Interleaving.Preservation; axioms=[propext,
 Classical.choice,
 Quot.sound]
AXIOM AUDIT theorem: DefiKernel.Composition.ReceiptAuthorized.eq_2; module=DefiKernel.Interleaving.Preservation; axioms=[propext,
 Classical.choice,
 Quot.sound]
AXIOM AUDIT theorem: DefiKernel.Interleaving.AdvanceSound.accounting; module=DefiKernel.Interleaving.Preservation; axioms=[propext,
 Classical.choice,
 Quot.sound]
AXIOM AUDIT theorem: DefiKernel.Interleaving.AdvanceSound.active_index; module=DefiKernel.Interleaving.LocalOrder; axioms=[propext,
 Classical.choice,
 Quot.sound]
AXIOM AUDIT theorem: DefiKernel.Interleaving.AdvanceSound.attempts; module=DefiKernel.Interleaving.Soundness; axioms=[propext,
 Classical.choice,
 Quot.sound]
AXIOM AUDIT theorem: DefiKernel.Interleaving.AdvanceSound.before_stores; module=DefiKernel.Interleaving.Preservation; axioms=[propext,
 Classical.choice,
 Quot.sound]
AXIOM AUDIT theorem: DefiKernel.Interleaving.AdvanceSound.congr_simp; module=DefiKernel.Interleaving.Soundness; axioms=[propext,
 Classical.choice,
 Quot.sound]
AXIOM AUDIT theorem: DefiKernel.Interleaving.AdvanceSound.consumed; module=DefiKernel.Interleaving.Soundness; axioms=[propext,
 Classical.choice,
 Quot.sound]
AXIOM AUDIT theorem: DefiKernel.Interleaving.AdvanceSound.locality; module=DefiKernel.Interleaving.Preservation; axioms=[propext,
 Classical.choice,
 Quot.sound]
AXIOM AUDIT theorem: DefiKernel.Interleaving.AdvanceSound.refusal_stable; module=DefiKernel.Interleaving.Trace; axioms=[propext,
 Classical.choice,
 Quot.sound]
AXIOM AUDIT theorem: DefiKernel.Interleaving.AdvanceSound.store; module=DefiKernel.Interleaving.Soundness; axioms=[propext,
 Classical.choice,
 Quot.sound]
AXIOM AUDIT theorem: DefiKernel.Interleaving.AttemptChain.brecOn; module=DefiKernel.Interleaving.Trace; axioms=[propext,
 Quot.sound]
AXIOM AUDIT theorem: DefiKernel.Interleaving.AttemptSound.congr_simp; module=DefiKernel.Interleaving.Soundness; axioms=[propext,
 Classical.choice,
 Quot.sound]
AXIOM AUDIT theorem: DefiKernel.Interleaving.Complete.eq_1; module=DefiKernel.Interleaving.Schedule; axioms=[]
AXIOM AUDIT theorem: DefiKernel.Interleaving.Complete.left_slot; module=DefiKernel.Interleaving.Schedule; axioms=[propext,
 Quot.sound]
AXIOM AUDIT theorem: DefiKernel.Interleaving.Complete.length; module=DefiKernel.Interleaving.Schedule; axioms=[propext,
 Quot.sound]
AXIOM AUDIT theorem: DefiKernel.Interleaving.Complete.prefix_counts; module=DefiKernel.Interleaving.Schedule; axioms=[propext,
 Classical.choice,
 Quot.sound]
AXIOM AUDIT theorem: DefiKernel.Interleaving.Complete.right_slot; module=DefiKernel.Interleaving.Schedule; axioms=[propext,
 Quot.sound]
AXIOM AUDIT theorem: DefiKernel.Interleaving.InterferenceFixtures.collateral_supported; module=DefiKernel.Interleaving.InterferenceFixtures; axioms=[propext,
 Quot.sound]
AXIOM AUDIT theorem: DefiKernel.Interleaving.InterferenceFixtures.empty_support_is_false; module=DefiKernel.Interleaving.InterferenceFixtures; axioms=[propext,
 Classical.choice,
 Quot.sound]
AXIOM AUDIT theorem: DefiKernel.Interleaving.InterferenceFixtures.fragile_initialized; module=DefiKernel.Interleaving.InterferenceFixtures; axioms=[propext,
 Classical.choice,
 Quot.sound]
AXIOM AUDIT theorem: DefiKernel.Interleaving.InterferenceFixtures.fragile_local_obligation; module=DefiKernel.Interleaving.InterferenceFixtures; axioms=[propext,
 Classical.choice,
 Quot.sound]
AXIOM AUDIT theorem: DefiKernel.Interleaving.InterferenceFixtures.fragile_not_stable; module=DefiKernel.Interleaving.InterferenceFixtures; axioms=[propext,
 Classical.choice,
 Quot.sound]
AXIOM AUDIT theorem: DefiKernel.Interleaving.InterferenceFixtures.missing_frame_support_counterexample; module=DefiKernel.Interleaving.InterferenceFixtures; axioms=[propext,
 Classical.choice,
 Quot.sound]
AXIOM AUDIT theorem: DefiKernel.Interleaving.InterferenceFixtures.missing_initialization_counterexample; module=DefiKernel.Interleaving.InterferenceFixtures; axioms=[propext,
 Classical.choice,
 Quot.sound]
AXIOM AUDIT theorem: DefiKernel.Interleaving.InterferenceFixtures.missing_peer_stability_counterexample; module=DefiKernel.Interleaving.InterferenceFixtures; axioms=[propext,
 Classical.choice,
 Quot.sound]
AXIOM AUDIT theorem: DefiKernel.Interleaving.InterferenceFixtures.protected_collateral_all_tokens; module=DefiKernel.Interleaving.InterferenceFixtures; axioms=[propext,
 Classical.choice,
 Quot.sound]
AXIOM AUDIT theorem: DefiKernel.Interleaving.InterferenceFixtures.shared_all_tokens; module=DefiKernel.Interleaving.InterferenceFixtures; axioms=[propext,
 Classical.choice,
 Quot.sound]
AXIOM AUDIT theorem: DefiKernel.Interleaving.InterferenceFixtures.shared_cross; module=DefiKernel.Interleaving.InterferenceFixtures; axioms=[propext,
 Classical.choice,
 Quot.sound]
AXIOM AUDIT theorem: DefiKernel.Interleaving.InterferenceFixtures.shared_every_prefix; module=DefiKernel.Interleaving.InterferenceFixtures; axioms=[propext,
 Classical.choice,
 Quot.sound]
AXIOM AUDIT theorem: DefiKernel.Interleaving.InterferenceFixtures.shared_initialized; module=DefiKernel.Interleaving.InterferenceFixtures; axioms=[propext,
 Classical.choice,
 Quot.sound]
AXIOM AUDIT theorem: DefiKernel.Interleaving.InterferenceFixtures.shared_left_analyzed; module=DefiKernel.Interleaving.InterferenceFixtures; axioms=[propext,
 Quot.sound]
AXIOM AUDIT theorem: DefiKernel.Interleaving.InterferenceFixtures.shared_local_obligation; module=DefiKernel.Interleaving.InterferenceFixtures; axioms=[propext,
 Classical.choice,
 Quot.sound]
AXIOM AUDIT theorem: DefiKernel.Interleaving.InterferenceFixtures.shared_overlap; module=DefiKernel.Interleaving.InterferenceFixtures; axioms=[propext]
AXIOM AUDIT theorem: DefiKernel.Interleaving.InterferenceFixtures.shared_right_analyzed; module=DefiKernel.Interleaving.InterferenceFixtures; axioms=[propext,
 Quot.sound]
AXIOM AUDIT theorem: DefiKernel.Interleaving.InterferenceFixtures.shared_stable; module=DefiKernel.Interleaving.InterferenceFixtures; axioms=[propext,
 Classical.choice,
 Quot.sound]
AXIOM AUDIT theorem: DefiKernel.Interleaving.InterferenceFixtures.shared_step_total; module=DefiKernel.Interleaving.InterferenceFixtures; axioms=[propext,
 Classical.choice,
 Quot.sound]
AXIOM AUDIT theorem: DefiKernel.Interleaving.InterferenceFixtures.shared_supply_free; module=DefiKernel.Interleaving.InterferenceFixtures; axioms=[propext,
 Quot.sound]
AXIOM AUDIT theorem: DefiKernel.Interleaving.InterferenceFixtures.sound_target_frame; module=DefiKernel.Interleaving.InterferenceFixtures; axioms=[propext,
 Classical.choice,
 Quot.sound]
AXIOM AUDIT theorem: DefiKernel.Interleaving.ProjectedEquivalent.eq_1; module=DefiKernel.Interleaving.Execution; axioms=[propext,
 Quot.sound]
AXIOM AUDIT theorem: DefiKernel.Interleaving.Reachable.accounting; module=DefiKernel.Interleaving.Preservation; axioms=[propext,
 Classical.choice,
 Quot.sound]
AXIOM AUDIT theorem: DefiKernel.Interleaving.Reachable.active_index; module=DefiKernel.Interleaving.LocalOrder; axioms=[propext,
 Classical.choice,
 Quot.sound]
AXIOM AUDIT theorem: DefiKernel.Interleaving.Reachable.analyzed_locality; module=DefiKernel.Interleaving.Preservation; axioms=[propext,
 Classical.choice,
 Quot.sound]
AXIOM AUDIT theorem: DefiKernel.Interleaving.Reachable.analyzed_predicate_frame; module=DefiKernel.Interleaving.Preservation; axioms=[propext,
 Classical.choice,
 Quot.sound]
AXIOM AUDIT theorem: DefiKernel.Interleaving.Reachable.attempt_chain; module=DefiKernel.Interleaving.Trace; axioms=[propext,
 Classical.choice,
 Quot.sound]
AXIOM AUDIT theorem: DefiKernel.Interleaving.Reachable.attempt_index; module=DefiKernel.Interleaving.LocalOrder; axioms=[propext,
 Classical.choice,
 Quot.sound]
AXIOM AUDIT theorem: DefiKernel.Interleaving.Reachable.attempts; module=DefiKernel.Interleaving.Soundness; axioms=[propext,
 Classical.choice,
 Quot.sound]
AXIOM AUDIT theorem: DefiKernel.Interleaving.Reachable.authority; module=DefiKernel.Interleaving.Preservation; axioms=[propext,
 Classical.choice,
 Quot.sound]
AXIOM AUDIT theorem: DefiKernel.Interleaving.Reachable.before_stores; module=DefiKernel.Interleaving.Preservation; axioms=[propext,
 Classical.choice,
 Quot.sound]
AXIOM AUDIT theorem: DefiKernel.Interleaving.Reachable.branch_projection; module=DefiKernel.Interleaving.Trace; axioms=[propext,
 Classical.choice,
 Quot.sound]
AXIOM AUDIT theorem: DefiKernel.Interleaving.Reachable.brecOn; module=DefiKernel.Interleaving.Soundness; axioms=[propext,
 Classical.choice,
 Quot.sound]
AXIOM AUDIT theorem: DefiKernel.Interleaving.Reachable.congr_simp; module=DefiKernel.Interleaving.Trace; axioms=[propext,
 Classical.choice,
 Quot.sound]
AXIOM AUDIT theorem: DefiKernel.Interleaving.Reachable.failure_index; module=DefiKernel.Interleaving.Trace; axioms=[propext,
 Classical.choice,
 Quot.sound]
AXIOM AUDIT theorem: DefiKernel.Interleaving.Reachable.frame; module=DefiKernel.Interleaving.Preservation; axioms=[propext,
 Classical.choice,
 Quot.sound]
AXIOM AUDIT theorem: DefiKernel.Interleaving.Reachable.initial_store_authority; module=DefiKernel.Interleaving.Preservation; axioms=[propext,
 Classical.choice,
 Quot.sound]
AXIOM AUDIT theorem: DefiKernel.Interleaving.Reachable.local_event_index; module=DefiKernel.Interleaving.Trace; axioms=[propext,
 Classical.choice,
 Quot.sound]
AXIOM AUDIT theorem: DefiKernel.Interleaving.Reachable.local_history; module=DefiKernel.Interleaving.Trace; axioms=[propext,
 Classical.choice,
 Quot.sound]
AXIOM AUDIT theorem: DefiKernel.Interleaving.Reachable.local_order; module=DefiKernel.Interleaving.Trace; axioms=[propext,
 Classical.choice,
 Quot.sound]
AXIOM AUDIT theorem: DefiKernel.Interleaving.Reachable.locality; module=DefiKernel.Interleaving.Preservation; axioms=[propext,
 Classical.choice,
 Quot.sound]
AXIOM AUDIT theorem: DefiKernel.Interleaving.Reachable.predicate_frame; module=DefiKernel.Interleaving.Preservation; axioms=[propext,
 Classical.choice,
 Quot.sound]
AXIOM AUDIT theorem: DefiKernel.Interleaving.Reachable.store; module=DefiKernel.Interleaving.Soundness; axioms=[propext,
 Classical.choice,
 Quot.sound]
AXIOM AUDIT theorem: DefiKernel.Interleaving.Reachable.two_invariants; module=DefiKernel.Interleaving.Interference; axioms=[propext,
 Classical.choice,
 Quot.sound]
AXIOM AUDIT theorem: DefiKernel.Interleaving.Recovery.admitted_analysis; module=DefiKernel.Interleaving.Recovery.Step; axioms=[propext,
 Quot.sound]
AXIOM AUDIT theorem: DefiKernel.Interleaving.Recovery.advance_branch_frame; module=DefiKernel.Interleaving.Recovery.Step; axioms=[propext,
 Classical.choice,
 Quot.sound]
AXIOM AUDIT theorem: DefiKernel.Interleaving.Recovery.advance_exhausted_cursor; module=DefiKernel.Interleaving.Recovery.Step; axioms=[propext,
 Classical.choice,
 Quot.sound]
AXIOM AUDIT theorem: DefiKernel.Interleaving.Recovery.advance_own_agrees; module=DefiKernel.Interleaving.Recovery.Simulation; axioms=[propext,
 Classical.choice,
 Quot.sound]
AXIOM AUDIT theorem: DefiKernel.Interleaving.Recovery.advance_own_cursor; module=DefiKernel.Interleaving.Recovery.Step; axioms=[propext,
 Classical.choice,
 Quot.sound]
AXIOM AUDIT theorem: DefiKernel.Interleaving.Recovery.advance_peer_local; module=DefiKernel.Interleaving.Recovery.Step; axioms=[propext,
 Classical.choice,
 Quot.sound]
AXIOM AUDIT theorem: DefiKernel.Interleaving.Recovery.advance_simulates; module=DefiKernel.Interleaving.Recovery.Simulation; axioms=[propext,
 Classical.choice,
 Quot.sound]
AXIOM AUDIT theorem: DefiKernel.Interleaving.Recovery.compatible_peer_reads; module=DefiKernel.Interleaving.Recovery.Step; axioms=[]
AXIOM AUDIT theorem: DefiKernel.Interleaving.Recovery.continue_active_index; module=DefiKernel.Interleaving.Recovery.Reference; axioms=[propext,
 Classical.choice,
 Quot.sound]
AXIOM AUDIT theorem: DefiKernel.Interleaving.Recovery.continue_outside; module=DefiKernel.Interleaving.Recovery.Simulation; axioms=[propext,
 Classical.choice,
 Quot.sound]
AXIOM AUDIT theorem: DefiKernel.Interleaving.Recovery.continue_simulates; module=DefiKernel.Interleaving.Recovery.Simulation; axioms=[propext,
 Classical.choice,
 Quot.sound]
AXIOM AUDIT theorem: DefiKernel.Interleaving.Recovery.cursor_advance_congr; module=DefiKernel.Interleaving.Recovery.Step; axioms=[propext,
 Classical.choice,
 Quot.sound]
AXIOM AUDIT theorem: DefiKernel.Interleaving.Recovery.isolated_active_index; module=DefiKernel.Interleaving.Recovery.Reference; axioms=[propext,
 Classical.choice,
 Quot.sound]
AXIOM AUDIT theorem: DefiKernel.Interleaving.Recovery.isolated_exhausted; module=DefiKernel.Interleaving.Recovery.Reference; axioms=[propext,
 Classical.choice,
 Quot.sound]
AXIOM AUDIT theorem: DefiKernel.Interleaving.Recovery.isolated_full; module=DefiKernel.Interleaving.Recovery.Reference; axioms=[propext,
 Classical.choice,
 Quot.sound]
AXIOM AUDIT theorem: DefiKernel.Interleaving.Recovery.isolated_step; module=DefiKernel.Interleaving.Recovery.Reference; axioms=[propext,
 Classical.choice,
 Quot.sound]
AXIOM AUDIT theorem: DefiKernel.Interleaving.Recovery.isolated_zero; module=DefiKernel.Interleaving.Recovery.Reference; axioms=[propext,
 Classical.choice,
 Quot.sound]
AXIOM AUDIT theorem: DefiKernel.Interleaving.Recovery.runPrefix_simulates; module=DefiKernel.Interleaving.Recovery.Simulation; axioms=[propext,
 Classical.choice,
 Quot.sound]
AXIOM AUDIT theorem: DefiKernel.Interleaving.Recovery.selected_footprint; module=DefiKernel.Interleaving.Recovery.Step; axioms=[propext,
 Quot.sound]
AXIOM AUDIT theorem: DefiKernel.Interleaving.admit.eq_1; module=DefiKernel.Interleaving.Schedule; axioms=[propext]
AXIOM AUDIT theorem: DefiKernel.Interleaving.advance.eq_1; module=DefiKernel.Interleaving.Soundness; axioms=[propext,
 Classical.choice,
 Quot.sound]
AXIOM AUDIT theorem: DefiKernel.Interleaving.checkSchedule.eq_1; module=DefiKernel.Interleaving.Schedule; axioms=[]
AXIOM AUDIT theorem: DefiKernel.Interleaving.continueRun.eq_1; module=DefiKernel.Interleaving.Soundness; axioms=[propext,
 Classical.choice,
 Quot.sound]
AXIOM AUDIT theorem: DefiKernel.Interleaving.count_sum_length._proof_1_1; module=DefiKernel.Interleaving.Schedule; axioms=[propext,
 Quot.sound]
AXIOM AUDIT theorem: DefiKernel.Interleaving.count_sum_length._proof_1_2; module=DefiKernel.Interleaving.Schedule; axioms=[propext,
 Quot.sound]
AXIOM AUDIT theorem: DefiKernel.Interleaving.matchesParallel.congr_simp; module=DefiKernel.Interleaving.Execution; axioms=[propext,
 Classical.choice,
 Quot.sound]
AXIOM AUDIT theorem: DefiKernel.Interleaving.matchesParallel.eq_1; module=DefiKernel.Interleaving.Execution; axioms=[propext,
 Classical.choice,
 Quot.sound]
AXIOM AUDIT theorem: DefiKernel.Interleaving.matchesParallel.eq_2; module=DefiKernel.Interleaving.Execution; axioms=[propext,
 Classical.choice,
 Quot.sound]
AXIOM AUDIT theorem: DefiKernel.Interleaving.matchesParallel_iff._simp_1_6; module=DefiKernel.Interleaving.Execution; axioms=[propext]
AXIOM AUDIT theorem: DefiKernel.Interleaving.runInterleaving.eq_1; module=DefiKernel.Interleaving.Recovery; axioms=[propext,
 Classical.choice,
 Quot.sound]
AXIOM AUDIT theorem: DefiKernel.Interleaving.runPrefix.eq_1; module=DefiKernel.Interleaving.Soundness; axioms=[propext,
 Classical.choice,
 Quot.sound]
AXIOM AUDIT theorem: DefiKernel.Interleaving.selectBranch.eq_1; module=DefiKernel.Interleaving.LocalOrder; axioms=[]
AXIOM AUDIT theorem: DefiKernel.Interleaving.selectBranch.eq_2; module=DefiKernel.Interleaving.LocalOrder; axioms=[]
AXIOM AUDIT theorem: DefiKernel.Interleaving.start.eq_1; module=DefiKernel.Interleaving.Soundness; axioms=[propext,
 Quot.sound]
AXIOM AUDIT theorem: DefiKernel.Interleaving.successfulEvent.eq_1; module=DefiKernel.Interleaving.Trace; axioms=[propext,
 Quot.sound]
AXIOM AUDIT theorem: DefiKernel.Parallel.analyzeBranch.eq_1; module=DefiKernel.Interleaving.Recovery; axioms=[propext]
AXIOM AUDIT theorem: DefiKernel.Parallel.runBranch.eq_1; module=DefiKernel.Interleaving.Recovery.Reference; axioms=[propext,
 Classical.choice,
 Quot.sound]
AXIOM AUDIT theorem: _private.DefiKernel.Interleaving.Schedule.0.Except.map.match_1.eq_1; module=DefiKernel.Interleaving.Schedule; axioms=[]
AXIOM AUDIT theorem: _private.DefiKernel.Interleaving.Schedule.0.Except.map.match_1.eq_2; module=DefiKernel.Interleaving.Schedule; axioms=[]
AXIOM AUDIT theorem: DefiKernel.Interleaving.AdmissionFailure.configuration.sizeOf_spec; module=DefiKernel.Interleaving.Schedule; axioms=[]
AXIOM AUDIT theorem: DefiKernel.Interleaving.AdmissionFailure.schedule.inj; module=DefiKernel.Interleaving.Schedule; axioms=[]
AXIOM AUDIT theorem: DefiKernel.Interleaving.AdmissionFailure.schedule.injEq; module=DefiKernel.Interleaving.Schedule; axioms=[propext]
AXIOM AUDIT theorem: DefiKernel.Interleaving.AdmissionFailure.schedule.sizeOf_spec; module=DefiKernel.Interleaving.Schedule; axioms=[]
AXIOM AUDIT theorem: DefiKernel.Interleaving.AdmissionFailure.structural.inj; module=DefiKernel.Interleaving.Schedule; axioms=[]
AXIOM AUDIT theorem: DefiKernel.Interleaving.AdmissionFailure.structural.injEq; module=DefiKernel.Interleaving.Schedule; axioms=[propext]
AXIOM AUDIT theorem: DefiKernel.Interleaving.AdmissionFailure.structural.sizeOf_spec; module=DefiKernel.Interleaving.Schedule; axioms=[]
AXIOM AUDIT theorem: DefiKernel.Interleaving.AdvanceSound.active_index._proof_1_4; module=DefiKernel.Interleaving.LocalOrder; axioms=[propext,
 Quot.sound]
AXIOM AUDIT theorem: DefiKernel.Interleaving.AdvanceSound.active_index._proof_1_5; module=DefiKernel.Interleaving.LocalOrder; axioms=[propext,
 Quot.sound]
AXIOM AUDIT theorem: DefiKernel.Interleaving.AdvanceSound.active_index._proof_1_6; module=DefiKernel.Interleaving.LocalOrder; axioms=[propext,
 Quot.sound]
AXIOM AUDIT theorem: DefiKernel.Interleaving.AdvanceSound.active_index._proof_1_7; module=DefiKernel.Interleaving.LocalOrder; axioms=[propext,
 Quot.sound]
AXIOM AUDIT theorem: DefiKernel.Interleaving.AdvanceSound.attempts._simp_1_3; module=DefiKernel.Interleaving.Soundness; axioms=[propext]
AXIOM AUDIT theorem: DefiKernel.Interleaving.AdvanceSound.attempts._simp_1_4; module=DefiKernel.Interleaving.Soundness; axioms=[propext]
AXIOM AUDIT theorem: DefiKernel.Interleaving.AdvanceSound.before_stores._simp_1_1; module=DefiKernel.Interleaving.Preservation; axioms=[propext]
AXIOM AUDIT theorem: DefiKernel.Interleaving.AdvanceSound.before_stores._simp_1_2; module=DefiKernel.Interleaving.Preservation; axioms=[propext]
AXIOM AUDIT theorem: DefiKernel.Interleaving.AdvanceSound.locality._simp_1_4; module=DefiKernel.Interleaving.Preservation; axioms=[propext]
AXIOM AUDIT theorem: DefiKernel.Interleaving.AdvanceSound.locality._simp_1_5; module=DefiKernel.Interleaving.Preservation; axioms=[propext]
AXIOM AUDIT theorem: DefiKernel.Interleaving.Attempt.mk.inj; module=DefiKernel.Interleaving.Execution; axioms=[propext,
 Quot.sound]
AXIOM AUDIT theorem: DefiKernel.Interleaving.Attempt.mk.injEq; module=DefiKernel.Interleaving.Execution; axioms=[propext,
 Quot.sound]
AXIOM AUDIT theorem: DefiKernel.Interleaving.Attempt.mk.sizeOf_spec; module=DefiKernel.Interleaving.Execution; axioms=[propext,
 Quot.sound]
AXIOM AUDIT theorem: DefiKernel.Interleaving.Attempt.supply.congr_simp; module=DefiKernel.Interleaving.Preservation; axioms=[propext,
 Classical.choice,
 Quot.sound]
AXIOM AUDIT theorem: DefiKernel.Interleaving.Attempt.supply.eq_1; module=DefiKernel.Interleaving.Preservation; axioms=[propext,
 Classical.choice,
 Quot.sound]
AXIOM AUDIT theorem: DefiKernel.Interleaving.Attempt.writes.eq_1; module=DefiKernel.Interleaving.Preservation; axioms=[propext,
 Quot.sound]
AXIOM AUDIT theorem: DefiKernel.Interleaving.Complete.left_slot._proof_1_1; module=DefiKernel.Interleaving.Schedule; axioms=[propext,
 Quot.sound]
AXIOM AUDIT theorem: DefiKernel.Interleaving.Complete.prefix_counts._proof_1_1; module=DefiKernel.Interleaving.Schedule; axioms=[propext,
 Classical.choice,
 Quot.sound]
AXIOM AUDIT theorem: DefiKernel.Interleaving.Complete.right_slot._proof_1_1; module=DefiKernel.Interleaving.Schedule; axioms=[propext,
 Quot.sound]
AXIOM AUDIT theorem: DefiKernel.Interleaving.Examples.replenishInitial._proof_1; module=DefiKernel.Interleaving.Examples; axioms=[propext,
 Quot.sound]
AXIOM AUDIT theorem: DefiKernel.Interleaving.Examples.sharedBalance.eq_1; module=DefiKernel.Interleaving.Examples; axioms=[propext,
 Quot.sound]
AXIOM AUDIT theorem: DefiKernel.Interleaving.Examples.sharedInitial._proof_1; module=DefiKernel.Interleaving.Examples; axioms=[propext,
 Quot.sound]
AXIOM AUDIT theorem: DefiKernel.Interleaving.Examples.sharedLeft.eq_1; module=DefiKernel.Interleaving.InterferenceFixtures; axioms=[propext,
 Quot.sound]
AXIOM AUDIT theorem: DefiKernel.Interleaving.InterferenceFixtures.fragile_initialized._proof_1_1; module=DefiKernel.Interleaving.InterferenceFixtures; axioms=[propext,
 Quot.sound]
AXIOM AUDIT theorem: DefiKernel.Interleaving.InterferenceFixtures.fragile_local_obligation._proof_1_2; module=DefiKernel.Interleaving.InterferenceFixtures; axioms=[propext,
 Quot.sound]
AXIOM AUDIT theorem: DefiKernel.Interleaving.InterferenceFixtures.missing_frame_support_counterexample._proof_1_1; module=DefiKernel.Interleaving.InterferenceFixtures; axioms=[propext,
 Quot.sound]
AXIOM AUDIT theorem: DefiKernel.Interleaving.InterferenceFixtures.missing_frame_support_counterexample._proof_1_2; module=DefiKernel.Interleaving.InterferenceFixtures; axioms=[propext,
 Classical.choice,
 Quot.sound]
AXIOM AUDIT theorem: DefiKernel.Interleaving.InterferenceFixtures.missing_peer_stability_counterexample._proof_1_1; module=DefiKernel.Interleaving.InterferenceFixtures; axioms=[propext,
 Classical.choice,
 Quot.sound]
AXIOM AUDIT theorem: DefiKernel.Interleaving.InterferenceFixtures.protected_collateral_all_tokens._proof_1_1; module=DefiKernel.Interleaving.InterferenceFixtures; axioms=[propext,
 Quot.sound]
AXIOM AUDIT theorem: DefiKernel.Interleaving.InterferenceFixtures.shared_initialized._proof_1_1; module=DefiKernel.Interleaving.InterferenceFixtures; axioms=[propext,
 Classical.choice,
 Quot.sound]
AXIOM AUDIT theorem: DefiKernel.Interleaving.InterferenceFixtures.shared_left_analyzed._proof_1_1; module=DefiKernel.Interleaving.InterferenceFixtures; axioms=[propext,
 Quot.sound]
AXIOM AUDIT theorem: DefiKernel.Interleaving.InterferenceFixtures.shared_right_analyzed._proof_1_1; module=DefiKernel.Interleaving.InterferenceFixtures; axioms=[propext,
 Quot.sound]
AXIOM AUDIT theorem: DefiKernel.Interleaving.LocalState.mk.inj; module=DefiKernel.Interleaving.Execution; axioms=[propext,
 Quot.sound]
AXIOM AUDIT theorem: DefiKernel.Interleaving.LocalState.mk.injEq; module=DefiKernel.Interleaving.Execution; axioms=[propext,
 Quot.sound]
AXIOM AUDIT theorem: DefiKernel.Interleaving.LocalState.mk.sizeOf_spec; module=DefiKernel.Interleaving.Execution; axioms=[propext,
 Quot.sound]
AXIOM AUDIT theorem: DefiKernel.Interleaving.LocalState.toCursor.eq_1; module=DefiKernel.Interleaving.Recovery.Step; axioms=[propext,
 Quot.sound]
AXIOM AUDIT theorem: DefiKernel.Interleaving.Machine.accept.eq_1; module=DefiKernel.Interleaving.Soundness; axioms=[propext,
 Quot.sound]
AXIOM AUDIT theorem: DefiKernel.Interleaving.Machine.local.eq_1; module=DefiKernel.Interleaving.Soundness; axioms=[propext,
 Quot.sound]
AXIOM AUDIT theorem: DefiKernel.Interleaving.Machine.local.eq_2; module=DefiKernel.Interleaving.Soundness; axioms=[propext,
 Quot.sound]
AXIOM AUDIT theorem: DefiKernel.Interleaving.Machine.mk.inj; module=DefiKernel.Interleaving.Execution; axioms=[propext,
 Quot.sound]
AXIOM AUDIT theorem: DefiKernel.Interleaving.Machine.mk.injEq; module=DefiKernel.Interleaving.Execution; axioms=[propext,
 Quot.sound]
AXIOM AUDIT theorem: DefiKernel.Interleaving.Machine.mk.sizeOf_spec; module=DefiKernel.Interleaving.Execution; axioms=[propext,
 Quot.sound]
AXIOM AUDIT theorem: DefiKernel.Interleaving.Machine.refuse.eq_1; module=DefiKernel.Interleaving.Soundness; axioms=[propext,
 Quot.sound]
AXIOM AUDIT theorem: DefiKernel.Interleaving.Machine.setLocal.eq_1; module=DefiKernel.Interleaving.Soundness; axioms=[propext,
 Quot.sound]
AXIOM AUDIT theorem: DefiKernel.Interleaving.Machine.setLocal.eq_2; module=DefiKernel.Interleaving.Soundness; axioms=[propext,
 Quot.sound]
AXIOM AUDIT theorem: DefiKernel.Interleaving.Machine.skip.eq_1; module=DefiKernel.Interleaving.Soundness; axioms=[propext,
 Quot.sound]
AXIOM AUDIT theorem: DefiKernel.Interleaving.Machine.supply.eq_1; module=DefiKernel.Interleaving.Preservation; axioms=[propext,
 Classical.choice,
 Quot.sound]
AXIOM AUDIT theorem: DefiKernel.Interleaving.Machine.writes.eq_1; module=DefiKernel.Interleaving.Preservation; axioms=[propext,
 Quot.sound]
AXIOM AUDIT theorem: DefiKernel.Interleaving.Recovery.footprint.eq_1; module=DefiKernel.Interleaving.Recovery; axioms=[]
AXIOM AUDIT theorem: DefiKernel.Interleaving.Recovery.footprint.eq_2; module=DefiKernel.Interleaving.Recovery; axioms=[]
AXIOM AUDIT theorem: DefiKernel.Interleaving.Recovery.isolated.eq_1; module=DefiKernel.Interleaving.Recovery.Reference; axioms=[propext,
 Classical.choice,
 Quot.sound]
AXIOM AUDIT theorem: DefiKernel.Interleaving.Result.executed.inj; module=DefiKernel.Interleaving.Execution; axioms=[propext,
 Quot.sound]
AXIOM AUDIT theorem: DefiKernel.Interleaving.Result.executed.injEq; module=DefiKernel.Interleaving.Execution; axioms=[propext,
 Quot.sound]
AXIOM AUDIT theorem: DefiKernel.Interleaving.Result.executed.sizeOf_spec; module=DefiKernel.Interleaving.Execution; axioms=[propext,
 Quot.sound]
AXIOM AUDIT theorem: DefiKernel.Interleaving.Result.refused.inj; module=DefiKernel.Interleaving.Execution; axioms=[propext,
 Quot.sound]
AXIOM AUDIT theorem: DefiKernel.Interleaving.Result.refused.injEq; module=DefiKernel.Interleaving.Execution; axioms=[propext,
 Quot.sound]
AXIOM AUDIT theorem: DefiKernel.Interleaving.Result.refused.sizeOf_spec; module=DefiKernel.Interleaving.Execution; axioms=[propext,
 Quot.sound]
AXIOM AUDIT theorem: DefiKernel.Interleaving.ScheduleMismatch.mk.inj; module=DefiKernel.Interleaving.Schedule; axioms=[]
AXIOM AUDIT theorem: DefiKernel.Interleaving.ScheduleMismatch.mk.injEq; module=DefiKernel.Interleaving.Schedule; axioms=[propext]
AXIOM AUDIT theorem: DefiKernel.Interleaving.ScheduleMismatch.mk.sizeOf_spec; module=DefiKernel.Interleaving.Schedule; axioms=[]
AXIOM AUDIT theorem: DefiKernel.Interleaving.instDecidableEqAdmissionFailure.decEq._proof_1; module=DefiKernel.Interleaving.Schedule; axioms=[]
AXIOM AUDIT theorem: DefiKernel.Interleaving.instDecidableEqAdmissionFailure.decEq._proof_10; module=DefiKernel.Interleaving.Schedule; axioms=[]
AXIOM AUDIT theorem: DefiKernel.Interleaving.instDecidableEqAdmissionFailure.decEq._proof_11; module=DefiKernel.Interleaving.Schedule; axioms=[]
AXIOM AUDIT theorem: DefiKernel.Interleaving.instDecidableEqAdmissionFailure.decEq._proof_12; module=DefiKernel.Interleaving.Schedule; axioms=[]
AXIOM AUDIT theorem: DefiKernel.Interleaving.instDecidableEqAdmissionFailure.decEq._proof_2; module=DefiKernel.Interleaving.Schedule; axioms=[]
AXIOM AUDIT theorem: DefiKernel.Interleaving.instDecidableEqAdmissionFailure.decEq._proof_3; module=DefiKernel.Interleaving.Schedule; axioms=[]
AXIOM AUDIT theorem: DefiKernel.Interleaving.instDecidableEqAdmissionFailure.decEq._proof_4; module=DefiKernel.Interleaving.Schedule; axioms=[]
AXIOM AUDIT theorem: DefiKernel.Interleaving.instDecidableEqAdmissionFailure.decEq._proof_5; module=DefiKernel.Interleaving.Schedule; axioms=[]
AXIOM AUDIT theorem: DefiKernel.Interleaving.instDecidableEqAdmissionFailure.decEq._proof_6; module=DefiKernel.Interleaving.Schedule; axioms=[]
AXIOM AUDIT theorem: DefiKernel.Interleaving.instDecidableEqAdmissionFailure.decEq._proof_7; module=DefiKernel.Interleaving.Schedule; axioms=[]
AXIOM AUDIT theorem: DefiKernel.Interleaving.instDecidableEqAdmissionFailure.decEq._proof_8; module=DefiKernel.Interleaving.Schedule; axioms=[]
AXIOM AUDIT theorem: DefiKernel.Interleaving.instDecidableEqAdmissionFailure.decEq._proof_9; module=DefiKernel.Interleaving.Schedule; axioms=[]
AXIOM AUDIT theorem: DefiKernel.Interleaving.instDecidableEqScheduleMismatch.decEq._proof_1; module=DefiKernel.Interleaving.Schedule; axioms=[]
AXIOM AUDIT theorem: DefiKernel.Interleaving.instDecidableEqScheduleMismatch.decEq._proof_2; module=DefiKernel.Interleaving.Schedule; axioms=[]
AXIOM AUDIT theorem: DefiKernel.Interleaving.instDecidableEqScheduleMismatch.decEq._proof_3; module=DefiKernel.Interleaving.Schedule; axioms=[]
AXIOM AUDIT theorem: DefiKernel.Interleaving.instDecidableEqScheduleMismatch.decEq._proof_4; module=DefiKernel.Interleaving.Schedule; axioms=[]
AXIOM AUDIT theorem: DefiKernel.Interleaving.instDecidableEqScheduleMismatch.decEq._proof_5; module=DefiKernel.Interleaving.Schedule; axioms=[]
AXIOM AUDIT theorem: DefiKernel.Interleaving.matchesParallel._sparseCasesOn_1.else_eq; module=DefiKernel.Interleaving.Execution; axioms=[propext,
 Quot.sound]
AXIOM AUDIT theorem: DefiKernel.Interleaving.observationsEqual._sparseCasesOn_2.else_eq; module=DefiKernel.Interleaving.Execution; axioms=[propext,
 Quot.sound]
AXIOM AUDIT theorem: _private.DefiKernel.Interleaving.Execution.0.DefiKernel.Interleaving.matchesParallel.match_1.eq_1; module=DefiKernel.Interleaving.Execution; axioms=[propext,
 Quot.sound]
AXIOM AUDIT theorem: _private.DefiKernel.Interleaving.Execution.0.DefiKernel.Interleaving.matchesParallel.match_1.eq_2; module=DefiKernel.Interleaving.Execution; axioms=[propext,
 Quot.sound]
AXIOM AUDIT theorem: _private.DefiKernel.Interleaving.Trace.0.DefiKernel.Interleaving.successfulEvent.match_1.eq_1; module=DefiKernel.Interleaving.Trace; axioms=[propext,
 Quot.sound]
AXIOM AUDIT theorem: _private.DefiKernel.Interleaving.Trace.0.DefiKernel.Interleaving.successfulEvent.match_1.eq_2; module=DefiKernel.Interleaving.Trace; axioms=[propext,
 Quot.sound]
AXIOM AUDIT theorem: DefiKernel.Interleaving.Examples.ExpectedAttempt.mk.inj; module=DefiKernel.Interleaving.Examples; axioms=[]
AXIOM AUDIT theorem: DefiKernel.Interleaving.Examples.ExpectedAttempt.mk.injEq; module=DefiKernel.Interleaving.Examples; axioms=[propext]
AXIOM AUDIT theorem: DefiKernel.Interleaving.Examples.ExpectedAttempt.mk.sizeOf_spec; module=DefiKernel.Interleaving.Examples; axioms=[]
AXIOM AUDIT theorem: _private.DefiKernel.Interleaving.LocalOrder.0.DefiKernel.Interleaving.Machine.local.match_1.eq_1; module=DefiKernel.Interleaving.LocalOrder; axioms=[]
AXIOM AUDIT theorem: _private.DefiKernel.Interleaving.LocalOrder.0.DefiKernel.Interleaving.Machine.local.match_1.eq_2; module=DefiKernel.Interleaving.LocalOrder; axioms=[]
AXIOM AUDIT theorem: _private.DefiKernel.Interleaving.Preservation.0.DefiKernel.Composition.Receipt.supply.match_1.eq_1; module=DefiKernel.Interleaving.Preservation; axioms=[propext]
AXIOM AUDIT theorem: _private.DefiKernel.Interleaving.Preservation.0.DefiKernel.Composition.Receipt.supply.match_1.eq_2; module=DefiKernel.Interleaving.Preservation; axioms=[propext]
AXIOM AUDIT theorem: _private.DefiKernel.Interleaving.Preservation.0.DefiKernel.Interleaving.Attempt.supply.match_1.eq_1; module=DefiKernel.Interleaving.Preservation; axioms=[propext,
 Quot.sound]
AXIOM AUDIT theorem: _private.DefiKernel.Interleaving.Preservation.0.DefiKernel.Interleaving.Attempt.supply.match_1.eq_2; module=DefiKernel.Interleaving.Preservation; axioms=[propext,
 Quot.sound]
AXIOM AUDIT theorem: _private.DefiKernel.Interleaving.Recovery.0.DefiKernel.Interleaving.Recovery.footprint.match_1.eq_1; module=DefiKernel.Interleaving.Recovery; axioms=[]
AXIOM AUDIT theorem: _private.DefiKernel.Interleaving.Recovery.0.DefiKernel.Interleaving.Recovery.footprint.match_1.eq_2; module=DefiKernel.Interleaving.Recovery; axioms=[]
AXIOM AUDIT theorem: _private.DefiKernel.Interleaving.Soundness.0.DefiKernel.Interleaving.Machine.local.match_1.eq_1; module=DefiKernel.Interleaving.Soundness; axioms=[]
AXIOM AUDIT theorem: _private.DefiKernel.Interleaving.Soundness.0.DefiKernel.Interleaving.Machine.local.match_1.eq_2; module=DefiKernel.Interleaving.Soundness; axioms=[]
AXIOM AUDIT theorem: _private.DefiKernel.Interleaving.Trace.0.DefiKernel.Interleaving.Machine.local.match_1.eq_1; module=DefiKernel.Interleaving.Trace; axioms=[]
AXIOM AUDIT theorem: _private.DefiKernel.Interleaving.Trace.0.DefiKernel.Interleaving.Machine.local.match_1.eq_2; module=DefiKernel.Interleaving.Trace; axioms=[]
AXIOM AUDIT declaration: DefiKernel.Interleaving.AttemptSound; module=DefiKernel.Interleaving.Soundness; kind=definition; axioms=[propext,
 Classical.choice,
 Quot.sound]
AXIOM AUDIT declaration: DefiKernel.Interleaving.Complete; module=DefiKernel.Interleaving.Schedule; kind=definition; axioms=[]
AXIOM AUDIT declaration: DefiKernel.Interleaving.CrossInclusion; module=DefiKernel.Interleaving.Interference; kind=definition; axioms=[propext,
 Quot.sound]
AXIOM AUDIT declaration: DefiKernel.Interleaving.LedgerPredicate; module=DefiKernel.Interleaving.Interference; kind=definition; axioms=[propext,
 Quot.sound]
AXIOM AUDIT declaration: DefiKernel.Interleaving.LedgerRelation; module=DefiKernel.Interleaving.Interference; kind=definition; axioms=[propext,
 Quot.sound]
AXIOM AUDIT declaration: DefiKernel.Interleaving.LocalObligation; module=DefiKernel.Interleaving.Interference; kind=definition; axioms=[propext,
 Classical.choice,
 Quot.sound]
AXIOM AUDIT declaration: DefiKernel.Interleaving.ProjectedEquivalent; module=DefiKernel.Interleaving.Execution; kind=definition; axioms=[propext,
 Quot.sound]
AXIOM AUDIT declaration: DefiKernel.Interleaving.Schedule; module=DefiKernel.Interleaving.Schedule; kind=definition; axioms=[]
AXIOM AUDIT declaration: DefiKernel.Interleaving.Stable; module=DefiKernel.Interleaving.Interference; kind=definition; axioms=[propext,
 Quot.sound]
AXIOM AUDIT declaration: DefiKernel.Interleaving.admit; module=DefiKernel.Interleaving.Schedule; kind=definition; axioms=[propext]
AXIOM AUDIT declaration: DefiKernel.Interleaving.advance; module=DefiKernel.Interleaving.Execution; kind=definition; axioms=[propext,
 Classical.choice,
 Quot.sound]
AXIOM AUDIT declaration: DefiKernel.Interleaving.checkSchedule; module=DefiKernel.Interleaving.Schedule; kind=definition; axioms=[]
AXIOM AUDIT declaration: DefiKernel.Interleaving.continueRun; module=DefiKernel.Interleaving.Execution; kind=definition; axioms=[propext,
 Classical.choice,
 Quot.sound]
AXIOM AUDIT declaration: DefiKernel.Interleaving.instDecidableEqAdmissionFailure; module=DefiKernel.Interleaving.Schedule; kind=definition; axioms=[]
AXIOM AUDIT declaration: DefiKernel.Interleaving.instDecidableEqScheduleMismatch; module=DefiKernel.Interleaving.Schedule; kind=definition; axioms=[]
AXIOM AUDIT declaration: DefiKernel.Interleaving.instReprAdmissionFailure; module=DefiKernel.Interleaving.Schedule; kind=definition; axioms=[]
AXIOM AUDIT declaration: DefiKernel.Interleaving.instReprScheduleMismatch; module=DefiKernel.Interleaving.Schedule; kind=definition; axioms=[]
AXIOM AUDIT declaration: DefiKernel.Interleaving.matchesParallel; module=DefiKernel.Interleaving.Execution; kind=definition; axioms=[propext,
 Classical.choice,
 Quot.sound]
AXIOM AUDIT declaration: DefiKernel.Interleaving.observationsEqual; module=DefiKernel.Interleaving.Execution; kind=definition; axioms=[propext,
 Classical.choice,
 Quot.sound]
AXIOM AUDIT declaration: DefiKernel.Interleaving.runInterleaving; module=DefiKernel.Interleaving.Execution; kind=definition; axioms=[propext,
 Classical.choice,
 Quot.sound]
AXIOM AUDIT declaration: DefiKernel.Interleaving.runPrefix; module=DefiKernel.Interleaving.Execution; kind=definition; axioms=[propext,
 Classical.choice,
 Quot.sound]
AXIOM AUDIT declaration: DefiKernel.Interleaving.selectBranch; module=DefiKernel.Interleaving.Execution; kind=definition; axioms=[]
AXIOM AUDIT declaration: DefiKernel.Interleaving.start; module=DefiKernel.Interleaving.Execution; kind=definition; axioms=[propext,
 Quot.sound]
AXIOM AUDIT declaration: DefiKernel.Interleaving.successfulEvent; module=DefiKernel.Interleaving.Trace; kind=definition; axioms=[propext,
 Quot.sound]
AXIOM AUDIT declaration: DefiKernel.Interleaving.AdmissionFailure._sizeOf_1; module=DefiKernel.Interleaving.Schedule; kind=definition; axioms=[]
AXIOM AUDIT declaration: DefiKernel.Interleaving.AdmissionFailure._sizeOf_inst; module=DefiKernel.Interleaving.Schedule; kind=definition; axioms=[]
AXIOM AUDIT declaration: DefiKernel.Interleaving.AdmissionFailure.casesOn; module=DefiKernel.Interleaving.Schedule; kind=definition; axioms=[]
AXIOM AUDIT declaration: DefiKernel.Interleaving.AdmissionFailure.ctorElim; module=DefiKernel.Interleaving.Schedule; kind=definition; axioms=[]
AXIOM AUDIT declaration: DefiKernel.Interleaving.AdmissionFailure.ctorElimType; module=DefiKernel.Interleaving.Schedule; kind=definition; axioms=[]
AXIOM AUDIT declaration: DefiKernel.Interleaving.AdmissionFailure.ctorIdx; module=DefiKernel.Interleaving.Schedule; kind=definition; axioms=[]
AXIOM AUDIT declaration: DefiKernel.Interleaving.AdmissionFailure.noConfusion; module=DefiKernel.Interleaving.Schedule; kind=definition; axioms=[]
AXIOM AUDIT declaration: DefiKernel.Interleaving.AdmissionFailure.noConfusionType; module=DefiKernel.Interleaving.Schedule; kind=definition; axioms=[]
AXIOM AUDIT declaration: DefiKernel.Interleaving.AdmissionFailure.recOn; module=DefiKernel.Interleaving.Schedule; kind=definition; axioms=[]
AXIOM AUDIT declaration: DefiKernel.Interleaving.AdvanceSound.casesOn; module=DefiKernel.Interleaving.Soundness; kind=definition; axioms=[propext,
 Classical.choice,
 Quot.sound]
AXIOM AUDIT declaration: DefiKernel.Interleaving.AdvanceSound.recOn; module=DefiKernel.Interleaving.Soundness; kind=definition; axioms=[propext,
 Classical.choice,
 Quot.sound]
AXIOM AUDIT declaration: DefiKernel.Interleaving.Attempt._sizeOf_1; module=DefiKernel.Interleaving.Execution; kind=definition; axioms=[propext,
 Quot.sound]
AXIOM AUDIT declaration: DefiKernel.Interleaving.Attempt._sizeOf_inst; module=DefiKernel.Interleaving.Execution; kind=definition; axioms=[propext,
 Quot.sound]
AXIOM AUDIT declaration: DefiKernel.Interleaving.Attempt.before; module=DefiKernel.Interleaving.Execution; kind=definition; axioms=[propext,
 Quot.sound]
AXIOM AUDIT declaration: DefiKernel.Interleaving.Attempt.branch; module=DefiKernel.Interleaving.Execution; kind=definition; axioms=[propext,
 Quot.sound]
AXIOM AUDIT declaration: DefiKernel.Interleaving.Attempt.casesOn; module=DefiKernel.Interleaving.Execution; kind=definition; axioms=[propext,
 Quot.sound]
AXIOM AUDIT declaration: DefiKernel.Interleaving.Attempt.ctorIdx; module=DefiKernel.Interleaving.Execution; kind=definition; axioms=[propext,
 Quot.sound]
AXIOM AUDIT declaration: DefiKernel.Interleaving.Attempt.index; module=DefiKernel.Interleaving.Execution; kind=definition; axioms=[propext,
 Quot.sound]
AXIOM AUDIT declaration: DefiKernel.Interleaving.Attempt.invocation; module=DefiKernel.Interleaving.Execution; kind=definition; axioms=[propext,
 Quot.sound]
AXIOM AUDIT declaration: DefiKernel.Interleaving.Attempt.noConfusion; module=DefiKernel.Interleaving.Execution; kind=definition; axioms=[propext,
 Quot.sound]
AXIOM AUDIT declaration: DefiKernel.Interleaving.Attempt.noConfusionType; module=DefiKernel.Interleaving.Execution; kind=definition; axioms=[propext,
 Quot.sound]
AXIOM AUDIT declaration: DefiKernel.Interleaving.Attempt.outcome; module=DefiKernel.Interleaving.Execution; kind=definition; axioms=[propext,
 Quot.sound]
AXIOM AUDIT declaration: DefiKernel.Interleaving.Attempt.recOn; module=DefiKernel.Interleaving.Execution; kind=definition; axioms=[propext,
 Quot.sound]
AXIOM AUDIT declaration: DefiKernel.Interleaving.Attempt.supply; module=DefiKernel.Interleaving.Execution; kind=definition; axioms=[propext,
 Classical.choice,
 Quot.sound]
AXIOM AUDIT declaration: DefiKernel.Interleaving.Attempt.writes; module=DefiKernel.Interleaving.Execution; kind=definition; axioms=[propext,
 Quot.sound]
AXIOM AUDIT declaration: DefiKernel.Interleaving.AttemptChain.casesOn; module=DefiKernel.Interleaving.Trace; kind=definition; axioms=[propext,
 Quot.sound]
AXIOM AUDIT declaration: DefiKernel.Interleaving.AttemptChain.recOn; module=DefiKernel.Interleaving.Trace; kind=definition; axioms=[propext,
 Quot.sound]
AXIOM AUDIT declaration: DefiKernel.Interleaving.Audit.checks; module=DefiKernel.Interleaving.Audit; kind=definition; axioms=[propext,
 Classical.choice,
 Quot.sound]
AXIOM AUDIT declaration: DefiKernel.Interleaving.Audit.main; module=DefiKernel.Interleaving.Audit; kind=definition; axioms=[propext,
 Classical.choice,
 Quot.sound]
AXIOM AUDIT declaration: DefiKernel.Interleaving.Examples.M; module=DefiKernel.Interleaving.Examples; kind=definition; axioms=[propext,
 Quot.sound]
AXIOM AUDIT declaration: DefiKernel.Interleaving.Examples.R; module=DefiKernel.Interleaving.Examples; kind=definition; axioms=[propext,
 Quot.sound]
AXIOM AUDIT declaration: DefiKernel.Interleaving.Examples.admissionRefused; module=DefiKernel.Interleaving.Examples; kind=definition; axioms=[propext,
 Classical.choice,
 Quot.sound]
AXIOM AUDIT declaration: DefiKernel.Interleaving.Examples.attemptMatches; module=DefiKernel.Interleaving.Examples; kind=definition; axioms=[propext,
 Classical.choice,
 Quot.sound]
AXIOM AUDIT declaration: DefiKernel.Interleaving.Examples.attemptsMatch; module=DefiKernel.Interleaving.Examples; kind=definition; axioms=[propext,
 Classical.choice,
 Quot.sound]
AXIOM AUDIT declaration: DefiKernel.Interleaving.Examples.continuedRight; module=DefiKernel.Interleaving.Examples; kind=definition; axioms=[propext,
 Quot.sound]
AXIOM AUDIT declaration: DefiKernel.Interleaving.Examples.depositExpected; module=DefiKernel.Interleaving.Examples; kind=definition; axioms=[propext,
 Quot.sound]
AXIOM AUDIT declaration: DefiKernel.Interleaving.Examples.disjointLeft; module=DefiKernel.Interleaving.Examples; kind=definition; axioms=[propext,
 Quot.sound]
AXIOM AUDIT declaration: DefiKernel.Interleaving.Examples.disjointLeftExpected; module=DefiKernel.Interleaving.Examples; kind=definition; axioms=[propext,
 Quot.sound]
AXIOM AUDIT declaration: DefiKernel.Interleaving.Examples.disjointRight; module=DefiKernel.Interleaving.Examples; kind=definition; axioms=[propext,
 Quot.sound]
AXIOM AUDIT declaration: DefiKernel.Interleaving.Examples.dualRun; module=DefiKernel.Interleaving.Examples; kind=definition; axioms=[propext,
 Classical.choice,
 Quot.sound]
AXIOM AUDIT declaration: DefiKernel.Interleaving.Examples.immediateRun; module=DefiKernel.Interleaving.Examples; kind=definition; axioms=[propext,
 Classical.choice,
 Quot.sound]
AXIOM AUDIT declaration: DefiKernel.Interleaving.Examples.liveCfg; module=DefiKernel.Interleaving.Examples; kind=definition; axioms=[propext,
 Classical.choice,
 Quot.sound]
AXIOM AUDIT declaration: DefiKernel.Interleaving.Examples.liveLeft; module=DefiKernel.Interleaving.Examples; kind=definition; axioms=[propext,
 Classical.choice,
 Quot.sound]
AXIOM AUDIT declaration: DefiKernel.Interleaving.Examples.liveRight; module=DefiKernel.Interleaving.Examples; kind=definition; axioms=[propext,
 Quot.sound]
AXIOM AUDIT declaration: DefiKernel.Interleaving.Examples.liveRun; module=DefiKernel.Interleaving.Examples; kind=definition; axioms=[propext,
 Classical.choice,
 Quot.sound]
AXIOM AUDIT declaration: DefiKernel.Interleaving.Examples.matchesExpected; module=DefiKernel.Interleaving.Examples; kind=definition; axioms=[propext,
 Classical.choice,
 Quot.sound]
AXIOM AUDIT declaration: DefiKernel.Interleaving.Examples.middleLeft; module=DefiKernel.Interleaving.Examples; kind=definition; axioms=[propext,
 Quot.sound]
AXIOM AUDIT declaration: DefiKernel.Interleaving.Examples.middleRun; module=DefiKernel.Interleaving.Examples; kind=definition; axioms=[propext,
 Classical.choice,
 Quot.sound]
AXIOM AUDIT declaration: DefiKernel.Interleaving.Examples.peerOnly; module=DefiKernel.Interleaving.Examples; kind=definition; axioms=[propext,
 Quot.sound]
AXIOM AUDIT declaration: DefiKernel.Interleaving.Examples.peerOnlyLeft; module=DefiKernel.Interleaving.Examples; kind=definition; axioms=[propext,
 Quot.sound]
AXIOM AUDIT declaration: DefiKernel.Interleaving.Examples.peerOnlyRight; module=DefiKernel.Interleaving.Examples; kind=definition; axioms=[propext,
 Quot.sound]
AXIOM AUDIT declaration: DefiKernel.Interleaving.Examples.peerOnlyRun; module=DefiKernel.Interleaving.Examples; kind=definition; axioms=[propext,
 Classical.choice,
 Quot.sound]
AXIOM AUDIT declaration: DefiKernel.Interleaving.Examples.replenishCfg; module=DefiKernel.Interleaving.Examples; kind=definition; axioms=[propext,
 Quot.sound]
AXIOM AUDIT declaration: DefiKernel.Interleaving.Examples.replenishInitial; module=DefiKernel.Interleaving.Examples; kind=definition; axioms=[propext,
 Quot.sound]
AXIOM AUDIT declaration: DefiKernel.Interleaving.Examples.replenishLR; module=DefiKernel.Interleaving.Examples; kind=definition; axioms=[propext,
 Classical.choice,
 Quot.sound]
AXIOM AUDIT declaration: DefiKernel.Interleaving.Examples.replenishRL; module=DefiKernel.Interleaving.Examples; kind=definition; axioms=[propext,
 Classical.choice,
 Quot.sound]
AXIOM AUDIT declaration: DefiKernel.Interleaving.Examples.replenishRLAttempts; module=DefiKernel.Interleaving.Examples; kind=definition; axioms=[propext,
 Quot.sound]
AXIOM AUDIT declaration: DefiKernel.Interleaving.Examples.schedules; module=DefiKernel.Interleaving.Examples; kind=definition; axioms=[]
AXIOM AUDIT declaration: DefiKernel.Interleaving.Examples.sharedBalance; module=DefiKernel.Interleaving.Examples; kind=definition; axioms=[propext,
 Quot.sound]
AXIOM AUDIT declaration: DefiKernel.Interleaving.Examples.sharedCfg; module=DefiKernel.Interleaving.Examples; kind=definition; axioms=[propext,
 Quot.sound]
AXIOM AUDIT declaration: DefiKernel.Interleaving.Examples.sharedInitial; module=DefiKernel.Interleaving.Examples; kind=definition; axioms=[propext,
 Quot.sound]
AXIOM AUDIT declaration: DefiKernel.Interleaving.Examples.sharedLR; module=DefiKernel.Interleaving.Examples; kind=definition; axioms=[propext,
 Classical.choice,
 Quot.sound]
AXIOM AUDIT declaration: DefiKernel.Interleaving.Examples.sharedLRAttempts; module=DefiKernel.Interleaving.Examples; kind=definition; axioms=[propext,
 Quot.sound]
AXIOM AUDIT declaration: DefiKernel.Interleaving.Examples.sharedLeft; module=DefiKernel.Interleaving.Examples; kind=definition; axioms=[propext,
 Quot.sound]
AXIOM AUDIT declaration: DefiKernel.Interleaving.Examples.sharedRL; module=DefiKernel.Interleaving.Examples; kind=definition; axioms=[propext,
 Classical.choice,
 Quot.sound]
AXIOM AUDIT declaration: DefiKernel.Interleaving.Examples.sharedRight; module=DefiKernel.Interleaving.Examples; kind=definition; axioms=[propext,
 Quot.sound]
AXIOM AUDIT declaration: DefiKernel.Interleaving.Examples.snapshotCfg; module=DefiKernel.Interleaving.Examples; kind=definition; axioms=[propext,
 Quot.sound]
AXIOM AUDIT declaration: DefiKernel.Interleaving.Examples.snapshotConsumer; module=DefiKernel.Interleaving.Examples; kind=definition; axioms=[propext,
 Quot.sound]
AXIOM AUDIT declaration: DefiKernel.Interleaving.Examples.snapshotLeft; module=DefiKernel.Interleaving.Examples; kind=definition; axioms=[propext,
 Quot.sound]
AXIOM AUDIT declaration: DefiKernel.Interleaving.Examples.snapshotRight; module=DefiKernel.Interleaving.Examples; kind=definition; axioms=[propext,
 Quot.sound]
AXIOM AUDIT declaration: DefiKernel.Interleaving.Examples.snapshotRun; module=DefiKernel.Interleaving.Examples; kind=definition; axioms=[propext,
 Classical.choice,
 Quot.sound]
AXIOM AUDIT declaration: DefiKernel.Interleaving.Examples.supplyLeft; module=DefiKernel.Interleaving.Examples; kind=definition; axioms=[propext,
 Quot.sound]
AXIOM AUDIT declaration: DefiKernel.Interleaving.Examples.supplyRight; module=DefiKernel.Interleaving.Examples; kind=definition; axioms=[propext,
 Quot.sound]
AXIOM AUDIT declaration: DefiKernel.Interleaving.Examples.supplyRun; module=DefiKernel.Interleaving.Examples; kind=definition; axioms=[propext,
 Classical.choice,
 Quot.sound]
AXIOM AUDIT declaration: DefiKernel.Interleaving.Examples.withdrawalLeft; module=DefiKernel.Interleaving.Examples; kind=definition; axioms=[propext,
 Quot.sound]
AXIOM AUDIT declaration: DefiKernel.Interleaving.Examples.withdrawalRight; module=DefiKernel.Interleaving.Examples; kind=definition; axioms=[propext,
 Quot.sound]
AXIOM AUDIT declaration: DefiKernel.Interleaving.InterferenceFixtures.Ledger; module=DefiKernel.Interleaving.InterferenceFixtures; kind=definition; axioms=[propext,
 Quot.sound]
AXIOM AUDIT declaration: DefiKernel.Interleaving.InterferenceFixtures.collateral; module=DefiKernel.Interleaving.InterferenceFixtures; kind=definition; axioms=[propext,
 Quot.sound]
AXIOM AUDIT declaration: DefiKernel.Interleaving.InterferenceFixtures.dollars; module=DefiKernel.Interleaving.InterferenceFixtures; kind=definition; axioms=[propext,
 Classical.choice,
 Quot.sound]
AXIOM AUDIT declaration: DefiKernel.Interleaving.InterferenceFixtures.fragile; module=DefiKernel.Interleaving.InterferenceFixtures; kind=definition; axioms=[propext,
 Classical.choice,
 Quot.sound]
AXIOM AUDIT declaration: DefiKernel.Interleaving.InterferenceFixtures.leftFP; module=DefiKernel.Interleaving.InterferenceFixtures; kind=definition; axioms=[]
AXIOM AUDIT declaration: DefiKernel.Interleaving.InterferenceFixtures.leftPrefix; module=DefiKernel.Interleaving.InterferenceFixtures; kind=definition; axioms=[propext,
 Classical.choice,
 Quot.sound]
AXIOM AUDIT declaration: DefiKernel.Interleaving.InterferenceFixtures.rightFP; module=DefiKernel.Interleaving.InterferenceFixtures; kind=definition; axioms=[]
AXIOM AUDIT declaration: DefiKernel.Interleaving.InterferenceFixtures.rightPrefix; module=DefiKernel.Interleaving.InterferenceFixtures; kind=definition; axioms=[propext,
 Classical.choice,
 Quot.sound]
AXIOM AUDIT declaration: DefiKernel.Interleaving.InterferenceFixtures.sameDollars; module=DefiKernel.Interleaving.InterferenceFixtures; kind=definition; axioms=[propext,
 Classical.choice,
 Quot.sound]
AXIOM AUDIT declaration: DefiKernel.Interleaving.LocalState._sizeOf_1; module=DefiKernel.Interleaving.Execution; kind=definition; axioms=[propext,
 Quot.sound]
AXIOM AUDIT declaration: DefiKernel.Interleaving.LocalState._sizeOf_inst; module=DefiKernel.Interleaving.Execution; kind=definition; axioms=[propext,
 Quot.sound]
AXIOM AUDIT declaration: DefiKernel.Interleaving.LocalState.casesOn; module=DefiKernel.Interleaving.Execution; kind=definition; axioms=[propext,
 Quot.sound]
AXIOM AUDIT declaration: DefiKernel.Interleaving.LocalState.consumed; module=DefiKernel.Interleaving.Execution; kind=definition; axioms=[propext,
 Quot.sound]
AXIOM AUDIT declaration: DefiKernel.Interleaving.LocalState.ctorIdx; module=DefiKernel.Interleaving.Execution; kind=definition; axioms=[propext,
 Quot.sound]
AXIOM AUDIT declaration: DefiKernel.Interleaving.LocalState.events; module=DefiKernel.Interleaving.Execution; kind=definition; axioms=[propext,
 Quot.sound]
AXIOM AUDIT declaration: DefiKernel.Interleaving.LocalState.failure; module=DefiKernel.Interleaving.Execution; kind=definition; axioms=[propext,
 Quot.sound]
AXIOM AUDIT declaration: DefiKernel.Interleaving.LocalState.nextIndex; module=DefiKernel.Interleaving.Execution; kind=definition; axioms=[propext,
 Quot.sound]
AXIOM AUDIT declaration: DefiKernel.Interleaving.LocalState.noConfusion; module=DefiKernel.Interleaving.Execution; kind=definition; axioms=[propext,
 Quot.sound]
AXIOM AUDIT declaration: DefiKernel.Interleaving.LocalState.noConfusionType; module=DefiKernel.Interleaving.Execution; kind=definition; axioms=[propext,
 Quot.sound]
AXIOM AUDIT declaration: DefiKernel.Interleaving.LocalState.observe; module=DefiKernel.Interleaving.Execution; kind=definition; axioms=[propext,
 Quot.sound]
AXIOM AUDIT declaration: DefiKernel.Interleaving.LocalState.outputs; module=DefiKernel.Interleaving.Execution; kind=definition; axioms=[propext,
 Quot.sound]
AXIOM AUDIT declaration: DefiKernel.Interleaving.LocalState.recOn; module=DefiKernel.Interleaving.Execution; kind=definition; axioms=[propext,
 Quot.sound]
AXIOM AUDIT declaration: DefiKernel.Interleaving.LocalState.toCursor; module=DefiKernel.Interleaving.Execution; kind=definition; axioms=[propext,
 Quot.sound]
AXIOM AUDIT declaration: DefiKernel.Interleaving.Machine._sizeOf_1; module=DefiKernel.Interleaving.Execution; kind=definition; axioms=[propext,
 Quot.sound]
AXIOM AUDIT declaration: DefiKernel.Interleaving.Machine._sizeOf_inst; module=DefiKernel.Interleaving.Execution; kind=definition; axioms=[propext,
 Quot.sound]
AXIOM AUDIT declaration: DefiKernel.Interleaving.Machine.accept; module=DefiKernel.Interleaving.Execution; kind=definition; axioms=[propext,
 Quot.sound]
AXIOM AUDIT declaration: DefiKernel.Interleaving.Machine.attempts; module=DefiKernel.Interleaving.Execution; kind=definition; axioms=[propext,
 Quot.sound]
AXIOM AUDIT declaration: DefiKernel.Interleaving.Machine.casesOn; module=DefiKernel.Interleaving.Execution; kind=definition; axioms=[propext,
 Quot.sound]
AXIOM AUDIT declaration: DefiKernel.Interleaving.Machine.ctorIdx; module=DefiKernel.Interleaving.Execution; kind=definition; axioms=[propext,
 Quot.sound]
AXIOM AUDIT declaration: DefiKernel.Interleaving.Machine.left; module=DefiKernel.Interleaving.Execution; kind=definition; axioms=[propext,
 Quot.sound]
AXIOM AUDIT declaration: DefiKernel.Interleaving.Machine.local; module=DefiKernel.Interleaving.Execution; kind=definition; axioms=[propext,
 Quot.sound]
AXIOM AUDIT declaration: DefiKernel.Interleaving.Machine.noConfusion; module=DefiKernel.Interleaving.Execution; kind=definition; axioms=[propext,
 Quot.sound]
AXIOM AUDIT declaration: DefiKernel.Interleaving.Machine.noConfusionType; module=DefiKernel.Interleaving.Execution; kind=definition; axioms=[propext,
 Quot.sound]
AXIOM AUDIT declaration: DefiKernel.Interleaving.Machine.recOn; module=DefiKernel.Interleaving.Execution; kind=definition; axioms=[propext,
 Quot.sound]
AXIOM AUDIT declaration: DefiKernel.Interleaving.Machine.refuse; module=DefiKernel.Interleaving.Execution; kind=definition; axioms=[propext,
 Quot.sound]
AXIOM AUDIT declaration: DefiKernel.Interleaving.Machine.right; module=DefiKernel.Interleaving.Execution; kind=definition; axioms=[propext,
 Quot.sound]
AXIOM AUDIT declaration: DefiKernel.Interleaving.Machine.setLocal; module=DefiKernel.Interleaving.Execution; kind=definition; axioms=[propext,
 Quot.sound]
AXIOM AUDIT declaration: DefiKernel.Interleaving.Machine.skip; module=DefiKernel.Interleaving.Execution; kind=definition; axioms=[propext,
 Quot.sound]
AXIOM AUDIT declaration: DefiKernel.Interleaving.Machine.supply; module=DefiKernel.Interleaving.Execution; kind=definition; axioms=[propext,
 Classical.choice,
 Quot.sound]
AXIOM AUDIT declaration: DefiKernel.Interleaving.Machine.world; module=DefiKernel.Interleaving.Execution; kind=definition; axioms=[propext,
 Quot.sound]
AXIOM AUDIT declaration: DefiKernel.Interleaving.Machine.writes; module=DefiKernel.Interleaving.Execution; kind=definition; axioms=[propext,
 Quot.sound]
AXIOM AUDIT declaration: DefiKernel.Interleaving.Reachable.casesOn; module=DefiKernel.Interleaving.Soundness; kind=definition; axioms=[propext,
 Classical.choice,
 Quot.sound]
AXIOM AUDIT declaration: DefiKernel.Interleaving.Reachable.recOn; module=DefiKernel.Interleaving.Soundness; kind=definition; axioms=[propext,
 Classical.choice,
 Quot.sound]
AXIOM AUDIT declaration: DefiKernel.Interleaving.Recovery.Simulates; module=DefiKernel.Interleaving.Recovery.Simulation; kind=definition; axioms=[propext,
 Classical.choice,
 Quot.sound]
AXIOM AUDIT declaration: DefiKernel.Interleaving.Recovery.footprint; module=DefiKernel.Interleaving.Recovery.Step; kind=definition; axioms=[]
AXIOM AUDIT declaration: DefiKernel.Interleaving.Recovery.isolated; module=DefiKernel.Interleaving.Recovery.Reference; kind=definition; axioms=[propext,
 Classical.choice,
 Quot.sound]
AXIOM AUDIT declaration: DefiKernel.Interleaving.Result._sizeOf_1; module=DefiKernel.Interleaving.Execution; kind=definition; axioms=[propext,
 Quot.sound]
AXIOM AUDIT declaration: DefiKernel.Interleaving.Result._sizeOf_inst; module=DefiKernel.Interleaving.Execution; kind=definition; axioms=[propext,
 Quot.sound]
AXIOM AUDIT declaration: DefiKernel.Interleaving.Result.casesOn; module=DefiKernel.Interleaving.Execution; kind=definition; axioms=[propext,
 Quot.sound]
AXIOM AUDIT declaration: DefiKernel.Interleaving.Result.ctorElim; module=DefiKernel.Interleaving.Execution; kind=definition; axioms=[propext,
 Quot.sound]
AXIOM AUDIT declaration: DefiKernel.Interleaving.Result.ctorElimType; module=DefiKernel.Interleaving.Execution; kind=definition; axioms=[propext,
 Quot.sound]
AXIOM AUDIT declaration: DefiKernel.Interleaving.Result.ctorIdx; module=DefiKernel.Interleaving.Execution; kind=definition; axioms=[propext,
 Quot.sound]
AXIOM AUDIT declaration: DefiKernel.Interleaving.Result.noConfusion; module=DefiKernel.Interleaving.Execution; kind=definition; axioms=[propext,
 Quot.sound]
AXIOM AUDIT declaration: DefiKernel.Interleaving.Result.noConfusionType; module=DefiKernel.Interleaving.Execution; kind=definition; axioms=[propext,
 Quot.sound]
AXIOM AUDIT declaration: DefiKernel.Interleaving.Result.recOn; module=DefiKernel.Interleaving.Execution; kind=definition; axioms=[propext,
 Quot.sound]
AXIOM AUDIT declaration: DefiKernel.Interleaving.ScheduleMismatch._sizeOf_1; module=DefiKernel.Interleaving.Schedule; kind=definition; axioms=[]
AXIOM AUDIT declaration: DefiKernel.Interleaving.ScheduleMismatch._sizeOf_inst; module=DefiKernel.Interleaving.Schedule; kind=definition; axioms=[]
AXIOM AUDIT declaration: DefiKernel.Interleaving.ScheduleMismatch.casesOn; module=DefiKernel.Interleaving.Schedule; kind=definition; axioms=[]
AXIOM AUDIT declaration: DefiKernel.Interleaving.ScheduleMismatch.ctorIdx; module=DefiKernel.Interleaving.Schedule; kind=definition; axioms=[]
AXIOM AUDIT declaration: DefiKernel.Interleaving.ScheduleMismatch.expectedLeft; module=DefiKernel.Interleaving.Schedule; kind=definition; axioms=[]
AXIOM AUDIT declaration: DefiKernel.Interleaving.ScheduleMismatch.expectedRight; module=DefiKernel.Interleaving.Schedule; kind=definition; axioms=[]
AXIOM AUDIT declaration: DefiKernel.Interleaving.ScheduleMismatch.noConfusion; module=DefiKernel.Interleaving.Schedule; kind=definition; axioms=[]
AXIOM AUDIT declaration: DefiKernel.Interleaving.ScheduleMismatch.noConfusionType; module=DefiKernel.Interleaving.Schedule; kind=definition; axioms=[]
AXIOM AUDIT declaration: DefiKernel.Interleaving.ScheduleMismatch.observedLeft; module=DefiKernel.Interleaving.Schedule; kind=definition; axioms=[]
AXIOM AUDIT declaration: DefiKernel.Interleaving.ScheduleMismatch.observedRight; module=DefiKernel.Interleaving.Schedule; kind=definition; axioms=[]
AXIOM AUDIT declaration: DefiKernel.Interleaving.ScheduleMismatch.recOn; module=DefiKernel.Interleaving.Schedule; kind=definition; axioms=[]
AXIOM AUDIT declaration: DefiKernel.Interleaving.ScheduleTests.accepted; module=DefiKernel.Interleaving.ScheduleTests; kind=definition; axioms=[]
AXIOM AUDIT declaration: DefiKernel.Interleaving.ScheduleTests.checks; module=DefiKernel.Interleaving.ScheduleTests; kind=definition; axioms=[propext,
 Classical.choice,
 Quot.sound]
AXIOM AUDIT declaration: DefiKernel.Interleaving.ScheduleTests.invalidCfg; module=DefiKernel.Interleaving.ScheduleTests; kind=definition; axioms=[propext,
 Quot.sound]
AXIOM AUDIT declaration: DefiKernel.Interleaving.ScheduleTests.refused; module=DefiKernel.Interleaving.ScheduleTests; kind=definition; axioms=[]
AXIOM AUDIT declaration: DefiKernel.Interleaving.ScheduleTests.unknown; module=DefiKernel.Interleaving.ScheduleTests; kind=definition; axioms=[propext,
 Quot.sound]
AXIOM AUDIT declaration: DefiKernel.Interleaving.Tests.changeOutput; module=DefiKernel.Interleaving.Tests; kind=definition; axioms=[propext,
 Classical.choice,
 Quot.sound]
AXIOM AUDIT declaration: DefiKernel.Interleaving.Tests.changedEvent; module=DefiKernel.Interleaving.Tests; kind=definition; axioms=[propext,
 Quot.sound]
AXIOM AUDIT declaration: DefiKernel.Interleaving.Tests.changedLeft; module=DefiKernel.Interleaving.Tests; kind=definition; axioms=[propext,
 Quot.sound]
AXIOM AUDIT declaration: DefiKernel.Interleaving.Tests.checks; module=DefiKernel.Interleaving.Tests; kind=definition; axioms=[propext,
 Classical.choice,
 Quot.sound]
AXIOM AUDIT declaration: DefiKernel.Interleaving.Tests.compareFailures; module=DefiKernel.Interleaving.Tests; kind=definition; axioms=[propext,
 Classical.choice,
 Quot.sound]
AXIOM AUDIT declaration: DefiKernel.Interleaving.Tests.comparison; module=DefiKernel.Interleaving.Tests; kind=definition; axioms=[propext,
 Quot.sound]
AXIOM AUDIT declaration: DefiKernel.Interleaving.Tests.different; module=DefiKernel.Interleaving.Tests; kind=definition; axioms=[propext,
 Classical.choice,
 Quot.sound]
AXIOM AUDIT declaration: DefiKernel.Interleaving.Tests.observationChecks; module=DefiKernel.Interleaving.Tests; kind=definition; axioms=[propext,
 Classical.choice,
 Quot.sound]
AXIOM AUDIT declaration: DefiKernel.Interleaving.Tests.observationEvent; module=DefiKernel.Interleaving.Tests; kind=definition; axioms=[propext,
 Quot.sound]
AXIOM AUDIT declaration: DefiKernel.Interleaving.Tests.observationMachine; module=DefiKernel.Interleaving.Tests; kind=definition; axioms=[propext,
 Quot.sound]
AXIOM AUDIT declaration: DefiKernel.Interleaving.Tests.requestChanges; module=DefiKernel.Interleaving.Tests; kind=definition; axioms=[propext,
 Quot.sound]
AXIOM AUDIT declaration: DefiKernel.Interleaving.Tests.requestChecks; module=DefiKernel.Interleaving.Tests; kind=definition; axioms=[propext,
 Classical.choice,
 Quot.sound]
AXIOM AUDIT declaration: DefiKernel.Interleaving.Tests.withFailure; module=DefiKernel.Interleaving.Tests; kind=definition; axioms=[propext,
 Quot.sound]
AXIOM AUDIT declaration: DefiKernel.Interleaving.advance.match_1; module=DefiKernel.Interleaving.Execution; kind=definition; axioms=[]
AXIOM AUDIT declaration: DefiKernel.Interleaving.advance.match_3; module=DefiKernel.Interleaving.Execution; kind=definition; axioms=[]
AXIOM AUDIT declaration: DefiKernel.Interleaving.instDecidableEqAdmissionFailure.decEq; module=DefiKernel.Interleaving.Schedule; kind=definition; axioms=[]
AXIOM AUDIT declaration: DefiKernel.Interleaving.instDecidableEqScheduleMismatch.decEq; module=DefiKernel.Interleaving.Schedule; kind=definition; axioms=[]
AXIOM AUDIT declaration: DefiKernel.Interleaving.instReprAdmissionFailure.repr; module=DefiKernel.Interleaving.Schedule; kind=definition; axioms=[]
AXIOM AUDIT declaration: DefiKernel.Interleaving.instReprScheduleMismatch.repr; module=DefiKernel.Interleaving.Schedule; kind=definition; axioms=[]
AXIOM AUDIT declaration: DefiKernel.Interleaving.matchesParallel._sparseCasesOn_1; module=DefiKernel.Interleaving.Execution; kind=definition; axioms=[propext,
 Quot.sound]
AXIOM AUDIT declaration: DefiKernel.Interleaving.matchesParallel.match_1; module=DefiKernel.Interleaving.Execution; kind=definition; axioms=[propext,
 Quot.sound]
AXIOM AUDIT declaration: DefiKernel.Interleaving.observationsEqual._sparseCasesOn_1; module=DefiKernel.Interleaving.Execution; kind=definition; axioms=[propext,
 Quot.sound]
AXIOM AUDIT declaration: DefiKernel.Interleaving.observationsEqual._sparseCasesOn_2; module=DefiKernel.Interleaving.Execution; kind=definition; axioms=[propext,
 Quot.sound]
AXIOM AUDIT declaration: DefiKernel.Interleaving.observationsEqual.match_1; module=DefiKernel.Interleaving.Execution; kind=definition; axioms=[propext,
 Quot.sound]
AXIOM AUDIT declaration: DefiKernel.Interleaving.runInterleaving.match_1; module=DefiKernel.Interleaving.Execution; kind=definition; axioms=[]
AXIOM AUDIT declaration: DefiKernel.Interleaving.successfulEvent.match_1; module=DefiKernel.Interleaving.Trace; kind=definition; axioms=[propext,
 Quot.sound]
AXIOM AUDIT declaration: _private.DefiKernel.Interleaving.Schedule.0.Except.map.match_1.splitter; module=DefiKernel.Interleaving.Schedule; kind=definition; axioms=[]
AXIOM AUDIT declaration: _private.DefiKernel.Interleaving.Tests.0.DefiKernel.Interleaving.Tests.expected; module=DefiKernel.Interleaving.Tests; kind=definition; axioms=[propext,
 Classical.choice,
 Quot.sound]
AXIOM AUDIT declaration: DefiKernel.Interleaving.AdmissionFailure.configuration.elim; module=DefiKernel.Interleaving.Schedule; kind=definition; axioms=[]
AXIOM AUDIT declaration: DefiKernel.Interleaving.AdmissionFailure.schedule.elim; module=DefiKernel.Interleaving.Schedule; kind=definition; axioms=[]
AXIOM AUDIT declaration: DefiKernel.Interleaving.AdmissionFailure.schedule.noConfusion; module=DefiKernel.Interleaving.Schedule; kind=definition; axioms=[]
AXIOM AUDIT declaration: DefiKernel.Interleaving.AdmissionFailure.structural.elim; module=DefiKernel.Interleaving.Schedule; kind=definition; axioms=[]
AXIOM AUDIT declaration: DefiKernel.Interleaving.AdmissionFailure.structural.noConfusion; module=DefiKernel.Interleaving.Schedule; kind=definition; axioms=[]
AXIOM AUDIT declaration: DefiKernel.Interleaving.Attempt.mk._flat_ctor; module=DefiKernel.Interleaving.Execution; kind=definition; axioms=[propext,
 Quot.sound]
AXIOM AUDIT declaration: DefiKernel.Interleaving.Attempt.mk.noConfusion; module=DefiKernel.Interleaving.Execution; kind=definition; axioms=[propext,
 Quot.sound]
AXIOM AUDIT declaration: DefiKernel.Interleaving.Attempt.supply.match_1; module=DefiKernel.Interleaving.Execution; kind=definition; axioms=[propext,
 Quot.sound]
AXIOM AUDIT declaration: DefiKernel.Interleaving.AttemptChain.below.casesOn; module=DefiKernel.Interleaving.Trace; kind=definition; axioms=[propext,
 Quot.sound]
AXIOM AUDIT declaration: DefiKernel.Interleaving.Audit.main.match_1; module=DefiKernel.Interleaving.Audit; kind=definition; axioms=[]
AXIOM AUDIT declaration: DefiKernel.Interleaving.Examples.ExpectedAttempt._sizeOf_1; module=DefiKernel.Interleaving.Examples; kind=definition; axioms=[]
AXIOM AUDIT declaration: DefiKernel.Interleaving.Examples.ExpectedAttempt._sizeOf_inst; module=DefiKernel.Interleaving.Examples; kind=definition; axioms=[]
AXIOM AUDIT declaration: DefiKernel.Interleaving.Examples.ExpectedAttempt.after; module=DefiKernel.Interleaving.Examples; kind=definition; axioms=[]
AXIOM AUDIT declaration: DefiKernel.Interleaving.Examples.ExpectedAttempt.before; module=DefiKernel.Interleaving.Examples; kind=definition; axioms=[]
AXIOM AUDIT declaration: DefiKernel.Interleaving.Examples.ExpectedAttempt.branch; module=DefiKernel.Interleaving.Examples; kind=definition; axioms=[]
AXIOM AUDIT declaration: DefiKernel.Interleaving.Examples.ExpectedAttempt.casesOn; module=DefiKernel.Interleaving.Examples; kind=definition; axioms=[]
AXIOM AUDIT declaration: DefiKernel.Interleaving.Examples.ExpectedAttempt.ctorIdx; module=DefiKernel.Interleaving.Examples; kind=definition; axioms=[]
AXIOM AUDIT declaration: DefiKernel.Interleaving.Examples.ExpectedAttempt.index; module=DefiKernel.Interleaving.Examples; kind=definition; axioms=[]
AXIOM AUDIT declaration: DefiKernel.Interleaving.Examples.ExpectedAttempt.invocation; module=DefiKernel.Interleaving.Examples; kind=definition; axioms=[]
AXIOM AUDIT declaration: DefiKernel.Interleaving.Examples.ExpectedAttempt.noConfusion; module=DefiKernel.Interleaving.Examples; kind=definition; axioms=[]
AXIOM AUDIT declaration: DefiKernel.Interleaving.Examples.ExpectedAttempt.noConfusionType; module=DefiKernel.Interleaving.Examples; kind=definition; axioms=[]
AXIOM AUDIT declaration: DefiKernel.Interleaving.Examples.ExpectedAttempt.outcome; module=DefiKernel.Interleaving.Examples; kind=definition; axioms=[]
AXIOM AUDIT declaration: DefiKernel.Interleaving.Examples.ExpectedAttempt.recOn; module=DefiKernel.Interleaving.Examples; kind=definition; axioms=[]
AXIOM AUDIT declaration: DefiKernel.Interleaving.Examples.attemptMatches._sparseCasesOn_1; module=DefiKernel.Interleaving.Examples; kind=definition; axioms=[propext]
AXIOM AUDIT declaration: DefiKernel.Interleaving.Examples.attemptMatches._sparseCasesOn_2; module=DefiKernel.Interleaving.Examples; kind=definition; axioms=[propext]
AXIOM AUDIT declaration: DefiKernel.Interleaving.Examples.attemptMatches.match_1; module=DefiKernel.Interleaving.Examples; kind=definition; axioms=[propext,
 Quot.sound]
AXIOM AUDIT declaration: DefiKernel.Interleaving.Examples.attemptsMatch.match_1; module=DefiKernel.Interleaving.Examples; kind=definition; axioms=[propext,
 Quot.sound]
AXIOM AUDIT declaration: DefiKernel.Interleaving.Examples.matchesExpected.match_1; module=DefiKernel.Interleaving.Examples; kind=definition; axioms=[propext,
 Quot.sound]
AXIOM AUDIT declaration: DefiKernel.Interleaving.InterferenceFixtures.fragile.match_1; module=DefiKernel.Interleaving.InterferenceFixtures; kind=definition; axioms=[propext,
 Quot.sound]
AXIOM AUDIT declaration: DefiKernel.Interleaving.LocalState.consumed._default; module=DefiKernel.Interleaving.Execution; kind=definition; axioms=[]
AXIOM AUDIT declaration: DefiKernel.Interleaving.LocalState.events._default; module=DefiKernel.Interleaving.Execution; kind=definition; axioms=[propext,
 Quot.sound]
AXIOM AUDIT declaration: DefiKernel.Interleaving.LocalState.failure._default; module=DefiKernel.Interleaving.Execution; kind=definition; axioms=[]
AXIOM AUDIT declaration: DefiKernel.Interleaving.LocalState.mk._flat_ctor; module=DefiKernel.Interleaving.Execution; kind=definition; axioms=[propext,
 Quot.sound]
AXIOM AUDIT declaration: DefiKernel.Interleaving.LocalState.mk.noConfusion; module=DefiKernel.Interleaving.Execution; kind=definition; axioms=[propext,
 Quot.sound]
AXIOM AUDIT declaration: DefiKernel.Interleaving.LocalState.nextIndex._default; module=DefiKernel.Interleaving.Execution; kind=definition; axioms=[]
AXIOM AUDIT declaration: DefiKernel.Interleaving.LocalState.outputs._default; module=DefiKernel.Interleaving.Execution; kind=definition; axioms=[]
AXIOM AUDIT declaration: DefiKernel.Interleaving.Machine.attempts._default; module=DefiKernel.Interleaving.Execution; kind=definition; axioms=[propext,
 Quot.sound]
AXIOM AUDIT declaration: DefiKernel.Interleaving.Machine.left._default; module=DefiKernel.Interleaving.Execution; kind=definition; axioms=[propext,
 Quot.sound]
AXIOM AUDIT declaration: DefiKernel.Interleaving.Machine.local.match_1; module=DefiKernel.Interleaving.Execution; kind=definition; axioms=[]
AXIOM AUDIT declaration: DefiKernel.Interleaving.Machine.mk._flat_ctor; module=DefiKernel.Interleaving.Execution; kind=definition; axioms=[propext,
 Quot.sound]
AXIOM AUDIT declaration: DefiKernel.Interleaving.Machine.mk.noConfusion; module=DefiKernel.Interleaving.Execution; kind=definition; axioms=[propext,
 Quot.sound]
AXIOM AUDIT declaration: DefiKernel.Interleaving.Machine.right._default; module=DefiKernel.Interleaving.Execution; kind=definition; axioms=[propext,
 Quot.sound]
AXIOM AUDIT declaration: DefiKernel.Interleaving.Reachable.below.casesOn; module=DefiKernel.Interleaving.Soundness; kind=definition; axioms=[propext,
 Classical.choice,
 Quot.sound]
AXIOM AUDIT declaration: DefiKernel.Interleaving.Recovery.footprint.match_1; module=DefiKernel.Interleaving.Recovery.Step; kind=definition; axioms=[]
AXIOM AUDIT declaration: DefiKernel.Interleaving.Result.executed.elim; module=DefiKernel.Interleaving.Execution; kind=definition; axioms=[propext,
 Quot.sound]
AXIOM AUDIT declaration: DefiKernel.Interleaving.Result.executed.noConfusion; module=DefiKernel.Interleaving.Execution; kind=definition; axioms=[propext,
 Quot.sound]
AXIOM AUDIT declaration: DefiKernel.Interleaving.Result.refused.elim; module=DefiKernel.Interleaving.Execution; kind=definition; axioms=[propext,
 Quot.sound]
AXIOM AUDIT declaration: DefiKernel.Interleaving.Result.refused.noConfusion; module=DefiKernel.Interleaving.Execution; kind=definition; axioms=[propext,
 Quot.sound]
AXIOM AUDIT declaration: DefiKernel.Interleaving.ScheduleMismatch.mk._flat_ctor; module=DefiKernel.Interleaving.Schedule; kind=definition; axioms=[]
AXIOM AUDIT declaration: DefiKernel.Interleaving.ScheduleMismatch.mk.noConfusion; module=DefiKernel.Interleaving.Schedule; kind=definition; axioms=[]
AXIOM AUDIT declaration: DefiKernel.Interleaving.ScheduleTests.accepted.match_1; module=DefiKernel.Interleaving.ScheduleTests; kind=definition; axioms=[]
AXIOM AUDIT declaration: DefiKernel.Interleaving.ScheduleTests.refused.match_1; module=DefiKernel.Interleaving.ScheduleTests; kind=definition; axioms=[]
AXIOM AUDIT declaration: DefiKernel.Interleaving.Tests.checks._sparseCasesOn_3; module=DefiKernel.Interleaving.Tests; kind=definition; axioms=[propext,
 Quot.sound]
AXIOM AUDIT declaration: DefiKernel.Interleaving.Tests.checks.match_1; module=DefiKernel.Interleaving.Tests; kind=definition; axioms=[propext,
 Quot.sound]
AXIOM AUDIT declaration: DefiKernel.Interleaving.Tests.checks.match_3; module=DefiKernel.Interleaving.Tests; kind=definition; axioms=[propext,
 Quot.sound]
AXIOM AUDIT declaration: DefiKernel.Interleaving.Tests.checks.match_6; module=DefiKernel.Interleaving.Tests; kind=definition; axioms=[]
AXIOM AUDIT declaration: DefiKernel.Interleaving.Tests.observationChecks.match_1; module=DefiKernel.Interleaving.Tests; kind=definition; axioms=[]
AXIOM AUDIT declaration: DefiKernel.Interleaving.Tests.requestChecks.match_1; module=DefiKernel.Interleaving.Tests; kind=definition; axioms=[]
AXIOM AUDIT declaration: DefiKernel.Interleaving.instDecidableEqAdmissionFailure.decEq.match_1; module=DefiKernel.Interleaving.Schedule; kind=definition; axioms=[]
AXIOM AUDIT declaration: DefiKernel.Interleaving.instDecidableEqScheduleMismatch.decEq.match_1; module=DefiKernel.Interleaving.Schedule; kind=definition; axioms=[]
AXIOM AUDIT declaration: DefiKernel.Interleaving.instReprAdmissionFailure.repr.match_1; module=DefiKernel.Interleaving.Schedule; kind=definition; axioms=[]
AXIOM AUDIT declaration: _private.DefiKernel.Interleaving.Execution.0.DefiKernel.Interleaving.matchesParallel.match_1.splitter; module=DefiKernel.Interleaving.Execution; kind=definition; axioms=[propext,
 Quot.sound]
AXIOM AUDIT declaration: _private.DefiKernel.Interleaving.Trace.0.DefiKernel.Interleaving.successfulEvent.match_1.splitter; module=DefiKernel.Interleaving.Trace; kind=definition; axioms=[propext,
 Quot.sound]
AXIOM AUDIT declaration: DefiKernel.Interleaving.Examples.ExpectedAttempt.mk._flat_ctor; module=DefiKernel.Interleaving.Examples; kind=definition; axioms=[]
AXIOM AUDIT declaration: DefiKernel.Interleaving.Examples.ExpectedAttempt.mk.noConfusion; module=DefiKernel.Interleaving.Examples; kind=definition; axioms=[]
AXIOM AUDIT declaration: _private.DefiKernel.Interleaving.LocalOrder.0.DefiKernel.Interleaving.Machine.local.match_1.splitter; module=DefiKernel.Interleaving.LocalOrder; kind=definition; axioms=[]
AXIOM AUDIT declaration: _private.DefiKernel.Interleaving.Preservation.0.DefiKernel.Composition.Receipt.supply.match_1.splitter; module=DefiKernel.Interleaving.Preservation; kind=definition; axioms=[propext]
AXIOM AUDIT declaration: _private.DefiKernel.Interleaving.Preservation.0.DefiKernel.Interleaving.Attempt.supply.match_1.splitter; module=DefiKernel.Interleaving.Preservation; kind=definition; axioms=[propext,
 Quot.sound]
AXIOM AUDIT declaration: _private.DefiKernel.Interleaving.Recovery.0.DefiKernel.Interleaving.Recovery.footprint.match_1.splitter; module=DefiKernel.Interleaving.Recovery; kind=definition; axioms=[]
AXIOM AUDIT declaration: _private.DefiKernel.Interleaving.Soundness.0.DefiKernel.Interleaving.Machine.local.match_1.splitter; module=DefiKernel.Interleaving.Soundness; kind=definition; axioms=[]
AXIOM AUDIT declaration: _private.DefiKernel.Interleaving.Trace.0.DefiKernel.Interleaving.Machine.local.match_1.splitter; module=DefiKernel.Interleaving.Trace; kind=definition; axioms=[]
AXIOM AUDIT declaration: _private.DefiKernel.Interleaving.Preservation.0.DefiKernel.Composition.Receipt.supply.match_1.splitter._sparseCasesOn_2; module=DefiKernel.Interleaving.Preservation; kind=definition; axioms=[propext]
AXIOM AUDIT DECLARATIONS PASSED: 271/271 supplemental declarations; forbidden=0
AXIOM AUDIT PASSED: 259/259 theorems; forbidden=0
