transfer_post: true
deposit_post: true
withdraw_post: true
borrow_post: true
vault_drain_base_accepted: true
vault_drain_refused: true
unbacked_issue_base_accepted: true
unbacked_issue_refused: true
debt_erasure_base_accepted: true
debt_erasure_refused: true
wrong_recipient_base_accepted: true
wrong_recipient_refused: true
wrong_source_base_accepted: true
wrong_source_refused: true
unrelated_cell_base_accepted: true
unrelated_cell_refused: true
wrong_amount_base_accepted: true
wrong_amount_refused: true
wrong_actor_base_accepted: true
wrong_actor_refused: true
wrong_supply_refused: true
forged_stale_base_accepted: true
forged_stale_refused: true
forged_zero_price_base_accepted: true
forged_zero_price_refused: true
forged_isolated_zero_price_base_accepted: true
forged_isolated_zero_price_refused: true
forged_future_base_accepted: true
forged_future_refused: true
forged_wrong_feed_base_accepted: true
forged_wrong_feed_refused: true
forged_excess_credit_base_accepted: true
forged_excess_credit_refused: true
forged_fresh_post: true
zero_borrow_positive_price_post: true
base_insufficient_refused: true
base_unauthorized_refused: true
base_footprint_refused: true
base_guard_refused: true
base_supply_refused: true
always_base_accounting_refused: true
withdraw_liquidity_refused: true
withdraw_shares_refused: true
Contract runtime checks passed: 43/43
