'DefiKernel.Certificates.max_max_right_comm' depends on axioms: [propext]
'DefiKernel.Certificates.foldl_max_init_shift' depends on axioms: [propext]
'DefiKernel.Certificates.toJsonList_eq_map' depends on axioms: [propext, Classical.choice, Quot.sound]
'DefiKernel.Certificates.toJsonObj_eq_map' depends on axioms: [propext, Classical.choice, Quot.sound]
'DefiKernel.Certificates.depthList_eq_foldl' depends on axioms: [propext]
'DefiKernel.Certificates.depthObj_eq_foldl' depends on axioms: [propext]
'DefiKernel.Certificates.max_min_left' depends on axioms: [propext, Quot.sound]
'DefiKernel.Certificates.foldl_max_min_eq_min_foldl_max' depends on axioms: [propext, Quot.sound]
'DefiKernel.Certificates.pairwise_compare_ne_of_nodup_keys' depends on axioms: [propext, Classical.choice, Quot.sound]
'DefiKernel.Certificates.nodup_pairs_of_nodup_keys' depends on axioms: [propext, Quot.sound]
'DefiKernel.Certificates.nodup_keys_of_toJsonObj' depends on axioms: [propext, Classical.choice, Quot.sound]
'DefiKernel.Certificates.mem_ofList_toList_iff' depends on axioms: [propext, Classical.choice, Quot.sound]
'DefiKernel.Certificates.toList_ofList_perm_of_nodup' depends on axioms: [propext, Classical.choice, Quot.sound]
'DefiKernel.Certificates.foldl_max_jsonDepth_rightComm' depends on axioms: [propext, Classical.choice, Quot.sound]
'DefiKernel.Certificates.jsonDepthFuel_mkObj_succ' depends on axioms: [propext, Classical.choice, Quot.sound]
'DefiKernel.Certificates.jsonDepthFuel_arr_succ' depends on axioms: [propext, Classical.choice, Quot.sound]
'DefiKernel.Certificates.perm_of_nodup_keys_mem' depends on axioms: [propext, Classical.choice, Quot.sound]
'DefiKernel.Certificates.jsonDepthFuel_mkObj_perm' depends on axioms: [propext, Classical.choice, Quot.sound]
'DefiKernel.Certificates.foldl_max_map_toJson' depends on axioms: [propext, Classical.choice, Quot.sound]
'DefiKernel.Certificates.foldl_max_map_toJsonObj' depends on axioms: [propext, Classical.choice, Quot.sound]
'DefiKernel.Certificates.jsonDepthFuel_toJson_eq_min' depends on axioms: [propext, Classical.choice, Quot.sound]
'DefiKernel.Certificates.jsonDepth_toJson_eq_min' depends on axioms: [propext, Classical.choice, Quot.sound]
'DefiKernel.Certificates.TreeJson.depth_le_of_jsonDepth_toJson_le_64' depends on axioms: [propext,
 Classical.choice,
 Quot.sound]
'DefiKernel.Certificates.foldl_max_map_json' depends on axioms: [propext, Classical.choice, Quot.sound]
'DefiKernel.Certificates.jsonDepthFuel_arr_congr' depends on axioms: [propext, Classical.choice, Quot.sound]
'DefiKernel.Certificates.jsonDepthFuel_mkObj_of_nodup_keys' depends on axioms: [propext, Classical.choice, Quot.sound]
'DefiKernel.Certificates.jsonDepthFuel_libraryRef' depends on axioms: [propext, Classical.choice, Quot.sound]
'DefiKernel.Certificates.jsonDepthFuel_world' depends on axioms: [propext, Classical.choice, Quot.sound]
'DefiKernel.Certificates.jsonDepthFuel_boundary' depends on axioms: [propext, Classical.choice, Quot.sound]
'DefiKernel.Certificates.jsonDepthFuel_operationInterface' depends on axioms: [propext, Classical.choice, Quot.sound]
'DefiKernel.Certificates.jsonDepthFuel_request' depends on axioms: [propext, Classical.choice, Quot.sound]
'DefiKernel.Certificates.jsonDepthFuel_config' depends on axioms: [propext, Classical.choice, Quot.sound]
'DefiKernel.Certificates.jsonDepthFuel_component' depends on axioms: [propext, Classical.choice, Quot.sound]
'DefiKernel.Certificates.jsonDepthFuel_typedExecutePayload' depends on axioms: [propext, Classical.choice, Quot.sound]
'DefiKernel.Certificates.jsonDepthFuel_envelope' depends on axioms: [propext, Classical.choice, Quot.sound]
'DefiKernel.Certificates.jsonDepthFuel_decodedIR_typed' depends on axioms: [propext, Classical.choice, Quot.sound]
'DefiKernel.Certificates.moduleToTreeJson_typed_depth_le_64' depends on axioms: [propext, Classical.choice, Quot.sound]
'DefiKernel.Certificates.decodeBytes_encodeModule_typed_of_lex' depends on axioms: [propext,
 Classical.choice,
 Quot.sound]
