Frozen:335/335 matched
--- lean/DefiKernel/Certificates/Roundtrip.lean
+++ lean/DefiKernel/Certificates/Roundtrip.lean
@@ -1,4 +1,5 @@
 import DefiKernel.Certificates.Correspondence
+import DefiKernel.Certificates.DepthBridge
 
 namespace DefiKernel.Certificates
 

--- lean/DefiKernel/Certificates/Verify.lean
+++ lean/DefiKernel/Certificates/Verify.lean
@@ -1,6 +1,7 @@
 import DefiKernel.Certificates.Audit
 import DefiKernel.Certificates.Correspondence
 import DefiKernel.Certificates.Roundtrip
+import DefiKernel.Certificates.IRDepth
 import DefiKernel.Certificates.Soundness
 import DefiKernel.Certificates.Observation
 import DefiKernel.Certificates.Check

Changed baseline paths: ['lean/DefiKernel/Certificates/Roundtrip.lean', 'lean/DefiKernel/Certificates/Verify.lean']
Roundtrip bytes identical after removing only new import; declaration count: 291
Author manifest stale: ["review/semantic-kernel/certificates/p19/implementation/grok-20260919-r1/commands.json", "review/semantic-kernel/certificates/p19/implementation/grok-20260919-r1/logs/closeout-manifests/stdout"]
Source bindings: 15
Author commands: 24
axiom-new-modules 0 2026-09-19T17:40:44.993959+00:00 {'stdout_path': 'logs/axiom-new-modules/stdout', 'stderr_path': 'logs/axiom-new-modules/stderr', 'stdout_sha256': '52d353d1ec66853da22a8fa5fc3e5d384e7d94bbbb9a88c8806a4e1c23ca83a9', 'stderr_sha256': 'e3b0c44298fc1c149afbf4c8996fb92427ae41e4649b934ca495991b7852b855'}
baseline-roundtrip 0 2026-09-19T17:12:11.444003+00:00 {'stdout_path': 'logs/baseline-roundtrip/stdout', 'stderr_path': 'logs/baseline-roundtrip/stderr', 'stdout_sha256': '8fc4225b70bf69a3713e850fc40a92e1f027f0cf1d7c5b90b8d21fcc5a29cad7', 'stderr_sha256': 'e3b0c44298fc1c149afbf4c8996fb92427ae41e4649b934ca495991b7852b855'}
closeout-manifests 0 2026-09-19T17:43:09.330623+00:00 {'stdout_path': 'logs/closeout-manifests/stdout', 'stderr_path': 'logs/closeout-manifests/stderr', 'stdout_sha256': 'c739195be341fb1149e0f99bf9dfcd7e2e41e0505cba6407a37cceac59bc5430', 'stderr_sha256': 'e3b0c44298fc1c149afbf4c8996fb92427ae41e4649b934ca495991b7852b855'}
compile-depthbridge-r1 1 2026-09-19T17:15:43.794871+00:00 {'stdout_path': 'logs/compile-depthbridge-r1/stdout', 'stderr_path': 'logs/compile-depthbridge-r1/stderr', 'stdout_sha256': 'f638e2c0425400a6219c1ce6b09fa89de76dc5f63bffc84fd319e7c89ecc8be6', 'stderr_sha256': 'e3b0c44298fc1c149afbf4c8996fb92427ae41e4649b934ca495991b7852b855'}
compile-depthbridge-r2 1 2026-09-19T17:17:31.032567+00:00 {'stdout_path': 'logs/compile-depthbridge-r2/stdout', 'stderr_path': 'logs/compile-depthbridge-r2/stderr', 'stdout_sha256': 'a579d0c13d7b6d488b935aa08210a330888fd0037a29c5b3631170850859affd', 'stderr_sha256': 'e3b0c44298fc1c149afbf4c8996fb92427ae41e4649b934ca495991b7852b855'}
compile-depthbridge-r3 1 2026-09-19T17:19:24.446551+00:00 {'stdout_path': 'logs/compile-depthbridge-r3/stdout', 'stderr_path': 'logs/compile-depthbridge-r3/stderr', 'stdout_sha256': '04fc3cbeef06cb5852a8ecbc241cf9b7891d2b8d5aab9e04c1cad5b95745bcc2', 'stderr_sha256': 'e3b0c44298fc1c149afbf4c8996fb92427ae41e4649b934ca495991b7852b855'}
compile-depthbridge-r4 0 2026-09-19T17:20:15.867381+00:00 {'stdout_path': 'logs/compile-depthbridge-r4/stdout', 'stderr_path': 'logs/compile-depthbridge-r4/stderr', 'stdout_sha256': '63cccfeaa406787f4554adee9ccd0355cede3f32f59c174fe8f7c58d3b912b38', 'stderr_sha256': 'e3b0c44298fc1c149afbf4c8996fb92427ae41e4649b934ca495991b7852b855'}
compile-depthbridge-r5 1 2026-09-19T17:21:53.969204+00:00 {'stdout_path': 'logs/compile-depthbridge-r5/stdout', 'stderr_path': 'logs/compile-depthbridge-r5/stderr', 'stdout_sha256': 'aa84fb0760ea07344e39088846d396f98e12b8f8c4b1f3598430b566114eee4f', 'stderr_sha256': 'e3b0c44298fc1c149afbf4c8996fb92427ae41e4649b934ca495991b7852b855'}
compile-depthbridge-r6 0 2026-09-19T17:22:20.806397+00:00 {'stdout_path': 'logs/compile-depthbridge-r6/stdout', 'stderr_path': 'logs/compile-depthbridge-r6/stderr', 'stdout_sha256': '957a86d3008380b22d74b2c6224fe6d17d6217cf460ebfb1da4963fab4bbb49f', 'stderr_sha256': 'e3b0c44298fc1c149afbf4c8996fb92427ae41e4649b934ca495991b7852b855'}
compile-irdepth-olean 0 2026-09-19T17:40:04.719864+00:00 {'stdout_path': 'logs/compile-irdepth-olean/stdout', 'stderr_path': 'logs/compile-irdepth-olean/stderr', 'stdout_sha256': '6fea5d8d4f986f4f15eaa4b2d79878628fb066f7d8fe451885f49f393a693aa8', 'stderr_sha256': 'e3b0c44298fc1c149afbf4c8996fb92427ae41e4649b934ca495991b7852b855'}
compile-irdepth-r1 1 2026-09-19T17:23:18.392281+00:00 {'stdout_path': 'logs/compile-irdepth-r1/stdout', 'stderr_path': 'logs/compile-irdepth-r1/stderr', 'stdout_sha256': '345716d017c74483817d9d1f13cb640e970fb1fd57b0c9b4ffc32400e9ac698e', 'stderr_sha256': 'e3b0c44298fc1c149afbf4c8996fb92427ae41e4649b934ca495991b7852b855'}
compile-irdepth-r10 1 2026-09-19T17:35:35.675902+00:00 {'stdout_path': 'logs/compile-irdepth-r10/stdout', 'stderr_path': 'logs/compile-irdepth-r10/stderr', 'stdout_sha256': '416bd5e421ab711fc8a5478a81e3c5bdd1fad5ecb47c8fac095ab7486add9d39', 'stderr_sha256': 'e3b0c44298fc1c149afbf4c8996fb92427ae41e4649b934ca495991b7852b855'}
compile-irdepth-r11 1 2026-09-19T17:36:12.660065+00:00 {'stdout_path': 'logs/compile-irdepth-r11/stdout', 'stderr_path': 'logs/compile-irdepth-r11/stderr', 'stdout_sha256': '6a2afae202dfbbfff7101ce2cc3ad132a01ab6be9729ea3f2534fe20bded76d4', 'stderr_sha256': 'e3b0c44298fc1c149afbf4c8996fb92427ae41e4649b934ca495991b7852b855'}
compile-irdepth-r12 1 2026-09-19T17:37:38.996923+00:00 {'stdout_path': 'logs/compile-irdepth-r12/stdout', 'stderr_path': 'logs/compile-irdepth-r12/stderr', 'stdout_sha256': 'f706f254ded86cacab50c90661b32e2d46214fb266368f56712d5d029cabec04', 'stderr_sha256': 'e3b0c44298fc1c149afbf4c8996fb92427ae41e4649b934ca495991b7852b855'}
compile-irdepth-r13 0 2026-09-19T17:38:36.929585+00:00 {'stdout_path': 'logs/compile-irdepth-r13/stdout', 'stderr_path': 'logs/compile-irdepth-r13/stderr', 'stdout_sha256': '0b21b71a29e63d7c5ad60e74731b76cc9fd8952f9e4faab6fbfbe8f3bc34d656', 'stderr_sha256': 'e3b0c44298fc1c149afbf4c8996fb92427ae41e4649b934ca495991b7852b855'}
compile-irdepth-r2 1 2026-09-19T17:23:57.903968+00:00 {'stdout_path': 'logs/compile-irdepth-r2/stdout', 'stderr_path': 'logs/compile-irdepth-r2/stderr', 'stdout_sha256': '8820de9bc21621655ba5015d60bf0808817649be297144cd2475b49d481e8b63', 'stderr_sha256': 'e3b0c44298fc1c149afbf4c8996fb92427ae41e4649b934ca495991b7852b855'}
compile-irdepth-r3 1 2026-09-19T17:25:42.605230+00:00 {'stdout_path': 'logs/compile-irdepth-r3/stdout', 'stderr_path': 'logs/compile-irdepth-r3/stderr', 'stdout_sha256': '1e9881ed952c40da2db26de2dd94f1b649a41767b818357cb35dfb894e62e643', 'stderr_sha256': 'c4a27db198c4d8632369ee6102944ef46e83c20d685f7c17a6aaff9cfcfc710f'}
compile-irdepth-r4 1 2026-09-19T17:28:07.818772+00:00 {'stdout_path': 'logs/compile-irdepth-r4/stdout', 'stderr_path': 'logs/compile-irdepth-r4/stderr', 'stdout_sha256': '615864fe0be67cd5f80eebff467b4f0ef004284f11d9839460c8c2d05ccaa373', 'stderr_sha256': 'c4a27db198c4d8632369ee6102944ef46e83c20d685f7c17a6aaff9cfcfc710f'}
compile-irdepth-r5 0 2026-09-19T17:29:01.208434+00:00 {'stdout_path': 'logs/compile-irdepth-r5/stdout', 'stderr_path': 'logs/compile-irdepth-r5/stderr', 'stdout_sha256': 'e3b0c44298fc1c149afbf4c8996fb92427ae41e4649b934ca495991b7852b855', 'stderr_sha256': 'e3b0c44298fc1c149afbf4c8996fb92427ae41e4649b934ca495991b7852b855'}
compile-irdepth-r6 1 2026-09-19T17:30:30.060274+00:00 {'stdout_path': 'logs/compile-irdepth-r6/stdout', 'stderr_path': 'logs/compile-irdepth-r6/stderr', 'stdout_sha256': '382c8877fc68f1048ca9956e86a45e06086b654599218ef80a9146a6bbab3be9', 'stderr_sha256': 'e3b0c44298fc1c149afbf4c8996fb92427ae41e4649b934ca495991b7852b855'}
compile-irdepth-r7 0 2026-09-19T17:31:38.218193+00:00 {'stdout_path': 'logs/compile-irdepth-r7/stdout', 'stderr_path': 'logs/compile-irdepth-r7/stderr', 'stdout_sha256': '21fd4d8967845917012ce9c88547d196297374d108e5deaacbf2b69c236fbc3c', 'stderr_sha256': 'e3b0c44298fc1c149afbf4c8996fb92427ae41e4649b934ca495991b7852b855'}
compile-irdepth-r8 1 2026-09-19T17:34:02.968819+00:00 {'stdout_path': 'logs/compile-irdepth-r8/stdout', 'stderr_path': 'logs/compile-irdepth-r8/stderr', 'stdout_sha256': 'fa5cdc2ba66d23c5ce8c49426a60d09242f7182764dcccc7520a9c58ba406ee3', 'stderr_sha256': 'e3b0c44298fc1c149afbf4c8996fb92427ae41e4649b934ca495991b7852b855'}
compile-irdepth-r9 0 2026-09-19T17:34:36.014551+00:00 {'stdout_path': 'logs/compile-irdepth-r9/stdout', 'stderr_path': 'logs/compile-irdepth-r9/stderr', 'stdout_sha256': 'e3b0c44298fc1c149afbf4c8996fb92427ae41e4649b934ca495991b7852b855', 'stderr_sha256': 'e3b0c44298fc1c149afbf4c8996fb92427ae41e4649b934ca495991b7852b855'}
compile-verify-consumer 0 2026-09-19T17:41:27.319056+00:00 {'stdout_path': 'logs/compile-verify-consumer/stdout', 'stderr_path': 'logs/compile-verify-consumer/stderr', 'stdout_sha256': 'e33963f3d6cf8fe30552701d816c16e58059c30de5f50c9fe1733c5a33eed897', 'stderr_sha256': 'e3b0c44298fc1c149afbf4c8996fb92427ae41e4649b934ca495991b7852b855'}
DepthBridge 26 [('', 'theorem', 'max_max_right_comm'), ('', 'theorem', 'foldl_max_init_shift'), ('', 'theorem', 'toJsonList_eq_map'), ('', 'theorem', 'toJsonObj_eq_map'), ('', 'theorem', 'depthList_eq_foldl'), ('', 'theorem', 'depthObj_eq_foldl'), ('', 'theorem', 'max_min_left'), ('', 'theorem', 'foldl_max_min_eq_min_foldl_max'), ('', 'theorem', 'pairwise_compare_ne_of_nodup_keys'), ('', 'theorem', 'nodup_pairs_of_nodup_keys'), ('', 'theorem', 'nodup_keys_of_toJsonObj'), ('', 'theorem', 'mem_ofList_toList_iff'), ('', 'theorem', 'toList_ofList_perm_of_nodup'), ('', 'instance', 'foldl_max_jsonDepth_rightComm'), ('', 'theorem', 'jsonDepthFuel_mkObj_succ'), ('', 'theorem', 'jsonDepthFuel_arr_succ'), ('', 'theorem', 'perm_of_nodup_keys_mem'), ('', 'theorem', 'jsonDepthFuel_mkObj_perm'), ('', 'theorem', 'foldl_max_map_toJson'), ('', 'theorem', 'foldl_max_map_toJsonObj'), ('', 'theorem', 'jsonDepthFuel_toJson_eq_min'), ('', 'theorem', 'jsonDepth_toJson_eq_min'), ('', 'theorem', 'TreeJson.depth_le_of_jsonDepth_toJson_le_64'), ('', 'theorem', 'foldl_max_map_json'), ('', 'theorem', 'jsonDepthFuel_arr_congr'), ('', 'theorem', 'jsonDepthFuel_mkObj_of_nodup_keys')]
IRDepth 12 [('', 'theorem', 'jsonDepthFuel_libraryRef'), ('', 'theorem', 'jsonDepthFuel_world'), ('', 'theorem', 'jsonDepthFuel_boundary'), ('', 'theorem', 'jsonDepthFuel_operationInterface'), ('', 'theorem', 'jsonDepthFuel_request'), ('', 'theorem', 'jsonDepthFuel_config'), ('', 'theorem', 'jsonDepthFuel_component'), ('', 'theorem', 'jsonDepthFuel_typedExecutePayload'), ('', 'theorem', 'jsonDepthFuel_envelope'), ('', 'theorem', 'jsonDepthFuel_decodedIR_typed'), ('', 'theorem', 'moduleToTreeJson_typed_depth_le_64'), ('', 'theorem', 'decodeBytes_encodeModule_typed_of_lex')]
