{
  "source_pin": {
    "repo": "https://github.com/Uniswap/v3-core",
    "tag": "v1.0.0",
    "commit": "e3589b192d0be27e100cd0daaf6c97204fdb1899",
    "tree": "f024dbf808e50091852f7cc8724d837543a8c7e5",
    "tag_object": "ef64f51d0f0dca5346c903484f3e6a771dd69d59"
  },
  "evm_record_pin": {
    "repo": "https://github.com/Uniswap/v3-core",
    "tag": "v1.0.0",
    "commit": "e3589b192d0be27e100cd0daaf6c97204fdb1899",
    "tree": "f024dbf808e50091852f7cc8724d837543a8c7e5",
    "tag_object": "ef64f51d0f0dca5346c903484f3e6a771dd69d59"
  },
  "pins_equal": true,
  "helper_pin": {
    "name": "SqrtPriceMath.getNextSqrtPriceFromAmount0RoundingUp",
    "span": "SqrtPriceMath.sol lines 28-56",
    "kind": "internal pure",
    "fee_parameter": false
  },
  "helper_evm_record": {
    "name": "SqrtPriceMath.getNextSqrtPriceFromAmount0RoundingUp",
    "span": "SqrtPriceMath.sol lines 28-56",
    "kind": "internal pure",
    "fee_parameter": false
  },
  "helpers_equal": true,
  "source_closure_count_pin": 7,
  "source_closure_hashes_verified_field": 7,
  "closure_rows": [
    {
      "rel": "contracts/libraries/SqrtPriceMath.sol",
      "pin_sha256": "ddd62e3a94346248677f30f1ab009ef015e71e4b8696dcca890eeabc9dc6c149",
      "upstream_exists": true,
      "upstream_sha256": "ddd62e3a94346248677f30f1ab009ef015e71e4b8696dcca890eeabc9dc6c149",
      "overlay_path": "/home/charl/.cache/defiformal-program/program-execution-20260908/p32-readiness-grok-r1-sandbox/review/semantic-kernel/uniswap-token0/p16/implementation/grok-r6/compiler/baseline/overlay/SqrtPriceMath.sol",
      "overlay_sha256": "ddd62e3a94346248677f30f1ab009ef015e71e4b8696dcca890eeabc9dc6c149",
      "source_hashes_json": "ddd62e3a94346248677f30f1ab009ef015e71e4b8696dcca890eeabc9dc6c149",
      "inputs_upstream": "ddd62e3a94346248677f30f1ab009ef015e71e4b8696dcca890eeabc9dc6c149",
      "match_pin_upstream": true,
      "match_overlay_upstream": true
    },
    {
      "rel": "contracts/libraries/FullMath.sol",
      "pin_sha256": "54087aee268a6938a85a408d7b14481b5c2c956c21508d5583f1bf48ec6d69ba",
      "upstream_exists": true,
      "upstream_sha256": "54087aee268a6938a85a408d7b14481b5c2c956c21508d5583f1bf48ec6d69ba",
      "overlay_path": "/home/charl/.cache/defiformal-program/program-execution-20260908/p32-readiness-grok-r1-sandbox/review/semantic-kernel/uniswap-token0/p16/implementation/grok-r6/compiler/baseline/overlay/FullMath.sol",
      "overlay_sha256": "54087aee268a6938a85a408d7b14481b5c2c956c21508d5583f1bf48ec6d69ba",
      "source_hashes_json": "54087aee268a6938a85a408d7b14481b5c2c956c21508d5583f1bf48ec6d69ba",
      "inputs_upstream": "54087aee268a6938a85a408d7b14481b5c2c956c21508d5583f1bf48ec6d69ba",
      "match_pin_upstream": true,
      "match_overlay_upstream": true
    },
    {
      "rel": "contracts/libraries/UnsafeMath.sol",
      "pin_sha256": "4d02353eb503e3111e25bd50104ac9b279f99e88d848e455262a3fbeb55c50e7",
      "upstream_exists": true,
      "upstream_sha256": "4d02353eb503e3111e25bd50104ac9b279f99e88d848e455262a3fbeb55c50e7",
      "overlay_path": "/home/charl/.cache/defiformal-program/program-execution-20260908/p32-readiness-grok-r1-sandbox/review/semantic-kernel/uniswap-token0/p16/implementation/grok-r6/compiler/baseline/overlay/UnsafeMath.sol",
      "overlay_sha256": "4d02353eb503e3111e25bd50104ac9b279f99e88d848e455262a3fbeb55c50e7",
      "source_hashes_json": "4d02353eb503e3111e25bd50104ac9b279f99e88d848e455262a3fbeb55c50e7",
      "inputs_upstream": "4d02353eb503e3111e25bd50104ac9b279f99e88d848e455262a3fbeb55c50e7",
      "match_pin_upstream": true,
      "match_overlay_upstream": true
    },
    {
      "rel": "contracts/libraries/LowGasSafeMath.sol",
      "pin_sha256": "394107ff2dbbaded5612452af5e77b4af9d0871b096c1514b0ea659b862fc46f",
      "upstream_exists": true,
      "upstream_sha256": "394107ff2dbbaded5612452af5e77b4af9d0871b096c1514b0ea659b862fc46f",
      "overlay_path": "/home/charl/.cache/defiformal-program/program-execution-20260908/p32-readiness-grok-r1-sandbox/review/semantic-kernel/uniswap-token0/p16/implementation/grok-r6/compiler/baseline/overlay/LowGasSafeMath.sol",
      "overlay_sha256": "394107ff2dbbaded5612452af5e77b4af9d0871b096c1514b0ea659b862fc46f",
      "source_hashes_json": "394107ff2dbbaded5612452af5e77b4af9d0871b096c1514b0ea659b862fc46f",
      "inputs_upstream": "394107ff2dbbaded5612452af5e77b4af9d0871b096c1514b0ea659b862fc46f",
      "match_pin_upstream": true,
      "match_overlay_upstream": true
    },
    {
      "rel": "contracts/libraries/SafeCast.sol",
      "pin_sha256": "9aed494b56d3dd16b7d6535583ded2cdfb03dc80aaa919347b13d35fd597e8bf",
      "upstream_exists": true,
      "upstream_sha256": "9aed494b56d3dd16b7d6535583ded2cdfb03dc80aaa919347b13d35fd597e8bf",
      "overlay_path": "/home/charl/.cache/defiformal-program/program-execution-20260908/p32-readiness-grok-r1-sandbox/review/semantic-kernel/uniswap-token0/p16/implementation/grok-r6/compiler/baseline/overlay/SafeCast.sol",
      "overlay_sha256": "9aed494b56d3dd16b7d6535583ded2cdfb03dc80aaa919347b13d35fd597e8bf",
      "source_hashes_json": "9aed494b56d3dd16b7d6535583ded2cdfb03dc80aaa919347b13d35fd597e8bf",
      "inputs_upstream": "9aed494b56d3dd16b7d6535583ded2cdfb03dc80aaa919347b13d35fd597e8bf",
      "match_pin_upstream": true,
      "match_overlay_upstream": true
    },
    {
      "rel": "contracts/libraries/FixedPoint96.sol",
      "pin_sha256": "219deb88ffbcdefa482be35051db586378e8523062bee592dd2c5fa7fb47ebd6",
      "upstream_exists": true,
      "upstream_sha256": "219deb88ffbcdefa482be35051db586378e8523062bee592dd2c5fa7fb47ebd6",
      "overlay_path": "/home/charl/.cache/defiformal-program/program-execution-20260908/p32-readiness-grok-r1-sandbox/review/semantic-kernel/uniswap-token0/p16/implementation/grok-r6/compiler/baseline/overlay/FixedPoint96.sol",
      "overlay_sha256": "219deb88ffbcdefa482be35051db586378e8523062bee592dd2c5fa7fb47ebd6",
      "source_hashes_json": "219deb88ffbcdefa482be35051db586378e8523062bee592dd2c5fa7fb47ebd6",
      "inputs_upstream": "219deb88ffbcdefa482be35051db586378e8523062bee592dd2c5fa7fb47ebd6",
      "match_pin_upstream": true,
      "match_overlay_upstream": true
    },
    {
      "rel": "hardhat.config.ts",
      "pin_sha256": "85cc32497cbb67a78cabc0716881891c258b7a3d42c1c9fe599c9279d60e8af2",
      "upstream_exists": true,
      "upstream_sha256": "85cc32497cbb67a78cabc0716881891c258b7a3d42c1c9fe599c9279d60e8af2",
      "overlay_path": null,
      "overlay_sha256": null,
      "source_hashes_json": null,
      "inputs_upstream": "85cc32497cbb67a78cabc0716881891c258b7a3d42c1c9fe599c9279d60e8af2",
      "match_pin_upstream": true,
      "match_overlay_upstream": null
    }
  ],
  "all_seven_pin_upstream_match": true,
  "overlay_library_matches": [
    {
      "rel": "contracts/libraries/SqrtPriceMath.sol",
      "pin_sha256": "ddd62e3a94346248677f30f1ab009ef015e71e4b8696dcca890eeabc9dc6c149",
      "upstream_exists": true,
      "upstream_sha256": "ddd62e3a94346248677f30f1ab009ef015e71e4b8696dcca890eeabc9dc6c149",
      "overlay_path": "/home/charl/.cache/defiformal-program/program-execution-20260908/p32-readiness-grok-r1-sandbox/review/semantic-kernel/uniswap-token0/p16/implementation/grok-r6/compiler/baseline/overlay/SqrtPriceMath.sol",
      "overlay_sha256": "ddd62e3a94346248677f30f1ab009ef015e71e4b8696dcca890eeabc9dc6c149",
      "source_hashes_json": "ddd62e3a94346248677f30f1ab009ef015e71e4b8696dcca890eeabc9dc6c149",
      "inputs_upstream": "ddd62e3a94346248677f30f1ab009ef015e71e4b8696dcca890eeabc9dc6c149",
      "match_pin_upstream": true,
      "match_overlay_upstream": true
    },
    {
      "rel": "contracts/libraries/FullMath.sol",
      "pin_sha256": "54087aee268a6938a85a408d7b14481b5c2c956c21508d5583f1bf48ec6d69ba",
      "upstream_exists": true,
      "upstream_sha256": "54087aee268a6938a85a408d7b14481b5c2c956c21508d5583f1bf48ec6d69ba",
      "overlay_path": "/home/charl/.cache/defiformal-program/program-execution-20260908/p32-readiness-grok-r1-sandbox/review/semantic-kernel/uniswap-token0/p16/implementation/grok-r6/compiler/baseline/overlay/FullMath.sol",
      "overlay_sha256": "54087aee268a6938a85a408d7b14481b5c2c956c21508d5583f1bf48ec6d69ba",
      "source_hashes_json": "54087aee268a6938a85a408d7b14481b5c2c956c21508d5583f1bf48ec6d69ba",
      "inputs_upstream": "54087aee268a6938a85a408d7b14481b5c2c956c21508d5583f1bf48ec6d69ba",
      "match_pin_upstream": true,
      "match_overlay_upstream": true
    },
    {
      "rel": "contracts/libraries/UnsafeMath.sol",
      "pin_sha256": "4d02353eb503e3111e25bd50104ac9b279f99e88d848e455262a3fbeb55c50e7",
      "upstream_exists": true,
      "upstream_sha256": "4d02353eb503e3111e25bd50104ac9b279f99e88d848e455262a3fbeb55c50e7",
      "overlay_path": "/home/charl/.cache/defiformal-program/program-execution-20260908/p32-readiness-grok-r1-sandbox/review/semantic-kernel/uniswap-token0/p16/implementation/grok-r6/compiler/baseline/overlay/UnsafeMath.sol",
      "overlay_sha256": "4d02353eb503e3111e25bd50104ac9b279f99e88d848e455262a3fbeb55c50e7",
      "source_hashes_json": "4d02353eb503e3111e25bd50104ac9b279f99e88d848e455262a3fbeb55c50e7",
      "inputs_upstream": "4d02353eb503e3111e25bd50104ac9b279f99e88d848e455262a3fbeb55c50e7",
      "match_pin_upstream": true,
      "match_overlay_upstream": true
    },
    {
      "rel": "contracts/libraries/LowGasSafeMath.sol",
      "pin_sha256": "394107ff2dbbaded5612452af5e77b4af9d0871b096c1514b0ea659b862fc46f",
      "upstream_exists": true,
      "upstream_sha256": "394107ff2dbbaded5612452af5e77b4af9d0871b096c1514b0ea659b862fc46f",
      "overlay_path": "/home/charl/.cache/defiformal-program/program-execution-20260908/p32-readiness-grok-r1-sandbox/review/semantic-kernel/uniswap-token0/p16/implementation/grok-r6/compiler/baseline/overlay/LowGasSafeMath.sol",
      "overlay_sha256": "394107ff2dbbaded5612452af5e77b4af9d0871b096c1514b0ea659b862fc46f",
      "source_hashes_json": "394107ff2dbbaded5612452af5e77b4af9d0871b096c1514b0ea659b862fc46f",
      "inputs_upstream": "394107ff2dbbaded5612452af5e77b4af9d0871b096c1514b0ea659b862fc46f",
      "match_pin_upstream": true,
      "match_overlay_upstream": true
    },
    {
      "rel": "contracts/libraries/SafeCast.sol",
      "pin_sha256": "9aed494b56d3dd16b7d6535583ded2cdfb03dc80aaa919347b13d35fd597e8bf",
      "upstream_exists": true,
      "upstream_sha256": "9aed494b56d3dd16b7d6535583ded2cdfb03dc80aaa919347b13d35fd597e8bf",
      "overlay_path": "/home/charl/.cache/defiformal-program/program-execution-20260908/p32-readiness-grok-r1-sandbox/review/semantic-kernel/uniswap-token0/p16/implementation/grok-r6/compiler/baseline/overlay/SafeCast.sol",
      "overlay_sha256": "9aed494b56d3dd16b7d6535583ded2cdfb03dc80aaa919347b13d35fd597e8bf",
      "source_hashes_json": "9aed494b56d3dd16b7d6535583ded2cdfb03dc80aaa919347b13d35fd597e8bf",
      "inputs_upstream": "9aed494b56d3dd16b7d6535583ded2cdfb03dc80aaa919347b13d35fd597e8bf",
      "match_pin_upstream": true,
      "match_overlay_upstream": true
    },
    {
      "rel": "contracts/libraries/FixedPoint96.sol",
      "pin_sha256": "219deb88ffbcdefa482be35051db586378e8523062bee592dd2c5fa7fb47ebd6",
      "upstream_exists": true,
      "upstream_sha256": "219deb88ffbcdefa482be35051db586378e8523062bee592dd2c5fa7fb47ebd6",
      "overlay_path": "/home/charl/.cache/defiformal-program/program-execution-20260908/p32-readiness-grok-r1-sandbox/review/semantic-kernel/uniswap-token0/p16/implementation/grok-r6/compiler/baseline/overlay/FixedPoint96.sol",
      "overlay_sha256": "219deb88ffbcdefa482be35051db586378e8523062bee592dd2c5fa7fb47ebd6",
      "source_hashes_json": "219deb88ffbcdefa482be35051db586378e8523062bee592dd2c5fa7fb47ebd6",
      "inputs_upstream": "219deb88ffbcdefa482be35051db586378e8523062bee592dd2c5fa7fb47ebd6",
      "match_pin_upstream": true,
      "match_overlay_upstream": true
    }
  ],
  "token0probe_overlay_sha256": "cc12001912e34069e54042ed62be5ecd0c1e57bca7e1c3685fce404e21cb069c",
  "token0probe_source_hashes": "cc12001912e34069e54042ed62be5ecd0c1e57bca7e1c3685fce404e21cb069c",
  "hardhat_declares_evmVersion": false,
  "standard_json_settings": {
    "optimizer": {
      "enabled": true,
      "runs": 800
    },
    "metadata": {
      "bytecodeHash": "none"
    },
    "evmVersion": "istanbul",
    "outputSelection": {
      "*": {
        "*": [
          "abi",
          "evm.bytecode.object",
          "evm.deployedBytecode.object",
          "evm.methodIdentifiers",
          "metadata"
        ]
      }
    }
  },
  "evm_compile_settings": {
    "optimizer": {
      "enabled": true,
      "runs": 800
    },
    "metadata": {
      "bytecodeHash": "none"
    },
    "evmVersion": "istanbul",
    "outputSelection": {
      "*": {
        "*": [
          "abi",
          "evm.bytecode.object",
          "evm.deployedBytecode.object",
          "evm.methodIdentifiers",
          "metadata"
        ]
      }
    }
  },
  "compile_settings_equal_standard_json": true,
  "compiler_evmVersion": "istanbul",
  "genesis_selected_fork": "istanbul",
  "compiler_evmVersion_establishes_execution_fork": false,
  "genesis_file_sha256": "1a70be555705a08e5422705322b45fd716a81989af2c5830fbfcffc963b01be4",
  "genesis_binding_sha256_field": "1a70be555705a08e5422705322b45fd716a81989af2c5830fbfcffc963b01be4",
  "evm_genesis_sha256_field": "1a70be555705a08e5422705322b45fd716a81989af2c5830fbfcffc963b01be4",
  "genesis_hashes_agree": true,
  "genesis_istanbulBlock": 0,
  "later_forks_present_in_genesis_config": [],
  "prestate_supplied": true,
  "runtime_hex_file_sha256": "f2e0d587d298221822e4fa03a5191b998c2d1ca370ff558457d01b358ed6eb38",
  "creation_hex_file_sha256": "af6e49aa03a0dbe293c19ff6ca766cdc4e8c243826667f59520519c81801e438",
  "runtime_bytecode_sha256_from_raw_hex": "07f36245480430411ce6a9afe829520f63ffd9a9af7fd7cac52f133d75c6f580",
  "runtime_decode_error": null,
  "runtime_raw_bytes": 734,
  "bytecode_hashes_runtime": "07f36245480430411ce6a9afe829520f63ffd9a9af7fd7cac52f133d75c6f580",
  "compile_json_runtime_bytecode": "07f36245480430411ce6a9afe829520f63ffd9a9af7fd7cac52f133d75c6f580",
  "compile_json_runtime_hex": "f2e0d587d298221822e4fa03a5191b998c2d1ca370ff558457d01b358ed6eb38",
  "result_runtime_bytecode": "07f36245480430411ce6a9afe829520f63ffd9a9af7fd7cac52f133d75c6f580",
  "evm_record_runtime_bytecode": "07f36245480430411ce6a9afe829520f63ffd9a9af7fd7cac52f133d75c6f580",
  "runtime_bytecode_identities_agree": true,
  "runtime_hex_file_distinct_from_bytecode": true,
  "overlay_copy_path": "/home/charl/defiformal-wt-p16-token0-grok-gpt6-20260908/review/semantic-kernel/uniswap-token0/p16/implementation/grok-r6/compiler/baseline/overlay",
  "overlay_dir_exists": true,
  "overlay_names": [
    "FixedPoint96.sol",
    "FullMath.sol",
    "LowGasSafeMath.sol",
    "SafeCast.sol",
    "SqrtPriceMath.sol",
    "Token0Probe.sol",
    "UnsafeMath.sol"
  ],
  "solc_receipt_solc_sha256": "bd69ea85427bf2f4da74cb426ad951dd78db9dfdd01d791208eccc2d4958a6bb",
  "helper_span_first_line": "    function getNextSqrtPriceFromAmount0RoundingUp(",
  "helper_span_last_line": "    }",
  "helper_function_internal_pure": true,
  "mainnet_address_verified": false,
  "mainnet_deployment_identity": null,
  "source_pin_compiler_binary_verified_historical": false,
  "source_pin_evm_harness_historical": "not_established",
  "source_pin_status_historical": "captured_not_executed"
}
