AXIOM AUDIT scope: imported module prefix DefiKernel.Vault; modules=[DefiKernel.Vault.Types,
 DefiKernel.Vault.Conversion,
 DefiKernel.Vault.Operations,
 DefiKernel.Vault.Adapter,
 DefiKernel.Vault.Examples,
 DefiKernel.Vault.Tests,
 DefiKernel.Vault.RuntimeAudit]
AXIOM AUDIT theorem: DefiKernel.Vault.RAY_lt_u192; module=DefiKernel.Vault.Types; axioms=[propext,
 Classical.choice,
 Quot.sound]
AXIOM AUDIT theorem: DefiKernel.Vault.RAY_lt_u256; module=DefiKernel.Vault.Types; axioms=[propext,
 Classical.choice,
 Quot.sound]
AXIOM AUDIT theorem: DefiKernel.Vault.RAY_lt_u90; module=DefiKernel.Vault.Types; axioms=[propext]
AXIOM AUDIT theorem: DefiKernel.Vault.RAY_pos; module=DefiKernel.Vault.Types; axioms=[propext]
AXIOM AUDIT theorem: DefiKernel.Vault.WAD_lt_u256; module=DefiKernel.Vault.Types; axioms=[propext,
 Classical.choice,
 Quot.sound]
AXIOM AUDIT theorem: DefiKernel.Vault.WAD_lt_u64; module=DefiKernel.Vault.Types; axioms=[propext]
AXIOM AUDIT theorem: DefiKernel.Vault.WAD_pos; module=DefiKernel.Vault.Types; axioms=[propext]
AXIOM AUDIT theorem: DefiKernel.Vault.bind_error; module=DefiKernel.Vault.Operations; axioms=[]
AXIOM AUDIT theorem: DefiKernel.Vault.bind_ok; module=DefiKernel.Vault.Operations; axioms=[]
AXIOM AUDIT theorem: DefiKernel.Vault.burnShares_insufficientAllowance; module=DefiKernel.Vault.Operations; axioms=[propext]
AXIOM AUDIT theorem: DefiKernel.Vault.burnShares_insufficientBalance; module=DefiKernel.Vault.Operations; axioms=[propext]
AXIOM AUDIT theorem: DefiKernel.Vault.burnShares_success_delegated; module=DefiKernel.Vault.Operations; axioms=[propext]
AXIOM AUDIT theorem: DefiKernel.Vault.burnShares_success_self; module=DefiKernel.Vault.Operations; axioms=[propext]
AXIOM AUDIT theorem: DefiKernel.Vault.convertToAssets_ok; module=DefiKernel.Vault.Conversion; axioms=[propext,
 Classical.choice,
 Quot.sound]
AXIOM AUDIT theorem: DefiKernel.Vault.convertToShares_eq_divideNat; module=DefiKernel.Vault.Conversion; axioms=[propext,
 Classical.choice,
 Quot.sound]
AXIOM AUDIT theorem: DefiKernel.Vault.convertToShares_floor; module=DefiKernel.Vault.Conversion; axioms=[propext,
 Classical.choice,
 Quot.sound]
AXIOM AUDIT theorem: DefiKernel.Vault.convertToShares_mulOverflow; module=DefiKernel.Vault.Conversion; axioms=[propext,
 Classical.choice,
 Quot.sound]
AXIOM AUDIT theorem: DefiKernel.Vault.convertToShares_ok; module=DefiKernel.Vault.Conversion; axioms=[propext,
 Classical.choice,
 Quot.sound]
AXIOM AUDIT theorem: DefiKernel.Vault.deposit_after_drip; module=DefiKernel.Vault.Operations; axioms=[propext,
 Classical.choice,
 Quot.sound]
AXIOM AUDIT theorem: DefiKernel.Vault.deposit_eq_impl; module=DefiKernel.Vault.Operations; axioms=[propext,
 Classical.choice,
 Quot.sound]
AXIOM AUDIT theorem: DefiKernel.Vault.deposit_floor_shares; module=DefiKernel.Vault.Operations; axioms=[propext,
 Classical.choice,
 Quot.sound]
AXIOM AUDIT theorem: DefiKernel.Vault.deposit_invalid_self; module=DefiKernel.Vault.Operations; axioms=[propext,
 Classical.choice,
 Quot.sound]
AXIOM AUDIT theorem: DefiKernel.Vault.deposit_invalid_zero; module=DefiKernel.Vault.Operations; axioms=[propext,
 Classical.choice,
 Quot.sound]
AXIOM AUDIT theorem: DefiKernel.Vault.deposit_mulOverflow; module=DefiKernel.Vault.Operations; axioms=[propext,
 Classical.choice,
 Quot.sound]
AXIOM AUDIT theorem: DefiKernel.Vault.deposit_success_shares; module=DefiKernel.Vault.Operations; axioms=[propext,
 Classical.choice,
 Quot.sound]
AXIOM AUDIT theorem: DefiKernel.Vault.deposit_transfer_error; module=DefiKernel.Vault.Operations; axioms=[propext,
 Classical.choice,
 Quot.sound]
AXIOM AUDIT theorem: DefiKernel.Vault.divUp_eq_divideNat_up; module=DefiKernel.Vault.Conversion; axioms=[propext]
AXIOM AUDIT theorem: DefiKernel.Vault.divUp_zero; module=DefiKernel.Vault.Conversion; axioms=[propext]
AXIOM AUDIT theorem: DefiKernel.Vault.dripChi_stable; module=DefiKernel.Vault.Operations; axioms=[propext]
AXIOM AUDIT theorem: DefiKernel.Vault.guardReceiver_self; module=DefiKernel.Vault.Operations; axioms=[propext]
AXIOM AUDIT theorem: DefiKernel.Vault.guardReceiver_zero; module=DefiKernel.Vault.Operations; axioms=[propext]
AXIOM AUDIT theorem: DefiKernel.Vault.mapError_checked_ok; module=DefiKernel.Vault.Conversion; axioms=[propext]
AXIOM AUDIT theorem: DefiKernel.Vault.mapError_error; module=DefiKernel.Vault.Conversion; axioms=[]
AXIOM AUDIT theorem: DefiKernel.Vault.mapError_ok; module=DefiKernel.Vault.Conversion; axioms=[]
AXIOM AUDIT theorem: DefiKernel.Vault.mintAfterGuard_ok_shares; module=DefiKernel.Vault.Operations; axioms=[propext]
AXIOM AUDIT theorem: DefiKernel.Vault.mintAfterGuard_success; module=DefiKernel.Vault.Operations; axioms=[propext]
AXIOM AUDIT theorem: DefiKernel.Vault.mintAfterGuard_transfer_error; module=DefiKernel.Vault.Operations; axioms=[propext]
AXIOM AUDIT theorem: DefiKernel.Vault.mintShares_success; module=DefiKernel.Vault.Operations; axioms=[propext]
AXIOM AUDIT theorem: DefiKernel.Vault.mint_after_drip; module=DefiKernel.Vault.Operations; axioms=[propext,
 Classical.choice,
 Quot.sound]
AXIOM AUDIT theorem: DefiKernel.Vault.mint_ceil_assets; module=DefiKernel.Vault.Operations; axioms=[propext,
 Classical.choice,
 Quot.sound]
AXIOM AUDIT theorem: DefiKernel.Vault.mint_invalid_self; module=DefiKernel.Vault.Operations; axioms=[propext,
 Classical.choice,
 Quot.sound]
AXIOM AUDIT theorem: DefiKernel.Vault.mint_invalid_zero; module=DefiKernel.Vault.Operations; axioms=[propext,
 Classical.choice,
 Quot.sound]
AXIOM AUDIT theorem: DefiKernel.Vault.mint_success_assets; module=DefiKernel.Vault.Operations; axioms=[propext,
 Classical.choice,
 Quot.sound]
AXIOM AUDIT theorem: DefiKernel.Vault.mulRay_error_iff; module=DefiKernel.Vault.Conversion; axioms=[propext,
 Classical.choice,
 Quot.sound]
AXIOM AUDIT theorem: DefiKernel.Vault.mul_chi_ok; module=DefiKernel.Vault.Conversion; axioms=[propext,
 Classical.choice,
 Quot.sound]
AXIOM AUDIT theorem: DefiKernel.Vault.mul_ray_ok; module=DefiKernel.Vault.Conversion; axioms=[propext,
 Classical.choice,
 Quot.sound]
AXIOM AUDIT theorem: DefiKernel.Vault.ofArith_div0; module=DefiKernel.Vault.Conversion; axioms=[]
AXIOM AUDIT theorem: DefiKernel.Vault.ofArith_mulOverflow; module=DefiKernel.Vault.Conversion; axioms=[]
AXIOM AUDIT theorem: DefiKernel.Vault.ofArith_quot; module=DefiKernel.Vault.Conversion; axioms=[]
AXIOM AUDIT theorem: DefiKernel.Vault.previewMint_ok; module=DefiKernel.Vault.Conversion; axioms=[propext,
 Classical.choice,
 Quot.sound]
AXIOM AUDIT theorem: DefiKernel.Vault.previewWithdraw_ok; module=DefiKernel.Vault.Conversion; axioms=[propext,
 Classical.choice,
 Quot.sound]
AXIOM AUDIT theorem: DefiKernel.Vault.rayChi_value; module=DefiKernel.Vault.Types; axioms=[propext,
 Classical.choice,
 Quot.sound]
AXIOM AUDIT theorem: DefiKernel.Vault.rayWord_value; module=DefiKernel.Vault.Types; axioms=[propext,
 Classical.choice,
 Quot.sound]
AXIOM AUDIT theorem: DefiKernel.Vault.redeem_burn_error; module=DefiKernel.Vault.Operations; axioms=[propext,
 Classical.choice,
 Quot.sound]
AXIOM AUDIT theorem: DefiKernel.Vault.redeem_floor_assets; module=DefiKernel.Vault.Operations; axioms=[propext,
 Classical.choice,
 Quot.sound]
AXIOM AUDIT theorem: DefiKernel.Vault.redeem_success_assets; module=DefiKernel.Vault.Operations; axioms=[propext,
 Classical.choice,
 Quot.sound]
AXIOM AUDIT theorem: DefiKernel.Vault.two_pow_192_lt_256; module=DefiKernel.Vault.Types; axioms=[propext,
 Classical.choice,
 Quot.sound]
AXIOM AUDIT theorem: DefiKernel.Vault.validReceiver_R; module=DefiKernel.Vault.Operations; axioms=[propext]
AXIOM AUDIT theorem: DefiKernel.Vault.validReceiver_self; module=DefiKernel.Vault.Operations; axioms=[propext]
AXIOM AUDIT theorem: DefiKernel.Vault.validReceiver_zero; module=DefiKernel.Vault.Operations; axioms=[propext]
AXIOM AUDIT theorem: DefiKernel.Vault.widenChi_value; module=DefiKernel.Vault.Conversion; axioms=[propext,
 Classical.choice,
 Quot.sound]
AXIOM AUDIT theorem: DefiKernel.Vault.withdraw_burn_error; module=DefiKernel.Vault.Operations; axioms=[propext,
 Classical.choice,
 Quot.sound]
AXIOM AUDIT theorem: DefiKernel.Vault.withdraw_ceil_shares; module=DefiKernel.Vault.Operations; axioms=[propext,
 Classical.choice,
 Quot.sound]
AXIOM AUDIT theorem: DefiKernel.Vault.withdraw_success_shares; module=DefiKernel.Vault.Operations; axioms=[propext,
 Classical.choice,
 Quot.sound]
AXIOM AUDIT theorem: DefiKernel.Vault.Adapter.evaluated_Valid; module=DefiKernel.Vault.Adapter; axioms=[propext,
 Classical.choice,
 Quot.sound]
AXIOM AUDIT theorem: DefiKernel.Vault.Adapter.evaluated_accountingOK; module=DefiKernel.Vault.Adapter; axioms=[propext,
 Classical.choice,
 Quot.sound]
AXIOM AUDIT theorem: DefiKernel.Vault.Adapter.evaluated_debitsOK; module=DefiKernel.Vault.Adapter; axioms=[propext,
 Classical.choice,
 Quot.sound]
AXIOM AUDIT theorem: DefiKernel.Vault.Adapter.evaluated_domainOK; module=DefiKernel.Vault.Adapter; axioms=[propext,
 Classical.choice,
 Quot.sound]
AXIOM AUDIT theorem: DefiKernel.Vault.Adapter.evaluated_effect; module=DefiKernel.Vault.Adapter; axioms=[propext,
 Classical.choice,
 Quot.sound]
AXIOM AUDIT theorem: DefiKernel.Vault.Adapter.evaluated_envReadsOK; module=DefiKernel.Vault.Adapter; axioms=[propext,
 Quot.sound]
AXIOM AUDIT theorem: DefiKernel.Vault.Adapter.evaluated_nonneg; module=DefiKernel.Vault.Adapter; axioms=[propext,
 Classical.choice,
 Quot.sound]
AXIOM AUDIT theorem: DefiKernel.Vault.Adapter.evaluated_stateReadsOK; module=DefiKernel.Vault.Adapter; axioms=[propext,
 Quot.sound]
AXIOM AUDIT theorem: DefiKernel.Vault.Adapter.evaluated_suppliesOK; module=DefiKernel.Vault.Adapter; axioms=[propext,
 Classical.choice,
 Quot.sound]
AXIOM AUDIT theorem: DefiKernel.Vault.Adapter.evaluated_supply_susds; module=DefiKernel.Vault.Adapter; axioms=[propext,
 Classical.choice,
 Quot.sound]
AXIOM AUDIT theorem: DefiKernel.Vault.Adapter.evaluated_supply_usds; module=DefiKernel.Vault.Adapter; axioms=[propext,
 Classical.choice,
 Quot.sound]
AXIOM AUDIT theorem: DefiKernel.Vault.Adapter.evaluated_writesOK; module=DefiKernel.Vault.Adapter; axioms=[propext,
 Classical.choice,
 Quot.sound]
AXIOM AUDIT theorem: DefiKernel.Vault.Adapter.execute_ok_iff_deposit; module=DefiKernel.Vault.Adapter; axioms=[propext,
 Classical.choice,
 Quot.sound]
AXIOM AUDIT theorem: DefiKernel.Vault.Adapter.funded_pre_S; module=DefiKernel.Vault.Adapter; axioms=[propext,
 Classical.choice,
 Quot.sound]
AXIOM AUDIT theorem: DefiKernel.Vault.Adapter.funded_pre_other; module=DefiKernel.Vault.Adapter; axioms=[propext,
 Classical.choice,
 Quot.sound]
AXIOM AUDIT theorem: DefiKernel.Vault.Adapter.has_debit_S; module=DefiKernel.Vault.Adapter; axioms=[propext]
AXIOM AUDIT theorem: DefiKernel.Vault.Adapter.has_invoke; module=DefiKernel.Vault.Adapter; axioms=[propext]
AXIOM AUDIT theorem: DefiKernel.Vault.Adapter.has_supply_susds; module=DefiKernel.Vault.Adapter; axioms=[propext]
AXIOM AUDIT theorem: DefiKernel.Vault.Adapter.library_convert; module=DefiKernel.Vault.Adapter; axioms=[propext,
 Classical.choice,
 Quot.sound]
AXIOM AUDIT theorem: DefiKernel.Vault.Adapter.library_derivation; module=DefiKernel.Vault.Adapter; axioms=[propext,
 Classical.choice,
 Quot.sound]
AXIOM AUDIT theorem: DefiKernel.Vault.Adapter.library_prod_lt; module=DefiKernel.Vault.Adapter; axioms=[propext,
 Classical.choice,
 Quot.sound]
AXIOM AUDIT theorem: DefiKernel.Vault.Adapter.no_credit_is_observation; module=DefiKernel.Vault.Adapter; axioms=[propext,
 Classical.choice,
 Quot.sound]
AXIOM AUDIT theorem: DefiKernel.Vault.Adapter.no_credit_mismatch; module=DefiKernel.Vault.Adapter; axioms=[propext,
 Classical.choice,
 Quot.sound]
AXIOM AUDIT theorem: DefiKernel.Vault.Adapter.positive_credit; module=DefiKernel.Vault.Adapter; axioms=[propext,
 Classical.choice,
 Quot.sound]
AXIOM AUDIT theorem: DefiKernel.Vault.Adapter.receiver_susds_effect; module=DefiKernel.Vault.Adapter; axioms=[propext,
 Classical.choice,
 Quot.sound]
AXIOM AUDIT theorem: DefiKernel.Vault.Adapter.registry_deposit; module=DefiKernel.Vault.Adapter; axioms=[propext,
 Quot.sound]
AXIOM AUDIT theorem: DefiKernel.Vault.Adapter.req_operation; module=DefiKernel.Vault.Adapter; axioms=[]
AXIOM AUDIT theorem: DefiKernel.Vault.Adapter.scale1_pos; module=DefiKernel.Vault.Adapter; axioms=[propext, Quot.sound]
AXIOM AUDIT theorem: DefiKernel.Vault.Adapter.sender_usds_effect; module=DefiKernel.Vault.Adapter; axioms=[propext,
 Classical.choice,
 Quot.sound]
AXIOM AUDIT theorem: DefiKernel.Vault.Adapter.sharesQ_eq_wadQ; module=DefiKernel.Vault.Adapter; axioms=[propext,
 Classical.choice,
 Quot.sound]
AXIOM AUDIT theorem: DefiKernel.Vault.Adapter.sharesQ_from_library; module=DefiKernel.Vault.Adapter; axioms=[propext,
 Classical.choice,
 Quot.sound]
AXIOM AUDIT theorem: DefiKernel.Vault.Adapter.shares_nonneg; module=DefiKernel.Vault.Adapter; axioms=[propext,
 Classical.choice,
 Quot.sound]
AXIOM AUDIT theorem: DefiKernel.Vault.Adapter.sum_if_party; module=DefiKernel.Vault.Adapter; axioms=[propext,
 Classical.choice,
 Quot.sound]
AXIOM AUDIT theorem: DefiKernel.Vault.Adapter.template_evaluate; module=DefiKernel.Vault.Adapter; axioms=[propext,
 Classical.choice,
 Quot.sound]
AXIOM AUDIT theorem: DefiKernel.Vault.Adapter.vault_usds_effect; module=DefiKernel.Vault.Adapter; axioms=[propext,
 Classical.choice,
 Quot.sound]
AXIOM AUDIT theorem: DefiKernel.Vault.Adapter.wadQ_from_library; module=DefiKernel.Vault.Adapter; axioms=[propext,
 Classical.choice,
 Quot.sound]
AXIOM AUDIT theorem: DefiKernel.Vault.Adapter.wad_Valid; module=DefiKernel.Vault.Adapter; axioms=[propext,
 Classical.choice,
 Quot.sound]
AXIOM AUDIT theorem: DefiKernel.Vault.Adapter.wad_mul_ray_lt_u256; module=DefiKernel.Vault.Adapter; axioms=[propext,
 Classical.choice,
 Quot.sound]
AXIOM AUDIT theorem: DefiKernel.Vault.Adapter.wad_nonneg; module=DefiKernel.Vault.Adapter; axioms=[propext,
 Classical.choice,
 Quot.sound]
AXIOM AUDIT theorem: DefiKernel.Vault.Adapter.wad_pos; module=DefiKernel.Vault.Adapter; axioms=[propext,
 Classical.choice,
 Quot.sound]
AXIOM AUDIT theorem: DefiKernel.Vault.Addr.ofNat_ctorIdx; module=DefiKernel.Vault.Types; axioms=[]
AXIOM AUDIT theorem: DefiKernel.Vault.Asset.ofNat_ctorIdx; module=DefiKernel.Vault.Types; axioms=[]
AXIOM AUDIT theorem: DefiKernel.Vault.Domain.ofNat_ctorIdx; module=DefiKernel.Vault.Types; axioms=[]
AXIOM AUDIT theorem: DefiKernel.Vault.Examples.RAY_succ_lt_u192; module=DefiKernel.Vault.Examples; axioms=[propext,
 Classical.choice,
 Quot.sound]
AXIOM AUDIT theorem: DefiKernel.Vault.Examples.chi1_value; module=DefiKernel.Vault.Examples; axioms=[propext,
 Classical.choice,
 Quot.sound]
AXIOM AUDIT theorem: DefiKernel.Vault.Examples.ovfNat_lt_u170; module=DefiKernel.Vault.Examples; axioms=[propext]
AXIOM AUDIT theorem: DefiKernel.Vault.Failure.ofNat_ctorIdx; module=DefiKernel.Vault.Types; axioms=[]
AXIOM AUDIT theorem: DefiKernel.Vault.Tests.runtimeChecks_named; module=DefiKernel.Vault.Tests; axioms=[propext,
 Classical.choice,
 Quot.sound]
AXIOM AUDIT theorem: DefiKernel.Vault.divUp.eq_1; module=DefiKernel.Vault.Conversion; axioms=[]
AXIOM AUDIT theorem: DefiKernel.Vault.instDecidableEqAddr._proof_1; module=DefiKernel.Vault.Types; axioms=[]
AXIOM AUDIT theorem: DefiKernel.Vault.instDecidableEqAddr._proof_2; module=DefiKernel.Vault.Types; axioms=[]
AXIOM AUDIT theorem: DefiKernel.Vault.instDecidableEqAsset._proof_1; module=DefiKernel.Vault.Types; axioms=[]
AXIOM AUDIT theorem: DefiKernel.Vault.instDecidableEqAsset._proof_2; module=DefiKernel.Vault.Types; axioms=[]
AXIOM AUDIT theorem: DefiKernel.Vault.instDecidableEqDomain._proof_1; module=DefiKernel.Vault.Types; axioms=[]
AXIOM AUDIT theorem: DefiKernel.Vault.instDecidableEqFailure._proof_1; module=DefiKernel.Vault.Types; axioms=[]
AXIOM AUDIT theorem: DefiKernel.Vault.instDecidableEqFailure._proof_2; module=DefiKernel.Vault.Types; axioms=[]
AXIOM AUDIT theorem: DefiKernel.Vault.instFintypeAddr._proof_1; module=DefiKernel.Vault.Types; axioms=[propext,
 Classical.choice,
 Quot.sound]
AXIOM AUDIT theorem: DefiKernel.Vault.instFintypeAsset._proof_1; module=DefiKernel.Vault.Types; axioms=[propext,
 Classical.choice,
 Quot.sound]
AXIOM AUDIT theorem: DefiKernel.Vault.instFintypeDomain._proof_1; module=DefiKernel.Vault.Types; axioms=[propext,
 Classical.choice,
 Quot.sound]
AXIOM AUDIT theorem: DefiKernel.Vault.validReceiver.eq_1; module=DefiKernel.Vault.Operations; axioms=[]
AXIOM AUDIT theorem: DefiKernel.Vault.widenChi._proof_1; module=DefiKernel.Vault.Conversion; axioms=[propext,
 Classical.choice,
 Quot.sound]
AXIOM AUDIT theorem: _private.DefiKernel.Vault.Conversion.0.Except.map.match_1.eq_1; module=DefiKernel.Vault.Conversion; axioms=[]
AXIOM AUDIT theorem: _private.DefiKernel.Vault.Conversion.0.Except.map.match_1.eq_2; module=DefiKernel.Vault.Conversion; axioms=[]
AXIOM AUDIT theorem: DefiKernel.Vault.Adapter.evaluated.eq_1; module=DefiKernel.Vault.Adapter; axioms=[propext,
 Quot.sound]
AXIOM AUDIT theorem: DefiKernel.Vault.Adapter.evaluated_writesOK._simp_1_2; module=DefiKernel.Vault.Adapter; axioms=[propext]
AXIOM AUDIT theorem: DefiKernel.Vault.Adapter.evaluated_writesOK._simp_1_3; module=DefiKernel.Vault.Adapter; axioms=[propext]
AXIOM AUDIT theorem: DefiKernel.Vault.Adapter.evaluated_writesOK._simp_1_4; module=DefiKernel.Vault.Adapter; axioms=[propext]
AXIOM AUDIT theorem: DefiKernel.Vault.Adapter.fundedState._proof_1; module=DefiKernel.Vault.Adapter; axioms=[propext,
 Classical.choice,
 Quot.sound]
AXIOM AUDIT theorem: DefiKernel.Vault.Adapter.fundedState.congr_simp; module=DefiKernel.Vault.Adapter; axioms=[propext,
 Classical.choice,
 Quot.sound]
AXIOM AUDIT theorem: DefiKernel.Vault.Adapter.fundedState.eq_1; module=DefiKernel.Vault.Adapter; axioms=[propext,
 Classical.choice,
 Quot.sound]
AXIOM AUDIT theorem: DefiKernel.Vault.Adapter.honestPost._proof_1; module=DefiKernel.Vault.Adapter; axioms=[propext,
 Classical.choice,
 Quot.sound]
AXIOM AUDIT theorem: DefiKernel.Vault.Adapter.netEffect.eq_1; module=DefiKernel.Vault.Adapter; axioms=[propext,
 Classical.choice,
 Quot.sound]
AXIOM AUDIT theorem: DefiKernel.Vault.Adapter.noCreditCandidate._proof_1; module=DefiKernel.Vault.Adapter; axioms=[propext,
 Classical.choice,
 Quot.sound]
AXIOM AUDIT theorem: DefiKernel.Vault.Adapter.noCreditCandidate.eq_1; module=DefiKernel.Vault.Adapter; axioms=[propext,
 Classical.choice,
 Quot.sound]
AXIOM AUDIT theorem: DefiKernel.Vault.Adapter.req.eq_1; module=DefiKernel.Vault.Adapter; axioms=[]
AXIOM AUDIT theorem: DefiKernel.Vault.Adapter.scale1.eq_1; module=DefiKernel.Vault.Adapter; axioms=[propext, Quot.sound]
AXIOM AUDIT theorem: DefiKernel.Vault.Adapter.sum_if_party._simp_1_1; module=DefiKernel.Vault.Adapter; axioms=[propext,
 Classical.choice,
 Quot.sound]
AXIOM AUDIT theorem: DefiKernel.Vault.Addr.O.sizeOf_spec; module=DefiKernel.Vault.Types; axioms=[]
AXIOM AUDIT theorem: DefiKernel.Vault.Addr.P.sizeOf_spec; module=DefiKernel.Vault.Types; axioms=[]
AXIOM AUDIT theorem: DefiKernel.Vault.Addr.R.sizeOf_spec; module=DefiKernel.Vault.Types; axioms=[]
AXIOM AUDIT theorem: DefiKernel.Vault.Addr.S.sizeOf_spec; module=DefiKernel.Vault.Types; axioms=[]
AXIOM AUDIT theorem: DefiKernel.Vault.Addr.usds.sizeOf_spec; module=DefiKernel.Vault.Types; axioms=[]
AXIOM AUDIT theorem: DefiKernel.Vault.Addr.vault.sizeOf_spec; module=DefiKernel.Vault.Types; axioms=[]
AXIOM AUDIT theorem: DefiKernel.Vault.Addr.zero.sizeOf_spec; module=DefiKernel.Vault.Types; axioms=[]
AXIOM AUDIT theorem: DefiKernel.Vault.Asset.susds.sizeOf_spec; module=DefiKernel.Vault.Types; axioms=[]
AXIOM AUDIT theorem: DefiKernel.Vault.Asset.usds.sizeOf_spec; module=DefiKernel.Vault.Types; axioms=[]
AXIOM AUDIT theorem: DefiKernel.Vault.Domain.vault.sizeOf_spec; module=DefiKernel.Vault.Types; axioms=[]
AXIOM AUDIT theorem: DefiKernel.Vault.Examples.emptyLedger._proof_1; module=DefiKernel.Vault.Examples; axioms=[]
AXIOM AUDIT theorem: DefiKernel.Vault.Examples.ovfAssets._proof_1; module=DefiKernel.Vault.Examples; axioms=[propext,
 Classical.choice,
 Quot.sound]
AXIOM AUDIT theorem: DefiKernel.Vault.Examples.runtimeChecks._proof_1; module=DefiKernel.Vault.Examples; axioms=[]
AXIOM AUDIT theorem: DefiKernel.Vault.Examples.runtimeChecks._proof_2; module=DefiKernel.Vault.Examples; axioms=[]
AXIOM AUDIT theorem: DefiKernel.Vault.Failure.addOverflow.sizeOf_spec; module=DefiKernel.Vault.Types; axioms=[]
AXIOM AUDIT theorem: DefiKernel.Vault.Failure.divisionByZero.sizeOf_spec; module=DefiKernel.Vault.Types; axioms=[]
AXIOM AUDIT theorem: DefiKernel.Vault.Failure.insufficientAllowance.sizeOf_spec; module=DefiKernel.Vault.Types; axioms=[]
AXIOM AUDIT theorem: DefiKernel.Vault.Failure.insufficientBalance.sizeOf_spec; module=DefiKernel.Vault.Types; axioms=[]
AXIOM AUDIT theorem: DefiKernel.Vault.Failure.invalidAddress.sizeOf_spec; module=DefiKernel.Vault.Types; axioms=[]
AXIOM AUDIT theorem: DefiKernel.Vault.Failure.mulOverflow.sizeOf_spec; module=DefiKernel.Vault.Types; axioms=[]
AXIOM AUDIT theorem: DefiKernel.Vault.Failure.quotientOverflow.sizeOf_spec; module=DefiKernel.Vault.Types; axioms=[]
AXIOM AUDIT theorem: DefiKernel.Vault.Ledger.mk.inj; module=DefiKernel.Vault.Operations; axioms=[]
AXIOM AUDIT theorem: DefiKernel.Vault.Ledger.mk.injEq; module=DefiKernel.Vault.Operations; axioms=[propext]
AXIOM AUDIT theorem: DefiKernel.Vault.Ledger.mk.sizeOf_spec; module=DefiKernel.Vault.Operations; axioms=[]
AXIOM AUDIT theorem: DefiKernel.Vault.Adapter.fundedState._sparseCasesOn_1.else_eq; module=DefiKernel.Vault.Adapter; axioms=[propext]
AXIOM AUDIT theorem: DefiKernel.Vault.Adapter.fundedState._sparseCasesOn_2.else_eq; module=DefiKernel.Vault.Adapter; axioms=[propext]
AXIOM AUDIT theorem: DefiKernel.Vault.Adapter.honestPost._sparseCasesOn_1.else_eq; module=DefiKernel.Vault.Adapter; axioms=[propext]
AXIOM AUDIT theorem: DefiKernel.Vault.Adapter.honestPost._sparseCasesOn_2.else_eq; module=DefiKernel.Vault.Adapter; axioms=[propext]
AXIOM AUDIT theorem: _private.DefiKernel.Vault.Adapter.0.DefiKernel.Vault.Adapter.fundedState.match_1.eq_1; module=DefiKernel.Vault.Adapter; axioms=[propext]
AXIOM AUDIT theorem: _private.DefiKernel.Vault.Adapter.0.DefiKernel.Vault.Adapter.fundedState.match_1.eq_2; module=DefiKernel.Vault.Adapter; axioms=[propext]
AXIOM AUDIT theorem: _private.DefiKernel.Vault.Adapter.0.DefiKernel.Vault.Adapter.honestPost.match_1.eq_1; module=DefiKernel.Vault.Adapter; axioms=[propext]
AXIOM AUDIT theorem: _private.DefiKernel.Vault.Adapter.0.DefiKernel.Vault.Adapter.honestPost.match_1.eq_2; module=DefiKernel.Vault.Adapter; axioms=[propext]
AXIOM AUDIT theorem: _private.DefiKernel.Vault.Adapter.0.DefiKernel.Vault.Adapter.honestPost.match_1.eq_3; module=DefiKernel.Vault.Adapter; axioms=[propext]
AXIOM AUDIT theorem: _private.DefiKernel.Vault.Adapter.0.DefiKernel.Vault.Adapter.honestPost.match_1.eq_4; module=DefiKernel.Vault.Adapter; axioms=[propext]
AXIOM AUDIT declaration: DefiKernel.Vault.RAY; module=DefiKernel.Vault.Types; kind=definition; axioms=[propext]
AXIOM AUDIT declaration: DefiKernel.Vault.WAD; module=DefiKernel.Vault.Types; kind=definition; axioms=[propext]
AXIOM AUDIT declaration: DefiKernel.Vault.burnShares; module=DefiKernel.Vault.Operations; kind=definition; axioms=[propext]
AXIOM AUDIT declaration: DefiKernel.Vault.convertToAssets; module=DefiKernel.Vault.Conversion; kind=definition; axioms=[propext,
 Classical.choice,
 Quot.sound]
AXIOM AUDIT declaration: DefiKernel.Vault.convertToShares; module=DefiKernel.Vault.Conversion; kind=definition; axioms=[propext,
 Classical.choice,
 Quot.sound]
AXIOM AUDIT declaration: DefiKernel.Vault.deposit; module=DefiKernel.Vault.Operations; kind=definition; axioms=[propext,
 Classical.choice,
 Quot.sound]
AXIOM AUDIT declaration: DefiKernel.Vault.depositImpl; module=DefiKernel.Vault.Operations; kind=definition; axioms=[propext,
 Classical.choice,
 Quot.sound]
AXIOM AUDIT declaration: DefiKernel.Vault.divUp; module=DefiKernel.Vault.Conversion; kind=definition; axioms=[]
AXIOM AUDIT declaration: DefiKernel.Vault.dripChi; module=DefiKernel.Vault.Operations; kind=definition; axioms=[]
AXIOM AUDIT declaration: DefiKernel.Vault.guardReceiver; module=DefiKernel.Vault.Operations; kind=definition; axioms=[]
AXIOM AUDIT declaration: DefiKernel.Vault.instDecidableEqAddr; module=DefiKernel.Vault.Types; kind=definition; axioms=[]
AXIOM AUDIT declaration: DefiKernel.Vault.instDecidableEqAsset; module=DefiKernel.Vault.Types; kind=definition; axioms=[]
AXIOM AUDIT declaration: DefiKernel.Vault.instDecidableEqDomain; module=DefiKernel.Vault.Types; kind=definition; axioms=[]
AXIOM AUDIT declaration: DefiKernel.Vault.instDecidableEqFailure; module=DefiKernel.Vault.Types; kind=definition; axioms=[]
AXIOM AUDIT declaration: DefiKernel.Vault.instFintypeAddr; module=DefiKernel.Vault.Types; kind=definition; axioms=[propext,
 Classical.choice,
 Quot.sound]
AXIOM AUDIT declaration: DefiKernel.Vault.instFintypeAsset; module=DefiKernel.Vault.Types; kind=definition; axioms=[propext,
 Classical.choice,
 Quot.sound]
AXIOM AUDIT declaration: DefiKernel.Vault.instFintypeDomain; module=DefiKernel.Vault.Types; kind=definition; axioms=[propext,
 Classical.choice,
 Quot.sound]
AXIOM AUDIT declaration: DefiKernel.Vault.instReprAddr; module=DefiKernel.Vault.Types; kind=definition; axioms=[]
AXIOM AUDIT declaration: DefiKernel.Vault.instReprAsset; module=DefiKernel.Vault.Types; kind=definition; axioms=[]
AXIOM AUDIT declaration: DefiKernel.Vault.instReprDomain; module=DefiKernel.Vault.Types; kind=definition; axioms=[]
AXIOM AUDIT declaration: DefiKernel.Vault.instReprFailure; module=DefiKernel.Vault.Types; kind=definition; axioms=[]
AXIOM AUDIT declaration: DefiKernel.Vault.mint; module=DefiKernel.Vault.Operations; kind=definition; axioms=[propext,
 Classical.choice,
 Quot.sound]
AXIOM AUDIT declaration: DefiKernel.Vault.mintAfterGuard; module=DefiKernel.Vault.Operations; kind=definition; axioms=[propext]
AXIOM AUDIT declaration: DefiKernel.Vault.mintShares; module=DefiKernel.Vault.Operations; kind=definition; axioms=[propext]
AXIOM AUDIT declaration: DefiKernel.Vault.ofArith; module=DefiKernel.Vault.Types; kind=definition; axioms=[]
AXIOM AUDIT declaration: DefiKernel.Vault.previewMint; module=DefiKernel.Vault.Conversion; kind=definition; axioms=[propext,
 Classical.choice,
 Quot.sound]
AXIOM AUDIT declaration: DefiKernel.Vault.previewWithdraw; module=DefiKernel.Vault.Conversion; kind=definition; axioms=[propext,
 Classical.choice,
 Quot.sound]
AXIOM AUDIT declaration: DefiKernel.Vault.rayChi; module=DefiKernel.Vault.Types; kind=definition; axioms=[propext,
 Classical.choice,
 Quot.sound]
AXIOM AUDIT declaration: DefiKernel.Vault.rayWord; module=DefiKernel.Vault.Types; kind=definition; axioms=[propext,
 Classical.choice,
 Quot.sound]
AXIOM AUDIT declaration: DefiKernel.Vault.redeem; module=DefiKernel.Vault.Operations; kind=definition; axioms=[propext,
 Classical.choice,
 Quot.sound]
AXIOM AUDIT declaration: DefiKernel.Vault.sourceLabel; module=DefiKernel.Vault.Types; kind=definition; axioms=[]
AXIOM AUDIT declaration: DefiKernel.Vault.uint256Bound; module=DefiKernel.Vault.Types; kind=definition; axioms=[propext]
AXIOM AUDIT declaration: DefiKernel.Vault.uint256Max; module=DefiKernel.Vault.Types; kind=definition; axioms=[propext]
AXIOM AUDIT declaration: DefiKernel.Vault.usdsTransfer; module=DefiKernel.Vault.Operations; kind=definition; axioms=[]
AXIOM AUDIT declaration: DefiKernel.Vault.usdsTransferFrom; module=DefiKernel.Vault.Operations; kind=definition; axioms=[propext]
AXIOM AUDIT declaration: DefiKernel.Vault.validReceiver; module=DefiKernel.Vault.Operations; kind=definition; axioms=[]
AXIOM AUDIT declaration: DefiKernel.Vault.widenChi; module=DefiKernel.Vault.Conversion; kind=definition; axioms=[propext,
 Classical.choice,
 Quot.sound]
AXIOM AUDIT declaration: DefiKernel.Vault.withdraw; module=DefiKernel.Vault.Operations; kind=definition; axioms=[propext,
 Classical.choice,
 Quot.sound]
AXIOM AUDIT declaration: DefiKernel.Vault.Adapter.A; module=DefiKernel.Vault.Adapter; kind=definition; axioms=[]
AXIOM AUDIT declaration: DefiKernel.Vault.Adapter.D; module=DefiKernel.Vault.Adapter; kind=definition; axioms=[]
AXIOM AUDIT declaration: DefiKernel.Vault.Adapter.P; module=DefiKernel.Vault.Adapter; kind=definition; axioms=[]
AXIOM AUDIT declaration: DefiKernel.Vault.Adapter.ctx; module=DefiKernel.Vault.Adapter; kind=definition; axioms=[]
AXIOM AUDIT declaration: DefiKernel.Vault.Adapter.depositOp; module=DefiKernel.Vault.Adapter; kind=definition; axioms=[]
AXIOM AUDIT declaration: DefiKernel.Vault.Adapter.depositTemplate; module=DefiKernel.Vault.Adapter; kind=definition; axioms=[propext,
 Quot.sound]
AXIOM AUDIT declaration: DefiKernel.Vault.Adapter.env; module=DefiKernel.Vault.Adapter; kind=definition; axioms=[]
AXIOM AUDIT declaration: DefiKernel.Vault.Adapter.evaluated; module=DefiKernel.Vault.Adapter; kind=definition; axioms=[propext,
 Quot.sound]
AXIOM AUDIT declaration: DefiKernel.Vault.Adapter.fundedState; module=DefiKernel.Vault.Adapter; kind=definition; axioms=[propext,
 Classical.choice,
 Quot.sound]
AXIOM AUDIT declaration: DefiKernel.Vault.Adapter.honestPost; module=DefiKernel.Vault.Adapter; kind=definition; axioms=[propext,
 Classical.choice,
 Quot.sound]
AXIOM AUDIT declaration: DefiKernel.Vault.Adapter.libraryAssets; module=DefiKernel.Vault.Adapter; kind=definition; axioms=[propext,
 Classical.choice,
 Quot.sound]
AXIOM AUDIT declaration: DefiKernel.Vault.Adapter.librarySharesWord; module=DefiKernel.Vault.Adapter; kind=definition; axioms=[propext,
 Classical.choice,
 Quot.sound]
AXIOM AUDIT declaration: DefiKernel.Vault.Adapter.netEffect; module=DefiKernel.Vault.Adapter; kind=definition; axioms=[propext,
 Classical.choice,
 Quot.sound]
AXIOM AUDIT declaration: DefiKernel.Vault.Adapter.noCreditCandidate; module=DefiKernel.Vault.Adapter; kind=definition; axioms=[propext,
 Classical.choice,
 Quot.sound]
AXIOM AUDIT declaration: DefiKernel.Vault.Adapter.registry; module=DefiKernel.Vault.Adapter; kind=definition; axioms=[propext,
 Quot.sound]
AXIOM AUDIT declaration: DefiKernel.Vault.Adapter.req; module=DefiKernel.Vault.Adapter; kind=definition; axioms=[]
AXIOM AUDIT declaration: DefiKernel.Vault.Adapter.scale1; module=DefiKernel.Vault.Adapter; kind=definition; axioms=[propext,
 Quot.sound]
AXIOM AUDIT declaration: DefiKernel.Vault.Adapter.sharesQ; module=DefiKernel.Vault.Adapter; kind=definition; axioms=[propext,
 Classical.choice,
 Quot.sound]
AXIOM AUDIT declaration: DefiKernel.Vault.Adapter.store; module=DefiKernel.Vault.Adapter; kind=definition; axioms=[]
AXIOM AUDIT declaration: DefiKernel.Vault.Adapter.wadQ; module=DefiKernel.Vault.Adapter; kind=definition; axioms=[propext,
 Classical.choice,
 Quot.sound]
AXIOM AUDIT declaration: DefiKernel.Vault.Addr._sizeOf_1; module=DefiKernel.Vault.Types; kind=definition; axioms=[]
AXIOM AUDIT declaration: DefiKernel.Vault.Addr._sizeOf_inst; module=DefiKernel.Vault.Types; kind=definition; axioms=[]
AXIOM AUDIT declaration: DefiKernel.Vault.Addr.casesOn; module=DefiKernel.Vault.Types; kind=definition; axioms=[]
AXIOM AUDIT declaration: DefiKernel.Vault.Addr.ctorElim; module=DefiKernel.Vault.Types; kind=definition; axioms=[]
AXIOM AUDIT declaration: DefiKernel.Vault.Addr.ctorElimType; module=DefiKernel.Vault.Types; kind=definition; axioms=[]
AXIOM AUDIT declaration: DefiKernel.Vault.Addr.ctorIdx; module=DefiKernel.Vault.Types; kind=definition; axioms=[]
AXIOM AUDIT declaration: DefiKernel.Vault.Addr.noConfusion; module=DefiKernel.Vault.Types; kind=definition; axioms=[]
AXIOM AUDIT declaration: DefiKernel.Vault.Addr.noConfusionType; module=DefiKernel.Vault.Types; kind=definition; axioms=[]
AXIOM AUDIT declaration: DefiKernel.Vault.Addr.ofNat; module=DefiKernel.Vault.Types; kind=definition; axioms=[]
AXIOM AUDIT declaration: DefiKernel.Vault.Addr.recOn; module=DefiKernel.Vault.Types; kind=definition; axioms=[]
AXIOM AUDIT declaration: DefiKernel.Vault.Addr.toCtorIdx; module=DefiKernel.Vault.Types; kind=definition; axioms=[]
AXIOM AUDIT declaration: DefiKernel.Vault.Asset._sizeOf_1; module=DefiKernel.Vault.Types; kind=definition; axioms=[]
AXIOM AUDIT declaration: DefiKernel.Vault.Asset._sizeOf_inst; module=DefiKernel.Vault.Types; kind=definition; axioms=[]
AXIOM AUDIT declaration: DefiKernel.Vault.Asset.casesOn; module=DefiKernel.Vault.Types; kind=definition; axioms=[]
AXIOM AUDIT declaration: DefiKernel.Vault.Asset.ctorElim; module=DefiKernel.Vault.Types; kind=definition; axioms=[]
AXIOM AUDIT declaration: DefiKernel.Vault.Asset.ctorElimType; module=DefiKernel.Vault.Types; kind=definition; axioms=[]
AXIOM AUDIT declaration: DefiKernel.Vault.Asset.ctorIdx; module=DefiKernel.Vault.Types; kind=definition; axioms=[]
AXIOM AUDIT declaration: DefiKernel.Vault.Asset.noConfusion; module=DefiKernel.Vault.Types; kind=definition; axioms=[]
AXIOM AUDIT declaration: DefiKernel.Vault.Asset.noConfusionType; module=DefiKernel.Vault.Types; kind=definition; axioms=[]
AXIOM AUDIT declaration: DefiKernel.Vault.Asset.ofNat; module=DefiKernel.Vault.Types; kind=definition; axioms=[]
AXIOM AUDIT declaration: DefiKernel.Vault.Asset.recOn; module=DefiKernel.Vault.Types; kind=definition; axioms=[]
AXIOM AUDIT declaration: DefiKernel.Vault.Asset.toCtorIdx; module=DefiKernel.Vault.Types; kind=definition; axioms=[]
AXIOM AUDIT declaration: DefiKernel.Vault.Domain._sizeOf_1; module=DefiKernel.Vault.Types; kind=definition; axioms=[]
AXIOM AUDIT declaration: DefiKernel.Vault.Domain._sizeOf_inst; module=DefiKernel.Vault.Types; kind=definition; axioms=[]
AXIOM AUDIT declaration: DefiKernel.Vault.Domain.casesOn; module=DefiKernel.Vault.Types; kind=definition; axioms=[]
AXIOM AUDIT declaration: DefiKernel.Vault.Domain.ctorIdx; module=DefiKernel.Vault.Types; kind=definition; axioms=[]
AXIOM AUDIT declaration: DefiKernel.Vault.Domain.noConfusion; module=DefiKernel.Vault.Types; kind=definition; axioms=[]
AXIOM AUDIT declaration: DefiKernel.Vault.Domain.noConfusionType; module=DefiKernel.Vault.Types; kind=definition; axioms=[]
AXIOM AUDIT declaration: DefiKernel.Vault.Domain.ofNat; module=DefiKernel.Vault.Types; kind=definition; axioms=[]
AXIOM AUDIT declaration: DefiKernel.Vault.Domain.recOn; module=DefiKernel.Vault.Types; kind=definition; axioms=[]
AXIOM AUDIT declaration: DefiKernel.Vault.Domain.toCtorIdx; module=DefiKernel.Vault.Types; kind=definition; axioms=[]
AXIOM AUDIT declaration: DefiKernel.Vault.Examples.assetsOf; module=DefiKernel.Vault.Examples; kind=definition; axioms=[]
AXIOM AUDIT declaration: DefiKernel.Vault.Examples.chi0; module=DefiKernel.Vault.Examples; kind=definition; axioms=[propext,
 Classical.choice,
 Quot.sound]
AXIOM AUDIT declaration: DefiKernel.Vault.Examples.chi1; module=DefiKernel.Vault.Examples; kind=definition; axioms=[propext,
 Classical.choice,
 Quot.sound]
AXIOM AUDIT declaration: DefiKernel.Vault.Examples.creditPredicate; module=DefiKernel.Vault.Examples; kind=definition; axioms=[]
AXIOM AUDIT declaration: DefiKernel.Vault.Examples.emptyLedger; module=DefiKernel.Vault.Examples; kind=definition; axioms=[propext,
 Classical.choice,
 Quot.sound]
AXIOM AUDIT declaration: DefiKernel.Vault.Examples.fundedDelegated; module=DefiKernel.Vault.Examples; kind=definition; axioms=[propext,
 Classical.choice,
 Quot.sound]
AXIOM AUDIT declaration: DefiKernel.Vault.Examples.fundedDeposit; module=DefiKernel.Vault.Examples; kind=definition; axioms=[propext,
 Classical.choice,
 Quot.sound]
AXIOM AUDIT declaration: DefiKernel.Vault.Examples.fundedDepositD1; module=DefiKernel.Vault.Examples; kind=definition; axioms=[propext,
 Classical.choice,
 Quot.sound]
AXIOM AUDIT declaration: DefiKernel.Vault.Examples.fundedMintD1; module=DefiKernel.Vault.Examples; kind=definition; axioms=[propext,
 Classical.choice,
 Quot.sound]
AXIOM AUDIT declaration: DefiKernel.Vault.Examples.fundedRedeem; module=DefiKernel.Vault.Examples; kind=definition; axioms=[propext,
 Classical.choice,
 Quot.sound]
AXIOM AUDIT declaration: DefiKernel.Vault.Examples.fundedRedeemD1; module=DefiKernel.Vault.Examples; kind=definition; axioms=[propext,
 Classical.choice,
 Quot.sound]
AXIOM AUDIT declaration: DefiKernel.Vault.Examples.noCreditPerturb; module=DefiKernel.Vault.Examples; kind=definition; axioms=[]
AXIOM AUDIT declaration: DefiKernel.Vault.Examples.ovfAssets; module=DefiKernel.Vault.Examples; kind=definition; axioms=[propext,
 Classical.choice,
 Quot.sound]
AXIOM AUDIT declaration: DefiKernel.Vault.Examples.ovfNat; module=DefiKernel.Vault.Examples; kind=definition; axioms=[]
AXIOM AUDIT declaration: DefiKernel.Vault.Examples.runtimeChecks; module=DefiKernel.Vault.Examples; kind=definition; axioms=[propext,
 Classical.choice,
 Quot.sound]
AXIOM AUDIT declaration: DefiKernel.Vault.Examples.sharesOf; module=DefiKernel.Vault.Examples; kind=definition; axioms=[]
AXIOM AUDIT declaration: DefiKernel.Vault.Examples.statusErr; module=DefiKernel.Vault.Examples; kind=definition; axioms=[]
AXIOM AUDIT declaration: DefiKernel.Vault.Examples.statusOk; module=DefiKernel.Vault.Examples; kind=definition; axioms=[]
AXIOM AUDIT declaration: DefiKernel.Vault.Examples.vaultUsds; module=DefiKernel.Vault.Examples; kind=definition; axioms=[]
AXIOM AUDIT declaration: DefiKernel.Vault.Examples.wad; module=DefiKernel.Vault.Examples; kind=definition; axioms=[propext,
 Classical.choice,
 Quot.sound]
AXIOM AUDIT declaration: DefiKernel.Vault.Failure._sizeOf_1; module=DefiKernel.Vault.Types; kind=definition; axioms=[]
AXIOM AUDIT declaration: DefiKernel.Vault.Failure._sizeOf_inst; module=DefiKernel.Vault.Types; kind=definition; axioms=[]
AXIOM AUDIT declaration: DefiKernel.Vault.Failure.casesOn; module=DefiKernel.Vault.Types; kind=definition; axioms=[]
AXIOM AUDIT declaration: DefiKernel.Vault.Failure.ctorElim; module=DefiKernel.Vault.Types; kind=definition; axioms=[]
AXIOM AUDIT declaration: DefiKernel.Vault.Failure.ctorElimType; module=DefiKernel.Vault.Types; kind=definition; axioms=[]
AXIOM AUDIT declaration: DefiKernel.Vault.Failure.ctorIdx; module=DefiKernel.Vault.Types; kind=definition; axioms=[]
AXIOM AUDIT declaration: DefiKernel.Vault.Failure.noConfusion; module=DefiKernel.Vault.Types; kind=definition; axioms=[]
AXIOM AUDIT declaration: DefiKernel.Vault.Failure.noConfusionType; module=DefiKernel.Vault.Types; kind=definition; axioms=[]
AXIOM AUDIT declaration: DefiKernel.Vault.Failure.ofNat; module=DefiKernel.Vault.Types; kind=definition; axioms=[]
AXIOM AUDIT declaration: DefiKernel.Vault.Failure.recOn; module=DefiKernel.Vault.Types; kind=definition; axioms=[]
AXIOM AUDIT declaration: DefiKernel.Vault.Failure.toCtorIdx; module=DefiKernel.Vault.Types; kind=definition; axioms=[]
AXIOM AUDIT declaration: DefiKernel.Vault.Ledger._sizeOf_1; module=DefiKernel.Vault.Operations; kind=definition; axioms=[]
AXIOM AUDIT declaration: DefiKernel.Vault.Ledger._sizeOf_inst; module=DefiKernel.Vault.Operations; kind=definition; axioms=[]
AXIOM AUDIT declaration: DefiKernel.Vault.Ledger.casesOn; module=DefiKernel.Vault.Operations; kind=definition; axioms=[]
AXIOM AUDIT declaration: DefiKernel.Vault.Ledger.chi; module=DefiKernel.Vault.Operations; kind=definition; axioms=[]
AXIOM AUDIT declaration: DefiKernel.Vault.Ledger.ctorIdx; module=DefiKernel.Vault.Operations; kind=definition; axioms=[]
AXIOM AUDIT declaration: DefiKernel.Vault.Ledger.noConfusion; module=DefiKernel.Vault.Operations; kind=definition; axioms=[]
AXIOM AUDIT declaration: DefiKernel.Vault.Ledger.noConfusionType; module=DefiKernel.Vault.Operations; kind=definition; axioms=[]
AXIOM AUDIT declaration: DefiKernel.Vault.Ledger.recOn; module=DefiKernel.Vault.Operations; kind=definition; axioms=[]
AXIOM AUDIT declaration: DefiKernel.Vault.Ledger.rho; module=DefiKernel.Vault.Operations; kind=definition; axioms=[]
AXIOM AUDIT declaration: DefiKernel.Vault.Ledger.ssr; module=DefiKernel.Vault.Operations; kind=definition; axioms=[]
AXIOM AUDIT declaration: DefiKernel.Vault.Ledger.susds; module=DefiKernel.Vault.Operations; kind=definition; axioms=[]
AXIOM AUDIT declaration: DefiKernel.Vault.Ledger.susdsAllow; module=DefiKernel.Vault.Operations; kind=definition; axioms=[]
AXIOM AUDIT declaration: DefiKernel.Vault.Ledger.timestamp; module=DefiKernel.Vault.Operations; kind=definition; axioms=[]
AXIOM AUDIT declaration: DefiKernel.Vault.Ledger.totalSupply; module=DefiKernel.Vault.Operations; kind=definition; axioms=[]
AXIOM AUDIT declaration: DefiKernel.Vault.Ledger.usds; module=DefiKernel.Vault.Operations; kind=definition; axioms=[]
AXIOM AUDIT declaration: DefiKernel.Vault.Ledger.usdsAllow; module=DefiKernel.Vault.Operations; kind=definition; axioms=[]
AXIOM AUDIT declaration: DefiKernel.Vault.Ledger.usdsSupply; module=DefiKernel.Vault.Operations; kind=definition; axioms=[]
AXIOM AUDIT declaration: DefiKernel.Vault.RuntimeAudit.main; module=DefiKernel.Vault.RuntimeAudit; kind=definition; axioms=[propext,
 Classical.choice,
 Quot.sound]
AXIOM AUDIT declaration: DefiKernel.Vault.Tests.runtimeChecks; module=DefiKernel.Vault.Tests; kind=definition; axioms=[propext,
 Classical.choice,
 Quot.sound]
AXIOM AUDIT declaration: DefiKernel.Vault.instReprAddr.repr; module=DefiKernel.Vault.Types; kind=definition; axioms=[]
AXIOM AUDIT declaration: DefiKernel.Vault.instReprAsset.repr; module=DefiKernel.Vault.Types; kind=definition; axioms=[]
AXIOM AUDIT declaration: DefiKernel.Vault.instReprDomain.repr; module=DefiKernel.Vault.Types; kind=definition; axioms=[]
AXIOM AUDIT declaration: DefiKernel.Vault.instReprFailure.repr; module=DefiKernel.Vault.Types; kind=definition; axioms=[]
AXIOM AUDIT declaration: DefiKernel.Vault.mint.match_1; module=DefiKernel.Vault.Operations; kind=definition; axioms=[]
AXIOM AUDIT declaration: DefiKernel.Vault.mintAfterGuard.match_1; module=DefiKernel.Vault.Operations; kind=definition; axioms=[]
AXIOM AUDIT declaration: DefiKernel.Vault.ofArith.match_1; module=DefiKernel.Vault.Types; kind=definition; axioms=[]
AXIOM AUDIT declaration: _private.DefiKernel.Vault.Conversion.0.Except.map.match_1.splitter; module=DefiKernel.Vault.Conversion; kind=definition; axioms=[]
AXIOM AUDIT declaration: DefiKernel.Vault.Adapter.execute_ok_iff_deposit.match_1_1; module=DefiKernel.Vault.Adapter; kind=definition; axioms=[propext,
 Classical.choice,
 Quot.sound]
AXIOM AUDIT declaration: DefiKernel.Vault.Adapter.fundedState._sparseCasesOn_1; module=DefiKernel.Vault.Adapter; kind=definition; axioms=[propext]
AXIOM AUDIT declaration: DefiKernel.Vault.Adapter.fundedState._sparseCasesOn_2; module=DefiKernel.Vault.Adapter; kind=definition; axioms=[propext]
AXIOM AUDIT declaration: DefiKernel.Vault.Adapter.fundedState.match_1; module=DefiKernel.Vault.Adapter; kind=definition; axioms=[propext]
AXIOM AUDIT declaration: DefiKernel.Vault.Adapter.honestPost._sparseCasesOn_1; module=DefiKernel.Vault.Adapter; kind=definition; axioms=[propext]
AXIOM AUDIT declaration: DefiKernel.Vault.Adapter.honestPost._sparseCasesOn_2; module=DefiKernel.Vault.Adapter; kind=definition; axioms=[propext]
AXIOM AUDIT declaration: DefiKernel.Vault.Adapter.honestPost.match_1; module=DefiKernel.Vault.Adapter; kind=definition; axioms=[propext]
AXIOM AUDIT declaration: DefiKernel.Vault.Addr.O.elim; module=DefiKernel.Vault.Types; kind=definition; axioms=[]
AXIOM AUDIT declaration: DefiKernel.Vault.Addr.P.elim; module=DefiKernel.Vault.Types; kind=definition; axioms=[]
AXIOM AUDIT declaration: DefiKernel.Vault.Addr.R.elim; module=DefiKernel.Vault.Types; kind=definition; axioms=[]
AXIOM AUDIT declaration: DefiKernel.Vault.Addr.S.elim; module=DefiKernel.Vault.Types; kind=definition; axioms=[]
AXIOM AUDIT declaration: DefiKernel.Vault.Addr.usds.elim; module=DefiKernel.Vault.Types; kind=definition; axioms=[]
AXIOM AUDIT declaration: DefiKernel.Vault.Addr.vault.elim; module=DefiKernel.Vault.Types; kind=definition; axioms=[]
AXIOM AUDIT declaration: DefiKernel.Vault.Addr.zero.elim; module=DefiKernel.Vault.Types; kind=definition; axioms=[]
AXIOM AUDIT declaration: DefiKernel.Vault.Asset.susds.elim; module=DefiKernel.Vault.Types; kind=definition; axioms=[]
AXIOM AUDIT declaration: DefiKernel.Vault.Asset.usds.elim; module=DefiKernel.Vault.Types; kind=definition; axioms=[]
AXIOM AUDIT declaration: DefiKernel.Vault.Examples.runtimeChecks._sparseCasesOn_1; module=DefiKernel.Vault.Examples; kind=definition; axioms=[propext]
AXIOM AUDIT declaration: DefiKernel.Vault.Examples.runtimeChecks.match_1; module=DefiKernel.Vault.Examples; kind=definition; axioms=[propext]
AXIOM AUDIT declaration: DefiKernel.Vault.Examples.sharesOf.match_1; module=DefiKernel.Vault.Examples; kind=definition; axioms=[]
AXIOM AUDIT declaration: DefiKernel.Vault.Examples.statusErr.match_1; module=DefiKernel.Vault.Examples; kind=definition; axioms=[]
AXIOM AUDIT declaration: DefiKernel.Vault.Examples.statusOk.match_1; module=DefiKernel.Vault.Examples; kind=definition; axioms=[]
AXIOM AUDIT declaration: DefiKernel.Vault.Failure.addOverflow.elim; module=DefiKernel.Vault.Types; kind=definition; axioms=[]
AXIOM AUDIT declaration: DefiKernel.Vault.Failure.divisionByZero.elim; module=DefiKernel.Vault.Types; kind=definition; axioms=[]
AXIOM AUDIT declaration: DefiKernel.Vault.Failure.insufficientAllowance.elim; module=DefiKernel.Vault.Types; kind=definition; axioms=[]
AXIOM AUDIT declaration: DefiKernel.Vault.Failure.insufficientBalance.elim; module=DefiKernel.Vault.Types; kind=definition; axioms=[]
AXIOM AUDIT declaration: DefiKernel.Vault.Failure.invalidAddress.elim; module=DefiKernel.Vault.Types; kind=definition; axioms=[]
AXIOM AUDIT declaration: DefiKernel.Vault.Failure.mulOverflow.elim; module=DefiKernel.Vault.Types; kind=definition; axioms=[]
AXIOM AUDIT declaration: DefiKernel.Vault.Failure.quotientOverflow.elim; module=DefiKernel.Vault.Types; kind=definition; axioms=[]
AXIOM AUDIT declaration: DefiKernel.Vault.Ledger.mk._flat_ctor; module=DefiKernel.Vault.Operations; kind=definition; axioms=[]
AXIOM AUDIT declaration: DefiKernel.Vault.Ledger.mk.noConfusion; module=DefiKernel.Vault.Operations; kind=definition; axioms=[]
AXIOM AUDIT declaration: DefiKernel.Vault.RuntimeAudit.main.match_1; module=DefiKernel.Vault.RuntimeAudit; kind=definition; axioms=[]
AXIOM AUDIT declaration: DefiKernel.Vault.instReprAddr.repr.match_1; module=DefiKernel.Vault.Types; kind=definition; axioms=[]
AXIOM AUDIT declaration: DefiKernel.Vault.instReprAsset.repr.match_1; module=DefiKernel.Vault.Types; kind=definition; axioms=[]
AXIOM AUDIT declaration: DefiKernel.Vault.instReprDomain.repr.match_1; module=DefiKernel.Vault.Types; kind=definition; axioms=[]
AXIOM AUDIT declaration: DefiKernel.Vault.instReprFailure.repr.match_1; module=DefiKernel.Vault.Types; kind=definition; axioms=[]
AXIOM AUDIT declaration: _private.DefiKernel.Vault.Adapter.0.DefiKernel.Vault.Adapter.fundedState.match_1.splitter; module=DefiKernel.Vault.Adapter; kind=definition; axioms=[propext]
AXIOM AUDIT declaration: _private.DefiKernel.Vault.Adapter.0.DefiKernel.Vault.Adapter.honestPost.match_1.splitter; module=DefiKernel.Vault.Adapter; kind=definition; axioms=[propext]
AXIOM AUDIT DECLARATIONS PASSED: 184/184 supplemental declarations; forbidden=0
AXIOM AUDIT PASSED: 175/175 theorems; forbidden=0
AXIOM AUDIT scope: imported module prefix DefiKernel.ConcentratedLiquidity.Token0Bridge; modules=[DefiKernel.ConcentratedLiquidity.Token0Bridge]
AXIOM AUDIT theorem: DefiKernel.ConcentratedLiquidity.Q96.eq_1; module=DefiKernel.ConcentratedLiquidity.Token0Bridge; axioms=[]
AXIOM AUDIT theorem: DefiKernel.ConcentratedLiquidity.Token0Bridge.amt1_pos; module=DefiKernel.ConcentratedLiquidity.Token0Bridge; axioms=[]
AXIOM AUDIT theorem: DefiKernel.ConcentratedLiquidity.Token0Bridge.evaluated_Valid; module=DefiKernel.ConcentratedLiquidity.Token0Bridge; axioms=[propext,
 Classical.choice,
 Quot.sound]
AXIOM AUDIT theorem: DefiKernel.ConcentratedLiquidity.Token0Bridge.evaluated_accountingOK; module=DefiKernel.ConcentratedLiquidity.Token0Bridge; axioms=[propext,
 Classical.choice,
 Quot.sound]
AXIOM AUDIT theorem: DefiKernel.ConcentratedLiquidity.Token0Bridge.evaluated_debitsOK; module=DefiKernel.ConcentratedLiquidity.Token0Bridge; axioms=[propext,
 Classical.choice,
 Quot.sound]
AXIOM AUDIT theorem: DefiKernel.ConcentratedLiquidity.Token0Bridge.evaluated_domainOK; module=DefiKernel.ConcentratedLiquidity.Token0Bridge; axioms=[propext,
 Classical.choice,
 Quot.sound]
AXIOM AUDIT theorem: DefiKernel.ConcentratedLiquidity.Token0Bridge.evaluated_effect; module=DefiKernel.ConcentratedLiquidity.Token0Bridge; axioms=[propext,
 Classical.choice,
 Quot.sound]
AXIOM AUDIT theorem: DefiKernel.ConcentratedLiquidity.Token0Bridge.evaluated_envReadsOK; module=DefiKernel.ConcentratedLiquidity.Token0Bridge; axioms=[propext,
 Classical.choice,
 Quot.sound]
AXIOM AUDIT theorem: DefiKernel.ConcentratedLiquidity.Token0Bridge.evaluated_nonneg; module=DefiKernel.ConcentratedLiquidity.Token0Bridge; axioms=[propext,
 Classical.choice,
 Quot.sound]
AXIOM AUDIT theorem: DefiKernel.ConcentratedLiquidity.Token0Bridge.evaluated_stateReadsOK; module=DefiKernel.ConcentratedLiquidity.Token0Bridge; axioms=[propext,
 Classical.choice,
 Quot.sound]
AXIOM AUDIT theorem: DefiKernel.ConcentratedLiquidity.Token0Bridge.evaluated_suppliesOK; module=DefiKernel.ConcentratedLiquidity.Token0Bridge; axioms=[propext,
 Classical.choice,
 Quot.sound]
AXIOM AUDIT theorem: DefiKernel.ConcentratedLiquidity.Token0Bridge.evaluated_writesOK; module=DefiKernel.ConcentratedLiquidity.Token0Bridge; axioms=[propext,
 Classical.choice,
 Quot.sound]
AXIOM AUDIT theorem: DefiKernel.ConcentratedLiquidity.Token0Bridge.execute_ok_iff_quote; module=DefiKernel.ConcentratedLiquidity.Token0Bridge; axioms=[propext,
 Classical.choice,
 Quot.sound]
AXIOM AUDIT theorem: DefiKernel.ConcentratedLiquidity.Token0Bridge.has_debit; module=DefiKernel.ConcentratedLiquidity.Token0Bridge; axioms=[propext]
AXIOM AUDIT theorem: DefiKernel.ConcentratedLiquidity.Token0Bridge.has_invoke; module=DefiKernel.ConcentratedLiquidity.Token0Bridge; axioms=[propext]
AXIOM AUDIT theorem: DefiKernel.ConcentratedLiquidity.Token0Bridge.has_supply; module=DefiKernel.ConcentratedLiquidity.Token0Bridge; axioms=[propext]
AXIOM AUDIT theorem: DefiKernel.ConcentratedLiquidity.Token0Bridge.library_identity_zero; module=DefiKernel.ConcentratedLiquidity.Token0Bridge; axioms=[propext,
 Classical.choice,
 Quot.sound]
AXIOM AUDIT theorem: DefiKernel.ConcentratedLiquidity.Token0Bridge.library_ordinary_add; module=DefiKernel.ConcentratedLiquidity.Token0Bridge; axioms=[propext,
 Classical.choice,
 Quot.sound]
AXIOM AUDIT theorem: DefiKernel.ConcentratedLiquidity.Token0Bridge.lift_scale_one; module=DefiKernel.ConcentratedLiquidity.Token0Bridge; axioms=[propext,
 Classical.choice,
 Quot.sound]
AXIOM AUDIT theorem: DefiKernel.ConcentratedLiquidity.Token0Bridge.ordinary_add_nonzero_debit; module=DefiKernel.ConcentratedLiquidity.Token0Bridge; axioms=[propext,
 Classical.choice,
 Quot.sound]
AXIOM AUDIT theorem: DefiKernel.ConcentratedLiquidity.Token0Bridge.ordinary_den; module=DefiKernel.ConcentratedLiquidity.Token0Bridge; axioms=[propext]
AXIOM AUDIT theorem: DefiKernel.ConcentratedLiquidity.Token0Bridge.ordinary_divup; module=DefiKernel.ConcentratedLiquidity.Token0Bridge; axioms=[propext]
AXIOM AUDIT theorem: DefiKernel.ConcentratedLiquidity.Token0Bridge.ordinary_effect_nonzero; module=DefiKernel.ConcentratedLiquidity.Token0Bridge; axioms=[propext,
 Classical.choice,
 Quot.sound]
AXIOM AUDIT theorem: DefiKernel.ConcentratedLiquidity.Token0Bridge.ordinary_liftMulDiv; module=DefiKernel.ConcentratedLiquidity.Token0Bridge; axioms=[propext,
 Classical.choice,
 Quot.sound]
AXIOM AUDIT theorem: DefiKernel.ConcentratedLiquidity.Token0Bridge.ordinary_mulDiv; module=DefiKernel.ConcentratedLiquidity.Token0Bridge; axioms=[propext,
 Classical.choice,
 Quot.sound]
AXIOM AUDIT theorem: DefiKernel.ConcentratedLiquidity.Token0Bridge.ordinary_numerator1; module=DefiKernel.ConcentratedLiquidity.Token0Bridge; axioms=[propext]
AXIOM AUDIT theorem: DefiKernel.ConcentratedLiquidity.Token0Bridge.ordinary_product; module=DefiKernel.ConcentratedLiquidity.Token0Bridge; axioms=[propext]
AXIOM AUDIT theorem: DefiKernel.ConcentratedLiquidity.Token0Bridge.ordinary_product_fit; module=DefiKernel.ConcentratedLiquidity.Token0Bridge; axioms=[propext,
 Classical.choice,
 Quot.sound]
AXIOM AUDIT theorem: DefiKernel.ConcentratedLiquidity.Token0Bridge.ordinary_wrap; module=DefiKernel.ConcentratedLiquidity.Token0Bridge; axioms=[propext,
 Classical.choice,
 Quot.sound]
AXIOM AUDIT theorem: DefiKernel.ConcentratedLiquidity.Token0Bridge.party_card_one; module=DefiKernel.ConcentratedLiquidity.Token0Bridge; axioms=[propext,
 Classical.choice,
 Quot.sound]
AXIOM AUDIT theorem: DefiKernel.ConcentratedLiquidity.Token0Bridge.postQ_eq_lift_library_result; module=DefiKernel.ConcentratedLiquidity.Token0Bridge; axioms=[propext,
 Classical.choice,
 Quot.sound]
AXIOM AUDIT theorem: DefiKernel.ConcentratedLiquidity.Token0Bridge.postQ_lt_preQ; module=DefiKernel.ConcentratedLiquidity.Token0Bridge; axioms=[propext,
 Classical.choice,
 Quot.sound]
AXIOM AUDIT theorem: DefiKernel.ConcentratedLiquidity.Token0Bridge.preQ_eq_lift_input; module=DefiKernel.ConcentratedLiquidity.Token0Bridge; axioms=[propext,
 Classical.choice,
 Quot.sound]
AXIOM AUDIT theorem: DefiKernel.ConcentratedLiquidity.Token0Bridge.preQ_nonneg; module=DefiKernel.ConcentratedLiquidity.Token0Bridge; axioms=[propext,
 Classical.choice,
 Quot.sound]
AXIOM AUDIT theorem: DefiKernel.ConcentratedLiquidity.Token0Bridge.preRegister_binds_library_input; module=DefiKernel.ConcentratedLiquidity.Token0Bridge; axioms=[propext,
 Classical.choice,
 Quot.sound]
AXIOM AUDIT theorem: DefiKernel.ConcentratedLiquidity.Token0Bridge.registry_quote; module=DefiKernel.ConcentratedLiquidity.Token0Bridge; axioms=[propext,
 Classical.choice,
 Quot.sound]
AXIOM AUDIT theorem: DefiKernel.ConcentratedLiquidity.Token0Bridge.registry_uses_lifted_library_words; module=DefiKernel.ConcentratedLiquidity.Token0Bridge; axioms=[propext,
 Classical.choice,
 Quot.sound]
AXIOM AUDIT theorem: DefiKernel.ConcentratedLiquidity.Token0Bridge.req_operation; module=DefiKernel.ConcentratedLiquidity.Token0Bridge; axioms=[]
AXIOM AUDIT theorem: DefiKernel.ConcentratedLiquidity.Token0Bridge.scale1_pos; module=DefiKernel.ConcentratedLiquidity.Token0Bridge; axioms=[propext,
 Quot.sound]
AXIOM AUDIT theorem: DefiKernel.ConcentratedLiquidity.Token0Bridge.sqrtP_Q96_value; module=DefiKernel.ConcentratedLiquidity.Token0Bridge; axioms=[propext]
AXIOM AUDIT theorem: DefiKernel.ConcentratedLiquidity.Token0Bridge.template_evaluate; module=DefiKernel.ConcentratedLiquidity.Token0Bridge; axioms=[propext,
 Classical.choice,
 Quot.sound]
AXIOM AUDIT theorem: DefiKernel.ConcentratedLiquidity.Token0Bridge.two_pow_95_lt_160; module=DefiKernel.ConcentratedLiquidity.Token0Bridge; axioms=[propext,
 Classical.choice,
 Quot.sound]
AXIOM AUDIT theorem: DefiKernel.ConcentratedLiquidity.Token0Bridge.two_pow_95_lt_96; module=DefiKernel.ConcentratedLiquidity.Token0Bridge; axioms=[propext,
 Classical.choice,
 Quot.sound]
AXIOM AUDIT theorem: DefiKernel.ConcentratedLiquidity.Token0Bridge.two_pow_95_mul_97; module=DefiKernel.ConcentratedLiquidity.Token0Bridge; axioms=[propext]
AXIOM AUDIT theorem: DefiKernel.ConcentratedLiquidity.Token0Bridge.two_pow_96_add; module=DefiKernel.ConcentratedLiquidity.Token0Bridge; axioms=[propext]
AXIOM AUDIT theorem: DefiKernel.ConcentratedLiquidity.Token0Bridge.two_pow_96_lt_160; module=DefiKernel.ConcentratedLiquidity.Token0Bridge; axioms=[propext,
 Classical.choice,
 Quot.sound]
AXIOM AUDIT theorem: DefiKernel.ConcentratedLiquidity.Token0Bridge.two_pow_96_mul; module=DefiKernel.ConcentratedLiquidity.Token0Bridge; axioms=[propext]
AXIOM AUDIT theorem: DefiKernel.ConcentratedLiquidity.Token0Bridge.two_pow_97_lt_256; module=DefiKernel.ConcentratedLiquidity.Token0Bridge; axioms=[propext,
 Classical.choice,
 Quot.sound]
AXIOM AUDIT theorem: DefiKernel.Arithmetic.Quantity.toQuantity.congr_simp; module=DefiKernel.ConcentratedLiquidity.Token0Bridge; axioms=[propext,
 Classical.choice,
 Quot.sound]
AXIOM AUDIT theorem: DefiKernel.ConcentratedLiquidity.FullMath.mulDivRoundingUp.eq_1; module=DefiKernel.ConcentratedLiquidity.Token0Bridge; axioms=[]
AXIOM AUDIT theorem: DefiKernel.ConcentratedLiquidity.SqrtPriceMath.numerator1.eq_1; module=DefiKernel.ConcentratedLiquidity.Token0Bridge; axioms=[]
AXIOM AUDIT theorem: DefiKernel.ConcentratedLiquidity.SqrtPriceMath.product.eq_1; module=DefiKernel.ConcentratedLiquidity.Token0Bridge; axioms=[]
AXIOM AUDIT theorem: DefiKernel.ConcentratedLiquidity.Token0Bridge.Asset.ofNat_ctorIdx; module=DefiKernel.ConcentratedLiquidity.Token0Bridge; axioms=[]
AXIOM AUDIT theorem: DefiKernel.ConcentratedLiquidity.Token0Bridge.Domain.ofNat_ctorIdx; module=DefiKernel.ConcentratedLiquidity.Token0Bridge; axioms=[]
AXIOM AUDIT theorem: DefiKernel.ConcentratedLiquidity.Token0Bridge.L1._proof_1; module=DefiKernel.ConcentratedLiquidity.Token0Bridge; axioms=[]
AXIOM AUDIT theorem: DefiKernel.ConcentratedLiquidity.Token0Bridge.L1.eq_1; module=DefiKernel.ConcentratedLiquidity.Token0Bridge; axioms=[]
AXIOM AUDIT theorem: DefiKernel.ConcentratedLiquidity.Token0Bridge.Party.ofNat_ctorIdx; module=DefiKernel.ConcentratedLiquidity.Token0Bridge; axioms=[]
AXIOM AUDIT theorem: DefiKernel.ConcentratedLiquidity.Token0Bridge.amt0._proof_1; module=DefiKernel.ConcentratedLiquidity.Token0Bridge; axioms=[]
AXIOM AUDIT theorem: DefiKernel.ConcentratedLiquidity.Token0Bridge.amt0.eq_1; module=DefiKernel.ConcentratedLiquidity.Token0Bridge; axioms=[]
AXIOM AUDIT theorem: DefiKernel.ConcentratedLiquidity.Token0Bridge.amt1._proof_1; module=DefiKernel.ConcentratedLiquidity.Token0Bridge; axioms=[]
AXIOM AUDIT theorem: DefiKernel.ConcentratedLiquidity.Token0Bridge.amt1.eq_1; module=DefiKernel.ConcentratedLiquidity.Token0Bridge; axioms=[]
AXIOM AUDIT theorem: DefiKernel.ConcentratedLiquidity.Token0Bridge.evaluated.eq_1; module=DefiKernel.ConcentratedLiquidity.Token0Bridge; axioms=[propext,
 Classical.choice,
 Quot.sound]
AXIOM AUDIT theorem: DefiKernel.ConcentratedLiquidity.Token0Bridge.instDecidableEqAsset._proof_1; module=DefiKernel.ConcentratedLiquidity.Token0Bridge; axioms=[]
AXIOM AUDIT theorem: DefiKernel.ConcentratedLiquidity.Token0Bridge.instDecidableEqDomain._proof_1; module=DefiKernel.ConcentratedLiquidity.Token0Bridge; axioms=[]
AXIOM AUDIT theorem: DefiKernel.ConcentratedLiquidity.Token0Bridge.instDecidableEqParty._proof_1; module=DefiKernel.ConcentratedLiquidity.Token0Bridge; axioms=[]
AXIOM AUDIT theorem: DefiKernel.ConcentratedLiquidity.Token0Bridge.instFintypeAsset._proof_1; module=DefiKernel.ConcentratedLiquidity.Token0Bridge; axioms=[propext,
 Classical.choice,
 Quot.sound]
AXIOM AUDIT theorem: DefiKernel.ConcentratedLiquidity.Token0Bridge.instFintypeDomain._proof_1; module=DefiKernel.ConcentratedLiquidity.Token0Bridge; axioms=[propext,
 Classical.choice,
 Quot.sound]
AXIOM AUDIT theorem: DefiKernel.ConcentratedLiquidity.Token0Bridge.instFintypeParty._proof_1; module=DefiKernel.ConcentratedLiquidity.Token0Bridge; axioms=[propext,
 Classical.choice,
 Quot.sound]
AXIOM AUDIT theorem: DefiKernel.ConcentratedLiquidity.Token0Bridge.lift._proof_1; module=DefiKernel.ConcentratedLiquidity.Token0Bridge; axioms=[propext,
 Classical.choice,
 Quot.sound]
AXIOM AUDIT theorem: DefiKernel.ConcentratedLiquidity.Token0Bridge.lift.eq_1; module=DefiKernel.ConcentratedLiquidity.Token0Bridge; axioms=[propext,
 Classical.choice,
 Quot.sound]
AXIOM AUDIT theorem: DefiKernel.ConcentratedLiquidity.Token0Bridge.preRegister.congr_simp; module=DefiKernel.ConcentratedLiquidity.Token0Bridge; axioms=[propext,
 Quot.sound]
AXIOM AUDIT theorem: DefiKernel.ConcentratedLiquidity.Token0Bridge.req.eq_1; module=DefiKernel.ConcentratedLiquidity.Token0Bridge; axioms=[]
AXIOM AUDIT theorem: DefiKernel.ConcentratedLiquidity.Token0Bridge.scale1.eq_1; module=DefiKernel.ConcentratedLiquidity.Token0Bridge; axioms=[propext,
 Quot.sound]
AXIOM AUDIT theorem: DefiKernel.ConcentratedLiquidity.Token0Bridge.sqrtP_Q96._proof_1; module=DefiKernel.ConcentratedLiquidity.Token0Bridge; axioms=[propext]
AXIOM AUDIT theorem: DefiKernel.ConcentratedLiquidity.Token0Bridge.sqrtP_Q96.eq_1; module=DefiKernel.ConcentratedLiquidity.Token0Bridge; axioms=[propext]
AXIOM AUDIT theorem: DefiKernel.ConcentratedLiquidity.Token0Bridge.Asset.quoteSqrtP.sizeOf_spec; module=DefiKernel.ConcentratedLiquidity.Token0Bridge; axioms=[]
AXIOM AUDIT theorem: DefiKernel.ConcentratedLiquidity.Token0Bridge.Domain.quote.sizeOf_spec; module=DefiKernel.ConcentratedLiquidity.Token0Bridge; axioms=[]
AXIOM AUDIT theorem: DefiKernel.ConcentratedLiquidity.Token0Bridge.Party.quoteHolder.sizeOf_spec; module=DefiKernel.ConcentratedLiquidity.Token0Bridge; axioms=[]
AXIOM AUDIT declaration: DefiKernel.ConcentratedLiquidity.Token0Bridge.L1; module=DefiKernel.ConcentratedLiquidity.Token0Bridge; kind=definition; axioms=[]
AXIOM AUDIT declaration: DefiKernel.ConcentratedLiquidity.Token0Bridge.amt0; module=DefiKernel.ConcentratedLiquidity.Token0Bridge; kind=definition; axioms=[]
AXIOM AUDIT declaration: DefiKernel.ConcentratedLiquidity.Token0Bridge.amt1; module=DefiKernel.ConcentratedLiquidity.Token0Bridge; kind=definition; axioms=[]
AXIOM AUDIT declaration: DefiKernel.ConcentratedLiquidity.Token0Bridge.ctx; module=DefiKernel.ConcentratedLiquidity.Token0Bridge; kind=definition; axioms=[]
AXIOM AUDIT declaration: DefiKernel.ConcentratedLiquidity.Token0Bridge.env; module=DefiKernel.ConcentratedLiquidity.Token0Bridge; kind=definition; axioms=[]
AXIOM AUDIT declaration: DefiKernel.ConcentratedLiquidity.Token0Bridge.evaluated; module=DefiKernel.ConcentratedLiquidity.Token0Bridge; kind=definition; axioms=[propext,
 Classical.choice,
 Quot.sound]
AXIOM AUDIT declaration: DefiKernel.ConcentratedLiquidity.Token0Bridge.instDecidableEqAsset; module=DefiKernel.ConcentratedLiquidity.Token0Bridge; kind=definition; axioms=[]
AXIOM AUDIT declaration: DefiKernel.ConcentratedLiquidity.Token0Bridge.instDecidableEqDomain; module=DefiKernel.ConcentratedLiquidity.Token0Bridge; kind=definition; axioms=[]
AXIOM AUDIT declaration: DefiKernel.ConcentratedLiquidity.Token0Bridge.instDecidableEqParty; module=DefiKernel.ConcentratedLiquidity.Token0Bridge; kind=definition; axioms=[]
AXIOM AUDIT declaration: DefiKernel.ConcentratedLiquidity.Token0Bridge.instFintypeAsset; module=DefiKernel.ConcentratedLiquidity.Token0Bridge; kind=definition; axioms=[propext,
 Classical.choice,
 Quot.sound]
AXIOM AUDIT declaration: DefiKernel.ConcentratedLiquidity.Token0Bridge.instFintypeDomain; module=DefiKernel.ConcentratedLiquidity.Token0Bridge; kind=definition; axioms=[propext,
 Classical.choice,
 Quot.sound]
AXIOM AUDIT declaration: DefiKernel.ConcentratedLiquidity.Token0Bridge.instFintypeParty; module=DefiKernel.ConcentratedLiquidity.Token0Bridge; kind=definition; axioms=[propext,
 Classical.choice,
 Quot.sound]
AXIOM AUDIT declaration: DefiKernel.ConcentratedLiquidity.Token0Bridge.instReprAsset; module=DefiKernel.ConcentratedLiquidity.Token0Bridge; kind=definition; axioms=[]
AXIOM AUDIT declaration: DefiKernel.ConcentratedLiquidity.Token0Bridge.instReprDomain; module=DefiKernel.ConcentratedLiquidity.Token0Bridge; kind=definition; axioms=[]
AXIOM AUDIT declaration: DefiKernel.ConcentratedLiquidity.Token0Bridge.instReprParty; module=DefiKernel.ConcentratedLiquidity.Token0Bridge; kind=definition; axioms=[]
AXIOM AUDIT declaration: DefiKernel.ConcentratedLiquidity.Token0Bridge.libraryWord; module=DefiKernel.ConcentratedLiquidity.Token0Bridge; kind=definition; axioms=[propext,
 Classical.choice,
 Quot.sound]
AXIOM AUDIT declaration: DefiKernel.ConcentratedLiquidity.Token0Bridge.lift; module=DefiKernel.ConcentratedLiquidity.Token0Bridge; kind=definition; axioms=[propext,
 Classical.choice,
 Quot.sound]
AXIOM AUDIT declaration: DefiKernel.ConcentratedLiquidity.Token0Bridge.op; module=DefiKernel.ConcentratedLiquidity.Token0Bridge; kind=definition; axioms=[]
AXIOM AUDIT declaration: DefiKernel.ConcentratedLiquidity.Token0Bridge.postQ; module=DefiKernel.ConcentratedLiquidity.Token0Bridge; kind=definition; axioms=[propext,
 Classical.choice,
 Quot.sound]
AXIOM AUDIT declaration: DefiKernel.ConcentratedLiquidity.Token0Bridge.postWord; module=DefiKernel.ConcentratedLiquidity.Token0Bridge; kind=definition; axioms=[propext,
 Classical.choice,
 Quot.sound]
AXIOM AUDIT declaration: DefiKernel.ConcentratedLiquidity.Token0Bridge.preQ; module=DefiKernel.ConcentratedLiquidity.Token0Bridge; kind=definition; axioms=[propext,
 Classical.choice,
 Quot.sound]
AXIOM AUDIT declaration: DefiKernel.ConcentratedLiquidity.Token0Bridge.preRegister; module=DefiKernel.ConcentratedLiquidity.Token0Bridge; kind=definition; axioms=[propext,
 Quot.sound]
AXIOM AUDIT declaration: DefiKernel.ConcentratedLiquidity.Token0Bridge.quoteTemplate; module=DefiKernel.ConcentratedLiquidity.Token0Bridge; kind=definition; axioms=[propext,
 Classical.choice,
 Quot.sound]
AXIOM AUDIT declaration: DefiKernel.ConcentratedLiquidity.Token0Bridge.registry; module=DefiKernel.ConcentratedLiquidity.Token0Bridge; kind=definition; axioms=[propext,
 Classical.choice,
 Quot.sound]
AXIOM AUDIT declaration: DefiKernel.ConcentratedLiquidity.Token0Bridge.req; module=DefiKernel.ConcentratedLiquidity.Token0Bridge; kind=definition; axioms=[]
AXIOM AUDIT declaration: DefiKernel.ConcentratedLiquidity.Token0Bridge.scale1; module=DefiKernel.ConcentratedLiquidity.Token0Bridge; kind=definition; axioms=[propext,
 Quot.sound]
AXIOM AUDIT declaration: DefiKernel.ConcentratedLiquidity.Token0Bridge.sqrtP_Q96; module=DefiKernel.ConcentratedLiquidity.Token0Bridge; kind=definition; axioms=[propext]
AXIOM AUDIT declaration: DefiKernel.ConcentratedLiquidity.Token0Bridge.store; module=DefiKernel.ConcentratedLiquidity.Token0Bridge; kind=definition; axioms=[]
AXIOM AUDIT declaration: DefiKernel.ConcentratedLiquidity.Token0Bridge.Asset._sizeOf_1; module=DefiKernel.ConcentratedLiquidity.Token0Bridge; kind=definition; axioms=[]
AXIOM AUDIT declaration: DefiKernel.ConcentratedLiquidity.Token0Bridge.Asset._sizeOf_inst; module=DefiKernel.ConcentratedLiquidity.Token0Bridge; kind=definition; axioms=[]
AXIOM AUDIT declaration: DefiKernel.ConcentratedLiquidity.Token0Bridge.Asset.casesOn; module=DefiKernel.ConcentratedLiquidity.Token0Bridge; kind=definition; axioms=[]
AXIOM AUDIT declaration: DefiKernel.ConcentratedLiquidity.Token0Bridge.Asset.ctorIdx; module=DefiKernel.ConcentratedLiquidity.Token0Bridge; kind=definition; axioms=[]
AXIOM AUDIT declaration: DefiKernel.ConcentratedLiquidity.Token0Bridge.Asset.noConfusion; module=DefiKernel.ConcentratedLiquidity.Token0Bridge; kind=definition; axioms=[]
AXIOM AUDIT declaration: DefiKernel.ConcentratedLiquidity.Token0Bridge.Asset.noConfusionType; module=DefiKernel.ConcentratedLiquidity.Token0Bridge; kind=definition; axioms=[]
AXIOM AUDIT declaration: DefiKernel.ConcentratedLiquidity.Token0Bridge.Asset.ofNat; module=DefiKernel.ConcentratedLiquidity.Token0Bridge; kind=definition; axioms=[]
AXIOM AUDIT declaration: DefiKernel.ConcentratedLiquidity.Token0Bridge.Asset.recOn; module=DefiKernel.ConcentratedLiquidity.Token0Bridge; kind=definition; axioms=[]
AXIOM AUDIT declaration: DefiKernel.ConcentratedLiquidity.Token0Bridge.Asset.toCtorIdx; module=DefiKernel.ConcentratedLiquidity.Token0Bridge; kind=definition; axioms=[]
AXIOM AUDIT declaration: DefiKernel.ConcentratedLiquidity.Token0Bridge.Domain._sizeOf_1; module=DefiKernel.ConcentratedLiquidity.Token0Bridge; kind=definition; axioms=[]
AXIOM AUDIT declaration: DefiKernel.ConcentratedLiquidity.Token0Bridge.Domain._sizeOf_inst; module=DefiKernel.ConcentratedLiquidity.Token0Bridge; kind=definition; axioms=[]
AXIOM AUDIT declaration: DefiKernel.ConcentratedLiquidity.Token0Bridge.Domain.casesOn; module=DefiKernel.ConcentratedLiquidity.Token0Bridge; kind=definition; axioms=[]
AXIOM AUDIT declaration: DefiKernel.ConcentratedLiquidity.Token0Bridge.Domain.ctorIdx; module=DefiKernel.ConcentratedLiquidity.Token0Bridge; kind=definition; axioms=[]
AXIOM AUDIT declaration: DefiKernel.ConcentratedLiquidity.Token0Bridge.Domain.noConfusion; module=DefiKernel.ConcentratedLiquidity.Token0Bridge; kind=definition; axioms=[]
AXIOM AUDIT declaration: DefiKernel.ConcentratedLiquidity.Token0Bridge.Domain.noConfusionType; module=DefiKernel.ConcentratedLiquidity.Token0Bridge; kind=definition; axioms=[]
AXIOM AUDIT declaration: DefiKernel.ConcentratedLiquidity.Token0Bridge.Domain.ofNat; module=DefiKernel.ConcentratedLiquidity.Token0Bridge; kind=definition; axioms=[]
AXIOM AUDIT declaration: DefiKernel.ConcentratedLiquidity.Token0Bridge.Domain.recOn; module=DefiKernel.ConcentratedLiquidity.Token0Bridge; kind=definition; axioms=[]
AXIOM AUDIT declaration: DefiKernel.ConcentratedLiquidity.Token0Bridge.Domain.toCtorIdx; module=DefiKernel.ConcentratedLiquidity.Token0Bridge; kind=definition; axioms=[]
AXIOM AUDIT declaration: DefiKernel.ConcentratedLiquidity.Token0Bridge.Party._sizeOf_1; module=DefiKernel.ConcentratedLiquidity.Token0Bridge; kind=definition; axioms=[]
AXIOM AUDIT declaration: DefiKernel.ConcentratedLiquidity.Token0Bridge.Party._sizeOf_inst; module=DefiKernel.ConcentratedLiquidity.Token0Bridge; kind=definition; axioms=[]
AXIOM AUDIT declaration: DefiKernel.ConcentratedLiquidity.Token0Bridge.Party.casesOn; module=DefiKernel.ConcentratedLiquidity.Token0Bridge; kind=definition; axioms=[]
AXIOM AUDIT declaration: DefiKernel.ConcentratedLiquidity.Token0Bridge.Party.ctorIdx; module=DefiKernel.ConcentratedLiquidity.Token0Bridge; kind=definition; axioms=[]
AXIOM AUDIT declaration: DefiKernel.ConcentratedLiquidity.Token0Bridge.Party.noConfusion; module=DefiKernel.ConcentratedLiquidity.Token0Bridge; kind=definition; axioms=[]
AXIOM AUDIT declaration: DefiKernel.ConcentratedLiquidity.Token0Bridge.Party.noConfusionType; module=DefiKernel.ConcentratedLiquidity.Token0Bridge; kind=definition; axioms=[]
AXIOM AUDIT declaration: DefiKernel.ConcentratedLiquidity.Token0Bridge.Party.ofNat; module=DefiKernel.ConcentratedLiquidity.Token0Bridge; kind=definition; axioms=[]
AXIOM AUDIT declaration: DefiKernel.ConcentratedLiquidity.Token0Bridge.Party.recOn; module=DefiKernel.ConcentratedLiquidity.Token0Bridge; kind=definition; axioms=[]
AXIOM AUDIT declaration: DefiKernel.ConcentratedLiquidity.Token0Bridge.Party.toCtorIdx; module=DefiKernel.ConcentratedLiquidity.Token0Bridge; kind=definition; axioms=[]
AXIOM AUDIT declaration: DefiKernel.ConcentratedLiquidity.Token0Bridge.execute_ok_iff_quote.match_1_1; module=DefiKernel.ConcentratedLiquidity.Token0Bridge; kind=definition; axioms=[propext,
 Classical.choice,
 Quot.sound]
AXIOM AUDIT declaration: DefiKernel.ConcentratedLiquidity.Token0Bridge.instReprAsset.repr; module=DefiKernel.ConcentratedLiquidity.Token0Bridge; kind=definition; axioms=[]
AXIOM AUDIT declaration: DefiKernel.ConcentratedLiquidity.Token0Bridge.instReprDomain.repr; module=DefiKernel.ConcentratedLiquidity.Token0Bridge; kind=definition; axioms=[]
AXIOM AUDIT declaration: DefiKernel.ConcentratedLiquidity.Token0Bridge.instReprParty.repr; module=DefiKernel.ConcentratedLiquidity.Token0Bridge; kind=definition; axioms=[]
AXIOM AUDIT declaration: DefiKernel.ConcentratedLiquidity.Token0Bridge.instReprAsset.repr.match_1; module=DefiKernel.ConcentratedLiquidity.Token0Bridge; kind=definition; axioms=[]
AXIOM AUDIT declaration: DefiKernel.ConcentratedLiquidity.Token0Bridge.instReprDomain.repr.match_1; module=DefiKernel.ConcentratedLiquidity.Token0Bridge; kind=definition; axioms=[]
AXIOM AUDIT declaration: DefiKernel.ConcentratedLiquidity.Token0Bridge.instReprParty.repr.match_1; module=DefiKernel.ConcentratedLiquidity.Token0Bridge; kind=definition; axioms=[]
AXIOM AUDIT DECLARATIONS PASSED: 62/62 supplemental declarations; forbidden=0
AXIOM AUDIT PASSED: 78/78 theorems; forbidden=0
