/home/charl/defiformal/review/semantic-kernel/program-execution-20260908/p01/Inventory.lean:10:0: error: Unknown option `pp.width`
/home/charl/defiformal/review/semantic-kernel/program-execution-20260908/p01/Inventory.lean:23:17: error(lean.synthInstanceFailed): failed to synthesize instance of type class
  OfNat.{0} Lean.MessageData (nat_lit 0)
numerals are polymorphic in Lean, but the numeral `0` cannot be used in a context where the expected type is
  Lean.MessageData
due to the absence of the instance above

Hint: Type class instance resolution failures can be inspected with the `set_option trace.Meta.synthInstance true` command.
/home/charl/defiformal/review/semantic-kernel/program-execution-20260908/p01/Inventory.lean:44:11: error(lean.synthInstanceFailed): failed to synthesize instance of type class
  OfNat.{0} Lean.MessageData (nat_lit 0)
numerals are polymorphic in Lean, but the numeral `0` cannot be used in a context where the expected type is
  Lean.MessageData
due to the absence of the instance above

Hint: Type class instance resolution failures can be inspected with the `set_option trace.Meta.synthInstance true` command.
/home/charl/defiformal/review/semantic-kernel/program-execution-20260908/p01/Inventory.lean:44:5: error(lean.synthInstanceFailed): failed to synthesize instance of type class
  LT.{0} Lean.MessageData

Hint: Type class instance resolution failures can be inspected with the `set_option trace.Meta.synthInstance true` command.
/home/charl/defiformal/review/semantic-kernel/program-execution-20260908/p01/Inventory.lean:36:38: error(lean.synthInstanceFailed): failed to synthesize instance of type class
  HAdd.{0, 0, 0} Lean.MessageData Nat Lean.MessageData

Hint: Type class instance resolution failures can be inspected with the `set_option trace.Meta.synthInstance true` command.
/home/charl/defiformal/review/semantic-kernel/program-execution-20260908/p01/Inventory.lean:45:0: error: elaboration function for `«command#p01_inventory»` has not been implemented
