recovery.f13.write-write: true
recovery.f13.left-write-right-read: true
recovery.f13.right-write-left-read: true
recovery.f13.shared-read: true
recovery.f13.disjoint-writes: true
recovery.f13.pairwise-ok: true
recovery.f13.pairwise-ww: true
recovery.f13.pairwise-shared: true
recovery.f20.sentinel11: true
recovery.f20.not22: true
recovery.f20.owner-left: true
recovery.f20.owner-right: true
recovery.f20.store-fixed: true
recovery.f15.competing-not-compatible: true
recovery.canonical.refl: true
recovery.canonical.failure-diff: true
recovery.canonical.world-diff: true
recovery.admit.isolated-empty: true
recovery.admit.isolated-dup-catalog: true
recovery.isolated.consumed-empty: true
recovery.runIsolated.empty-tree: true
recovery.f06.catalog: true
recovery.f06.first-ok: true
recovery.f06.second-insufficientFunds: true
recovery.f06.prefix-retained: true
recovery.f06.refusal-kernel: true
recovery.f06.store-fixed: true
recovery.f06.world-alice7: true
recovery.f06.world-bob3: true
recovery.f15.lr-right-refuses: true
recovery.f15.rl-left-refuses: true
recovery.f15.worlds-differ: true
recovery.f15.canonical-differ: true
recovery.f15.competing-ww: true
recovery.canonical.disjoint-schedules: true
recovery.canonical.disjoint-isolated: true
