{
  "version": "1.0.0",
  "name": "defi-atlas-viz",
  "dependencies": {
    "@types/three": {
      "version": "0.185.3",
      "resolved": "https://registry.npmjs.org/@types/three/-/three-0.185.3.tgz",
      "overridden": false,
      "dependencies": {
        "@dimforge/rapier3d-compat": {
          "version": "0.12.0",
          "resolved": "https://registry.npmjs.org/@dimforge/rapier3d-compat/-/rapier3d-compat-0.12.0.tgz",
          "overridden": false
        },
        "@tweenjs/tween.js": {
          "version": "23.1.3",
          "resolved": "https://registry.npmjs.org/@tweenjs/tween.js/-/tween.js-23.1.3.tgz",
          "overridden": false
        },
        "@types/stats.js": {
          "version": "0.17.4",
          "resolved": "https://registry.npmjs.org/@types/stats.js/-/stats.js-0.17.4.tgz",
          "overridden": false
        },
        "@types/webxr": {
          "version": "0.5.24",
          "resolved": "https://registry.npmjs.org/@types/webxr/-/webxr-0.5.24.tgz",
          "overridden": false
        },
        "fflate": {
          "version": "0.8.3",
          "resolved": "https://registry.npmjs.org/fflate/-/fflate-0.8.3.tgz",
          "overridden": false
        },
        "meshoptimizer": {
          "version": "1.1.1",
          "resolved": "https://registry.npmjs.org/meshoptimizer/-/meshoptimizer-1.1.1.tgz",
          "overridden": false
        }
      }
    },
    "three": {
      "version": "0.185.1",
      "resolved": "https://registry.npmjs.org/three/-/three-0.185.1.tgz",
      "overridden": false
    },
    "typescript": {
      "version": "7.0.2",
      "resolved": "https://registry.npmjs.org/typescript/-/typescript-7.0.2.tgz",
      "overridden": false,
      "dependencies": {
        "@typescript/typescript-aix-ppc64": {},
        "@typescript/typescript-darwin-arm64": {},
        "@typescript/typescript-darwin-x64": {},
        "@typescript/typescript-freebsd-arm64": {},
        "@typescript/typescript-freebsd-x64": {},
        "@typescript/typescript-linux-arm": {},
        "@typescript/typescript-linux-arm64": {},
        "@typescript/typescript-linux-loong64": {},
        "@typescript/typescript-linux-mips64el": {},
        "@typescript/typescript-linux-ppc64": {},
        "@typescript/typescript-linux-riscv64": {},
        "@typescript/typescript-linux-s390x": {},
        "@typescript/typescript-linux-x64": {
          "version": "7.0.2",
          "resolved": "https://registry.npmjs.org/@typescript/typescript-linux-x64/-/typescript-linux-x64-7.0.2.tgz",
          "overridden": false
        },
        "@typescript/typescript-netbsd-arm64": {},
        "@typescript/typescript-netbsd-x64": {},
        "@typescript/typescript-openbsd-arm64": {},
        "@typescript/typescript-openbsd-x64": {},
        "@typescript/typescript-sunos-x64": {},
        "@typescript/typescript-win32-arm64": {},
        "@typescript/typescript-win32-x64": {}
      }
    },
    "vite-plugin-singlefile": {
      "version": "2.3.3",
      "resolved": "https://registry.npmjs.org/vite-plugin-singlefile/-/vite-plugin-singlefile-2.3.3.tgz",
      "overridden": false,
      "dependencies": {
        "micromatch": {
          "version": "4.0.8",
          "resolved": "https://registry.npmjs.org/micromatch/-/micromatch-4.0.8.tgz",
          "overridden": false,
          "dependencies": {
            "braces": {
              "version": "3.0.3",
              "resolved": "https://registry.npmjs.org/braces/-/braces-3.0.3.tgz",
              "overridden": false,
              "dependencies": {
                "fill-range": {
                  "version": "7.1.1",
                  "resolved": "https://registry.npmjs.org/fill-range/-/fill-range-7.1.1.tgz",
                  "overridden": false,
                  "dependencies": {
                    "to-regex-range": {
                      "version": "5.0.1",
                      "resolved": "https://registry.npmjs.org/to-regex-range/-/to-regex-range-5.0.1.tgz",
                      "overridden": false,
                      "dependencies": {
                        "is-number": {
                          "version": "7.0.0",
                          "resolved": "https://registry.npmjs.org/is-number/-/is-number-7.0.0.tgz",
                          "overridden": false
                        }
                      }
                    }
                  }
                }
              }
            },
            "picomatch": {
              "version": "2.3.2",
              "resolved": "https://registry.npmjs.org/picomatch/-/picomatch-2.3.2.tgz",
              "overridden": false
            }
          }
        },
        "rollup": {},
        "vite": {
          "version": "8.2.0"
        }
      }
    },
    "vite": {
      "version": "8.2.0",
      "resolved": "https://registry.npmjs.org/vite/-/vite-8.2.0.tgz",
      "overridden": false,
      "dependencies": {
        "@types/node": {},
        "@vitejs/devtools": {},
        "esbuild": {},
        "fsevents": {},
        "jiti": {},
        "less": {},
        "lightningcss": {
          "version": "1.33.0",
          "resolved": "https://registry.npmjs.org/lightningcss/-/lightningcss-1.33.0.tgz",
          "overridden": false,
          "dependencies": {
            "detect-libc": {
              "version": "2.1.2",
              "resolved": "https://registry.npmjs.org/detect-libc/-/detect-libc-2.1.2.tgz",
              "overridden": false
            },
            "lightningcss-android-arm64": {},
            "lightningcss-darwin-arm64": {},
            "lightningcss-darwin-x64": {},
            "lightningcss-freebsd-x64": {},
            "lightningcss-linux-arm-gnueabihf": {},
            "lightningcss-linux-arm64-gnu": {},
            "lightningcss-linux-arm64-musl": {},
            "lightningcss-linux-x64-gnu": {
              "version": "1.33.0",
              "resolved": "https://registry.npmjs.org/lightningcss-linux-x64-gnu/-/lightningcss-linux-x64-gnu-1.33.0.tgz",
              "overridden": false
            },
            "lightningcss-linux-x64-musl": {},
            "lightningcss-win32-arm64-msvc": {},
            "lightningcss-win32-x64-msvc": {}
          }
        },
        "picomatch": {
          "version": "4.0.5",
          "resolved": "https://registry.npmjs.org/picomatch/-/picomatch-4.0.5.tgz",
          "overridden": false
        },
        "postcss": {
          "version": "8.5.25",
          "resolved": "https://registry.npmjs.org/postcss/-/postcss-8.5.25.tgz",
          "overridden": false,
          "dependencies": {
            "nanoid": {
              "version": "3.3.17",
              "resolved": "https://registry.npmjs.org/nanoid/-/nanoid-3.3.17.tgz",
              "overridden": false
            },
            "picocolors": {
              "version": "1.1.1",
              "resolved": "https://registry.npmjs.org/picocolors/-/picocolors-1.1.1.tgz",
              "overridden": false
            },
            "source-map-js": {
              "version": "1.2.1",
              "resolved": "https://registry.npmjs.org/source-map-js/-/source-map-js-1.2.1.tgz",
              "overridden": false
            }
          }
        },
        "rolldown": {
          "version": "1.2.2",
          "resolved": "https://registry.npmjs.org/rolldown/-/rolldown-1.2.2.tgz",
          "overridden": false,
          "dependencies": {
            "@oxc-project/types": {
              "version": "0.142.0",
              "resolved": "https://registry.npmjs.org/@oxc-project/types/-/types-0.142.0.tgz",
              "overridden": false
            },
            "@rolldown/binding-android-arm64": {},
            "@rolldown/binding-darwin-arm64": {},
            "@rolldown/binding-darwin-x64": {},
            "@rolldown/binding-freebsd-x64": {},
            "@rolldown/binding-linux-arm-gnueabihf": {},
            "@rolldown/binding-linux-arm64-gnu": {},
            "@rolldown/binding-linux-arm64-musl": {},
            "@rolldown/binding-linux-ppc64-gnu": {},
            "@rolldown/binding-linux-s390x-gnu": {},
            "@rolldown/binding-linux-x64-gnu": {
              "version": "1.2.2",
              "resolved": "https://registry.npmjs.org/@rolldown/binding-linux-x64-gnu/-/binding-linux-x64-gnu-1.2.2.tgz",
              "overridden": false
            },
            "@rolldown/binding-linux-x64-musl": {},
            "@rolldown/binding-openharmony-arm64": {},
            "@rolldown/binding-win32-arm64-msvc": {},
            "@rolldown/binding-win32-x64-msvc": {},
            "@rolldown/pluginutils": {
              "version": "1.0.1",
              "resolved": "https://registry.npmjs.org/@rolldown/pluginutils/-/pluginutils-1.0.1.tgz",
              "overridden": false
            }
          }
        },
        "sass-embedded": {},
        "sass": {},
        "stylus": {},
        "sugarss": {},
        "terser": {},
        "tinyglobby": {
          "version": "0.2.17",
          "resolved": "https://registry.npmjs.org/tinyglobby/-/tinyglobby-0.2.17.tgz",
          "overridden": false,
          "dependencies": {
            "fdir": {
              "version": "6.5.0",
              "resolved": "https://registry.npmjs.org/fdir/-/fdir-6.5.0.tgz",
              "overridden": false,
              "dependencies": {
                "picomatch": {
                  "version": "4.0.5"
                }
              }
            },
            "picomatch": {
              "version": "4.0.5",
              "resolved": "https://registry.npmjs.org/picomatch/-/picomatch-4.0.5.tgz",
              "overridden": false
            }
          }
        },
        "tsx": {},
        "yaml": {}
      }
    }
  }
}
