[
  {
    "label": "conformance",
    "argv": [
      "node",
      "scripts/conformance.mjs"
    ],
    "cwd": "/home/charl/defiformal-wt-atlas-grok-gpt6-20260908/viz",
    "utc": "2026-09-09T05:09:20.694058+00:00",
    "exit_code": 0,
    "stdout_sha256": "cdb5a5e9986f60662adeb93c21052bc6af0c883d697fc7a59c0a047557819207",
    "stderr_sha256": "e3b0c44298fc1c149afbf4c8996fb92427ae41e4649b934ca495991b7852b855"
  },
  {
    "label": "tsc",
    "argv": [
      "node",
      "node_modules/typescript/bin/tsc",
      "--noEmit"
    ],
    "cwd": "/home/charl/defiformal-wt-atlas-grok-gpt6-20260908/viz",
    "utc": "2026-09-09T05:09:20.728435+00:00",
    "exit_code": 0,
    "stdout_sha256": "e3b0c44298fc1c149afbf4c8996fb92427ae41e4649b934ca495991b7852b855",
    "stderr_sha256": "e3b0c44298fc1c149afbf4c8996fb92427ae41e4649b934ca495991b7852b855"
  },
  {
    "label": "build-receipt",
    "argv": [
      "node",
      "node_modules/vite/bin/vite.js",
      "build",
      "--outDir",
      "/home/charl/defiformal/review/semantic-kernel/program-execution-20260908/p35-repair-r2-review/rebuilt-dist"
    ],
    "cwd": "/home/charl/defiformal-wt-atlas-grok-gpt6-20260908/viz",
    "utc": "2026-09-09T05:09:20.882307+00:00",
    "exit_code": 0,
    "stdout_sha256": "9b44ce44303a5be8f4c5c61d75cd179a3f7a058380296b1d401f4275afaaa88f",
    "stderr_sha256": "f8c999297d081d602a01cff9a159a9aee9432fb1fcd6de8be202fc529eff61ba"
  },
  {
    "label": "npm-installed",
    "argv": [
      "npm",
      "ls",
      "--all",
      "--json"
    ],
    "cwd": "/home/charl/defiformal-wt-atlas-grok-gpt6-20260908/viz",
    "utc": "2026-09-09T05:09:21.223783+00:00",
    "exit_code": 0,
    "stdout_sha256": "60dc8e13da172e6e61c5a3ad14e32136eb1b7dd9f29ae74cbdee1eee9927e426",
    "stderr_sha256": "e3b0c44298fc1c149afbf4c8996fb92427ae41e4649b934ca495991b7852b855"
  },
  {
    "label": "node-version",
    "argv": [
      "node",
      "--version"
    ],
    "cwd": "/home/charl/defiformal-wt-atlas-grok-gpt6-20260908/viz",
    "utc": "2026-09-09T05:09:21.446980+00:00",
    "exit_code": 0,
    "stdout_sha256": "1f2f55b6a7002be8f9992bdfa80f6a4a2b133df9201a4cbc2c35fb471256cd48",
    "stderr_sha256": "e3b0c44298fc1c149afbf4c8996fb92427ae41e4649b934ca495991b7852b855"
  },
  {
    "label": "python-packages",
    "argv": [
      "python3",
      "-m",
      "pip",
      "show",
      "playwright"
    ],
    "cwd": "/home/charl/defiformal-wt-atlas-grok-gpt6-20260908/viz",
    "utc": "2026-09-09T05:09:21.450049+00:00",
    "exit_code": 0,
    "stdout_sha256": "34f90399c907974d6a2c96ac5f33e22c2d15054d5d0a6ff631948fa63f327a31",
    "stderr_sha256": "e3b0c44298fc1c149afbf4c8996fb92427ae41e4649b934ca495991b7852b855"
  },
  {
    "label": "print-text",
    "argv": [
      "pdftotext",
      "-layout",
      "/home/charl/defiformal/review/semantic-kernel/program-execution-20260908/p35-repair-r2-review/flat-direct.pdf",
      "/home/charl/defiformal/review/semantic-kernel/program-execution-20260908/p35-repair-r2-review/flat-print.txt"
    ],
    "cwd": "/home/charl/defiformal/review/semantic-kernel/program-execution-20260908/p35-repair-r2-review",
    "utc": "2026-09-09T05:09:21.690365+00:00",
    "exit_code": 0,
    "stdout_sha256": "e3b0c44298fc1c149afbf4c8996fb92427ae41e4649b934ca495991b7852b855",
    "stderr_sha256": "e3b0c44298fc1c149afbf4c8996fb92427ae41e4649b934ca495991b7852b855"
  },
  {
    "label": "fixture-positive",
    "argv": [
      "node",
      "scripts/conformance.mjs"
    ],
    "cwd": "/home/charl/defiformal/review/semantic-kernel/program-execution-20260908/p35-repair-r2-review/conformance-fixture/viz",
    "utc": "2026-09-09T05:09:21.708976+00:00",
    "exit_code": 0,
    "stdout_sha256": "cdb5a5e9986f60662adeb93c21052bc6af0c883d697fc7a59c0a047557819207",
    "stderr_sha256": "e3b0c44298fc1c149afbf4c8996fb92427ae41e4649b934ca495991b7852b855"
  },
  {
    "label": "fixture-status-swap",
    "argv": [
      "node",
      "scripts/conformance.mjs"
    ],
    "cwd": "/home/charl/defiformal/review/semantic-kernel/program-execution-20260908/p35-repair-r2-review/conformance-fixture/viz",
    "utc": "2026-09-09T05:09:21.744875+00:00",
    "exit_code": 1,
    "stdout_sha256": "a902434136bb88ae5974fb6f43473cf55528350df7d4871e244c200f5fd57fb5",
    "stderr_sha256": "40f495e04c186037c24fec1b27213c16cc4b8170424132990a52ff77a63c3a83"
  },
  {
    "label": "fixture-missing-row",
    "argv": [
      "node",
      "scripts/conformance.mjs"
    ],
    "cwd": "/home/charl/defiformal/review/semantic-kernel/program-execution-20260908/p35-repair-r2-review/conformance-fixture/viz",
    "utc": "2026-09-09T05:09:21.776640+00:00",
    "exit_code": 1,
    "stdout_sha256": "e6fff57037fa0997c3bef89482e906e86ae191f0f51cebce9547899c482bea02",
    "stderr_sha256": "218e93fa636289789dc10bc87f0cd1ac7107b186f4771970f4504310d8779ed7"
  },
  {
    "label": "fixture-restored",
    "argv": [
      "node",
      "scripts/conformance.mjs"
    ],
    "cwd": "/home/charl/defiformal/review/semantic-kernel/program-execution-20260908/p35-repair-r2-review/conformance-fixture/viz",
    "utc": "2026-09-09T05:09:21.808912+00:00",
    "exit_code": 0,
    "stdout_sha256": "cdb5a5e9986f60662adeb93c21052bc6af0c883d697fc7a59c0a047557819207",
    "stderr_sha256": "e3b0c44298fc1c149afbf4c8996fb92427ae41e4649b934ca495991b7852b855"
  },
  {
    "artifact_sha256": "2049b65f9f8b617d8ea2470ad3d73f22b1acee2c88f93c88fa5b7c2a722fa9e8",
    "rebuilt_sha256": "2049b65f9f8b617d8ea2470ad3d73f22b1acee2c88f93c88fa5b7c2a722fa9e8",
    "byte_identical": true,
    "raw_bytes": 173989,
    "gzip_bytes_python": 52811
  }
]
