DefiKernel/Nary/BinaryCorrespondence.lean:159:14: warning: This simp argument is unused:
  hr

Hint: Omit it from the simp argument list.
  [apply] simp [hown, toBinary_with_world_attempts, toBinary_setLocal, toBinaryAttempts, toBinaryAttempt,
    List.map_append, toBinary_world, toBinary_attempts]

Note: This linter can be disabled with `set_option linter.unusedSimpArgs false`
DefiKernel/Nary/BinaryCorrespondence.lean:185:12: warning: This simp argument is unused:
  hsel

Hint: Omit it from the simp argument list.
  [apply] simp [toBinary_skip]

Note: This linter can be disabled with `set_option linter.unusedSimpArgs false`
DefiKernel/Nary/BinaryCorrespondence.lean:187:12: warning: This simp argument is unused:
  hsel

Hint: Omit it from the simp argument list.
  [apply] simp

Note: This linter can be disabled with `set_option linter.unusedSimpArgs false`
DefiKernel/Nary/BinaryCorrespondence.lean:191:14: warning: This simp argument is unused:
  he

Hint: Omit it from the simp argument list.
  [apply] simp [toBinary_refuse]

Note: This linter can be disabled with `set_option linter.unusedSimpArgs false`
DefiKernel/Nary/BinaryCorrespondence.lean:193:14: warning: This simp argument is unused:
  he

Hint: Omit it from the simp argument list.
  [apply] simp [toBinary_accept]

Note: This linter can be disabled with `set_option linter.unusedSimpArgs false`
DefiKernel/Nary/BinaryCorrespondence.lean:203:20: warning: This simp argument is unused:
  hs

Hint: Omit it from the simp argument list.
  [apply] simp [advance, h, toBinary_skip]

Note: This linter can be disabled with `set_option linter.unusedSimpArgs false`
DefiKernel/Nary/BinaryCorrespondence.lean:213:25: warning: This simp argument is unused:
  hs

Hint: Omit it from the simp argument list.
  [apply] simp [advance, active, absent, toBinary_skip]

Note: This linter can be disabled with `set_option linter.unusedSimpArgs false`
DefiKernel/Nary/BinaryCorrespondence.lean:226:25: warning: This simp argument is unused:
  hs

Hint: Omit it from the simp argument list.
  [apply] simp [advance, active, selected, rejected, toBinary_refuse]

Note: This linter can be disabled with `set_option linter.unusedSimpArgs false`
DefiKernel/Nary/BinaryCorrespondence.lean:239:25: warning: This simp argument is unused:
  hs

Hint: Omit it from the simp argument list.
  [apply] simp [advance, active, selected, executed, toBinary_accept]

Note: This linter can be disabled with `set_option linter.unusedSimpArgs false`
DefiKernel/Nary/BinaryCorrespondence.lean:442:12: warning: This simp argument is unused:
  hL

Hint: Omit it from the simp argument list.
  [apply] simp [Except.mapError, projectAdmissionFailure]

Note: This linter can be disabled with `set_option linter.unusedSimpArgs false`
DefiKernel/Nary/BinaryCorrespondence.lean:444:12: warning: This simp argument is unused:
  hL

Hint: Omit it from the simp argument list.
  [apply] simp [Except.mapError]

Note: This linter can be disabled with `set_option linter.unusedSimpArgs false`
DefiKernel/Nary/BinaryCorrespondence.lean:447:14: warning: This simp argument is unused:
  hR

Hint: Omit it from the simp argument list.
  [apply] simp [Except.mapError, projectAdmissionFailure]

Note: This linter can be disabled with `set_option linter.unusedSimpArgs false`
DefiKernel/Nary/BinaryCorrespondence.lean:447:18: warning: This simp argument is unused:
  Except.mapError

Hint: Omit it from the simp argument list.
  [apply] simp [hR, projectAdmissionFailure]

Note: This linter can be disabled with `set_option linter.unusedSimpArgs false`
DefiKernel/Nary/BinaryCorrespondence.lean:449:14: warning: This simp argument is unused:
  hR

Hint: Omit it from the simp argument list.
  [apply] simp [Except.mapError, projectAdmitSuccess]

Note: This linter can be disabled with `set_option linter.unusedSimpArgs false`
DefiKernel/Nary/BinaryCorrespondence.lean:449:18: warning: This simp argument is unused:
  Except.mapError

Hint: Omit it from the simp argument list.
  [apply] simp [hR, projectAdmitSuccess]

Note: This linter can be disabled with `set_option linter.unusedSimpArgs false`
DefiKernel/Nary/BinaryCorrespondence.lean:453:16: warning: This simp argument is unused:
  hs

Hint: Omit it from the simp argument list.
  [apply] simp [hb, Except.mapError, projectAdmissionFailure]

Note: This linter can be disabled with `set_option linter.unusedSimpArgs false`
DefiKernel/Nary/BinaryCorrespondence.lean:453:24: warning: This simp argument is unused:
  Except.mapError

Hint: Omit it from the simp argument list.
  [apply] simp [hs, hb, projectAdmissionFailure]

Note: This linter can be disabled with `set_option linter.unusedSimpArgs false`
DefiKernel/Nary/BinaryCorrespondence.lean:456:16: warning: This simp argument is unused:
  hs

Hint: Omit it from the simp argument list.
  [apply] simp [hb, Except.mapError, projectAdmitSuccess]

Note: This linter can be disabled with `set_option linter.unusedSimpArgs false`
DefiKernel/Nary/BinaryCorrespondence.lean:456:24: warning: This simp argument is unused:
  Except.mapError

Hint: Omit it from the simp argument list.
  [apply] simp [hs, hb, projectAdmitSuccess]

Note: This linter can be disabled with `set_option linter.unusedSimpArgs false`
DefiKernel/Nary/BinaryCorrespondence.lean:456:41: warning: This simp argument is unused:
  projectAdmitSuccess

Hint: Omit it from the simp argument list.
  [apply] simp [hs, hb, Except.mapError]

Note: This linter can be disabled with `set_option linter.unusedSimpArgs false`
