⚠ [921/934] Replayed DefiKernel.Typed.Transition
warning: DefiKernel/Typed/Transition.lean:239:20: `simp_all [throw, throwThe]` is a flexible tactic modifying `⊢`. Try `simp_all?` and use the suggested `simp_all only [...]`. Alternatively, use `suffices` to explicitly state the simplified form.

Note: This linter can be disabled with `set_option linter.flexible false`
info: DefiKernel/Typed/Transition.lean:239:20: Try this:
  [apply] simp_all only [or_false, Prod.forall, true_and]
info: DefiKernel/Typed/Transition.lean:244:6: `rename_i args`
modifies the current goal, which was modified by the flexible tactic `simp_all` on line 239!
warning: DefiKernel/Typed/Transition.lean:239:20: `simp_all [throw, throwThe]` is a flexible tactic modifying `⊢`. Try `simp_all?` and use the suggested `simp_all only [...]`. Alternatively, use `suffices` to explicitly state the simplified form.

Note: This linter can be disabled with `set_option linter.flexible false`
info: DefiKernel/Typed/Transition.lean:239:20: Try this:
  [apply] simp_all only [Option.some.injEq, false_or, Prod.forall]
info: DefiKernel/Typed/Transition.lean:244:6: `rename_i args`
modifies the current goal, which was modified by the flexible tactic `simp_all` on line 239!
⚠ [926/934] Replayed DefiKernel.Nary.Schedule
warning: DefiKernel/Nary/Schedule.lean:162:24: This simp argument is unused:
  Nat.add_assoc

Hint: Omit it from the simp argument list.
  [apply] simp [hbeq, hmem, Nat.add_left_comm, Nat.add_comm]

Note: This linter can be disabled with `set_option linter.unusedSimpArgs false`
warning: DefiKernel/Nary/Schedule.lean:263:2: `simp [admit, hv, ha, bind, Except.bind, pure, Except.pure]` is a flexible tactic modifying `⊢`. Try `simp?` and use the suggested `simp only [...]`. Alternatively, use `suffices` to explicitly state the simplified form.

Note: This linter can be disabled with `set_option linter.flexible false`
info: DefiKernel/Nary/Schedule.lean:264:2: `rw [hs']`
modifies the current goal, which was modified by the flexible tactic `simp` on line 263!
⚠ [933/934] Replayed DefiKernel.Nary.Observation
warning: DefiKernel/Nary/Observation.lean:338:4: `simp [localEq, Bool.and_eq_true, eventsEq_iff] at h` is a flexible tactic modifying `h`. Try `simp?` and use the suggested `simp only [...]`. Alternatively, use `suffices` to explicitly state the simplified form.

Note: This linter can be disabled with `set_option linter.flexible false`
info: DefiKernel/Nary/Observation.lean:338:4: Try this:
  [apply] simp only [Interleaving.LocalState.mk.injEq] at h
info: DefiKernel/Nary/Observation.lean:339:4: `obtain ⟨⟨⟨⟨hc, hi⟩, hf⟩, ho⟩, he⟩ := h`
uses `h`, which was modified by the flexible tactic `simp` on line 338!
warning: DefiKernel/Nary/Observation.lean:342:4: `simp [Interleaving.LocalState.mk.injEq] at h` is a flexible tactic modifying `h`. Try `simp?` and use the suggested `simp only [...]`. Alternatively, use `suffices` to explicitly state the simplified form.

Note: This linter can be disabled with `set_option linter.flexible false`
info: DefiKernel/Nary/Observation.lean:343:4: `obtain ⟨hc, he, ho, hi, hf⟩ := h`
uses `h`, which was modified by the flexible tactic `simp` on line 342!
⚠ [934/934] Replayed DefiKernel.Nary.BinaryCorrespondence
warning: DefiKernel/Nary/BinaryCorrespondence.lean:76:2: `simp [ofBinaryMachine, toBinaryMachine, ofBinaryLocals]` is a flexible tactic modifying `⊢`. Try `simp?` and use the suggested `simp only [...]`. Alternatively, use `suffices` to explicitly state the simplified form.

Note: This linter can be disabled with `set_option linter.flexible false`
info: DefiKernel/Nary/BinaryCorrespondence.lean:77:2: `exact toBinaryAttempts_ofBinary _`
modifies the current goal, which was modified by the flexible tactic `simp` on line 76!
warning: DefiKernel/Nary/BinaryCorrespondence.lean:159:14: This simp argument is unused:
  hr

Hint: Omit it from the simp argument list.
  [apply] simp [hown, toBinary_with_world_attempts, toBinary_setLocal, toBinaryAttempts, toBinaryAttempt,
    List.map_append, toBinary_world, toBinary_attempts]

Note: This linter can be disabled with `set_option linter.unusedSimpArgs false`
warning: DefiKernel/Nary/BinaryCorrespondence.lean:185:12: This simp argument is unused:
  hsel

Hint: Omit it from the simp argument list.
  [apply] simp [toBinary_skip]

Note: This linter can be disabled with `set_option linter.unusedSimpArgs false`
warning: DefiKernel/Nary/BinaryCorrespondence.lean:187:12: This simp argument is unused:
  hsel

Hint: Omit it from the simp argument list.
  [apply] simp

Note: This linter can be disabled with `set_option linter.unusedSimpArgs false`
warning: DefiKernel/Nary/BinaryCorrespondence.lean:191:14: This simp argument is unused:
  he

Hint: Omit it from the simp argument list.
  [apply] simp [toBinary_refuse]

Note: This linter can be disabled with `set_option linter.unusedSimpArgs false`
warning: DefiKernel/Nary/BinaryCorrespondence.lean:193:14: This simp argument is unused:
  he

Hint: Omit it from the simp argument list.
  [apply] simp [toBinary_accept]

Note: This linter can be disabled with `set_option linter.unusedSimpArgs false`
warning: DefiKernel/Nary/BinaryCorrespondence.lean:182:4: `simp [Option.isSome, hf]` is a flexible tactic modifying `⊢`. Try `simp?` and use the suggested `simp only [...]`. Alternatively, use `suffices` to explicitly state the simplified form.

Note: This linter can be disabled with `set_option linter.flexible false`
info: DefiKernel/Nary/BinaryCorrespondence.lean:183:4: `cases hsel : (branches b)[(m.locals b).consumed]? with
| none => simp [hsel, toBinary_skip]
| some inv =>
  simp [hsel]
  cases he :
    executeStep cfg (boundaries b (m.locals b).nextIndex) (m.locals b).nextIndex (m.locals b).outputs (.invoke inv)
      m.world with
  | error reason => simp [he, toBinary_refuse]
  | ok result => simp [he, toBinary_accept]`
modifies the current goal, which was modified by the flexible tactic `simp` on line 182!
warning: DefiKernel/Nary/BinaryCorrespondence.lean:187:6: `simp [hsel]` is a flexible tactic modifying `⊢`. Try `simp?` and use the suggested `simp only [...]`. Alternatively, use `suffices` to explicitly state the simplified form.

Note: This linter can be disabled with `set_option linter.flexible false`
info: DefiKernel/Nary/BinaryCorrespondence.lean:188:6: `cases he :
  executeStep cfg (boundaries b (m.locals b).nextIndex) (m.locals b).nextIndex (m.locals b).outputs (.invoke inv)
    m.world with
| error reason => simp [he, toBinary_refuse]
| ok result => simp [he, toBinary_accept]`
modifies the current goal, which was modified by the flexible tactic `simp` on line 187!
warning: DefiKernel/Nary/BinaryCorrespondence.lean:203:20: This simp argument is unused:
  hs

Hint: Omit it from the simp argument list.
  [apply] simp [advance, h, toBinary_skip]

Note: This linter can be disabled with `set_option linter.unusedSimpArgs false`
warning: DefiKernel/Nary/BinaryCorrespondence.lean:213:25: This simp argument is unused:
  hs

Hint: Omit it from the simp argument list.
  [apply] simp [advance, active, absent, toBinary_skip]

Note: This linter can be disabled with `set_option linter.unusedSimpArgs false`
warning: DefiKernel/Nary/BinaryCorrespondence.lean:226:25: This simp argument is unused:
  hs

Hint: Omit it from the simp argument list.
  [apply] simp [advance, active, selected, rejected, toBinary_refuse]

Note: This linter can be disabled with `set_option linter.unusedSimpArgs false`
warning: DefiKernel/Nary/BinaryCorrespondence.lean:239:25: This simp argument is unused:
  hs

Hint: Omit it from the simp argument list.
  [apply] simp [advance, active, selected, executed, toBinary_accept]

Note: This linter can be disabled with `set_option linter.unusedSimpArgs false`
warning: DefiKernel/Nary/BinaryCorrespondence.lean:334:4: `simp at hb` is a flexible tactic modifying `hb`. Try `simp?` and use the suggested `simp only [...]`. Alternatively, use `suffices` to explicitly state the simplified form.

Note: This linter can be disabled with `set_option linter.flexible false`
info: DefiKernel/Nary/BinaryCorrespondence.lean:335:4: `rcases hb with hL | hR`
uses `hb`, which was modified by the flexible tactic `simp` on line 334!
warning: DefiKernel/Nary/BinaryCorrespondence.lean:417:2: `simp [existingBinaryAdmit_eq]` is a flexible tactic modifying `⊢`. Try `simp?` and use the suggested `simp only [...]`. Alternatively, use `suffices` to explicitly state the simplified form.

Note: This linter can be disabled with `set_option linter.flexible false`
info: DefiKernel/Nary/BinaryCorrespondence.lean:418:2: `unfold Interleaving.admit`
modifies the current goal, which was modified by the flexible tactic `simp` on line 417!
warning: DefiKernel/Nary/BinaryCorrespondence.lean:417:2: `simp [existingBinaryAdmit_eq]` is a flexible tactic modifying `⊢`. Try `simp?` and use the suggested `simp only [...]`. Alternatively, use `suffices` to explicitly state the simplified form.

Note: This linter can be disabled with `set_option linter.flexible false`
info: DefiKernel/Nary/BinaryCorrespondence.lean:422:4: `contradiction`
modifies the current goal, which was modified by the flexible tactic `simp` on line 417!
warning: DefiKernel/Nary/BinaryCorrespondence.lean:442:12: This simp argument is unused:
  hL

Hint: Omit it from the simp argument list.
  [apply] simp [Except.mapError, projectAdmissionFailure]

Note: This linter can be disabled with `set_option linter.unusedSimpArgs false`
warning: DefiKernel/Nary/BinaryCorrespondence.lean:444:12: This simp argument is unused:
  hL

Hint: Omit it from the simp argument list.
  [apply] simp [Except.mapError]

Note: This linter can be disabled with `set_option linter.unusedSimpArgs false`
warning: DefiKernel/Nary/BinaryCorrespondence.lean:447:14: This simp argument is unused:
  hR

Hint: Omit it from the simp argument list.
  [apply] simp [Except.mapError, projectAdmissionFailure]

Note: This linter can be disabled with `set_option linter.unusedSimpArgs false`
warning: DefiKernel/Nary/BinaryCorrespondence.lean:447:18: This simp argument is unused:
  Except.mapError

Hint: Omit it from the simp argument list.
  [apply] simp [hR, projectAdmissionFailure]

Note: This linter can be disabled with `set_option linter.unusedSimpArgs false`
warning: DefiKernel/Nary/BinaryCorrespondence.lean:449:14: This simp argument is unused:
  hR

Hint: Omit it from the simp argument list.
  [apply] simp [Except.mapError, projectAdmitSuccess]

Note: This linter can be disabled with `set_option linter.unusedSimpArgs false`
warning: DefiKernel/Nary/BinaryCorrespondence.lean:449:18: This simp argument is unused:
  Except.mapError

Hint: Omit it from the simp argument list.
  [apply] simp [hR, projectAdmitSuccess]

Note: This linter can be disabled with `set_option linter.unusedSimpArgs false`
warning: DefiKernel/Nary/BinaryCorrespondence.lean:453:16: This simp argument is unused:
  hs

Hint: Omit it from the simp argument list.
  [apply] simp [hb, Except.mapError, projectAdmissionFailure]

Note: This linter can be disabled with `set_option linter.unusedSimpArgs false`
warning: DefiKernel/Nary/BinaryCorrespondence.lean:453:24: This simp argument is unused:
  Except.mapError

Hint: Omit it from the simp argument list.
  [apply] simp [hs, hb, projectAdmissionFailure]

Note: This linter can be disabled with `set_option linter.unusedSimpArgs false`
warning: DefiKernel/Nary/BinaryCorrespondence.lean:456:16: This simp argument is unused:
  hs

Hint: Omit it from the simp argument list.
  [apply] simp [hb, Except.mapError, projectAdmitSuccess]

Note: This linter can be disabled with `set_option linter.unusedSimpArgs false`
warning: DefiKernel/Nary/BinaryCorrespondence.lean:456:24: This simp argument is unused:
  Except.mapError

Hint: Omit it from the simp argument list.
  [apply] simp [hs, hb, projectAdmitSuccess]

Note: This linter can be disabled with `set_option linter.unusedSimpArgs false`
warning: DefiKernel/Nary/BinaryCorrespondence.lean:456:41: This simp argument is unused:
  projectAdmitSuccess

Hint: Omit it from the simp argument list.
  [apply] simp [hs, hb, Except.mapError]

Note: This linter can be disabled with `set_option linter.unusedSimpArgs false`
warning: DefiKernel/Nary/BinaryCorrespondence.lean:434:2: `simp [existingBinaryAdmit_eq]` is a flexible tactic modifying `⊢`. Try `simp?` and use the suggested `simp only [...]`. Alternatively, use `suffices` to explicitly state the simplified form.

Note: This linter can be disabled with `set_option linter.flexible false`
info: DefiKernel/Nary/BinaryCorrespondence.lean:437:4: `unfold admit Interleaving.admit`
modifies the current goal, which was modified by the flexible tactic `simp` on line 434!
warning: DefiKernel/Nary/BinaryCorrespondence.lean:434:2: `simp [existingBinaryAdmit_eq]` is a flexible tactic modifying `⊢`. Try `simp?` and use the suggested `simp only [...]`. Alternatively, use `suffices` to explicitly state the simplified form.

Note: This linter can be disabled with `set_option linter.flexible false`
info: DefiKernel/Nary/BinaryCorrespondence.lean:439:4: `rw [analyzeAll_binary]`
modifies the current goal, which was modified by the flexible tactic `simp` on line 434!
warning: DefiKernel/Nary/BinaryCorrespondence.lean:434:2: `simp [existingBinaryAdmit_eq]` is a flexible tactic modifying `⊢`. Try `simp?` and use the suggested `simp only [...]`. Alternatively, use `suffices` to explicitly state the simplified form.

Note: This linter can be disabled with `set_option linter.flexible false`
info: DefiKernel/Nary/BinaryCorrespondence.lean:440:4: `cases hL : Parallel.analyzeBranch cfg (boundaries .left) (branches .left) with
| error failure => simp [hL, Except.mapError, projectAdmissionFailure]
| ok lf =>
  simp [hL, Except.mapError]
  cases hR : Parallel.analyzeBranch cfg (boundaries .right) (branches .right) with
  | error failure => simp [hR, Except.mapError, projectAdmissionFailure]
  | ok rf =>
    simp [hR, Except.mapError, projectAdmitSuccess]
    cases hs : checkSchedule binaryParticipants branches schedule with
    | error mismatch =>
      have hb := checkSchedule_error_project branches schedule mismatch hs
      simp [hs, hb, Except.mapError, projectAdmissionFailure]
    | ok token =>
      have hb := (checkSchedule_ok_binary branches schedule).mp hs
      simp [hs, hb, Except.mapError, projectAdmitSuccess]`
modifies the current goal, which was modified by the flexible tactic `simp` on line 434!
warning: DefiKernel/Nary/BinaryCorrespondence.lean:444:6: `simp [hL, Except.mapError]` is a flexible tactic modifying `⊢`. Try `simp?` and use the suggested `simp only [...]`. Alternatively, use `suffices` to explicitly state the simplified form.

Note: This linter can be disabled with `set_option linter.flexible false`
info: DefiKernel/Nary/BinaryCorrespondence.lean:444:6: Try this:
  [apply] simp only [Bool.false_eq_true, ↓reduceIte]
info: DefiKernel/Nary/BinaryCorrespondence.lean:445:6: `cases hR : Parallel.analyzeBranch cfg (boundaries .right) (branches .right) with
| error failure => simp [hR, Except.mapError, projectAdmissionFailure]
| ok rf =>
  simp [hR, Except.mapError, projectAdmitSuccess]
  cases hs : checkSchedule binaryParticipants branches schedule with
  | error mismatch =>
    have hb := checkSchedule_error_project branches schedule mismatch hs
    simp [hs, hb, Except.mapError, projectAdmissionFailure]
  | ok token =>
    have hb := (checkSchedule_ok_binary branches schedule).mp hs
    simp [hs, hb, Except.mapError, projectAdmitSuccess]`
modifies the current goal, which was modified by the flexible tactic `simp` on line 444!
warning: DefiKernel/Nary/BinaryCorrespondence.lean:449:8: `simp [hR, Except.mapError, projectAdmitSuccess]` is a flexible tactic modifying `⊢`. Try `simp?` and use the suggested `simp only [...]`. Alternatively, use `suffices` to explicitly state the simplified form.

Note: This linter can be disabled with `set_option linter.flexible false`
info: DefiKernel/Nary/BinaryCorrespondence.lean:450:8: `cases hs : checkSchedule binaryParticipants branches schedule with
| error mismatch =>
  have hb := checkSchedule_error_project branches schedule mismatch hs
  simp [hs, hb, Except.mapError, projectAdmissionFailure]
| ok token =>
  have hb := (checkSchedule_ok_binary branches schedule).mp hs
  simp [hs, hb, Except.mapError, projectAdmitSuccess]`
modifies the current goal, which was modified by the flexible tactic `simp` on line 449!
warning: DefiKernel/Nary/BinaryCorrespondence.lean:470:4: `simp [hnf, bind, Except.bind, pure, Except.pure] at h` is a flexible tactic modifying `h`. Try `simp?` and use the suggested `simp only [...]`. Alternatively, use `suffices` to explicitly state the simplified form.

Note: This linter can be disabled with `set_option linter.flexible false`
info: DefiKernel/Nary/BinaryCorrespondence.lean:470:4: Try this:
  [apply] simp only [Prod.exists] at h
info: DefiKernel/Nary/BinaryCorrespondence.lean:471:4: `cases hA : analyzeAll cfg boundaries branches binaryParticipants.order with
| error reason =>
  rw [hA] at h
  cases h
| ok fps' =>
  rw [hA] at h
  cases hs : checkSchedule binaryParticipants branches schedule with
  | error mismatch =>
    rw [hs] at h
    simp [Except.mapError] at h
  | ok token =>
    rw [hs] at h
    simp [Except.mapError] at h
    cases h
    have ha := analyzeAll_binary cfg boundaries branches
    rw [ha] at hA
    cases hL : Parallel.analyzeBranch cfg (boundaries .left) (branches .left) with
    | error failure => simp [hL] at hA
    | ok lf =>
      simp [hL] at hA
      cases hR : Parallel.analyzeBranch cfg (boundaries .right) (branches .right) with
      | error failure => simp [hR] at hA
      | ok rf =>
        simp [hR] at hA
        cases hA
        exact ⟨(lf, rf), rfl⟩`
uses `h`, which was modified by the flexible tactic `simp` on line 470!
warning: DefiKernel/Nary/BinaryCorrespondence.lean:483:8: `simp [Except.mapError] at h` is a flexible tactic modifying `h`. Try `simp?` and use the suggested `simp only [...]`. Alternatively, use `suffices` to explicitly state the simplified form.

Note: This linter can be disabled with `set_option linter.flexible false`
info: DefiKernel/Nary/BinaryCorrespondence.lean:483:8: Try this:
  [apply] simp only [Prod.exists] at h
info: DefiKernel/Nary/BinaryCorrespondence.lean:484:8: `cases h`
uses `h`, which was modified by the flexible tactic `simp` on line 483!
warning: DefiKernel/Nary/BinaryCorrespondence.lean:483:8: `simp [Except.mapError] at h` is a flexible tactic modifying `h`. Try `simp?` and use the suggested `simp only [...]`. Alternatively, use `suffices` to explicitly state the simplified form.

Note: This linter can be disabled with `set_option linter.flexible false`
info: DefiKernel/Nary/BinaryCorrespondence.lean:483:8: Try this:
  [apply] simp only [Prod.exists] at h
info: DefiKernel/Nary/BinaryCorrespondence.lean:487:8: `cases hL : Parallel.analyzeBranch cfg (boundaries .left) (branches .left) with
| error failure => simp [hL] at hA
| ok lf =>
  simp [hL] at hA
  cases hR : Parallel.analyzeBranch cfg (boundaries .right) (branches .right) with
  | error failure => simp [hR] at hA
  | ok rf =>
    simp [hR] at hA
    cases hA
    exact ⟨(lf, rf), rfl⟩`
uses `h`, which was modified by the flexible tactic `simp` on line 483!
warning: DefiKernel/Nary/BinaryCorrespondence.lean:491:10: `simp [hL] at hA` is a flexible tactic modifying `hA`. Try `simp?` and use the suggested `simp only [...]`. Alternatively, use `suffices` to explicitly state the simplified form.

Note: This linter can be disabled with `set_option linter.flexible false`
info: DefiKernel/Nary/BinaryCorrespondence.lean:491:10: Try this:
  [apply] simp only [Prod.exists] at hA
info: DefiKernel/Nary/BinaryCorrespondence.lean:492:10: `cases hR : Parallel.analyzeBranch cfg (boundaries .right) (branches .right) with
| error failure => simp [hR] at hA
| ok rf =>
  simp [hR] at hA
  cases hA
  exact ⟨(lf, rf), rfl⟩`
uses `hA`, which was modified by the flexible tactic `simp` on line 491!
warning: DefiKernel/Nary/BinaryCorrespondence.lean:496:12: `simp [hR] at hA` is a flexible tactic modifying `hA`. Try `simp?` and use the suggested `simp only [...]`. Alternatively, use `suffices` to explicitly state the simplified form.

Note: This linter can be disabled with `set_option linter.flexible false`
info: DefiKernel/Nary/BinaryCorrespondence.lean:496:12: Try this:
  [apply] simp only [Prod.exists] at hA
info: DefiKernel/Nary/BinaryCorrespondence.lean:497:12: `cases hA`
uses `hA`, which was modified by the flexible tactic `simp` on line 496!
warning: DefiKernel/Nary/BinaryCorrespondence.lean:496:12: `simp [hR] at hA` is a flexible tactic modifying `hA`. Try `simp?` and use the suggested `simp only [...]`. Alternatively, use `suffices` to explicitly state the simplified form.

Note: This linter can be disabled with `set_option linter.flexible false`
info: DefiKernel/Nary/BinaryCorrespondence.lean:496:12: Try this:
  [apply] simp only [Prod.exists] at hA
info: DefiKernel/Nary/BinaryCorrespondence.lean:498:12: `exact ⟨(lf, rf), rfl⟩`
uses `hA`, which was modified by the flexible tactic `simp` on line 496!
warning: DefiKernel/Nary/BinaryCorrespondence.lean:533:4: `simp [toBinaryResult]` is a flexible tactic modifying `⊢`. Try `simp?` and use the suggested `simp only [...]`. Alternatively, use `suffices` to explicitly state the simplified form.

Note: This linter can be disabled with `set_option linter.flexible false`
info: DefiKernel/Nary/BinaryCorrespondence.lean:534:4: `cases hproj : projectAdmitSuccess footprints with
| some pair => simp [toBinary_runPrefix, existingBinaryPrefix_eq]
| none =>
  obtain ⟨pair, hpair⟩ := admit_ok_projected cfg boundaries branches schedule footprints hn
  simp [hpair] at hproj`
modifies the current goal, which was modified by the flexible tactic `simp` on line 533!
Build completed successfully (934 jobs).
