{
  "arithmetic_token": "lean/DefiKernel/Arithmetic/Operations.lean:081c4d29809a33b6377ab1746ae93f2f2a429f5fa307983331c4cb5fbc460485:DefiKernel.Arithmetic.Operations.add_ok_iff",
  "binding": "absolute-pinned-lean+imported-olean+source-bytes",
  "compiled_git": "a12b7cac05a818cc8d35c2ca440b7170a2807e92",
  "compiled_mathlib": "51e6992efd06126df61a496bebf8f49482a4e129",
  "compiled_toolchain": "leanprover/lean4:v4.33.0-rc2",
  "dependency_count": 11,
  "git_distinct_from_path_tokens": true,
  "grammar_sha256": "908ff747b2f3c3fba50dd4ae7a02486cea8204a4f471457c51ddea30802edfff",
  "host_records": "lean/DefiKernel/Certificates/trusted-host-records.json",
  "identity_export": "lean/DefiKernel/Certificates/HostIdentityExport.lean",
  "identity_export_sha256": "acf4af5867bb3889622a246af161dcdf2c9fa7d4a5ee732129c7d41130c09c88",
  "lake_executable": "/home/charl/.elan/toolchains/leanprover--lean4---v4.33.0-rc2/bin/lake",
  "lake_executable_sha256": "60330ab6f07dce20f3fa9ebb08e8b984ea9549eac172afeb15d9d2227060e2b3",
  "lean_executable": "/home/charl/.elan/toolchains/leanprover--lean4---v4.33.0-rc2/bin/lean",
  "lean_executable_sha256": "e8baaa71855a616dc351028f3ad2200051b0671f423a1696a100e809302d5550",
  "lean_version": "Lean (version 4.33.0-rc2, x86_64-unknown-linux-gnu, commit d8b18978322de05a8f3dba51ef03cf5461676c17, Release)",
  "library_compiler_records": 1,
  "required_inventory": [
    "lean/DefiKernel/Composition/Contracts.lean",
    "lean/DefiKernel/Composition/Execution.lean",
    "lean/DefiKernel/Composition/Interfaces.lean",
    "lean/DefiKernel/Composition/Sequence.lean",
    "lean/DefiKernel/Typed/Authority.lean",
    "lean/DefiKernel/Typed/Expr.lean",
    "lean/DefiKernel/Typed/Transition.lean",
    "lean/DefiKernel/Typed/Types.lean",
    "lean/lake-manifest.json",
    "lean/lakefile.toml",
    "lean/lean-toolchain"
  ],
  "schema_sha256": "99c58c21022006faad3475bc01db3394d98c9f6237c1df3693594c77802e7000",
  "trusted_git": "a12b7cac05a818cc8d35c2ca440b7170a2807e92",
  "trusted_host_lean": "lean/DefiKernel/Certificates/TrustedHost.lean",
  "trusted_host_lean_sha256": "d2227d592f22878e1ab4a6b58b1dfadcbe35bcd346464756f2eb721f0d7f501d",
  "trusted_host_olean": "lean/.lake/build/lib/lean/DefiKernel/Certificates/TrustedHost.olean",
  "trusted_host_olean_sha256": "27b0f65e94341cff5556b20eea38189e9d98f460a3cc04fd643059694a90e7b6"
}
