✖ [123/123] Building DefiKernel.Arithmetic.Word (664ms)
trace: .> LEAN_PATH=/home/charl/defiformal/lean/.lake/packages/Cli/.lake/build/lib/lean:/home/charl/defiformal/lean/.lake/packages/batteries/.lake/build/lib/lean:/home/charl/defiformal/lean/.lake/packages/Qq/.lake/build/lib/lean:/home/charl/defiformal/lean/.lake/packages/aesop/.lake/build/lib/lean:/home/charl/defiformal/lean/.lake/packages/proofwidgets/.lake/build/lib/lean:/home/charl/defiformal/lean/.lake/packages/importGraph/.lake/build/lib/lean:/home/charl/defiformal/lean/.lake/packages/LeanSearchClient/.lake/build/lib/lean:/home/charl/defiformal/lean/.lake/packages/plausible/.lake/build/lib/lean:/home/charl/defiformal/lean/.lake/packages/mathlib/.lake/build/lib/lean:/home/charl/defiformal/lean/.lake/build/lib/lean /home/charl/.elan/toolchains/leanprover--lean4---v4.33.0-rc2/bin/lean /home/charl/defiformal/lean/DefiKernel/Arithmetic/Word.lean -o /home/charl/defiformal/lean/.lake/build/lib/lean/DefiKernel/Arithmetic/Word.olean -i /home/charl/defiformal/lean/.lake/build/lib/lean/DefiKernel/Arithmetic/Word.ilean -c /home/charl/defiformal/lean/.lake/build/ir/DefiKernel/Arithmetic/Word.c --setup /home/charl/defiformal/lean/.lake/build/ir/DefiKernel/Arithmetic/Word.setup.json --json
error: DefiKernel/Arithmetic/Word.lean:40:15: Unknown constant `Except.error_ne_ok`
error: DefiKernel/Arithmetic/Word.lean:40:4: `simp` made no progress
error: DefiKernel/Arithmetic/Word.lean:45:82: unsolved goals
case isTrue
w : ℕ
error failure : Failure
n : ℕ
h✝ : n < 2 ^ w
⊢ 2 ^ w ≤ n → ¬error = failure
error: DefiKernel/Arithmetic/Word.lean:58:71: unsolved goals
w n : ℕ
failure : Failure
⊢ Except.error failure = Word.checked Failure.inputOverflow n ↔ 2 ^ w ≤ n ∧ failure = Failure.inputOverflow
error: DefiKernel/Arithmetic/Word.lean:65:13: Unknown identifier `pow_zero`
error: DefiKernel/Arithmetic/Word.lean:65:2: `simp` made no progress
error: Lean exited with code 1
Some required targets logged failures:
- DefiKernel.Arithmetic.Word
error: build failed
