'DefiKernel.Arithmetic.Word.ext' does not depend on any axioms
'DefiKernel.Arithmetic.Word.checked_ok_iff' depends on axioms: [propext]
'DefiKernel.Arithmetic.Word.checked_error_iff' depends on axioms: [propext]
'DefiKernel.Arithmetic.Word.checked_exists_iff' depends on axioms: [propext, Quot.sound]
'DefiKernel.Arithmetic.ofNat_ok_iff' depends on axioms: [propext]
'DefiKernel.Arithmetic.ofNat_error_iff' depends on axioms: [propext]
'DefiKernel.Arithmetic.ofNat_value' depends on axioms: [propext]
'DefiKernel.Arithmetic.Word.width_zero' depends on axioms: [propext, Quot.sound]
'DefiKernel.Arithmetic.Operations.add_ok_iff' depends on axioms: [propext]
'DefiKernel.Arithmetic.Operations.add_error_iff' depends on axioms: [propext]
'DefiKernel.Arithmetic.Operations.mul_ok_iff' depends on axioms: [propext]
'DefiKernel.Arithmetic.Operations.mul_error_iff' depends on axioms: [propext]
'DefiKernel.Arithmetic.Operations.sub_difference_bound' does not depend on any axioms
'DefiKernel.Arithmetic.Operations.sub_checked_ne_error' depends on axioms: [propext]
'DefiKernel.Arithmetic.Operations.sub_ok_iff' depends on axioms: [propext]
'DefiKernel.Arithmetic.Operations.sub_error_iff' depends on axioms: [propext, Quot.sound]
'DefiKernel.Arithmetic.Operations.add_mono' depends on axioms: [propext, Quot.sound]
'DefiKernel.Arithmetic.Operations.mul_mono' depends on axioms: [propext]
'DefiKernel.Arithmetic.Operations.sub_mono' depends on axioms: [propext, Quot.sound]
'DefiKernel.Arithmetic.Operations.sub_antitone' depends on axioms: [propext, Quot.sound]
'DefiKernel.Arithmetic.Operations.add_comm' depends on axioms: [propext]
'DefiKernel.Arithmetic.Operations.mul_comm' depends on axioms: [propext]
'DefiKernel.Arithmetic.Operations.add_zero' depends on axioms: [propext]
'DefiKernel.Arithmetic.Operations.sub_zero' depends on axioms: [propext]
'DefiKernel.Arithmetic.Operations.sub_self' depends on axioms: [propext, Quot.sound]
'DefiKernel.Arithmetic.Operations.mul_zero' depends on axioms: [propext]
'DefiKernel.Arithmetic.Operations.mul_one' depends on axioms: [propext]
'DefiKernel.Arithmetic.Operations.add_mono_right' depends on axioms: [propext, Quot.sound]
'DefiKernel.Arithmetic.Operations.mul_mono_right' depends on axioms: [propext]
