expr_exact_price_conversion: true
expr_explicit_debt_valuation: true
expr_inverse_price_conversion: true
expr_exact_fractional_conversion: true
expr_same_unit_addition: true
expr_scalar_scaling: true
expr_signed_negation: true
expr_safe_scalar_division: true
expr_zero_scalar_division_refused: false
expr_safe_ratio: true
expr_zero_ratio_refused: true
expr_zero_inverse_price_refused: true
expr_missing_observation_refused: true
expr_wrong_observation_unit_refused: true
expr_tracked_freshness: true
expr_stale_observation: true
expr_missing_timestamp_refused: true
expr_fresh_time_tracked: true
expr_timestamp_observation_tracked: true
expr_inactive_environment_branch_tracked: true
expr_inactive_state_branch_tracked: true
expr_inactive_missing_branch_not_evaluated: true
expr_boolean_and_is_eager: true
expr_boolean_or_is_eager: true
expr_successful_party_lookup: true
expr_failed_party_lookup_refused: true
expr_concrete_read_resolution: true
expr_footprint_party_lookup_refused: true
expr_checked_argument: true
expr_wrong_argument_unit_refused: true
expr_missing_argument_refused: true
expr_excess_argument_refused: true
expr_unrelated_balance_change: true
expr_read_change_observed: true
authority_issue_succeeds_with_id_zero: true
authority_unauthorized_issuer: true
authority_issuer_wrong_authenticated_domain: true
authority_unknown_operation_grant: true
authority_foreign_operation_grant: true
authority_foreign_debit_resource_grant: true
authority_foreign_supply_resource_grant: true
authority_invoke_live_holder: true
authority_debit_live_holder: true
authority_supply_live_holder: true
authority_wrong_holder: true
authority_wrong_authenticated_domain: true
authority_unknown_capability: true
authority_empty_capability_request: true
authority_wrong_operation: true
authority_wrong_debit_owner: true
authority_wrong_debit_asset: true
authority_wrong_supply_asset: true
authority_right_kind_mismatch: true
authority_duplicates_preserve_success: true
authority_duplicates_add_no_right: true
authority_unauthorized_revoker: true
authority_revoker_wrong_authenticated_domain: true
authority_unknown_revocation: true
authority_same_request_before_revoke: true
authority_revoke_accepted: true
authority_same_request_after_revoke: true
authority_revoke_keeps_invoke_sibling: true
authority_revoke_keeps_supply_sibling: true
authority_revoke_is_idempotent: true
authority_reissue_receives_fresh_id_three: true
authority_reissued_right_usable_by_new_id: true
authority_old_revoked_id_remains_unusable: true
authority_foreign_grant_positive_sibling: true
authority_foreign_grant_cannot_authorize_local_context: true
authority_other_operation_positive_sibling: true
authority_other_operation_cannot_authorize_original: true
transition_transfer_exact: true
transition_issue_all_rights: true
transition_unknown_operation: true
transition_claimed_actor_ok: true
transition_claimed_actor_wrong: true
transition_wrong_cap_holder: true
transition_context_domain: true
transition_party_arity: true
transition_argument_count: true
transition_invoke_required: true
transition_guard_false: true
transition_guard_read_ok: true
transition_guard_read_missing: true
transition_effect_read_ok: true
transition_effect_read_missing: true
transition_inactive_read_ok: true
transition_inactive_read_missing: true
transition_supply_read_ok: true
transition_supply_only_read_ok: true
transition_supply_only_read_missing: true
transition_observed_ok: true
transition_env_read_missing: true
transition_observation_missing: true
transition_foreign_state_read: true
transition_foreign_effect: true
transition_debit_required: true
transition_revoked_debit: true
transition_mint_ok: true
transition_supply_required: true
transition_insufficient_funds: true
transition_unbalanced: true
transition_mismatched_supply: true
transition_wrong_asset_accounting: true
transition_missing_write: true
transition_repeated_effects_sum: true
transition_repeated_supply_sum: true
transition_duplicate_cap_ids: true
transition_positive_provisioning: true
transition_revoked_tombstone_exact: true
transition_clock_read_ok: true
transition_now_read_missing: true
transition_timestamp_read_missing: true
transition_foreign_supply: true
transition_foreign_observation_ok: true
transition_foreign_netzero_ok: true
transition_false_guard_failing_effect_precedence: false
transition_underfunded_unbalanced_precedence: true
transition_false_guard_missing_read_precedence: true
reference_initial_all_cells: true
reference_provisioned_twelve_grants: true
reference_transfer_full_post: true
reference_deposit_full_post: true
reference_withdraw_full_post: true
reference_borrow_full_post: true
reference_collateral_boundary_accept: true
reference_fractional_deposit: true
reference_zero_transfer: true
reference_self_transfer: true
reference_zero_deposit: true
reference_zero_withdraw: true
reference_zero_borrow: true
reference_negative_transfer: true
reference_negative_deposit: true
reference_negative_withdraw: true
reference_negative_borrow: true
reference_transfer_capabilities_preserved: true
reference_deposit_capabilities_preserved: true
reference_withdraw_capabilities_preserved: true
reference_borrow_capabilities_preserved: true
reference_unknown_operation: true
reference_wrong_holder: true
reference_claimed_actor_mismatch: true
reference_claimed_actor_correct: true
reference_wrong_domain: true
reference_wrong_operation_capabilities: true
reference_unknown_capability: true
reference_missing_debit: true
reference_missing_share_supply: true
reference_missing_debt_supply: true
reference_duplicate_capabilities: true
reference_revoked_invocation: true
reference_live_repeat_same_request: true
reference_issue_use_revoke_same_request: true
reference_resource_revoked_same_request: true
reference_unrelated_revocation: true
reference_revocation_tombstone: true
reference_reissue_fresh_id: true
reference_reissued_new_id_works: true
reference_old_id_stays_revoked: true
reference_unauthorized_issue: true
reference_unauthorized_revoke: true
reference_oracle_age_boundary_accept: true
reference_oracle_stale: true
reference_oracle_zero: true
reference_oracle_negative: true
reference_oracle_positive_zero_exposure: true
reference_oracle_zero_independent: true
reference_oracle_negative_independent: true
reference_oracle_future: true
reference_oracle_wrong_feed: true
reference_oracle_missing: true
reference_oracle_wrong_dimension: true
reference_collateral_exceeded: true
reference_transfer_insufficient: true
reference_deposit_insufficient: true
reference_withdraw_insufficient: true
reference_pool_illiquid: true
reference_wrong_argument_dimension: true
reference_missing_argument: true
reference_missing_party: true
reference_missing_write: true
reference_missing_guard_state_read: true
reference_missing_guard_env_read: true
reference_declared_effect_read: true
reference_missing_effect_read: true
reference_unbalanced: true
reference_wrong_asset_accounting: true
reference_zero_divisor: true
/tmp/defiformal-sprint9-baseline-8_6p3euj/typed-mutations/zero-division-bypass.lean:1647:0: error: Typed runtime comparisons failed: 2
