⚠ [921/963] Replayed DefiKernel.Typed.Transition
warning: DefiKernel/Typed/Transition.lean:239:20: `simp_all [throw, throwThe]` is a flexible tactic modifying `⊢`. Try `simp_all?` and use the suggested `simp_all only [...]`. Alternatively, use `suffices` to explicitly state the simplified form.

Note: This linter can be disabled with `set_option linter.flexible false`
info: DefiKernel/Typed/Transition.lean:239:20: Try this:
  [apply] simp_all only [or_false, Prod.forall, true_and]
info: DefiKernel/Typed/Transition.lean:244:6: `rename_i args`
modifies the current goal, which was modified by the flexible tactic `simp_all` on line 239!
warning: DefiKernel/Typed/Transition.lean:239:20: `simp_all [throw, throwThe]` is a flexible tactic modifying `⊢`. Try `simp_all?` and use the suggested `simp_all only [...]`. Alternatively, use `suffices` to explicitly state the simplified form.

Note: This linter can be disabled with `set_option linter.flexible false`
info: DefiKernel/Typed/Transition.lean:239:20: Try this:
  [apply] simp_all only [Option.some.injEq, false_or, Prod.forall]
info: DefiKernel/Typed/Transition.lean:244:6: `rename_i args`
modifies the current goal, which was modified by the flexible tactic `simp_all` on line 239!
⚠ [926/963] Replayed DefiKernel.Nary.Schedule
warning: DefiKernel/Nary/Schedule.lean:162:24: This simp argument is unused:
  Nat.add_assoc

Hint: Omit it from the simp argument list.
  [apply] simp [hbeq, hmem, Nat.add_left_comm, Nat.add_comm]

Note: This linter can be disabled with `set_option linter.unusedSimpArgs false`
warning: DefiKernel/Nary/Schedule.lean:263:2: `simp [admit, hv, ha, bind, Except.bind, pure, Except.pure]` is a flexible tactic modifying `⊢`. Try `simp?` and use the suggested `simp only [...]`. Alternatively, use `suffices` to explicitly state the simplified form.

Note: This linter can be disabled with `set_option linter.flexible false`
info: DefiKernel/Nary/Schedule.lean:264:2: `rw [hs']`
modifies the current goal, which was modified by the flexible tactic `simp` on line 263!
⚠ [955/963] Replayed DefiKernel.Interface.BindingResolution
warning: DefiKernel/Interface/BindingResolution.lean:143:4: try 'simp' instead of 'simpa'

Note: This linter can be disabled with `set_option linter.unnecessarySimpa false`
✔ [959/963] Built DefiKernel.Nary.Soundness (1.1s)
⚠ [960/963] Built DefiKernel.Nary.Observation (1.6s)
warning: DefiKernel/Nary/Observation.lean:338:4: `simp [localEq, Bool.and_eq_true, eventsEq_iff] at h` is a flexible tactic modifying `h`. Try `simp?` and use the suggested `simp only [...]`. Alternatively, use `suffices` to explicitly state the simplified form.

Note: This linter can be disabled with `set_option linter.flexible false`
info: DefiKernel/Nary/Observation.lean:338:4: Try this:
  [apply] simp only [Interleaving.LocalState.mk.injEq] at h
info: DefiKernel/Nary/Observation.lean:339:4: `obtain ⟨⟨⟨⟨hc, hi⟩, hf⟩, ho⟩, he⟩ := h`
uses `h`, which was modified by the flexible tactic `simp` on line 338!
warning: DefiKernel/Nary/Observation.lean:342:4: `simp [Interleaving.LocalState.mk.injEq] at h` is a flexible tactic modifying `h`. Try `simp?` and use the suggested `simp only [...]`. Alternatively, use `suffices` to explicitly state the simplified form.

Note: This linter can be disabled with `set_option linter.flexible false`
info: DefiKernel/Nary/Observation.lean:343:4: `obtain ⟨hc, he, ho, hi, hf⟩ := h`
uses `h`, which was modified by the flexible tactic `simp` on line 342!
✔ [961/963] Built DefiKernel.Nary.LocalOrder (1.0s)
✔ [962/963] Built DefiKernel.Nary.Interference (934ms)
✖ [963/963] Building DefiKernel.Nary.InterfaceInstances (3.8s)
trace: .> LEAN_PATH=/home/charl/.cache/defiformal-sprint11-builds/fixture/.lake/packages/Cli/.lake/build/lib/lean:/home/charl/.cache/defiformal-sprint11-builds/fixture/.lake/packages/batteries/.lake/build/lib/lean:/home/charl/.cache/defiformal-sprint11-builds/fixture/.lake/packages/Qq/.lake/build/lib/lean:/home/charl/.cache/defiformal-sprint11-builds/fixture/.lake/packages/aesop/.lake/build/lib/lean:/home/charl/.cache/defiformal-sprint11-builds/fixture/.lake/packages/proofwidgets/.lake/build/lib/lean:/home/charl/.cache/defiformal-sprint11-builds/fixture/.lake/packages/importGraph/.lake/build/lib/lean:/home/charl/.cache/defiformal-sprint11-builds/fixture/.lake/packages/LeanSearchClient/.lake/build/lib/lean:/home/charl/.cache/defiformal-sprint11-builds/fixture/.lake/packages/plausible/.lake/build/lib/lean:/home/charl/.cache/defiformal-sprint11-builds/fixture/.lake/packages/mathlib/.lake/build/lib/lean:/home/charl/.cache/defiformal-sprint11-builds/fixture/.lake/build/lib/lean /home/charl/.elan/toolchains/leanprover--lean4---v4.33.0-rc2/bin/lean /home/charl/.cache/defiformal-sprint11-builds/fixture/DefiKernel/Nary/InterfaceInstances.lean -o /home/charl/.cache/defiformal-sprint11-builds/fixture/.lake/build/lib/lean/DefiKernel/Nary/InterfaceInstances.olean -i /home/charl/.cache/defiformal-sprint11-builds/fixture/.lake/build/lib/lean/DefiKernel/Nary/InterfaceInstances.ilean -c /home/charl/.cache/defiformal-sprint11-builds/fixture/.lake/build/ir/DefiKernel/Nary/InterfaceInstances.c --setup /home/charl/.cache/defiformal-sprint11-builds/fixture/.lake/build/ir/DefiKernel/Nary/InterfaceInstances.setup.json --json
warning: DefiKernel/Nary/InterfaceInstances.lean:65:8: This simp argument is unused:
  Region.WellFormed

Hint: Omit it from the simp argument list.
  [apply] simp [f18Region, alice, bob, carol] at hc ⊢

Note: This linter can be disabled with `set_option linter.unusedSimpArgs false`
warning: DefiKernel/Nary/InterfaceInstances.lean:66:49: This simp argument is unused:
  alice

Hint: Omit it from the simp argument list.
  [apply] simp [bob, carol]

Note: This linter can be disabled with `set_option linter.unusedSimpArgs false`
warning: DefiKernel/Nary/InterfaceInstances.lean:66:56: This simp argument is unused:
  bob

Hint: Omit it from the simp argument list.
  [apply] simp [alice, carol]

Note: This linter can be disabled with `set_option linter.unusedSimpArgs false`
warning: DefiKernel/Nary/InterfaceInstances.lean:66:61: This simp argument is unused:
  carol

Hint: Omit it from the simp argument list.
  [apply] simp [alice, bob]

Note: This linter can be disabled with `set_option linter.unusedSimpArgs false`
warning: DefiKernel/Nary/InterfaceInstances.lean:65:2: `simp [Region.WellFormed, f18Region, alice, bob, carol] at hc ⊢` is a flexible tactic modifying `⊢`. Try `simp?` and use the suggested `simp only [...]`. Alternatively, use `suffices` to explicitly state the simplified form.

Note: This linter can be disabled with `set_option linter.flexible false`
info: DefiKernel/Nary/InterfaceInstances.lean:66:2: `rcases hc with h | h | h`
modifies the current goal, which was modified by the flexible tactic `simp` on line 65!
warning: DefiKernel/Nary/InterfaceInstances.lean:65:2: `simp [Region.WellFormed, f18Region, alice, bob, carol] at hc ⊢` is a flexible tactic modifying `hc`. Try `simp?` and use the suggested `simp only [...]`. Alternatively, use `suffices` to explicitly state the simplified form.

Note: This linter can be disabled with `set_option linter.flexible false`
info: DefiKernel/Nary/InterfaceInstances.lean:66:2: `rcases hc with h | h | h`
uses `hc`, which was modified by the flexible tactic `simp` on line 65!
error: DefiKernel/Nary/InterfaceInstances.lean:125:2: Type mismatch: After simplification, term
  f18_receipt_delta_zero
 has type
  @Eq ℚ (receiptDelta f18Region f18Receipt) 0
but is expected to have type
  @Eq ℚ (∑ x ∈ f18Region.cells, Atomic.receiptEffect f18Receipt x) 0
error: DefiKernel/Nary/InterfaceInstances.lean:163:16: Application type mismatch: The argument
  h
has type
  f18Op = inv
but is expected to have type
  inv = f18Op
in the application
  ⟨rfl, h⟩
error: DefiKernel/Nary/InterfaceInstances.lean:170:7: unexpected rec
error: DefiKernel/Nary/InterfaceInstances.lean:170:2: unexpected syntax
  failed to pretty print term (use 'set_option pp.rawOnError true' for raw representation)
error: DefiKernel/Nary/InterfaceInstances.lean:183:7: unexpected rec
error: DefiKernel/Nary/InterfaceInstances.lean:183:2: unexpected syntax
  failed to pretty print term (use 'set_option pp.rawOnError true' for raw representation)
error: DefiKernel/Nary/InterfaceInstances.lean:220:79: Tactic `rewrite` failed: Did not find an occurrence of the pattern
  post.balance alice - pre.balance alice
in the target expression
  pre.balance bob + (post.balance alice - pre.balance bob) = pre.balance bob + (post.balance bob - pre.balance bob)

b : Fin 3
pre post : State IP IA ID
hsum : balanceSum f18Region post = balanceSum f18Region pre
hinc : post.balance alice - pre.balance alice = post.balance bob - pre.balance bob
hagrees : Agrees f18Cfg.catalog f18Edges pre
hwf : f18Region.WellFormed
htot : balanceSum f18Region pre = f18ValueFn pre
member : (Interface.Examples.name 0, Interface.Examples.name 1) ∈ f18Edges
r0 : resolveExport f18Cfg.catalog (Interface.Examples.name 0) = Except.ok alice
r1 : resolveExport f18Cfg.catalog (Interface.Examples.name 1) = Except.ok bob
hd : alice.1 = bob.1
ha : alice.2.2 = bob.2.2
hb : pre.balance alice = pre.balance bob
⊢ pre.balance bob + (post.balance alice - pre.balance bob) = pre.balance bob + (post.balance bob - pre.balance bob)
warning: DefiKernel/Nary/InterfaceInstances.lean:245:2: `simp at hs` is a flexible tactic modifying `hs`. Try `simp?` and use the suggested `simp only [...]`. Alternatively, use `suffices` to explicitly state the simplified form.

Note: This linter can be disabled with `set_option linter.flexible false`
info: DefiKernel/Nary/InterfaceInstances.lean:246:2: `rcases hs with h | h | h | h | h | h`
uses `hs`, which was modified by the flexible tactic `simp` on line 245!
warning: DefiKernel/Nary/InterfaceInstances.lean:245:2: `simp at hs` is a flexible tactic modifying `hs`. Try `simp?` and use the suggested `simp only [...]`. Alternatively, use `suffices` to explicitly state the simplified form.

Note: This linter can be disabled with `set_option linter.flexible false`
info: DefiKernel/Nary/InterfaceInstances.lean:249:4: `refine ⟨rfl, ?_, by decide⟩`
uses `hs`, which was modified by the flexible tactic `simp` on line 245!
warning: DefiKernel/Nary/InterfaceInstances.lean:245:2: `simp at hs` is a flexible tactic modifying `hs`. Try `simp?` and use the suggested `simp only [...]`. Alternatively, use `suffices` to explicitly state the simplified form.

Note: This linter can be disabled with `set_option linter.flexible false`
info: DefiKernel/Nary/InterfaceInstances.lean:250:4: `intro b`
uses `hs`, which was modified by the flexible tactic `simp` on line 245!
warning: DefiKernel/Nary/InterfaceInstances.lean:245:2: `simp at hs` is a flexible tactic modifying `hs`. Try `simp?` and use the suggested `simp only [...]`. Alternatively, use `suffices` to explicitly state the simplified form.

Note: This linter can be disabled with `set_option linter.flexible false`
info: DefiKernel/Nary/InterfaceInstances.lean:251:4: `match b with
| ⟨0, _⟩ => simp [f18Branches]
| ⟨1, _⟩ => simp [f18Branches]
| ⟨2, _⟩ => simp [f18Branches]`
uses `hs`, which was modified by the flexible tactic `simp` on line 245!
warning: DefiKernel/Nary/InterfaceInstances.lean:245:2: `simp at hs` is a flexible tactic modifying `hs`. Try `simp?` and use the suggested `simp only [...]`. Alternatively, use `suffices` to explicitly state the simplified form.

Note: This linter can be disabled with `set_option linter.flexible false`
info: DefiKernel/Nary/InterfaceInstances.lean:249:4: `refine ⟨rfl, ?_, by decide⟩`
uses `hs`, which was modified by the flexible tactic `simp` on line 245!
warning: DefiKernel/Nary/InterfaceInstances.lean:245:2: `simp at hs` is a flexible tactic modifying `hs`. Try `simp?` and use the suggested `simp only [...]`. Alternatively, use `suffices` to explicitly state the simplified form.

Note: This linter can be disabled with `set_option linter.flexible false`
info: DefiKernel/Nary/InterfaceInstances.lean:250:4: `intro b`
uses `hs`, which was modified by the flexible tactic `simp` on line 245!
warning: DefiKernel/Nary/InterfaceInstances.lean:245:2: `simp at hs` is a flexible tactic modifying `hs`. Try `simp?` and use the suggested `simp only [...]`. Alternatively, use `suffices` to explicitly state the simplified form.

Note: This linter can be disabled with `set_option linter.flexible false`
info: DefiKernel/Nary/InterfaceInstances.lean:251:4: `match b with
| ⟨0, _⟩ => simp [f18Branches]
| ⟨1, _⟩ => simp [f18Branches]
| ⟨2, _⟩ => simp [f18Branches]`
uses `hs`, which was modified by the flexible tactic `simp` on line 245!
warning: DefiKernel/Nary/InterfaceInstances.lean:245:2: `simp at hs` is a flexible tactic modifying `hs`. Try `simp?` and use the suggested `simp only [...]`. Alternatively, use `suffices` to explicitly state the simplified form.

Note: This linter can be disabled with `set_option linter.flexible false`
info: DefiKernel/Nary/InterfaceInstances.lean:249:4: `refine ⟨rfl, ?_, by decide⟩`
uses `hs`, which was modified by the flexible tactic `simp` on line 245!
warning: DefiKernel/Nary/InterfaceInstances.lean:245:2: `simp at hs` is a flexible tactic modifying `hs`. Try `simp?` and use the suggested `simp only [...]`. Alternatively, use `suffices` to explicitly state the simplified form.

Note: This linter can be disabled with `set_option linter.flexible false`
info: DefiKernel/Nary/InterfaceInstances.lean:250:4: `intro b`
uses `hs`, which was modified by the flexible tactic `simp` on line 245!
warning: DefiKernel/Nary/InterfaceInstances.lean:245:2: `simp at hs` is a flexible tactic modifying `hs`. Try `simp?` and use the suggested `simp only [...]`. Alternatively, use `suffices` to explicitly state the simplified form.

Note: This linter can be disabled with `set_option linter.flexible false`
info: DefiKernel/Nary/InterfaceInstances.lean:251:4: `match b with
| ⟨0, _⟩ => simp [f18Branches]
| ⟨1, _⟩ => simp [f18Branches]
| ⟨2, _⟩ => simp [f18Branches]`
uses `hs`, which was modified by the flexible tactic `simp` on line 245!
warning: DefiKernel/Nary/InterfaceInstances.lean:245:2: `simp at hs` is a flexible tactic modifying `hs`. Try `simp?` and use the suggested `simp only [...]`. Alternatively, use `suffices` to explicitly state the simplified form.

Note: This linter can be disabled with `set_option linter.flexible false`
info: DefiKernel/Nary/InterfaceInstances.lean:249:4: `refine ⟨rfl, ?_, by decide⟩`
uses `hs`, which was modified by the flexible tactic `simp` on line 245!
warning: DefiKernel/Nary/InterfaceInstances.lean:245:2: `simp at hs` is a flexible tactic modifying `hs`. Try `simp?` and use the suggested `simp only [...]`. Alternatively, use `suffices` to explicitly state the simplified form.

Note: This linter can be disabled with `set_option linter.flexible false`
info: DefiKernel/Nary/InterfaceInstances.lean:250:4: `intro b`
uses `hs`, which was modified by the flexible tactic `simp` on line 245!
warning: DefiKernel/Nary/InterfaceInstances.lean:245:2: `simp at hs` is a flexible tactic modifying `hs`. Try `simp?` and use the suggested `simp only [...]`. Alternatively, use `suffices` to explicitly state the simplified form.

Note: This linter can be disabled with `set_option linter.flexible false`
info: DefiKernel/Nary/InterfaceInstances.lean:251:4: `match b with
| ⟨0, _⟩ => simp [f18Branches]
| ⟨1, _⟩ => simp [f18Branches]
| ⟨2, _⟩ => simp [f18Branches]`
uses `hs`, which was modified by the flexible tactic `simp` on line 245!
warning: DefiKernel/Nary/InterfaceInstances.lean:245:2: `simp at hs` is a flexible tactic modifying `hs`. Try `simp?` and use the suggested `simp only [...]`. Alternatively, use `suffices` to explicitly state the simplified form.

Note: This linter can be disabled with `set_option linter.flexible false`
info: DefiKernel/Nary/InterfaceInstances.lean:249:4: `refine ⟨rfl, ?_, by decide⟩`
uses `hs`, which was modified by the flexible tactic `simp` on line 245!
warning: DefiKernel/Nary/InterfaceInstances.lean:245:2: `simp at hs` is a flexible tactic modifying `hs`. Try `simp?` and use the suggested `simp only [...]`. Alternatively, use `suffices` to explicitly state the simplified form.

Note: This linter can be disabled with `set_option linter.flexible false`
info: DefiKernel/Nary/InterfaceInstances.lean:250:4: `intro b`
uses `hs`, which was modified by the flexible tactic `simp` on line 245!
warning: DefiKernel/Nary/InterfaceInstances.lean:245:2: `simp at hs` is a flexible tactic modifying `hs`. Try `simp?` and use the suggested `simp only [...]`. Alternatively, use `suffices` to explicitly state the simplified form.

Note: This linter can be disabled with `set_option linter.flexible false`
info: DefiKernel/Nary/InterfaceInstances.lean:251:4: `match b with
| ⟨0, _⟩ => simp [f18Branches]
| ⟨1, _⟩ => simp [f18Branches]
| ⟨2, _⟩ => simp [f18Branches]`
uses `hs`, which was modified by the flexible tactic `simp` on line 245!
warning: DefiKernel/Nary/InterfaceInstances.lean:245:2: `simp at hs` is a flexible tactic modifying `hs`. Try `simp?` and use the suggested `simp only [...]`. Alternatively, use `suffices` to explicitly state the simplified form.

Note: This linter can be disabled with `set_option linter.flexible false`
info: DefiKernel/Nary/InterfaceInstances.lean:249:4: `refine ⟨rfl, ?_, by decide⟩`
uses `hs`, which was modified by the flexible tactic `simp` on line 245!
warning: DefiKernel/Nary/InterfaceInstances.lean:245:2: `simp at hs` is a flexible tactic modifying `hs`. Try `simp?` and use the suggested `simp only [...]`. Alternatively, use `suffices` to explicitly state the simplified form.

Note: This linter can be disabled with `set_option linter.flexible false`
info: DefiKernel/Nary/InterfaceInstances.lean:250:4: `intro b`
uses `hs`, which was modified by the flexible tactic `simp` on line 245!
warning: DefiKernel/Nary/InterfaceInstances.lean:245:2: `simp at hs` is a flexible tactic modifying `hs`. Try `simp?` and use the suggested `simp only [...]`. Alternatively, use `suffices` to explicitly state the simplified form.

Note: This linter can be disabled with `set_option linter.flexible false`
info: DefiKernel/Nary/InterfaceInstances.lean:251:4: `match b with
| ⟨0, _⟩ => simp [f18Branches]
| ⟨1, _⟩ => simp [f18Branches]
| ⟨2, _⟩ => simp [f18Branches]`
uses `hs`, which was modified by the flexible tactic `simp` on line 245!
warning: DefiKernel/Nary/InterfaceInstances.lean:256:62: Variable name `hs` is not explicitly referenced.

Hint: The binding can be removed (if unused) or named `_` (if used implicitly). Alternatively, prefix the name with `_` to silence this warning:
  [apply] _hs

Note: This linter can be disabled with `set_option linter.unusedVariables false`
warning: DefiKernel/Nary/InterfaceInstances.lean:260:0: Unscoped option maxHeartbeats is not allowed:
Please scope this to individual declarations, as in
```
set_option maxHeartbeats in
-- comment explaining why this is necessary
example : ... := ...
```

Note: This linter can be disabled with `set_option linter.style.setOption false`
warning: DefiKernel/Nary/InterfaceInstances.lean:280:0: Unscoped option maxHeartbeats is not allowed:
Please scope this to individual declarations, as in
```
set_option maxHeartbeats in
-- comment explaining why this is necessary
example : ... := ...
```

Note: This linter can be disabled with `set_option linter.style.setOption false`
warning: DefiKernel/Nary/InterfaceInstances.lean:298:4: `simp [start_locals, start_world, f18Bounds]` is a flexible tactic modifying `⊢`. Try `simp?` and use the suggested `simp only [...]`. Alternatively, use `suffices` to explicitly state the simplified form.

Note: This linter can be disabled with `set_option linter.flexible false`
info: DefiKernel/Nary/InterfaceInstances.lean:299:4: `exact f18_execute_initial`
modifies the current goal, which was modified by the flexible tactic `simp` on line 298!
error: DefiKernel/Nary/InterfaceInstances.lean:306:79: Application type mismatch: The argument
  hab
has type
  a ≠ b
but is expected to have type
  b ≠ a
in the application
  accept_away (start f18Initial) a b f18Op f18Result1 hab
error: DefiKernel/Nary/InterfaceInstances.lean:308:79: Application type mismatch: The argument
  hab
has type
  a ≠ b
but is expected to have type
  b ≠ a
in the application
  accept_away (start f18Initial) a b f18Op f18Result1 hab
error: DefiKernel/Nary/InterfaceInstances.lean:312:79: Application type mismatch: The argument
  hab
has type
  a ≠ b
but is expected to have type
  b ≠ a
in the application
  accept_away (start f18Initial) a b f18Op f18Result1 hab
error: DefiKernel/Nary/InterfaceInstances.lean:316:27: unsolved goals
a b : Fin 3
hab : a ≠ b
h : ((start f18Initial).accept a f18Op f18Result1).locals b = (start f18Initial).locals b
hl : ((start f18Initial).accept a f18Op f18Result1).locals b = { }
⊢ Examples.expected102.world = f18WorldAfter 1
warning: DefiKernel/Nary/InterfaceInstances.lean:317:38: This simp argument is unused:
  f18_result1_eq

Hint: Omit it from the simp argument list.
  [apply] simp [accept_world, f18Result1]

Note: This linter can be disabled with `set_option linter.unusedSimpArgs false`
error: DefiKernel/Nary/InterfaceInstances.lean:327:80: Application type mismatch: The argument
  hac
has type
  a ≠ c
but is expected to have type
  c ≠ a
in the application
  accept_away (start f18Initial) a c f18Op f18Result1 hac
error: DefiKernel/Nary/InterfaceInstances.lean:331:27: Application type mismatch: The argument
  hbc
has type
  b ≠ c
but is expected to have type
  c ≠ b
in the application
  accept_away ((start f18Initial).accept a f18Op f18Result1) b c f18Op f18Result2 hbc
error: DefiKernel/Nary/InterfaceInstances.lean:333:80: Application type mismatch: The argument
  hac
has type
  a ≠ c
but is expected to have type
  c ≠ a
in the application
  accept_away (start f18Initial) a c f18Op f18Result1 hac
error: DefiKernel/Nary/InterfaceInstances.lean:337:27: Application type mismatch: The argument
  hbc
has type
  b ≠ c
but is expected to have type
  c ≠ b
in the application
  accept_away ((start f18Initial).accept a f18Op f18Result1) b c f18Op f18Result2 hbc
error: DefiKernel/Nary/InterfaceInstances.lean:343:80: Application type mismatch: The argument
  hac
has type
  a ≠ c
but is expected to have type
  c ≠ a
in the application
  accept_away (start f18Initial) a c f18Op f18Result1 hac
error: DefiKernel/Nary/InterfaceInstances.lean:347:27: Application type mismatch: The argument
  hbc
has type
  b ≠ c
but is expected to have type
  c ≠ b
in the application
  accept_away ((start f18Initial).accept a f18Op f18Result1) b c f18Op f18Result2 hbc
error: DefiKernel/Nary/InterfaceInstances.lean:368:72: unsolved goals
a : Fin 3
⊢ f18Result1.outputs = []
error: DefiKernel/Nary/InterfaceInstances.lean:387:36: Application type mismatch: The argument
  hab
has type
  a ≠ b
but is expected to have type
  b ≠ a
in the application
  Ne.symm hab
error: DefiKernel/Nary/InterfaceInstances.lean:390:36: Application type mismatch: The argument
  hac
has type
  a ≠ c
but is expected to have type
  c ≠ a
in the application
  Ne.symm hac
error: DefiKernel/Nary/InterfaceInstances.lean:392:81: Application type mismatch: The argument
  hab
has type
  a ≠ b
but is expected to have type
  b ≠ a
in the application
  accept_away (start f18Initial) a b f18Op f18Result1 hab
error: DefiKernel/Nary/InterfaceInstances.lean:399:36: Application type mismatch: The argument
  hbc
has type
  b ≠ c
but is expected to have type
  c ≠ b
in the application
  Ne.symm hbc
error: DefiKernel/Nary/InterfaceInstances.lean:401:81: Application type mismatch: The argument
  hac
has type
  a ≠ c
but is expected to have type
  c ≠ a
in the application
  accept_away (start f18Initial) a c f18Op f18Result1 hac
error: DefiKernel/Nary/InterfaceInstances.lean:405:27: Application type mismatch: The argument
  hbc
has type
  b ≠ c
but is expected to have type
  c ≠ b
in the application
  accept_away ((start f18Initial).accept a f18Op f18Result1) b c f18Op f18Result2 hbc
error: DefiKernel/Nary/InterfaceInstances.lean:415:36: Application type mismatch: The argument
  hab
has type
  a ≠ b
but is expected to have type
  b ≠ a
in the application
  Ne.symm hab
error: DefiKernel/Nary/InterfaceInstances.lean:418:36: Application type mismatch: The argument
  hac
has type
  a ≠ c
but is expected to have type
  c ≠ a
in the application
  Ne.symm hac
error: DefiKernel/Nary/InterfaceInstances.lean:420:81: Application type mismatch: The argument
  hab
has type
  a ≠ b
but is expected to have type
  b ≠ a
in the application
  accept_away (start f18Initial) a b f18Op f18Result1 hab
error: DefiKernel/Nary/InterfaceInstances.lean:427:36: Application type mismatch: The argument
  hbc
has type
  b ≠ c
but is expected to have type
  c ≠ b
in the application
  Ne.symm hbc
error: DefiKernel/Nary/InterfaceInstances.lean:429:81: Application type mismatch: The argument
  hac
has type
  a ≠ c
but is expected to have type
  c ≠ a
in the application
  accept_away (start f18Initial) a c f18Op f18Result1 hac
error: DefiKernel/Nary/InterfaceInstances.lean:433:27: Application type mismatch: The argument
  hbc
has type
  b ≠ c
but is expected to have type
  c ≠ b
in the application
  accept_away ((start f18Initial).accept a f18Op f18Result1) b c f18Op f18Result2 hbc
warning: DefiKernel/Nary/InterfaceInstances.lean:535:0: Unscoped option maxHeartbeats is not allowed:
Please scope this to individual declarations, as in
```
set_option maxHeartbeats in
-- comment explaining why this is necessary
example : ... := ...
```

Note: This linter can be disabled with `set_option linter.style.setOption false`
warning: DefiKernel/Nary/InterfaceInstances.lean:543:0: Unscoped option maxHeartbeats is not allowed:
Please scope this to individual declarations, as in
```
set_option maxHeartbeats in
-- comment explaining why this is necessary
example : ... := ...
```

Note: This linter can be disabled with `set_option linter.style.setOption false`
warning: DefiKernel/Nary/InterfaceInstances.lean:606:4: `simp [start_locals, start_world, f18Bounds]` is a flexible tactic modifying `⊢`. Try `simp?` and use the suggested `simp only [...]`. Alternatively, use `suffices` to explicitly state the simplified form.

Note: This linter can be disabled with `set_option linter.flexible false`
info: DefiKernel/Nary/InterfaceInstances.lean:607:4: `exact f19_execute`
modifies the current goal, which was modified by the flexible tactic `simp` on line 606!
warning: DefiKernel/Nary/InterfaceInstances.lean:641:0: Unscoped option maxHeartbeats is not allowed:
Please scope this to individual declarations, as in
```
set_option maxHeartbeats in
-- comment explaining why this is necessary
example : ... := ...
```

Note: This linter can be disabled with `set_option linter.style.setOption false`
warning: DefiKernel/Nary/InterfaceInstances.lean:661:0: Unscoped option maxHeartbeats is not allowed:
Please scope this to individual declarations, as in
```
set_option maxHeartbeats in
-- comment explaining why this is necessary
example : ... := ...
```

Note: This linter can be disabled with `set_option linter.style.setOption false`
warning: DefiKernel/Nary/InterfaceInstances.lean:698:4: `simp [start_locals, start_world, f11Bounds]` is a flexible tactic modifying `⊢`. Try `simp?` and use the suggested `simp only [...]`. Alternatively, use `suffices` to explicitly state the simplified form.

Note: This linter can be disabled with `set_option linter.flexible false`
info: DefiKernel/Nary/InterfaceInstances.lean:699:4: `exact f11_execute`
modifies the current goal, which was modified by the flexible tactic `simp` on line 698!
warning: DefiKernel/Nary/InterfaceInstances.lean:755:4: `simp [start_locals, start_world, f13Bounds]` is a flexible tactic modifying `⊢`. Try `simp?` and use the suggested `simp only [...]`. Alternatively, use `suffices` to explicitly state the simplified form.

Note: This linter can be disabled with `set_option linter.flexible false`
info: DefiKernel/Nary/InterfaceInstances.lean:756:4: `exact f13_execute`
modifies the current goal, which was modified by the flexible tactic `simp` on line 755!
error: DefiKernel/Nary/InterfaceInstances.lean:814:7: unexpected rec
error: DefiKernel/Nary/InterfaceInstances.lean:814:2: unexpected syntax
  failed to pretty print term (use 'set_option pp.rawOnError true' for raw representation)
error: DefiKernel/Nary/InterfaceInstances.lean:826:4: No goals to be solved
error: DefiKernel/Nary/InterfaceInstances.lean:832:18: Application type mismatch: The argument
  selected
has type
  inv17 = inv
but is expected to have type
  inv = inv17
in the application
  ⟨rfl, selected⟩
error: DefiKernel/Nary/InterfaceInstances.lean:844:2: Type mismatch: After simplification, term
  hres
 has type
  4 ≤ pre.balance vaultC
but is expected to have type
  4 ≤ post.balance vaultC
error: DefiKernel/Nary/InterfaceInstances.lean:856:4: No goals to be solved
error: Lean exited with code 1
Some required targets logged failures:
- DefiKernel.Nary.InterfaceInstances
