⚠ [921/963] Replayed DefiKernel.Typed.Transition
warning: DefiKernel/Typed/Transition.lean:239:20: `simp_all [throw, throwThe]` is a flexible tactic modifying `⊢`. Try `simp_all?` and use the suggested `simp_all only [...]`. Alternatively, use `suffices` to explicitly state the simplified form.

Note: This linter can be disabled with `set_option linter.flexible false`
info: DefiKernel/Typed/Transition.lean:239:20: Try this:
  [apply] simp_all only [or_false, Prod.forall, true_and]
info: DefiKernel/Typed/Transition.lean:244:6: `rename_i args`
modifies the current goal, which was modified by the flexible tactic `simp_all` on line 239!
warning: DefiKernel/Typed/Transition.lean:239:20: `simp_all [throw, throwThe]` is a flexible tactic modifying `⊢`. Try `simp_all?` and use the suggested `simp_all only [...]`. Alternatively, use `suffices` to explicitly state the simplified form.

Note: This linter can be disabled with `set_option linter.flexible false`
info: DefiKernel/Typed/Transition.lean:239:20: Try this:
  [apply] simp_all only [Option.some.injEq, false_or, Prod.forall]
info: DefiKernel/Typed/Transition.lean:244:6: `rename_i args`
modifies the current goal, which was modified by the flexible tactic `simp_all` on line 239!
⚠ [926/963] Replayed DefiKernel.Nary.Schedule
warning: DefiKernel/Nary/Schedule.lean:162:24: This simp argument is unused:
  Nat.add_assoc

Hint: Omit it from the simp argument list.
  [apply] simp [hbeq, hmem, Nat.add_left_comm, Nat.add_comm]

Note: This linter can be disabled with `set_option linter.unusedSimpArgs false`
warning: DefiKernel/Nary/Schedule.lean:263:2: `simp [admit, hv, ha, bind, Except.bind, pure, Except.pure]` is a flexible tactic modifying `⊢`. Try `simp?` and use the suggested `simp only [...]`. Alternatively, use `suffices` to explicitly state the simplified form.

Note: This linter can be disabled with `set_option linter.flexible false`
info: DefiKernel/Nary/Schedule.lean:264:2: `rw [hs']`
modifies the current goal, which was modified by the flexible tactic `simp` on line 263!
⚠ [936/963] Replayed DefiKernel.Nary.Observation
warning: DefiKernel/Nary/Observation.lean:338:4: `simp [localEq, Bool.and_eq_true, eventsEq_iff] at h` is a flexible tactic modifying `h`. Try `simp?` and use the suggested `simp only [...]`. Alternatively, use `suffices` to explicitly state the simplified form.

Note: This linter can be disabled with `set_option linter.flexible false`
info: DefiKernel/Nary/Observation.lean:338:4: Try this:
  [apply] simp only [Interleaving.LocalState.mk.injEq] at h
info: DefiKernel/Nary/Observation.lean:339:4: `obtain ⟨⟨⟨⟨hc, hi⟩, hf⟩, ho⟩, he⟩ := h`
uses `h`, which was modified by the flexible tactic `simp` on line 338!
warning: DefiKernel/Nary/Observation.lean:342:4: `simp [Interleaving.LocalState.mk.injEq] at h` is a flexible tactic modifying `h`. Try `simp?` and use the suggested `simp only [...]`. Alternatively, use `suffices` to explicitly state the simplified form.

Note: This linter can be disabled with `set_option linter.flexible false`
info: DefiKernel/Nary/Observation.lean:343:4: `obtain ⟨hc, he, ho, hi, hf⟩ := h`
uses `h`, which was modified by the flexible tactic `simp` on line 342!
⚠ [959/963] Replayed DefiKernel.Interface.BindingResolution
warning: DefiKernel/Interface/BindingResolution.lean:143:4: try 'simp' instead of 'simpa'

Note: This linter can be disabled with `set_option linter.unnecessarySimpa false`
⚠ [963/963] Built DefiKernel.Nary.InterfaceInstances (4.1s)
warning: DefiKernel/Nary/InterfaceInstances.lean:65:8: This simp argument is unused:
  Region.WellFormed

Hint: Omit it from the simp argument list.
  [apply] simp [f18Region, alice, bob, carol] at hc ⊢

Note: This linter can be disabled with `set_option linter.unusedSimpArgs false`
warning: DefiKernel/Nary/InterfaceInstances.lean:66:49: This simp argument is unused:
  alice

Hint: Omit it from the simp argument list.
  [apply] simp [bob, carol]

Note: This linter can be disabled with `set_option linter.unusedSimpArgs false`
warning: DefiKernel/Nary/InterfaceInstances.lean:66:56: This simp argument is unused:
  bob

Hint: Omit it from the simp argument list.
  [apply] simp [alice, carol]

Note: This linter can be disabled with `set_option linter.unusedSimpArgs false`
warning: DefiKernel/Nary/InterfaceInstances.lean:66:61: This simp argument is unused:
  carol

Hint: Omit it from the simp argument list.
  [apply] simp [alice, bob]

Note: This linter can be disabled with `set_option linter.unusedSimpArgs false`
warning: DefiKernel/Nary/InterfaceInstances.lean:65:2: `simp [Region.WellFormed, f18Region, alice, bob, carol] at hc ⊢` is a flexible tactic modifying `⊢`. Try `simp?` and use the suggested `simp only [...]`. Alternatively, use `suffices` to explicitly state the simplified form.

Note: This linter can be disabled with `set_option linter.flexible false`
info: DefiKernel/Nary/InterfaceInstances.lean:66:2: `rcases hc with h | h | h`
modifies the current goal, which was modified by the flexible tactic `simp` on line 65!
warning: DefiKernel/Nary/InterfaceInstances.lean:65:2: `simp [Region.WellFormed, f18Region, alice, bob, carol] at hc ⊢` is a flexible tactic modifying `hc`. Try `simp?` and use the suggested `simp only [...]`. Alternatively, use `suffices` to explicitly state the simplified form.

Note: This linter can be disabled with `set_option linter.flexible false`
info: DefiKernel/Nary/InterfaceInstances.lean:66:2: `rcases hc with h | h | h`
uses `hc`, which was modified by the flexible tactic `simp` on line 65!
warning: DefiKernel/Nary/InterfaceInstances.lean:247:2: `simp at hs` is a flexible tactic modifying `hs`. Try `simp?` and use the suggested `simp only [...]`. Alternatively, use `suffices` to explicitly state the simplified form.

Note: This linter can be disabled with `set_option linter.flexible false`
info: DefiKernel/Nary/InterfaceInstances.lean:248:2: `rcases hs with h | h | h | h | h | h`
uses `hs`, which was modified by the flexible tactic `simp` on line 247!
warning: DefiKernel/Nary/InterfaceInstances.lean:247:2: `simp at hs` is a flexible tactic modifying `hs`. Try `simp?` and use the suggested `simp only [...]`. Alternatively, use `suffices` to explicitly state the simplified form.

Note: This linter can be disabled with `set_option linter.flexible false`
info: DefiKernel/Nary/InterfaceInstances.lean:251:4: `refine ⟨rfl, ?_, by decide⟩`
uses `hs`, which was modified by the flexible tactic `simp` on line 247!
warning: DefiKernel/Nary/InterfaceInstances.lean:247:2: `simp at hs` is a flexible tactic modifying `hs`. Try `simp?` and use the suggested `simp only [...]`. Alternatively, use `suffices` to explicitly state the simplified form.

Note: This linter can be disabled with `set_option linter.flexible false`
info: DefiKernel/Nary/InterfaceInstances.lean:252:4: `intro b`
uses `hs`, which was modified by the flexible tactic `simp` on line 247!
warning: DefiKernel/Nary/InterfaceInstances.lean:247:2: `simp at hs` is a flexible tactic modifying `hs`. Try `simp?` and use the suggested `simp only [...]`. Alternatively, use `suffices` to explicitly state the simplified form.

Note: This linter can be disabled with `set_option linter.flexible false`
info: DefiKernel/Nary/InterfaceInstances.lean:253:4: `match b with
| ⟨0, _⟩ => simp [f18Branches]
| ⟨1, _⟩ => simp [f18Branches]
| ⟨2, _⟩ => simp [f18Branches]`
uses `hs`, which was modified by the flexible tactic `simp` on line 247!
warning: DefiKernel/Nary/InterfaceInstances.lean:247:2: `simp at hs` is a flexible tactic modifying `hs`. Try `simp?` and use the suggested `simp only [...]`. Alternatively, use `suffices` to explicitly state the simplified form.

Note: This linter can be disabled with `set_option linter.flexible false`
info: DefiKernel/Nary/InterfaceInstances.lean:251:4: `refine ⟨rfl, ?_, by decide⟩`
uses `hs`, which was modified by the flexible tactic `simp` on line 247!
warning: DefiKernel/Nary/InterfaceInstances.lean:247:2: `simp at hs` is a flexible tactic modifying `hs`. Try `simp?` and use the suggested `simp only [...]`. Alternatively, use `suffices` to explicitly state the simplified form.

Note: This linter can be disabled with `set_option linter.flexible false`
info: DefiKernel/Nary/InterfaceInstances.lean:252:4: `intro b`
uses `hs`, which was modified by the flexible tactic `simp` on line 247!
warning: DefiKernel/Nary/InterfaceInstances.lean:247:2: `simp at hs` is a flexible tactic modifying `hs`. Try `simp?` and use the suggested `simp only [...]`. Alternatively, use `suffices` to explicitly state the simplified form.

Note: This linter can be disabled with `set_option linter.flexible false`
info: DefiKernel/Nary/InterfaceInstances.lean:253:4: `match b with
| ⟨0, _⟩ => simp [f18Branches]
| ⟨1, _⟩ => simp [f18Branches]
| ⟨2, _⟩ => simp [f18Branches]`
uses `hs`, which was modified by the flexible tactic `simp` on line 247!
warning: DefiKernel/Nary/InterfaceInstances.lean:247:2: `simp at hs` is a flexible tactic modifying `hs`. Try `simp?` and use the suggested `simp only [...]`. Alternatively, use `suffices` to explicitly state the simplified form.

Note: This linter can be disabled with `set_option linter.flexible false`
info: DefiKernel/Nary/InterfaceInstances.lean:251:4: `refine ⟨rfl, ?_, by decide⟩`
uses `hs`, which was modified by the flexible tactic `simp` on line 247!
warning: DefiKernel/Nary/InterfaceInstances.lean:247:2: `simp at hs` is a flexible tactic modifying `hs`. Try `simp?` and use the suggested `simp only [...]`. Alternatively, use `suffices` to explicitly state the simplified form.

Note: This linter can be disabled with `set_option linter.flexible false`
info: DefiKernel/Nary/InterfaceInstances.lean:252:4: `intro b`
uses `hs`, which was modified by the flexible tactic `simp` on line 247!
warning: DefiKernel/Nary/InterfaceInstances.lean:247:2: `simp at hs` is a flexible tactic modifying `hs`. Try `simp?` and use the suggested `simp only [...]`. Alternatively, use `suffices` to explicitly state the simplified form.

Note: This linter can be disabled with `set_option linter.flexible false`
info: DefiKernel/Nary/InterfaceInstances.lean:253:4: `match b with
| ⟨0, _⟩ => simp [f18Branches]
| ⟨1, _⟩ => simp [f18Branches]
| ⟨2, _⟩ => simp [f18Branches]`
uses `hs`, which was modified by the flexible tactic `simp` on line 247!
warning: DefiKernel/Nary/InterfaceInstances.lean:247:2: `simp at hs` is a flexible tactic modifying `hs`. Try `simp?` and use the suggested `simp only [...]`. Alternatively, use `suffices` to explicitly state the simplified form.

Note: This linter can be disabled with `set_option linter.flexible false`
info: DefiKernel/Nary/InterfaceInstances.lean:251:4: `refine ⟨rfl, ?_, by decide⟩`
uses `hs`, which was modified by the flexible tactic `simp` on line 247!
warning: DefiKernel/Nary/InterfaceInstances.lean:247:2: `simp at hs` is a flexible tactic modifying `hs`. Try `simp?` and use the suggested `simp only [...]`. Alternatively, use `suffices` to explicitly state the simplified form.

Note: This linter can be disabled with `set_option linter.flexible false`
info: DefiKernel/Nary/InterfaceInstances.lean:252:4: `intro b`
uses `hs`, which was modified by the flexible tactic `simp` on line 247!
warning: DefiKernel/Nary/InterfaceInstances.lean:247:2: `simp at hs` is a flexible tactic modifying `hs`. Try `simp?` and use the suggested `simp only [...]`. Alternatively, use `suffices` to explicitly state the simplified form.

Note: This linter can be disabled with `set_option linter.flexible false`
info: DefiKernel/Nary/InterfaceInstances.lean:253:4: `match b with
| ⟨0, _⟩ => simp [f18Branches]
| ⟨1, _⟩ => simp [f18Branches]
| ⟨2, _⟩ => simp [f18Branches]`
uses `hs`, which was modified by the flexible tactic `simp` on line 247!
warning: DefiKernel/Nary/InterfaceInstances.lean:247:2: `simp at hs` is a flexible tactic modifying `hs`. Try `simp?` and use the suggested `simp only [...]`. Alternatively, use `suffices` to explicitly state the simplified form.

Note: This linter can be disabled with `set_option linter.flexible false`
info: DefiKernel/Nary/InterfaceInstances.lean:251:4: `refine ⟨rfl, ?_, by decide⟩`
uses `hs`, which was modified by the flexible tactic `simp` on line 247!
warning: DefiKernel/Nary/InterfaceInstances.lean:247:2: `simp at hs` is a flexible tactic modifying `hs`. Try `simp?` and use the suggested `simp only [...]`. Alternatively, use `suffices` to explicitly state the simplified form.

Note: This linter can be disabled with `set_option linter.flexible false`
info: DefiKernel/Nary/InterfaceInstances.lean:252:4: `intro b`
uses `hs`, which was modified by the flexible tactic `simp` on line 247!
warning: DefiKernel/Nary/InterfaceInstances.lean:247:2: `simp at hs` is a flexible tactic modifying `hs`. Try `simp?` and use the suggested `simp only [...]`. Alternatively, use `suffices` to explicitly state the simplified form.

Note: This linter can be disabled with `set_option linter.flexible false`
info: DefiKernel/Nary/InterfaceInstances.lean:253:4: `match b with
| ⟨0, _⟩ => simp [f18Branches]
| ⟨1, _⟩ => simp [f18Branches]
| ⟨2, _⟩ => simp [f18Branches]`
uses `hs`, which was modified by the flexible tactic `simp` on line 247!
warning: DefiKernel/Nary/InterfaceInstances.lean:247:2: `simp at hs` is a flexible tactic modifying `hs`. Try `simp?` and use the suggested `simp only [...]`. Alternatively, use `suffices` to explicitly state the simplified form.

Note: This linter can be disabled with `set_option linter.flexible false`
info: DefiKernel/Nary/InterfaceInstances.lean:251:4: `refine ⟨rfl, ?_, by decide⟩`
uses `hs`, which was modified by the flexible tactic `simp` on line 247!
warning: DefiKernel/Nary/InterfaceInstances.lean:247:2: `simp at hs` is a flexible tactic modifying `hs`. Try `simp?` and use the suggested `simp only [...]`. Alternatively, use `suffices` to explicitly state the simplified form.

Note: This linter can be disabled with `set_option linter.flexible false`
info: DefiKernel/Nary/InterfaceInstances.lean:252:4: `intro b`
uses `hs`, which was modified by the flexible tactic `simp` on line 247!
warning: DefiKernel/Nary/InterfaceInstances.lean:247:2: `simp at hs` is a flexible tactic modifying `hs`. Try `simp?` and use the suggested `simp only [...]`. Alternatively, use `suffices` to explicitly state the simplified form.

Note: This linter can be disabled with `set_option linter.flexible false`
info: DefiKernel/Nary/InterfaceInstances.lean:253:4: `match b with
| ⟨0, _⟩ => simp [f18Branches]
| ⟨1, _⟩ => simp [f18Branches]
| ⟨2, _⟩ => simp [f18Branches]`
uses `hs`, which was modified by the flexible tactic `simp` on line 247!
warning: DefiKernel/Nary/InterfaceInstances.lean:258:62: Variable name `hs` is not explicitly referenced.

Hint: The binding can be removed (if unused) or named `_` (if used implicitly). Alternatively, prefix the name with `_` to silence this warning:
  [apply] _hs

Note: This linter can be disabled with `set_option linter.unusedVariables false`
warning: DefiKernel/Nary/InterfaceInstances.lean:262:0: Please, add a comment explaining the need for modifying the maxHeartbeat limit, as in
set_option maxHeartbeats 800000 in
-- reason for change
...

Note: This linter can be disabled with `set_option linter.style.maxHeartbeats false`
warning: DefiKernel/Nary/InterfaceInstances.lean:269:0: Please, add a comment explaining the need for modifying the maxHeartbeat limit, as in
set_option maxHeartbeats 800000 in
-- reason for change
...

Note: This linter can be disabled with `set_option linter.style.maxHeartbeats false`
warning: DefiKernel/Nary/InterfaceInstances.lean:276:0: Please, add a comment explaining the need for modifying the maxHeartbeat limit, as in
set_option maxHeartbeats 800000 in
-- reason for change
...

Note: This linter can be disabled with `set_option linter.style.maxHeartbeats false`
warning: DefiKernel/Nary/InterfaceInstances.lean:299:4: `simp [start_locals, start_world, f18Bounds]` is a flexible tactic modifying `⊢`. Try `simp?` and use the suggested `simp only [...]`. Alternatively, use `suffices` to explicitly state the simplified form.

Note: This linter can be disabled with `set_option linter.flexible false`
info: DefiKernel/Nary/InterfaceInstances.lean:300:4: `exact f18_execute_initial`
modifies the current goal, which was modified by the flexible tactic `simp` on line 299!
warning: DefiKernel/Nary/InterfaceInstances.lean:319:4: `simp [hl, hw, f18Bounds]` is a flexible tactic modifying `⊢`. Try `simp?` and use the suggested `simp only [...]`. Alternatively, use `suffices` to explicitly state the simplified form.

Note: This linter can be disabled with `set_option linter.flexible false`
info: DefiKernel/Nary/InterfaceInstances.lean:320:4: `exact f18_execute_after1`
modifies the current goal, which was modified by the flexible tactic `simp` on line 319!
warning: DefiKernel/Nary/InterfaceInstances.lean:322:42: Variable name `hab` is not explicitly referenced.

Hint: The binding can be removed (if unused) or named `_` (if used implicitly). Alternatively, prefix the name with `_` to silence this warning:
  [apply] _hab

Note: This linter can be disabled with `set_option linter.unusedVariables false`
warning: DefiKernel/Nary/InterfaceInstances.lean:357:4: `simp [hl2, hw, f18Bounds]` is a flexible tactic modifying `⊢`. Try `simp?` and use the suggested `simp only [...]`. Alternatively, use `suffices` to explicitly state the simplified form.

Note: This linter can be disabled with `set_option linter.flexible false`
info: DefiKernel/Nary/InterfaceInstances.lean:358:4: `exact f18_execute_after2`
modifies the current goal, which was modified by the flexible tactic `simp` on line 357!
warning: DefiKernel/Nary/InterfaceInstances.lean:538:0: Please, add a comment explaining the need for modifying the maxHeartbeat limit, as in
set_option maxHeartbeats 800000 in
-- reason for change
...

Note: This linter can be disabled with `set_option linter.style.maxHeartbeats false`
warning: DefiKernel/Nary/InterfaceInstances.lean:606:4: `simp [start_locals, start_world, f18Bounds]` is a flexible tactic modifying `⊢`. Try `simp?` and use the suggested `simp only [...]`. Alternatively, use `suffices` to explicitly state the simplified form.

Note: This linter can be disabled with `set_option linter.flexible false`
info: DefiKernel/Nary/InterfaceInstances.lean:607:4: `exact f19_execute`
modifies the current goal, which was modified by the flexible tactic `simp` on line 606!
warning: DefiKernel/Nary/InterfaceInstances.lean:641:0: Please, add a comment explaining the need for modifying the maxHeartbeat limit, as in
set_option maxHeartbeats 800000 in
-- reason for change
...

Note: This linter can be disabled with `set_option linter.style.maxHeartbeats false`
warning: DefiKernel/Nary/InterfaceInstances.lean:648:0: Please, add a comment explaining the need for modifying the maxHeartbeat limit, as in
set_option maxHeartbeats 800000 in
-- reason for change
...

Note: This linter can be disabled with `set_option linter.style.maxHeartbeats false`
warning: DefiKernel/Nary/InterfaceInstances.lean:655:0: Please, add a comment explaining the need for modifying the maxHeartbeat limit, as in
set_option maxHeartbeats 800000 in
-- reason for change
...

Note: This linter can be disabled with `set_option linter.style.maxHeartbeats false`
warning: DefiKernel/Nary/InterfaceInstances.lean:697:4: `simp [start_locals, start_world, f11Bounds]` is a flexible tactic modifying `⊢`. Try `simp?` and use the suggested `simp only [...]`. Alternatively, use `suffices` to explicitly state the simplified form.

Note: This linter can be disabled with `set_option linter.flexible false`
info: DefiKernel/Nary/InterfaceInstances.lean:698:4: `exact f11_execute`
modifies the current goal, which was modified by the flexible tactic `simp` on line 697!
warning: DefiKernel/Nary/InterfaceInstances.lean:754:4: `simp [start_locals, start_world, f13Bounds]` is a flexible tactic modifying `⊢`. Try `simp?` and use the suggested `simp only [...]`. Alternatively, use `suffices` to explicitly state the simplified form.

Note: This linter can be disabled with `set_option linter.flexible false`
info: DefiKernel/Nary/InterfaceInstances.lean:755:4: `exact f13_execute`
modifies the current goal, which was modified by the flexible tactic `simp` on line 754!
warning: DefiKernel/Nary/InterfaceInstances.lean:863:4: `simp [start_locals, start_world, f14Bounds]` is a flexible tactic modifying `⊢`. Try `simp?` and use the suggested `simp only [...]`. Alternatively, use `suffices` to explicitly state the simplified form.

Note: This linter can be disabled with `set_option linter.flexible false`
info: DefiKernel/Nary/InterfaceInstances.lean:864:4: `exact f14_execute`
modifies the current goal, which was modified by the flexible tactic `simp` on line 863!
Build completed successfully (963 jobs).
