{
  "theorems": 1459,
  "supplemental": 1130,
  "explicit_theorems": 699,
  "private_explicit_theorems": 2,
  "private_map_identity": "module+user_name",
  "generated_theorems": 443,
  "unresolved_theorems": 317,
  "categories": {
    "genericproof": 310,
    "concreteproof": 428,
    "privatehelper": 94,
    "generated": 443,
    "counterexample": 171,
    "referenceinstance": 13
  },
  "module_roles": {
    "binary_specialization": 167,
    "runtime_generic": 237,
    "generic_support": 98,
    "causal_generic": 31,
    "funded_companions_concrete": 200,
    "interface_instances_concrete": 238,
    "funded_causal_concrete": 201,
    "funded_enabledness_concrete": 221,
    "runtime_reference": 66
  },
  "nary_source_modules": 20,
  "verify_included_in_source_modules": true,
  "transitive_nary_dependencies_of_Verify": 19,
  "import_closure_files": 57
}
