AXIOM AUDIT scope: imported module prefix DefiKernel.Arithmetic; modules=[DefiKernel.Arithmetic.Word,
 DefiKernel.Arithmetic.Operations,
 DefiKernel.Arithmetic.Rounding,
 DefiKernel.Arithmetic.Fees,
 DefiKernel.Arithmetic.Quantity,
 DefiKernel.Arithmetic.Reference,
 DefiKernel.Arithmetic.Examples,
 DefiKernel.Arithmetic.Tests,
 DefiKernel.Arithmetic.RuntimeAudit]
AXIOM AUDIT theorem: DefiKernel.Arithmetic.ofNat_error_iff; module=DefiKernel.Arithmetic.Word; axioms=[propext]
AXIOM AUDIT theorem: DefiKernel.Arithmetic.ofNat_ok_iff; module=DefiKernel.Arithmetic.Word; axioms=[propext]
AXIOM AUDIT theorem: DefiKernel.Arithmetic.ofNat_value; module=DefiKernel.Arithmetic.Word; axioms=[propext]
AXIOM AUDIT theorem: DefiKernel.Arithmetic.Examples.allCells_complete; module=DefiKernel.Arithmetic.Examples; axioms=[propext]
AXIOM AUDIT theorem: DefiKernel.Arithmetic.Failure.ofNat_ctorIdx; module=DefiKernel.Arithmetic.Word; axioms=[]
AXIOM AUDIT theorem: DefiKernel.Arithmetic.Fees.feeFromGross_conservation; module=DefiKernel.Arithmetic.Fees; axioms=[propext,
 Quot.sound]
AXIOM AUDIT theorem: DefiKernel.Arithmetic.Fees.feeFromGross_down_ok_iff; module=DefiKernel.Arithmetic.Fees; axioms=[propext,
 Quot.sound]
AXIOM AUDIT theorem: DefiKernel.Arithmetic.Fees.feeFromGross_error_iff; module=DefiKernel.Arithmetic.Fees; axioms=[propext,
 Quot.sound]
AXIOM AUDIT theorem: DefiKernel.Arithmetic.Fees.feeFromGross_exact_fraction; module=DefiKernel.Arithmetic.Fees; axioms=[propext,
 Quot.sound]
AXIOM AUDIT theorem: DefiKernel.Arithmetic.Fees.feeFromGross_exists_iff; module=DefiKernel.Arithmetic.Fees; axioms=[propext,
 Quot.sound]
AXIOM AUDIT theorem: DefiKernel.Arithmetic.Fees.feeFromGross_fee_le; module=DefiKernel.Arithmetic.Fees; axioms=[propext,
 Quot.sound]
AXIOM AUDIT theorem: DefiKernel.Arithmetic.Fees.feeFromGross_of_round; module=DefiKernel.Arithmetic.Fees; axioms=[propext,
 Quot.sound]
AXIOM AUDIT theorem: DefiKernel.Arithmetic.Fees.feeFromGross_ok_iff; module=DefiKernel.Arithmetic.Fees; axioms=[propext,
 Quot.sound]
AXIOM AUDIT theorem: DefiKernel.Arithmetic.Fees.feeFromGross_one_down; module=DefiKernel.Arithmetic.Fees; axioms=[propext,
 Quot.sound]
AXIOM AUDIT theorem: DefiKernel.Arithmetic.Fees.feeFromGross_one_up; module=DefiKernel.Arithmetic.Fees; axioms=[propext,
 Quot.sound]
AXIOM AUDIT theorem: DefiKernel.Arithmetic.Fees.feeFromGross_unit_rate; module=DefiKernel.Arithmetic.Fees; axioms=[propext,
 Quot.sound]
AXIOM AUDIT theorem: DefiKernel.Arithmetic.Fees.feeFromGross_up_ok_iff; module=DefiKernel.Arithmetic.Fees; axioms=[propext,
 Quot.sound]
AXIOM AUDIT theorem: DefiKernel.Arithmetic.Fees.feeFromGross_zero_amount; module=DefiKernel.Arithmetic.Fees; axioms=[propext,
 Quot.sound]
AXIOM AUDIT theorem: DefiKernel.Arithmetic.Fees.feeFromGross_zero_rate; module=DefiKernel.Arithmetic.Fees; axioms=[propext,
 Quot.sound]
AXIOM AUDIT theorem: DefiKernel.Arithmetic.Fees.feeOnTop_conservation; module=DefiKernel.Arithmetic.Fees; axioms=[propext,
 Quot.sound]
AXIOM AUDIT theorem: DefiKernel.Arithmetic.Fees.feeOnTop_down_ok_iff; module=DefiKernel.Arithmetic.Fees; axioms=[propext,
 Quot.sound]
AXIOM AUDIT theorem: DefiKernel.Arithmetic.Fees.feeOnTop_error_iff; module=DefiKernel.Arithmetic.Fees; axioms=[propext,
 Quot.sound]
AXIOM AUDIT theorem: DefiKernel.Arithmetic.Fees.feeOnTop_exact_fraction; module=DefiKernel.Arithmetic.Fees; axioms=[propext,
 Quot.sound]
AXIOM AUDIT theorem: DefiKernel.Arithmetic.Fees.feeOnTop_fee_le; module=DefiKernel.Arithmetic.Fees; axioms=[propext,
 Quot.sound]
AXIOM AUDIT theorem: DefiKernel.Arithmetic.Fees.feeOnTop_of_round; module=DefiKernel.Arithmetic.Fees; axioms=[propext,
 Quot.sound]
AXIOM AUDIT theorem: DefiKernel.Arithmetic.Fees.feeOnTop_ok_iff; module=DefiKernel.Arithmetic.Fees; axioms=[propext,
 Quot.sound]
AXIOM AUDIT theorem: DefiKernel.Arithmetic.Fees.feeOnTop_overflow_of_round; module=DefiKernel.Arithmetic.Fees; axioms=[propext,
 Quot.sound]
AXIOM AUDIT theorem: DefiKernel.Arithmetic.Fees.feeOnTop_unit_rate; module=DefiKernel.Arithmetic.Fees; axioms=[propext,
 Quot.sound]
AXIOM AUDIT theorem: DefiKernel.Arithmetic.Fees.feeOnTop_up_ok_iff; module=DefiKernel.Arithmetic.Fees; axioms=[propext,
 Quot.sound]
AXIOM AUDIT theorem: DefiKernel.Arithmetic.Fees.feeOnTop_zero_amount; module=DefiKernel.Arithmetic.Fees; axioms=[propext,
 Quot.sound]
AXIOM AUDIT theorem: DefiKernel.Arithmetic.Fees.feeOnTop_zero_rate; module=DefiKernel.Arithmetic.Fees; axioms=[propext,
 Quot.sound]
AXIOM AUDIT theorem: DefiKernel.Arithmetic.Fees.fee_bound; module=DefiKernel.Arithmetic.Fees; axioms=[propext,
 Quot.sound]
AXIOM AUDIT theorem: DefiKernel.Arithmetic.Fees.validatedRate_error_iff; module=DefiKernel.Arithmetic.Fees; axioms=[propext]
AXIOM AUDIT theorem: DefiKernel.Arithmetic.Fees.validatedRate_ok_iff; module=DefiKernel.Arithmetic.Fees; axioms=[propext,
 Classical.choice,
 Quot.sound]
AXIOM AUDIT theorem: DefiKernel.Arithmetic.Operations.add_comm; module=DefiKernel.Arithmetic.Operations; axioms=[propext]
AXIOM AUDIT theorem: DefiKernel.Arithmetic.Operations.add_error_iff; module=DefiKernel.Arithmetic.Operations; axioms=[propext]
AXIOM AUDIT theorem: DefiKernel.Arithmetic.Operations.add_mono; module=DefiKernel.Arithmetic.Operations; axioms=[propext,
 Quot.sound]
AXIOM AUDIT theorem: DefiKernel.Arithmetic.Operations.add_mono_right; module=DefiKernel.Arithmetic.Operations; axioms=[propext,
 Quot.sound]
AXIOM AUDIT theorem: DefiKernel.Arithmetic.Operations.add_ok_iff; module=DefiKernel.Arithmetic.Operations; axioms=[propext]
AXIOM AUDIT theorem: DefiKernel.Arithmetic.Operations.add_zero; module=DefiKernel.Arithmetic.Operations; axioms=[propext]
AXIOM AUDIT theorem: DefiKernel.Arithmetic.Operations.mul_comm; module=DefiKernel.Arithmetic.Operations; axioms=[propext]
AXIOM AUDIT theorem: DefiKernel.Arithmetic.Operations.mul_error_iff; module=DefiKernel.Arithmetic.Operations; axioms=[propext]
AXIOM AUDIT theorem: DefiKernel.Arithmetic.Operations.mul_mono; module=DefiKernel.Arithmetic.Operations; axioms=[propext]
AXIOM AUDIT theorem: DefiKernel.Arithmetic.Operations.mul_mono_right; module=DefiKernel.Arithmetic.Operations; axioms=[propext]
AXIOM AUDIT theorem: DefiKernel.Arithmetic.Operations.mul_ok_iff; module=DefiKernel.Arithmetic.Operations; axioms=[propext]
AXIOM AUDIT theorem: DefiKernel.Arithmetic.Operations.mul_one; module=DefiKernel.Arithmetic.Operations; axioms=[propext]
AXIOM AUDIT theorem: DefiKernel.Arithmetic.Operations.mul_zero; module=DefiKernel.Arithmetic.Operations; axioms=[propext]
AXIOM AUDIT theorem: DefiKernel.Arithmetic.Operations.sub_antitone; module=DefiKernel.Arithmetic.Operations; axioms=[propext,
 Quot.sound]
AXIOM AUDIT theorem: DefiKernel.Arithmetic.Operations.sub_checked_ne_error; module=DefiKernel.Arithmetic.Operations; axioms=[propext]
AXIOM AUDIT theorem: DefiKernel.Arithmetic.Operations.sub_difference_bound; module=DefiKernel.Arithmetic.Operations; axioms=[]
AXIOM AUDIT theorem: DefiKernel.Arithmetic.Operations.sub_error_iff; module=DefiKernel.Arithmetic.Operations; axioms=[propext,
 Quot.sound]
AXIOM AUDIT theorem: DefiKernel.Arithmetic.Operations.sub_mono; module=DefiKernel.Arithmetic.Operations; axioms=[propext,
 Quot.sound]
AXIOM AUDIT theorem: DefiKernel.Arithmetic.Operations.sub_ok_iff; module=DefiKernel.Arithmetic.Operations; axioms=[propext]
AXIOM AUDIT theorem: DefiKernel.Arithmetic.Operations.sub_self; module=DefiKernel.Arithmetic.Operations; axioms=[propext,
 Quot.sound]
AXIOM AUDIT theorem: DefiKernel.Arithmetic.Operations.sub_zero; module=DefiKernel.Arithmetic.Operations; axioms=[propext]
AXIOM AUDIT theorem: DefiKernel.Arithmetic.Quantity.fromRat_error_iff; module=DefiKernel.Arithmetic.Quantity; axioms=[propext,
 Classical.choice,
 Quot.sound]
AXIOM AUDIT theorem: DefiKernel.Arithmetic.Quantity.fromRat_exists_iff; module=DefiKernel.Arithmetic.Quantity; axioms=[propext,
 Classical.choice,
 Quot.sound]
AXIOM AUDIT theorem: DefiKernel.Arithmetic.Quantity.fromRat_ok_iff; module=DefiKernel.Arithmetic.Quantity; axioms=[propext,
 Classical.choice,
 Quot.sound]
AXIOM AUDIT theorem: DefiKernel.Arithmetic.Quantity.fromRat_ok_iff_div; module=DefiKernel.Arithmetic.Quantity; axioms=[propext,
 Classical.choice,
 Quot.sound]
AXIOM AUDIT theorem: DefiKernel.Arithmetic.Quantity.fromRat_toQuantity; module=DefiKernel.Arithmetic.Quantity; axioms=[propext,
 Classical.choice,
 Quot.sound]
AXIOM AUDIT theorem: DefiKernel.Arithmetic.Quantity.toQuantity_amount; module=DefiKernel.Arithmetic.Quantity; axioms=[propext,
 Classical.choice,
 Quot.sound]
AXIOM AUDIT theorem: DefiKernel.Arithmetic.Quantity.toQuantity_fromRat; module=DefiKernel.Arithmetic.Quantity; axioms=[propext,
 Classical.choice,
 Quot.sound]
AXIOM AUDIT theorem: DefiKernel.Arithmetic.Quantity.toQuantity_fromRat_eq; module=DefiKernel.Arithmetic.Quantity; axioms=[propext,
 Classical.choice,
 Quot.sound]
AXIOM AUDIT theorem: DefiKernel.Arithmetic.Reference.evaluated_accountingOK; module=DefiKernel.Arithmetic.Reference; axioms=[propext,
 Classical.choice,
 Quot.sound]
AXIOM AUDIT theorem: DefiKernel.Arithmetic.Reference.evaluated_domainOK; module=DefiKernel.Arithmetic.Reference; axioms=[propext,
 Classical.choice,
 Quot.sound]
AXIOM AUDIT theorem: DefiKernel.Arithmetic.Reference.evaluated_effect; module=DefiKernel.Arithmetic.Reference; axioms=[propext,
 Classical.choice,
 Quot.sound]
AXIOM AUDIT theorem: DefiKernel.Arithmetic.Reference.evaluated_supply; module=DefiKernel.Arithmetic.Reference; axioms=[propext,
 Classical.choice,
 Quot.sound]
AXIOM AUDIT theorem: DefiKernel.Arithmetic.Reference.evaluated_valid; module=DefiKernel.Arithmetic.Reference; axioms=[propext,
 Classical.choice,
 Quot.sound]
AXIOM AUDIT theorem: DefiKernel.Arithmetic.Reference.evaluated_writesOK; module=DefiKernel.Arithmetic.Reference; axioms=[propext,
 Classical.choice,
 Quot.sound]
AXIOM AUDIT theorem: DefiKernel.Arithmetic.Reference.execute_eq_apply; module=DefiKernel.Arithmetic.Reference; axioms=[propext,
 Classical.choice,
 Quot.sound]
AXIOM AUDIT theorem: DefiKernel.Arithmetic.Reference.execute_insufficientFunds; module=DefiKernel.Arithmetic.Reference; axioms=[propext,
 Classical.choice,
 Quot.sound]
AXIOM AUDIT theorem: DefiKernel.Arithmetic.Reference.execute_quote; module=DefiKernel.Arithmetic.Reference; axioms=[propext,
 Classical.choice,
 Quot.sound]
AXIOM AUDIT theorem: DefiKernel.Arithmetic.Reference.execute_quote_balance; module=DefiKernel.Arithmetic.Reference; axioms=[propext,
 Classical.choice,
 Quot.sound]
AXIOM AUDIT theorem: DefiKernel.Arithmetic.Reference.execute_unauthorizedDebit; module=DefiKernel.Arithmetic.Reference; axioms=[propext,
 Classical.choice,
 Quot.sound]
AXIOM AUDIT theorem: DefiKernel.Arithmetic.Reference.netEffect_outside; module=DefiKernel.Arithmetic.Reference; axioms=[propext,
 Classical.choice,
 Quot.sound]
AXIOM AUDIT theorem: DefiKernel.Arithmetic.Reference.netEffect_scalar_formula; module=DefiKernel.Arithmetic.Reference; axioms=[propext,
 Classical.choice,
 Quot.sound]
AXIOM AUDIT theorem: DefiKernel.Arithmetic.Reference.observeExecution_input; module=DefiKernel.Arithmetic.Reference; axioms=[propext,
 Classical.choice,
 Quot.sound]
AXIOM AUDIT theorem: DefiKernel.Arithmetic.Reference.observeExecution_result; module=DefiKernel.Arithmetic.Reference; axioms=[propext,
 Classical.choice,
 Quot.sound]
AXIOM AUDIT theorem: DefiKernel.Arithmetic.Reference.quote_conservation; module=DefiKernel.Arithmetic.Reference; axioms=[propext,
 Quot.sound]
AXIOM AUDIT theorem: DefiKernel.Arithmetic.Reference.template_evaluate; module=DefiKernel.Arithmetic.Reference; axioms=[propext,
 Classical.choice,
 Quot.sound]
AXIOM AUDIT theorem: DefiKernel.Arithmetic.Rounding.ceil_characterization; module=DefiKernel.Arithmetic.Rounding; axioms=[propext,
 Quot.sound]
AXIOM AUDIT theorem: DefiKernel.Arithmetic.Rounding.divideNat_down_ok_iff; module=DefiKernel.Arithmetic.Rounding; axioms=[propext,
 Quot.sound]
AXIOM AUDIT theorem: DefiKernel.Arithmetic.Rounding.divideNat_down_rational_error; module=DefiKernel.Arithmetic.Rounding; axioms=[propext,
 Classical.choice,
 Quot.sound]
AXIOM AUDIT theorem: DefiKernel.Arithmetic.Rounding.divideNat_equal_iff_dvd; module=DefiKernel.Arithmetic.Rounding; axioms=[propext,
 Classical.choice,
 Quot.sound]
AXIOM AUDIT theorem: DefiKernel.Arithmetic.Rounding.divideNat_error_iff; module=DefiKernel.Arithmetic.Rounding; axioms=[propext]
AXIOM AUDIT theorem: DefiKernel.Arithmetic.Rounding.divideNat_exact; module=DefiKernel.Arithmetic.Rounding; axioms=[propext]
AXIOM AUDIT theorem: DefiKernel.Arithmetic.Rounding.divideNat_exists_iff; module=DefiKernel.Arithmetic.Rounding; axioms=[propext,
 Quot.sound]
AXIOM AUDIT theorem: DefiKernel.Arithmetic.Rounding.divideNat_le; module=DefiKernel.Arithmetic.Rounding; axioms=[propext,
 Quot.sound]
AXIOM AUDIT theorem: DefiKernel.Arithmetic.Rounding.divideNat_mono; module=DefiKernel.Arithmetic.Rounding; axioms=[propext,
 Quot.sound]
AXIOM AUDIT theorem: DefiKernel.Arithmetic.Rounding.divideNat_rounding_gap; module=DefiKernel.Arithmetic.Rounding; axioms=[propext,
 Quot.sound]
AXIOM AUDIT theorem: DefiKernel.Arithmetic.Rounding.divideNat_up_ok_iff; module=DefiKernel.Arithmetic.Rounding; axioms=[propext,
 Quot.sound]
AXIOM AUDIT theorem: DefiKernel.Arithmetic.Rounding.divideNat_up_rational_error; module=DefiKernel.Arithmetic.Rounding; axioms=[propext,
 Classical.choice,
 Quot.sound]
AXIOM AUDIT theorem: DefiKernel.Arithmetic.Rounding.divideNat_up_zero_iff; module=DefiKernel.Arithmetic.Rounding; axioms=[propext,
 Quot.sound]
AXIOM AUDIT theorem: DefiKernel.Arithmetic.Rounding.divideNat_zero; module=DefiKernel.Arithmetic.Rounding; axioms=[propext]
AXIOM AUDIT theorem: DefiKernel.Arithmetic.Rounding.divideNat_zero_denominator; module=DefiKernel.Arithmetic.Rounding; axioms=[propext]
AXIOM AUDIT theorem: DefiKernel.Arithmetic.Rounding.floor_characterization; module=DefiKernel.Arithmetic.Rounding; axioms=[propext,
 Quot.sound]
AXIOM AUDIT theorem: DefiKernel.Arithmetic.Rounding.mulDiv_divisionByZero_iff; module=DefiKernel.Arithmetic.Rounding; axioms=[propext,
 Quot.sound]
AXIOM AUDIT theorem: DefiKernel.Arithmetic.Rounding.mulDiv_down_error_iff; module=DefiKernel.Arithmetic.Rounding; axioms=[propext,
 Quot.sound]
AXIOM AUDIT theorem: DefiKernel.Arithmetic.Rounding.mulDiv_down_ok_iff; module=DefiKernel.Arithmetic.Rounding; axioms=[propext,
 Quot.sound]
AXIOM AUDIT theorem: DefiKernel.Arithmetic.Rounding.mulDiv_down_rational_error; module=DefiKernel.Arithmetic.Rounding; axioms=[propext,
 Classical.choice,
 Quot.sound]
AXIOM AUDIT theorem: DefiKernel.Arithmetic.Rounding.mulDiv_equal_iff_dvd; module=DefiKernel.Arithmetic.Rounding; axioms=[propext,
 Classical.choice,
 Quot.sound]
AXIOM AUDIT theorem: DefiKernel.Arithmetic.Rounding.mulDiv_error_cases; module=DefiKernel.Arithmetic.Rounding; axioms=[propext,
 Quot.sound]
AXIOM AUDIT theorem: DefiKernel.Arithmetic.Rounding.mulDiv_error_iff; module=DefiKernel.Arithmetic.Rounding; axioms=[propext,
 Quot.sound]
AXIOM AUDIT theorem: DefiKernel.Arithmetic.Rounding.mulDiv_exact_iff; module=DefiKernel.Arithmetic.Rounding; axioms=[propext]
AXIOM AUDIT theorem: DefiKernel.Arithmetic.Rounding.mulDiv_exists_iff; module=DefiKernel.Arithmetic.Rounding; axioms=[propext]
AXIOM AUDIT theorem: DefiKernel.Arithmetic.Rounding.mulDiv_mono_left; module=DefiKernel.Arithmetic.Rounding; axioms=[propext,
 Quot.sound]
AXIOM AUDIT theorem: DefiKernel.Arithmetic.Rounding.mulDiv_mono_right; module=DefiKernel.Arithmetic.Rounding; axioms=[propext,
 Quot.sound]
AXIOM AUDIT theorem: DefiKernel.Arithmetic.Rounding.mulDiv_ok_iff; module=DefiKernel.Arithmetic.Rounding; axioms=[propext]
AXIOM AUDIT theorem: DefiKernel.Arithmetic.Rounding.mulDiv_quotientOverflow_iff; module=DefiKernel.Arithmetic.Rounding; axioms=[propext,
 Quot.sound]
AXIOM AUDIT theorem: DefiKernel.Arithmetic.Rounding.mulDiv_rounding_gap; module=DefiKernel.Arithmetic.Rounding; axioms=[propext,
 Quot.sound]
AXIOM AUDIT theorem: DefiKernel.Arithmetic.Rounding.mulDiv_up_error_iff; module=DefiKernel.Arithmetic.Rounding; axioms=[propext,
 Quot.sound]
AXIOM AUDIT theorem: DefiKernel.Arithmetic.Rounding.mulDiv_up_ok_iff; module=DefiKernel.Arithmetic.Rounding; axioms=[propext,
 Quot.sound]
AXIOM AUDIT theorem: DefiKernel.Arithmetic.Rounding.mulDiv_up_rational_error; module=DefiKernel.Arithmetic.Rounding; axioms=[propext,
 Classical.choice,
 Quot.sound]
AXIOM AUDIT theorem: DefiKernel.Arithmetic.Rounding.mulDiv_up_value_zero_iff; module=DefiKernel.Arithmetic.Rounding; axioms=[propext,
 Classical.choice,
 Quot.sound]
AXIOM AUDIT theorem: DefiKernel.Arithmetic.Rounding.mulDiv_width_zero; module=DefiKernel.Arithmetic.Rounding; axioms=[propext,
 Quot.sound]
AXIOM AUDIT theorem: DefiKernel.Arithmetic.Rounding.mulDiv_zero_denominator; module=DefiKernel.Arithmetic.Rounding; axioms=[propext]
AXIOM AUDIT theorem: DefiKernel.Arithmetic.Rounding.mulDiv_zero_left; module=DefiKernel.Arithmetic.Rounding; axioms=[propext]
AXIOM AUDIT theorem: DefiKernel.Arithmetic.Rounding.mulDiv_zero_right; module=DefiKernel.Arithmetic.Rounding; axioms=[propext]
AXIOM AUDIT theorem: DefiKernel.Arithmetic.Rounding.ofNat_ctorIdx; module=DefiKernel.Arithmetic.Word; axioms=[]
AXIOM AUDIT theorem: DefiKernel.Arithmetic.Tests.stateEq_iff; module=DefiKernel.Arithmetic.Tests; axioms=[propext,
 Quot.sound]
AXIOM AUDIT theorem: DefiKernel.Arithmetic.Word.bound; module=DefiKernel.Arithmetic.Word; axioms=[]
AXIOM AUDIT theorem: DefiKernel.Arithmetic.Word.checked_error_iff; module=DefiKernel.Arithmetic.Word; axioms=[propext]
AXIOM AUDIT theorem: DefiKernel.Arithmetic.Word.checked_exists_iff; module=DefiKernel.Arithmetic.Word; axioms=[propext,
 Quot.sound]
AXIOM AUDIT theorem: DefiKernel.Arithmetic.Word.checked_ok_iff; module=DefiKernel.Arithmetic.Word; axioms=[propext]
AXIOM AUDIT theorem: DefiKernel.Arithmetic.Word.ext; module=DefiKernel.Arithmetic.Word; axioms=[]
AXIOM AUDIT theorem: DefiKernel.Arithmetic.Word.ext_iff; module=DefiKernel.Arithmetic.Word; axioms=[]
AXIOM AUDIT theorem: DefiKernel.Arithmetic.Word.width_zero; module=DefiKernel.Arithmetic.Word; axioms=[propext,
 Quot.sound]
AXIOM AUDIT theorem: DefiKernel.Arithmetic.instDecidableEqFailure._proof_1; module=DefiKernel.Arithmetic.Word; axioms=[]
AXIOM AUDIT theorem: DefiKernel.Arithmetic.instDecidableEqFailure._proof_2; module=DefiKernel.Arithmetic.Word; axioms=[]
AXIOM AUDIT theorem: DefiKernel.Arithmetic.instDecidableEqRounding._proof_1; module=DefiKernel.Arithmetic.Word; axioms=[]
AXIOM AUDIT theorem: DefiKernel.Arithmetic.instDecidableEqRounding._proof_2; module=DefiKernel.Arithmetic.Word; axioms=[]
AXIOM AUDIT theorem: DefiKernel.Arithmetic.ofNat.eq_1; module=DefiKernel.Arithmetic.Word; axioms=[]
AXIOM AUDIT theorem: DefiKernel.Arithmetic.ofNat_error_iff._simp_1; module=DefiKernel.Arithmetic.Word; axioms=[propext]
AXIOM AUDIT theorem: DefiKernel.Arithmetic.ofNat_ok_iff._simp_1; module=DefiKernel.Arithmetic.Word; axioms=[propext]
AXIOM AUDIT theorem: DefiKernel.Typed.applyEvaluated.eq_1; module=DefiKernel.Arithmetic.Reference; axioms=[propext,
 Classical.choice,
 Quot.sound]
AXIOM AUDIT theorem: DefiKernel.Typed.execute.eq_1; module=DefiKernel.Arithmetic.Reference; axioms=[propext,
 Classical.choice,
 Quot.sound]
AXIOM AUDIT theorem: DefiKernel.Arithmetic.Examples.Asset.ofNat_ctorIdx; module=DefiKernel.Arithmetic.Examples; axioms=[]
AXIOM AUDIT theorem: DefiKernel.Arithmetic.Examples.Domain.ofNat_ctorIdx; module=DefiKernel.Arithmetic.Examples; axioms=[]
AXIOM AUDIT theorem: DefiKernel.Arithmetic.Examples.Party.ofNat_ctorIdx; module=DefiKernel.Arithmetic.Examples; axioms=[]
AXIOM AUDIT theorem: DefiKernel.Arithmetic.Examples.allCells.eq_1; module=DefiKernel.Arithmetic.Examples; axioms=[]
AXIOM AUDIT theorem: DefiKernel.Arithmetic.Examples.expectedPostF25._proof_1; module=DefiKernel.Arithmetic.Examples; axioms=[propext,
 Classical.choice,
 Quot.sound]
AXIOM AUDIT theorem: DefiKernel.Arithmetic.Examples.expectedPostF26._proof_1; module=DefiKernel.Arithmetic.Examples; axioms=[propext,
 Classical.choice,
 Quot.sound]
AXIOM AUDIT theorem: DefiKernel.Arithmetic.Examples.expectedPostF40._proof_1; module=DefiKernel.Arithmetic.Examples; axioms=[propext,
 Classical.choice,
 Quot.sound]
AXIOM AUDIT theorem: DefiKernel.Arithmetic.Examples.expectedPostF42._proof_1; module=DefiKernel.Arithmetic.Examples; axioms=[propext,
 Classical.choice,
 Quot.sound]
AXIOM AUDIT theorem: DefiKernel.Arithmetic.Examples.expectedPostF43._proof_1; module=DefiKernel.Arithmetic.Examples; axioms=[propext,
 Classical.choice,
 Quot.sound]
AXIOM AUDIT theorem: DefiKernel.Arithmetic.Examples.inputF25._proof_1; module=DefiKernel.Arithmetic.Examples; axioms=[propext,
 Classical.choice,
 Quot.sound]
AXIOM AUDIT theorem: DefiKernel.Arithmetic.Examples.inputF26._proof_1; module=DefiKernel.Arithmetic.Examples; axioms=[propext,
 Classical.choice,
 Quot.sound]
AXIOM AUDIT theorem: DefiKernel.Arithmetic.Examples.inputF27._proof_1; module=DefiKernel.Arithmetic.Examples; axioms=[propext,
 Classical.choice,
 Quot.sound]
AXIOM AUDIT theorem: DefiKernel.Arithmetic.Examples.inputF40._proof_1; module=DefiKernel.Arithmetic.Examples; axioms=[propext,
 Classical.choice,
 Quot.sound]
AXIOM AUDIT theorem: DefiKernel.Arithmetic.Examples.inputF41._proof_1; module=DefiKernel.Arithmetic.Examples; axioms=[propext,
 Classical.choice,
 Quot.sound]
AXIOM AUDIT theorem: DefiKernel.Arithmetic.Examples.inputF42._proof_1; module=DefiKernel.Arithmetic.Examples; axioms=[propext,
 Classical.choice,
 Quot.sound]
AXIOM AUDIT theorem: DefiKernel.Arithmetic.Examples.instDecidableEqAsset._proof_1; module=DefiKernel.Arithmetic.Examples; axioms=[]
AXIOM AUDIT theorem: DefiKernel.Arithmetic.Examples.instDecidableEqAsset._proof_2; module=DefiKernel.Arithmetic.Examples; axioms=[]
AXIOM AUDIT theorem: DefiKernel.Arithmetic.Examples.instDecidableEqDomain._proof_1; module=DefiKernel.Arithmetic.Examples; axioms=[]
AXIOM AUDIT theorem: DefiKernel.Arithmetic.Examples.instDecidableEqDomain._proof_2; module=DefiKernel.Arithmetic.Examples; axioms=[]
AXIOM AUDIT theorem: DefiKernel.Arithmetic.Examples.instDecidableEqParty._proof_1; module=DefiKernel.Arithmetic.Examples; axioms=[]
AXIOM AUDIT theorem: DefiKernel.Arithmetic.Examples.instDecidableEqParty._proof_2; module=DefiKernel.Arithmetic.Examples; axioms=[]
AXIOM AUDIT theorem: DefiKernel.Arithmetic.Examples.instFintypeAsset._proof_1; module=DefiKernel.Arithmetic.Examples; axioms=[propext,
 Classical.choice,
 Quot.sound]
AXIOM AUDIT theorem: DefiKernel.Arithmetic.Examples.instFintypeDomain._proof_1; module=DefiKernel.Arithmetic.Examples; axioms=[propext,
 Classical.choice,
 Quot.sound]
AXIOM AUDIT theorem: DefiKernel.Arithmetic.Examples.instFintypeParty._proof_1; module=DefiKernel.Arithmetic.Examples; axioms=[propext,
 Classical.choice,
 Quot.sound]
AXIOM AUDIT theorem: DefiKernel.Arithmetic.Examples.pureCases._proof_1; module=DefiKernel.Arithmetic.Examples; axioms=[]
AXIOM AUDIT theorem: DefiKernel.Arithmetic.Examples.pureCases._proof_10; module=DefiKernel.Arithmetic.Examples; axioms=[]
AXIOM AUDIT theorem: DefiKernel.Arithmetic.Examples.pureCases._proof_11; module=DefiKernel.Arithmetic.Examples; axioms=[]
AXIOM AUDIT theorem: DefiKernel.Arithmetic.Examples.pureCases._proof_12; module=DefiKernel.Arithmetic.Examples; axioms=[]
AXIOM AUDIT theorem: DefiKernel.Arithmetic.Examples.pureCases._proof_13; module=DefiKernel.Arithmetic.Examples; axioms=[]
AXIOM AUDIT theorem: DefiKernel.Arithmetic.Examples.pureCases._proof_14; module=DefiKernel.Arithmetic.Examples; axioms=[]
AXIOM AUDIT theorem: DefiKernel.Arithmetic.Examples.pureCases._proof_2; module=DefiKernel.Arithmetic.Examples; axioms=[]
AXIOM AUDIT theorem: DefiKernel.Arithmetic.Examples.pureCases._proof_3; module=DefiKernel.Arithmetic.Examples; axioms=[]
AXIOM AUDIT theorem: DefiKernel.Arithmetic.Examples.pureCases._proof_4; module=DefiKernel.Arithmetic.Examples; axioms=[]
AXIOM AUDIT theorem: DefiKernel.Arithmetic.Examples.pureCases._proof_5; module=DefiKernel.Arithmetic.Examples; axioms=[]
AXIOM AUDIT theorem: DefiKernel.Arithmetic.Examples.pureCases._proof_6; module=DefiKernel.Arithmetic.Examples; axioms=[]
AXIOM AUDIT theorem: DefiKernel.Arithmetic.Examples.pureCases._proof_7; module=DefiKernel.Arithmetic.Examples; axioms=[propext,
 Classical.choice,
 Quot.sound]
AXIOM AUDIT theorem: DefiKernel.Arithmetic.Examples.pureCases._proof_8; module=DefiKernel.Arithmetic.Examples; axioms=[]
AXIOM AUDIT theorem: DefiKernel.Arithmetic.Examples.pureCases._proof_9; module=DefiKernel.Arithmetic.Examples; axioms=[]
AXIOM AUDIT theorem: DefiKernel.Arithmetic.Failure.addOverflow.sizeOf_spec; module=DefiKernel.Arithmetic.Word; axioms=[]
AXIOM AUDIT theorem: DefiKernel.Arithmetic.Failure.divisionByZero.sizeOf_spec; module=DefiKernel.Arithmetic.Word; axioms=[]
AXIOM AUDIT theorem: DefiKernel.Arithmetic.Failure.inputOverflow.sizeOf_spec; module=DefiKernel.Arithmetic.Word; axioms=[]
AXIOM AUDIT theorem: DefiKernel.Arithmetic.Failure.invalidRate.sizeOf_spec; module=DefiKernel.Arithmetic.Word; axioms=[]
AXIOM AUDIT theorem: DefiKernel.Arithmetic.Failure.mulOverflow.sizeOf_spec; module=DefiKernel.Arithmetic.Word; axioms=[]
AXIOM AUDIT theorem: DefiKernel.Arithmetic.Failure.negativeQuantity.sizeOf_spec; module=DefiKernel.Arithmetic.Word; axioms=[]
AXIOM AUDIT theorem: DefiKernel.Arithmetic.Failure.nonIntegralQuantity.sizeOf_spec; module=DefiKernel.Arithmetic.Word; axioms=[]
AXIOM AUDIT theorem: DefiKernel.Arithmetic.Failure.nonPositiveScale.sizeOf_spec; module=DefiKernel.Arithmetic.Word; axioms=[]
AXIOM AUDIT theorem: DefiKernel.Arithmetic.Failure.quotientOverflow.sizeOf_spec; module=DefiKernel.Arithmetic.Word; axioms=[]
AXIOM AUDIT theorem: DefiKernel.Arithmetic.Failure.subUnderflow.sizeOf_spec; module=DefiKernel.Arithmetic.Word; axioms=[]
AXIOM AUDIT theorem: DefiKernel.Arithmetic.Fees.feeFromGross.eq_1; module=DefiKernel.Arithmetic.Fees; axioms=[]
AXIOM AUDIT theorem: DefiKernel.Arithmetic.Fees.feeFromGross_conservation._proof_1_1; module=DefiKernel.Arithmetic.Fees; axioms=[propext,
 Quot.sound]
AXIOM AUDIT theorem: DefiKernel.Arithmetic.Fees.feeFromGross_error_iff._simp_1_3; module=DefiKernel.Arithmetic.Fees; axioms=[propext]
AXIOM AUDIT theorem: DefiKernel.Arithmetic.Fees.feeFromGross_one_up._proof_1_1; module=DefiKernel.Arithmetic.Fees; axioms=[propext,
 Quot.sound]
AXIOM AUDIT theorem: DefiKernel.Arithmetic.Fees.feeFromGross_one_up._proof_1_2; module=DefiKernel.Arithmetic.Fees; axioms=[propext,
 Quot.sound]
AXIOM AUDIT theorem: DefiKernel.Arithmetic.Fees.feeOnTop.eq_1; module=DefiKernel.Arithmetic.Fees; axioms=[]
AXIOM AUDIT theorem: DefiKernel.Arithmetic.Fees.feeOnTop_error_iff._simp_1_1; module=DefiKernel.Arithmetic.Fees; axioms=[propext]
AXIOM AUDIT theorem: DefiKernel.Arithmetic.Fees.validatedRate.eq_1; module=DefiKernel.Arithmetic.Fees; axioms=[]
AXIOM AUDIT theorem: DefiKernel.Arithmetic.Fees.validatedRate_error_iff._simp_1; module=DefiKernel.Arithmetic.Fees; axioms=[propext]
AXIOM AUDIT theorem: DefiKernel.Arithmetic.Fees.validatedRate_error_iff._simp_1_1; module=DefiKernel.Arithmetic.Fees; axioms=[propext]
AXIOM AUDIT theorem: DefiKernel.Arithmetic.Fees.validatedRate_ok_iff._proof_1_1; module=DefiKernel.Arithmetic.Fees; axioms=[propext,
 Quot.sound]
AXIOM AUDIT theorem: DefiKernel.Arithmetic.Fees.validatedRate_ok_iff._proof_1_2; module=DefiKernel.Arithmetic.Fees; axioms=[propext,
 Classical.choice,
 Quot.sound]
AXIOM AUDIT theorem: DefiKernel.Arithmetic.Fees.validatedRate_ok_iff._simp_1; module=DefiKernel.Arithmetic.Fees; axioms=[propext,
 Classical.choice,
 Quot.sound]
AXIOM AUDIT theorem: DefiKernel.Arithmetic.Operations.add.eq_1; module=DefiKernel.Arithmetic.Operations; axioms=[]
AXIOM AUDIT theorem: DefiKernel.Arithmetic.Operations.add_error_iff._simp_1; module=DefiKernel.Arithmetic.Operations; axioms=[propext]
AXIOM AUDIT theorem: DefiKernel.Arithmetic.Operations.add_mono._proof_1_1; module=DefiKernel.Arithmetic.Operations; axioms=[propext,
 Quot.sound]
AXIOM AUDIT theorem: DefiKernel.Arithmetic.Operations.add_ok_iff._simp_1; module=DefiKernel.Arithmetic.Operations; axioms=[propext]
AXIOM AUDIT theorem: DefiKernel.Arithmetic.Operations.mul.eq_1; module=DefiKernel.Arithmetic.Operations; axioms=[]
AXIOM AUDIT theorem: DefiKernel.Arithmetic.Operations.mul_error_iff._simp_1; module=DefiKernel.Arithmetic.Operations; axioms=[propext]
AXIOM AUDIT theorem: DefiKernel.Arithmetic.Operations.mul_ok_iff._simp_1; module=DefiKernel.Arithmetic.Operations; axioms=[propext]
AXIOM AUDIT theorem: DefiKernel.Arithmetic.Operations.sub_antitone._proof_1_1; module=DefiKernel.Arithmetic.Operations; axioms=[propext,
 Quot.sound]
AXIOM AUDIT theorem: DefiKernel.Arithmetic.Operations.sub_error_iff._proof_1_3; module=DefiKernel.Arithmetic.Operations; axioms=[propext,
 Quot.sound]
AXIOM AUDIT theorem: DefiKernel.Arithmetic.Operations.sub_error_iff._simp_1; module=DefiKernel.Arithmetic.Operations; axioms=[propext,
 Quot.sound]
AXIOM AUDIT theorem: DefiKernel.Arithmetic.Operations.sub_error_iff._simp_1_1; module=DefiKernel.Arithmetic.Operations; axioms=[propext]
AXIOM AUDIT theorem: DefiKernel.Arithmetic.Operations.sub_error_iff._simp_1_2; module=DefiKernel.Arithmetic.Operations; axioms=[propext]
AXIOM AUDIT theorem: DefiKernel.Arithmetic.Operations.sub_error_iff._simp_1_4; module=DefiKernel.Arithmetic.Operations; axioms=[propext]
AXIOM AUDIT theorem: DefiKernel.Arithmetic.Operations.sub_mono._proof_1_1; module=DefiKernel.Arithmetic.Operations; axioms=[propext,
 Quot.sound]
AXIOM AUDIT theorem: DefiKernel.Arithmetic.Operations.sub_ok_iff._simp_1; module=DefiKernel.Arithmetic.Operations; axioms=[propext]
AXIOM AUDIT theorem: DefiKernel.Arithmetic.Quantity.fromRat.eq_1; module=DefiKernel.Arithmetic.Quantity; axioms=[propext,
 Classical.choice,
 Quot.sound]
AXIOM AUDIT theorem: DefiKernel.Arithmetic.Quantity.fromRat_error_iff._simp_1_2; module=DefiKernel.Arithmetic.Quantity; axioms=[propext]
AXIOM AUDIT theorem: DefiKernel.Arithmetic.Quantity.fromRat_exists_iff._simp_1_1; module=DefiKernel.Arithmetic.Quantity; axioms=[propext,
 Classical.choice,
 Quot.sound]
AXIOM AUDIT theorem: DefiKernel.Arithmetic.Quantity.toQuantity._proof_1; module=DefiKernel.Arithmetic.Quantity; axioms=[propext,
 Classical.choice,
 Quot.sound]
AXIOM AUDIT theorem: DefiKernel.Arithmetic.Reference.evaluated.eq_1; module=DefiKernel.Arithmetic.Reference; axioms=[propext,
 Classical.choice,
 Quot.sound]
AXIOM AUDIT theorem: DefiKernel.Arithmetic.Reference.evaluated_accountingOK._simp_1_3; module=DefiKernel.Arithmetic.Reference; axioms=[propext,
 Classical.choice,
 Quot.sound]
AXIOM AUDIT theorem: DefiKernel.Arithmetic.Reference.evaluated_writesOK._simp_1_3; module=DefiKernel.Arithmetic.Reference; axioms=[propext]
AXIOM AUDIT theorem: DefiKernel.Arithmetic.Reference.evaluated_writesOK._simp_1_4; module=DefiKernel.Arithmetic.Reference; axioms=[propext]
AXIOM AUDIT theorem: DefiKernel.Arithmetic.Reference.evaluated_writesOK._simp_1_5; module=DefiKernel.Arithmetic.Reference; axioms=[propext]
AXIOM AUDIT theorem: DefiKernel.Arithmetic.Reference.netEffect.congr_simp; module=DefiKernel.Arithmetic.Reference; axioms=[propext,
 Classical.choice,
 Quot.sound]
AXIOM AUDIT theorem: DefiKernel.Arithmetic.Reference.netEffect.eq_1; module=DefiKernel.Arithmetic.Reference; axioms=[propext,
 Classical.choice,
 Quot.sound]
AXIOM AUDIT theorem: DefiKernel.Arithmetic.Reference.template.eq_1; module=DefiKernel.Arithmetic.Reference; axioms=[propext,
 Classical.choice,
 Quot.sound]
AXIOM AUDIT theorem: DefiKernel.Arithmetic.Rounding.ceil_characterization._proof_1_1; module=DefiKernel.Arithmetic.Rounding; axioms=[propext,
 Quot.sound]
AXIOM AUDIT theorem: DefiKernel.Arithmetic.Rounding.ceil_characterization._proof_1_2; module=DefiKernel.Arithmetic.Rounding; axioms=[propext,
 Quot.sound]
AXIOM AUDIT theorem: DefiKernel.Arithmetic.Rounding.ceil_characterization._proof_1_3; module=DefiKernel.Arithmetic.Rounding; axioms=[propext,
 Quot.sound]
AXIOM AUDIT theorem: DefiKernel.Arithmetic.Rounding.ceil_characterization._proof_1_4; module=DefiKernel.Arithmetic.Rounding; axioms=[propext,
 Quot.sound]
AXIOM AUDIT theorem: DefiKernel.Arithmetic.Rounding.divideNat.eq_1; module=DefiKernel.Arithmetic.Rounding; axioms=[]
AXIOM AUDIT theorem: DefiKernel.Arithmetic.Rounding.divideNat.eq_2; module=DefiKernel.Arithmetic.Rounding; axioms=[]
AXIOM AUDIT theorem: DefiKernel.Arithmetic.Rounding.divideNat_down_ok_iff._simp_1; module=DefiKernel.Arithmetic.Rounding; axioms=[propext,
 Quot.sound]
AXIOM AUDIT theorem: DefiKernel.Arithmetic.Rounding.divideNat_equal_iff_dvd._proof_1_1; module=DefiKernel.Arithmetic.Rounding; axioms=[propext,
 Classical.choice,
 Quot.sound]
AXIOM AUDIT theorem: DefiKernel.Arithmetic.Rounding.divideNat_equal_iff_dvd._proof_1_2; module=DefiKernel.Arithmetic.Rounding; axioms=[propext,
 Classical.choice,
 Quot.sound]
AXIOM AUDIT theorem: DefiKernel.Arithmetic.Rounding.divideNat_error_iff._simp_1; module=DefiKernel.Arithmetic.Rounding; axioms=[propext]
AXIOM AUDIT theorem: DefiKernel.Arithmetic.Rounding.divideNat_error_iff._simp_1_1; module=DefiKernel.Arithmetic.Rounding; axioms=[propext]
AXIOM AUDIT theorem: DefiKernel.Arithmetic.Rounding.divideNat_exists_iff._simp_1_1; module=DefiKernel.Arithmetic.Rounding; axioms=[propext]
AXIOM AUDIT theorem: DefiKernel.Arithmetic.Rounding.divideNat_up_ok_iff._simp_1; module=DefiKernel.Arithmetic.Rounding; axioms=[propext,
 Quot.sound]
AXIOM AUDIT theorem: DefiKernel.Arithmetic.Rounding.divideNat_up_rational_error._proof_1_1; module=DefiKernel.Arithmetic.Rounding; axioms=[propext,
 Quot.sound]
AXIOM AUDIT theorem: DefiKernel.Arithmetic.Rounding.divideNat_up_rational_error._proof_1_2; module=DefiKernel.Arithmetic.Rounding; axioms=[propext,
 Quot.sound]
AXIOM AUDIT theorem: DefiKernel.Arithmetic.Rounding.divideNat_up_rational_error._proof_1_3; module=DefiKernel.Arithmetic.Rounding; axioms=[propext,
 Quot.sound]
AXIOM AUDIT theorem: DefiKernel.Arithmetic.Rounding.down.sizeOf_spec; module=DefiKernel.Arithmetic.Word; axioms=[]
AXIOM AUDIT theorem: DefiKernel.Arithmetic.Rounding.floor_characterization._proof_1_1; module=DefiKernel.Arithmetic.Rounding; axioms=[propext,
 Quot.sound]
AXIOM AUDIT theorem: DefiKernel.Arithmetic.Rounding.mulDiv.eq_1; module=DefiKernel.Arithmetic.Rounding; axioms=[]
AXIOM AUDIT theorem: DefiKernel.Arithmetic.Rounding.mulDiv_divisionByZero_iff._simp_1_1; module=DefiKernel.Arithmetic.Rounding; axioms=[propext,
 Quot.sound]
AXIOM AUDIT theorem: DefiKernel.Arithmetic.Rounding.mulDiv_down_error_iff._simp_1_1; module=DefiKernel.Arithmetic.Rounding; axioms=[propext,
 Quot.sound]
AXIOM AUDIT theorem: DefiKernel.Arithmetic.Rounding.mulDiv_down_ok_iff._simp_1; module=DefiKernel.Arithmetic.Rounding; axioms=[propext,
 Quot.sound]
AXIOM AUDIT theorem: DefiKernel.Arithmetic.Rounding.mulDiv_error_iff._simp_1_2; module=DefiKernel.Arithmetic.Rounding; axioms=[propext]
AXIOM AUDIT theorem: DefiKernel.Arithmetic.Rounding.mulDiv_error_iff._simp_1_3; module=DefiKernel.Arithmetic.Rounding; axioms=[propext]
AXIOM AUDIT theorem: DefiKernel.Arithmetic.Rounding.mulDiv_ok_iff._simp_1; module=DefiKernel.Arithmetic.Rounding; axioms=[propext]
AXIOM AUDIT theorem: DefiKernel.Arithmetic.Rounding.mulDiv_up_error_iff._simp_1_1; module=DefiKernel.Arithmetic.Rounding; axioms=[propext,
 Quot.sound]
AXIOM AUDIT theorem: DefiKernel.Arithmetic.Rounding.mulDiv_up_ok_iff._simp_1; module=DefiKernel.Arithmetic.Rounding; axioms=[propext,
 Quot.sound]
AXIOM AUDIT theorem: DefiKernel.Arithmetic.Rounding.mulDiv_up_value_zero_iff._proof_1_1; module=DefiKernel.Arithmetic.Rounding; axioms=[propext,
 Quot.sound]
AXIOM AUDIT theorem: DefiKernel.Arithmetic.Rounding.up.sizeOf_spec; module=DefiKernel.Arithmetic.Word; axioms=[]
AXIOM AUDIT theorem: DefiKernel.Arithmetic.Word.checked.eq_1; module=DefiKernel.Arithmetic.Fees; axioms=[]
AXIOM AUDIT theorem: DefiKernel.Arithmetic.Word.checked_error_iff._simp_1; module=DefiKernel.Arithmetic.Word; axioms=[propext]
AXIOM AUDIT theorem: DefiKernel.Arithmetic.Word.checked_ok_iff._simp_1; module=DefiKernel.Arithmetic.Word; axioms=[propext]
AXIOM AUDIT theorem: DefiKernel.Arithmetic.Word.mk.congr_simp; module=DefiKernel.Arithmetic.Word; axioms=[]
AXIOM AUDIT theorem: DefiKernel.Arithmetic.Word.mk.inj; module=DefiKernel.Arithmetic.Word; axioms=[]
AXIOM AUDIT theorem: DefiKernel.Arithmetic.Word.mk.injEq; module=DefiKernel.Arithmetic.Word; axioms=[propext]
AXIOM AUDIT theorem: DefiKernel.Arithmetic.Word.mk.sizeOf_spec; module=DefiKernel.Arithmetic.Word; axioms=[]
AXIOM AUDIT theorem: DefiKernel.Arithmetic.Word.width_zero._proof_1_1; module=DefiKernel.Arithmetic.Word; axioms=[propext,
 Quot.sound]
AXIOM AUDIT theorem: DefiKernel.Arithmetic.instDecidableEqWord.decEq._proof_1; module=DefiKernel.Arithmetic.Word; axioms=[]
AXIOM AUDIT theorem: DefiKernel.Arithmetic.instDecidableEqWord.decEq._proof_2; module=DefiKernel.Arithmetic.Word; axioms=[]
AXIOM AUDIT theorem: DefiKernel.Arithmetic.instDecidableEqWord.decEq._proof_3; module=DefiKernel.Arithmetic.Word; axioms=[]
AXIOM AUDIT theorem: DefiKernel.Typed.Args.check.eq_1; module=DefiKernel.Arithmetic.Reference; axioms=[propext]
AXIOM AUDIT theorem: DefiKernel.Typed.Args.check.eq_2; module=DefiKernel.Arithmetic.Reference; axioms=[propext]
AXIOM AUDIT theorem: DefiKernel.Typed.Args.check.eq_3; module=DefiKernel.Arithmetic.Reference; axioms=[propext]
AXIOM AUDIT theorem: DefiKernel.Typed.Args.check.eq_def; module=DefiKernel.Arithmetic.Reference; axioms=[propext]
AXIOM AUDIT theorem: DefiKernel.Typed.Evaluated.accountingOK.eq_1; module=DefiKernel.Arithmetic.Reference; axioms=[propext,
 Classical.choice,
 Quot.sound]
AXIOM AUDIT theorem: DefiKernel.Typed.Evaluated.debitsOK.eq_1; module=DefiKernel.Arithmetic.Reference; axioms=[propext,
 Classical.choice,
 Quot.sound]
AXIOM AUDIT theorem: DefiKernel.Typed.Evaluated.domainOK.eq_1; module=DefiKernel.Arithmetic.Reference; axioms=[propext,
 Classical.choice,
 Quot.sound]
AXIOM AUDIT theorem: DefiKernel.Typed.Evaluated.suppliesOK.eq_1; module=DefiKernel.Arithmetic.Reference; axioms=[propext,
 Classical.choice,
 Quot.sound]
AXIOM AUDIT theorem: DefiKernel.Typed.Evaluated.writesOK.eq_1; module=DefiKernel.Arithmetic.Reference; axioms=[propext,
 Classical.choice,
 Quot.sound]
AXIOM AUDIT theorem: DefiKernel.Arithmetic.Examples.Asset.alt.sizeOf_spec; module=DefiKernel.Arithmetic.Examples; axioms=[]
AXIOM AUDIT theorem: DefiKernel.Arithmetic.Examples.Asset.usd.sizeOf_spec; module=DefiKernel.Arithmetic.Examples; axioms=[]
AXIOM AUDIT theorem: DefiKernel.Arithmetic.Examples.Domain.local.sizeOf_spec; module=DefiKernel.Arithmetic.Examples; axioms=[]
AXIOM AUDIT theorem: DefiKernel.Arithmetic.Examples.Domain.remote.sizeOf_spec; module=DefiKernel.Arithmetic.Examples; axioms=[]
AXIOM AUDIT theorem: DefiKernel.Arithmetic.Examples.Party.alice.sizeOf_spec; module=DefiKernel.Arithmetic.Examples; axioms=[]
AXIOM AUDIT theorem: DefiKernel.Arithmetic.Examples.Party.bob.sizeOf_spec; module=DefiKernel.Arithmetic.Examples; axioms=[]
AXIOM AUDIT theorem: DefiKernel.Arithmetic.Examples.Party.observer.sizeOf_spec; module=DefiKernel.Arithmetic.Examples; axioms=[]
AXIOM AUDIT theorem: DefiKernel.Arithmetic.Examples.Party.treasury.sizeOf_spec; module=DefiKernel.Arithmetic.Examples; axioms=[]
AXIOM AUDIT theorem: DefiKernel.Arithmetic.Examples.PureObservation.quantity.inj; module=DefiKernel.Arithmetic.Examples; axioms=[]
AXIOM AUDIT theorem: DefiKernel.Arithmetic.Examples.PureObservation.quantity.injEq; module=DefiKernel.Arithmetic.Examples; axioms=[propext]
AXIOM AUDIT theorem: DefiKernel.Arithmetic.Examples.PureObservation.quantity.sizeOf_spec; module=DefiKernel.Arithmetic.Examples; axioms=[]
AXIOM AUDIT theorem: DefiKernel.Arithmetic.Examples.PureObservation.quote.inj; module=DefiKernel.Arithmetic.Examples; axioms=[]
AXIOM AUDIT theorem: DefiKernel.Arithmetic.Examples.PureObservation.quote.injEq; module=DefiKernel.Arithmetic.Examples; axioms=[propext]
AXIOM AUDIT theorem: DefiKernel.Arithmetic.Examples.PureObservation.quote.sizeOf_spec; module=DefiKernel.Arithmetic.Examples; axioms=[]
AXIOM AUDIT theorem: DefiKernel.Arithmetic.Examples.PureObservation.word.inj; module=DefiKernel.Arithmetic.Examples; axioms=[]
AXIOM AUDIT theorem: DefiKernel.Arithmetic.Examples.PureObservation.word.injEq; module=DefiKernel.Arithmetic.Examples; axioms=[propext]
AXIOM AUDIT theorem: DefiKernel.Arithmetic.Examples.PureObservation.word.sizeOf_spec; module=DefiKernel.Arithmetic.Examples; axioms=[]
AXIOM AUDIT theorem: DefiKernel.Arithmetic.Fees.FeeQuote.mk.inj; module=DefiKernel.Arithmetic.Fees; axioms=[]
AXIOM AUDIT theorem: DefiKernel.Arithmetic.Fees.FeeQuote.mk.injEq; module=DefiKernel.Arithmetic.Fees; axioms=[propext]
AXIOM AUDIT theorem: DefiKernel.Arithmetic.Fees.FeeQuote.mk.sizeOf_spec; module=DefiKernel.Arithmetic.Fees; axioms=[]
AXIOM AUDIT theorem: DefiKernel.Arithmetic.Fees.instDecidableEqFeeQuote.decEq._proof_1; module=DefiKernel.Arithmetic.Fees; axioms=[]
AXIOM AUDIT theorem: DefiKernel.Arithmetic.Fees.instDecidableEqFeeQuote.decEq._proof_2; module=DefiKernel.Arithmetic.Fees; axioms=[]
AXIOM AUDIT theorem: DefiKernel.Arithmetic.Fees.instDecidableEqFeeQuote.decEq._proof_3; module=DefiKernel.Arithmetic.Fees; axioms=[]
AXIOM AUDIT theorem: DefiKernel.Arithmetic.Fees.instDecidableEqFeeQuote.decEq._proof_4; module=DefiKernel.Arithmetic.Fees; axioms=[]
AXIOM AUDIT theorem: DefiKernel.Arithmetic.Fees.instDecidableEqFeeQuote.decEq._proof_5; module=DefiKernel.Arithmetic.Fees; axioms=[]
AXIOM AUDIT theorem: DefiKernel.Typed.Args.check._sparseCasesOn_1.else_eq; module=DefiKernel.Arithmetic.Reference; axioms=[propext]
AXIOM AUDIT theorem: DefiKernel.Typed.Args.check._sparseCasesOn_2.else_eq; module=DefiKernel.Arithmetic.Reference; axioms=[propext]
AXIOM AUDIT theorem: _private.DefiKernel.Arithmetic.Reference.0.DefiKernel.Typed.Args.check.match_1.eq_1; module=DefiKernel.Arithmetic.Reference; axioms=[propext]
AXIOM AUDIT theorem: _private.DefiKernel.Arithmetic.Reference.0.DefiKernel.Typed.Args.check.match_1.eq_2; module=DefiKernel.Arithmetic.Reference; axioms=[propext]
AXIOM AUDIT theorem: _private.DefiKernel.Arithmetic.Reference.0.DefiKernel.Typed.Args.check.match_1.eq_3; module=DefiKernel.Arithmetic.Reference; axioms=[propext]
AXIOM AUDIT theorem: _private.DefiKernel.Arithmetic.Rounding.0.DefiKernel.Arithmetic.Rounding.divideNat.match_1.eq_1; module=DefiKernel.Arithmetic.Rounding; axioms=[]
AXIOM AUDIT theorem: _private.DefiKernel.Arithmetic.Rounding.0.DefiKernel.Arithmetic.Rounding.divideNat.match_1.eq_2; module=DefiKernel.Arithmetic.Rounding; axioms=[]
AXIOM AUDIT declaration: DefiKernel.Arithmetic.instDecidableEqFailure; module=DefiKernel.Arithmetic.Word; kind=definition; axioms=[]
AXIOM AUDIT declaration: DefiKernel.Arithmetic.instDecidableEqRounding; module=DefiKernel.Arithmetic.Word; kind=definition; axioms=[]
AXIOM AUDIT declaration: DefiKernel.Arithmetic.instDecidableEqWord; module=DefiKernel.Arithmetic.Word; kind=definition; axioms=[]
AXIOM AUDIT declaration: DefiKernel.Arithmetic.instReprFailure; module=DefiKernel.Arithmetic.Word; kind=definition; axioms=[]
AXIOM AUDIT declaration: DefiKernel.Arithmetic.instReprRounding; module=DefiKernel.Arithmetic.Word; kind=definition; axioms=[]
AXIOM AUDIT declaration: DefiKernel.Arithmetic.instReprWord; module=DefiKernel.Arithmetic.Word; kind=definition; axioms=[]
AXIOM AUDIT declaration: DefiKernel.Arithmetic.ofNat; module=DefiKernel.Arithmetic.Word; kind=definition; axioms=[]
AXIOM AUDIT declaration: DefiKernel.Arithmetic.Examples.C; module=DefiKernel.Arithmetic.Examples; kind=definition; axioms=[]
AXIOM AUDIT declaration: DefiKernel.Arithmetic.Examples.QuoteResult; module=DefiKernel.Arithmetic.Examples; kind=definition; axioms=[]
AXIOM AUDIT declaration: DefiKernel.Arithmetic.Examples.ReferenceObservation; module=DefiKernel.Arithmetic.Examples; kind=definition; axioms=[propext,
 Quot.sound]
AXIOM AUDIT declaration: DefiKernel.Arithmetic.Examples.WordResult; module=DefiKernel.Arithmetic.Examples; kind=definition; axioms=[]
AXIOM AUDIT declaration: DefiKernel.Arithmetic.Examples.allCells; module=DefiKernel.Arithmetic.Examples; kind=definition; axioms=[]
AXIOM AUDIT declaration: DefiKernel.Arithmetic.Examples.entryStore; module=DefiKernel.Arithmetic.Examples; kind=definition; axioms=[]
AXIOM AUDIT declaration: DefiKernel.Arithmetic.Examples.expectedInputF25; module=DefiKernel.Arithmetic.Examples; kind=definition; axioms=[propext,
 Classical.choice,
 Quot.sound]
AXIOM AUDIT declaration: DefiKernel.Arithmetic.Examples.expectedInputF26; module=DefiKernel.Arithmetic.Examples; kind=definition; axioms=[propext,
 Classical.choice,
 Quot.sound]
AXIOM AUDIT declaration: DefiKernel.Arithmetic.Examples.expectedInputF27; module=DefiKernel.Arithmetic.Examples; kind=definition; axioms=[propext,
 Classical.choice,
 Quot.sound]
AXIOM AUDIT declaration: DefiKernel.Arithmetic.Examples.expectedInputF28; module=DefiKernel.Arithmetic.Examples; kind=definition; axioms=[propext,
 Classical.choice,
 Quot.sound]
AXIOM AUDIT declaration: DefiKernel.Arithmetic.Examples.expectedInputF40; module=DefiKernel.Arithmetic.Examples; kind=definition; axioms=[propext,
 Classical.choice,
 Quot.sound]
AXIOM AUDIT declaration: DefiKernel.Arithmetic.Examples.expectedInputF41; module=DefiKernel.Arithmetic.Examples; kind=definition; axioms=[propext,
 Classical.choice,
 Quot.sound]
AXIOM AUDIT declaration: DefiKernel.Arithmetic.Examples.expectedInputF42; module=DefiKernel.Arithmetic.Examples; kind=definition; axioms=[propext,
 Classical.choice,
 Quot.sound]
AXIOM AUDIT declaration: DefiKernel.Arithmetic.Examples.expectedInputF43; module=DefiKernel.Arithmetic.Examples; kind=definition; axioms=[propext,
 Classical.choice,
 Quot.sound]
AXIOM AUDIT declaration: DefiKernel.Arithmetic.Examples.expectedPostF25; module=DefiKernel.Arithmetic.Examples; kind=definition; axioms=[propext,
 Classical.choice,
 Quot.sound]
AXIOM AUDIT declaration: DefiKernel.Arithmetic.Examples.expectedPostF26; module=DefiKernel.Arithmetic.Examples; kind=definition; axioms=[propext,
 Classical.choice,
 Quot.sound]
AXIOM AUDIT declaration: DefiKernel.Arithmetic.Examples.expectedPostF40; module=DefiKernel.Arithmetic.Examples; kind=definition; axioms=[propext,
 Classical.choice,
 Quot.sound]
AXIOM AUDIT declaration: DefiKernel.Arithmetic.Examples.expectedPostF41; module=DefiKernel.Arithmetic.Examples; kind=definition; axioms=[propext,
 Classical.choice,
 Quot.sound]
AXIOM AUDIT declaration: DefiKernel.Arithmetic.Examples.expectedPostF42; module=DefiKernel.Arithmetic.Examples; kind=definition; axioms=[propext,
 Classical.choice,
 Quot.sound]
AXIOM AUDIT declaration: DefiKernel.Arithmetic.Examples.expectedPostF43; module=DefiKernel.Arithmetic.Examples; kind=definition; axioms=[propext,
 Classical.choice,
 Quot.sound]
AXIOM AUDIT declaration: DefiKernel.Arithmetic.Examples.expectedPureCases; module=DefiKernel.Arithmetic.Examples; kind=definition; axioms=[propext,
 Classical.choice,
 Quot.sound]
AXIOM AUDIT declaration: DefiKernel.Arithmetic.Examples.expectedReferenceCases; module=DefiKernel.Arithmetic.Examples; kind=definition; axioms=[propext,
 Classical.choice,
 Quot.sound]
AXIOM AUDIT declaration: DefiKernel.Arithmetic.Examples.expectedStore; module=DefiKernel.Arithmetic.Examples; kind=definition; axioms=[]
AXIOM AUDIT declaration: DefiKernel.Arithmetic.Examples.inputF25; module=DefiKernel.Arithmetic.Examples; kind=definition; axioms=[propext,
 Classical.choice,
 Quot.sound]
AXIOM AUDIT declaration: DefiKernel.Arithmetic.Examples.inputF26; module=DefiKernel.Arithmetic.Examples; kind=definition; axioms=[propext,
 Classical.choice,
 Quot.sound]
AXIOM AUDIT declaration: DefiKernel.Arithmetic.Examples.inputF27; module=DefiKernel.Arithmetic.Examples; kind=definition; axioms=[propext,
 Classical.choice,
 Quot.sound]
AXIOM AUDIT declaration: DefiKernel.Arithmetic.Examples.inputF28; module=DefiKernel.Arithmetic.Examples; kind=definition; axioms=[propext,
 Classical.choice,
 Quot.sound]
AXIOM AUDIT declaration: DefiKernel.Arithmetic.Examples.inputF40; module=DefiKernel.Arithmetic.Examples; kind=definition; axioms=[propext,
 Classical.choice,
 Quot.sound]
AXIOM AUDIT declaration: DefiKernel.Arithmetic.Examples.inputF41; module=DefiKernel.Arithmetic.Examples; kind=definition; axioms=[propext,
 Classical.choice,
 Quot.sound]
AXIOM AUDIT declaration: DefiKernel.Arithmetic.Examples.inputF42; module=DefiKernel.Arithmetic.Examples; kind=definition; axioms=[propext,
 Classical.choice,
 Quot.sound]
AXIOM AUDIT declaration: DefiKernel.Arithmetic.Examples.inputF43; module=DefiKernel.Arithmetic.Examples; kind=definition; axioms=[propext,
 Classical.choice,
 Quot.sound]
AXIOM AUDIT declaration: DefiKernel.Arithmetic.Examples.instDecidableEqAsset; module=DefiKernel.Arithmetic.Examples; kind=definition; axioms=[]
AXIOM AUDIT declaration: DefiKernel.Arithmetic.Examples.instDecidableEqDomain; module=DefiKernel.Arithmetic.Examples; kind=definition; axioms=[]
AXIOM AUDIT declaration: DefiKernel.Arithmetic.Examples.instDecidableEqParty; module=DefiKernel.Arithmetic.Examples; kind=definition; axioms=[]
AXIOM AUDIT declaration: DefiKernel.Arithmetic.Examples.instFintypeAsset; module=DefiKernel.Arithmetic.Examples; kind=definition; axioms=[propext,
 Classical.choice,
 Quot.sound]
AXIOM AUDIT declaration: DefiKernel.Arithmetic.Examples.instFintypeDomain; module=DefiKernel.Arithmetic.Examples; kind=definition; axioms=[propext,
 Classical.choice,
 Quot.sound]
AXIOM AUDIT declaration: DefiKernel.Arithmetic.Examples.instFintypeParty; module=DefiKernel.Arithmetic.Examples; kind=definition; axioms=[propext,
 Classical.choice,
 Quot.sound]
AXIOM AUDIT declaration: DefiKernel.Arithmetic.Examples.instReprAsset; module=DefiKernel.Arithmetic.Examples; kind=definition; axioms=[]
AXIOM AUDIT declaration: DefiKernel.Arithmetic.Examples.instReprDomain; module=DefiKernel.Arithmetic.Examples; kind=definition; axioms=[]
AXIOM AUDIT declaration: DefiKernel.Arithmetic.Examples.instReprParty; module=DefiKernel.Arithmetic.Examples; kind=definition; axioms=[]
AXIOM AUDIT declaration: DefiKernel.Arithmetic.Examples.literalInputs; module=DefiKernel.Arithmetic.Examples; kind=definition; axioms=[]
AXIOM AUDIT declaration: DefiKernel.Arithmetic.Examples.pureCases; module=DefiKernel.Arithmetic.Examples; kind=definition; axioms=[propext,
 Classical.choice,
 Quot.sound]
AXIOM AUDIT declaration: DefiKernel.Arithmetic.Examples.referenceCases; module=DefiKernel.Arithmetic.Examples; kind=definition; axioms=[propext,
 Classical.choice,
 Quot.sound]
AXIOM AUDIT declaration: DefiKernel.Arithmetic.Examples.referenceContext; module=DefiKernel.Arithmetic.Examples; kind=definition; axioms=[]
AXIOM AUDIT declaration: DefiKernel.Arithmetic.Examples.referenceEnvironment; module=DefiKernel.Arithmetic.Examples; kind=definition; axioms=[]
AXIOM AUDIT declaration: DefiKernel.Arithmetic.Failure._sizeOf_1; module=DefiKernel.Arithmetic.Word; kind=definition; axioms=[]
AXIOM AUDIT declaration: DefiKernel.Arithmetic.Failure._sizeOf_inst; module=DefiKernel.Arithmetic.Word; kind=definition; axioms=[]
AXIOM AUDIT declaration: DefiKernel.Arithmetic.Failure.casesOn; module=DefiKernel.Arithmetic.Word; kind=definition; axioms=[]
AXIOM AUDIT declaration: DefiKernel.Arithmetic.Failure.ctorElim; module=DefiKernel.Arithmetic.Word; kind=definition; axioms=[]
AXIOM AUDIT declaration: DefiKernel.Arithmetic.Failure.ctorElimType; module=DefiKernel.Arithmetic.Word; kind=definition; axioms=[]
AXIOM AUDIT declaration: DefiKernel.Arithmetic.Failure.ctorIdx; module=DefiKernel.Arithmetic.Word; kind=definition; axioms=[]
AXIOM AUDIT declaration: DefiKernel.Arithmetic.Failure.noConfusion; module=DefiKernel.Arithmetic.Word; kind=definition; axioms=[]
AXIOM AUDIT declaration: DefiKernel.Arithmetic.Failure.noConfusionType; module=DefiKernel.Arithmetic.Word; kind=definition; axioms=[]
AXIOM AUDIT declaration: DefiKernel.Arithmetic.Failure.ofNat; module=DefiKernel.Arithmetic.Word; kind=definition; axioms=[]
AXIOM AUDIT declaration: DefiKernel.Arithmetic.Failure.recOn; module=DefiKernel.Arithmetic.Word; kind=definition; axioms=[]
AXIOM AUDIT declaration: DefiKernel.Arithmetic.Failure.toCtorIdx; module=DefiKernel.Arithmetic.Word; kind=definition; axioms=[]
AXIOM AUDIT declaration: DefiKernel.Arithmetic.Fees.feeFromGross; module=DefiKernel.Arithmetic.Fees; kind=definition; axioms=[]
AXIOM AUDIT declaration: DefiKernel.Arithmetic.Fees.feeOnTop; module=DefiKernel.Arithmetic.Fees; kind=definition; axioms=[]
AXIOM AUDIT declaration: DefiKernel.Arithmetic.Fees.instDecidableEqFeeQuote; module=DefiKernel.Arithmetic.Fees; kind=definition; axioms=[]
AXIOM AUDIT declaration: DefiKernel.Arithmetic.Fees.instReprFeeQuote; module=DefiKernel.Arithmetic.Fees; kind=definition; axioms=[]
AXIOM AUDIT declaration: DefiKernel.Arithmetic.Fees.validatedRate; module=DefiKernel.Arithmetic.Fees; kind=definition; axioms=[]
AXIOM AUDIT declaration: DefiKernel.Arithmetic.Operations.add; module=DefiKernel.Arithmetic.Operations; kind=definition; axioms=[]
AXIOM AUDIT declaration: DefiKernel.Arithmetic.Operations.mul; module=DefiKernel.Arithmetic.Operations; kind=definition; axioms=[]
AXIOM AUDIT declaration: DefiKernel.Arithmetic.Operations.sub; module=DefiKernel.Arithmetic.Operations; kind=definition; axioms=[]
AXIOM AUDIT declaration: DefiKernel.Arithmetic.Quantity.fromRat; module=DefiKernel.Arithmetic.Quantity; kind=definition; axioms=[propext,
 Classical.choice,
 Quot.sound]
AXIOM AUDIT declaration: DefiKernel.Arithmetic.Quantity.toQuantity; module=DefiKernel.Arithmetic.Quantity; kind=definition; axioms=[propext,
 Classical.choice,
 Quot.sound]
AXIOM AUDIT declaration: DefiKernel.Arithmetic.Reference.collectorDelta; module=DefiKernel.Arithmetic.Reference; kind=definition; axioms=[propext,
 Classical.choice,
 Quot.sound]
AXIOM AUDIT declaration: DefiKernel.Arithmetic.Reference.evaluated; module=DefiKernel.Arithmetic.Reference; kind=definition; axioms=[propext,
 Classical.choice,
 Quot.sound]
AXIOM AUDIT declaration: DefiKernel.Arithmetic.Reference.netEffect; module=DefiKernel.Arithmetic.Reference; kind=definition; axioms=[propext,
 Classical.choice,
 Quot.sound]
AXIOM AUDIT declaration: DefiKernel.Arithmetic.Reference.observeExecution; module=DefiKernel.Arithmetic.Reference; kind=definition; axioms=[propext,
 Classical.choice,
 Quot.sound]
AXIOM AUDIT declaration: DefiKernel.Arithmetic.Reference.payerDelta; module=DefiKernel.Arithmetic.Reference; kind=definition; axioms=[propext,
 Classical.choice,
 Quot.sound]
AXIOM AUDIT declaration: DefiKernel.Arithmetic.Reference.recipientDelta; module=DefiKernel.Arithmetic.Reference; kind=definition; axioms=[propext,
 Classical.choice,
 Quot.sound]
AXIOM AUDIT declaration: DefiKernel.Arithmetic.Reference.registry; module=DefiKernel.Arithmetic.Reference; kind=definition; axioms=[propext,
 Classical.choice,
 Quot.sound]
AXIOM AUDIT declaration: DefiKernel.Arithmetic.Reference.request; module=DefiKernel.Arithmetic.Reference; kind=definition; axioms=[]
AXIOM AUDIT declaration: DefiKernel.Arithmetic.Reference.template; module=DefiKernel.Arithmetic.Reference; kind=definition; axioms=[propext,
 Classical.choice,
 Quot.sound]
AXIOM AUDIT declaration: DefiKernel.Arithmetic.Rounding._sizeOf_1; module=DefiKernel.Arithmetic.Word; kind=definition; axioms=[]
AXIOM AUDIT declaration: DefiKernel.Arithmetic.Rounding._sizeOf_inst; module=DefiKernel.Arithmetic.Word; kind=definition; axioms=[]
AXIOM AUDIT declaration: DefiKernel.Arithmetic.Rounding.casesOn; module=DefiKernel.Arithmetic.Word; kind=definition; axioms=[]
AXIOM AUDIT declaration: DefiKernel.Arithmetic.Rounding.ctorElim; module=DefiKernel.Arithmetic.Word; kind=definition; axioms=[]
AXIOM AUDIT declaration: DefiKernel.Arithmetic.Rounding.ctorElimType; module=DefiKernel.Arithmetic.Word; kind=definition; axioms=[]
AXIOM AUDIT declaration: DefiKernel.Arithmetic.Rounding.ctorIdx; module=DefiKernel.Arithmetic.Word; kind=definition; axioms=[]
AXIOM AUDIT declaration: DefiKernel.Arithmetic.Rounding.divideNat; module=DefiKernel.Arithmetic.Rounding; kind=definition; axioms=[]
AXIOM AUDIT declaration: DefiKernel.Arithmetic.Rounding.mulDiv; module=DefiKernel.Arithmetic.Rounding; kind=definition; axioms=[]
AXIOM AUDIT declaration: DefiKernel.Arithmetic.Rounding.noConfusion; module=DefiKernel.Arithmetic.Word; kind=definition; axioms=[]
AXIOM AUDIT declaration: DefiKernel.Arithmetic.Rounding.noConfusionType; module=DefiKernel.Arithmetic.Word; kind=definition; axioms=[]
AXIOM AUDIT declaration: DefiKernel.Arithmetic.Rounding.ofNat; module=DefiKernel.Arithmetic.Word; kind=definition; axioms=[]
AXIOM AUDIT declaration: DefiKernel.Arithmetic.Rounding.recOn; module=DefiKernel.Arithmetic.Word; kind=definition; axioms=[]
AXIOM AUDIT declaration: DefiKernel.Arithmetic.Rounding.toCtorIdx; module=DefiKernel.Arithmetic.Word; kind=definition; axioms=[]
AXIOM AUDIT declaration: DefiKernel.Arithmetic.RuntimeAudit.main; module=DefiKernel.Arithmetic.RuntimeAudit; kind=definition; axioms=[propext,
 Classical.choice,
 Quot.sound]
AXIOM AUDIT declaration: DefiKernel.Arithmetic.Tests.executionResultEq; module=DefiKernel.Arithmetic.Tests; kind=definition; axioms=[propext,
 Quot.sound]
AXIOM AUDIT declaration: DefiKernel.Arithmetic.Tests.pureObservationEq; module=DefiKernel.Arithmetic.Tests; kind=definition; axioms=[propext]
AXIOM AUDIT declaration: DefiKernel.Arithmetic.Tests.quantityEq; module=DefiKernel.Arithmetic.Tests; kind=definition; axioms=[]
AXIOM AUDIT declaration: DefiKernel.Arithmetic.Tests.quoteResultEq; module=DefiKernel.Arithmetic.Tests; kind=definition; axioms=[]
AXIOM AUDIT declaration: DefiKernel.Arithmetic.Tests.referenceObservationEq; module=DefiKernel.Arithmetic.Tests; kind=definition; axioms=[propext,
 Quot.sound]
AXIOM AUDIT declaration: DefiKernel.Arithmetic.Tests.runtimeChecks; module=DefiKernel.Arithmetic.Tests; kind=definition; axioms=[propext,
 Classical.choice,
 Quot.sound]
AXIOM AUDIT declaration: DefiKernel.Arithmetic.Tests.stateEq; module=DefiKernel.Arithmetic.Tests; kind=definition; axioms=[propext,
 Quot.sound]
AXIOM AUDIT declaration: DefiKernel.Arithmetic.Tests.wordResultEq; module=DefiKernel.Arithmetic.Tests; kind=definition; axioms=[]
AXIOM AUDIT declaration: DefiKernel.Arithmetic.Word._sizeOf_1; module=DefiKernel.Arithmetic.Word; kind=definition; axioms=[]
AXIOM AUDIT declaration: DefiKernel.Arithmetic.Word._sizeOf_inst; module=DefiKernel.Arithmetic.Word; kind=definition; axioms=[]
AXIOM AUDIT declaration: DefiKernel.Arithmetic.Word.casesOn; module=DefiKernel.Arithmetic.Word; kind=definition; axioms=[]
AXIOM AUDIT declaration: DefiKernel.Arithmetic.Word.checked; module=DefiKernel.Arithmetic.Word; kind=definition; axioms=[]
AXIOM AUDIT declaration: DefiKernel.Arithmetic.Word.ctorIdx; module=DefiKernel.Arithmetic.Word; kind=definition; axioms=[]
AXIOM AUDIT declaration: DefiKernel.Arithmetic.Word.noConfusion; module=DefiKernel.Arithmetic.Word; kind=definition; axioms=[]
AXIOM AUDIT declaration: DefiKernel.Arithmetic.Word.noConfusionType; module=DefiKernel.Arithmetic.Word; kind=definition; axioms=[]
AXIOM AUDIT declaration: DefiKernel.Arithmetic.Word.recOn; module=DefiKernel.Arithmetic.Word; kind=definition; axioms=[]
AXIOM AUDIT declaration: DefiKernel.Arithmetic.Word.value; module=DefiKernel.Arithmetic.Word; kind=definition; axioms=[]
AXIOM AUDIT declaration: DefiKernel.Arithmetic.instDecidableEqWord.decEq; module=DefiKernel.Arithmetic.Word; kind=definition; axioms=[]
AXIOM AUDIT declaration: DefiKernel.Arithmetic.instReprFailure.repr; module=DefiKernel.Arithmetic.Word; kind=definition; axioms=[]
AXIOM AUDIT declaration: DefiKernel.Arithmetic.instReprRounding.repr; module=DefiKernel.Arithmetic.Word; kind=definition; axioms=[]
AXIOM AUDIT declaration: DefiKernel.Arithmetic.instReprWord.repr; module=DefiKernel.Arithmetic.Word; kind=definition; axioms=[]
AXIOM AUDIT declaration: DefiKernel.Arithmetic.Examples.Asset._sizeOf_1; module=DefiKernel.Arithmetic.Examples; kind=definition; axioms=[]
AXIOM AUDIT declaration: DefiKernel.Arithmetic.Examples.Asset._sizeOf_inst; module=DefiKernel.Arithmetic.Examples; kind=definition; axioms=[]
AXIOM AUDIT declaration: DefiKernel.Arithmetic.Examples.Asset.casesOn; module=DefiKernel.Arithmetic.Examples; kind=definition; axioms=[]
AXIOM AUDIT declaration: DefiKernel.Arithmetic.Examples.Asset.ctorElim; module=DefiKernel.Arithmetic.Examples; kind=definition; axioms=[]
AXIOM AUDIT declaration: DefiKernel.Arithmetic.Examples.Asset.ctorElimType; module=DefiKernel.Arithmetic.Examples; kind=definition; axioms=[]
AXIOM AUDIT declaration: DefiKernel.Arithmetic.Examples.Asset.ctorIdx; module=DefiKernel.Arithmetic.Examples; kind=definition; axioms=[]
AXIOM AUDIT declaration: DefiKernel.Arithmetic.Examples.Asset.noConfusion; module=DefiKernel.Arithmetic.Examples; kind=definition; axioms=[]
AXIOM AUDIT declaration: DefiKernel.Arithmetic.Examples.Asset.noConfusionType; module=DefiKernel.Arithmetic.Examples; kind=definition; axioms=[]
AXIOM AUDIT declaration: DefiKernel.Arithmetic.Examples.Asset.ofNat; module=DefiKernel.Arithmetic.Examples; kind=definition; axioms=[]
AXIOM AUDIT declaration: DefiKernel.Arithmetic.Examples.Asset.recOn; module=DefiKernel.Arithmetic.Examples; kind=definition; axioms=[]
AXIOM AUDIT declaration: DefiKernel.Arithmetic.Examples.Asset.toCtorIdx; module=DefiKernel.Arithmetic.Examples; kind=definition; axioms=[]
AXIOM AUDIT declaration: DefiKernel.Arithmetic.Examples.Domain._sizeOf_1; module=DefiKernel.Arithmetic.Examples; kind=definition; axioms=[]
AXIOM AUDIT declaration: DefiKernel.Arithmetic.Examples.Domain._sizeOf_inst; module=DefiKernel.Arithmetic.Examples; kind=definition; axioms=[]
AXIOM AUDIT declaration: DefiKernel.Arithmetic.Examples.Domain.casesOn; module=DefiKernel.Arithmetic.Examples; kind=definition; axioms=[]
AXIOM AUDIT declaration: DefiKernel.Arithmetic.Examples.Domain.ctorElim; module=DefiKernel.Arithmetic.Examples; kind=definition; axioms=[]
AXIOM AUDIT declaration: DefiKernel.Arithmetic.Examples.Domain.ctorElimType; module=DefiKernel.Arithmetic.Examples; kind=definition; axioms=[]
AXIOM AUDIT declaration: DefiKernel.Arithmetic.Examples.Domain.ctorIdx; module=DefiKernel.Arithmetic.Examples; kind=definition; axioms=[]
AXIOM AUDIT declaration: DefiKernel.Arithmetic.Examples.Domain.noConfusion; module=DefiKernel.Arithmetic.Examples; kind=definition; axioms=[]
AXIOM AUDIT declaration: DefiKernel.Arithmetic.Examples.Domain.noConfusionType; module=DefiKernel.Arithmetic.Examples; kind=definition; axioms=[]
AXIOM AUDIT declaration: DefiKernel.Arithmetic.Examples.Domain.ofNat; module=DefiKernel.Arithmetic.Examples; kind=definition; axioms=[]
AXIOM AUDIT declaration: DefiKernel.Arithmetic.Examples.Domain.recOn; module=DefiKernel.Arithmetic.Examples; kind=definition; axioms=[]
AXIOM AUDIT declaration: DefiKernel.Arithmetic.Examples.Domain.toCtorIdx; module=DefiKernel.Arithmetic.Examples; kind=definition; axioms=[]
AXIOM AUDIT declaration: DefiKernel.Arithmetic.Examples.Party._sizeOf_1; module=DefiKernel.Arithmetic.Examples; kind=definition; axioms=[]
AXIOM AUDIT declaration: DefiKernel.Arithmetic.Examples.Party._sizeOf_inst; module=DefiKernel.Arithmetic.Examples; kind=definition; axioms=[]
AXIOM AUDIT declaration: DefiKernel.Arithmetic.Examples.Party.casesOn; module=DefiKernel.Arithmetic.Examples; kind=definition; axioms=[]
AXIOM AUDIT declaration: DefiKernel.Arithmetic.Examples.Party.ctorElim; module=DefiKernel.Arithmetic.Examples; kind=definition; axioms=[]
AXIOM AUDIT declaration: DefiKernel.Arithmetic.Examples.Party.ctorElimType; module=DefiKernel.Arithmetic.Examples; kind=definition; axioms=[]
AXIOM AUDIT declaration: DefiKernel.Arithmetic.Examples.Party.ctorIdx; module=DefiKernel.Arithmetic.Examples; kind=definition; axioms=[]
AXIOM AUDIT declaration: DefiKernel.Arithmetic.Examples.Party.noConfusion; module=DefiKernel.Arithmetic.Examples; kind=definition; axioms=[]
AXIOM AUDIT declaration: DefiKernel.Arithmetic.Examples.Party.noConfusionType; module=DefiKernel.Arithmetic.Examples; kind=definition; axioms=[]
AXIOM AUDIT declaration: DefiKernel.Arithmetic.Examples.Party.ofNat; module=DefiKernel.Arithmetic.Examples; kind=definition; axioms=[]
AXIOM AUDIT declaration: DefiKernel.Arithmetic.Examples.Party.recOn; module=DefiKernel.Arithmetic.Examples; kind=definition; axioms=[]
AXIOM AUDIT declaration: DefiKernel.Arithmetic.Examples.Party.toCtorIdx; module=DefiKernel.Arithmetic.Examples; kind=definition; axioms=[]
AXIOM AUDIT declaration: DefiKernel.Arithmetic.Examples.PureObservation._sizeOf_1; module=DefiKernel.Arithmetic.Examples; kind=definition; axioms=[]
AXIOM AUDIT declaration: DefiKernel.Arithmetic.Examples.PureObservation._sizeOf_inst; module=DefiKernel.Arithmetic.Examples; kind=definition; axioms=[]
AXIOM AUDIT declaration: DefiKernel.Arithmetic.Examples.PureObservation.casesOn; module=DefiKernel.Arithmetic.Examples; kind=definition; axioms=[]
AXIOM AUDIT declaration: DefiKernel.Arithmetic.Examples.PureObservation.ctorElim; module=DefiKernel.Arithmetic.Examples; kind=definition; axioms=[]
AXIOM AUDIT declaration: DefiKernel.Arithmetic.Examples.PureObservation.ctorElimType; module=DefiKernel.Arithmetic.Examples; kind=definition; axioms=[]
AXIOM AUDIT declaration: DefiKernel.Arithmetic.Examples.PureObservation.ctorIdx; module=DefiKernel.Arithmetic.Examples; kind=definition; axioms=[]
AXIOM AUDIT declaration: DefiKernel.Arithmetic.Examples.PureObservation.noConfusion; module=DefiKernel.Arithmetic.Examples; kind=definition; axioms=[]
AXIOM AUDIT declaration: DefiKernel.Arithmetic.Examples.PureObservation.noConfusionType; module=DefiKernel.Arithmetic.Examples; kind=definition; axioms=[]
AXIOM AUDIT declaration: DefiKernel.Arithmetic.Examples.PureObservation.recOn; module=DefiKernel.Arithmetic.Examples; kind=definition; axioms=[]
AXIOM AUDIT declaration: DefiKernel.Arithmetic.Examples.inputF25.match_1; module=DefiKernel.Arithmetic.Examples; kind=definition; axioms=[]
AXIOM AUDIT declaration: DefiKernel.Arithmetic.Examples.inputF25.match_3; module=DefiKernel.Arithmetic.Examples; kind=definition; axioms=[]
AXIOM AUDIT declaration: DefiKernel.Arithmetic.Examples.instReprAsset.repr; module=DefiKernel.Arithmetic.Examples; kind=definition; axioms=[]
AXIOM AUDIT declaration: DefiKernel.Arithmetic.Examples.instReprDomain.repr; module=DefiKernel.Arithmetic.Examples; kind=definition; axioms=[]
AXIOM AUDIT declaration: DefiKernel.Arithmetic.Examples.instReprParty.repr; module=DefiKernel.Arithmetic.Examples; kind=definition; axioms=[]
AXIOM AUDIT declaration: DefiKernel.Arithmetic.Failure.addOverflow.elim; module=DefiKernel.Arithmetic.Word; kind=definition; axioms=[]
AXIOM AUDIT declaration: DefiKernel.Arithmetic.Failure.divisionByZero.elim; module=DefiKernel.Arithmetic.Word; kind=definition; axioms=[]
AXIOM AUDIT declaration: DefiKernel.Arithmetic.Failure.inputOverflow.elim; module=DefiKernel.Arithmetic.Word; kind=definition; axioms=[]
AXIOM AUDIT declaration: DefiKernel.Arithmetic.Failure.invalidRate.elim; module=DefiKernel.Arithmetic.Word; kind=definition; axioms=[]
AXIOM AUDIT declaration: DefiKernel.Arithmetic.Failure.mulOverflow.elim; module=DefiKernel.Arithmetic.Word; kind=definition; axioms=[]
AXIOM AUDIT declaration: DefiKernel.Arithmetic.Failure.negativeQuantity.elim; module=DefiKernel.Arithmetic.Word; kind=definition; axioms=[]
AXIOM AUDIT declaration: DefiKernel.Arithmetic.Failure.nonIntegralQuantity.elim; module=DefiKernel.Arithmetic.Word; kind=definition; axioms=[]
AXIOM AUDIT declaration: DefiKernel.Arithmetic.Failure.nonPositiveScale.elim; module=DefiKernel.Arithmetic.Word; kind=definition; axioms=[]
AXIOM AUDIT declaration: DefiKernel.Arithmetic.Failure.quotientOverflow.elim; module=DefiKernel.Arithmetic.Word; kind=definition; axioms=[]
AXIOM AUDIT declaration: DefiKernel.Arithmetic.Failure.subUnderflow.elim; module=DefiKernel.Arithmetic.Word; kind=definition; axioms=[]
AXIOM AUDIT declaration: DefiKernel.Arithmetic.Fees.FeeQuote._sizeOf_1; module=DefiKernel.Arithmetic.Fees; kind=definition; axioms=[]
AXIOM AUDIT declaration: DefiKernel.Arithmetic.Fees.FeeQuote._sizeOf_inst; module=DefiKernel.Arithmetic.Fees; kind=definition; axioms=[]
AXIOM AUDIT declaration: DefiKernel.Arithmetic.Fees.FeeQuote.casesOn; module=DefiKernel.Arithmetic.Fees; kind=definition; axioms=[]
AXIOM AUDIT declaration: DefiKernel.Arithmetic.Fees.FeeQuote.charged; module=DefiKernel.Arithmetic.Fees; kind=definition; axioms=[]
AXIOM AUDIT declaration: DefiKernel.Arithmetic.Fees.FeeQuote.ctorIdx; module=DefiKernel.Arithmetic.Fees; kind=definition; axioms=[]
AXIOM AUDIT declaration: DefiKernel.Arithmetic.Fees.FeeQuote.fee; module=DefiKernel.Arithmetic.Fees; kind=definition; axioms=[]
AXIOM AUDIT declaration: DefiKernel.Arithmetic.Fees.FeeQuote.noConfusion; module=DefiKernel.Arithmetic.Fees; kind=definition; axioms=[]
AXIOM AUDIT declaration: DefiKernel.Arithmetic.Fees.FeeQuote.noConfusionType; module=DefiKernel.Arithmetic.Fees; kind=definition; axioms=[]
AXIOM AUDIT declaration: DefiKernel.Arithmetic.Fees.FeeQuote.principal; module=DefiKernel.Arithmetic.Fees; kind=definition; axioms=[]
AXIOM AUDIT declaration: DefiKernel.Arithmetic.Fees.FeeQuote.recOn; module=DefiKernel.Arithmetic.Fees; kind=definition; axioms=[]
AXIOM AUDIT declaration: DefiKernel.Arithmetic.Fees.FeeQuote.received; module=DefiKernel.Arithmetic.Fees; kind=definition; axioms=[]
AXIOM AUDIT declaration: DefiKernel.Arithmetic.Fees.instDecidableEqFeeQuote.decEq; module=DefiKernel.Arithmetic.Fees; kind=definition; axioms=[]
AXIOM AUDIT declaration: DefiKernel.Arithmetic.Fees.instReprFeeQuote.repr; module=DefiKernel.Arithmetic.Fees; kind=definition; axioms=[]
AXIOM AUDIT declaration: DefiKernel.Arithmetic.Rounding.divideNat.match_1; module=DefiKernel.Arithmetic.Rounding; kind=definition; axioms=[]
AXIOM AUDIT declaration: DefiKernel.Arithmetic.Rounding.down.elim; module=DefiKernel.Arithmetic.Word; kind=definition; axioms=[]
AXIOM AUDIT declaration: DefiKernel.Arithmetic.Rounding.up.elim; module=DefiKernel.Arithmetic.Word; kind=definition; axioms=[]
AXIOM AUDIT declaration: DefiKernel.Arithmetic.RuntimeAudit.main.match_1; module=DefiKernel.Arithmetic.RuntimeAudit; kind=definition; axioms=[]
AXIOM AUDIT declaration: DefiKernel.Arithmetic.Tests.executionResultEq._sparseCasesOn_1; module=DefiKernel.Arithmetic.Tests; kind=definition; axioms=[propext]
AXIOM AUDIT declaration: DefiKernel.Arithmetic.Tests.executionResultEq._sparseCasesOn_2; module=DefiKernel.Arithmetic.Tests; kind=definition; axioms=[propext]
AXIOM AUDIT declaration: DefiKernel.Arithmetic.Tests.executionResultEq.match_1; module=DefiKernel.Arithmetic.Tests; kind=definition; axioms=[propext,
 Quot.sound]
AXIOM AUDIT declaration: DefiKernel.Arithmetic.Tests.pureObservationEq._sparseCasesOn_1; module=DefiKernel.Arithmetic.Tests; kind=definition; axioms=[propext]
AXIOM AUDIT declaration: DefiKernel.Arithmetic.Tests.pureObservationEq._sparseCasesOn_2; module=DefiKernel.Arithmetic.Tests; kind=definition; axioms=[propext]
AXIOM AUDIT declaration: DefiKernel.Arithmetic.Tests.pureObservationEq._sparseCasesOn_3; module=DefiKernel.Arithmetic.Tests; kind=definition; axioms=[propext]
AXIOM AUDIT declaration: DefiKernel.Arithmetic.Tests.pureObservationEq.match_1; module=DefiKernel.Arithmetic.Tests; kind=definition; axioms=[propext]
AXIOM AUDIT declaration: DefiKernel.Arithmetic.Tests.referenceObservationEq.match_1; module=DefiKernel.Arithmetic.Tests; kind=definition; axioms=[propext,
 Quot.sound]
AXIOM AUDIT declaration: DefiKernel.Arithmetic.Tests.runtimeChecks._sparseCasesOn_1; module=DefiKernel.Arithmetic.Tests; kind=definition; axioms=[propext]
AXIOM AUDIT declaration: DefiKernel.Arithmetic.Tests.runtimeChecks._sparseCasesOn_4; module=DefiKernel.Arithmetic.Tests; kind=definition; axioms=[propext]
AXIOM AUDIT declaration: DefiKernel.Arithmetic.Tests.runtimeChecks.match_1; module=DefiKernel.Arithmetic.Tests; kind=definition; axioms=[propext,
 Quot.sound]
AXIOM AUDIT declaration: DefiKernel.Arithmetic.Tests.runtimeChecks.match_4; module=DefiKernel.Arithmetic.Tests; kind=definition; axioms=[propext]
AXIOM AUDIT declaration: DefiKernel.Arithmetic.Word.checked_exists_iff.match_1_1; module=DefiKernel.Arithmetic.Word; kind=definition; axioms=[]
AXIOM AUDIT declaration: DefiKernel.Arithmetic.Word.mk._flat_ctor; module=DefiKernel.Arithmetic.Word; kind=definition; axioms=[]
AXIOM AUDIT declaration: DefiKernel.Arithmetic.Word.mk.noConfusion; module=DefiKernel.Arithmetic.Word; kind=definition; axioms=[]
AXIOM AUDIT declaration: DefiKernel.Arithmetic.instDecidableEqWord.decEq.match_1; module=DefiKernel.Arithmetic.Word; kind=definition; axioms=[]
AXIOM AUDIT declaration: DefiKernel.Arithmetic.instReprFailure.repr.match_1; module=DefiKernel.Arithmetic.Word; kind=definition; axioms=[]
AXIOM AUDIT declaration: DefiKernel.Arithmetic.instReprRounding.repr.match_1; module=DefiKernel.Arithmetic.Word; kind=definition; axioms=[]
AXIOM AUDIT declaration: DefiKernel.Arithmetic.Examples.Asset.alt.elim; module=DefiKernel.Arithmetic.Examples; kind=definition; axioms=[]
AXIOM AUDIT declaration: DefiKernel.Arithmetic.Examples.Asset.usd.elim; module=DefiKernel.Arithmetic.Examples; kind=definition; axioms=[]
AXIOM AUDIT declaration: DefiKernel.Arithmetic.Examples.Domain.local.elim; module=DefiKernel.Arithmetic.Examples; kind=definition; axioms=[]
AXIOM AUDIT declaration: DefiKernel.Arithmetic.Examples.Domain.remote.elim; module=DefiKernel.Arithmetic.Examples; kind=definition; axioms=[]
AXIOM AUDIT declaration: DefiKernel.Arithmetic.Examples.Party.alice.elim; module=DefiKernel.Arithmetic.Examples; kind=definition; axioms=[]
AXIOM AUDIT declaration: DefiKernel.Arithmetic.Examples.Party.bob.elim; module=DefiKernel.Arithmetic.Examples; kind=definition; axioms=[]
AXIOM AUDIT declaration: DefiKernel.Arithmetic.Examples.Party.observer.elim; module=DefiKernel.Arithmetic.Examples; kind=definition; axioms=[]
AXIOM AUDIT declaration: DefiKernel.Arithmetic.Examples.Party.treasury.elim; module=DefiKernel.Arithmetic.Examples; kind=definition; axioms=[]
AXIOM AUDIT declaration: DefiKernel.Arithmetic.Examples.PureObservation.quantity.elim; module=DefiKernel.Arithmetic.Examples; kind=definition; axioms=[]
AXIOM AUDIT declaration: DefiKernel.Arithmetic.Examples.PureObservation.quantity.noConfusion; module=DefiKernel.Arithmetic.Examples; kind=definition; axioms=[]
AXIOM AUDIT declaration: DefiKernel.Arithmetic.Examples.PureObservation.quote.elim; module=DefiKernel.Arithmetic.Examples; kind=definition; axioms=[]
AXIOM AUDIT declaration: DefiKernel.Arithmetic.Examples.PureObservation.quote.noConfusion; module=DefiKernel.Arithmetic.Examples; kind=definition; axioms=[]
AXIOM AUDIT declaration: DefiKernel.Arithmetic.Examples.PureObservation.word.elim; module=DefiKernel.Arithmetic.Examples; kind=definition; axioms=[]
AXIOM AUDIT declaration: DefiKernel.Arithmetic.Examples.PureObservation.word.noConfusion; module=DefiKernel.Arithmetic.Examples; kind=definition; axioms=[]
AXIOM AUDIT declaration: DefiKernel.Arithmetic.Examples.instReprAsset.repr.match_1; module=DefiKernel.Arithmetic.Examples; kind=definition; axioms=[]
AXIOM AUDIT declaration: DefiKernel.Arithmetic.Examples.instReprDomain.repr.match_1; module=DefiKernel.Arithmetic.Examples; kind=definition; axioms=[]
AXIOM AUDIT declaration: DefiKernel.Arithmetic.Examples.instReprParty.repr.match_1; module=DefiKernel.Arithmetic.Examples; kind=definition; axioms=[]
AXIOM AUDIT declaration: DefiKernel.Arithmetic.Fees.FeeQuote.mk._flat_ctor; module=DefiKernel.Arithmetic.Fees; kind=definition; axioms=[]
AXIOM AUDIT declaration: DefiKernel.Arithmetic.Fees.FeeQuote.mk.noConfusion; module=DefiKernel.Arithmetic.Fees; kind=definition; axioms=[]
AXIOM AUDIT declaration: DefiKernel.Arithmetic.Fees.instDecidableEqFeeQuote.decEq.match_1; module=DefiKernel.Arithmetic.Fees; kind=definition; axioms=[]
AXIOM AUDIT declaration: _private.DefiKernel.Arithmetic.Reference.0.DefiKernel.Typed.Args.check.match_1.splitter; module=DefiKernel.Arithmetic.Reference; kind=definition; axioms=[propext]
AXIOM AUDIT declaration: _private.DefiKernel.Arithmetic.Rounding.0.DefiKernel.Arithmetic.Rounding.divideNat.match_1.splitter; module=DefiKernel.Arithmetic.Rounding; kind=definition; axioms=[]
AXIOM AUDIT declaration: _private.DefiKernel.Arithmetic.Reference.0.DefiKernel.Typed.Args.check.match_1.splitter._sparseCasesOn_3; module=DefiKernel.Arithmetic.Reference; kind=definition; axioms=[propext]
AXIOM AUDIT declaration: _private.DefiKernel.Arithmetic.Reference.0.DefiKernel.Typed.Args.check.match_1.splitter._sparseCasesOn_5; module=DefiKernel.Arithmetic.Reference; kind=definition; axioms=[propext]
AXIOM AUDIT DECLARATIONS PASSED: 233/233 supplemental declarations; forbidden=0
AXIOM AUDIT PASSED: 305/305 theorems; forbidden=0
