UTC=2026-09-08T17:20:39Z
CWD=/home/charl/defiformal-wt-program-repair-grok-gpt6-20260908
ARGV=git rev-parse HEAD && git status --porcelain -uall
a12b7cac05a818cc8d35c2ca440b7170a2807e92
EXIT_REV=0
 M AGENTS.md
?? openspec/changes/reusable-verification-platform-program/.openspec.yaml
?? openspec/changes/reusable-verification-platform-program/coverage.md
?? openspec/changes/reusable-verification-platform-program/design.md
?? openspec/changes/reusable-verification-platform-program/legacy-task-disposition.json
?? openspec/changes/reusable-verification-platform-program/proof-obligation-dependency-matrix.json
?? openspec/changes/reusable-verification-platform-program/proposal.md
?? openspec/changes/reusable-verification-platform-program/specs/certificates-adapters-evaluation-publication/spec.md
?? openspec/changes/reusable-verification-platform-program/specs/corpus-historical-honest-reporting/spec.md
?? openspec/changes/reusable-verification-platform-program/specs/minimum-reusable-contracts/spec.md
?? openspec/changes/reusable-verification-platform-program/specs/remaining-metatheory-lifecycle/spec.md
?? openspec/changes/reusable-verification-platform-program/specs/reusable-platform-program/spec.md
?? openspec/changes/reusable-verification-platform-program/specs/source-bound-library-families/spec.md
?? openspec/changes/reusable-verification-platform-program/sprint-index.json
?? openspec/changes/reusable-verification-platform-program/sprint-plan.md
?? openspec/changes/reusable-verification-platform-program/tasks.md
?? review/semantic-kernel/program-plan-repair-r2-20260908/git-status.log
?? review/semantic-kernel/program-plan-repair-r2-20260908/openspec-strict.log
?? review/semantic-kernel/program-plan-repair-r2-20260908/openspec-version.log
?? review/semantic-kernel/program-plan-repair-r2-20260908/preflight-snapshot.json
?? review/semantic-kernel/program-plan-repair-r2-20260908/python-version.log
EXIT_STATUS=0
