UTC_NOTE=structural checks; not independent acceptance
PASS exactly_15_candidate_files ['.openspec.yaml', 'coverage.md', 'design.md', 'legacy-task-disposition.json', 'proof-obligation-dependency-matrix.json', 'proposal.md', 'specs/certificates-adapters-evaluation-publication/spec.md', 'specs/corpus-historical-honest-reporting/spec.md', 'specs/minimum-reusable-contracts/spec.md', 'specs/remaining-metatheory-lifecycle/spec.md', 'specs/reusable-platform-program/spec.md', 'specs/source-bound-library-families/spec.md', 'sprint-index.json', 'sprint-plan.md', 'tasks.md']
PASS unique_37_sprints 37
PASS dependency_ids_exist 
PASS dag_acyclic 
PASS no_P09_hard_edge_to_P10 {'P09': ['P08'], 'P10': ['P08']}
PASS P16_not_waiting_on_P21 
PASS P21_resource_gate_P17 
PASS revision_id_r2 planning-repair-r2-20260908
PASS status_pending_independent_gpt6_review pending_independent_gpt6_review
PASS sets_review_gate_accepted_false False
PASS prior_archive_sha_bound 
PASS r1_archive_preserved f4162b193aa0ad2b0884c93652cc6bb4507f443ee96318d96c687199f13f35a2
PASS r1_archive_has_15_members ['openspec/changes/reusable-verification-platform-program/.openspec.yaml', 'openspec/changes/reusable-verification-platform-program/coverage.md', 'openspec/changes/reusable-verification-platform-program/design.md', 'openspec/changes/reusable-verification-platform-program/legacy-task-disposition.json', 'openspec/changes/reusable-verification-platform-program/proof-obligation-dependency-matrix.json', 'openspec/changes/reusable-verification-platform-program/proposal.md', 'openspec/changes/reusable-verification-platform-program/specs/certificates-adapters-evaluation-publication/spec.md', 'openspec/changes/reusable-verification-platform-program/specs/corpus-historical-honest-reporting/spec.md', 'openspec/changes/reusable-verification-platform-program/specs/minimum-reusable-contracts/spec.md', 'openspec/changes/reusable-verification-platform-program/specs/remaining-metatheory-lifecycle/spec.md', 'openspec/changes/reusable-verification-platform-program/specs/reusable-platform-program/spec.md', 'openspec/changes/reusable-verification-platform-program/specs/source-bound-library-families/spec.md', 'openspec/changes/reusable-verification-platform-program/sprint-index.json', 'openspec/changes/reusable-verification-platform-program/sprint-plan.md', 'openspec/changes/reusable-verification-platform-program/tasks.md']
PASS 339_id_path_histcheck_tuples_match_r1 {'live': 339, 'frozen': 339}
PASS legacy_count_339 {'count': 339, 'rows': 339}
PASS split_rows_35 35
PASS all_splits_all_contributions 
PASS split_contribution_sprints_exist_in_owner []
PASS PR1_1.2_is_split_P16_P21 
PASS PR1_P16_scope_is_planning_review 
PASS PR1_P21_scope_is_planning_review 
PASS PR1_not_whole_library_acceptance 
PASS PR2_6.3_P16_plan_not_compiled_M09 
PASS PR2_6.3_P21_compiled_M09_repaired_controls 
PASS PR3_5.5_is_split_P09_P10 
PASS PR3_P09_29_facets 
PASS PR3_P10_challenge_record 
PASS PR3_P09_exit_not_169_work 
PASS PR3_P09_exit_names_29_facets 
PASS PR3_169_at_join 
PASS PR3_6.1_to_2.4_preserved 
PASS tasks_179_unique_unchecked {'n': 179, 'unique': 179, 'checked': 0}
PASS six_capability_specs 
Traceback (most recent call last):
  File "<stdin>", line 126, in <module>
ValueError: dictionary update sequence element #0 has length 3; 2 is required
