atomic.fixture.catalog: true
atomic.fixture.store: true
atomic.fixture.empty: true
atomic.fixture.empty.batch: true
atomic.fixture.settlement.draw.return: true
atomic.fixture.settlement.draw.prefix: true
atomic.fixture.settlement.initial.table: true
atomic.fixture.settlement.clear.table: true
atomic.fixture.settlement.under: true
atomic.fixture.settlement.under.diagnostic: true
atomic.fixture.settlement.over: true
atomic.fixture.settlement.credit.prefix: true
atomic.fixture.settlement.credit.commit: true
atomic.fixture.settlement.cross.principal: true
atomic.fixture.settlement.cross.principal.table: true
atomic.fixture.settlement.cross.asset: true
atomic.fixture.settlement.cross.domain: true
atomic.fixture.settlement.last.lane: true
atomic.fixture.settlement.last.participant: true
atomic.fixture.settlement.noop: true
atomic.fixture.settlement.noop.table: true
atomic.fixture.settlement.repeated.prefix: true
atomic.fixture.settlement.repeated.commit: true
atomic.fixture.supply.lane.nonvault: true
atomic.fixture.supply.lane.diagnostic: true
atomic.fixture.supply.nonlane: true
atomic.fixture.abort.first.public: true
atomic.fixture.abort.first.stopped: true
atomic.fixture.abort.middle.public: true
atomic.fixture.abort.middle.stopped: true
atomic.fixture.abort.outputs: true
atomic.fixture.abort.supply: true
atomic.fixture.abort.supply.diagnostic: true
atomic.fixture.collateral: true
atomic.fixture.capability.revoked: true
atomic.fixture.capability.live: true
atomic.fixture.live.complete: true
atomic.fixture.history.peer.only: false
atomic.fixture.history.own: true
atomic.fixture.boundary.local: true
atomic.fixture.batch.single: true
atomic.fixture.order.commit: true
atomic.fixture.order.abort: true
atomic.fixture.capability.missing: true
atomic.fixture.capability.debit: true
atomic.admission.configuration: true
atomic.admission.left: true
atomic.admission.right: true
atomic.admission.lane.alternate.vault: true
atomic.admission.lane.same.vault: true
atomic.admission.participant.duplicate: true
atomic.admission.participant.peer: true
atomic.admission.participant.suffix: true
atomic.admission.schedule.missing: true
atomic.admission.schedule.excess: true
atomic.admission.extra.participant: true
atomic.observe.equal: true
atomic.observe.kind: true
atomic.observe.label: true
atomic.observe.schedule: true
atomic.observe.world: true
atomic.observe.store: true
atomic.observe.supply: true
atomic.observe.events: true
atomic.observe.event.label: true
atomic.observe.event.schedule: true
atomic.observe.event.inner: true
atomic.observe.inner.branch: true
atomic.observe.inner.index: true
atomic.observe.inner.invocation: true
atomic.observe.inner.outputs: true
atomic.observe.output.index: true
atomic.observe.output.component: true
atomic.observe.output.port: true
atomic.observe.output.asset: true
atomic.observe.output.amount: true
atomic.observe.abort.equal: true
atomic.observe.abort.reason: true
atomic.observe.abort.branch: true
atomic.observe.abort.index: true
atomic.observe.abort.position: true
atomic.observe.abort.invocation: true
atomic.observe.abort.label: true
atomic.observe.abort.schedule: true
atomic.observe.residual.equal: true
atomic.observe.residual.amount: true
atomic.observe.residual.principal: true
atomic.observe.residual.asset: true
atomic.observe.residual.domain: true
atomic.observe.residual.vault: true
atomic.observe.residual.order: true
atomic.observe.residual.omitted: true
atomic.observe.supply.abort.amount: true
atomic.observe.supply.abort.lane: true
atomic.observe.supply.abort.branch: true
atomic.observe.supply.abort.index: true
atomic.observe.supply.abort.position: true
atomic.observe.supply.abort.invocation: true
atomic.observe.admission.reason: true
atomic.observe.admission.label: true
atomic.observe.admission.schedule: true
atomic.observe.diagnostic.erased: true
atomic.observe.request.operation: true
atomic.observe.request.parties: true
atomic.observe.request.arguments: true
atomic.observe.request.capabilities: true
atomic.observe.request.actor: true
atomic.observe.receipt.guard: true
atomic.observe.receipt.deltas: true
atomic.observe.receipt.supply: true
atomic.observe.receipt.required.state: true
atomic.observe.receipt.required.environment: true
atomic.observe.receipt.declared.state: true
atomic.observe.receipt.declared.environment: true
atomic.observe.receipt.writes: true
atomic.observe.receipt.constructor: true
atomic.fixture.settlement.over.diagnostic: true
atomic.fixture.settlement.cross.asset.table: true
atomic.fixture.settlement.cross.domain.table: true
atomic.fixture.settlement.last.lane.table: true
atomic.fixture.settlement.last.participant.table: true
atomic.fixture.supply.lane.after.draw: true
atomic.fixture.supply.lane.after.draw.table: true
atomic.fixture.history.funded.literal: true
atomic.fixture.history.both.own: false
atomic.fixture.followup.producer.aborted: true
atomic.fixture.followup.producer.diagnostic: true
atomic.fixture.followup.fresh.history: true
atomic.fixture.followup.funded.literal: true
atomic.admission.precedence.lane.participant.uncovered.count: true
atomic.admission.precedence.participant.uncovered.count: true
atomic.fixture.supply.first.lane.usd: true
atomic.fixture.supply.first.lane.share: true
atomic.fixture.supply.first.lane.diagnostic.usd: true
atomic.fixture.supply.first.lane.diagnostic.share: true
/tmp/sprint8-frozen-mutations-r2/peer-history-leakage.lean:5091:0: error: Atomic runtime comparisons failed: 2
