@!@!@STARTMSG 2262:0 @!@!@
Created by Apalache on Tue Aug 04 12:39:57 MDT 2026
@!@!@ENDMSG 2262 @!@!@
@!@!@STARTMSG 2110:1 @!@!@
Invariant is violated.
@!@!@ENDMSG 2110 @!@!@
@!@!@STARTMSG 2121:1 @!@!@
The behavior up to this point is:
@!@!@ENDMSG 2121 @!@!@
@!@!@STARTMSG 2217:4 @!@!@
1: <Initial predicate>
legalFull::legalAssembly::chosen = {}

@!@!@ENDMSG 2217 @!@!@
@!@!@STARTMSG 2217:4 @!@!@
2: <Next>
legalFull::legalAssembly::chosen = {Variant("Fl", [tag |-> "UNIT"])}

@!@!@ENDMSG 2217 @!@!@
@!@!@STARTMSG 2217:4 @!@!@
3: <Next>
legalFull::legalAssembly::chosen = { Variant("Fl", [tag |-> "UNIT"]), Variant("Xm", [tag |-> "UNIT"]) }

@!@!@ENDMSG 2217 @!@!@
