{
  "started_utc": "2026-09-10T19:23:00.770846+00:00",
  "finished_utc": "2026-09-10T19:23:01.039158+00:00",
  "cwd": "/home/charl/.cache/defiformal-program/program-execution-20260908/p31-zkir-dependencies-grok-r1-sandbox",
  "argv": [
    "/home/charl/defiformal/review/semantic-kernel/program-execution-20260908/p31-zkir-dependencies-grok-r1/root-verification/corrected-replay.py"
  ],
  "exit": 0,
  "identity_match": true,
  "declared": 749,
  "sha256_match": 749,
  "extra": [],
  "missing": [],
  "midnight_packets": 12,
  "midnight_members": 464,
  "midnight_members_match": true,
  "blst_members": 159,
  "blst_members_match": true,
  "anchors_match": true,
  "sources_match": true,
  "static_claims_all_byte_true": true,
  "failed_assertions": [],
  "attempt1_zero_credit": true,
  "output": "/home/charl/defiformal/review/semantic-kernel/program-execution-20260908/p31-zkir-dependencies-grok-r1/root-verification/corrected-result.json"
}
