{
  "started_utc": "2026-09-10T19:21:45.492552+00:00",
  "finished_utc": "2026-09-10T19:21:45.667415+00:00",
  "cwd": "/home/charl/.cache/defiformal-program/program-execution-20260908/p31-zkir-dependencies-grok-r1-sandbox",
  "argv": [
    "/home/charl/defiformal/review/semantic-kernel/program-execution-20260908/p31-zkir-dependencies-grok-r1/root-verification/original-replay.py"
  ],
  "exit": 0,
  "identity_match": true,
  "declared": 749,
  "sha256_match": 749,
  "extra": [],
  "missing": [],
  "midnight_packets": 12,
  "midnight_members": 464,
  "blst_members": 159,
  "anchors_match": true,
  "sources_match": true,
  "static_claims_all_byte_true": false,
  "attempt1_zero_credit": true,
  "output": "/home/charl/defiformal/review/semantic-kernel/program-execution-20260908/p31-zkir-dependencies-grok-r1/root-verification/original-result.json"
}
