interface.catalog.valid: true
interface.catalog.private-total: true
interface.catalog.exposed-total: true
interface.catalog.snapshot: true
interface.catalog.invalid: true
interface.fixture.twenty-cells: true
interface.fixture.seventeen-capabilities: true
interface.positive.transfer: true
interface.region.sum: true
interface.region.empty: true
interface.region.duplicate-insertion: true
interface.region.mixed-dimensions: true
interface.region.missing-initialization: true
interface.region.transfer-full: true
interface.region.transfer-total: true
interface.region.neutral-delta: true
interface.region.transfer-out: true
interface.region.single-target-delta: true
interface.region.transfer-effects: true
interface.region.singleton-total: true
interface.region.transfer-supply: true
interface.region.mint-full: true
interface.region.mint: true
interface.region.mint-total: true
interface.region.repeated-full: true
interface.region.repeated: true
interface.region.repeated-total: true
interface.region.private-total-full: true
interface.region.private-total: true
interface.region.exposed-total-full: true
interface.region.exposed-total-counterexample: true
interface.binding.paired-full: true
interface.binding.equal: true
interface.binding.paired-effects: true
interface.binding.one-sided-full: true
interface.binding.unequal: false
interface.binding.global-edge: false
interface.binding.cut-extraction: true
interface.binding.cut-omission-counterexample: false
interface.binding.existing-port: true
interface.binding.transitive-redundant: true
interface.binding.distinct-closures: true
interface.binding.transitive-negative: false
interface.binding.asset: false
interface.binding.domain: false
interface.binding.domain-before-asset: false
interface.binding.dimension-amounts: true
interface.binding.missing-port: false
interface.binding.missing-component-left: false
interface.binding.missing-component-right: false
interface.binding.left-before-right: false
interface.binding.first-failure: false
interface.binding.later-index: false
interface.binding.input-not-resource: false
interface.binding.output-not-resource: false
interface.binding.invalid-empty: true
interface.binding.invalid-nonempty: true
interface.positive.empty-query: true
interface.binding.valid-empty: true
interface.binding.self-edge: true
interface.binding.unresolved-self-edge: false
interface.binding.duplicate: true
interface.binding.reverse: false
interface.binding.import-source: true
interface.binding.import-after-write: true
interface.binding.hold-success: true
interface.binding.hold-failure: false
interface.group.paired-entry: true
interface.group.paired-first: true
interface.group.paired-complete: true
interface.group.paired-first-binding: true
interface.group.paired-complete-binding: true
interface.group.refusal-suffix: true
interface.group.refusal-total: true
interface.group.snapshot-first: true
interface.group.snapshot-complete: true
interface.group.snapshot-total: true
interface.group.snapshot-new-receipts: true
interface.group.snapshot-flow: true
interface.group.snapshot-not-binding: false
interface.shared.refusal-last: true
interface.shared.peer-after-refusal: true
interface.shared.failed-suffix-skipped: true
interface.shared.first-prefix: true
interface.shared.refused-prefix: true
interface.shared.skipped-prefix: true
interface.shared.receipts: true
interface.shared.receipt-flow: true
interface.shared.no-mint-supply: true
interface.shared.all-prefix-totals: true
interface.shared.all-prefix-bindings: true
interface.admin.issue-full: true
interface.admin.revoke-full: true
interface.admin.issued-delta: true
interface.admin.revoked-delta: true
interface.admin.complete-cursor: true
interface.admin.unauthorized: true
interface.admin.unauthorized-cursor: true
interface.admin.balance: true
/tmp/sprint10-official-production-r1/run/global-port-lookup.lean:3779:0: error: Interface runtime comparisons failed: 19
