⚠ [820/822] Replayed DefiKernel.ConcentratedLiquidity.FullMath
warning: DefiKernel/ConcentratedLiquidity/FullMath.lean:60:71: This simp argument is unused:
  h

Hint: Omit it from the simp argument list.
  [apply] simp

Note: This linter can be disabled with `set_option linter.unusedSimpArgs false`
warning: DefiKernel/ConcentratedLiquidity/FullMath.lean:102:8: try 'simp' instead of 'simpa'

Note: This linter can be disabled with `set_option linter.unnecessarySimpa false`
⚠ [821/822] Replayed DefiKernel.ConcentratedLiquidity.SqrtPriceMath
warning: DefiKernel/ConcentratedLiquidity/SqrtPriceMath.lean:97:52: This simp argument is unused:
  h

Hint: Omit it from the simp argument list.
  [apply] simp

Note: This linter can be disabled with `set_option linter.unusedSimpArgs false`
✖ [822/822] Building DefiKernel.ConcentratedLiquidity.Token0Proofs (1.1s)
trace: .> LEAN_PATH=/home/charl/defiformal-wt-p16-token0-grok-gpt6-20260908/lean/.lake/packages/Cli/.lake/build/lib/lean:/home/charl/defiformal-wt-p16-token0-grok-gpt6-20260908/lean/.lake/packages/batteries/.lake/build/lib/lean:/home/charl/defiformal-wt-p16-token0-grok-gpt6-20260908/lean/.lake/packages/Qq/.lake/build/lib/lean:/home/charl/defiformal-wt-p16-token0-grok-gpt6-20260908/lean/.lake/packages/aesop/.lake/build/lib/lean:/home/charl/defiformal-wt-p16-token0-grok-gpt6-20260908/lean/.lake/packages/proofwidgets/.lake/build/lib/lean:/home/charl/defiformal-wt-p16-token0-grok-gpt6-20260908/lean/.lake/packages/importGraph/.lake/build/lib/lean:/home/charl/defiformal-wt-p16-token0-grok-gpt6-20260908/lean/.lake/packages/LeanSearchClient/.lake/build/lib/lean:/home/charl/defiformal-wt-p16-token0-grok-gpt6-20260908/lean/.lake/packages/plausible/.lake/build/lib/lean:/home/charl/defiformal-wt-p16-token0-grok-gpt6-20260908/lean/.lake/packages/mathlib/.lake/build/lib/lean:/home/charl/defiformal-wt-p16-token0-grok-gpt6-20260908/lean/.lake/build/lib/lean /home/charl/.elan/toolchains/leanprover--lean4---v4.33.0-rc2/bin/lean /home/charl/defiformal-wt-p16-token0-grok-gpt6-20260908/lean/DefiKernel/ConcentratedLiquidity/Token0Proofs.lean -o /home/charl/defiformal-wt-p16-token0-grok-gpt6-20260908/lean/.lake/build/lib/lean/DefiKernel/ConcentratedLiquidity/Token0Proofs.olean -i /home/charl/defiformal-wt-p16-token0-grok-gpt6-20260908/lean/.lake/build/lib/lean/DefiKernel/ConcentratedLiquidity/Token0Proofs.ilean -c /home/charl/defiformal-wt-p16-token0-grok-gpt6-20260908/lean/.lake/build/ir/DefiKernel/ConcentratedLiquidity/Token0Proofs.c --setup /home/charl/defiformal-wt-p16-token0-grok-gpt6-20260908/lean/.lake/build/ir/DefiKernel/ConcentratedLiquidity/Token0Proofs.setup.json --json
error: DefiKernel/ConcentratedLiquidity/Token0Proofs.lean:51:2: Function expected at
  Nat.blt_eq
but this term has type
  (Nat.blt ?m.30 ?m.31 = true) = (?m.30 < ?m.31)

Note: Expected a function because this term is being applied to the argument
  _
error: DefiKernel/ConcentratedLiquidity/Token0Proofs.lean:62:2: Type mismatch
  wrap_ge_iff_sum_fit (numerator1 L) (product amount sqrtP) (numerator1_lt_u256 L) hprod
has type
  wrap256 (numerator1 L + product amount sqrtP) ≥ numerator1 L ↔ numerator1 L + product amount sqrtP < 2 ^ 256
but is expected to have type
  (numerator1 L).ble (wrap256 (numerator1 L + product amount sqrtP)) = true ↔
    numerator1 L + product amount sqrtP < 2 ^ 256
error: DefiKernel/ConcentratedLiquidity/Token0Proofs.lean:303:6: Type mismatch
  Eq.symm (Nat.div_add_mod (numerator1 L) sqrtP.value)
has type
  numerator1 L = sqrtP.value * (numerator1 L / sqrtP.value) + numerator1 L % sqrtP.value
but is expected to have type
  numerator1 L = numerator1 L / sqrtP.value * sqrtP.value + numerator1 L % sqrtP.value
error: DefiKernel/ConcentratedLiquidity/Token0Proofs.lean:307:44: Function expected at
  hN
but this term has type
  numerator1 L = numerator1 L / sqrtP.value * sqrtP.value + numerator1 L % sqrtP.value

Note: Expected a function because this term is being applied to the argument
  _
error: DefiKernel/ConcentratedLiquidity/Token0Proofs.lean:298:71: unsolved goals
case calc.step
sqrtP : U160
L : U128
amount inner : U256
hnz : amount.value ≠ 0
hP : 0 < sqrtP.value
hinner : checkedAdd (floorDivWord (numerator1 L) sqrtP ⋯) amount = Except.ok inner
hpos : 0 < inner.value
hadd : Arithmetic.Operations.add (floorDivWord (numerator1 L) sqrtP ⋯) amount = Except.ok inner
hsum : (floorDivWord (numerator1 L) sqrtP ⋯).value + amount.value = inner.value
hfloor : (floorDivWord (numerator1 L) sqrtP ⋯).value = numerator1 L / sqrtP.value
hamt : 1 ≤ amount.value
hge : numerator1 L / sqrtP.value + 1 ≤ inner.value
hN : numerator1 L = numerator1 L / sqrtP.value * sqrtP.value + numerator1 L % sqrtP.value
⊢ numerator1 L / sqrtP.value * sqrtP.value + numerator1 L % sqrtP.value < sqrtP.value * (numerator1 L / sqrtP.value + 1)
error: DefiKernel/ConcentratedLiquidity/Token0Proofs.lean:282:62: unsolved goals
sqrtP : U160
L : U128
amount inner : U256
hnz : amount.value ≠ 0
hP : 0 < sqrtP.value
hinner : checkedAdd (floorDivWord (numerator1 L) sqrtP ⋯) amount = Except.ok inner
hpos : 0 < inner.value
hadd : Arithmetic.Operations.add (floorDivWord (numerator1 L) sqrtP ⋯) amount = Except.ok inner
hsum : (floorDivWord (numerator1 L) sqrtP ⋯).value + amount.value = inner.value
hfloor : (floorDivWord (numerator1 L) sqrtP ⋯).value = numerator1 L / sqrtP.value
hamt : 1 ≤ amount.value
hge : numerator1 L / sqrtP.value + 1 ≤ inner.value
hstrict : numerator1 L < sqrtP.value * (numerator1 L / sqrtP.value + 1)
⊢ divRoundingUp (numerator1 L) inner.value ≤ sqrtP.value
error: DefiKernel/ConcentratedLiquidity/Token0Proofs.lean:308:67: unexpected token ':='; expected command
warning: DefiKernel/ConcentratedLiquidity/Token0Proofs.lean:387:10: `simp [hfm] at hsucc` is a flexible tactic modifying `hsucc`. Try `simp?` and use the suggested `simp only [...]`. Alternatively, use `suffices` to explicitly state the simplified form.

Note: This linter can be disabled with `set_option linter.flexible false`
info: DefiKernel/ConcentratedLiquidity/Token0Proofs.lean:387:10: Try this:
  [apply] simp only [ge_iff_le] at hsucc
info: DefiKernel/ConcentratedLiquidity/Token0Proofs.lean:394:10: `rw [← hsucc, hval]`
uses `hsucc`, which was modified by the flexible tactic `simp` on line 387!
error: Lean exited with code 1
Some required targets logged failures:
- DefiKernel.ConcentratedLiquidity.Token0Proofs
