⚠ [820/822] Replayed DefiKernel.ConcentratedLiquidity.FullMath
warning: DefiKernel/ConcentratedLiquidity/FullMath.lean:60:71: This simp argument is unused:
  h

Hint: Omit it from the simp argument list.
  [apply] simp

Note: This linter can be disabled with `set_option linter.unusedSimpArgs false`
warning: DefiKernel/ConcentratedLiquidity/FullMath.lean:102:8: try 'simp' instead of 'simpa'

Note: This linter can be disabled with `set_option linter.unnecessarySimpa false`
⚠ [821/822] Built DefiKernel.ConcentratedLiquidity.SqrtPriceMath (868ms)
warning: DefiKernel/ConcentratedLiquidity/SqrtPriceMath.lean:97:52: This simp argument is unused:
  h

Hint: Omit it from the simp argument list.
  [apply] simp

Note: This linter can be disabled with `set_option linter.unusedSimpArgs false`
✖ [822/822] Building DefiKernel.ConcentratedLiquidity.Token0Proofs (872ms)
trace: .> LEAN_PATH=/home/charl/defiformal-wt-p16-token0-grok-gpt6-20260908/lean/.lake/packages/Cli/.lake/build/lib/lean:/home/charl/defiformal-wt-p16-token0-grok-gpt6-20260908/lean/.lake/packages/batteries/.lake/build/lib/lean:/home/charl/defiformal-wt-p16-token0-grok-gpt6-20260908/lean/.lake/packages/Qq/.lake/build/lib/lean:/home/charl/defiformal-wt-p16-token0-grok-gpt6-20260908/lean/.lake/packages/aesop/.lake/build/lib/lean:/home/charl/defiformal-wt-p16-token0-grok-gpt6-20260908/lean/.lake/packages/proofwidgets/.lake/build/lib/lean:/home/charl/defiformal-wt-p16-token0-grok-gpt6-20260908/lean/.lake/packages/importGraph/.lake/build/lib/lean:/home/charl/defiformal-wt-p16-token0-grok-gpt6-20260908/lean/.lake/packages/LeanSearchClient/.lake/build/lib/lean:/home/charl/defiformal-wt-p16-token0-grok-gpt6-20260908/lean/.lake/packages/plausible/.lake/build/lib/lean:/home/charl/defiformal-wt-p16-token0-grok-gpt6-20260908/lean/.lake/packages/mathlib/.lake/build/lib/lean:/home/charl/defiformal-wt-p16-token0-grok-gpt6-20260908/lean/.lake/build/lib/lean /home/charl/.elan/toolchains/leanprover--lean4---v4.33.0-rc2/bin/lean /home/charl/defiformal-wt-p16-token0-grok-gpt6-20260908/lean/DefiKernel/ConcentratedLiquidity/Token0Proofs.lean -o /home/charl/defiformal-wt-p16-token0-grok-gpt6-20260908/lean/.lake/build/lib/lean/DefiKernel/ConcentratedLiquidity/Token0Proofs.olean -i /home/charl/defiformal-wt-p16-token0-grok-gpt6-20260908/lean/.lake/build/lib/lean/DefiKernel/ConcentratedLiquidity/Token0Proofs.ilean -c /home/charl/defiformal-wt-p16-token0-grok-gpt6-20260908/lean/.lake/build/ir/DefiKernel/ConcentratedLiquidity/Token0Proofs.c --setup /home/charl/defiformal-wt-p16-token0-grok-gpt6-20260908/lean/.lake/build/ir/DefiKernel/ConcentratedLiquidity/Token0Proofs.setup.json --json
error: DefiKernel/ConcentratedLiquidity/Token0Proofs.lean:52:2: No goals to be solved
error: DefiKernel/ConcentratedLiquidity/Token0Proofs.lean:57:6: Tactic `rewrite` failed: Did not find an occurrence of the pattern
  Nat.blt ?m.31 ?m.32 = true
in the target expression
  (product amount sqrtP).blt (2 ^ 256) = false ↔ 2 ^ 256 ≤ product amount sqrtP

amount : U256
sqrtP : U160
⊢ (product amount sqrtP).blt (2 ^ 256) = false ↔ 2 ^ 256 ≤ product amount sqrtP
error: DefiKernel/ConcentratedLiquidity/Token0Proofs.lean:63:18: Tactic `rewrite` failed: Did not find an occurrence of the pattern
  decide ?m.44 = true
in the target expression
  numerator1 L ≤ wrap256 (numerator1 L + product amount sqrtP) ↔ numerator1 L + product amount sqrtP < 2 ^ 256

L : U128
amount : U256
sqrtP : U160
hprod : product amount sqrtP < 2 ^ 256
⊢ numerator1 L ≤ wrap256 (numerator1 L + product amount sqrtP) ↔ numerator1 L + product amount sqrtP < 2 ^ 256
error: DefiKernel/ConcentratedLiquidity/Token0Proofs.lean:71:6: Tactic `rewrite` failed: Did not find an occurrence of the pattern
  Nat.ble ?m.41 ?m.42 = true
in the target expression
  (numerator1 L).ble (wrap256 (numerator1 L + product amount sqrtP)) = false ↔
    2 ^ 256 ≤ numerator1 L + product amount sqrtP

L : U128
amount : U256
sqrtP : U160
hprod : product amount sqrtP < 2 ^ 256
⊢ (numerator1 L).ble (wrap256 (numerator1 L + product amount sqrtP)) = false ↔
    2 ^ 256 ≤ numerator1 L + product amount sqrtP
warning: DefiKernel/ConcentratedLiquidity/Token0Proofs.lean:79:38: This simp argument is unused:
  decide_eq_true_iff

Hint: Omit it from the simp argument list.
  [apply] simp [Nat.blt_eq, Bool.and_eq_true]

Note: This linter can be disabled with `set_option linter.unusedSimpArgs false`
warning: DefiKernel/ConcentratedLiquidity/Token0Proofs.lean:203:5: Variable name `hfit` is not explicitly referenced.

Hint: The binding can be removed (if unused) or named `_` (if used implicitly). Alternatively, prefix the name with `_` to silence this warning:
  [apply] _hfit

Note: This linter can be disabled with `set_option linter.unusedVariables false`
error: DefiKernel/ConcentratedLiquidity/Token0Proofs.lean:246:11: Type mismatch
  numerator1_lt_u256 L
has type
  numerator1 L < 2 ^ 256
but is expected to have type
  numerator1 L + product amount sqrtP + product amount sqrtP < 2 ^ 256
warning: DefiKernel/ConcentratedLiquidity/Token0Proofs.lean:249:48: Variable name `L` is not explicitly referenced.

Hint: The binding can be removed (if unused) or named `_` (if used implicitly). Alternatively, prefix the name with `_` to silence this warning:
  [apply] _L

Note: This linter can be disabled with `set_option linter.unusedVariables false`
error: DefiKernel/ConcentratedLiquidity/Token0Proofs.lean:292:6: Type mismatch: After simplification, term
  Eq.symm hsum
 has type
  @Eq ℕ inner.value ((floorDivWord (numerator1 L) sqrtP ⋯).value + amount.value)
but is expected to have type
  @Eq ℕ inner.value (numerator1 L / sqrtP.value + amount.value)
error: DefiKernel/ConcentratedLiquidity/Token0Proofs.lean:304:6: Type mismatch
  Eq.symm hdecomp
has type
  numerator1 L = sqrtP.value * (numerator1 L / sqrtP.value) + numerator1 L % sqrtP.value
but is expected to have type
  numerator1 L = numerator1 L / sqrtP.value * sqrtP.value + numerator1 L % sqrtP.value
error: DefiKernel/ConcentratedLiquidity/Token0Proofs.lean:313:23: Type mismatch
  hlt
has type
  sqrtP.value * (numerator1 L / sqrtP.value) + numerator1 L % sqrtP.value <
    sqrtP.value * (numerator1 L / sqrtP.value) + sqrtP.value
but is expected to have type
  sqrtP.value * (numerator1 L / sqrtP.value) + numerator1 L % sqrtP.value <
    sqrtP.value * ((sqrtP.value * (numerator1 L / sqrtP.value) + numerator1 L % sqrtP.value) / sqrtP.value) +
      sqrtP.value
error: DefiKernel/ConcentratedLiquidity/Token0Proofs.lean:389:10: Tactic `injection` failed: equality of constructor applications expected

case neg.true.true.ok
sqrtP : U160
L : U128
amount : U256
q : U160
hz : ¬amount.value = 0
hfitB : (product amount sqrtP).blt (2 ^ 256) = true
hwrapB : (numerator1 L).ble (wrap256 (numerator1 L + product amount sqrtP)) = true
hpub :
  getNextSqrtPriceFromAmount0RoundingUp sqrtP L amount true =
    match
      FullMath.mulDivRoundingUp (numerator1Word L) (widen160 sqrtP)
        (wrapWord (numerator1 L + product amount sqrtP)) with
    | Except.ok q => Except.ok (bareToUint160 q)
    | Except.error e => Except.error e
qf : U256
hfm :
  FullMath.mulDivRoundingUp (numerator1Word L) (widen160 sqrtP) (wrapWord (numerator1 L + product amount sqrtP)) =
    Except.ok qf
hsucc : bareToUint160 qf = q
⊢ q.value ≤ sqrtP.value
error: Lean exited with code 1
Some required targets logged failures:
- DefiKernel.ConcentratedLiquidity.Token0Proofs
