⚠ [819/827] Replayed DefiKernel.ConcentratedLiquidity.FullMath
warning: DefiKernel/ConcentratedLiquidity/FullMath.lean:60:71: This simp argument is unused:
  h

Hint: Omit it from the simp argument list.
  [apply] simp

Note: This linter can be disabled with `set_option linter.unusedSimpArgs false`
warning: DefiKernel/ConcentratedLiquidity/FullMath.lean:102:8: try 'simp' instead of 'simpa'

Note: This linter can be disabled with `set_option linter.unnecessarySimpa false`
⚠ [822/827] Replayed DefiKernel.ConcentratedLiquidity.Examples
warning: DefiKernel/ConcentratedLiquidity/Examples.lean:83:100: This line exceeds the 100 character limit, please shorten it!
You can use "string gaps" to format long strings: within a string quotation, using a '\' at the end of a line allows you to continue the string on the following line, removing all intervening whitespace.

Note: This linter can be disabled with `set_option linter.style.longLine false`
ℹ [824/827] Replayed DefiKernel.ConcentratedLiquidity.RuntimeAudit
info: DefiKernel/ConcentratedLiquidity/RuntimeAudit.lean:15:0: cl.fullmath.f01: true
cl.fullmath.f02: true
cl.fullmath.f03-down: true
cl.fullmath.f03-up: true
cl.fullmath.f04: true
cl.fullmath.f05: true
cl.fullmath.f06: true
cl.fullmath.f07: true
cl.fullmath.f08: true
cl.fullmath.f09: true
P16-I-ADD: true
P16-I-REM: true
P16-I-ZERO-LIQ: true
P16-ADD: true
P16-ADD-ROUND: true
P16-REQ: true
P16-REQ-STRICT: true
P16-REM: true
P16-SAFECAST: true
P16-ADD-DEN0: true
P16-PROD: true
P16-WRAP: true
✔ [826/827] Built DefiKernel.ConcentratedLiquidity.Token0Proofs (1.0s)
ℹ [827/827] Built DefiKernel.ConcentratedLiquidity.ProofAudit (2.8s)
info: DefiKernel/ConcentratedLiquidity/ProofAudit.lean:11:0: AXIOM AUDIT scope: imported module prefix DefiKernel.ConcentratedLiquidity; modules=[DefiKernel.ConcentratedLiquidity.Types,
 DefiKernel.ConcentratedLiquidity.FullMath,
 DefiKernel.ConcentratedLiquidity.SqrtPriceMath,
 DefiKernel.ConcentratedLiquidity.Token0Proofs,
 DefiKernel.ConcentratedLiquidity.Examples,
 DefiKernel.ConcentratedLiquidity.Tests,
 DefiKernel.ConcentratedLiquidity.RuntimeAudit]
info: DefiKernel/ConcentratedLiquidity/ProofAudit.lean:11:0: AXIOM AUDIT theorem: DefiKernel.ConcentratedLiquidity.Q96_eq; module=DefiKernel.ConcentratedLiquidity.Types; axioms=[]
info: DefiKernel/ConcentratedLiquidity/ProofAudit.lean:11:0: AXIOM AUDIT theorem: DefiKernel.ConcentratedLiquidity.two_pow_128_lt_256; module=DefiKernel.ConcentratedLiquidity.Types; axioms=[propext,
 Classical.choice,
 Quot.sound]
info: DefiKernel/ConcentratedLiquidity/ProofAudit.lean:11:0: AXIOM AUDIT theorem: DefiKernel.ConcentratedLiquidity.two_pow_160_lt_256; module=DefiKernel.ConcentratedLiquidity.Types; axioms=[propext,
 Classical.choice,
 Quot.sound]
info: DefiKernel/ConcentratedLiquidity/ProofAudit.lean:11:0: AXIOM AUDIT theorem: DefiKernel.ConcentratedLiquidity.two_pow_224_lt_256; module=DefiKernel.ConcentratedLiquidity.Types; axioms=[propext,
 Classical.choice,
 Quot.sound]
info: DefiKernel/ConcentratedLiquidity/ProofAudit.lean:11:0: AXIOM AUDIT theorem: DefiKernel.ConcentratedLiquidity.two_pow_pos_160; module=DefiKernel.ConcentratedLiquidity.Types; axioms=[]
info: DefiKernel/ConcentratedLiquidity/ProofAudit.lean:11:0: AXIOM AUDIT theorem: DefiKernel.ConcentratedLiquidity.two_pow_pos_256; module=DefiKernel.ConcentratedLiquidity.Types; axioms=[]
info: DefiKernel/ConcentratedLiquidity/ProofAudit.lean:11:0: AXIOM AUDIT theorem: DefiKernel.ConcentratedLiquidity.two_pow_pos_96; module=DefiKernel.ConcentratedLiquidity.Types; axioms=[]
info: DefiKernel/ConcentratedLiquidity/ProofAudit.lean:11:0: AXIOM AUDIT theorem: DefiKernel.ConcentratedLiquidity.Failure.ofNat_ctorIdx; module=DefiKernel.ConcentratedLiquidity.Types; axioms=[]
info: DefiKernel/ConcentratedLiquidity/ProofAudit.lean:11:0: AXIOM AUDIT theorem: DefiKernel.ConcentratedLiquidity.FullMath.liftMulDiv_error_cases; module=DefiKernel.ConcentratedLiquidity.FullMath; axioms=[propext,
 Quot.sound]
info: DefiKernel/ConcentratedLiquidity/ProofAudit.lean:11:0: AXIOM AUDIT theorem: DefiKernel.ConcentratedLiquidity.FullMath.liftMulDiv_error_iff; module=DefiKernel.ConcentratedLiquidity.FullMath; axioms=[propext,
 Quot.sound]
info: DefiKernel/ConcentratedLiquidity/ProofAudit.lean:11:0: AXIOM AUDIT theorem: DefiKernel.ConcentratedLiquidity.FullMath.liftMulDiv_ok_iff; module=DefiKernel.ConcentratedLiquidity.FullMath; axioms=[propext]
info: DefiKernel/ConcentratedLiquidity/ProofAudit.lean:11:0: AXIOM AUDIT theorem: DefiKernel.ConcentratedLiquidity.FullMath.mulDivRoundingUp_divisionByZero_iff; module=DefiKernel.ConcentratedLiquidity.FullMath; axioms=[propext,
 Quot.sound]
info: DefiKernel/ConcentratedLiquidity/ProofAudit.lean:11:0: AXIOM AUDIT theorem: DefiKernel.ConcentratedLiquidity.FullMath.mulDivRoundingUp_error_iff; module=DefiKernel.ConcentratedLiquidity.FullMath; axioms=[propext,
 Quot.sound]
info: DefiKernel/ConcentratedLiquidity/ProofAudit.lean:11:0: AXIOM AUDIT theorem: DefiKernel.ConcentratedLiquidity.FullMath.mulDivRoundingUp_ok_iff; module=DefiKernel.ConcentratedLiquidity.FullMath; axioms=[propext]
info: DefiKernel/ConcentratedLiquidity/ProofAudit.lean:11:0: AXIOM AUDIT theorem: DefiKernel.ConcentratedLiquidity.FullMath.mulDivRoundingUp_zero_denominator; module=DefiKernel.ConcentratedLiquidity.FullMath; axioms=[propext,
 Quot.sound]
info: DefiKernel/ConcentratedLiquidity/ProofAudit.lean:11:0: AXIOM AUDIT theorem: DefiKernel.ConcentratedLiquidity.FullMath.mulDiv_divisionByZero_iff; module=DefiKernel.ConcentratedLiquidity.FullMath; axioms=[propext,
 Quot.sound]
info: DefiKernel/ConcentratedLiquidity/ProofAudit.lean:11:0: AXIOM AUDIT theorem: DefiKernel.ConcentratedLiquidity.FullMath.mulDiv_error_iff; module=DefiKernel.ConcentratedLiquidity.FullMath; axioms=[propext,
 Quot.sound]
info: DefiKernel/ConcentratedLiquidity/ProofAudit.lean:11:0: AXIOM AUDIT theorem: DefiKernel.ConcentratedLiquidity.FullMath.mulDiv_ok_iff; module=DefiKernel.ConcentratedLiquidity.FullMath; axioms=[propext]
info: DefiKernel/ConcentratedLiquidity/ProofAudit.lean:11:0: AXIOM AUDIT theorem: DefiKernel.ConcentratedLiquidity.FullMath.mulDiv_zero_denominator; module=DefiKernel.ConcentratedLiquidity.FullMath; axioms=[propext,
 Quot.sound]
info: DefiKernel/ConcentratedLiquidity/ProofAudit.lean:11:0: AXIOM AUDIT theorem: DefiKernel.ConcentratedLiquidity.FullMath.ofRoundingFailure_div_or_quot; module=DefiKernel.ConcentratedLiquidity.FullMath; axioms=[]
info: DefiKernel/ConcentratedLiquidity/ProofAudit.lean:11:0: AXIOM AUDIT theorem: DefiKernel.ConcentratedLiquidity.FullMath.ofRoundingFailure_eq_of_rounding; module=DefiKernel.ConcentratedLiquidity.FullMath; axioms=[propext]
info: DefiKernel/ConcentratedLiquidity/ProofAudit.lean:11:0: AXIOM AUDIT theorem: DefiKernel.ConcentratedLiquidity.FullMath.rounding_error_div_or_quot; module=DefiKernel.ConcentratedLiquidity.FullMath; axioms=[propext,
 Quot.sound]
info: DefiKernel/ConcentratedLiquidity/ProofAudit.lean:11:0: AXIOM AUDIT theorem: DefiKernel.ConcentratedLiquidity.SqrtPriceMath.addFallback_eq; module=DefiKernel.ConcentratedLiquidity.Token0Proofs; axioms=[propext,
 Classical.choice,
 Quot.sound]
info: DefiKernel/ConcentratedLiquidity/ProofAudit.lean:11:0: AXIOM AUDIT theorem: DefiKernel.ConcentratedLiquidity.SqrtPriceMath.addPrimary_fullmath; module=DefiKernel.ConcentratedLiquidity.SqrtPriceMath; axioms=[propext,
 Classical.choice,
 Quot.sound]
info: DefiKernel/ConcentratedLiquidity/ProofAudit.lean:11:0: AXIOM AUDIT theorem: DefiKernel.ConcentratedLiquidity.SqrtPriceMath.add_mod_eq_sub; module=DefiKernel.ConcentratedLiquidity.Token0Proofs; axioms=[propext,
 Quot.sound]
info: DefiKernel/ConcentratedLiquidity/ProofAudit.lean:11:0: AXIOM AUDIT theorem: DefiKernel.ConcentratedLiquidity.SqrtPriceMath.add_result_le; module=DefiKernel.ConcentratedLiquidity.Token0Proofs; axioms=[propext,
 Classical.choice,
 Quot.sound]
info: DefiKernel/ConcentratedLiquidity/ProofAudit.lean:11:0: AXIOM AUDIT theorem: DefiKernel.ConcentratedLiquidity.SqrtPriceMath.bareToUint160_value_of_lt; module=DefiKernel.ConcentratedLiquidity.SqrtPriceMath; axioms=[propext]
info: DefiKernel/ConcentratedLiquidity/ProofAudit.lean:11:0: AXIOM AUDIT theorem: DefiKernel.ConcentratedLiquidity.SqrtPriceMath.checkedAdd_ok_iff; module=DefiKernel.ConcentratedLiquidity.SqrtPriceMath; axioms=[propext]
info: DefiKernel/ConcentratedLiquidity/ProofAudit.lean:11:0: AXIOM AUDIT theorem: DefiKernel.ConcentratedLiquidity.SqrtPriceMath.divRoundingUp_eq_divideNat_up; module=DefiKernel.ConcentratedLiquidity.SqrtPriceMath; axioms=[propext]
info: DefiKernel/ConcentratedLiquidity/ProofAudit.lean:11:0: AXIOM AUDIT theorem: DefiKernel.ConcentratedLiquidity.SqrtPriceMath.divRoundingUp_le; module=DefiKernel.ConcentratedLiquidity.SqrtPriceMath; axioms=[propext]
info: DefiKernel/ConcentratedLiquidity/ProofAudit.lean:11:0: AXIOM AUDIT theorem: DefiKernel.ConcentratedLiquidity.SqrtPriceMath.divRoundingUp_lt_u256; module=DefiKernel.ConcentratedLiquidity.SqrtPriceMath; axioms=[propext]
info: DefiKernel/ConcentratedLiquidity/ProofAudit.lean:11:0: AXIOM AUDIT theorem: DefiKernel.ConcentratedLiquidity.SqrtPriceMath.fallback_inner_pos; module=DefiKernel.ConcentratedLiquidity.Token0Proofs; axioms=[propext,
 Classical.choice,
 Quot.sound]
info: DefiKernel/ConcentratedLiquidity/ProofAudit.lean:11:0: AXIOM AUDIT theorem: DefiKernel.ConcentratedLiquidity.SqrtPriceMath.fallback_precast_le; module=DefiKernel.ConcentratedLiquidity.Token0Proofs; axioms=[propext,
 Classical.choice,
 Quot.sound]
info: DefiKernel/ConcentratedLiquidity/ProofAudit.lean:11:0: AXIOM AUDIT theorem: DefiKernel.ConcentratedLiquidity.SqrtPriceMath.false_ne_true; module=DefiKernel.ConcentratedLiquidity.Token0Proofs; axioms=[]
info: DefiKernel/ConcentratedLiquidity/ProofAudit.lean:11:0: AXIOM AUDIT theorem: DefiKernel.ConcentratedLiquidity.SqrtPriceMath.identity; module=DefiKernel.ConcentratedLiquidity.Token0Proofs; axioms=[propext,
 Classical.choice,
 Quot.sound]
info: DefiKernel/ConcentratedLiquidity/ProofAudit.lean:11:0: AXIOM AUDIT theorem: DefiKernel.ConcentratedLiquidity.SqrtPriceMath.numerator1_comm; module=DefiKernel.ConcentratedLiquidity.SqrtPriceMath; axioms=[]
info: DefiKernel/ConcentratedLiquidity/ProofAudit.lean:11:0: AXIOM AUDIT theorem: DefiKernel.ConcentratedLiquidity.SqrtPriceMath.numerator1_lt_u256; module=DefiKernel.ConcentratedLiquidity.SqrtPriceMath; axioms=[propext,
 Classical.choice,
 Quot.sound]
info: DefiKernel/ConcentratedLiquidity/ProofAudit.lean:11:0: AXIOM AUDIT theorem: DefiKernel.ConcentratedLiquidity.SqrtPriceMath.primary_add; module=DefiKernel.ConcentratedLiquidity.Token0Proofs; axioms=[propext,
 Classical.choice,
 Quot.sound]
info: DefiKernel/ConcentratedLiquidity/ProofAudit.lean:11:0: AXIOM AUDIT theorem: DefiKernel.ConcentratedLiquidity.SqrtPriceMath.primary_add_precast_le; module=DefiKernel.ConcentratedLiquidity.Token0Proofs; axioms=[propext,
 Classical.choice,
 Quot.sound]
info: DefiKernel/ConcentratedLiquidity/ProofAudit.lean:11:0: AXIOM AUDIT theorem: DefiKernel.ConcentratedLiquidity.SqrtPriceMath.primary_add_select; module=DefiKernel.ConcentratedLiquidity.Token0Proofs; axioms=[propext,
 Classical.choice,
 Quot.sound]
info: DefiKernel/ConcentratedLiquidity/ProofAudit.lean:11:0: AXIOM AUDIT theorem: DefiKernel.ConcentratedLiquidity.SqrtPriceMath.prod_fallback; module=DefiKernel.ConcentratedLiquidity.Token0Proofs; axioms=[propext,
 Classical.choice,
 Quot.sound]
info: DefiKernel/ConcentratedLiquidity/ProofAudit.lean:11:0: AXIOM AUDIT theorem: DefiKernel.ConcentratedLiquidity.SqrtPriceMath.prod_fallback_select; module=DefiKernel.ConcentratedLiquidity.Token0Proofs; axioms=[propext,
 Classical.choice,
 Quot.sound]
info: DefiKernel/ConcentratedLiquidity/ProofAudit.lean:11:0: AXIOM AUDIT theorem: DefiKernel.ConcentratedLiquidity.SqrtPriceMath.prod_fallback_sqrtP_pos; module=DefiKernel.ConcentratedLiquidity.Token0Proofs; axioms=[propext]
info: DefiKernel/ConcentratedLiquidity/ProofAudit.lean:11:0: AXIOM AUDIT theorem: DefiKernel.ConcentratedLiquidity.SqrtPriceMath.product_fit_iff; module=DefiKernel.ConcentratedLiquidity.Token0Proofs; axioms=[propext]
info: DefiKernel/ConcentratedLiquidity/ProofAudit.lean:11:0: AXIOM AUDIT theorem: DefiKernel.ConcentratedLiquidity.SqrtPriceMath.product_overflow_iff; module=DefiKernel.ConcentratedLiquidity.Token0Proofs; axioms=[propext]
info: DefiKernel/ConcentratedLiquidity/ProofAudit.lean:11:0: AXIOM AUDIT theorem: DefiKernel.ConcentratedLiquidity.SqrtPriceMath.removePrimary_fullmath; module=DefiKernel.ConcentratedLiquidity.SqrtPriceMath; axioms=[propext,
 Classical.choice,
 Quot.sound]
info: DefiKernel/ConcentratedLiquidity/ProofAudit.lean:11:0: AXIOM AUDIT theorem: DefiKernel.ConcentratedLiquidity.SqrtPriceMath.remove_guard_iff; module=DefiKernel.ConcentratedLiquidity.Token0Proofs; axioms=[propext]
info: DefiKernel/ConcentratedLiquidity/ProofAudit.lean:11:0: AXIOM AUDIT theorem: DefiKernel.ConcentratedLiquidity.SqrtPriceMath.remove_primary; module=DefiKernel.ConcentratedLiquidity.Token0Proofs; axioms=[propext,
 Classical.choice,
 Quot.sound]
info: DefiKernel/ConcentratedLiquidity/ProofAudit.lean:11:0: AXIOM AUDIT theorem: DefiKernel.ConcentratedLiquidity.SqrtPriceMath.remove_primary_select; module=DefiKernel.ConcentratedLiquidity.Token0Proofs; axioms=[propext,
 Classical.choice,
 Quot.sound]
info: DefiKernel/ConcentratedLiquidity/ProofAudit.lean:11:0: AXIOM AUDIT theorem: DefiKernel.ConcentratedLiquidity.SqrtPriceMath.remove_require; module=DefiKernel.ConcentratedLiquidity.Token0Proofs; axioms=[propext,
 Classical.choice,
 Quot.sound]
info: DefiKernel/ConcentratedLiquidity/ProofAudit.lean:11:0: AXIOM AUDIT theorem: DefiKernel.ConcentratedLiquidity.SqrtPriceMath.true_eq_true; module=DefiKernel.ConcentratedLiquidity.Token0Proofs; axioms=[]
info: DefiKernel/ConcentratedLiquidity/ProofAudit.lean:11:0: AXIOM AUDIT theorem: DefiKernel.ConcentratedLiquidity.SqrtPriceMath.wrap256_lt; module=DefiKernel.ConcentratedLiquidity.SqrtPriceMath; axioms=[propext]
info: DefiKernel/ConcentratedLiquidity/ProofAudit.lean:11:0: AXIOM AUDIT theorem: DefiKernel.ConcentratedLiquidity.SqrtPriceMath.wrapWord_value_of_lt; module=DefiKernel.ConcentratedLiquidity.SqrtPriceMath; axioms=[propext]
info: DefiKernel/ConcentratedLiquidity/ProofAudit.lean:11:0: AXIOM AUDIT theorem: DefiKernel.ConcentratedLiquidity.SqrtPriceMath.wrap_fallback; module=DefiKernel.ConcentratedLiquidity.Token0Proofs; axioms=[propext,
 Classical.choice,
 Quot.sound]
info: DefiKernel/ConcentratedLiquidity/ProofAudit.lean:11:0: AXIOM AUDIT theorem: DefiKernel.ConcentratedLiquidity.SqrtPriceMath.wrap_fallback_select; module=DefiKernel.ConcentratedLiquidity.Token0Proofs; axioms=[propext,
 Classical.choice,
 Quot.sound]
info: DefiKernel/ConcentratedLiquidity/ProofAudit.lean:11:0: AXIOM AUDIT theorem: DefiKernel.ConcentratedLiquidity.SqrtPriceMath.wrap_fallback_sqrtP_pos; module=DefiKernel.ConcentratedLiquidity.Token0Proofs; axioms=[propext,
 Classical.choice,
 Quot.sound]
info: DefiKernel/ConcentratedLiquidity/ProofAudit.lean:11:0: AXIOM AUDIT theorem: DefiKernel.ConcentratedLiquidity.SqrtPriceMath.wrap_fit_iff; module=DefiKernel.ConcentratedLiquidity.Token0Proofs; axioms=[propext,
 Classical.choice,
 Quot.sound]
info: DefiKernel/ConcentratedLiquidity/ProofAudit.lean:11:0: AXIOM AUDIT theorem: DefiKernel.ConcentratedLiquidity.SqrtPriceMath.wrap_ge_iff_sum_fit; module=DefiKernel.ConcentratedLiquidity.Token0Proofs; axioms=[propext,
 Quot.sound]
info: DefiKernel/ConcentratedLiquidity/ProofAudit.lean:11:0: AXIOM AUDIT theorem: DefiKernel.ConcentratedLiquidity.SqrtPriceMath.wrap_ge_iff_width; module=DefiKernel.ConcentratedLiquidity.Token0Proofs; axioms=[propext,
 Quot.sound]
info: DefiKernel/ConcentratedLiquidity/ProofAudit.lean:11:0: AXIOM AUDIT theorem: DefiKernel.ConcentratedLiquidity.SqrtPriceMath.wrap_overflow_iff; module=DefiKernel.ConcentratedLiquidity.Token0Proofs; axioms=[propext,
 Classical.choice,
 Quot.sound]
info: DefiKernel/ConcentratedLiquidity/ProofAudit.lean:11:0: AXIOM AUDIT theorem: DefiKernel.ConcentratedLiquidity.Tests.actual_unique; module=DefiKernel.ConcentratedLiquidity.Tests; axioms=[propext,
 Classical.choice,
 Quot.sound]
info: DefiKernel/ConcentratedLiquidity/ProofAudit.lean:11:0: AXIOM AUDIT theorem: DefiKernel.ConcentratedLiquidity.Tests.expected_keys_eq_actual; module=DefiKernel.ConcentratedLiquidity.Tests; axioms=[propext,
 Classical.choice,
 Quot.sound]
info: DefiKernel/ConcentratedLiquidity/ProofAudit.lean:11:0: AXIOM AUDIT theorem: DefiKernel.ConcentratedLiquidity.Tests.expected_unique; module=DefiKernel.ConcentratedLiquidity.Tests; axioms=[]
info: DefiKernel/ConcentratedLiquidity/ProofAudit.lean:11:0: AXIOM AUDIT theorem: DefiKernel.ConcentratedLiquidity.instDecidableEqFailure._proof_1; module=DefiKernel.ConcentratedLiquidity.Types; axioms=[]
info: DefiKernel/ConcentratedLiquidity/ProofAudit.lean:11:0: AXIOM AUDIT theorem: DefiKernel.ConcentratedLiquidity.instDecidableEqFailure._proof_2; module=DefiKernel.ConcentratedLiquidity.Types; axioms=[]
info: DefiKernel/ConcentratedLiquidity/ProofAudit.lean:11:0: AXIOM AUDIT theorem: DefiKernel.ConcentratedLiquidity.Examples.Q96w._proof_1; module=DefiKernel.ConcentratedLiquidity.Examples; axioms=[propext]
info: DefiKernel/ConcentratedLiquidity/ProofAudit.lean:11:0: AXIOM AUDIT theorem: DefiKernel.ConcentratedLiquidity.Examples.actual._proof_1; module=DefiKernel.ConcentratedLiquidity.Examples; axioms=[propext]
info: DefiKernel/ConcentratedLiquidity/ProofAudit.lean:11:0: AXIOM AUDIT theorem: DefiKernel.ConcentratedLiquidity.Examples.actual._proof_10; module=DefiKernel.ConcentratedLiquidity.Examples; axioms=[propext]
info: DefiKernel/ConcentratedLiquidity/ProofAudit.lean:11:0: AXIOM AUDIT theorem: DefiKernel.ConcentratedLiquidity.Examples.actual._proof_11; module=DefiKernel.ConcentratedLiquidity.Examples; axioms=[propext]
info: DefiKernel/ConcentratedLiquidity/ProofAudit.lean:11:0: AXIOM AUDIT theorem: DefiKernel.ConcentratedLiquidity.Examples.actual._proof_12; module=DefiKernel.ConcentratedLiquidity.Examples; axioms=[propext]
info: DefiKernel/ConcentratedLiquidity/ProofAudit.lean:11:0: AXIOM AUDIT theorem: DefiKernel.ConcentratedLiquidity.Examples.actual._proof_2; module=DefiKernel.ConcentratedLiquidity.Examples; axioms=[propext]
info: DefiKernel/ConcentratedLiquidity/ProofAudit.lean:11:0: AXIOM AUDIT theorem: DefiKernel.ConcentratedLiquidity.Examples.actual._proof_3; module=DefiKernel.ConcentratedLiquidity.Examples; axioms=[propext]
info: DefiKernel/ConcentratedLiquidity/ProofAudit.lean:11:0: AXIOM AUDIT theorem: DefiKernel.ConcentratedLiquidity.Examples.actual._proof_4; module=DefiKernel.ConcentratedLiquidity.Examples; axioms=[propext]
info: DefiKernel/ConcentratedLiquidity/ProofAudit.lean:11:0: AXIOM AUDIT theorem: DefiKernel.ConcentratedLiquidity.Examples.actual._proof_5; module=DefiKernel.ConcentratedLiquidity.Examples; axioms=[propext]
info: DefiKernel/ConcentratedLiquidity/ProofAudit.lean:11:0: AXIOM AUDIT theorem: DefiKernel.ConcentratedLiquidity.Examples.actual._proof_6; module=DefiKernel.ConcentratedLiquidity.Examples; axioms=[propext]
info: DefiKernel/ConcentratedLiquidity/ProofAudit.lean:11:0: AXIOM AUDIT theorem: DefiKernel.ConcentratedLiquidity.Examples.actual._proof_7; module=DefiKernel.ConcentratedLiquidity.Examples; axioms=[propext]
info: DefiKernel/ConcentratedLiquidity/ProofAudit.lean:11:0: AXIOM AUDIT theorem: DefiKernel.ConcentratedLiquidity.Examples.actual._proof_8; module=DefiKernel.ConcentratedLiquidity.Examples; axioms=[propext]
info: DefiKernel/ConcentratedLiquidity/ProofAudit.lean:11:0: AXIOM AUDIT theorem: DefiKernel.ConcentratedLiquidity.Examples.actual._proof_9; module=DefiKernel.ConcentratedLiquidity.Examples; axioms=[propext]
info: DefiKernel/ConcentratedLiquidity/ProofAudit.lean:11:0: AXIOM AUDIT theorem: DefiKernel.ConcentratedLiquidity.Examples.addRound._proof_1; module=DefiKernel.ConcentratedLiquidity.Examples; axioms=[propext]
info: DefiKernel/ConcentratedLiquidity/ProofAudit.lean:11:0: AXIOM AUDIT theorem: DefiKernel.ConcentratedLiquidity.Examples.amountProd._proof_1; module=DefiKernel.ConcentratedLiquidity.Examples; axioms=[propext]
info: DefiKernel/ConcentratedLiquidity/ProofAudit.lean:11:0: AXIOM AUDIT theorem: DefiKernel.ConcentratedLiquidity.Examples.amountWrap._proof_1; module=DefiKernel.ConcentratedLiquidity.Examples; axioms=[propext]
info: DefiKernel/ConcentratedLiquidity/ProofAudit.lean:11:0: AXIOM AUDIT theorem: DefiKernel.ConcentratedLiquidity.Examples.liqProd._proof_1; module=DefiKernel.ConcentratedLiquidity.Examples; axioms=[propext]
info: DefiKernel/ConcentratedLiquidity/ProofAudit.lean:11:0: AXIOM AUDIT theorem: DefiKernel.ConcentratedLiquidity.Examples.liqSafecast._proof_1; module=DefiKernel.ConcentratedLiquidity.Examples; axioms=[propext]
info: DefiKernel/ConcentratedLiquidity/ProofAudit.lean:11:0: AXIOM AUDIT theorem: DefiKernel.ConcentratedLiquidity.Examples.maxSqrtMinus1._proof_1; module=DefiKernel.ConcentratedLiquidity.Examples; axioms=[propext]
info: DefiKernel/ConcentratedLiquidity/ProofAudit.lean:11:0: AXIOM AUDIT theorem: DefiKernel.ConcentratedLiquidity.Examples.maxU128._proof_1; module=DefiKernel.ConcentratedLiquidity.Examples; axioms=[propext]
info: DefiKernel/ConcentratedLiquidity/ProofAudit.lean:11:0: AXIOM AUDIT theorem: DefiKernel.ConcentratedLiquidity.Examples.prodOk._proof_1; module=DefiKernel.ConcentratedLiquidity.Examples; axioms=[propext]
info: DefiKernel/ConcentratedLiquidity/ProofAudit.lean:11:0: AXIOM AUDIT theorem: DefiKernel.ConcentratedLiquidity.Examples.remOk._proof_1; module=DefiKernel.ConcentratedLiquidity.Examples; axioms=[propext]
info: DefiKernel/ConcentratedLiquidity/ProofAudit.lean:11:0: AXIOM AUDIT theorem: DefiKernel.ConcentratedLiquidity.Examples.safecastSqrt._proof_1; module=DefiKernel.ConcentratedLiquidity.Examples; axioms=[propext]
info: DefiKernel/ConcentratedLiquidity/ProofAudit.lean:11:0: AXIOM AUDIT theorem: DefiKernel.ConcentratedLiquidity.Examples.two128._proof_1; module=DefiKernel.ConcentratedLiquidity.Examples; axioms=[propext]
info: DefiKernel/ConcentratedLiquidity/ProofAudit.lean:11:0: AXIOM AUDIT theorem: DefiKernel.ConcentratedLiquidity.Examples.two160m1._proof_1; module=DefiKernel.ConcentratedLiquidity.Examples; axioms=[propext]
info: DefiKernel/ConcentratedLiquidity/ProofAudit.lean:11:0: AXIOM AUDIT theorem: DefiKernel.ConcentratedLiquidity.Examples.two255._proof_1; module=DefiKernel.ConcentratedLiquidity.Examples; axioms=[propext]
info: DefiKernel/ConcentratedLiquidity/ProofAudit.lean:11:0: AXIOM AUDIT theorem: DefiKernel.ConcentratedLiquidity.Examples.two95._proof_1; module=DefiKernel.ConcentratedLiquidity.Examples; axioms=[propext]
info: DefiKernel/ConcentratedLiquidity/ProofAudit.lean:11:0: AXIOM AUDIT theorem: DefiKernel.ConcentratedLiquidity.Examples.wrapOk._proof_1; module=DefiKernel.ConcentratedLiquidity.Examples; axioms=[propext]
info: DefiKernel/ConcentratedLiquidity/ProofAudit.lean:11:0: AXIOM AUDIT theorem: DefiKernel.ConcentratedLiquidity.Failure.addOverflow.sizeOf_spec; module=DefiKernel.ConcentratedLiquidity.Types; axioms=[]
info: DefiKernel/ConcentratedLiquidity/ProofAudit.lean:11:0: AXIOM AUDIT theorem: DefiKernel.ConcentratedLiquidity.Failure.divisionByZero.sizeOf_spec; module=DefiKernel.ConcentratedLiquidity.Types; axioms=[]
info: DefiKernel/ConcentratedLiquidity/ProofAudit.lean:11:0: AXIOM AUDIT theorem: DefiKernel.ConcentratedLiquidity.Failure.quotientOverflow.sizeOf_spec; module=DefiKernel.ConcentratedLiquidity.Types; axioms=[]
info: DefiKernel/ConcentratedLiquidity/ProofAudit.lean:11:0: AXIOM AUDIT theorem: DefiKernel.ConcentratedLiquidity.Failure.subUnderflow.sizeOf_spec; module=DefiKernel.ConcentratedLiquidity.Types; axioms=[]
info: DefiKernel/ConcentratedLiquidity/ProofAudit.lean:11:0: AXIOM AUDIT theorem: DefiKernel.ConcentratedLiquidity.Failure.uint160Overflow.sizeOf_spec; module=DefiKernel.ConcentratedLiquidity.Types; axioms=[]
info: DefiKernel/ConcentratedLiquidity/ProofAudit.lean:11:0: AXIOM AUDIT theorem: DefiKernel.ConcentratedLiquidity.FullMath.ofRoundingFailure.eq_1; module=DefiKernel.ConcentratedLiquidity.FullMath; axioms=[]
info: DefiKernel/ConcentratedLiquidity/ProofAudit.lean:11:0: AXIOM AUDIT theorem: DefiKernel.ConcentratedLiquidity.FullMath.ofRoundingFailure.eq_10; module=DefiKernel.ConcentratedLiquidity.FullMath; axioms=[]
info: DefiKernel/ConcentratedLiquidity/ProofAudit.lean:11:0: AXIOM AUDIT theorem: DefiKernel.ConcentratedLiquidity.FullMath.ofRoundingFailure.eq_2; module=DefiKernel.ConcentratedLiquidity.FullMath; axioms=[]
info: DefiKernel/ConcentratedLiquidity/ProofAudit.lean:11:0: AXIOM AUDIT theorem: DefiKernel.ConcentratedLiquidity.FullMath.ofRoundingFailure.eq_3; module=DefiKernel.ConcentratedLiquidity.FullMath; axioms=[]
info: DefiKernel/ConcentratedLiquidity/ProofAudit.lean:11:0: AXIOM AUDIT theorem: DefiKernel.ConcentratedLiquidity.FullMath.ofRoundingFailure.eq_4; module=DefiKernel.ConcentratedLiquidity.FullMath; axioms=[]
info: DefiKernel/ConcentratedLiquidity/ProofAudit.lean:11:0: AXIOM AUDIT theorem: DefiKernel.ConcentratedLiquidity.FullMath.ofRoundingFailure.eq_5; module=DefiKernel.ConcentratedLiquidity.FullMath; axioms=[]
info: DefiKernel/ConcentratedLiquidity/ProofAudit.lean:11:0: AXIOM AUDIT theorem: DefiKernel.ConcentratedLiquidity.FullMath.ofRoundingFailure.eq_6; module=DefiKernel.ConcentratedLiquidity.FullMath; axioms=[]
info: DefiKernel/ConcentratedLiquidity/ProofAudit.lean:11:0: AXIOM AUDIT theorem: DefiKernel.ConcentratedLiquidity.FullMath.ofRoundingFailure.eq_7; module=DefiKernel.ConcentratedLiquidity.FullMath; axioms=[]
info: DefiKernel/ConcentratedLiquidity/ProofAudit.lean:11:0: AXIOM AUDIT theorem: DefiKernel.ConcentratedLiquidity.FullMath.ofRoundingFailure.eq_8; module=DefiKernel.ConcentratedLiquidity.FullMath; axioms=[]
info: DefiKernel/ConcentratedLiquidity/ProofAudit.lean:11:0: AXIOM AUDIT theorem: DefiKernel.ConcentratedLiquidity.FullMath.ofRoundingFailure.eq_9; module=DefiKernel.ConcentratedLiquidity.FullMath; axioms=[]
info: DefiKernel/ConcentratedLiquidity/ProofAudit.lean:11:0: AXIOM AUDIT theorem: DefiKernel.ConcentratedLiquidity.SqrtPriceMath.addFallback._proof_1; module=DefiKernel.ConcentratedLiquidity.SqrtPriceMath; axioms=[propext,
 Classical.choice,
 Quot.sound]
info: DefiKernel/ConcentratedLiquidity/ProofAudit.lean:11:0: AXIOM AUDIT theorem: DefiKernel.ConcentratedLiquidity.SqrtPriceMath.add_mod_eq_sub._proof_1_1; module=DefiKernel.ConcentratedLiquidity.Token0Proofs; axioms=[propext,
 Quot.sound]
info: DefiKernel/ConcentratedLiquidity/ProofAudit.lean:11:0: AXIOM AUDIT theorem: DefiKernel.ConcentratedLiquidity.SqrtPriceMath.add_mod_eq_sub._proof_1_2; module=DefiKernel.ConcentratedLiquidity.Token0Proofs; axioms=[propext,
 Quot.sound]
info: DefiKernel/ConcentratedLiquidity/ProofAudit.lean:11:0: AXIOM AUDIT theorem: DefiKernel.ConcentratedLiquidity.SqrtPriceMath.bareToUint160._proof_1; module=DefiKernel.ConcentratedLiquidity.SqrtPriceMath; axioms=[]
info: DefiKernel/ConcentratedLiquidity/ProofAudit.lean:11:0: AXIOM AUDIT theorem: DefiKernel.ConcentratedLiquidity.SqrtPriceMath.floorDivWord._proof_1; module=DefiKernel.ConcentratedLiquidity.SqrtPriceMath; axioms=[propext]
info: DefiKernel/ConcentratedLiquidity/ProofAudit.lean:11:0: AXIOM AUDIT theorem: DefiKernel.ConcentratedLiquidity.SqrtPriceMath.floorDivWord.congr_simp; module=DefiKernel.ConcentratedLiquidity.Token0Proofs; axioms=[propext]
info: DefiKernel/ConcentratedLiquidity/ProofAudit.lean:11:0: AXIOM AUDIT theorem: DefiKernel.ConcentratedLiquidity.SqrtPriceMath.removePrimary._proof_1; module=DefiKernel.ConcentratedLiquidity.SqrtPriceMath; axioms=[propext,
 Classical.choice,
 Quot.sound]
info: DefiKernel/ConcentratedLiquidity/ProofAudit.lean:11:0: AXIOM AUDIT theorem: DefiKernel.ConcentratedLiquidity.SqrtPriceMath.widen160._proof_1; module=DefiKernel.ConcentratedLiquidity.SqrtPriceMath; axioms=[propext,
 Classical.choice,
 Quot.sound]
info: DefiKernel/ConcentratedLiquidity/ProofAudit.lean:11:0: AXIOM AUDIT theorem: DefiKernel.ConcentratedLiquidity.Examples.Token0Observation.error.inj; module=DefiKernel.ConcentratedLiquidity.Examples; axioms=[]
info: DefiKernel/ConcentratedLiquidity/ProofAudit.lean:11:0: AXIOM AUDIT theorem: DefiKernel.ConcentratedLiquidity.Examples.Token0Observation.error.injEq; module=DefiKernel.ConcentratedLiquidity.Examples; axioms=[propext]
info: DefiKernel/ConcentratedLiquidity/ProofAudit.lean:11:0: AXIOM AUDIT theorem: DefiKernel.ConcentratedLiquidity.Examples.Token0Observation.error.sizeOf_spec; module=DefiKernel.ConcentratedLiquidity.Examples; axioms=[]
info: DefiKernel/ConcentratedLiquidity/ProofAudit.lean:11:0: AXIOM AUDIT theorem: DefiKernel.ConcentratedLiquidity.Examples.Token0Observation.ok.inj; module=DefiKernel.ConcentratedLiquidity.Examples; axioms=[]
info: DefiKernel/ConcentratedLiquidity/ProofAudit.lean:11:0: AXIOM AUDIT theorem: DefiKernel.ConcentratedLiquidity.Examples.Token0Observation.ok.injEq; module=DefiKernel.ConcentratedLiquidity.Examples; axioms=[propext]
info: DefiKernel/ConcentratedLiquidity/ProofAudit.lean:11:0: AXIOM AUDIT theorem: DefiKernel.ConcentratedLiquidity.Examples.Token0Observation.ok.sizeOf_spec; module=DefiKernel.ConcentratedLiquidity.Examples; axioms=[]
info: DefiKernel/ConcentratedLiquidity/ProofAudit.lean:11:0: AXIOM AUDIT theorem: DefiKernel.ConcentratedLiquidity.Examples.instDecidableEqToken0Observation.decEq._proof_1; module=DefiKernel.ConcentratedLiquidity.Examples; axioms=[]
info: DefiKernel/ConcentratedLiquidity/ProofAudit.lean:11:0: AXIOM AUDIT theorem: DefiKernel.ConcentratedLiquidity.Examples.instDecidableEqToken0Observation.decEq._proof_2; module=DefiKernel.ConcentratedLiquidity.Examples; axioms=[]
info: DefiKernel/ConcentratedLiquidity/ProofAudit.lean:11:0: AXIOM AUDIT theorem: DefiKernel.ConcentratedLiquidity.Examples.instDecidableEqToken0Observation.decEq._proof_3; module=DefiKernel.ConcentratedLiquidity.Examples; axioms=[]
info: DefiKernel/ConcentratedLiquidity/ProofAudit.lean:11:0: AXIOM AUDIT theorem: DefiKernel.ConcentratedLiquidity.Examples.instDecidableEqToken0Observation.decEq._proof_4; module=DefiKernel.ConcentratedLiquidity.Examples; axioms=[]
info: DefiKernel/ConcentratedLiquidity/ProofAudit.lean:11:0: AXIOM AUDIT theorem: DefiKernel.ConcentratedLiquidity.Examples.instDecidableEqToken0Observation.decEq._proof_5; module=DefiKernel.ConcentratedLiquidity.Examples; axioms=[]
info: DefiKernel/ConcentratedLiquidity/ProofAudit.lean:11:0: AXIOM AUDIT theorem: DefiKernel.ConcentratedLiquidity.Examples.instDecidableEqToken0Observation.decEq._proof_6; module=DefiKernel.ConcentratedLiquidity.Examples; axioms=[]
info: DefiKernel/ConcentratedLiquidity/ProofAudit.lean:11:0: AXIOM AUDIT theorem: _private.DefiKernel.ConcentratedLiquidity.FullMath.0.DefiKernel.ConcentratedLiquidity.FullMath.ofRoundingFailure.match_1.eq_1; module=DefiKernel.ConcentratedLiquidity.FullMath; axioms=[]
info: DefiKernel/ConcentratedLiquidity/ProofAudit.lean:11:0: AXIOM AUDIT theorem: _private.DefiKernel.ConcentratedLiquidity.FullMath.0.DefiKernel.ConcentratedLiquidity.FullMath.ofRoundingFailure.match_1.eq_10; module=DefiKernel.ConcentratedLiquidity.FullMath; axioms=[]
info: DefiKernel/ConcentratedLiquidity/ProofAudit.lean:11:0: AXIOM AUDIT theorem: _private.DefiKernel.ConcentratedLiquidity.FullMath.0.DefiKernel.ConcentratedLiquidity.FullMath.ofRoundingFailure.match_1.eq_2; module=DefiKernel.ConcentratedLiquidity.FullMath; axioms=[]
info: DefiKernel/ConcentratedLiquidity/ProofAudit.lean:11:0: AXIOM AUDIT theorem: _private.DefiKernel.ConcentratedLiquidity.FullMath.0.DefiKernel.ConcentratedLiquidity.FullMath.ofRoundingFailure.match_1.eq_3; module=DefiKernel.ConcentratedLiquidity.FullMath; axioms=[]
info: DefiKernel/ConcentratedLiquidity/ProofAudit.lean:11:0: AXIOM AUDIT theorem: _private.DefiKernel.ConcentratedLiquidity.FullMath.0.DefiKernel.ConcentratedLiquidity.FullMath.ofRoundingFailure.match_1.eq_4; module=DefiKernel.ConcentratedLiquidity.FullMath; axioms=[]
info: DefiKernel/ConcentratedLiquidity/ProofAudit.lean:11:0: AXIOM AUDIT theorem: _private.DefiKernel.ConcentratedLiquidity.FullMath.0.DefiKernel.ConcentratedLiquidity.FullMath.ofRoundingFailure.match_1.eq_5; module=DefiKernel.ConcentratedLiquidity.FullMath; axioms=[]
info: DefiKernel/ConcentratedLiquidity/ProofAudit.lean:11:0: AXIOM AUDIT theorem: _private.DefiKernel.ConcentratedLiquidity.FullMath.0.DefiKernel.ConcentratedLiquidity.FullMath.ofRoundingFailure.match_1.eq_6; module=DefiKernel.ConcentratedLiquidity.FullMath; axioms=[]
info: DefiKernel/ConcentratedLiquidity/ProofAudit.lean:11:0: AXIOM AUDIT theorem: _private.DefiKernel.ConcentratedLiquidity.FullMath.0.DefiKernel.ConcentratedLiquidity.FullMath.ofRoundingFailure.match_1.eq_7; module=DefiKernel.ConcentratedLiquidity.FullMath; axioms=[]
info: DefiKernel/ConcentratedLiquidity/ProofAudit.lean:11:0: AXIOM AUDIT theorem: _private.DefiKernel.ConcentratedLiquidity.FullMath.0.DefiKernel.ConcentratedLiquidity.FullMath.ofRoundingFailure.match_1.eq_8; module=DefiKernel.ConcentratedLiquidity.FullMath; axioms=[]
info: DefiKernel/ConcentratedLiquidity/ProofAudit.lean:11:0: AXIOM AUDIT theorem: _private.DefiKernel.ConcentratedLiquidity.FullMath.0.DefiKernel.ConcentratedLiquidity.FullMath.ofRoundingFailure.match_1.eq_9; module=DefiKernel.ConcentratedLiquidity.FullMath; axioms=[]
info: DefiKernel/ConcentratedLiquidity/ProofAudit.lean:11:0: AXIOM AUDIT declaration: DefiKernel.ConcentratedLiquidity.Q96; module=DefiKernel.ConcentratedLiquidity.Types; kind=definition; axioms=[]
info: DefiKernel/ConcentratedLiquidity/ProofAudit.lean:11:0: AXIOM AUDIT declaration: DefiKernel.ConcentratedLiquidity.U128; module=DefiKernel.ConcentratedLiquidity.Types; kind=definition; axioms=[]
info: DefiKernel/ConcentratedLiquidity/ProofAudit.lean:11:0: AXIOM AUDIT declaration: DefiKernel.ConcentratedLiquidity.U160; module=DefiKernel.ConcentratedLiquidity.Types; kind=definition; axioms=[]
info: DefiKernel/ConcentratedLiquidity/ProofAudit.lean:11:0: AXIOM AUDIT declaration: DefiKernel.ConcentratedLiquidity.U256; module=DefiKernel.ConcentratedLiquidity.Types; kind=definition; axioms=[]
info: DefiKernel/ConcentratedLiquidity/ProofAudit.lean:11:0: AXIOM AUDIT declaration: DefiKernel.ConcentratedLiquidity.instDecidableEqFailure; module=DefiKernel.ConcentratedLiquidity.Types; kind=definition; axioms=[]
info: DefiKernel/ConcentratedLiquidity/ProofAudit.lean:11:0: AXIOM AUDIT declaration: DefiKernel.ConcentratedLiquidity.instReprFailure; module=DefiKernel.ConcentratedLiquidity.Types; kind=definition; axioms=[]
info: DefiKernel/ConcentratedLiquidity/ProofAudit.lean:11:0: AXIOM AUDIT declaration: DefiKernel.ConcentratedLiquidity.Examples.Q96w; module=DefiKernel.ConcentratedLiquidity.Examples; kind=definition; axioms=[propext]
info: DefiKernel/ConcentratedLiquidity/ProofAudit.lean:11:0: AXIOM AUDIT declaration: DefiKernel.ConcentratedLiquidity.Examples.actual; module=DefiKernel.ConcentratedLiquidity.Examples; kind=definition; axioms=[propext,
 Classical.choice,
 Quot.sound]
info: DefiKernel/ConcentratedLiquidity/ProofAudit.lean:11:0: AXIOM AUDIT declaration: DefiKernel.ConcentratedLiquidity.Examples.addRound; module=DefiKernel.ConcentratedLiquidity.Examples; kind=definition; axioms=[propext]
info: DefiKernel/ConcentratedLiquidity/ProofAudit.lean:11:0: AXIOM AUDIT declaration: DefiKernel.ConcentratedLiquidity.Examples.amountProd; module=DefiKernel.ConcentratedLiquidity.Examples; kind=definition; axioms=[propext]
info: DefiKernel/ConcentratedLiquidity/ProofAudit.lean:11:0: AXIOM AUDIT declaration: DefiKernel.ConcentratedLiquidity.Examples.amountWrap; module=DefiKernel.ConcentratedLiquidity.Examples; kind=definition; axioms=[propext]
info: DefiKernel/ConcentratedLiquidity/ProofAudit.lean:11:0: AXIOM AUDIT declaration: DefiKernel.ConcentratedLiquidity.Examples.expected; module=DefiKernel.ConcentratedLiquidity.Examples; kind=definition; axioms=[]
info: DefiKernel/ConcentratedLiquidity/ProofAudit.lean:11:0: AXIOM AUDIT declaration: DefiKernel.ConcentratedLiquidity.Examples.instDecidableEqToken0Observation; module=DefiKernel.ConcentratedLiquidity.Examples; kind=definition; axioms=[]
info: DefiKernel/ConcentratedLiquidity/ProofAudit.lean:11:0: AXIOM AUDIT declaration: DefiKernel.ConcentratedLiquidity.Examples.instReprToken0Observation; module=DefiKernel.ConcentratedLiquidity.Examples; kind=definition; axioms=[]
info: DefiKernel/ConcentratedLiquidity/ProofAudit.lean:11:0: AXIOM AUDIT declaration: DefiKernel.ConcentratedLiquidity.Examples.liqProd; module=DefiKernel.ConcentratedLiquidity.Examples; kind=definition; axioms=[propext]
info: DefiKernel/ConcentratedLiquidity/ProofAudit.lean:11:0: AXIOM AUDIT declaration: DefiKernel.ConcentratedLiquidity.Examples.liqSafecast; module=DefiKernel.ConcentratedLiquidity.Examples; kind=definition; axioms=[propext]
info: DefiKernel/ConcentratedLiquidity/ProofAudit.lean:11:0: AXIOM AUDIT declaration: DefiKernel.ConcentratedLiquidity.Examples.maxSqrtMinus1; module=DefiKernel.ConcentratedLiquidity.Examples; kind=definition; axioms=[propext]
info: DefiKernel/ConcentratedLiquidity/ProofAudit.lean:11:0: AXIOM AUDIT declaration: DefiKernel.ConcentratedLiquidity.Examples.maxU128; module=DefiKernel.ConcentratedLiquidity.Examples; kind=definition; axioms=[propext]
info: DefiKernel/ConcentratedLiquidity/ProofAudit.lean:11:0: AXIOM AUDIT declaration: DefiKernel.ConcentratedLiquidity.Examples.observeMulDiv; module=DefiKernel.ConcentratedLiquidity.Examples; kind=definition; axioms=[]
info: DefiKernel/ConcentratedLiquidity/ProofAudit.lean:11:0: AXIOM AUDIT declaration: DefiKernel.ConcentratedLiquidity.Examples.observeMulDivUp; module=DefiKernel.ConcentratedLiquidity.Examples; kind=definition; axioms=[]
info: DefiKernel/ConcentratedLiquidity/ProofAudit.lean:11:0: AXIOM AUDIT declaration: DefiKernel.ConcentratedLiquidity.Examples.observeToken0; module=DefiKernel.ConcentratedLiquidity.Examples; kind=definition; axioms=[propext,
 Classical.choice,
 Quot.sound]
info: DefiKernel/ConcentratedLiquidity/ProofAudit.lean:11:0: AXIOM AUDIT declaration: DefiKernel.ConcentratedLiquidity.Examples.prodOk; module=DefiKernel.ConcentratedLiquidity.Examples; kind=definition; axioms=[propext]
info: DefiKernel/ConcentratedLiquidity/ProofAudit.lean:11:0: AXIOM AUDIT declaration: DefiKernel.ConcentratedLiquidity.Examples.remOk; module=DefiKernel.ConcentratedLiquidity.Examples; kind=definition; axioms=[propext]
info: DefiKernel/ConcentratedLiquidity/ProofAudit.lean:11:0: AXIOM AUDIT declaration: DefiKernel.ConcentratedLiquidity.Examples.safecastSqrt; module=DefiKernel.ConcentratedLiquidity.Examples; kind=definition; axioms=[propext]
info: DefiKernel/ConcentratedLiquidity/ProofAudit.lean:11:0: AXIOM AUDIT declaration: DefiKernel.ConcentratedLiquidity.Examples.two128; module=DefiKernel.ConcentratedLiquidity.Examples; kind=definition; axioms=[propext]
info: DefiKernel/ConcentratedLiquidity/ProofAudit.lean:11:0: AXIOM AUDIT declaration: DefiKernel.ConcentratedLiquidity.Examples.two160m1; module=DefiKernel.ConcentratedLiquidity.Examples; kind=definition; axioms=[propext]
info: DefiKernel/ConcentratedLiquidity/ProofAudit.lean:11:0: AXIOM AUDIT declaration: DefiKernel.ConcentratedLiquidity.Examples.two255; module=DefiKernel.ConcentratedLiquidity.Examples; kind=definition; axioms=[propext]
info: DefiKernel/ConcentratedLiquidity/ProofAudit.lean:11:0: AXIOM AUDIT declaration: DefiKernel.ConcentratedLiquidity.Examples.two95; module=DefiKernel.ConcentratedLiquidity.Examples; kind=definition; axioms=[propext]
info: DefiKernel/ConcentratedLiquidity/ProofAudit.lean:11:0: AXIOM AUDIT declaration: DefiKernel.ConcentratedLiquidity.Examples.w128; module=DefiKernel.ConcentratedLiquidity.Examples; kind=definition; axioms=[propext]
info: DefiKernel/ConcentratedLiquidity/ProofAudit.lean:11:0: AXIOM AUDIT declaration: DefiKernel.ConcentratedLiquidity.Examples.w160; module=DefiKernel.ConcentratedLiquidity.Examples; kind=definition; axioms=[propext]
info: DefiKernel/ConcentratedLiquidity/ProofAudit.lean:11:0: AXIOM AUDIT declaration: DefiKernel.ConcentratedLiquidity.Examples.w256; module=DefiKernel.ConcentratedLiquidity.Examples; kind=definition; axioms=[propext]
info: DefiKernel/ConcentratedLiquidity/ProofAudit.lean:11:0: AXIOM AUDIT declaration: DefiKernel.ConcentratedLiquidity.Examples.wrapOk; module=DefiKernel.ConcentratedLiquidity.Examples; kind=definition; axioms=[propext]
info: DefiKernel/ConcentratedLiquidity/ProofAudit.lean:11:0: AXIOM AUDIT declaration: DefiKernel.ConcentratedLiquidity.Failure._sizeOf_1; module=DefiKernel.ConcentratedLiquidity.Types; kind=definition; axioms=[]
info: DefiKernel/ConcentratedLiquidity/ProofAudit.lean:11:0: AXIOM AUDIT declaration: DefiKernel.ConcentratedLiquidity.Failure._sizeOf_inst; module=DefiKernel.ConcentratedLiquidity.Types; kind=definition; axioms=[]
info: DefiKernel/ConcentratedLiquidity/ProofAudit.lean:11:0: AXIOM AUDIT declaration: DefiKernel.ConcentratedLiquidity.Failure.casesOn; module=DefiKernel.ConcentratedLiquidity.Types; kind=definition; axioms=[]
info: DefiKernel/ConcentratedLiquidity/ProofAudit.lean:11:0: AXIOM AUDIT declaration: DefiKernel.ConcentratedLiquidity.Failure.ctorElim; module=DefiKernel.ConcentratedLiquidity.Types; kind=definition; axioms=[]
info: DefiKernel/ConcentratedLiquidity/ProofAudit.lean:11:0: AXIOM AUDIT declaration: DefiKernel.ConcentratedLiquidity.Failure.ctorElimType; module=DefiKernel.ConcentratedLiquidity.Types; kind=definition; axioms=[]
info: DefiKernel/ConcentratedLiquidity/ProofAudit.lean:11:0: AXIOM AUDIT declaration: DefiKernel.ConcentratedLiquidity.Failure.ctorIdx; module=DefiKernel.ConcentratedLiquidity.Types; kind=definition; axioms=[]
info: DefiKernel/ConcentratedLiquidity/ProofAudit.lean:11:0: AXIOM AUDIT declaration: DefiKernel.ConcentratedLiquidity.Failure.noConfusion; module=DefiKernel.ConcentratedLiquidity.Types; kind=definition; axioms=[]
info: DefiKernel/ConcentratedLiquidity/ProofAudit.lean:11:0: AXIOM AUDIT declaration: DefiKernel.ConcentratedLiquidity.Failure.noConfusionType; module=DefiKernel.ConcentratedLiquidity.Types; kind=definition; axioms=[]
info: DefiKernel/ConcentratedLiquidity/ProofAudit.lean:11:0: AXIOM AUDIT declaration: DefiKernel.ConcentratedLiquidity.Failure.ofNat; module=DefiKernel.ConcentratedLiquidity.Types; kind=definition; axioms=[]
info: DefiKernel/ConcentratedLiquidity/ProofAudit.lean:11:0: AXIOM AUDIT declaration: DefiKernel.ConcentratedLiquidity.Failure.recOn; module=DefiKernel.ConcentratedLiquidity.Types; kind=definition; axioms=[]
info: DefiKernel/ConcentratedLiquidity/ProofAudit.lean:11:0: AXIOM AUDIT declaration: DefiKernel.ConcentratedLiquidity.Failure.toCtorIdx; module=DefiKernel.ConcentratedLiquidity.Types; kind=definition; axioms=[]
info: DefiKernel/ConcentratedLiquidity/ProofAudit.lean:11:0: AXIOM AUDIT declaration: DefiKernel.ConcentratedLiquidity.FullMath.liftMulDiv; module=DefiKernel.ConcentratedLiquidity.FullMath; kind=definition; axioms=[]
info: DefiKernel/ConcentratedLiquidity/ProofAudit.lean:11:0: AXIOM AUDIT declaration: DefiKernel.ConcentratedLiquidity.FullMath.mulDiv; module=DefiKernel.ConcentratedLiquidity.FullMath; kind=definition; axioms=[]
info: DefiKernel/ConcentratedLiquidity/ProofAudit.lean:11:0: AXIOM AUDIT declaration: DefiKernel.ConcentratedLiquidity.FullMath.mulDivRoundingUp; module=DefiKernel.ConcentratedLiquidity.FullMath; kind=definition; axioms=[]
info: DefiKernel/ConcentratedLiquidity/ProofAudit.lean:11:0: AXIOM AUDIT declaration: DefiKernel.ConcentratedLiquidity.FullMath.ofRoundingFailure; module=DefiKernel.ConcentratedLiquidity.FullMath; kind=definition; axioms=[]
info: DefiKernel/ConcentratedLiquidity/ProofAudit.lean:11:0: AXIOM AUDIT declaration: DefiKernel.ConcentratedLiquidity.RuntimeAudit.main; module=DefiKernel.ConcentratedLiquidity.RuntimeAudit; kind=definition; axioms=[propext,
 Classical.choice,
 Quot.sound]
info: DefiKernel/ConcentratedLiquidity/ProofAudit.lean:11:0: AXIOM AUDIT declaration: DefiKernel.ConcentratedLiquidity.SqrtPriceMath.addFallback; module=DefiKernel.ConcentratedLiquidity.SqrtPriceMath; kind=definition; axioms=[propext,
 Classical.choice,
 Quot.sound]
info: DefiKernel/ConcentratedLiquidity/ProofAudit.lean:11:0: AXIOM AUDIT declaration: DefiKernel.ConcentratedLiquidity.SqrtPriceMath.addPrimary; module=DefiKernel.ConcentratedLiquidity.SqrtPriceMath; kind=definition; axioms=[propext,
 Classical.choice,
 Quot.sound]
info: DefiKernel/ConcentratedLiquidity/ProofAudit.lean:11:0: AXIOM AUDIT declaration: DefiKernel.ConcentratedLiquidity.SqrtPriceMath.bareToUint160; module=DefiKernel.ConcentratedLiquidity.SqrtPriceMath; kind=definition; axioms=[]
info: DefiKernel/ConcentratedLiquidity/ProofAudit.lean:11:0: AXIOM AUDIT declaration: DefiKernel.ConcentratedLiquidity.SqrtPriceMath.checkedAdd; module=DefiKernel.ConcentratedLiquidity.SqrtPriceMath; kind=definition; axioms=[]
info: DefiKernel/ConcentratedLiquidity/ProofAudit.lean:11:0: AXIOM AUDIT declaration: DefiKernel.ConcentratedLiquidity.SqrtPriceMath.divRoundingUp; module=DefiKernel.ConcentratedLiquidity.SqrtPriceMath; kind=definition; axioms=[]
info: DefiKernel/ConcentratedLiquidity/ProofAudit.lean:11:0: AXIOM AUDIT declaration: DefiKernel.ConcentratedLiquidity.SqrtPriceMath.floorDivWord; module=DefiKernel.ConcentratedLiquidity.SqrtPriceMath; kind=definition; axioms=[propext]
info: DefiKernel/ConcentratedLiquidity/ProofAudit.lean:11:0: AXIOM AUDIT declaration: DefiKernel.ConcentratedLiquidity.SqrtPriceMath.getNextSqrtPriceFromAmount0RoundingUp; module=DefiKernel.ConcentratedLiquidity.SqrtPriceMath; kind=definition; axioms=[propext,
 Classical.choice,
 Quot.sound]
info: DefiKernel/ConcentratedLiquidity/ProofAudit.lean:11:0: AXIOM AUDIT declaration: DefiKernel.ConcentratedLiquidity.SqrtPriceMath.numerator1; module=DefiKernel.ConcentratedLiquidity.SqrtPriceMath; kind=definition; axioms=[]
info: DefiKernel/ConcentratedLiquidity/ProofAudit.lean:11:0: AXIOM AUDIT declaration: DefiKernel.ConcentratedLiquidity.SqrtPriceMath.numerator1Word; module=DefiKernel.ConcentratedLiquidity.SqrtPriceMath; kind=definition; axioms=[propext,
 Classical.choice,
 Quot.sound]
info: DefiKernel/ConcentratedLiquidity/ProofAudit.lean:11:0: AXIOM AUDIT declaration: DefiKernel.ConcentratedLiquidity.SqrtPriceMath.ofAddFailure; module=DefiKernel.ConcentratedLiquidity.SqrtPriceMath; kind=definition; axioms=[]
info: DefiKernel/ConcentratedLiquidity/ProofAudit.lean:11:0: AXIOM AUDIT declaration: DefiKernel.ConcentratedLiquidity.SqrtPriceMath.product; module=DefiKernel.ConcentratedLiquidity.SqrtPriceMath; kind=definition; axioms=[]
info: DefiKernel/ConcentratedLiquidity/ProofAudit.lean:11:0: AXIOM AUDIT declaration: DefiKernel.ConcentratedLiquidity.SqrtPriceMath.removePrimary; module=DefiKernel.ConcentratedLiquidity.SqrtPriceMath; kind=definition; axioms=[propext,
 Classical.choice,
 Quot.sound]
info: DefiKernel/ConcentratedLiquidity/ProofAudit.lean:11:0: AXIOM AUDIT declaration: DefiKernel.ConcentratedLiquidity.SqrtPriceMath.toUint160; module=DefiKernel.ConcentratedLiquidity.SqrtPriceMath; kind=definition; axioms=[]
info: DefiKernel/ConcentratedLiquidity/ProofAudit.lean:11:0: AXIOM AUDIT declaration: DefiKernel.ConcentratedLiquidity.SqrtPriceMath.widen160; module=DefiKernel.ConcentratedLiquidity.SqrtPriceMath; kind=definition; axioms=[propext,
 Classical.choice,
 Quot.sound]
info: DefiKernel/ConcentratedLiquidity/ProofAudit.lean:11:0: AXIOM AUDIT declaration: DefiKernel.ConcentratedLiquidity.SqrtPriceMath.wrap256; module=DefiKernel.ConcentratedLiquidity.SqrtPriceMath; kind=definition; axioms=[propext]
info: DefiKernel/ConcentratedLiquidity/ProofAudit.lean:11:0: AXIOM AUDIT declaration: DefiKernel.ConcentratedLiquidity.SqrtPriceMath.wrapWord; module=DefiKernel.ConcentratedLiquidity.SqrtPriceMath; kind=definition; axioms=[propext]
info: DefiKernel/ConcentratedLiquidity/ProofAudit.lean:11:0: AXIOM AUDIT declaration: DefiKernel.ConcentratedLiquidity.Tests.runtimeChecks; module=DefiKernel.ConcentratedLiquidity.Tests; kind=definition; axioms=[propext,
 Classical.choice,
 Quot.sound]
info: DefiKernel/ConcentratedLiquidity/ProofAudit.lean:11:0: AXIOM AUDIT declaration: DefiKernel.ConcentratedLiquidity.instReprFailure.repr; module=DefiKernel.ConcentratedLiquidity.Types; kind=definition; axioms=[]
info: DefiKernel/ConcentratedLiquidity/ProofAudit.lean:11:0: AXIOM AUDIT declaration: DefiKernel.ConcentratedLiquidity.Examples.Token0Observation._sizeOf_1; module=DefiKernel.ConcentratedLiquidity.Examples; kind=definition; axioms=[]
info: DefiKernel/ConcentratedLiquidity/ProofAudit.lean:11:0: AXIOM AUDIT declaration: DefiKernel.ConcentratedLiquidity.Examples.Token0Observation._sizeOf_inst; module=DefiKernel.ConcentratedLiquidity.Examples; kind=definition; axioms=[]
info: DefiKernel/ConcentratedLiquidity/ProofAudit.lean:11:0: AXIOM AUDIT declaration: DefiKernel.ConcentratedLiquidity.Examples.Token0Observation.casesOn; module=DefiKernel.ConcentratedLiquidity.Examples; kind=definition; axioms=[]
info: DefiKernel/ConcentratedLiquidity/ProofAudit.lean:11:0: AXIOM AUDIT declaration: DefiKernel.ConcentratedLiquidity.Examples.Token0Observation.ctorElim; module=DefiKernel.ConcentratedLiquidity.Examples; kind=definition; axioms=[]
info: DefiKernel/ConcentratedLiquidity/ProofAudit.lean:11:0: AXIOM AUDIT declaration: DefiKernel.ConcentratedLiquidity.Examples.Token0Observation.ctorElimType; module=DefiKernel.ConcentratedLiquidity.Examples; kind=definition; axioms=[]
info: DefiKernel/ConcentratedLiquidity/ProofAudit.lean:11:0: AXIOM AUDIT declaration: DefiKernel.ConcentratedLiquidity.Examples.Token0Observation.ctorIdx; module=DefiKernel.ConcentratedLiquidity.Examples; kind=definition; axioms=[]
info: DefiKernel/ConcentratedLiquidity/ProofAudit.lean:11:0: AXIOM AUDIT declaration: DefiKernel.ConcentratedLiquidity.Examples.Token0Observation.noConfusion; module=DefiKernel.ConcentratedLiquidity.Examples; kind=definition; axioms=[]
info: DefiKernel/ConcentratedLiquidity/ProofAudit.lean:11:0: AXIOM AUDIT declaration: DefiKernel.ConcentratedLiquidity.Examples.Token0Observation.noConfusionType; module=DefiKernel.ConcentratedLiquidity.Examples; kind=definition; axioms=[]
info: DefiKernel/ConcentratedLiquidity/ProofAudit.lean:11:0: AXIOM AUDIT declaration: DefiKernel.ConcentratedLiquidity.Examples.Token0Observation.recOn; module=DefiKernel.ConcentratedLiquidity.Examples; kind=definition; axioms=[]
info: DefiKernel/ConcentratedLiquidity/ProofAudit.lean:11:0: AXIOM AUDIT declaration: DefiKernel.ConcentratedLiquidity.Examples.instDecidableEqToken0Observation.decEq; module=DefiKernel.ConcentratedLiquidity.Examples; kind=definition; axioms=[]
info: DefiKernel/ConcentratedLiquidity/ProofAudit.lean:11:0: AXIOM AUDIT declaration: DefiKernel.ConcentratedLiquidity.Examples.instReprToken0Observation.repr; module=DefiKernel.ConcentratedLiquidity.Examples; kind=definition; axioms=[]
info: DefiKernel/ConcentratedLiquidity/ProofAudit.lean:11:0: AXIOM AUDIT declaration: DefiKernel.ConcentratedLiquidity.Examples.observeMulDiv.match_1; module=DefiKernel.ConcentratedLiquidity.Examples; kind=definition; axioms=[]
info: DefiKernel/ConcentratedLiquidity/ProofAudit.lean:11:0: AXIOM AUDIT declaration: DefiKernel.ConcentratedLiquidity.Examples.observeToken0.match_1; module=DefiKernel.ConcentratedLiquidity.Examples; kind=definition; axioms=[]
info: DefiKernel/ConcentratedLiquidity/ProofAudit.lean:11:0: AXIOM AUDIT declaration: DefiKernel.ConcentratedLiquidity.Examples.w128._auto_1; module=DefiKernel.ConcentratedLiquidity.Examples; kind=definition; axioms=[]
info: DefiKernel/ConcentratedLiquidity/ProofAudit.lean:11:0: AXIOM AUDIT declaration: DefiKernel.ConcentratedLiquidity.Examples.w160._auto_1; module=DefiKernel.ConcentratedLiquidity.Examples; kind=definition; axioms=[]
info: DefiKernel/ConcentratedLiquidity/ProofAudit.lean:11:0: AXIOM AUDIT declaration: DefiKernel.ConcentratedLiquidity.Examples.w256._auto_1; module=DefiKernel.ConcentratedLiquidity.Examples; kind=definition; axioms=[]
info: DefiKernel/ConcentratedLiquidity/ProofAudit.lean:11:0: AXIOM AUDIT declaration: DefiKernel.ConcentratedLiquidity.Failure.addOverflow.elim; module=DefiKernel.ConcentratedLiquidity.Types; kind=definition; axioms=[]
info: DefiKernel/ConcentratedLiquidity/ProofAudit.lean:11:0: AXIOM AUDIT declaration: DefiKernel.ConcentratedLiquidity.Failure.divisionByZero.elim; module=DefiKernel.ConcentratedLiquidity.Types; kind=definition; axioms=[]
info: DefiKernel/ConcentratedLiquidity/ProofAudit.lean:11:0: AXIOM AUDIT declaration: DefiKernel.ConcentratedLiquidity.Failure.quotientOverflow.elim; module=DefiKernel.ConcentratedLiquidity.Types; kind=definition; axioms=[]
info: DefiKernel/ConcentratedLiquidity/ProofAudit.lean:11:0: AXIOM AUDIT declaration: DefiKernel.ConcentratedLiquidity.Failure.subUnderflow.elim; module=DefiKernel.ConcentratedLiquidity.Types; kind=definition; axioms=[]
info: DefiKernel/ConcentratedLiquidity/ProofAudit.lean:11:0: AXIOM AUDIT declaration: DefiKernel.ConcentratedLiquidity.Failure.uint160Overflow.elim; module=DefiKernel.ConcentratedLiquidity.Types; kind=definition; axioms=[]
info: DefiKernel/ConcentratedLiquidity/ProofAudit.lean:11:0: AXIOM AUDIT declaration: DefiKernel.ConcentratedLiquidity.FullMath.liftMulDiv.match_1; module=DefiKernel.ConcentratedLiquidity.FullMath; kind=definition; axioms=[]
info: DefiKernel/ConcentratedLiquidity/ProofAudit.lean:11:0: AXIOM AUDIT declaration: DefiKernel.ConcentratedLiquidity.FullMath.ofRoundingFailure.match_1; module=DefiKernel.ConcentratedLiquidity.FullMath; kind=definition; axioms=[]
info: DefiKernel/ConcentratedLiquidity/ProofAudit.lean:11:0: AXIOM AUDIT declaration: DefiKernel.ConcentratedLiquidity.FullMath.ofRoundingFailure_eq_of_rounding._sparseCasesOn_1; module=DefiKernel.ConcentratedLiquidity.FullMath; kind=definition; axioms=[propext]
info: DefiKernel/ConcentratedLiquidity/ProofAudit.lean:11:0: AXIOM AUDIT declaration: DefiKernel.ConcentratedLiquidity.FullMath.ofRoundingFailure_eq_of_rounding.match_1; module=DefiKernel.ConcentratedLiquidity.FullMath; kind=definition; axioms=[propext]
info: DefiKernel/ConcentratedLiquidity/ProofAudit.lean:11:0: AXIOM AUDIT declaration: DefiKernel.ConcentratedLiquidity.RuntimeAudit.main.match_1; module=DefiKernel.ConcentratedLiquidity.RuntimeAudit; kind=definition; axioms=[]
info: DefiKernel/ConcentratedLiquidity/ProofAudit.lean:11:0: AXIOM AUDIT declaration: DefiKernel.ConcentratedLiquidity.SqrtPriceMath.addFallback.match_1; module=DefiKernel.ConcentratedLiquidity.SqrtPriceMath; kind=definition; axioms=[]
info: DefiKernel/ConcentratedLiquidity/ProofAudit.lean:11:0: AXIOM AUDIT declaration: DefiKernel.ConcentratedLiquidity.SqrtPriceMath.addFallback_eq.match_1; module=DefiKernel.ConcentratedLiquidity.Token0Proofs; kind=definition; axioms=[]
info: DefiKernel/ConcentratedLiquidity/ProofAudit.lean:11:0: AXIOM AUDIT declaration: DefiKernel.ConcentratedLiquidity.SqrtPriceMath.addPrimary.match_1; module=DefiKernel.ConcentratedLiquidity.SqrtPriceMath; kind=definition; axioms=[]
info: DefiKernel/ConcentratedLiquidity/ProofAudit.lean:11:0: AXIOM AUDIT declaration: DefiKernel.ConcentratedLiquidity.SqrtPriceMath.checkedAdd.match_1; module=DefiKernel.ConcentratedLiquidity.SqrtPriceMath; kind=definition; axioms=[]
info: DefiKernel/ConcentratedLiquidity/ProofAudit.lean:11:0: AXIOM AUDIT declaration: DefiKernel.ConcentratedLiquidity.SqrtPriceMath.ofAddFailure.match_1; module=DefiKernel.ConcentratedLiquidity.SqrtPriceMath; kind=definition; axioms=[]
info: DefiKernel/ConcentratedLiquidity/ProofAudit.lean:11:0: AXIOM AUDIT declaration: DefiKernel.ConcentratedLiquidity.SqrtPriceMath.primary_add.match_1; module=DefiKernel.ConcentratedLiquidity.Token0Proofs; kind=definition; axioms=[]
info: DefiKernel/ConcentratedLiquidity/ProofAudit.lean:11:0: AXIOM AUDIT declaration: DefiKernel.ConcentratedLiquidity.Tests.runtimeChecks.match_1; module=DefiKernel.ConcentratedLiquidity.Tests; kind=definition; axioms=[]
info: DefiKernel/ConcentratedLiquidity/ProofAudit.lean:11:0: AXIOM AUDIT declaration: DefiKernel.ConcentratedLiquidity.Tests.runtimeChecks.match_3; module=DefiKernel.ConcentratedLiquidity.Tests; kind=definition; axioms=[]
info: DefiKernel/ConcentratedLiquidity/ProofAudit.lean:11:0: AXIOM AUDIT declaration: DefiKernel.ConcentratedLiquidity.instReprFailure.repr.match_1; module=DefiKernel.ConcentratedLiquidity.Types; kind=definition; axioms=[]
info: DefiKernel/ConcentratedLiquidity/ProofAudit.lean:11:0: AXIOM AUDIT declaration: DefiKernel.ConcentratedLiquidity.Examples.Token0Observation.error.elim; module=DefiKernel.ConcentratedLiquidity.Examples; kind=definition; axioms=[]
info: DefiKernel/ConcentratedLiquidity/ProofAudit.lean:11:0: AXIOM AUDIT declaration: DefiKernel.ConcentratedLiquidity.Examples.Token0Observation.error.noConfusion; module=DefiKernel.ConcentratedLiquidity.Examples; kind=definition; axioms=[]
info: DefiKernel/ConcentratedLiquidity/ProofAudit.lean:11:0: AXIOM AUDIT declaration: DefiKernel.ConcentratedLiquidity.Examples.Token0Observation.ok.elim; module=DefiKernel.ConcentratedLiquidity.Examples; kind=definition; axioms=[]
info: DefiKernel/ConcentratedLiquidity/ProofAudit.lean:11:0: AXIOM AUDIT declaration: DefiKernel.ConcentratedLiquidity.Examples.Token0Observation.ok.noConfusion; module=DefiKernel.ConcentratedLiquidity.Examples; kind=definition; axioms=[]
info: DefiKernel/ConcentratedLiquidity/ProofAudit.lean:11:0: AXIOM AUDIT declaration: DefiKernel.ConcentratedLiquidity.Examples.instDecidableEqToken0Observation.decEq.match_1; module=DefiKernel.ConcentratedLiquidity.Examples; kind=definition; axioms=[]
info: DefiKernel/ConcentratedLiquidity/ProofAudit.lean:11:0: AXIOM AUDIT declaration: DefiKernel.ConcentratedLiquidity.Examples.instReprToken0Observation.repr.match_1; module=DefiKernel.ConcentratedLiquidity.Examples; kind=definition; axioms=[]
info: DefiKernel/ConcentratedLiquidity/ProofAudit.lean:11:0: AXIOM AUDIT declaration: _private.DefiKernel.ConcentratedLiquidity.FullMath.0.DefiKernel.ConcentratedLiquidity.FullMath.ofRoundingFailure.match_1.splitter; module=DefiKernel.ConcentratedLiquidity.FullMath; kind=definition; axioms=[]
info: DefiKernel/ConcentratedLiquidity/ProofAudit.lean:11:0: AXIOM AUDIT DECLARATIONS PASSED: 108/108 supplemental declarations; forbidden=0
info: DefiKernel/ConcentratedLiquidity/ProofAudit.lean:11:0: AXIOM AUDIT PASSED: 138/138 theorems; forbidden=0
Build completed successfully (827 jobs).
