⚠ [820/821] Replayed DefiKernel.ConcentratedLiquidity.FullMath
warning: DefiKernel/ConcentratedLiquidity/FullMath.lean:60:71: This simp argument is unused:
  h

Hint: Omit it from the simp argument list.
  [apply] simp

Note: This linter can be disabled with `set_option linter.unusedSimpArgs false`
warning: DefiKernel/ConcentratedLiquidity/FullMath.lean:102:8: try 'simp' instead of 'simpa'

Note: This linter can be disabled with `set_option linter.unnecessarySimpa false`
✖ [821/821] Building DefiKernel.ConcentratedLiquidity.SqrtPriceMath (1.2s)
trace: .> LEAN_PATH=/home/charl/defiformal-wt-p16-token0-grok-gpt6-20260908/lean/.lake/packages/Cli/.lake/build/lib/lean:/home/charl/defiformal-wt-p16-token0-grok-gpt6-20260908/lean/.lake/packages/batteries/.lake/build/lib/lean:/home/charl/defiformal-wt-p16-token0-grok-gpt6-20260908/lean/.lake/packages/Qq/.lake/build/lib/lean:/home/charl/defiformal-wt-p16-token0-grok-gpt6-20260908/lean/.lake/packages/aesop/.lake/build/lib/lean:/home/charl/defiformal-wt-p16-token0-grok-gpt6-20260908/lean/.lake/packages/proofwidgets/.lake/build/lib/lean:/home/charl/defiformal-wt-p16-token0-grok-gpt6-20260908/lean/.lake/packages/importGraph/.lake/build/lib/lean:/home/charl/defiformal-wt-p16-token0-grok-gpt6-20260908/lean/.lake/packages/LeanSearchClient/.lake/build/lib/lean:/home/charl/defiformal-wt-p16-token0-grok-gpt6-20260908/lean/.lake/packages/plausible/.lake/build/lib/lean:/home/charl/defiformal-wt-p16-token0-grok-gpt6-20260908/lean/.lake/packages/mathlib/.lake/build/lib/lean:/home/charl/defiformal-wt-p16-token0-grok-gpt6-20260908/lean/.lake/build/lib/lean /home/charl/.elan/toolchains/leanprover--lean4---v4.33.0-rc2/bin/lean /home/charl/defiformal-wt-p16-token0-grok-gpt6-20260908/lean/DefiKernel/ConcentratedLiquidity/SqrtPriceMath.lean -o /home/charl/defiformal-wt-p16-token0-grok-gpt6-20260908/lean/.lake/build/lib/lean/DefiKernel/ConcentratedLiquidity/SqrtPriceMath.olean -i /home/charl/defiformal-wt-p16-token0-grok-gpt6-20260908/lean/.lake/build/lib/lean/DefiKernel/ConcentratedLiquidity/SqrtPriceMath.ilean -c /home/charl/defiformal-wt-p16-token0-grok-gpt6-20260908/lean/.lake/build/ir/DefiKernel/ConcentratedLiquidity/SqrtPriceMath.c --setup /home/charl/defiformal-wt-p16-token0-grok-gpt6-20260908/lean/.lake/build/ir/DefiKernel/ConcentratedLiquidity/SqrtPriceMath.setup.json --json
error: DefiKernel/ConcentratedLiquidity/SqrtPriceMath.lean:139:19: Invalid dotted identifier notation: The expected type of `.ok` could not be determined

Hint: Using one of these would be unambiguous:
  [apply] `Except.ok`
  [apply] `EST.Out.ok`
  [apply] `EStateM.Result.ok`
  [apply] `Lean.Meta.Grind.CheckCoverageResult.ok`
error: DefiKernel/ConcentratedLiquidity/SqrtPriceMath.lean:140:22: Invalid dotted identifier notation: The expected type of `.error` could not be determined

Hint: Using one of these would be unambiguous:
  [apply] `Except.error`
  [apply] `EST.Out.error`
  [apply] `EStateM.Result.error`
  [apply] `Lean.Exception.error`
  [apply] `Lean.MessageSeverity.error`
  [apply] `Lean.Parser.error`
  [apply] `Lean.TraceResult.error`
  [apply] `Lean.Lsp.DiagnosticSeverity.error`
  [apply] `Lean.Lsp.MessageType.error`
  [apply] `Lean.Macro.Exception.error`
  [apply] `Mathlib.Tactic.BehaviorIfUnchanged.error`
  [apply] `Std.Internal.Parsec.ParseResult.error`
  [apply] `Lean.Meta.Tactic.TryThis.SuggestionStyle.error`
error: DefiKernel/ConcentratedLiquidity/SqrtPriceMath.lean:138:4: Application type mismatch: The argument
  congrArg (fun r ↦ ?m.41)
    (fullMathUp_eq (numerator1Word L) (widen160 sqrtP) (wrapWord (numerator1 L + product amount sqrtP)))
has type
  ?m.42 (fullMathUp (numerator1Word L) (widen160 sqrtP) (wrapWord (numerator1 L + product amount sqrtP))) =
    ?m.42 (mulDivRoundingUp (numerator1Word L) (widen160 sqrtP) (wrapWord (numerator1 L + product amount sqrtP)))
but is expected to have type
  (match fullMathUp (numerator1Word L) (widen160 sqrtP) (wrapWord (numerator1 L + product amount sqrtP)) with
    | Except.ok q => Except.ok (bareToUint160 q)
    | Except.error e => Except.error e) =
    match mulDivRoundingUp (numerator1Word L) (widen160 sqrtP) (wrapWord (numerator1 L + product amount sqrtP)) with
    | Except.ok q => Except.ok (bareToUint160 q)
    | Except.error e => Except.error e
in the application
  Eq.trans (addPrimary_match sqrtP L amount)
    (congrArg (fun r ↦ ?m.41)
      (fullMathUp_eq (numerator1Word L) (widen160 sqrtP) (wrapWord (numerator1 L + product amount sqrtP))))
error: Lean exited with code 1
Some required targets logged failures:
- DefiKernel.ConcentratedLiquidity.SqrtPriceMath
