⚠ [820/822] Replayed DefiKernel.ConcentratedLiquidity.FullMath
warning: DefiKernel/ConcentratedLiquidity/FullMath.lean:60:71: This simp argument is unused:
  h

Hint: Omit it from the simp argument list.
  [apply] simp

Note: This linter can be disabled with `set_option linter.unusedSimpArgs false`
warning: DefiKernel/ConcentratedLiquidity/FullMath.lean:102:8: try 'simp' instead of 'simpa'

Note: This linter can be disabled with `set_option linter.unnecessarySimpa false`
⚠ [821/822] Replayed DefiKernel.ConcentratedLiquidity.SqrtPriceMath
warning: DefiKernel/ConcentratedLiquidity/SqrtPriceMath.lean:97:52: This simp argument is unused:
  h

Hint: Omit it from the simp argument list.
  [apply] simp

Note: This linter can be disabled with `set_option linter.unusedSimpArgs false`
✖ [822/822] Building DefiKernel.ConcentratedLiquidity.Token0Proofs (1.1s)
trace: .> LEAN_PATH=/home/charl/defiformal-wt-p16-token0-grok-gpt6-20260908/lean/.lake/packages/Cli/.lake/build/lib/lean:/home/charl/defiformal-wt-p16-token0-grok-gpt6-20260908/lean/.lake/packages/batteries/.lake/build/lib/lean:/home/charl/defiformal-wt-p16-token0-grok-gpt6-20260908/lean/.lake/packages/Qq/.lake/build/lib/lean:/home/charl/defiformal-wt-p16-token0-grok-gpt6-20260908/lean/.lake/packages/aesop/.lake/build/lib/lean:/home/charl/defiformal-wt-p16-token0-grok-gpt6-20260908/lean/.lake/packages/proofwidgets/.lake/build/lib/lean:/home/charl/defiformal-wt-p16-token0-grok-gpt6-20260908/lean/.lake/packages/importGraph/.lake/build/lib/lean:/home/charl/defiformal-wt-p16-token0-grok-gpt6-20260908/lean/.lake/packages/LeanSearchClient/.lake/build/lib/lean:/home/charl/defiformal-wt-p16-token0-grok-gpt6-20260908/lean/.lake/packages/plausible/.lake/build/lib/lean:/home/charl/defiformal-wt-p16-token0-grok-gpt6-20260908/lean/.lake/packages/mathlib/.lake/build/lib/lean:/home/charl/defiformal-wt-p16-token0-grok-gpt6-20260908/lean/.lake/build/lib/lean /home/charl/.elan/toolchains/leanprover--lean4---v4.33.0-rc2/bin/lean /home/charl/defiformal-wt-p16-token0-grok-gpt6-20260908/lean/DefiKernel/ConcentratedLiquidity/Token0Proofs.lean -o /home/charl/defiformal-wt-p16-token0-grok-gpt6-20260908/lean/.lake/build/lib/lean/DefiKernel/ConcentratedLiquidity/Token0Proofs.olean -i /home/charl/defiformal-wt-p16-token0-grok-gpt6-20260908/lean/.lake/build/lib/lean/DefiKernel/ConcentratedLiquidity/Token0Proofs.ilean -c /home/charl/defiformal-wt-p16-token0-grok-gpt6-20260908/lean/.lake/build/ir/DefiKernel/ConcentratedLiquidity/Token0Proofs.c --setup /home/charl/defiformal-wt-p16-token0-grok-gpt6-20260908/lean/.lake/build/ir/DefiKernel/ConcentratedLiquidity/Token0Proofs.setup.json --json
error: DefiKernel/ConcentratedLiquidity/Token0Proofs.lean:331:12: Tactic `rewrite` failed: Did not find an occurrence of the pattern
  sqrtP.value * (numerator1 L / sqrtP.value + 1)
in the target expression
  sqrtP.value * (numerator1 L / sqrtP.value) + numerator1 L % sqrtP.value <
    sqrtP.value * ((sqrtP.value * (numerator1 L / sqrtP.value) + numerator1 L % sqrtP.value) / sqrtP.value + 1)

sqrtP : U160
L : U128
amount inner : U256
hnz : amount.value ≠ 0
hP : 0 < sqrtP.value
hinner : checkedAdd (floorDivWord (numerator1 L) sqrtP ⋯) amount = Except.ok inner
hpos : 0 < inner.value
hadd : Arithmetic.Operations.add (floorDivWord (numerator1 L) sqrtP ⋯) amount = Except.ok inner
hsum : (floorDivWord (numerator1 L) sqrtP ⋯).value + amount.value = inner.value
hfloor : (floorDivWord (numerator1 L) sqrtP ⋯).value = numerator1 L / sqrtP.value
hamt : 1 ≤ amount.value
hge : numerator1 L / sqrtP.value + 1 ≤ inner.value
hN : numerator1 L = sqrtP.value * (numerator1 L / sqrtP.value) + numerator1 L % sqrtP.value
hlt :
  sqrtP.value * (numerator1 L / sqrtP.value) + numerator1 L % sqrtP.value <
    sqrtP.value * (numerator1 L / sqrtP.value) + sqrtP.value
hmul : sqrtP.value * (numerator1 L / sqrtP.value) + sqrtP.value = sqrtP.value * (numerator1 L / sqrtP.value + 1)
⊢ sqrtP.value * (numerator1 L / sqrtP.value) + numerator1 L % sqrtP.value <
    sqrtP.value * ((sqrtP.value * (numerator1 L / sqrtP.value) + numerator1 L % sqrtP.value) / sqrtP.value + 1)
error: Lean exited with code 1
Some required targets logged failures:
- DefiKernel.ConcentratedLiquidity.Token0Proofs
