⚠ [921/942] Replayed DefiKernel.Typed.Transition
warning: DefiKernel/Typed/Transition.lean:239:20: `simp_all [throw, throwThe]` is a flexible tactic modifying `⊢`. Try `simp_all?` and use the suggested `simp_all only [...]`. Alternatively, use `suffices` to explicitly state the simplified form.

Note: This linter can be disabled with `set_option linter.flexible false`
info: DefiKernel/Typed/Transition.lean:239:20: Try this:
  [apply] simp_all only [or_false, Prod.forall, true_and]
info: DefiKernel/Typed/Transition.lean:244:6: `rename_i args`
modifies the current goal, which was modified by the flexible tactic `simp_all` on line 239!
warning: DefiKernel/Typed/Transition.lean:239:20: `simp_all [throw, throwThe]` is a flexible tactic modifying `⊢`. Try `simp_all?` and use the suggested `simp_all only [...]`. Alternatively, use `suffices` to explicitly state the simplified form.

Note: This linter can be disabled with `set_option linter.flexible false`
info: DefiKernel/Typed/Transition.lean:239:20: Try this:
  [apply] simp_all only [Option.some.injEq, false_or, Prod.forall]
info: DefiKernel/Typed/Transition.lean:244:6: `rename_i args`
modifies the current goal, which was modified by the flexible tactic `simp_all` on line 239!
⚠ [926/942] Replayed DefiKernel.Nary.Schedule
warning: DefiKernel/Nary/Schedule.lean:162:24: This simp argument is unused:
  Nat.add_assoc

Hint: Omit it from the simp argument list.
  [apply] simp [hbeq, hmem, Nat.add_left_comm, Nat.add_comm]

Note: This linter can be disabled with `set_option linter.unusedSimpArgs false`
warning: DefiKernel/Nary/Schedule.lean:263:2: `simp [admit, hv, ha, bind, Except.bind, pure, Except.pure]` is a flexible tactic modifying `⊢`. Try `simp?` and use the suggested `simp only [...]`. Alternatively, use `suffices` to explicitly state the simplified form.

Note: This linter can be disabled with `set_option linter.flexible false`
info: DefiKernel/Nary/Schedule.lean:264:2: `rw [hs']`
modifies the current goal, which was modified by the flexible tactic `simp` on line 263!
⚠ [933/942] Replayed DefiKernel.Nary.Observation
warning: DefiKernel/Nary/Observation.lean:338:4: `simp [localEq, Bool.and_eq_true, eventsEq_iff] at h` is a flexible tactic modifying `h`. Try `simp?` and use the suggested `simp only [...]`. Alternatively, use `suffices` to explicitly state the simplified form.

Note: This linter can be disabled with `set_option linter.flexible false`
info: DefiKernel/Nary/Observation.lean:338:4: Try this:
  [apply] simp only [Interleaving.LocalState.mk.injEq] at h
info: DefiKernel/Nary/Observation.lean:339:4: `obtain ⟨⟨⟨⟨hc, hi⟩, hf⟩, ho⟩, he⟩ := h`
uses `h`, which was modified by the flexible tactic `simp` on line 338!
warning: DefiKernel/Nary/Observation.lean:342:4: `simp [Interleaving.LocalState.mk.injEq] at h` is a flexible tactic modifying `h`. Try `simp?` and use the suggested `simp only [...]`. Alternatively, use `suffices` to explicitly state the simplified form.

Note: This linter can be disabled with `set_option linter.flexible false`
info: DefiKernel/Nary/Observation.lean:343:4: `obtain ⟨hc, he, ho, hi, hf⟩ := h`
uses `h`, which was modified by the flexible tactic `simp` on line 342!
ℹ [942/942] Replayed DefiKernel.Nary.Audit
info: DefiKernel/Nary/Audit.lean:19:0: nary.catalog.funded: true
nary.catalog.f10: true
nary.catalog.f05: true
nary.catalog.invalid: true
nary.labels.false-sixteen: true
nary.labels.protected: true
nary.f01.ids: true
nary.f01.class: true
nary.f01.configuration: true
nary.admission.suffix_precedence: true
nary.schedule.final_participant: true
nary.f01.four-nats: true
nary.f02.class: true
nary.f02.complete: true
nary.world.exact: true
nary.store.exact: true
nary.routing.locals: true
nary.success.index: true
nary.receipt.evaluated: true
nary.no_failure.exact: true
nary.f02.donors: true
nary.f02.attempts: true
nary.f03.class: true
nary.f03.lr: true
nary.f03.rl: true
nary.f03.lr.vault3: true
nary.f03.rl.vault4: true
nary.f03.both-count: true
nary.f03.independent-counts: true
nary.f03.both-count-projection: true
nary.f03.both-count-direct: true
nary.f03.malformed-suffix: true
nary.f03.malformed-suffix-direct: true
nary.f03.failed-prefix: true
nary.f03.failed-prefix-direct: true
nary.f03.exhausted-prefix: true
nary.f03.exhausted-prefix-direct: true
nary.f03.lr-direct: true
nary.f03.rl-direct: true
nary.f04.class: true
nary.empty.exact: true
nary.f04.invalid-empty: true
nary.f04.singleton: true
nary.f04.missing: true
nary.f04.singleton.vault9: true
nary.f05.class: true
nary.f05.catalog-one-producer: true
nary.history.own_input: true
nary.f05.final: true
nary.f05.outputs-6-2: true
nary.f05.shared-principal: true
nary.f06.class: true
nary.boundary.index1: true
nary.f06.peer-success: true
nary.f07.class: true
nary.refusal.peer_continues: true
nary.refusal.attempt: true
nary.f07.skip-no-attempt: true
nary.f07.three-chunk.concat: true
nary.f07.three-chunk.left: true
nary.f07.three-chunk.right: true
nary.f07.three-chunk.assoc: true
nary.f07.three-chunk.first: true
nary.f07.three-chunk.middle: true
nary.f07.three-chunk.middle-attempt: true
nary.f07.three-chunk.peer: true
nary.f07.three-chunk.monitor.concat: true
nary.f07.three-chunk.monitor.middle: true
nary.f07.three-chunk.monitor.chunked: true
nary.f07.three-chunk.monitor.erase: true
nary.f08.class: true
nary.skip.consumed: true
nary.monitor.skip_no_replay: true
nary.f08.vault-unchanged: true
nary.f09.class.entry: true
nary.f09.class.synthetic: true
nary.f09.continuation: true
nary.f09.chunked: true
nary.f09.raw-worlds-retained: true
nary.f09.history-consumed: true
nary.f09.monitor.entry: true
nary.f09.monitor.chunked: true
nary.f09.candidate.equal: true
nary.f09.independent.equal: true
nary.f09.candidate.world: true
nary.f09.independent.world: true
nary.f09.candidate.store: true
nary.f09.independent.store: true
nary.f09.candidate.consumed: true
nary.f09.independent.consumed: true
nary.f09.candidate.nextIndex: true
nary.f09.independent.nextIndex: true
nary.f09.candidate.localOutputs: true
nary.f09.independent.localOutputs: true
nary.f09.candidate.localFailure: true
nary.f09.independent.localFailure: true
nary.f09.candidate.eventIndex: true
nary.f09.independent.eventIndex: true
nary.f09.candidate.eventStep: true
nary.f09.independent.eventStep: true
nary.f09.candidate.eventBefore: true
nary.f09.independent.eventBefore: true
nary.f09.candidate.resultWorld: true
nary.f09.independent.resultWorld: true
nary.f09.candidate.resultOutputs: true
nary.f09.independent.resultOutputs: true
nary.f09.candidate.evGuard: true
nary.f09.independent.evGuard: true
nary.f09.candidate.evDeltas: true
nary.f09.independent.evDeltas: true
nary.f09.candidate.evSupplies: true
nary.f09.independent.evSupplies: true
nary.f09.candidate.evReqReads: true
nary.f09.independent.evReqReads: true
nary.f09.candidate.evReqEnv: true
nary.f09.independent.evReqEnv: true
nary.f09.candidate.evDeclReads: true
nary.f09.independent.evDeclReads: true
nary.f09.candidate.evDeclEnv: true
nary.f09.independent.evDeclEnv: true
nary.f09.candidate.evWrites: true
nary.f09.independent.evWrites: true
nary.f09.candidate.reqOp: true
nary.f09.independent.reqOp: true
nary.f09.candidate.reqParties: true
nary.f09.independent.reqParties: true
nary.f09.candidate.reqArgs: true
nary.f09.independent.reqArgs: true
nary.f09.candidate.reqCaps: true
nary.f09.independent.reqCaps: true
nary.f09.candidate.reqActor: true
nary.f09.independent.reqActor: true
nary.f09.candidate.receiptCtor: true
nary.f09.independent.receiptCtor: true
nary.f09.candidate.locOutStep: true
nary.f09.independent.locOutStep: true
nary.f09.candidate.locOutPort: true
nary.f09.independent.locOutPort: true
nary.f09.candidate.locOutValue: true
nary.f09.independent.locOutValue: true
nary.f09.candidate.evOutStep: true
nary.f09.independent.evOutStep: true
nary.f09.candidate.evOutPort: true
nary.f09.independent.evOutPort: true
nary.f09.candidate.evOutValue: true
nary.f09.independent.evOutValue: true
nary.f09.candidate.failIndex: true
nary.f09.independent.failIndex: true
nary.f09.candidate.failStep: true
nary.f09.independent.failStep: true
nary.f09.candidate.failReason: true
nary.f09.independent.failReason: true
nary.f09.candidate.atParticipant: true
nary.f09.independent.atParticipant: true
nary.f09.candidate.atIndex: true
nary.f09.independent.atIndex: true
nary.f09.candidate.atInv: true
nary.f09.independent.atInv: true
nary.f09.candidate.atBefore: true
nary.f09.independent.atBefore: true
nary.f09.candidate.atOutcomeCtor: true
nary.f09.independent.atOutcomeCtor: true
nary.f09.candidate.atOkWorld: true
nary.f09.independent.atOkWorld: true
nary.f09.candidate.atOkOutputs: true
nary.f09.independent.atOkOutputs: true
nary.f09.candidate.atOkGuard: true
nary.f09.independent.atOkGuard: true
nary.f10.class: true
nary.f10.twelve: true
nary.f10.catalog: true
nary.monitor.actual_producer: true
nary.monitor.success_input: true
nary.monitor.retained_phase: true
nary.f10.extra-skip-consumed: true
nary.f10.overschedule.refused: true
nary.f10.sched.0012.final: true
nary.f10.sched.0021.final: true
nary.f10.sched.0102.final: true
nary.f10.sched.0120.final: true
nary.f10.sched.0201.final: true
nary.f10.sched.0210.final: true
nary.f10.sched.1002.final: true
nary.f10.sched.1020.final: true
nary.f10.sched.1200.final: true
nary.f10.sched.2001.final: true
nary.f10.sched.2010.final: true
nary.f10.sched.2100.final: true
nary.f10.sched.0012.reserve: true
nary.f10.sched.0021.reserve: true
nary.f10.sched.0102.reserve: true
nary.f10.sched.0120.reserve: true
nary.f10.sched.0201.reserve: true
nary.f10.sched.0210.reserve: true
nary.f10.sched.1002.reserve: true
nary.f10.sched.1020.reserve: true
nary.f10.sched.1200.reserve: true
nary.f10.sched.2001.reserve: true
nary.f10.sched.2010.reserve: true
nary.f10.sched.2100.reserve: true
nary.f10.sched.0012.prefix0: true
nary.f10.sched.0012.prefix1: true
nary.f10.sched.0012.prefix2: true
nary.f10.sched.0012.prefix3: true
nary.f10.sched.0012.prefix4: true
nary.f10.sched.0021.prefix0: true
nary.f10.sched.0021.prefix1: true
nary.f10.sched.0021.prefix2: true
nary.f10.sched.0021.prefix3: true
nary.f10.sched.0021.prefix4: true
nary.f10.sched.0102.prefix0: true
nary.f10.sched.0102.prefix1: true
nary.f10.sched.0102.prefix2: true
nary.f10.sched.0102.prefix3: true
nary.f10.sched.0102.prefix4: true
nary.f10.sched.0120.prefix0: true
nary.f10.sched.0120.prefix1: true
nary.f10.sched.0120.prefix2: true
nary.f10.sched.0120.prefix3: true
nary.f10.sched.0120.prefix4: true
nary.f10.sched.0201.prefix0: true
nary.f10.sched.0201.prefix1: true
nary.f10.sched.0201.prefix2: true
nary.f10.sched.0201.prefix3: true
nary.f10.sched.0201.prefix4: true
nary.f10.sched.0210.prefix0: true
nary.f10.sched.0210.prefix1: true
nary.f10.sched.0210.prefix2: true
nary.f10.sched.0210.prefix3: true
nary.f10.sched.0210.prefix4: true
nary.f10.sched.1002.prefix0: true
nary.f10.sched.1002.prefix1: true
nary.f10.sched.1002.prefix2: true
nary.f10.sched.1002.prefix3: true
nary.f10.sched.1002.prefix4: true
nary.f10.sched.1020.prefix0: true
nary.f10.sched.1020.prefix1: true
nary.f10.sched.1020.prefix2: true
nary.f10.sched.1020.prefix3: true
nary.f10.sched.1020.prefix4: true
nary.f10.sched.1200.prefix0: true
nary.f10.sched.1200.prefix1: true
nary.f10.sched.1200.prefix2: true
nary.f10.sched.1200.prefix3: true
nary.f10.sched.1200.prefix4: true
nary.f10.sched.2001.prefix0: true
nary.f10.sched.2001.prefix1: true
nary.f10.sched.2001.prefix2: true
nary.f10.sched.2001.prefix3: true
nary.f10.sched.2001.prefix4: true
nary.f10.sched.2010.prefix0: true
nary.f10.sched.2010.prefix1: true
nary.f10.sched.2010.prefix2: true
nary.f10.sched.2010.prefix3: true
nary.f10.sched.2010.prefix4: true
nary.f10.sched.2100.prefix0: true
nary.f10.sched.2100.prefix1: true
nary.f10.sched.2100.prefix2: true
nary.f10.sched.2100.prefix3: true
nary.f10.sched.2100.prefix4: true
nary.f10.sched.0012.monitor: true
nary.f10.sched.0021.monitor: true
nary.f10.sched.0102.monitor: true
nary.f10.sched.0120.monitor: true
nary.f10.sched.0201.monitor: true
nary.f10.sched.0210.monitor: true
nary.f10.sched.1002.monitor: true
nary.f10.sched.1020.monitor: true
nary.f10.sched.1200.monitor: true
nary.f10.sched.2001.monitor: true
nary.f10.sched.2010.monitor: true
nary.f10.sched.2100.monitor: true
nary.f11.class: true
nary.f11.success: true
nary.f11.vault3: true
nary.f12.class: true
nary.f12.complete: true
nary.f12.vault1: true
nary.f13.class: true
nary.f13.peer7: true
nary.f13.vault3: true
nary.f14.class: true
nary.f14.identity: true
nary.f14.uninitialized: true
nary.f15.class: true
nary.f15.circular: true
nary.f16.class: true
nary.f16.refused-producer: true
nary.f16.awaiting: true
nary.f16.peer-deposit: true
nary.f17.class: true
nary.f17.lookalike: true
nary.f17.awaiting: true
nary.f17.peer-output: true
nary.f18.class: true
nary.f18.six: true
nary.f18.op102: true
nary.f18.receipt102: true
nary.f18.sched.012: true
nary.f18.sched.021: true
nary.f18.sched.102: true
nary.f18.sched.120: true
nary.f18.sched.201: true
nary.f18.sched.210: true
nary.f19.class: true
nary.f19.complete: true
nary.f19.receipt103: true
nary.f19.balances: true
nary.f19.empty-edges: true
nary.f19.global-edge: true
Build completed successfully (942 jobs).
