plain-value-rt=ok-eq
eacute-value-rt=ok-eq
grin-value-rt=ok-eq
plain-key-rt=ok-eq
eacute-key-rt=ok-eq
grin-key-rt=ok-eq
plain-key-jsonparse=true
eacute-key-jsonparse=true
grin-key-jsonparse=true
/home/charl/defiformal/review/semantic-kernel/program-execution-20260908/p19-string-domain-grok-r1/probes/ProbeUnicode.lean:41:42: error(lean.synthInstanceFailed): failed to synthesize instance of type class
  Decidable (StructurallyAdmissibleIR (withSourceMapKey plain))

Hint: Type class instance resolution failures can be inspected with the `set_option trace.Meta.synthInstance true` command.
/home/charl/defiformal/review/semantic-kernel/program-execution-20260908/p19-string-domain-grok-r1/probes/ProbeUnicode.lean:42:43: error(lean.synthInstanceFailed): failed to synthesize instance of type class
  Decidable (StructurallyAdmissibleIR (withSourceMapKey (String.ofList ['a', '\"', 'b'])))

Hint: Type class instance resolution failures can be inspected with the `set_option trace.Meta.synthInstance true` command.
/home/charl/defiformal/review/semantic-kernel/program-execution-20260908/p19-string-domain-grok-r1/probes/ProbeUnicode.lean:43:115: error: missing end of character literal
/home/charl/defiformal/review/semantic-kernel/program-execution-20260908/p19-string-domain-grok-r1/probes/ProbeUnicode.lean:45:40: error(lean.synthInstanceFailed): failed to synthesize instance of type class
  Decidable (StructurallyAdmissibleIR (withSourceMapKey (String.singleton (Char.ofNat 0))))

Hint: Type class instance resolution failures can be inspected with the `set_option trace.Meta.synthInstance true` command.
/home/charl/defiformal/review/semantic-kernel/program-execution-20260908/p19-string-domain-grok-r1/probes/ProbeUnicode.lean:46:43: error(lean.synthInstanceFailed): failed to synthesize instance of type class
  Decidable (StructurallyAdmissibleIR (withSourceMapKey eacute))

Hint: Type class instance resolution failures can be inspected with the `set_option trace.Meta.synthInstance true` command.
=== done ===
