=== escapeChar C0 ===
allC0Canonical=true
nul=\u0000
tab=\u0009
lf=\u000a
cr=\u000d
us=\u001f
space= 
quote=\"
/home/charl/defiformal/review/semantic-kernel/program-execution-20260908/p19-string-domain-grok-r1/probes/ProbeCodec.lean:62:61: error: missing end of character literal
/home/charl/defiformal/review/semantic-kernel/program-execution-20260908/p19-string-domain-grok-r1/probes/ProbeCodec.lean:90:63: error: unexpected token '#eval'; expected ')', ',' or ':'
/home/charl/defiformal/review/semantic-kernel/program-execution-20260908/p19-string-domain-grok-r1/probes/ProbeCodec.lean:92:0: error: expected '}'
/home/charl/defiformal/review/semantic-kernel/program-execution-20260908/p19-string-domain-grok-r1/probes/ProbeCodec.lean:92:95: error: unexpected token '#eval'; expected ')', ',' or ':'
/home/charl/defiformal/review/semantic-kernel/program-execution-20260908/p19-string-domain-grok-r1/probes/ProbeCodec.lean:93:93: error: unexpected token '#eval'; expected ')', ',' or ':'
/home/charl/defiformal/review/semantic-kernel/program-execution-20260908/p19-string-domain-grok-r1/probes/ProbeCodec.lean:94:69: error: unexpected token '#eval'; expected ')', ',' or ':'
/home/charl/defiformal/review/semantic-kernel/program-execution-20260908/p19-string-domain-grok-r1/probes/ProbeCodec.lean:95:66: error: unexpected token '#eval'; expected ')', ',' or ':'
us-rt=ok-eq
nul-rt=ok-eq
/home/charl/defiformal/review/semantic-kernel/program-execution-20260908/p19-string-domain-grok-r1/probes/ProbeCodec.lean:98:68: error: unexpected token '#eval'; expected ')', ',' or ':'
/home/charl/defiformal/review/semantic-kernel/program-execution-20260908/p19-string-domain-grok-r1/probes/ProbeCodec.lean:99:65: error: unexpected token '#eval'; expected ')', ',' or ':'
/home/charl/defiformal/review/semantic-kernel/program-execution-20260908/p19-string-domain-grok-r1/probes/ProbeCodec.lean:100:64: error: unexpected token '#eval'; expected ')', ',' or ':'
/home/charl/defiformal/review/semantic-kernel/program-execution-20260908/p19-string-domain-grok-r1/probes/ProbeCodec.lean:101:62: error: unexpected token '#eval'; expected ')', ',' or ':'
/home/charl/defiformal/review/semantic-kernel/program-execution-20260908/p19-string-domain-grok-r1/probes/ProbeCodec.lean:102:81: error: unexpected token '#eval'; expected ')', ',' or ':'
nul-jsonparse=true
=== source_map keys ===
/home/charl/defiformal/review/semantic-kernel/program-execution-20260908/p19-string-domain-grok-r1/probes/ProbeCodec.lean:106:76: error: unexpected token '#eval'; expected ')', ',' or ':'
/home/charl/defiformal/review/semantic-kernel/program-execution-20260908/p19-string-domain-grok-r1/probes/ProbeCodec.lean:107:78: error: unexpected token '#eval'; expected ')', ',' or ':'
/home/charl/defiformal/review/semantic-kernel/program-execution-20260908/p19-string-domain-grok-r1/probes/ProbeCodec.lean:108:97: error: unexpected token '#eval'; expected ')', ',' or ':'
/home/charl/defiformal/review/semantic-kernel/program-execution-20260908/p19-string-domain-grok-r1/probes/ProbeCodec.lean:109:108: error: unexpected token '#eval'; expected ')', ',' or ':'
/home/charl/defiformal/review/semantic-kernel/program-execution-20260908/p19-string-domain-grok-r1/probes/ProbeCodec.lean:110:79: error: unexpected token '#eval'; expected ')', ',' or ':'
/home/charl/defiformal/review/semantic-kernel/program-execution-20260908/p19-string-domain-grok-r1/probes/ProbeCodec.lean:111:74: error: unexpected token '#eval'; expected ')', ',' or ':'
/home/charl/defiformal/review/semantic-kernel/program-execution-20260908/p19-string-domain-grok-r1/probes/ProbeCodec.lean:112:93: error: unexpected token '#eval'; expected ')', ',' or ':'
/home/charl/defiformal/review/semantic-kernel/program-execution-20260908/p19-string-domain-grok-r1/probes/ProbeCodec.lean:113:71: error: unexpected token '#eval'; expected ')', ',' or ':'
/home/charl/defiformal/review/semantic-kernel/program-execution-20260908/p19-string-domain-grok-r1/probes/ProbeCodec.lean:114:90: error: unexpected token '#eval'; expected ')', ',' or ':'
nul-key-jsonparse=false
nul-key-decode={"ctor":"notJsonObject"}
/home/charl/defiformal/review/semantic-kernel/program-execution-20260908/p19-string-domain-grok-r1/probes/ProbeCodec.lean:117:73: error: unexpected token '#eval'; expected ')', ',' or ':'
/home/charl/defiformal/review/semantic-kernel/program-execution-20260908/p19-string-domain-grok-r1/probes/ProbeCodec.lean:118:71: error: unexpected token '#eval'; expected ')', ',' or ':'
/home/charl/defiformal/review/semantic-kernel/program-execution-20260908/p19-string-domain-grok-r1/probes/ProbeCodec.lean:119:49: error: unexpected token '\'; expected ')', '_', '↑', '↥', '⇑', identifier or term
=== done ===
