⚠ [921/958] Replayed DefiKernel.Typed.Transition
warning: DefiKernel/Typed/Transition.lean:239:20: `simp_all [throw, throwThe]` is a flexible tactic modifying `⊢`. Try `simp_all?` and use the suggested `simp_all only [...]`. Alternatively, use `suffices` to explicitly state the simplified form.

Note: This linter can be disabled with `set_option linter.flexible false`
info: DefiKernel/Typed/Transition.lean:239:20: Try this:
  [apply] simp_all only [or_false, Prod.forall, true_and]
info: DefiKernel/Typed/Transition.lean:244:6: `rename_i args`
modifies the current goal, which was modified by the flexible tactic `simp_all` on line 239!
warning: DefiKernel/Typed/Transition.lean:239:20: `simp_all [throw, throwThe]` is a flexible tactic modifying `⊢`. Try `simp_all?` and use the suggested `simp_all only [...]`. Alternatively, use `suffices` to explicitly state the simplified form.

Note: This linter can be disabled with `set_option linter.flexible false`
info: DefiKernel/Typed/Transition.lean:239:20: Try this:
  [apply] simp_all only [Option.some.injEq, false_or, Prod.forall]
info: DefiKernel/Typed/Transition.lean:244:6: `rename_i args`
modifies the current goal, which was modified by the flexible tactic `simp_all` on line 239!
⚠ [926/958] Replayed DefiKernel.Nary.Schedule
warning: DefiKernel/Nary/Schedule.lean:162:24: This simp argument is unused:
  Nat.add_assoc

Hint: Omit it from the simp argument list.
  [apply] simp [hbeq, hmem, Nat.add_left_comm, Nat.add_comm]

Note: This linter can be disabled with `set_option linter.unusedSimpArgs false`
warning: DefiKernel/Nary/Schedule.lean:263:2: `simp [admit, hv, ha, bind, Except.bind, pure, Except.pure]` is a flexible tactic modifying `⊢`. Try `simp?` and use the suggested `simp only [...]`. Alternatively, use `suffices` to explicitly state the simplified form.

Note: This linter can be disabled with `set_option linter.flexible false`
info: DefiKernel/Nary/Schedule.lean:264:2: `rw [hs']`
modifies the current goal, which was modified by the flexible tactic `simp` on line 263!
✔ [954/958] Built DefiKernel.Nary.Soundness (1.3s)
⚠ [955/958] Built DefiKernel.Nary.Observation (1.7s)
warning: DefiKernel/Nary/Observation.lean:338:4: `simp [localEq, Bool.and_eq_true, eventsEq_iff] at h` is a flexible tactic modifying `h`. Try `simp?` and use the suggested `simp only [...]`. Alternatively, use `suffices` to explicitly state the simplified form.

Note: This linter can be disabled with `set_option linter.flexible false`
info: DefiKernel/Nary/Observation.lean:338:4: Try this:
  [apply] simp only [Interleaving.LocalState.mk.injEq] at h
info: DefiKernel/Nary/Observation.lean:339:4: `obtain ⟨⟨⟨⟨hc, hi⟩, hf⟩, ho⟩, he⟩ := h`
uses `h`, which was modified by the flexible tactic `simp` on line 338!
warning: DefiKernel/Nary/Observation.lean:342:4: `simp [Interleaving.LocalState.mk.injEq] at h` is a flexible tactic modifying `h`. Try `simp?` and use the suggested `simp only [...]`. Alternatively, use `suffices` to explicitly state the simplified form.

Note: This linter can be disabled with `set_option linter.flexible false`
info: DefiKernel/Nary/Observation.lean:343:4: `obtain ⟨hc, he, ho, hi, hf⟩ := h`
uses `h`, which was modified by the flexible tactic `simp` on line 342!
✔ [956/958] Built DefiKernel.Nary.LocalOrder (1.1s)
✔ [957/958] Built DefiKernel.Nary.Examples (4.6s)
✖ [958/958] Building DefiKernel.Nary.FundedCausal (1.2s)
trace: .> LEAN_PATH=/home/charl/.cache/defiformal-sprint11-builds/causal/.lake/packages/Cli/.lake/build/lib/lean:/home/charl/.cache/defiformal-sprint11-builds/causal/.lake/packages/batteries/.lake/build/lib/lean:/home/charl/.cache/defiformal-sprint11-builds/causal/.lake/packages/Qq/.lake/build/lib/lean:/home/charl/.cache/defiformal-sprint11-builds/causal/.lake/packages/aesop/.lake/build/lib/lean:/home/charl/.cache/defiformal-sprint11-builds/causal/.lake/packages/proofwidgets/.lake/build/lib/lean:/home/charl/.cache/defiformal-sprint11-builds/causal/.lake/packages/importGraph/.lake/build/lib/lean:/home/charl/.cache/defiformal-sprint11-builds/causal/.lake/packages/LeanSearchClient/.lake/build/lib/lean:/home/charl/.cache/defiformal-sprint11-builds/causal/.lake/packages/plausible/.lake/build/lib/lean:/home/charl/.cache/defiformal-sprint11-builds/causal/.lake/packages/mathlib/.lake/build/lib/lean:/home/charl/.cache/defiformal-sprint11-builds/causal/.lake/build/lib/lean /home/charl/.elan/toolchains/leanprover--lean4---v4.33.0-rc2/bin/lean /home/charl/.cache/defiformal-sprint11-builds/causal/DefiKernel/Nary/FundedCausal.lean -o /home/charl/.cache/defiformal-sprint11-builds/causal/.lake/build/lib/lean/DefiKernel/Nary/FundedCausal.olean -i /home/charl/.cache/defiformal-sprint11-builds/causal/.lake/build/lib/lean/DefiKernel/Nary/FundedCausal.ilean -c /home/charl/.cache/defiformal-sprint11-builds/causal/.lake/build/ir/DefiKernel/Nary/FundedCausal.c --setup /home/charl/.cache/defiformal-sprint11-builds/causal/.lake/build/ir/DefiKernel/Nary/FundedCausal.setup.json --json
error: DefiKernel/Nary/FundedCausal.lean:152:4: linarith failed to find a contradiction
case refine_2
n0 n1 n2 : ℕ
s : State P A D
h0 : n0 ≤ 2
h1 : n1 ≤ 1
h2 : n2 ≤ 1
hc : consumedFlag n0 = 0 ∨ consumedFlag n0 = 1
hv : s.balance vaultC = 10 - 6 * ↑(consumedFlag n0) + ↑n1 + 2 * ↑n2
hd1 : s.balance donor1C = 2 - ↑n1
hd2 : s.balance donor2C = 3 - ↑n2
hr : s.balance recipientC = 6 * ↑(consumedFlag n0)
hbgt : s.balance budgetC = 6
hsen : s.balance sentinelC = 11
a✝ : s.balance donor1C < 0
⊢ False
failed
error: DefiKernel/Nary/FundedCausal.lean:153:4: linarith failed to find a contradiction
case refine_3
n0 n1 n2 : ℕ
s : State P A D
h0 : n0 ≤ 2
h1 : n1 ≤ 1
h2 : n2 ≤ 1
hc : consumedFlag n0 = 0 ∨ consumedFlag n0 = 1
hv : s.balance vaultC = 10 - 6 * ↑(consumedFlag n0) + ↑n1 + 2 * ↑n2
hd1 : s.balance donor1C = 2 - ↑n1
hd2 : s.balance donor2C = 3 - ↑n2
hr : s.balance recipientC = 6 * ↑(consumedFlag n0)
hbgt : s.balance budgetC = 6
hsen : s.balance sentinelC = 11
a✝ : s.balance donor2C < 0
⊢ False
failed
error: DefiKernel/Nary/FundedCausal.lean:157:2: Expected type must not contain free variables
  receiptCellEffect rec200 cell = 0

Hint: Use the `+revert` option to automatically clean up and revert free variables
error: DefiKernel/Nary/FundedCausal.lean:213:6: Tactic `rfl` failed: The left-hand side
  prepareInvocation f10Cfg boundary index [budgetOut 0] inv201
is not definitionally equal to the right-hand side
  Except.ok
    ({ operation := { value := 201 }, inputs := [{ id := { value := 8 }, unit := Unit.amount Asset.usd }],
        outputs := [] },
      { operation := { value := 201 }, parties := [], arguments := [⟨Unit.amount Asset.usd, 6⟩],
        capabilityIds := ids [1, 2] })

boundary : Boundary P A D
index : ℕ
pre : W
post : World P A D
iface : OperationInterface P A D
request : Request P A D
e : Evaluated P A D
prepared : prepareInvocation f10Cfg boundary index [budgetOut 0] inv201 = Except.ok (iface, request)
executed :
  execute f10Cfg.registry pre.capabilities boundary.ctx boundary.env boundary.now request pre.state = Except.ok post
extracted : extractReceipt f10Cfg boundary request pre = Except.ok e
applied : applyEvaluated pre.capabilities boundary.ctx request pre.state e = Except.ok post
h :
  executeStep f10Cfg boundary index [budgetOut 0] (Step.invoke inv201) pre =
    Except.ok
      { world := post, receipt := Receipt.invoked request e,
        outputs := snapshots index inv201.component iface post.state }
⊢ prepareInvocation f10Cfg boundary index [budgetOut 0] inv201 =
    Except.ok
      ({ operation := { value := 201 }, inputs := [{ id := { value := 8 }, unit := Unit.amount Asset.usd }],
          outputs := [] },
        { operation := { value := 201 }, parties := [], arguments := [⟨Unit.amount Asset.usd, 6⟩],
          capabilityIds := ids [1, 2] })
error: DefiKernel/Nary/FundedCausal.lean:219:6: Tactic `rfl` failed: The left-hand side
  extractReceipt f10Cfg boundary
    { operation := { value := 201 }, parties := [], arguments := [⟨Unit.amount Asset.usd, 6⟩],
      capabilityIds := ids [1, 2] }
    pre
is not definitionally equal to the right-hand side
  Except.ok (evaluated true [(vaultC, -6), (recipientC, 6)] [vaultC] [vaultC, recipientC])

boundary : Boundary P A D
index : ℕ
pre : W
post : World P A D
e : Evaluated P A D
hp :
  prepareInvocation f10Cfg boundary index [budgetOut 0] inv201 =
    Except.ok
      ({ operation := { value := 201 }, inputs := [{ id := { value := 8 }, unit := Unit.amount Asset.usd }],
          outputs := [] },
        { operation := { value := 201 }, parties := [], arguments := [⟨Unit.amount Asset.usd, 6⟩],
          capabilityIds := ids [1, 2] })
executed :
  execute f10Cfg.registry pre.capabilities boundary.ctx boundary.env boundary.now
      { operation := { value := 201 }, parties := [], arguments := [⟨Unit.amount Asset.usd, 6⟩],
        capabilityIds := ids [1, 2] }
      pre.state =
    Except.ok post
extracted :
  extractReceipt f10Cfg boundary
      { operation := { value := 201 }, parties := [], arguments := [⟨Unit.amount Asset.usd, 6⟩],
        capabilityIds := ids [1, 2] }
      pre =
    Except.ok e
applied :
  applyEvaluated pre.capabilities boundary.ctx
      { operation := { value := 201 }, parties := [], arguments := [⟨Unit.amount Asset.usd, 6⟩],
        capabilityIds := ids [1, 2] }
      pre.state e =
    Except.ok post
h :
  executeStep f10Cfg boundary index [budgetOut 0] (Step.invoke inv201) pre =
    Except.ok
      { world := post,
        receipt :=
          Receipt.invoked
            { operation := { value := 201 }, parties := [], arguments := [⟨Unit.amount Asset.usd, 6⟩],
              capabilityIds := ids [1, 2] }
            e,
        outputs :=
          snapshots index inv201.component
            { operation := { value := 201 }, inputs := [{ id := { value := 8 }, unit := Unit.amount Asset.usd }],
              outputs := [] }
            post.state }
⊢ extractReceipt f10Cfg boundary
      { operation := { value := 201 }, parties := [], arguments := [⟨Unit.amount Asset.usd, 6⟩],
        capabilityIds := ids [1, 2] }
      pre =
    Except.ok (evaluated true [(vaultC, -6), (recipientC, 6)] [vaultC] [vaultC, recipientC])
error: DefiKernel/Nary/FundedCausal.lean:237:6: Tactic `rfl` failed: The left-hand side
  extractReceipt f10Cfg boundary
    { operation := { value := 202 }, parties := [], arguments := [], capabilityIds := ids [3, 4] } pre
is not definitionally equal to the right-hand side
  Except.ok (evaluated true [(donor1C, -1), (vaultC, 1)] [donor1C] [donor1C, vaultC])

boundary : Boundary P A D
index : ℕ
history : List (OutputObservation A)
pre : W
post : World P A D
e : Evaluated P A D
hp :
  prepareInvocation f10Cfg boundary index history inv202 =
    Except.ok
      ({ operation := { value := 202 }, inputs := [], outputs := [] },
        { operation := { value := 202 }, parties := [], arguments := [], capabilityIds := ids [3, 4] })
executed :
  execute f10Cfg.registry pre.capabilities boundary.ctx boundary.env boundary.now
      { operation := { value := 202 }, parties := [], arguments := [], capabilityIds := ids [3, 4] } pre.state =
    Except.ok post
extracted :
  extractReceipt f10Cfg boundary
      { operation := { value := 202 }, parties := [], arguments := [], capabilityIds := ids [3, 4] } pre =
    Except.ok e
applied :
  applyEvaluated pre.capabilities boundary.ctx
      { operation := { value := 202 }, parties := [], arguments := [], capabilityIds := ids [3, 4] } pre.state e =
    Except.ok post
h :
  executeStep f10Cfg boundary index history (Step.invoke inv202) pre =
    Except.ok
      { world := post,
        receipt :=
          Receipt.invoked { operation := { value := 202 }, parties := [], arguments := [], capabilityIds := ids [3, 4] }
            e,
        outputs :=
          snapshots index inv202.component { operation := { value := 202 }, inputs := [], outputs := [] } post.state }
⊢ extractReceipt f10Cfg boundary
      { operation := { value := 202 }, parties := [], arguments := [], capabilityIds := ids [3, 4] } pre =
    Except.ok (evaluated true [(donor1C, -1), (vaultC, 1)] [donor1C] [donor1C, vaultC])
error: DefiKernel/Nary/FundedCausal.lean:255:6: Tactic `rfl` failed: The left-hand side
  extractReceipt f10Cfg boundary
    { operation := { value := 203 }, parties := [], arguments := [], capabilityIds := ids [5, 6] } pre
is not definitionally equal to the right-hand side
  Except.ok (evaluated true [(donor2C, -2), (vaultC, 2)] [donor2C] [donor2C, vaultC])

boundary : Boundary P A D
index : ℕ
history : List (OutputObservation A)
pre : W
post : World P A D
e : Evaluated P A D
hp :
  prepareInvocation f10Cfg boundary index history inv203 =
    Except.ok
      ({ operation := { value := 203 }, inputs := [], outputs := [] },
        { operation := { value := 203 }, parties := [], arguments := [], capabilityIds := ids [5, 6] })
executed :
  execute f10Cfg.registry pre.capabilities boundary.ctx boundary.env boundary.now
      { operation := { value := 203 }, parties := [], arguments := [], capabilityIds := ids [5, 6] } pre.state =
    Except.ok post
extracted :
  extractReceipt f10Cfg boundary
      { operation := { value := 203 }, parties := [], arguments := [], capabilityIds := ids [5, 6] } pre =
    Except.ok e
applied :
  applyEvaluated pre.capabilities boundary.ctx
      { operation := { value := 203 }, parties := [], arguments := [], capabilityIds := ids [5, 6] } pre.state e =
    Except.ok post
h :
  executeStep f10Cfg boundary index history (Step.invoke inv203) pre =
    Except.ok
      { world := post,
        receipt :=
          Receipt.invoked { operation := { value := 203 }, parties := [], arguments := [], capabilityIds := ids [5, 6] }
            e,
        outputs :=
          snapshots index inv203.component { operation := { value := 203 }, inputs := [], outputs := [] } post.state }
⊢ extractReceipt f10Cfg boundary
      { operation := { value := 203 }, parties := [], arguments := [], capabilityIds := ids [5, 6] } pre =
    Except.ok (evaluated true [(donor2C, -2), (vaultC, 2)] [donor2C] [donor2C, vaultC])
error: Lean exited with code 1
Some required targets logged failures:
- DefiKernel.Nary.FundedCausal
