⚠ [921/958] Replayed DefiKernel.Typed.Transition
warning: DefiKernel/Typed/Transition.lean:239:20: `simp_all [throw, throwThe]` is a flexible tactic modifying `⊢`. Try `simp_all?` and use the suggested `simp_all only [...]`. Alternatively, use `suffices` to explicitly state the simplified form.

Note: This linter can be disabled with `set_option linter.flexible false`
info: DefiKernel/Typed/Transition.lean:239:20: Try this:
  [apply] simp_all only [or_false, Prod.forall, true_and]
info: DefiKernel/Typed/Transition.lean:244:6: `rename_i args`
modifies the current goal, which was modified by the flexible tactic `simp_all` on line 239!
warning: DefiKernel/Typed/Transition.lean:239:20: `simp_all [throw, throwThe]` is a flexible tactic modifying `⊢`. Try `simp_all?` and use the suggested `simp_all only [...]`. Alternatively, use `suffices` to explicitly state the simplified form.

Note: This linter can be disabled with `set_option linter.flexible false`
info: DefiKernel/Typed/Transition.lean:239:20: Try this:
  [apply] simp_all only [Option.some.injEq, false_or, Prod.forall]
info: DefiKernel/Typed/Transition.lean:244:6: `rename_i args`
modifies the current goal, which was modified by the flexible tactic `simp_all` on line 239!
⚠ [926/958] Replayed DefiKernel.Nary.Schedule
warning: DefiKernel/Nary/Schedule.lean:162:24: This simp argument is unused:
  Nat.add_assoc

Hint: Omit it from the simp argument list.
  [apply] simp [hbeq, hmem, Nat.add_left_comm, Nat.add_comm]

Note: This linter can be disabled with `set_option linter.unusedSimpArgs false`
warning: DefiKernel/Nary/Schedule.lean:263:2: `simp [admit, hv, ha, bind, Except.bind, pure, Except.pure]` is a flexible tactic modifying `⊢`. Try `simp?` and use the suggested `simp only [...]`. Alternatively, use `suffices` to explicitly state the simplified form.

Note: This linter can be disabled with `set_option linter.flexible false`
info: DefiKernel/Nary/Schedule.lean:264:2: `rw [hs']`
modifies the current goal, which was modified by the flexible tactic `simp` on line 263!
⚠ [943/958] Replayed DefiKernel.Nary.Observation
warning: DefiKernel/Nary/Observation.lean:338:4: `simp [localEq, Bool.and_eq_true, eventsEq_iff] at h` is a flexible tactic modifying `h`. Try `simp?` and use the suggested `simp only [...]`. Alternatively, use `suffices` to explicitly state the simplified form.

Note: This linter can be disabled with `set_option linter.flexible false`
info: DefiKernel/Nary/Observation.lean:338:4: Try this:
  [apply] simp only [Interleaving.LocalState.mk.injEq] at h
info: DefiKernel/Nary/Observation.lean:339:4: `obtain ⟨⟨⟨⟨hc, hi⟩, hf⟩, ho⟩, he⟩ := h`
uses `h`, which was modified by the flexible tactic `simp` on line 338!
warning: DefiKernel/Nary/Observation.lean:342:4: `simp [Interleaving.LocalState.mk.injEq] at h` is a flexible tactic modifying `h`. Try `simp?` and use the suggested `simp only [...]`. Alternatively, use `suffices` to explicitly state the simplified form.

Note: This linter can be disabled with `set_option linter.flexible false`
info: DefiKernel/Nary/Observation.lean:343:4: `obtain ⟨hc, he, ho, hi, hf⟩ := h`
uses `h`, which was modified by the flexible tactic `simp` on line 342!
✖ [958/958] Building DefiKernel.Nary.FundedCausal (2.7s)
trace: .> LEAN_PATH=/home/charl/.cache/defiformal-sprint11-builds/causal/.lake/packages/Cli/.lake/build/lib/lean:/home/charl/.cache/defiformal-sprint11-builds/causal/.lake/packages/batteries/.lake/build/lib/lean:/home/charl/.cache/defiformal-sprint11-builds/causal/.lake/packages/Qq/.lake/build/lib/lean:/home/charl/.cache/defiformal-sprint11-builds/causal/.lake/packages/aesop/.lake/build/lib/lean:/home/charl/.cache/defiformal-sprint11-builds/causal/.lake/packages/proofwidgets/.lake/build/lib/lean:/home/charl/.cache/defiformal-sprint11-builds/causal/.lake/packages/importGraph/.lake/build/lib/lean:/home/charl/.cache/defiformal-sprint11-builds/causal/.lake/packages/LeanSearchClient/.lake/build/lib/lean:/home/charl/.cache/defiformal-sprint11-builds/causal/.lake/packages/plausible/.lake/build/lib/lean:/home/charl/.cache/defiformal-sprint11-builds/causal/.lake/packages/mathlib/.lake/build/lib/lean:/home/charl/.cache/defiformal-sprint11-builds/causal/.lake/build/lib/lean /home/charl/.elan/toolchains/leanprover--lean4---v4.33.0-rc2/bin/lean /home/charl/.cache/defiformal-sprint11-builds/causal/DefiKernel/Nary/FundedCausal.lean -o /home/charl/.cache/defiformal-sprint11-builds/causal/.lake/build/lib/lean/DefiKernel/Nary/FundedCausal.olean -i /home/charl/.cache/defiformal-sprint11-builds/causal/.lake/build/lib/lean/DefiKernel/Nary/FundedCausal.ilean -c /home/charl/.cache/defiformal-sprint11-builds/causal/.lake/build/ir/DefiKernel/Nary/FundedCausal.c --setup /home/charl/.cache/defiformal-sprint11-builds/causal/.lake/build/ir/DefiKernel/Nary/FundedCausal.setup.json --json
warning: DefiKernel/Nary/FundedCausal.lean:133:5: Variable name `h0` is not explicitly referenced.

Hint: The binding can be removed (if unused) or named `_` (if used implicitly). Alternatively, prefix the name with `_` to silence this warning:
  [apply] _h0

Note: This linter can be disabled with `set_option linter.unusedVariables false`
warning: DefiKernel/Nary/FundedCausal.lean:223:48: This simp argument is unused:
  litAmt

Hint: Omit it from the simp argument list.
  [apply] simp [Template.evaluate, consumerTransfer, resolveRefs, packed, cellRef, bind, Except.bind, pure, Except.pure,
    usdArg] at hev'

Note: This linter can be disabled with `set_option linter.unusedSimpArgs false`
warning: DefiKernel/Nary/FundedCausal.lean:211:4: `simp [extractReceipt, ht, hargs, bind, Except.bind, Except.mapError] at extracted` is a flexible tactic modifying `extracted`. Try `simp?` and use the suggested `simp only [...]`. Alternatively, use `suffices` to explicitly state the simplified form.

Note: This linter can be disabled with `set_option linter.flexible false`
info: DefiKernel/Nary/FundedCausal.lean:211:4: Try this:
  [apply] simp only [Receipt.invoked.injEq, ↓existsAndEq, and_true, exists_and_right, true_and] at extracted
info: DefiKernel/Nary/FundedCausal.lean:212:4: `cases hev :
  (consumerTransfer .recipient).evaluate
    ⟨pre.state, boundary.env, boundary.ctx.principal, [], .cons (6 : ℚ) .nil, boundary.now⟩ with
| error _ => simp [hev] at extracted
| ok e' =>
  have heq : e' = e := by simpa [hev] using extracted
  refine ⟨_, e, rfl, ?_⟩
  have hev' :
    (consumerTransfer .recipient).evaluate
        ⟨pre.state, boundary.env, boundary.ctx.principal, [], .cons (6 : ℚ) .nil, boundary.now⟩ =
      .ok e :=
    heq ▸ hev
  simp [Template.evaluate, consumerTransfer, resolveRefs, packed, cellRef, bind, Except.bind, pure, Except.pure, usdArg,
    litAmt] at hev'
  cases hev'
  rfl`
uses `extracted`, which was modified by the flexible tactic `simp` on line 211!
warning: DefiKernel/Nary/FundedCausal.lean:222:6: `simp [Template.evaluate, consumerTransfer, resolveRefs, packed, cellRef, bind,
        Except.bind, pure, Except.pure, usdArg, litAmt] at hev'` is a flexible tactic modifying `hev'`. Try `simp?` and use the suggested `simp only [...]`. Alternatively, use `suffices` to explicitly state the simplified form.

Note: This linter can be disabled with `set_option linter.flexible false`
info: DefiKernel/Nary/FundedCausal.lean:224:6: `cases hev'`
uses `hev'`, which was modified by the flexible tactic `simp` on line 222!
warning: DefiKernel/Nary/FundedCausal.lean:231:2: `simp [Template.evaluate, constTransfer, resolveRefs, packed, cellRef, bind, Except.bind,
    pure, Except.pure, litAmt, negAmt] at h` is a flexible tactic modifying `h`. Try `simp?` and use the suggested `simp only [...]`. Alternatively, use `suffices` to explicitly state the simplified form.

Note: This linter can be disabled with `set_option linter.flexible false`
info: DefiKernel/Nary/FundedCausal.lean:233:2: `cases h`
uses `h`, which was modified by the flexible tactic `simp` on line 231!
warning: DefiKernel/Nary/FundedCausal.lean:250:4: `simp [extractReceipt, ht, hargs, bind, Except.bind, Except.mapError] at extracted` is a flexible tactic modifying `extracted`. Try `simp?` and use the suggested `simp only [...]`. Alternatively, use `suffices` to explicitly state the simplified form.

Note: This linter can be disabled with `set_option linter.flexible false`
info: DefiKernel/Nary/FundedCausal.lean:250:4: Try this:
  [apply] simp only [Receipt.invoked.injEq, ↓existsAndEq, and_true, exists_and_right, true_and] at extracted
info: DefiKernel/Nary/FundedCausal.lean:251:4: `cases hev :
  (constTransfer .donor1 .vault 1).evaluate
    ⟨pre.state, boundary.env, boundary.ctx.principal, [], .nil, boundary.now⟩ with
| error _ => simp [hev] at extracted
| ok e' =>
  have heq : e' = e := by simpa [hev] using extracted
  exact ⟨_, e, rfl, constTransfer_deltas _ _ _ _ _ (heq ▸ hev)⟩`
uses `extracted`, which was modified by the flexible tactic `simp` on line 250!
warning: DefiKernel/Nary/FundedCausal.lean:272:4: `simp [extractReceipt, ht, hargs, bind, Except.bind, Except.mapError] at extracted` is a flexible tactic modifying `extracted`. Try `simp?` and use the suggested `simp only [...]`. Alternatively, use `suffices` to explicitly state the simplified form.

Note: This linter can be disabled with `set_option linter.flexible false`
info: DefiKernel/Nary/FundedCausal.lean:272:4: Try this:
  [apply] simp only [Receipt.invoked.injEq, ↓existsAndEq, and_true, exists_and_right, true_and] at extracted
info: DefiKernel/Nary/FundedCausal.lean:273:4: `cases hev :
  (constTransfer .donor2 .vault 2).evaluate
    ⟨pre.state, boundary.env, boundary.ctx.principal, [], .nil, boundary.now⟩ with
| error _ => simp [hev] at extracted
| ok e' =>
  have heq : e' = e := by simpa [hev] using extracted
  exact ⟨_, e, rfl, constTransfer_deltas _ _ _ _ _ (heq ▸ hev)⟩`
uses `extracted`, which was modified by the flexible tactic `simp` on line 272!
warning: DefiKernel/Nary/FundedCausal.lean:321:8: try 'simp' instead of 'simpa'

Note: This linter can be disabled with `set_option linter.unnecessarySimpa false`
error: DefiKernel/Nary/FundedCausal.lean:347:38: unexpected token '='; expected ':=', 'where' or '|'
error: DefiKernel/Nary/FundedCausal.lean:354:36: unexpected token '='; expected ':=', 'where' or '|'
error: DefiKernel/Nary/FundedCausal.lean:371:11: Unknown identifier `skip_nextIndex`
error: DefiKernel/Nary/FundedCausal.lean:371:4: Type mismatch: After simplification, term
  hk.right.right.left
 has type
  (m.locals 0).nextIndex ≤ 2
but is expected to have type
  ((m.skip b).locals 0).nextIndex ≤ 2
error: DefiKernel/Nary/FundedCausal.lean:372:11: Unknown identifier `skip_nextIndex`
error: DefiKernel/Nary/FundedCausal.lean:372:4: Type mismatch: After simplification, term
  hk.right.right.right.left
 has type
  (m.locals 1).nextIndex ≤ 1
but is expected to have type
  ((m.skip b).locals 1).nextIndex ≤ 1
error: DefiKernel/Nary/FundedCausal.lean:373:11: Unknown identifier `skip_nextIndex`
error: DefiKernel/Nary/FundedCausal.lean:373:4: Type mismatch: After simplification, term
  hk.right.right.right.right.left
 has type
  (m.locals 2).nextIndex ≤ 1
but is expected to have type
  ((m.skip b).locals 2).nextIndex ≤ 1
error: DefiKernel/Nary/FundedCausal.lean:374:23: Unknown identifier `skip_nextIndex`
error: DefiKernel/Nary/FundedCausal.lean:374:4: Type mismatch: After simplification, term
  hk.right.right.right.right.right.left
 has type
  fundedBalances (m.locals 0).nextIndex (m.locals 1).nextIndex (m.locals 2).nextIndex m.world.state
but is expected to have type
  fundedBalances ((m.skip b).locals 0).nextIndex ((m.skip b).locals 1).nextIndex ((m.skip b).locals 2).nextIndex
    m.world.state
error: DefiKernel/Nary/FundedCausal.lean:375:11: Unknown identifier `skip_nextIndex`
error: DefiKernel/Nary/FundedCausal.lean:375:4: Type mismatch: After simplification, term
  hk.right.right.right.right.right.right.left
 has type
  q = phaseOf (m.locals 0).nextIndex
but is expected to have type
  reserveUpdate q
      { participant := b, boundary := f10Bounds b (m.locals b).nextIndex, before := m, after := m.skip b,
        attempt := none } =
    phaseOf ((m.skip b).locals 0).nextIndex
error: DefiKernel/Nary/FundedCausal.lean:377:55: Unknown identifier `skip_nextIndex`
error: DefiKernel/Nary/FundedCausal.lean:377:48: Type mismatch: After simplification, term
  h0
 has type
  ((m.skip b).locals 0).nextIndex = 0
but is expected to have type
  (m.locals 0).nextIndex = 0
error: DefiKernel/Nary/FundedCausal.lean:378:11: Unknown identifier `skip_outputs`
error: DefiKernel/Nary/FundedCausal.lean:378:4: Type mismatch: After simplification, term
  hk.right.right.right.right.right.right.right.left h0'
 has type
  (m.locals 0).outputs = []
but is expected to have type
  ((m.skip b).locals 0).outputs = []
error: DefiKernel/Nary/FundedCausal.lean:380:55: Unknown identifier `skip_nextIndex`
error: DefiKernel/Nary/FundedCausal.lean:380:48: Type mismatch: After simplification, term
  h0
 has type
  1 ≤ ((m.skip b).locals 0).nextIndex
but is expected to have type
  1 ≤ (m.locals 0).nextIndex
error: DefiKernel/Nary/FundedCausal.lean:381:11: Unknown identifier `skip_outputs`
error: DefiKernel/Nary/FundedCausal.lean:381:4: Type mismatch: After simplification, term
  hk.right.right.right.right.right.right.right.right h0'
 has type
  (m.locals 0).outputs = [budgetOut 0]
but is expected to have type
  ((m.skip b).locals 0).outputs = [budgetOut 0]
error: DefiKernel/Nary/FundedCausal.lean:402:2: failed to synthesize
  Decidable ¬depositOnlyRely f12AfterProd.state f12AfterPeer.state

Hint: Additional diagnostic information may be available using the `set_option diagnostics true` command.
error: Lean exited with code 1
Some required targets logged failures:
- DefiKernel.Nary.FundedCausal
