⚠ [921/945] Replayed DefiKernel.Typed.Transition
warning: DefiKernel/Typed/Transition.lean:239:20: `simp_all [throw, throwThe]` is a flexible tactic modifying `⊢`. Try `simp_all?` and use the suggested `simp_all only [...]`. Alternatively, use `suffices` to explicitly state the simplified form.

Note: This linter can be disabled with `set_option linter.flexible false`
info: DefiKernel/Typed/Transition.lean:239:20: Try this:
  [apply] simp_all only [or_false, Prod.forall, true_and]
info: DefiKernel/Typed/Transition.lean:244:6: `rename_i args`
modifies the current goal, which was modified by the flexible tactic `simp_all` on line 239!
warning: DefiKernel/Typed/Transition.lean:239:20: `simp_all [throw, throwThe]` is a flexible tactic modifying `⊢`. Try `simp_all?` and use the suggested `simp_all only [...]`. Alternatively, use `suffices` to explicitly state the simplified form.

Note: This linter can be disabled with `set_option linter.flexible false`
info: DefiKernel/Typed/Transition.lean:239:20: Try this:
  [apply] simp_all only [Option.some.injEq, false_or, Prod.forall]
info: DefiKernel/Typed/Transition.lean:244:6: `rename_i args`
modifies the current goal, which was modified by the flexible tactic `simp_all` on line 239!
⚠ [926/945] Replayed DefiKernel.Certificates.Schema
warning: DefiKernel/Certificates/Schema.lean:142:100: This line exceeds the 100 character limit, please shorten it!

Note: This linter can be disabled with `set_option linter.style.longLine false`
warning: DefiKernel/Certificates/Schema.lean:391:100: This line exceeds the 100 character limit, please shorten it!

Note: This linter can be disabled with `set_option linter.style.longLine false`
warning: DefiKernel/Certificates/Schema.lean:408:100: This line exceeds the 100 character limit, please shorten it!

Note: This linter can be disabled with `set_option linter.style.longLine false`
warning: DefiKernel/Certificates/Schema.lean:484:100: This line exceeds the 100 character limit, please shorten it!

Note: This linter can be disabled with `set_option linter.style.longLine false`
warning: DefiKernel/Certificates/Schema.lean:520:100: This line exceeds the 100 character limit, please shorten it!

Note: This linter can be disabled with `set_option linter.style.longLine false`
warning: DefiKernel/Certificates/Schema.lean:522:100: This line exceeds the 100 character limit, please shorten it!

Note: This linter can be disabled with `set_option linter.style.longLine false`
warning: DefiKernel/Certificates/Schema.lean:524:100: This line exceeds the 100 character limit, please shorten it!

Note: This linter can be disabled with `set_option linter.style.longLine false`
✔ [939/945] Built DefiKernel.Certificates.CompatibilityExamples (2.1s)
⚠ [940/945] Built DefiKernel.Certificates.Check (3.4s)
warning: DefiKernel/Certificates/Check.lean:15:100: This line exceeds the 100 character limit, please shorten it!

Note: This linter can be disabled with `set_option linter.style.longLine false`
warning: DefiKernel/Certificates/Check.lean:34:100: This line exceeds the 100 character limit, please shorten it!

Note: This linter can be disabled with `set_option linter.style.longLine false`
warning: DefiKernel/Certificates/Check.lean:274:100: This line exceeds the 100 character limit, please shorten it!

Note: This linter can be disabled with `set_option linter.style.longLine false`
warning: DefiKernel/Certificates/Check.lean:275:100: This line exceeds the 100 character limit, please shorten it!

Note: This linter can be disabled with `set_option linter.style.longLine false`
warning: DefiKernel/Certificates/Check.lean:280:100: This line exceeds the 100 character limit, please shorten it!

Note: This linter can be disabled with `set_option linter.style.longLine false`
warning: DefiKernel/Certificates/Check.lean:282:100: This line exceeds the 100 character limit, please shorten it!

Note: This linter can be disabled with `set_option linter.style.longLine false`
warning: DefiKernel/Certificates/Check.lean:285:100: This line exceeds the 100 character limit, please shorten it!

Note: This linter can be disabled with `set_option linter.style.longLine false`
warning: DefiKernel/Certificates/Check.lean:302:100: This line exceeds the 100 character limit, please shorten it!

Note: This linter can be disabled with `set_option linter.style.longLine false`
warning: DefiKernel/Certificates/Check.lean:475:0: Please, write a comment here or remove this line, but do not place empty lines within commands!
Context:
                                                   ↓
  ⏎  let outstanding := outstandingFamilies rawCert⏎⏎  -- Untrusted envelope git compared against compiled TrustedHost.gitSha (definitionally this literal).⏎

Note: This linter can be disabled with `set_option linter.style.emptyLine false`
warning: DefiKernel/Certificates/Check.lean:509:0: Please, write a comment here or remove this line, but do not place empty lines within commands!
Context:
          ↓
  ⏎      ⟩⏎⏎      -- Execute transition (M02 needle)⏎

Note: This linter can be disabled with `set_option linter.style.emptyLine false`
warning: DefiKernel/Certificates/Check.lean:514:0: Please, write a comment here or remove this line, but do not place empty lines within commands!
Context:
                      ↓
  ⏎        return post⏎⏎      -- Judgment recomputations⏎

Note: This linter can be disabled with `set_option linter.style.emptyLine false`
warning: DefiKernel/Certificates/Check.lean:556:0: Please, write a comment here or remove this line, but do not place empty lines within commands!
Context:
                                                               ↓
  ⏎                        (.«true», .«true», .«true», .«true»)⏎⏎      -- M09 and M10 needles⏎

Note: This linter can be disabled with `set_option linter.style.emptyLine false`
warning: DefiKernel/Certificates/Check.lean:560:0: Please, write a comment here or remove this line, but do not place empty lines within commands!
Context:
                                                                                                                                 ↓
  ⏎      let sourceRefinement := if cert.invariants.isEmpty then JudgmentOutcome.notApplicable else JudgmentOutcome.notApplicable⏎⏎      let jmap : List (String × JudgmentOutcome) := [⏎

Note: This linter can be disabled with `set_option linter.style.emptyLine false`
warning: DefiKernel/Certificates/Check.lean:572:0: Please, write a comment here or remove this line, but do not place empty lines within commands!
Context:
                                                    ↓
  ⏎      let judgments := makeJudgments jmap claimed⏎⏎      match execResult with⏎

Note: This linter can be disabled with `set_option linter.style.emptyLine false`
warning: DefiKernel/Certificates/Check.lean:476:100: This line exceeds the 100 character limit, please shorten it!

Note: This linter can be disabled with `set_option linter.style.longLine false`
warning: DefiKernel/Certificates/Check.lean:489:100: This line exceeds the 100 character limit, please shorten it!

Note: This linter can be disabled with `set_option linter.style.longLine false`
warning: DefiKernel/Certificates/Check.lean:499:100: This line exceeds the 100 character limit, please shorten it!
You can use "string gaps" to format long strings: within a string quotation, using a '\' at the end of a line allows you to continue the string on the following line, removing all intervening whitespace.

Note: This linter can be disabled with `set_option linter.style.longLine false`
warning: DefiKernel/Certificates/Check.lean:503:100: This line exceeds the 100 character limit, please shorten it!

Note: This linter can be disabled with `set_option linter.style.longLine false`
warning: DefiKernel/Certificates/Check.lean:517:100: This line exceeds the 100 character limit, please shorten it!

Note: This linter can be disabled with `set_option linter.style.longLine false`
warning: DefiKernel/Certificates/Check.lean:523:100: This line exceeds the 100 character limit, please shorten it!

Note: This linter can be disabled with `set_option linter.style.longLine false`
warning: DefiKernel/Certificates/Check.lean:526:100: This line exceeds the 100 character limit, please shorten it!

Note: This linter can be disabled with `set_option linter.style.longLine false`
warning: DefiKernel/Certificates/Check.lean:537:100: This line exceeds the 100 character limit, please shorten it!

Note: This linter can be disabled with `set_option linter.style.longLine false`
warning: DefiKernel/Certificates/Check.lean:558:100: This line exceeds the 100 character limit, please shorten it!

Note: This linter can be disabled with `set_option linter.style.longLine false`
warning: DefiKernel/Certificates/Check.lean:559:100: This line exceeds the 100 character limit, please shorten it!

Note: This linter can be disabled with `set_option linter.style.longLine false`
warning: DefiKernel/Certificates/Check.lean:576:100: This line exceeds the 100 character limit, please shorten it!

Note: This linter can be disabled with `set_option linter.style.longLine false`
warning: DefiKernel/Certificates/Check.lean:584:100: This line exceeds the 100 character limit, please shorten it!

Note: This linter can be disabled with `set_option linter.style.longLine false`
warning: DefiKernel/Certificates/Check.lean:592:100: This line exceeds the 100 character limit, please shorten it!

Note: This linter can be disabled with `set_option linter.style.longLine false`
warning: DefiKernel/Certificates/Check.lean:599:100: This line exceeds the 100 character limit, please shorten it!

Note: This linter can be disabled with `set_option linter.style.longLine false`
warning: DefiKernel/Certificates/Check.lean:601:100: This line exceeds the 100 character limit, please shorten it!

Note: This linter can be disabled with `set_option linter.style.longLine false`
warning: DefiKernel/Certificates/Check.lean:603:100: This line exceeds the 100 character limit, please shorten it!

Note: This linter can be disabled with `set_option linter.style.longLine false`
warning: DefiKernel/Certificates/Check.lean:613:100: This line exceeds the 100 character limit, please shorten it!
You can use "string gaps" to format long strings: within a string quotation, using a '\' at the end of a line allows you to continue the string on the following line, removing all intervening whitespace.

Note: This linter can be disabled with `set_option linter.style.longLine false`
warning: DefiKernel/Certificates/Check.lean:617:100: This line exceeds the 100 character limit, please shorten it!
You can use "string gaps" to format long strings: within a string quotation, using a '\' at the end of a line allows you to continue the string on the following line, removing all intervening whitespace.

Note: This linter can be disabled with `set_option linter.style.longLine false`
warning: DefiKernel/Certificates/Check.lean:625:100: This line exceeds the 100 character limit, please shorten it!
You can use "string gaps" to format long strings: within a string quotation, using a '\' at the end of a line allows you to continue the string on the following line, removing all intervening whitespace.

Note: This linter can be disabled with `set_option linter.style.longLine false`
warning: DefiKernel/Certificates/Check.lean:643:100: This line exceeds the 100 character limit, please shorten it!

Note: This linter can be disabled with `set_option linter.style.longLine false`
warning: DefiKernel/Certificates/Check.lean:665:100: This line exceeds the 100 character limit, please shorten it!

Note: This linter can be disabled with `set_option linter.style.longLine false`
warning: DefiKernel/Certificates/Check.lean:691:0: Please, write a comment here or remove this line, but do not place empty lines within commands!
Context:
                                                                                   ↓
  ⏎      let compatOut := compositionCompatibleIndexed cfg boundaries payload.steps⏎⏎        let cursor := Composition.run cfg boundaries initialWorld steps⏎

Note: This linter can be disabled with `set_option linter.style.emptyLine false`
warning: DefiKernel/Certificates/Check.lean:712:0: Please, write a comment here or remove this line, but do not place empty lines within commands!
Context:
                                                                            ↓
  ⏎          ⟨ev.index, stepEnc, bWorld, ⟨aWorld, receiptEnc, stepOutputs⟩⟩)⏎⏎        let lastReceipt : Option ReceiptEnc :=⏎

Note: This linter can be disabled with `set_option linter.style.emptyLine false`
warning: DefiKernel/Certificates/Check.lean:719:0: Please, write a comment here or remove this line, but do not place empty lines within commands!
Context:
                                                         ↓
  ⏎            | .revoked id => some (.revoked id.value))⏎⏎        match cursor.failure with⏎

Note: This linter can be disabled with `set_option linter.style.emptyLine false`
warning: DefiKernel/Certificates/Check.lean:675:100: This line exceeds the 100 character limit, please shorten it!
You can use "string gaps" to format long strings: within a string quotation, using a '\' at the end of a line allows you to continue the string on the following line, removing all intervening whitespace.

Note: This linter can be disabled with `set_option linter.style.longLine false`
warning: DefiKernel/Certificates/Check.lean:679:100: This line exceeds the 100 character limit, please shorten it!
You can use "string gaps" to format long strings: within a string quotation, using a '\' at the end of a line allows you to continue the string on the following line, removing all intervening whitespace.

Note: This linter can be disabled with `set_option linter.style.longLine false`
warning: DefiKernel/Certificates/Check.lean:695:100: This line exceeds the 100 character limit, please shorten it!

Note: This linter can be disabled with `set_option linter.style.longLine false`
warning: DefiKernel/Certificates/Check.lean:704:100: This line exceeds the 100 character limit, please shorten it!

Note: This linter can be disabled with `set_option linter.style.longLine false`
warning: DefiKernel/Certificates/Check.lean:735:100: This line exceeds the 100 character limit, please shorten it!

Note: This linter can be disabled with `set_option linter.style.longLine false`
warning: DefiKernel/Certificates/Check.lean:747:100: This line exceeds the 100 character limit, please shorten it!

Note: This linter can be disabled with `set_option linter.style.longLine false`
warning: DefiKernel/Certificates/Check.lean:781:0: Please, write a comment here or remove this line, but do not place empty lines within commands!
Context:
                                                                                     ↓
  ⏎        ⟨preWorld, none, [], [], 0, none, some (refusalToLocatedFailure r).reason⟩⏎⏎  | .step _ payload =>⏎

Note: This linter can be disabled with `set_option linter.style.emptyLine false`
warning: DefiKernel/Certificates/Check.lean:812:0: Please, write a comment here or remove this line, but do not place empty lines within commands!
Context:
                                                                                    ↓
  ⏎            ⟨preWorld, none, [], [], payload.index, none, some (failureToPath f)⟩⏎⏎  | .run _ payload =>⏎

Note: This linter can be disabled with `set_option linter.style.emptyLine false`
warning: DefiKernel/Certificates/Check.lean:773:100: This line exceeds the 100 character limit, please shorten it!

Note: This linter can be disabled with `set_option linter.style.longLine false`
warning: DefiKernel/Certificates/Check.lean:802:100: This line exceeds the 100 character limit, please shorten it!

Note: This linter can be disabled with `set_option linter.style.longLine false`
warning: DefiKernel/Certificates/Check.lean:835:100: This line exceeds the 100 character limit, please shorten it!

Note: This linter can be disabled with `set_option linter.style.longLine false`
warning: DefiKernel/Certificates/Check.lean:841:100: This line exceeds the 100 character limit, please shorten it!

Note: This linter can be disabled with `set_option linter.style.longLine false`
warning: DefiKernel/Certificates/Check.lean:844:100: This line exceeds the 100 character limit, please shorten it!

Note: This linter can be disabled with `set_option linter.style.longLine false`
✔ [941/945] Built DefiKernel.Certificates.Observation (1.2s)
⚠ [942/945] Built DefiKernel.Certificates.Delivered (1.3s)
warning: DefiKernel/Certificates/Delivered.lean:53:100: This line exceeds the 100 character limit, please shorten it!

Note: This linter can be disabled with `set_option linter.style.longLine false`
warning: DefiKernel/Certificates/Delivered.lean:195:100: This line exceeds the 100 character limit, please shorten it!

Note: This linter can be disabled with `set_option linter.style.longLine false`
warning: DefiKernel/Certificates/Delivered.lean:212:100: This line exceeds the 100 character limit, please shorten it!

Note: This linter can be disabled with `set_option linter.style.longLine false`
warning: DefiKernel/Certificates/Delivered.lean:226:100: This line exceeds the 100 character limit, please shorten it!

Note: This linter can be disabled with `set_option linter.style.longLine false`
⚠ [943/945] Built DefiKernel.Certificates.RunFixtures (1.4s)
warning: DefiKernel/Certificates/RunFixtures.lean:31:0: Please, write a comment here or remove this line, but do not place empty lines within commands!
Context:
                                                                                            ↓
  ⏎      IO.println (jsonObj [("mode", "\"codec\""), ("result", res), ("raw_utf8", "\"\"")])⏎⏎  else if mode == "check" then⏎

Note: This linter can be disabled with `set_option linter.style.emptyLine false`
warning: DefiKernel/Certificates/RunFixtures.lean:42:0: Please, write a comment here or remove this line, but do not place empty lines within commands!
Context:
                                                  ↓
  ⏎    | other => IO.println (encodeOutcome other)⏎⏎  else if mode == "raw" then⏎

Note: This linter can be disabled with `set_option linter.style.emptyLine false`
warning: DefiKernel/Certificates/RunFixtures.lean:56:0: Please, write a comment here or remove this line, but do not place empty lines within commands!
Context:
                                                                                                   ↓
  ⏎      IO.println (jsonObj [("error", "\"decode failure\""), ("failure", encodeDecodeFailure e)])⏎⏎  else if mode == "observation-pair" then⏎

Note: This linter can be disabled with `set_option linter.style.emptyLine false`
warning: DefiKernel/Certificates/RunFixtures.lean:88:0: Please, write a comment here or remove this line, but do not place empty lines within commands!
Context:
                                                                                      ↓
  ⏎      IO.println (jsonObj [("error", escapeJsonString s!"rep2 parse error: {e2}")])⏎⏎  else⏎

Note: This linter can be disabled with `set_option linter.style.emptyLine false`
warning: DefiKernel/Certificates/RunFixtures.lean:27:100: This line exceeds the 100 character limit, please shorten it!
You can use "string gaps" to format long strings: within a string quotation, using a '\' at the end of a line allows you to continue the string on the following line, removing all intervening whitespace.

Note: This linter can be disabled with `set_option linter.style.longLine false`
warning: DefiKernel/Certificates/RunFixtures.lean:29:100: This line exceeds the 100 character limit, please shorten it!
You can use "string gaps" to format long strings: within a string quotation, using a '\' at the end of a line allows you to continue the string on the following line, removing all intervening whitespace.

Note: This linter can be disabled with `set_option linter.style.longLine false`
⚠ [944/945] Built DefiKernel.Certificates.Tests (1.9s)
warning: DefiKernel/Certificates/Tests.lean:98:100: This line exceeds the 100 character limit, please shorten it!

Note: This linter can be disabled with `set_option linter.style.longLine false`
warning: DefiKernel/Certificates/Tests.lean:115:100: This line exceeds the 100 character limit, please shorten it!

Note: This linter can be disabled with `set_option linter.style.longLine false`
warning: DefiKernel/Certificates/Tests.lean:139:100: This line exceeds the 100 character limit, please shorten it!

Note: This linter can be disabled with `set_option linter.style.longLine false`
warning: DefiKernel/Certificates/Tests.lean:266:100: This line exceeds the 100 character limit, please shorten it!

Note: This linter can be disabled with `set_option linter.style.longLine false`
warning: DefiKernel/Certificates/Tests.lean:272:100: This line exceeds the 100 character limit, please shorten it!

Note: This linter can be disabled with `set_option linter.style.longLine false`
warning: DefiKernel/Certificates/Tests.lean:275:100: This line exceeds the 100 character limit, please shorten it!

Note: This linter can be disabled with `set_option linter.style.longLine false`
warning: DefiKernel/Certificates/Tests.lean:291:100: This line exceeds the 100 character limit, please shorten it!

Note: This linter can be disabled with `set_option linter.style.longLine false`
warning: DefiKernel/Certificates/Tests.lean:295:100: This line exceeds the 100 character limit, please shorten it!

Note: This linter can be disabled with `set_option linter.style.longLine false`
warning: DefiKernel/Certificates/Tests.lean:299:100: This line exceeds the 100 character limit, please shorten it!

Note: This linter can be disabled with `set_option linter.style.longLine false`
warning: DefiKernel/Certificates/Tests.lean:303:100: This line exceeds the 100 character limit, please shorten it!

Note: This linter can be disabled with `set_option linter.style.longLine false`
warning: DefiKernel/Certificates/Tests.lean:329:100: This line exceeds the 100 character limit, please shorten it!

Note: This linter can be disabled with `set_option linter.style.longLine false`
warning: DefiKernel/Certificates/Tests.lean:342:100: This line exceeds the 100 character limit, please shorten it!

Note: This linter can be disabled with `set_option linter.style.longLine false`
warning: DefiKernel/Certificates/Tests.lean:346:100: This line exceeds the 100 character limit, please shorten it!
You can use "string gaps" to format long strings: within a string quotation, using a '\' at the end of a line allows you to continue the string on the following line, removing all intervening whitespace.

Note: This linter can be disabled with `set_option linter.style.longLine false`
warning: DefiKernel/Certificates/Tests.lean:347:100: This line exceeds the 100 character limit, please shorten it!
You can use "string gaps" to format long strings: within a string quotation, using a '\' at the end of a line allows you to continue the string on the following line, removing all intervening whitespace.

Note: This linter can be disabled with `set_option linter.style.longLine false`
warning: DefiKernel/Certificates/Tests.lean:375:100: This line exceeds the 100 character limit, please shorten it!

Note: This linter can be disabled with `set_option linter.style.longLine false`
warning: DefiKernel/Certificates/Tests.lean:381:100: This line exceeds the 100 character limit, please shorten it!

Note: This linter can be disabled with `set_option linter.style.longLine false`
warning: DefiKernel/Certificates/Tests.lean:409:100: This line exceeds the 100 character limit, please shorten it!
You can use "string gaps" to format long strings: within a string quotation, using a '\' at the end of a line allows you to continue the string on the following line, removing all intervening whitespace.

Note: This linter can be disabled with `set_option linter.style.longLine false`
warning: DefiKernel/Certificates/Tests.lean:480:100: This line exceeds the 100 character limit, please shorten it!

Note: This linter can be disabled with `set_option linter.style.longLine false`
warning: DefiKernel/Certificates/Tests.lean:481:100: This line exceeds the 100 character limit, please shorten it!

Note: This linter can be disabled with `set_option linter.style.longLine false`
warning: DefiKernel/Certificates/Tests.lean:487:100: This line exceeds the 100 character limit, please shorten it!

Note: This linter can be disabled with `set_option linter.style.longLine false`
warning: DefiKernel/Certificates/Tests.lean:492:100: This line exceeds the 100 character limit, please shorten it!

Note: This linter can be disabled with `set_option linter.style.longLine false`
warning: DefiKernel/Certificates/Tests.lean:494:100: This line exceeds the 100 character limit, please shorten it!

Note: This linter can be disabled with `set_option linter.style.longLine false`
warning: DefiKernel/Certificates/Tests.lean:499:100: This line exceeds the 100 character limit, please shorten it!

Note: This linter can be disabled with `set_option linter.style.longLine false`
warning: DefiKernel/Certificates/Tests.lean:504:100: This line exceeds the 100 character limit, please shorten it!

Note: This linter can be disabled with `set_option linter.style.longLine false`
warning: DefiKernel/Certificates/Tests.lean:508:100: This line exceeds the 100 character limit, please shorten it!
You can use "string gaps" to format long strings: within a string quotation, using a '\' at the end of a line allows you to continue the string on the following line, removing all intervening whitespace.

Note: This linter can be disabled with `set_option linter.style.longLine false`
warning: DefiKernel/Certificates/Tests.lean:516:100: This line exceeds the 100 character limit, please shorten it!

Note: This linter can be disabled with `set_option linter.style.longLine false`
warning: DefiKernel/Certificates/Tests.lean:517:100: This line exceeds the 100 character limit, please shorten it!

Note: This linter can be disabled with `set_option linter.style.longLine false`
warning: DefiKernel/Certificates/Tests.lean:521:100: This line exceeds the 100 character limit, please shorten it!
You can use "string gaps" to format long strings: within a string quotation, using a '\' at the end of a line allows you to continue the string on the following line, removing all intervening whitespace.

Note: This linter can be disabled with `set_option linter.style.longLine false`
warning: DefiKernel/Certificates/Tests.lean:528:100: This line exceeds the 100 character limit, please shorten it!
You can use "string gaps" to format long strings: within a string quotation, using a '\' at the end of a line allows you to continue the string on the following line, removing all intervening whitespace.

Note: This linter can be disabled with `set_option linter.style.longLine false`
warning: DefiKernel/Certificates/Tests.lean:535:100: This line exceeds the 100 character limit, please shorten it!
You can use "string gaps" to format long strings: within a string quotation, using a '\' at the end of a line allows you to continue the string on the following line, removing all intervening whitespace.

Note: This linter can be disabled with `set_option linter.style.longLine false`
warning: DefiKernel/Certificates/Tests.lean:542:100: This line exceeds the 100 character limit, please shorten it!
You can use "string gaps" to format long strings: within a string quotation, using a '\' at the end of a line allows you to continue the string on the following line, removing all intervening whitespace.

Note: This linter can be disabled with `set_option linter.style.longLine false`
✔ [945/945] Built DefiKernel.Certificates.CompatibilityStatusRegression (1.5s)
Build completed successfully (945 jobs).
