AssumptionsRegression
assumptions.subsets.64: true
assumptions.empty: true
assumptions.complete: true
assumptions.individually-missing: true
assumptions.mixed-missing: true
assumptions.empty.labels: true
assumptions.complete.labels: true
assumptions.f41.input-membership: true
assumptions.f41.frozen-mismatch: true
assumptions.f41.replay-companion-labels: true
assumptions.s55.env-companion-labels: true
assumptions.checkTyped.report-64: true
assumptions.delivered.typed-64: true
assumptions.delivered.step-64: true
assumptions.delivered.run-64: true
assumptions.checkStep.report-64: true
assumptions.checkRun.report-64: true
assumptions.claimed-not-truth: true
assumptions.checkTyped.s55-companion: true
assumptions.checkTyped.replay-companion: true
assumptions.delivered.step-run-empty: true
assumptions.delivered.step-run-complete: true
assumptions.check.step-run-empty-historical: true
all assumption-class checks passed
