⚠ [921/938] Replayed DefiKernel.Typed.Transition
warning: DefiKernel/Typed/Transition.lean:239:20: `simp_all [throw, throwThe]` is a flexible tactic modifying `⊢`. Try `simp_all?` and use the suggested `simp_all only [...]`. Alternatively, use `suffices` to explicitly state the simplified form.

Note: This linter can be disabled with `set_option linter.flexible false`
info: DefiKernel/Typed/Transition.lean:239:20: Try this:
  [apply] simp_all only [or_false, Prod.forall, true_and]
info: DefiKernel/Typed/Transition.lean:244:6: `rename_i args`
modifies the current goal, which was modified by the flexible tactic `simp_all` on line 239!
warning: DefiKernel/Typed/Transition.lean:239:20: `simp_all [throw, throwThe]` is a flexible tactic modifying `⊢`. Try `simp_all?` and use the suggested `simp_all only [...]`. Alternatively, use `suffices` to explicitly state the simplified form.

Note: This linter can be disabled with `set_option linter.flexible false`
info: DefiKernel/Typed/Transition.lean:239:20: Try this:
  [apply] simp_all only [Option.some.injEq, false_or, Prod.forall]
info: DefiKernel/Typed/Transition.lean:244:6: `rename_i args`
modifies the current goal, which was modified by the flexible tactic `simp_all` on line 239!
⚠ [927/938] Built DefiKernel.Certificates.Schema (6.0s)
warning: DefiKernel/Certificates/Schema.lean:142:100: This line exceeds the 100 character limit, please shorten it!

Note: This linter can be disabled with `set_option linter.style.longLine false`
warning: DefiKernel/Certificates/Schema.lean:391:100: This line exceeds the 100 character limit, please shorten it!

Note: This linter can be disabled with `set_option linter.style.longLine false`
warning: DefiKernel/Certificates/Schema.lean:408:100: This line exceeds the 100 character limit, please shorten it!

Note: This linter can be disabled with `set_option linter.style.longLine false`
warning: DefiKernel/Certificates/Schema.lean:484:100: This line exceeds the 100 character limit, please shorten it!

Note: This linter can be disabled with `set_option linter.style.longLine false`
warning: DefiKernel/Certificates/Schema.lean:520:100: This line exceeds the 100 character limit, please shorten it!

Note: This linter can be disabled with `set_option linter.style.longLine false`
warning: DefiKernel/Certificates/Schema.lean:522:100: This line exceeds the 100 character limit, please shorten it!

Note: This linter can be disabled with `set_option linter.style.longLine false`
warning: DefiKernel/Certificates/Schema.lean:524:100: This line exceeds the 100 character limit, please shorten it!

Note: This linter can be disabled with `set_option linter.style.longLine false`
✔ [928/938] Built DefiKernel.Certificates.CanonicalJson (5.4s)
✔ [929/938] Built DefiKernel.Certificates.Encode (1.8s)
✔ [930/938] Built DefiKernel.Certificates.Decode (2.6s)
⚠ [931/938] Built DefiKernel.Certificates.Check (2.1s)
warning: DefiKernel/Certificates/Check.lean:12:100: This line exceeds the 100 character limit, please shorten it!

Note: This linter can be disabled with `set_option linter.style.longLine false`
warning: DefiKernel/Certificates/Check.lean:31:100: This line exceeds the 100 character limit, please shorten it!

Note: This linter can be disabled with `set_option linter.style.longLine false`
warning: DefiKernel/Certificates/Check.lean:271:100: This line exceeds the 100 character limit, please shorten it!

Note: This linter can be disabled with `set_option linter.style.longLine false`
warning: DefiKernel/Certificates/Check.lean:272:100: This line exceeds the 100 character limit, please shorten it!

Note: This linter can be disabled with `set_option linter.style.longLine false`
warning: DefiKernel/Certificates/Check.lean:277:100: This line exceeds the 100 character limit, please shorten it!

Note: This linter can be disabled with `set_option linter.style.longLine false`
warning: DefiKernel/Certificates/Check.lean:279:100: This line exceeds the 100 character limit, please shorten it!

Note: This linter can be disabled with `set_option linter.style.longLine false`
warning: DefiKernel/Certificates/Check.lean:282:100: This line exceeds the 100 character limit, please shorten it!

Note: This linter can be disabled with `set_option linter.style.longLine false`
warning: DefiKernel/Certificates/Check.lean:299:100: This line exceeds the 100 character limit, please shorten it!

Note: This linter can be disabled with `set_option linter.style.longLine false`
warning: DefiKernel/Certificates/Check.lean:360:0: Please, write a comment here or remove this line, but do not place empty lines within commands!
Context:
                                                                                          ↓
  ⏎                     (if !rawCert.source_map.isEmpty then ["sourceRefinement"] else [])⏎⏎  -- Check source pin⏎

Note: This linter can be disabled with `set_option linter.style.emptyLine false`
warning: DefiKernel/Certificates/Check.lean:394:0: Please, write a comment here or remove this line, but do not place empty lines within commands!
Context:
          ↓
  ⏎      ⟩⏎⏎      -- Execute transition (M02 needle)⏎

Note: This linter can be disabled with `set_option linter.style.emptyLine false`
warning: DefiKernel/Certificates/Check.lean:399:0: Please, write a comment here or remove this line, but do not place empty lines within commands!
Context:
                      ↓
  ⏎        return post⏎⏎      -- Judgment recomputations⏎

Note: This linter can be disabled with `set_option linter.style.emptyLine false`
warning: DefiKernel/Certificates/Check.lean:441:0: Please, write a comment here or remove this line, but do not place empty lines within commands!
Context:
                                                               ↓
  ⏎                        (.«true», .«true», .«true», .«true»)⏎⏎      -- M09 and M10 needles⏎

Note: This linter can be disabled with `set_option linter.style.emptyLine false`
warning: DefiKernel/Certificates/Check.lean:445:0: Please, write a comment here or remove this line, but do not place empty lines within commands!
Context:
                                                                                                                                 ↓
  ⏎      let sourceRefinement := if cert.invariants.isEmpty then JudgmentOutcome.notApplicable else JudgmentOutcome.notApplicable⏎⏎      let jmap : List (String × JudgmentOutcome) := [⏎

Note: This linter can be disabled with `set_option linter.style.emptyLine false`
warning: DefiKernel/Certificates/Check.lean:457:0: Please, write a comment here or remove this line, but do not place empty lines within commands!
Context:
                                                    ↓
  ⏎      let judgments := makeJudgments jmap claimed⏎⏎      match execResult with⏎

Note: This linter can be disabled with `set_option linter.style.emptyLine false`
warning: DefiKernel/Certificates/Check.lean:358:100: This line exceeds the 100 character limit, please shorten it!
You can use "string gaps" to format long strings: within a string quotation, using a '\' at the end of a line allows you to continue the string on the following line, removing all intervening whitespace.

Note: This linter can be disabled with `set_option linter.style.longLine false`
warning: DefiKernel/Certificates/Check.lean:374:100: This line exceeds the 100 character limit, please shorten it!

Note: This linter can be disabled with `set_option linter.style.longLine false`
warning: DefiKernel/Certificates/Check.lean:384:100: This line exceeds the 100 character limit, please shorten it!
You can use "string gaps" to format long strings: within a string quotation, using a '\' at the end of a line allows you to continue the string on the following line, removing all intervening whitespace.

Note: This linter can be disabled with `set_option linter.style.longLine false`
warning: DefiKernel/Certificates/Check.lean:388:100: This line exceeds the 100 character limit, please shorten it!

Note: This linter can be disabled with `set_option linter.style.longLine false`
warning: DefiKernel/Certificates/Check.lean:402:100: This line exceeds the 100 character limit, please shorten it!

Note: This linter can be disabled with `set_option linter.style.longLine false`
warning: DefiKernel/Certificates/Check.lean:408:100: This line exceeds the 100 character limit, please shorten it!

Note: This linter can be disabled with `set_option linter.style.longLine false`
warning: DefiKernel/Certificates/Check.lean:411:100: This line exceeds the 100 character limit, please shorten it!

Note: This linter can be disabled with `set_option linter.style.longLine false`
warning: DefiKernel/Certificates/Check.lean:422:100: This line exceeds the 100 character limit, please shorten it!

Note: This linter can be disabled with `set_option linter.style.longLine false`
warning: DefiKernel/Certificates/Check.lean:443:100: This line exceeds the 100 character limit, please shorten it!

Note: This linter can be disabled with `set_option linter.style.longLine false`
warning: DefiKernel/Certificates/Check.lean:444:100: This line exceeds the 100 character limit, please shorten it!

Note: This linter can be disabled with `set_option linter.style.longLine false`
warning: DefiKernel/Certificates/Check.lean:461:100: This line exceeds the 100 character limit, please shorten it!

Note: This linter can be disabled with `set_option linter.style.longLine false`
warning: DefiKernel/Certificates/Check.lean:469:100: This line exceeds the 100 character limit, please shorten it!

Note: This linter can be disabled with `set_option linter.style.longLine false`
warning: DefiKernel/Certificates/Check.lean:477:100: This line exceeds the 100 character limit, please shorten it!

Note: This linter can be disabled with `set_option linter.style.longLine false`
warning: DefiKernel/Certificates/Check.lean:484:100: This line exceeds the 100 character limit, please shorten it!

Note: This linter can be disabled with `set_option linter.style.longLine false`
warning: DefiKernel/Certificates/Check.lean:486:100: This line exceeds the 100 character limit, please shorten it!

Note: This linter can be disabled with `set_option linter.style.longLine false`
warning: DefiKernel/Certificates/Check.lean:488:100: This line exceeds the 100 character limit, please shorten it!

Note: This linter can be disabled with `set_option linter.style.longLine false`
warning: DefiKernel/Certificates/Check.lean:496:100: This line exceeds the 100 character limit, please shorten it!
You can use "string gaps" to format long strings: within a string quotation, using a '\' at the end of a line allows you to continue the string on the following line, removing all intervening whitespace.

Note: This linter can be disabled with `set_option linter.style.longLine false`
warning: DefiKernel/Certificates/Check.lean:500:100: This line exceeds the 100 character limit, please shorten it!
You can use "string gaps" to format long strings: within a string quotation, using a '\' at the end of a line allows you to continue the string on the following line, removing all intervening whitespace.

Note: This linter can be disabled with `set_option linter.style.longLine false`
warning: DefiKernel/Certificates/Check.lean:504:100: This line exceeds the 100 character limit, please shorten it!
You can use "string gaps" to format long strings: within a string quotation, using a '\' at the end of a line allows you to continue the string on the following line, removing all intervening whitespace.

Note: This linter can be disabled with `set_option linter.style.longLine false`
warning: DefiKernel/Certificates/Check.lean:510:100: This line exceeds the 100 character limit, please shorten it!
You can use "string gaps" to format long strings: within a string quotation, using a '\' at the end of a line allows you to continue the string on the following line, removing all intervening whitespace.

Note: This linter can be disabled with `set_option linter.style.longLine false`
warning: DefiKernel/Certificates/Check.lean:528:100: This line exceeds the 100 character limit, please shorten it!

Note: This linter can be disabled with `set_option linter.style.longLine false`
warning: DefiKernel/Certificates/Check.lean:550:100: This line exceeds the 100 character limit, please shorten it!

Note: This linter can be disabled with `set_option linter.style.longLine false`
warning: DefiKernel/Certificates/Check.lean:577:0: Please, write a comment here or remove this line, but do not place empty lines within commands!
Context:
                                                  ↓
  ⏎        payload.steps.filterMap StepEnc.toStep?⏎⏎        let cursor := Composition.run cfg boundaries initialWorld steps⏎

Note: This linter can be disabled with `set_option linter.style.emptyLine false`
warning: DefiKernel/Certificates/Check.lean:598:0: Please, write a comment here or remove this line, but do not place empty lines within commands!
Context:
                                                                            ↓
  ⏎          ⟨ev.index, stepEnc, bWorld, ⟨aWorld, receiptEnc, stepOutputs⟩⟩)⏎⏎        let lastReceipt : Option ReceiptEnc :=⏎

Note: This linter can be disabled with `set_option linter.style.emptyLine false`
warning: DefiKernel/Certificates/Check.lean:605:0: Please, write a comment here or remove this line, but do not place empty lines within commands!
Context:
                                                         ↓
  ⏎            | .revoked id => some (.revoked id.value))⏎⏎        match cursor.failure with⏎

Note: This linter can be disabled with `set_option linter.style.emptyLine false`
warning: DefiKernel/Certificates/Check.lean:558:100: This line exceeds the 100 character limit, please shorten it!
You can use "string gaps" to format long strings: within a string quotation, using a '\' at the end of a line allows you to continue the string on the following line, removing all intervening whitespace.

Note: This linter can be disabled with `set_option linter.style.longLine false`
warning: DefiKernel/Certificates/Check.lean:562:100: This line exceeds the 100 character limit, please shorten it!
You can use "string gaps" to format long strings: within a string quotation, using a '\' at the end of a line allows you to continue the string on the following line, removing all intervening whitespace.

Note: This linter can be disabled with `set_option linter.style.longLine false`
warning: DefiKernel/Certificates/Check.lean:566:100: This line exceeds the 100 character limit, please shorten it!
You can use "string gaps" to format long strings: within a string quotation, using a '\' at the end of a line allows you to continue the string on the following line, removing all intervening whitespace.

Note: This linter can be disabled with `set_option linter.style.longLine false`
warning: DefiKernel/Certificates/Check.lean:581:100: This line exceeds the 100 character limit, please shorten it!

Note: This linter can be disabled with `set_option linter.style.longLine false`
warning: DefiKernel/Certificates/Check.lean:590:100: This line exceeds the 100 character limit, please shorten it!

Note: This linter can be disabled with `set_option linter.style.longLine false`
warning: DefiKernel/Certificates/Check.lean:621:100: This line exceeds the 100 character limit, please shorten it!

Note: This linter can be disabled with `set_option linter.style.longLine false`
warning: DefiKernel/Certificates/Check.lean:633:100: This line exceeds the 100 character limit, please shorten it!

Note: This linter can be disabled with `set_option linter.style.longLine false`
warning: DefiKernel/Certificates/Check.lean:667:0: Please, write a comment here or remove this line, but do not place empty lines within commands!
Context:
                                                                                     ↓
  ⏎        ⟨preWorld, none, [], [], 0, none, some (refusalToLocatedFailure r).reason⟩⏎⏎  | .step _ payload =>⏎

Note: This linter can be disabled with `set_option linter.style.emptyLine false`
warning: DefiKernel/Certificates/Check.lean:698:0: Please, write a comment here or remove this line, but do not place empty lines within commands!
Context:
                                                                                    ↓
  ⏎            ⟨preWorld, none, [], [], payload.index, none, some (failureToPath f)⟩⏎⏎  | .run _ payload =>⏎

Note: This linter can be disabled with `set_option linter.style.emptyLine false`
warning: DefiKernel/Certificates/Check.lean:659:100: This line exceeds the 100 character limit, please shorten it!

Note: This linter can be disabled with `set_option linter.style.longLine false`
warning: DefiKernel/Certificates/Check.lean:688:100: This line exceeds the 100 character limit, please shorten it!

Note: This linter can be disabled with `set_option linter.style.longLine false`
warning: DefiKernel/Certificates/Check.lean:721:100: This line exceeds the 100 character limit, please shorten it!

Note: This linter can be disabled with `set_option linter.style.longLine false`
warning: DefiKernel/Certificates/Check.lean:727:100: This line exceeds the 100 character limit, please shorten it!

Note: This linter can be disabled with `set_option linter.style.longLine false`
warning: DefiKernel/Certificates/Check.lean:730:100: This line exceeds the 100 character limit, please shorten it!

Note: This linter can be disabled with `set_option linter.style.longLine false`
✔ [932/938] Built DefiKernel.Certificates.Observation (962ms)
✔ [933/938] Built DefiKernel.Certificates.Correspondence (243s)
⚠ [934/938] Built DefiKernel.Certificates.DepthBridge (2.3s)
warning: DefiKernel/Certificates/DepthBridge.lean:36:4: try 'simp' instead of 'simpa'

Note: This linter can be disabled with `set_option linter.unnecessarySimpa false`
warning: DefiKernel/Certificates/DepthBridge.lean:32:29: This simp argument is unused:
  Nat.max_comm

Hint: Omit it from the simp argument list.
  [apply] simp [List.foldl]

Note: This linter can be disabled with `set_option linter.unusedSimpArgs false`
warning: DefiKernel/Certificates/DepthBridge.lean:34:4: `simp [List.foldl]` is a flexible tactic modifying `⊢`. Try `simp?` and use the suggested `simp only [...]`. Alternatively, use `suffices` to explicitly state the simplified form.

Note: This linter can be disabled with `set_option linter.flexible false`
info: DefiKernel/Certificates/DepthBridge.lean:34:4: Try this:
  [apply] simp only [List.foldl_cons, zero_le, sup_of_le_right]
info: DefiKernel/Certificates/DepthBridge.lean:35:4: `rw [ih (a.max (f x)), ih (f x)]`
modifies the current goal, which was modified by the flexible tactic `simp` on line 34!
warning: DefiKernel/Certificates/DepthBridge.lean:62:4: `simp [TreeJson.depthList, List.foldl]` is a flexible tactic modifying `⊢`. Try `simp?` and use the suggested `simp only [...]`. Alternatively, use `suffices` to explicitly state the simplified form.

Note: This linter can be disabled with `set_option linter.flexible false`
info: DefiKernel/Certificates/DepthBridge.lean:62:4: Try this:
  [apply] simp only [List.foldl_cons, zero_le, sup_of_le_right]
info: DefiKernel/Certificates/DepthBridge.lean:63:4: `rw [foldl_max_init_shift, ih]`
modifies the current goal, which was modified by the flexible tactic `simp` on line 62!
warning: DefiKernel/Certificates/DepthBridge.lean:71:4: `simp [TreeJson.depthObj, List.foldl]` is a flexible tactic modifying `⊢`. Try `simp?` and use the suggested `simp only [...]`. Alternatively, use `suffices` to explicitly state the simplified form.

Note: This linter can be disabled with `set_option linter.flexible false`
info: DefiKernel/Certificates/DepthBridge.lean:71:4: Try this:
  [apply] simp only [List.foldl_cons, zero_le, sup_of_le_right]
info: DefiKernel/Certificates/DepthBridge.lean:72:4: `rw [foldl_max_init_shift, ih]`
modifies the current goal, which was modified by the flexible tactic `simp` on line 71!
warning: DefiKernel/Certificates/DepthBridge.lean:84:4: `simp [List.foldl]` is a flexible tactic modifying `⊢`. Try `simp?` and use the suggested `simp only [...]`. Alternatively, use `suffices` to explicitly state the simplified form.

Note: This linter can be disabled with `set_option linter.flexible false`
info: DefiKernel/Certificates/DepthBridge.lean:84:4: Try this:
  [apply] simp only [List.foldl_cons, le_inf_iff, zero_le, and_self, sup_of_le_right]
info: DefiKernel/Certificates/DepthBridge.lean:85:4: `rw [foldl_max_init_shift (f := fun y => min fuel (d y)), foldl_max_init_shift (f := d), ih]`
modifies the current goal, which was modified by the flexible tactic `simp` on line 84!
warning: DefiKernel/Certificates/DepthBridge.lean:84:4: `simp [List.foldl]` is a flexible tactic modifying `⊢`. Try `simp?` and use the suggested `simp only [...]`. Alternatively, use `suffices` to explicitly state the simplified form.

Note: This linter can be disabled with `set_option linter.flexible false`
info: DefiKernel/Certificates/DepthBridge.lean:84:4: Try this:
  [apply] simp only [List.foldl_cons, le_inf_iff, zero_le, and_self, sup_of_le_right]
info: DefiKernel/Certificates/DepthBridge.lean:87:4: `exact max_min_left fuel (d x) (xs.foldl (fun acc y => acc.max (d y)) 0)`
modifies the current goal, which was modified by the flexible tactic `simp` on line 84!
warning: DefiKernel/Certificates/DepthBridge.lean:174:23: This simp argument is unused:
  Array.foldl_toList

Hint: Omit it from the simp argument list.
  [apply] simp [jsonDepthFuel]

Note: This linter can be disabled with `set_option linter.unusedSimpArgs false`
warning: DefiKernel/Certificates/DepthBridge.lean:201:4: `simp [List.map, List.foldl]` is a flexible tactic modifying `⊢`. Try `simp?` and use the suggested `simp only [...]`. Alternatively, use `suffices` to explicitly state the simplified form.

Note: This linter can be disabled with `set_option linter.flexible false`
info: DefiKernel/Certificates/DepthBridge.lean:201:4: Try this:
  [apply] simp only [List.map_cons, List.foldl_cons]
info: DefiKernel/Certificates/DepthBridge.lean:202:4: `exact ih _`
modifies the current goal, which was modified by the flexible tactic `simp` on line 201!
warning: DefiKernel/Certificates/DepthBridge.lean:212:4: `simp [List.map, List.foldl]` is a flexible tactic modifying `⊢`. Try `simp?` and use the suggested `simp only [...]`. Alternatively, use `suffices` to explicitly state the simplified form.

Note: This linter can be disabled with `set_option linter.flexible false`
info: DefiKernel/Certificates/DepthBridge.lean:212:4: Try this:
  [apply] simp only [List.map_cons, List.foldl_cons]
info: DefiKernel/Certificates/DepthBridge.lean:213:4: `exact ih _`
modifies the current goal, which was modified by the flexible tactic `simp` on line 212!
warning: DefiKernel/Certificates/DepthBridge.lean:235:27: This simp argument is unused:
  TreeJson.toJson

Hint: Omit it from the simp argument list.
  [apply] simp [jsonDepthFuel, TreeJson.depth]

Note: This linter can be disabled with `set_option linter.unusedSimpArgs false`
warning: DefiKernel/Certificates/DepthBridge.lean:258:27: This simp argument is unused:
  TreeJson.toJson

Hint: Omit it from the simp argument list.
  [apply] simp [jsonDepthFuel, TreeJson.depth]

Note: This linter can be disabled with `set_option linter.unusedSimpArgs false`
warning: DefiKernel/Certificates/DepthBridge.lean:299:4: `simp [List.map, List.foldl]` is a flexible tactic modifying `⊢`. Try `simp?` and use the suggested `simp only [...]`. Alternatively, use `suffices` to explicitly state the simplified form.

Note: This linter can be disabled with `set_option linter.flexible false`
info: DefiKernel/Certificates/DepthBridge.lean:299:4: Try this:
  [apply] simp only [List.map_cons, List.foldl_cons]
info: DefiKernel/Certificates/DepthBridge.lean:300:4: `exact ih _`
modifies the current goal, which was modified by the flexible tactic `simp` on line 299!
⚠ [935/938] Built DefiKernel.Certificates.Roundtrip (81s)
warning: DefiKernel/Certificates/Roundtrip.lean:1449:0: Please, add a comment explaining the need for modifying the maxHeartbeat limit, as in
set_option maxHeartbeats 3000000 in
-- reason for change
...

Note: This linter can be disabled with `set_option linter.style.maxHeartbeats false`
warning: DefiKernel/Certificates/Roundtrip.lean:1466:0: Please, add a comment explaining the need for modifying the maxHeartbeat limit, as in
set_option maxHeartbeats 3000000 in
-- reason for change
...

Note: This linter can be disabled with `set_option linter.style.maxHeartbeats false`
warning: DefiKernel/Certificates/Roundtrip.lean:1489:0: Please, add a comment explaining the need for modifying the maxHeartbeat limit, as in
set_option maxHeartbeats 3000000 in
-- reason for change
...

Note: This linter can be disabled with `set_option linter.style.maxHeartbeats false`
warning: DefiKernel/Certificates/Roundtrip.lean:1510:0: Please, add a comment explaining the need for modifying the maxHeartbeat limit, as in
set_option maxHeartbeats 3000000 in
-- reason for change
...

Note: This linter can be disabled with `set_option linter.style.maxHeartbeats false`
warning: DefiKernel/Certificates/Roundtrip.lean:1546:0: Please, add a comment explaining the need for modifying the maxHeartbeat limit, as in
set_option maxHeartbeats 3000000 in
-- reason for change
...

Note: This linter can be disabled with `set_option linter.style.maxHeartbeats false`
warning: DefiKernel/Certificates/Roundtrip.lean:1587:0: Please, add a comment explaining the need for modifying the maxHeartbeat limit, as in
set_option maxHeartbeats 3000000 in
-- reason for change
...

Note: This linter can be disabled with `set_option linter.style.maxHeartbeats false`
warning: DefiKernel/Certificates/Roundtrip.lean:1613:0: Please, add a comment explaining the need for modifying the maxHeartbeat limit, as in
set_option maxHeartbeats 3000000 in
-- reason for change
...

Note: This linter can be disabled with `set_option linter.style.maxHeartbeats false`
warning: DefiKernel/Certificates/Roundtrip.lean:1640:0: Please, add a comment explaining the need for modifying the maxHeartbeat limit, as in
set_option maxHeartbeats 3000000 in
-- reason for change
...

Note: This linter can be disabled with `set_option linter.style.maxHeartbeats false`
warning: DefiKernel/Certificates/Roundtrip.lean:1990:0: Please, add a comment explaining the need for modifying the maxHeartbeat limit, as in
set_option maxHeartbeats 1000000 in
-- reason for change
...

Note: This linter can be disabled with `set_option linter.style.maxHeartbeats false`
warning: DefiKernel/Certificates/Roundtrip.lean:2072:0: Please, add a comment explaining the need for modifying the maxHeartbeat limit, as in
set_option maxHeartbeats 1000000 in
-- reason for change
...

Note: This linter can be disabled with `set_option linter.style.maxHeartbeats false`
⚠ [936/938] Built DefiKernel.Certificates.IRDepth (11s)
warning: DefiKernel/Certificates/IRDepth.lean:114:4: `simp [List.foldl]` is a flexible tactic modifying `⊢`. Try `simp?` and use the suggested `simp only [...]`. Alternatively, use `suffices` to explicitly state the simplified form.

Note: This linter can be disabled with `set_option linter.flexible false`
info: DefiKernel/Certificates/IRDepth.lean:114:4: Try this:
  [apply] simp only [List.foldl_cons, zero_le, sup_of_le_right, Nat.max_assoc, List.foldl_nil, Nat.add_left_cancel_iff]
info: DefiKernel/Certificates/IRDepth.lean:117:4: `rw [harr]`
modifies the current goal, which was modified by the flexible tactic `simp` on line 114!
warning: DefiKernel/Certificates/IRDepth.lean:153:4: `simp [List.foldl]` is a flexible tactic modifying `⊢`. Try `simp?` and use the suggested `simp only [...]`. Alternatively, use `suffices` to explicitly state the simplified form.

Note: This linter can be disabled with `set_option linter.flexible false`
info: DefiKernel/Certificates/IRDepth.lean:153:4: Try this:
  [apply] simp only [List.foldl_cons, zero_le, sup_of_le_right, Nat.max_assoc, List.foldl_nil, Nat.add_left_cancel_iff]
info: DefiKernel/Certificates/IRDepth.lean:154:4: `rw [hops]`
modifies the current goal, which was modified by the flexible tactic `simp` on line 153!
warning: DefiKernel/Certificates/IRDepth.lean:185:4: `simp [List.foldl]` is a flexible tactic modifying `⊢`. Try `simp?` and use the suggested `simp only [...]`. Alternatively, use `suffices` to explicitly state the simplified form.

Note: This linter can be disabled with `set_option linter.flexible false`
info: DefiKernel/Certificates/IRDepth.lean:185:4: Try this:
  [apply] simp only [List.foldl_cons, zero_le, sup_of_le_right, Nat.max_assoc, List.foldl_nil, Nat.add_left_cancel_iff]
info: DefiKernel/Certificates/IRDepth.lean:186:4: `rw [hreq]`
modifies the current goal, which was modified by the flexible tactic `simp` on line 185!
warning: DefiKernel/Certificates/IRDepth.lean:211:12: This simp argument is unused:
  hns

Hint: Omit it from the simp argument list.
  [apply] simp

Note: This linter can be disabled with `set_option linter.unusedSimpArgs false`
warning: DefiKernel/Certificates/IRDepth.lean:250:12: This simp argument is unused:
  hns

Hint: Omit it from the simp argument list.
  [apply] simp

Note: This linter can be disabled with `set_option linter.unusedSimpArgs false`
warning: DefiKernel/Certificates/IRDepth.lean:211:6: `simp [hns]` is a flexible tactic modifying `⊢`. Try `simp?` and use the suggested `simp only [...]`. Alternatively, use `suffices` to explicitly state the simplified form.

Note: This linter can be disabled with `set_option linter.flexible false`
info: DefiKernel/Certificates/IRDepth.lean:243:6: `rw [jsonDepthFuel_mkObj_succ fuel _ h₁, jsonDepthFuel_mkObj_succ fuel _ h₂]`
modifies the current goal, which was modified by the flexible tactic `simp` on line 211!
warning: DefiKernel/Certificates/IRDepth.lean:211:6: `simp [hns]` is a flexible tactic modifying `⊢`. Try `simp?` and use the suggested `simp only [...]`. Alternatively, use `suffices` to explicitly state the simplified form.

Note: This linter can be disabled with `set_option linter.flexible false`
info: DefiKernel/Certificates/IRDepth.lean:245:6: `rw [hlibs, h_payload fuel]`
modifies the current goal, which was modified by the flexible tactic `simp` on line 211!
warning: DefiKernel/Certificates/IRDepth.lean:250:6: `simp [hns]` is a flexible tactic modifying `⊢`. Try `simp?` and use the suggested `simp only [...]`. Alternatively, use `suffices` to explicitly state the simplified form.

Note: This linter can be disabled with `set_option linter.flexible false`
info: DefiKernel/Certificates/IRDepth.lean:283:6: `rw [jsonDepthFuel_mkObj_succ fuel _ h₁, jsonDepthFuel_mkObj_succ fuel _ h₂]`
modifies the current goal, which was modified by the flexible tactic `simp` on line 250!
warning: DefiKernel/Certificates/IRDepth.lean:250:6: `simp [hns]` is a flexible tactic modifying `⊢`. Try `simp?` and use the suggested `simp only [...]`. Alternatively, use `suffices` to explicitly state the simplified form.

Note: This linter can be disabled with `set_option linter.flexible false`
info: DefiKernel/Certificates/IRDepth.lean:285:6: `rw [hlibs, h_payload fuel, hw]`
modifies the current goal, which was modified by the flexible tactic `simp` on line 250!
⚠ [937/938] Built DefiKernel.Certificates.CompositionDepth (2.4s)
warning: DefiKernel/Certificates/CompositionDepth.lean:55:6: `simp [hact]` is a flexible tactic modifying `⊢`. Try `simp?` and use the suggested `simp only [...]`. Alternatively, use `suffices` to explicitly state the simplified form.

Note: This linter can be disabled with `set_option linter.flexible false`
info: DefiKernel/Certificates/CompositionDepth.lean:70:6: `rw [jsonDepthFuel_mkObj_succ fuel _ h₁, jsonDepthFuel_mkObj_succ fuel _ h₂]`
modifies the current goal, which was modified by the flexible tactic `simp` on line 55!
warning: DefiKernel/Certificates/CompositionDepth.lean:55:6: `simp [hact]` is a flexible tactic modifying `⊢`. Try `simp?` and use the suggested `simp only [...]`. Alternatively, use `suffices` to explicitly state the simplified form.

Note: This linter can be disabled with `set_option linter.flexible false`
info: DefiKernel/Certificates/CompositionDepth.lean:72:6: `rw [hins]`
modifies the current goal, which was modified by the flexible tactic `simp` on line 55!
warning: DefiKernel/Certificates/CompositionDepth.lean:80:6: `simp [hact]` is a flexible tactic modifying `⊢`. Try `simp?` and use the suggested `simp only [...]`. Alternatively, use `suffices` to explicitly state the simplified form.

Note: This linter can be disabled with `set_option linter.flexible false`
info: DefiKernel/Certificates/CompositionDepth.lean:81:6: `rw [partyToTreeJson_toJson]`
modifies the current goal, which was modified by the flexible tactic `simp` on line 80!
warning: DefiKernel/Certificates/CompositionDepth.lean:80:6: `simp [hact]` is a flexible tactic modifying `⊢`. Try `simp?` and use the suggested `simp only [...]`. Alternatively, use `suffices` to explicitly state the simplified form.

Note: This linter can be disabled with `set_option linter.flexible false`
info: DefiKernel/Certificates/CompositionDepth.lean:96:6: `rw [jsonDepthFuel_mkObj_succ fuel _ h₁, jsonDepthFuel_mkObj_succ fuel _ h₂]`
modifies the current goal, which was modified by the flexible tactic `simp` on line 80!
warning: DefiKernel/Certificates/CompositionDepth.lean:80:6: `simp [hact]` is a flexible tactic modifying `⊢`. Try `simp?` and use the suggested `simp only [...]`. Alternatively, use `suffices` to explicitly state the simplified form.

Note: This linter can be disabled with `set_option linter.flexible false`
info: DefiKernel/Certificates/CompositionDepth.lean:98:6: `rw [hins]`
modifies the current goal, which was modified by the flexible tactic `simp` on line 80!
⚠ [938/938] Built DefiKernel.Certificates.Lexical (5.3s)
warning: DefiKernel/Certificates/Lexical.lean:294:8: This simp argument is unused:
  beq_iff_eq

Hint: Omit it from the simp argument list.
  [apply] simp

Note: This linter can be disabled with `set_option linter.unusedSimpArgs false`
warning: DefiKernel/Certificates/Lexical.lean:294:2: `simp [beq_iff_eq]` is a flexible tactic modifying `⊢`. Try `simp?` and use the suggested `simp only [...]`. Alternatively, use `suffices` to explicitly state the simplified form.

Note: This linter can be disabled with `set_option linter.flexible false`
info: DefiKernel/Certificates/Lexical.lean:294:2: Try this:
  [apply] simp only [beq_eq_false_iff_ne, ne_eq]
info: DefiKernel/Certificates/Lexical.lean:295:2: `intro heq`
modifies the current goal, which was modified by the flexible tactic `simp` on line 294!
warning: DefiKernel/Certificates/Lexical.lean:1165:2: `simp [List.append_nil] at h` is a flexible tactic modifying `h`. Try `simp?` and use the suggested `simp only [...]`. Alternatively, use `suffices` to explicitly state the simplified form.

Note: This linter can be disabled with `set_option linter.flexible false`
info: DefiKernel/Certificates/Lexical.lean:1166:2: `rw [h, h_clear]`
uses `h`, which was modified by the flexible tactic `simp` on line 1165!
Build completed successfully (938 jobs).
