["C0=0;size=3455;depth=6;maxArray=32;sorted=true;scan=DefiKernel.Certificates.DecodeFailure.duplicateKey \"ku0000\";decode=DefiKernel.Certificates.DecodeFailure.duplicateKey \"ku0000\";parserObject=ok",
  "C0=1;size=3455;depth=6;maxArray=32;sorted=true;scan=DefiKernel.Certificates.DecodeFailure.duplicateKey \"ku0001\";decode=DefiKernel.Certificates.DecodeFailure.duplicateKey \"ku0001\";parserObject=ok",
  "C0=2;size=3455;depth=6;maxArray=32;sorted=true;scan=DefiKernel.Certificates.DecodeFailure.duplicateKey \"ku0002\";decode=DefiKernel.Certificates.DecodeFailure.duplicateKey \"ku0002\";parserObject=ok",
  "C0=3;size=3455;depth=6;maxArray=32;sorted=true;scan=DefiKernel.Certificates.DecodeFailure.duplicateKey \"ku0003\";decode=DefiKernel.Certificates.DecodeFailure.duplicateKey \"ku0003\";parserObject=ok",
  "C0=4;size=3455;depth=6;maxArray=32;sorted=true;scan=DefiKernel.Certificates.DecodeFailure.duplicateKey \"ku0004\";decode=DefiKernel.Certificates.DecodeFailure.duplicateKey \"ku0004\";parserObject=ok",
  "C0=5;size=3455;depth=6;maxArray=32;sorted=true;scan=DefiKernel.Certificates.DecodeFailure.duplicateKey \"ku0005\";decode=DefiKernel.Certificates.DecodeFailure.duplicateKey \"ku0005\";parserObject=ok",
  "C0=6;size=3455;depth=6;maxArray=32;sorted=true;scan=DefiKernel.Certificates.DecodeFailure.duplicateKey \"ku0006\";decode=DefiKernel.Certificates.DecodeFailure.duplicateKey \"ku0006\";parserObject=ok",
  "C0=7;size=3455;depth=6;maxArray=32;sorted=true;scan=DefiKernel.Certificates.DecodeFailure.duplicateKey \"ku0007\";decode=DefiKernel.Certificates.DecodeFailure.duplicateKey \"ku0007\";parserObject=ok",
  "C0=8;size=3455;depth=6;maxArray=32;sorted=true;scan=DefiKernel.Certificates.DecodeFailure.duplicateKey \"ku0008\";decode=DefiKernel.Certificates.DecodeFailure.duplicateKey \"ku0008\";parserObject=ok",
  "C0=9;size=3455;depth=6;maxArray=32;sorted=true;scan=DefiKernel.Certificates.DecodeFailure.duplicateKey \"ku0009\";decode=DefiKernel.Certificates.DecodeFailure.duplicateKey \"ku0009\";parserObject=ok",
  "C0=10;size=3455;depth=6;maxArray=32;sorted=true;scan=DefiKernel.Certificates.DecodeFailure.duplicateKey \"ku000a\";decode=DefiKernel.Certificates.DecodeFailure.duplicateKey \"ku000a\";parserObject=ok",
  "C0=11;size=3455;depth=6;maxArray=32;sorted=true;scan=DefiKernel.Certificates.DecodeFailure.duplicateKey \"ku000b\";decode=DefiKernel.Certificates.DecodeFailure.duplicateKey \"ku000b\";parserObject=ok",
  "C0=12;size=3455;depth=6;maxArray=32;sorted=true;scan=DefiKernel.Certificates.DecodeFailure.duplicateKey \"ku000c\";decode=DefiKernel.Certificates.DecodeFailure.duplicateKey \"ku000c\";parserObject=ok",
  "C0=13;size=3455;depth=6;maxArray=32;sorted=true;scan=DefiKernel.Certificates.DecodeFailure.duplicateKey \"ku000d\";decode=DefiKernel.Certificates.DecodeFailure.duplicateKey \"ku000d\";parserObject=ok",
  "C0=14;size=3455;depth=6;maxArray=32;sorted=true;scan=DefiKernel.Certificates.DecodeFailure.duplicateKey \"ku000e\";decode=DefiKernel.Certificates.DecodeFailure.duplicateKey \"ku000e\";parserObject=ok",
  "C0=15;size=3455;depth=6;maxArray=32;sorted=true;scan=DefiKernel.Certificates.DecodeFailure.duplicateKey \"ku000f\";decode=DefiKernel.Certificates.DecodeFailure.duplicateKey \"ku000f\";parserObject=ok",
  "C0=16;size=3455;depth=6;maxArray=32;sorted=true;scan=DefiKernel.Certificates.DecodeFailure.duplicateKey \"ku0010\";decode=DefiKernel.Certificates.DecodeFailure.duplicateKey \"ku0010\";parserObject=ok",
  "C0=17;size=3455;depth=6;maxArray=32;sorted=true;scan=DefiKernel.Certificates.DecodeFailure.duplicateKey \"ku0011\";decode=DefiKernel.Certificates.DecodeFailure.duplicateKey \"ku0011\";parserObject=ok",
  "C0=18;size=3455;depth=6;maxArray=32;sorted=true;scan=DefiKernel.Certificates.DecodeFailure.duplicateKey \"ku0012\";decode=DefiKernel.Certificates.DecodeFailure.duplicateKey \"ku0012\";parserObject=ok",
  "C0=19;size=3455;depth=6;maxArray=32;sorted=true;scan=DefiKernel.Certificates.DecodeFailure.duplicateKey \"ku0013\";decode=DefiKernel.Certificates.DecodeFailure.duplicateKey \"ku0013\";parserObject=ok",
  "C0=20;size=3455;depth=6;maxArray=32;sorted=true;scan=DefiKernel.Certificates.DecodeFailure.duplicateKey \"ku0014\";decode=DefiKernel.Certificates.DecodeFailure.duplicateKey \"ku0014\";parserObject=ok",
  "C0=21;size=3455;depth=6;maxArray=32;sorted=true;scan=DefiKernel.Certificates.DecodeFailure.duplicateKey \"ku0015\";decode=DefiKernel.Certificates.DecodeFailure.duplicateKey \"ku0015\";parserObject=ok",
  "C0=22;size=3455;depth=6;maxArray=32;sorted=true;scan=DefiKernel.Certificates.DecodeFailure.duplicateKey \"ku0016\";decode=DefiKernel.Certificates.DecodeFailure.duplicateKey \"ku0016\";parserObject=ok",
  "C0=23;size=3455;depth=6;maxArray=32;sorted=true;scan=DefiKernel.Certificates.DecodeFailure.duplicateKey \"ku0017\";decode=DefiKernel.Certificates.DecodeFailure.duplicateKey \"ku0017\";parserObject=ok",
  "C0=24;size=3455;depth=6;maxArray=32;sorted=true;scan=DefiKernel.Certificates.DecodeFailure.duplicateKey \"ku0018\";decode=DefiKernel.Certificates.DecodeFailure.duplicateKey \"ku0018\";parserObject=ok",
  "C0=25;size=3455;depth=6;maxArray=32;sorted=true;scan=DefiKernel.Certificates.DecodeFailure.duplicateKey \"ku0019\";decode=DefiKernel.Certificates.DecodeFailure.duplicateKey \"ku0019\";parserObject=ok",
  "C0=26;size=3455;depth=6;maxArray=32;sorted=true;scan=DefiKernel.Certificates.DecodeFailure.duplicateKey \"ku001a\";decode=DefiKernel.Certificates.DecodeFailure.duplicateKey \"ku001a\";parserObject=ok",
  "C0=27;size=3455;depth=6;maxArray=32;sorted=true;scan=DefiKernel.Certificates.DecodeFailure.duplicateKey \"ku001b\";decode=DefiKernel.Certificates.DecodeFailure.duplicateKey \"ku001b\";parserObject=ok",
  "C0=28;size=3455;depth=6;maxArray=32;sorted=true;scan=DefiKernel.Certificates.DecodeFailure.duplicateKey \"ku001c\";decode=DefiKernel.Certificates.DecodeFailure.duplicateKey \"ku001c\";parserObject=ok",
  "C0=29;size=3455;depth=6;maxArray=32;sorted=true;scan=DefiKernel.Certificates.DecodeFailure.duplicateKey \"ku001d\";decode=DefiKernel.Certificates.DecodeFailure.duplicateKey \"ku001d\";parserObject=ok",
  "C0=30;size=3455;depth=6;maxArray=32;sorted=true;scan=DefiKernel.Certificates.DecodeFailure.duplicateKey \"ku001e\";decode=DefiKernel.Certificates.DecodeFailure.duplicateKey \"ku001e\";parserObject=ok",
  "C0=31;size=3455;depth=6;maxArray=32;sorted=true;scan=DefiKernel.Certificates.DecodeFailure.duplicateKey \"ku001f\";decode=DefiKernel.Certificates.DecodeFailure.duplicateKey \"ku001f\";parserObject=ok"]
["raw={\"a\":\"1\",\"a\":\"2\"};scan=DefiKernel.Certificates.DecodeFailure.duplicateKey \"a\";parser=DefiKernel.Certificates.DecodeFailure.duplicateKey \"a\"",
  "raw={\"a\":\"1\",\"\\u0061\":\"2\"};scan=ok;parser=DefiKernel.Certificates.DecodeFailure.duplicateKey \"a\"",
  "raw={\"q\\\"\":\"1\",\"q\":\"2\"};scan=ok;parser=ok", "raw={\"b\\\\\":\"1\",\"b\":\"2\"};scan=ok;parser=ok"]
