TYPE DefiKernel.ConcentratedLiquidity.SqrtPriceMath.addPrimary.match_1 Lean.Expr.forallE
  `motive
  (Lean.Expr.forallE
    (Lean.Name.mkNum (Lean.Name.mkStr (Lean.Name.mkStr (Lean.Name.mkNum `x.«_@».DefiKernel.ConcentratedLiquidity.SqrtPriceMath 2840541638) "_hygCtx") "_hyg") 38)
    (Lean.Expr.app
      (Lean.Expr.app
        (Lean.Expr.const `Except [Lean.Level.zero, Lean.Level.zero])
        (Lean.Expr.const `DefiKernel.ConcentratedLiquidity.Failure []))
      (Lean.Expr.const `DefiKernel.ConcentratedLiquidity.U256 []))
    (Lean.Expr.sort (Lean.Level.param `u_1))
    (Lean.BinderInfo.default))
  (Lean.Expr.forallE
    (Lean.Name.mkNum (Lean.Name.mkStr (Lean.Name.mkStr (Lean.Name.mkNum `x.«_@».DefiKernel.ConcentratedLiquidity.SqrtPriceMath 2840541638) "_hygCtx") "_hyg") 38)
    (Lean.Expr.app
      (Lean.Expr.app
        (Lean.Expr.const `Except [Lean.Level.zero, Lean.Level.zero])
        (Lean.Expr.const `DefiKernel.ConcentratedLiquidity.Failure []))
      (Lean.Expr.const `DefiKernel.ConcentratedLiquidity.U256 []))
    (Lean.Expr.forallE
      `h_1
      (Lean.Expr.forallE
        `q
        (Lean.Expr.const `DefiKernel.ConcentratedLiquidity.U256 [])
        (Lean.Expr.app
          (Lean.Expr.bvar 2)
          (Lean.Expr.app
            (Lean.Expr.app
              (Lean.Expr.app
                (Lean.Expr.const `Except.ok [Lean.Level.zero, Lean.Level.zero])
                (Lean.Expr.const `DefiKernel.ConcentratedLiquidity.Failure []))
              (Lean.Expr.const `DefiKernel.ConcentratedLiquidity.U256 []))
            (Lean.Expr.bvar 0)))
        (Lean.BinderInfo.default))
      (Lean.Expr.forallE
        `h_2
        (Lean.Expr.forallE
          `e
          (Lean.Expr.const `DefiKernel.ConcentratedLiquidity.Failure [])
          (Lean.Expr.app
            (Lean.Expr.bvar 3)
            (Lean.Expr.app
              (Lean.Expr.app
                (Lean.Expr.app
                  (Lean.Expr.const `Except.error [Lean.Level.zero, Lean.Level.zero])
                  (Lean.Expr.const `DefiKernel.ConcentratedLiquidity.Failure []))
                (Lean.Expr.const `DefiKernel.ConcentratedLiquidity.U256 []))
              (Lean.Expr.bvar 0)))
          (Lean.BinderInfo.default))
        (Lean.Expr.app (Lean.Expr.bvar 3) (Lean.Expr.bvar 2))
        (Lean.BinderInfo.default))
      (Lean.BinderInfo.default))
    (Lean.BinderInfo.default))
  (Lean.BinderInfo.default)
VALUE DefiKernel.ConcentratedLiquidity.SqrtPriceMath.addPrimary.match_1 Lean.Expr.lam
  `motive
  (Lean.Expr.forallE
    (Lean.Name.mkNum (Lean.Name.mkStr (Lean.Name.mkStr (Lean.Name.mkNum `x.«_@».DefiKernel.ConcentratedLiquidity.SqrtPriceMath 2840541638) "_hygCtx") "_hyg") 38)
    (Lean.Expr.app
      (Lean.Expr.app
        (Lean.Expr.const `Except [Lean.Level.zero, Lean.Level.zero])
        (Lean.Expr.const `DefiKernel.ConcentratedLiquidity.Failure []))
      (Lean.Expr.const `DefiKernel.ConcentratedLiquidity.U256 []))
    (Lean.Expr.sort (Lean.Level.param `u_1))
    (Lean.BinderInfo.default))
  (Lean.Expr.lam
    (Lean.Name.mkNum (Lean.Name.mkStr (Lean.Name.mkStr (Lean.Name.mkNum `x.«_@».DefiKernel.ConcentratedLiquidity.SqrtPriceMath 2840541638) "_hygCtx") "_hyg") 38)
    (Lean.Expr.app
      (Lean.Expr.app
        (Lean.Expr.const `Except [Lean.Level.zero, Lean.Level.zero])
        (Lean.Expr.const `DefiKernel.ConcentratedLiquidity.Failure []))
      (Lean.Expr.const `DefiKernel.ConcentratedLiquidity.U256 []))
    (Lean.Expr.lam
      `h_1
      (Lean.Expr.forallE
        `q
        (Lean.Expr.const `DefiKernel.ConcentratedLiquidity.U256 [])
        (Lean.Expr.app
          (Lean.Expr.bvar 2)
          (Lean.Expr.app
            (Lean.Expr.app
              (Lean.Expr.app
                (Lean.Expr.const `Except.ok [Lean.Level.zero, Lean.Level.zero])
                (Lean.Expr.const `DefiKernel.ConcentratedLiquidity.Failure []))
              (Lean.Expr.const `DefiKernel.ConcentratedLiquidity.U256 []))
            (Lean.Expr.bvar 0)))
        (Lean.BinderInfo.default))
      (Lean.Expr.lam
        `h_2
        (Lean.Expr.forallE
          `e
          (Lean.Expr.const `DefiKernel.ConcentratedLiquidity.Failure [])
          (Lean.Expr.app
            (Lean.Expr.bvar 3)
            (Lean.Expr.app
              (Lean.Expr.app
                (Lean.Expr.app
                  (Lean.Expr.const `Except.error [Lean.Level.zero, Lean.Level.zero])
                  (Lean.Expr.const `DefiKernel.ConcentratedLiquidity.Failure []))
                (Lean.Expr.const `DefiKernel.ConcentratedLiquidity.U256 []))
              (Lean.Expr.bvar 0)))
          (Lean.BinderInfo.default))
        (Lean.Expr.app
          (Lean.Expr.app
            (Lean.Expr.app
              (Lean.Expr.app
                (Lean.Expr.app
                  (Lean.Expr.app
                    (Lean.Expr.const `Except.casesOn [Lean.Level.param `u_1, Lean.Level.zero, Lean.Level.zero])
                    (Lean.Expr.const `DefiKernel.ConcentratedLiquidity.Failure []))
                  (Lean.Expr.const `DefiKernel.ConcentratedLiquidity.U256 []))
                (Lean.Expr.lam
                  `x
                  (Lean.Expr.app
                    (Lean.Expr.app
                      (Lean.Expr.const `Except [Lean.Level.zero, Lean.Level.zero])
                      (Lean.Expr.const `DefiKernel.ConcentratedLiquidity.Failure []))
                    (Lean.Expr.const `DefiKernel.ConcentratedLiquidity.U256 []))
                  (Lean.Expr.app (Lean.Expr.bvar 4) (Lean.Expr.bvar 0))
                  (Lean.BinderInfo.default)))
              (Lean.Expr.bvar 2))
            (Lean.Expr.lam
              (Lean.Name.mkNum (Lean.Name.mkStr (Lean.Name.mkStr (Lean.Name.mkNum (Lean.Name.mkStr (Lean.Name.mkStr (Lean.Name.mkStr (Lean.Name.mkNum `a.«_@»._internal 0) "DefiKernel") "ConcentratedLiquidity") "SqrtPriceMath") 2840541638) "_hygCtx") "_hyg") 56)
              (Lean.Expr.const `DefiKernel.ConcentratedLiquidity.Failure [])
              (Lean.Expr.app (Lean.Expr.bvar 1) (Lean.Expr.bvar 0))
              (Lean.BinderInfo.default)))
          (Lean.Expr.lam
            (Lean.Name.mkNum (Lean.Name.mkStr (Lean.Name.mkStr (Lean.Name.mkNum (Lean.Name.mkStr (Lean.Name.mkStr (Lean.Name.mkStr (Lean.Name.mkNum `a.«_@»._internal 0) "DefiKernel") "ConcentratedLiquidity") "SqrtPriceMath") 2840541638) "_hygCtx") "_hyg") 57)
            (Lean.Expr.const `DefiKernel.ConcentratedLiquidity.U256 [])
            (Lean.Expr.app (Lean.Expr.bvar 2) (Lean.Expr.bvar 0))
            (Lean.BinderInfo.default)))
        (Lean.BinderInfo.default))
      (Lean.BinderInfo.default))
    (Lean.BinderInfo.default))
  (Lean.BinderInfo.default)
TYPE DiagnosticRhs.match_1 Lean.Expr.forallE
  `motive
  (Lean.Expr.forallE
    (Lean.Name.mkNum (Lean.Name.mkStr (Lean.Name.mkStr (Lean.Name.mkNum `x.«_@».EquationMatcherRaw 225056767) "_hygCtx") "_hyg") 38)
    (Lean.Expr.app
      (Lean.Expr.app
        (Lean.Expr.const `Except [Lean.Level.zero, Lean.Level.zero])
        (Lean.Expr.const `DefiKernel.ConcentratedLiquidity.Failure []))
      (Lean.Expr.const `DefiKernel.ConcentratedLiquidity.U256 []))
    (Lean.Expr.sort (Lean.Level.param `u_1))
    (Lean.BinderInfo.default))
  (Lean.Expr.forallE
    (Lean.Name.mkNum (Lean.Name.mkStr (Lean.Name.mkStr (Lean.Name.mkNum `x.«_@».EquationMatcherRaw 225056767) "_hygCtx") "_hyg") 38)
    (Lean.Expr.app
      (Lean.Expr.app
        (Lean.Expr.const `Except [Lean.Level.zero, Lean.Level.zero])
        (Lean.Expr.const `DefiKernel.ConcentratedLiquidity.Failure []))
      (Lean.Expr.const `DefiKernel.ConcentratedLiquidity.U256 []))
    (Lean.Expr.forallE
      `h_1
      (Lean.Expr.forallE
        `q
        (Lean.Expr.const `DefiKernel.ConcentratedLiquidity.U256 [])
        (Lean.Expr.app
          (Lean.Expr.bvar 2)
          (Lean.Expr.app
            (Lean.Expr.app
              (Lean.Expr.app
                (Lean.Expr.const `Except.ok [Lean.Level.zero, Lean.Level.zero])
                (Lean.Expr.const `DefiKernel.ConcentratedLiquidity.Failure []))
              (Lean.Expr.const `DefiKernel.ConcentratedLiquidity.U256 []))
            (Lean.Expr.bvar 0)))
        (Lean.BinderInfo.default))
      (Lean.Expr.forallE
        `h_2
        (Lean.Expr.forallE
          `e
          (Lean.Expr.const `DefiKernel.ConcentratedLiquidity.Failure [])
          (Lean.Expr.app
            (Lean.Expr.bvar 3)
            (Lean.Expr.app
              (Lean.Expr.app
                (Lean.Expr.app
                  (Lean.Expr.const `Except.error [Lean.Level.zero, Lean.Level.zero])
                  (Lean.Expr.const `DefiKernel.ConcentratedLiquidity.Failure []))
                (Lean.Expr.const `DefiKernel.ConcentratedLiquidity.U256 []))
              (Lean.Expr.bvar 0)))
          (Lean.BinderInfo.default))
        (Lean.Expr.app (Lean.Expr.bvar 3) (Lean.Expr.bvar 2))
        (Lean.BinderInfo.default))
      (Lean.BinderInfo.default))
    (Lean.BinderInfo.default))
  (Lean.BinderInfo.default)
VALUE DiagnosticRhs.match_1 Lean.Expr.lam
  `motive
  (Lean.Expr.forallE
    (Lean.Name.mkNum (Lean.Name.mkStr (Lean.Name.mkStr (Lean.Name.mkNum `x.«_@».EquationMatcherRaw 225056767) "_hygCtx") "_hyg") 38)
    (Lean.Expr.app
      (Lean.Expr.app
        (Lean.Expr.const `Except [Lean.Level.zero, Lean.Level.zero])
        (Lean.Expr.const `DefiKernel.ConcentratedLiquidity.Failure []))
      (Lean.Expr.const `DefiKernel.ConcentratedLiquidity.U256 []))
    (Lean.Expr.sort (Lean.Level.param `u_1))
    (Lean.BinderInfo.default))
  (Lean.Expr.lam
    (Lean.Name.mkNum (Lean.Name.mkStr (Lean.Name.mkStr (Lean.Name.mkNum `x.«_@».EquationMatcherRaw 225056767) "_hygCtx") "_hyg") 38)
    (Lean.Expr.app
      (Lean.Expr.app
        (Lean.Expr.const `Except [Lean.Level.zero, Lean.Level.zero])
        (Lean.Expr.const `DefiKernel.ConcentratedLiquidity.Failure []))
      (Lean.Expr.const `DefiKernel.ConcentratedLiquidity.U256 []))
    (Lean.Expr.lam
      `h_1
      (Lean.Expr.forallE
        `q
        (Lean.Expr.const `DefiKernel.ConcentratedLiquidity.U256 [])
        (Lean.Expr.app
          (Lean.Expr.bvar 2)
          (Lean.Expr.app
            (Lean.Expr.app
              (Lean.Expr.app
                (Lean.Expr.const `Except.ok [Lean.Level.zero, Lean.Level.zero])
                (Lean.Expr.const `DefiKernel.ConcentratedLiquidity.Failure []))
              (Lean.Expr.const `DefiKernel.ConcentratedLiquidity.U256 []))
            (Lean.Expr.bvar 0)))
        (Lean.BinderInfo.default))
      (Lean.Expr.lam
        `h_2
        (Lean.Expr.forallE
          `e
          (Lean.Expr.const `DefiKernel.ConcentratedLiquidity.Failure [])
          (Lean.Expr.app
            (Lean.Expr.bvar 3)
            (Lean.Expr.app
              (Lean.Expr.app
                (Lean.Expr.app
                  (Lean.Expr.const `Except.error [Lean.Level.zero, Lean.Level.zero])
                  (Lean.Expr.const `DefiKernel.ConcentratedLiquidity.Failure []))
                (Lean.Expr.const `DefiKernel.ConcentratedLiquidity.U256 []))
              (Lean.Expr.bvar 0)))
          (Lean.BinderInfo.default))
        (Lean.Expr.app
          (Lean.Expr.app
            (Lean.Expr.app
              (Lean.Expr.app
                (Lean.Expr.app
                  (Lean.Expr.app
                    (Lean.Expr.const `Except.casesOn [Lean.Level.param `u_1, Lean.Level.zero, Lean.Level.zero])
                    (Lean.Expr.const `DefiKernel.ConcentratedLiquidity.Failure []))
                  (Lean.Expr.const `DefiKernel.ConcentratedLiquidity.U256 []))
                (Lean.Expr.lam
                  `x
                  (Lean.Expr.app
                    (Lean.Expr.app
                      (Lean.Expr.const `Except [Lean.Level.zero, Lean.Level.zero])
                      (Lean.Expr.const `DefiKernel.ConcentratedLiquidity.Failure []))
                    (Lean.Expr.const `DefiKernel.ConcentratedLiquidity.U256 []))
                  (Lean.Expr.app (Lean.Expr.bvar 4) (Lean.Expr.bvar 0))
                  (Lean.BinderInfo.default)))
              (Lean.Expr.bvar 2))
            (Lean.Expr.lam
              (Lean.Name.mkNum (Lean.Name.mkStr (Lean.Name.mkStr (Lean.Name.mkNum (Lean.Name.mkStr (Lean.Name.mkNum `a.«_@»._internal 0) "EquationMatcherRaw") 225056767) "_hygCtx") "_hyg") 56)
              (Lean.Expr.const `DefiKernel.ConcentratedLiquidity.Failure [])
              (Lean.Expr.app (Lean.Expr.bvar 1) (Lean.Expr.bvar 0))
              (Lean.BinderInfo.default)))
          (Lean.Expr.lam
            (Lean.Name.mkNum (Lean.Name.mkStr (Lean.Name.mkStr (Lean.Name.mkNum (Lean.Name.mkStr (Lean.Name.mkNum `a.«_@»._internal 0) "EquationMatcherRaw") 225056767) "_hygCtx") "_hyg") 57)
            (Lean.Expr.const `DefiKernel.ConcentratedLiquidity.U256 [])
            (Lean.Expr.app (Lean.Expr.bvar 2) (Lean.Expr.bvar 0))
            (Lean.BinderInfo.default)))
        (Lean.BinderInfo.default))
      (Lean.BinderInfo.default))
    (Lean.BinderInfo.default))
  (Lean.BinderInfo.default)
