present DefiKernel.ConcentratedLiquidity.SqrtPriceMath.addPrimary: true
present DefiKernel.ConcentratedLiquidity.SqrtPriceMath.addPrimary.eq_def: false
present DefiKernel.ConcentratedLiquidity.SqrtPriceMath.addPrimary.eq_1: false
raw-body-equal false
ORIGINAL Lean.Expr.lam
  `sqrtP
  (Lean.Expr.const `DefiKernel.ConcentratedLiquidity.U160 [])
  (Lean.Expr.lam
    `L
    (Lean.Expr.const `DefiKernel.ConcentratedLiquidity.U128 [])
    (Lean.Expr.lam
      `amount
      (Lean.Expr.const `DefiKernel.ConcentratedLiquidity.U256 [])
      (Lean.Expr.app
        (Lean.Expr.app
          (Lean.Expr.app
            (Lean.Expr.app
              (Lean.Expr.const
                `DefiKernel.ConcentratedLiquidity.SqrtPriceMath.addPrimary.match_1
                [Lean.Level.succ (Lean.Level.zero)])
              (Lean.Expr.lam
                (Lean.Name.mkNum (Lean.Name.mkStr (Lean.Name.mkStr (Lean.Name.mkNum `x.«_@».DefiKernel.ConcentratedLiquidity.SqrtPriceMath 2840541638) "_hygCtx") "_hyg") 38)
                (Lean.Expr.app
                  (Lean.Expr.app
                    (Lean.Expr.const `Except [Lean.Level.zero, Lean.Level.zero])
                    (Lean.Expr.const `DefiKernel.ConcentratedLiquidity.Failure []))
                  (Lean.Expr.const `DefiKernel.ConcentratedLiquidity.U256 []))
                (Lean.Expr.app
                  (Lean.Expr.app
                    (Lean.Expr.const `Except [Lean.Level.zero, Lean.Level.zero])
                    (Lean.Expr.const `DefiKernel.ConcentratedLiquidity.Failure []))
                  (Lean.Expr.const `DefiKernel.ConcentratedLiquidity.U160 []))
                (Lean.BinderInfo.default)))
            (Lean.Expr.app
              (Lean.Expr.app
                (Lean.Expr.app
                  (Lean.Expr.const `DefiKernel.ConcentratedLiquidity.FullMath.mulDivRoundingUp [])
                  (Lean.Expr.app
                    (Lean.Expr.const `DefiKernel.ConcentratedLiquidity.SqrtPriceMath.numerator1Word [])
                    (Lean.Expr.bvar 1)))
                (Lean.Expr.app
                  (Lean.Expr.const `DefiKernel.ConcentratedLiquidity.SqrtPriceMath.widen160 [])
                  (Lean.Expr.bvar 2)))
              (Lean.Expr.app
                (Lean.Expr.const `DefiKernel.ConcentratedLiquidity.SqrtPriceMath.wrapWord [])
                (Lean.Expr.app
                  (Lean.Expr.app
                    (Lean.Expr.app
                      (Lean.Expr.app
                        (Lean.Expr.app
                          (Lean.Expr.app
                            (Lean.Expr.const `HAdd.hAdd [Lean.Level.zero, Lean.Level.zero, Lean.Level.zero])
                            (Lean.Expr.const `Nat []))
                          (Lean.Expr.const `Nat []))
                        (Lean.Expr.const `Nat []))
                      (Lean.Expr.app
                        (Lean.Expr.app (Lean.Expr.const `instHAdd [Lean.Level.zero]) (Lean.Expr.const `Nat []))
                        (Lean.Expr.const `instAddNat [])))
                    (Lean.Expr.app
                      (Lean.Expr.const `DefiKernel.ConcentratedLiquidity.SqrtPriceMath.numerator1 [])
                      (Lean.Expr.bvar 1)))
                  (Lean.Expr.app
                    (Lean.Expr.app
                      (Lean.Expr.const `DefiKernel.ConcentratedLiquidity.SqrtPriceMath.product [])
                      (Lean.Expr.bvar 0))
                    (Lean.Expr.bvar 2))))))
          (Lean.Expr.lam
            `q
            (Lean.Expr.const `DefiKernel.ConcentratedLiquidity.U256 [])
            (Lean.Expr.app
              (Lean.Expr.app
                (Lean.Expr.app
                  (Lean.Expr.const `Except.ok [Lean.Level.zero, Lean.Level.zero])
                  (Lean.Expr.const `DefiKernel.ConcentratedLiquidity.Failure []))
                (Lean.Expr.const `DefiKernel.ConcentratedLiquidity.U160 []))
              (Lean.Expr.app
                (Lean.Expr.const `DefiKernel.ConcentratedLiquidity.SqrtPriceMath.bareToUint160 [])
                (Lean.Expr.bvar 0)))
            (Lean.BinderInfo.default)))
        (Lean.Expr.lam
          `e
          (Lean.Expr.const `DefiKernel.ConcentratedLiquidity.Failure [])
          (Lean.Expr.app
            (Lean.Expr.app
              (Lean.Expr.app
                (Lean.Expr.const `Except.error [Lean.Level.zero, Lean.Level.zero])
                (Lean.Expr.const `DefiKernel.ConcentratedLiquidity.Failure []))
              (Lean.Expr.const `DefiKernel.ConcentratedLiquidity.U160 []))
            (Lean.Expr.bvar 0))
          (Lean.BinderInfo.default)))
      (Lean.BinderInfo.default))
    (Lean.BinderInfo.default))
  (Lean.BinderInfo.default)
RHS Lean.Expr.lam
  `sqrtP
  (Lean.Expr.const `DefiKernel.ConcentratedLiquidity.U160 [])
  (Lean.Expr.lam
    `L
    (Lean.Expr.const `DefiKernel.ConcentratedLiquidity.U128 [])
    (Lean.Expr.lam
      `amount
      (Lean.Expr.const `DefiKernel.ConcentratedLiquidity.U256 [])
      (Lean.Expr.app
        (Lean.Expr.app
          (Lean.Expr.app
            (Lean.Expr.app
              (Lean.Expr.const `DiagnosticRhs.match_1 [Lean.Level.succ (Lean.Level.zero)])
              (Lean.Expr.lam
                (Lean.Name.mkNum (Lean.Name.mkStr (Lean.Name.mkStr (Lean.Name.mkNum `x.«_@».EquationRaw 225056767) "_hygCtx") "_hyg") 38)
                (Lean.Expr.app
                  (Lean.Expr.app
                    (Lean.Expr.const `Except [Lean.Level.zero, Lean.Level.zero])
                    (Lean.Expr.const `DefiKernel.ConcentratedLiquidity.Failure []))
                  (Lean.Expr.const `DefiKernel.ConcentratedLiquidity.U256 []))
                (Lean.Expr.app
                  (Lean.Expr.app
                    (Lean.Expr.const `Except [Lean.Level.zero, Lean.Level.zero])
                    (Lean.Expr.const `DefiKernel.ConcentratedLiquidity.Failure []))
                  (Lean.Expr.const `DefiKernel.ConcentratedLiquidity.U160 []))
                (Lean.BinderInfo.default)))
            (Lean.Expr.app
              (Lean.Expr.app
                (Lean.Expr.app
                  (Lean.Expr.const `DefiKernel.ConcentratedLiquidity.FullMath.mulDivRoundingUp [])
                  (Lean.Expr.app
                    (Lean.Expr.const `DefiKernel.ConcentratedLiquidity.SqrtPriceMath.numerator1Word [])
                    (Lean.Expr.bvar 1)))
                (Lean.Expr.app
                  (Lean.Expr.const `DefiKernel.ConcentratedLiquidity.SqrtPriceMath.widen160 [])
                  (Lean.Expr.bvar 2)))
              (Lean.Expr.app
                (Lean.Expr.const `DefiKernel.ConcentratedLiquidity.SqrtPriceMath.wrapWord [])
                (Lean.Expr.app
                  (Lean.Expr.app
                    (Lean.Expr.app
                      (Lean.Expr.app
                        (Lean.Expr.app
                          (Lean.Expr.app
                            (Lean.Expr.const `HAdd.hAdd [Lean.Level.zero, Lean.Level.zero, Lean.Level.zero])
                            (Lean.Expr.const `Nat []))
                          (Lean.Expr.const `Nat []))
                        (Lean.Expr.const `Nat []))
                      (Lean.Expr.app
                        (Lean.Expr.app (Lean.Expr.const `instHAdd [Lean.Level.zero]) (Lean.Expr.const `Nat []))
                        (Lean.Expr.const `instAddNat [])))
                    (Lean.Expr.app
                      (Lean.Expr.const `DefiKernel.ConcentratedLiquidity.SqrtPriceMath.numerator1 [])
                      (Lean.Expr.bvar 1)))
                  (Lean.Expr.app
                    (Lean.Expr.app
                      (Lean.Expr.const `DefiKernel.ConcentratedLiquidity.SqrtPriceMath.product [])
                      (Lean.Expr.bvar 0))
                    (Lean.Expr.bvar 2))))))
          (Lean.Expr.lam
            `q
            (Lean.Expr.const `DefiKernel.ConcentratedLiquidity.U256 [])
            (Lean.Expr.app
              (Lean.Expr.app
                (Lean.Expr.app
                  (Lean.Expr.const `Except.ok [Lean.Level.zero, Lean.Level.zero])
                  (Lean.Expr.const `DefiKernel.ConcentratedLiquidity.Failure []))
                (Lean.Expr.const `DefiKernel.ConcentratedLiquidity.U160 []))
              (Lean.Expr.app
                (Lean.Expr.const `DefiKernel.ConcentratedLiquidity.SqrtPriceMath.bareToUint160 [])
                (Lean.Expr.bvar 0)))
            (Lean.BinderInfo.default)))
        (Lean.Expr.lam
          `e
          (Lean.Expr.const `DefiKernel.ConcentratedLiquidity.Failure [])
          (Lean.Expr.app
            (Lean.Expr.app
              (Lean.Expr.app
                (Lean.Expr.const `Except.error [Lean.Level.zero, Lean.Level.zero])
                (Lean.Expr.const `DefiKernel.ConcentratedLiquidity.Failure []))
              (Lean.Expr.const `DefiKernel.ConcentratedLiquidity.U160 []))
            (Lean.Expr.bvar 0))
          (Lean.BinderInfo.default)))
      (Lean.BinderInfo.default))
    (Lean.BinderInfo.default))
  (Lean.BinderInfo.default)
