=== P14: the parser fix, measured on the 72 real decompositions ===
closes under OLD parser: 30 / 72
closes under NEW parser: 61 / 72
  L6: rejects 4/72 old -> 0/72 new
  L7: rejects 2/72 old -> 0/72 new
  L8: rejects 9/72 old -> 0/72 new
  L14: rejects 0/72 old -> 0/72 new
  L15: rejects 25/72 old -> 0/72 new
fireable laws: 25 | with >=1 decidable term: old 12 new 8

=== F1: blocks alone (independent re-implementation) ===
G (closure)    {"real":65,"ro":"0.903","other":31,"oo":"0.369","ratio":"2.45"}
D (warrant)    {"real":71,"ro":"0.986","other":35,"oo":"0.417","ratio":"2.37"}
Ban+Cond       {"real":72,"ro":"1.000","other":64,"oo":"0.762","ratio":"1.31"}
Ground         {"real":72,"ro":"1.000","other":72,"oo":"0.857","ratio":"1.17"}
G AND D        {"real":65,"ro":"0.903","other":17,"oo":"0.202","ratio":"4.46"}

=== drop one ===
without G (closure)    {"real":71,"ro":"0.986","other":22,"oo":"0.262","ratio":"3.77"}
without D (warrant)    {"real":65,"ro":"0.903","other":19,"oo":"0.226","ratio":"3.99"}
without Ban+Cond       {"real":65,"ro":"0.903","other":16,"oo":"0.190","ratio":"4.74"}
without Ground         {"real":65,"ro":"0.903","other":8,"oo":"0.095","ratio":"9.48"}

all four              {"real":65,"ro":"0.903","other":7,"oo":"0.083","ratio":"10.83"}

=== reference baselines on the same split ===
accept everything  {"real":72,"ro":"1.000","other":84,"oo":"1.000","ratio":"1.00"}
ref closure OLD    {"real":30,"ro":"0.417","other":15,"oo":"0.179","ratio":"2.33"}
ref closure NEW    {"real":61,"ro":"0.847","other":36,"oo":"0.429","ratio":"1.98"}
ref OLD + hazards  {"real":30,"ro":"0.417","other":14,"oo":"0.167","ratio":"2.50"}

=== is the product super-multiplicative? ===
ratio(G)*ratio(D) if independent = 5.79
observed ratio(G AND D)          = 4.46
negatives: G rejects 53, D rejects 49, both 35, expected-if-independent 30.9

=== robustness: 2000 bootstrap resamples of the 156-case split ===
median 11.17  p2.5 6.03  p97.5 26.83  (0/2000 resamples had zero false accepts)

=== false rejects among the 72 real ===
  FR T047 Azuro {"closure":[["L20","Au"]],"warrant":["Rl"]}
  FR T049 Fluid {"closure":[["L2","Sl|Ad|Bs|Tr|Cv|Wq|Rd|Ps|Sv|Im|Of"]]}
  FR T087 Steakhouse Financial (Risk Curators) {"closure":[["L1a","Ex|Tp|At|Oa|Sv|Cl|Cp|St|Wg"],["L1d","Li|Ad|Sl|Bs"]]}
  FR T093 JustLend V1 {"closure":[["L2","Sl|Ad|Bs|Tr|Cv|Wq|Rd|Ps|Sv|Im|Of"]]}
  FR T128 Across {"closure":[["L1c","Ct"],["L1d","Li|Ad|Sl|Bs"],["L19","Bs|Sl"]]}
  FR T136 Panoptic V2 {"closure":[["L2","Sl|Ad|Bs|Tr|Cv|Wq|Rd|Ps|Sv|Im|Of"]]}
  FR T141 Steakhouse Financial {"closure":[["L1d","Li|Ad|Sl|Bs"]]}

=== false accepts among the 84 other ===
  FA T030 Cd Ct Ex Gp Ix Li Sh Tg Up
  FA T063 Bs Ct Ex Gp Im Ix Li Pl Up
  FA T089 Bs Ct Ex Pf Pm Sh Sl
  FA T122 Bs Cd Ct Ex Ix Li Rd
  FA T131 Ag Cd Ct Ex Ix Li Rf
  FA T139 Cd Ct Ex Gp Ix Li Up Wq
  FA T155 Cd Ct Ex Gp Ix Li Ps Sh Up
