vocabulary |E| = 58;  CNF: 93 clauses over 58 vars
  clauses by source: {"closure":31,"warrant":27,"listed":1,"ban":13,"ground":21}
CNF differential test: 305272 sets, 0 mismatches vs tables.admissible()  PASS

#################### PART A - reproduce F9 at 10 elements through the SAT path ####################
(same six seeds, vocabulary pinned to the F9 sublattice; must match f9.out exactly)

seed {Pl}  (|S|=1)
  KK lower = {Pl}  (= S)
  KK upper = {Pl}
  |upper \ S| = 0 of |E \ S| = 10  ->  EXCLUDED 10 (100.0%)
  excluded: {Au,Bs,Fl,In,Ix,Of,Rl,Sh,Xf,Xm}
  iterations 2, SAT calls 10, 1 ms

seed {Uc}  (|S|=1)
  KK lower = {Uc}  (= S)
  KK upper = {Uc}
  |upper \ S| = 0 of |E \ S| = 10  ->  EXCLUDED 10 (100.0%)
  excluded: {Au,Bs,Fl,In,Ix,Of,Rl,Sh,Xf,Xm}
  iterations 2, SAT calls 10, 0 ms

seed {Of}  (|S|=1)
  KK lower = {Of}  (= S)
  KK upper = {Au,Bs,In,Ix,Of,Rl,Sh,Xf,Xm}
  |upper \ S| = 8 of |E \ S| = 9  ->  EXCLUDED 1 (11.1%)
  excluded: {Fl}
  iterations 2, SAT calls 9, 1 ms

seed {Rl}  (|S|=1)
  KK lower = {Rl}  (= S)
  KK upper = {Au,Bs,In,Ix,Of,Rl,Sh,Xf,Xm}
  |upper \ S| = 8 of |E \ S| = 9  ->  EXCLUDED 1 (11.1%)
  excluded: {Fl}
  iterations 2, SAT calls 11, 1 ms

seed {Fl,Xm}  (|S|=2)
  KK lower = {Fl,Xm}  (= S)
  KK upper = {Au,Bs,Fl,In,Ix,Sh,Xm}
  |upper \ S| = 5 of |E \ S| = 8  ->  EXCLUDED 3 (37.5%)
  excluded: {Of,Rl,Xf}
  iterations 2, SAT calls 9, 0 ms

seed {Of,Rl}  (|S|=2)
  KK lower = {Of,Rl}  (= S)
  KK upper = {Au,Bs,In,Ix,Of,Rl,Sh,Xf,Xm}
  |upper \ S| = 7 of |E \ S| = 8  ->  EXCLUDED 1 (12.5%)
  excluded: {Fl}
  iterations 2, SAT calls 7, 0 ms

#################### PART B - brute-force cross-check of the SAT path ####################
  seed {Pl}: |universe|=11, adm completions 0; brute upper {Pl}; SAT upper {Pl}  MATCH
  seed {Uc}: |universe|=11, adm completions 0; brute upper {Uc}; SAT upper {Uc}  MATCH
  seed {Of}: |universe|=10, adm completions 18; brute upper {Au,Bs,In,Ix,Of,Rl,Sh,Xf,Xm}; SAT upper {Au,Bs,In,Ix,Of,Rl,Sh,Xf,Xm}  MATCH
  seed {Rl}: |universe|=10, adm completions 62; brute upper {Au,Bs,In,Ix,Of,Rl,Sh,Xf,Xm}; SAT upper {Au,Bs,In,Ix,Of,Rl,Sh,Xf,Xm}  MATCH
  seed {Fl,Xm}: |universe|=10, adm completions 12; brute upper {Au,Bs,Fl,In,Ix,Sh,Xm}; SAT upper {Au,Bs,Fl,In,Ix,Sh,Xm}  MATCH
  seed {Of,Rl}: |universe|=10, adm completions 6; brute upper {Au,Bs,In,Ix,Of,Rl,Sh,Xf,Xm}; SAT upper {Au,Bs,In,Ix,Of,Rl,Sh,Xf,Xm}  MATCH
  seed {Au}: |universe|=10, adm completions 129; brute upper {Au,Bs,Fl,In,Ix,Of,Rl,Sh,Xf,Xm}; SAT upper {Au,Bs,Fl,In,Ix,Of,Rl,Sh,Xf,Xm}  MATCH
  seed {Bs,In}: |universe|=10, adm completions 57; brute upper {Au,Bs,Fl,In,Ix,Of,Rl,Sh,Xf,Xm}; SAT upper {Au,Bs,Fl,In,Ix,Of,Rl,Sh,Xf,Xm}  MATCH
brute-force cross-check: 208 seeds compared against exhaustive enumeration, 0 divergences  PASS

#################### PART C - the six F9 seeds at FULL 58 elements ####################

seed {Pl}  (|S|=1)
  KK lower = {Pl}  (= S)
  KK upper = {Ad,Ag,As,At,Au,Aw,Ba,Bs,Cd,Cl,Cp,Ct,Cv,Dp,Em,Ep,Ex,Fd,Fl,Ft,Fz,Gp,Gs,Im,In,Ix,Li,Oa,Ob,Of,Op,Pf,Pl,Pm,Ps,Py,Rb,Rd,Rf,Rl,Rs,Sb,Sd,Sh,Sl,Sr,St,Sv,Tg,Tp,Tr,Uc,Up,Vl,Wg,Wq,Xf,Xm}
  |upper \ S| = 57 of |E \ S| = 57  ->  EXCLUDED 0 (0.0%)
  excluded: (none - VACUOUS)
  iterations 1, SAT calls 48, 4 ms

seed {Uc}  (|S|=1)
  KK lower = {Uc}  (= S)
  KK upper = {Ad,Ag,As,At,Au,Aw,Ba,Bs,Cd,Cl,Cp,Ct,Cv,Dp,Em,Ep,Ex,Fd,Fl,Ft,Fz,Gp,Gs,Im,In,Ix,Li,Oa,Ob,Of,Op,Pf,Pl,Pm,Ps,Py,Rb,Rd,Rf,Rl,Rs,Sb,Sd,Sh,Sl,Sr,St,Sv,Tg,Tp,Tr,Uc,Up,Vl,Wg,Wq,Xf,Xm}
  |upper \ S| = 57 of |E \ S| = 57  ->  EXCLUDED 0 (0.0%)
  excluded: (none - VACUOUS)
  iterations 1, SAT calls 45, 2 ms

seed {Of}  (|S|=1)
  KK lower = {Of}  (= S)
  KK upper = {Ad,Ag,As,At,Au,Aw,Ba,Bs,Cd,Cl,Cp,Ct,Cv,Dp,Em,Ep,Ex,Fd,Ft,Fz,Gp,Gs,Im,In,Ix,Li,Oa,Ob,Of,Op,Pf,Pl,Pm,Ps,Py,Rb,Rd,Rf,Rl,Rs,Sb,Sd,Sh,Sl,Sr,St,Sv,Tg,Tp,Tr,Uc,Up,Vl,Wg,Wq,Xf,Xm}
  |upper \ S| = 56 of |E \ S| = 57  ->  EXCLUDED 1 (1.8%)
  excluded: {Fl}
  iterations 2, SAT calls 89, 6 ms

seed {Rl}  (|S|=1)
  KK lower = {Rl}  (= S)
  KK upper = {Ad,Ag,As,At,Au,Aw,Ba,Bs,Cd,Cl,Cp,Ct,Cv,Dp,Em,Ep,Ex,Fd,Ft,Fz,Gp,Gs,Im,In,Ix,Li,Oa,Ob,Of,Op,Pf,Pl,Pm,Ps,Py,Rb,Rd,Rf,Rl,Rs,Sb,Sd,Sh,Sl,Sr,St,Sv,Tg,Tp,Tr,Uc,Up,Vl,Wg,Wq,Xf,Xm}
  |upper \ S| = 56 of |E \ S| = 57  ->  EXCLUDED 1 (1.8%)
  excluded: {Fl}
  iterations 2, SAT calls 87, 8 ms

seed {Fl,Xm}  (|S|=2)
  KK lower = {Fl,Xm}  (= S)
  KK upper = {Ad,Ag,As,At,Au,Aw,Ba,Bs,Cd,Cl,Cp,Ct,Cv,Dp,Em,Ep,Ex,Fd,Fl,Ft,Fz,Gp,Gs,Im,In,Ix,Li,Oa,Ob,Op,Pf,Pl,Pm,Ps,Py,Rb,Rd,Rf,Rs,Sb,Sd,Sh,Sl,Sr,St,Sv,Tg,Tp,Tr,Uc,Up,Vl,Wg,Wq,Xm}
  |upper \ S| = 53 of |E \ S| = 56  ->  EXCLUDED 3 (5.4%)
  excluded: {Of,Rl,Xf}
  iterations 2, SAT calls 87, 5 ms

seed {Of,Rl}  (|S|=2)
  KK lower = {Of,Rl}  (= S)
  KK upper = {Ad,Ag,As,At,Au,Aw,Ba,Bs,Cd,Cl,Cp,Ct,Cv,Dp,Em,Ep,Ex,Fd,Ft,Fz,Gp,Gs,Im,In,Ix,Li,Oa,Ob,Of,Op,Pf,Pl,Pm,Ps,Py,Rb,Rd,Rf,Rl,Rs,Sb,Sd,Sh,Sl,Sr,St,Sv,Tg,Tp,Tr,Uc,Up,Vl,Wg,Wq,Xf,Xm}
  |upper \ S| = 55 of |E \ S| = 56  ->  EXCLUDED 1 (1.8%)
  excluded: {Fl}
  iterations 2, SAT calls 85, 6 ms

#################### PART D - all 72 real protocols as seeds ####################
name                       |S|  |E\S|  |up\S|  excl  excl%   ms
Curve                        7     51      51     0    0.0%     2
Raydium                      6     52      52     0    0.0%     2
JustLend V1                  9     49      49     0    0.0%     2
Maple                       16     42      42     0    0.0%     1
Compound V3                 12     46      46     0    0.0%     2
Lista CDP                   11     47      47     0    0.0%     2
Liquity (V1 + V2)            9     49      49     0    0.0%     2
Lido                        13     45      45     0    0.0%     2
Binance staked ETH (WBETH)   5     53      53     0    0.0%     3
EigenCloud (EigenLayer)     12     46      46     0    0.0%     2
ether.fi (eETH / weETH)     14     44      44     0    0.0%     2
Babylon Protocol             9     49      49     0    0.0%     2
Jupiter Perpetual Exchange   8     50      50     0    0.0%     2
GMX V2 Perps                13     45      45     0    0.0%     2
Pendle                       8     50      50     0    0.0%     2
Convex Finance               7     51      51     0    0.0%     2
Huma Finance V2             10     48      48     0    0.0%     2
Yearn Finance                8     50      50     0    0.0%     2
Beefy                        5     53      53     0    0.0%     2
Steakhouse Financial         8     50      50     0    0.0%     2
LiquidMesh                   1     57      57     0    0.0%     2
Binance Wallet               2     56      56     0    0.0%     2
OKX DEX                      2     56      56     0    0.0%     2
Jupiter                      3     55      55     0    0.0%     2
KyberSwap                    1     57      57     0    0.0%     3
DFlow                        3     55      55     0    0.0%     2
1inch                        3     55      55     0    0.0%     2
Circle USYC (Hashnote International Short Duration Yield Fund Ltd.)   8     50      50     0    0.0%     2
Maple Finance (syrupUSDC / syrupUSDT + institutional pools)  13     45      45     0    0.0%     2
Rysk V12                    10     48      48     0    0.0%     2
Hegic                        5     53      53     0    0.0%     2
Tether USDT                  5     53      53     0    0.0%     2
World Liberty Financial USD1   5     53      53     0    0.0%     2
Global Dollar USDG (Paxos / Global Dollar Network)   6     52      52     0    0.0%     3
Kalshi                       3     55      55     0    0.0%     3
Polymarket                   8     50      50     0    0.0%     2
Steakhouse Financial (Risk Curators)   7     51      51     0    0.0%     3
Circle CCTP                  3     55      54     1    1.8%     5
LayerZero V2                 5     53      52     1    1.9%     6
Binance Bitcoin (BTCB)       5     53      52     1    1.9%     4
WBTC                         6     52      51     1    1.9%     3
Coinbase Bridge (cbBTC and other wrapped assets)   6     52      51     1    1.9%     4
Hyperliquid Bridge           6     52      51     1    1.9%     6
Grove Finance (Onchain Capital Allocator)   6     52      51     1    1.9%     3
PayPal USD (PYUSD)           7     51      50     1    2.0%     4
Across                       8     50      49     1    2.0%     5
Azuro                        8     50      49     1    2.0%     4
Fluid                        9     49      48     1    2.0%     4
Spark Savings (sUSDS / Sky Savings Rate)   9     49      48     1    2.0%     4
Panoptic V2                  9     49      48     1    2.0%     3
Circle USDC                  9     49      48     1    2.0%     3
crvUSD                      10     48      47     1    2.1%     4
BlackRock BUIDL (BlackRock USD Institutional Digital Liquidity Fund, via Securitize)  10     48      47     1    2.1%     3
Aster                       11     47      46     1    2.1%     4
ApeX Protocol (ApeX Omni)   12     46      45     1    2.2%     4
edgeX                       12     46      45     1    2.2%     3
Aevo (Ribbon Finance lineage)  12     46      45     1    2.2%     6
USDD                        13     45      44     1    2.2%     3
Lighter                     13     45      44     1    2.2%     3
Centrifuge (Centrifuge Protocol V3)  13     45      44     1    2.2%     2
Sky (Sky Lending, ex-MakerDAO)  14     44      43     1    2.3%     2
Hyperliquid                 14     44      43     1    2.3%     4
Ondo Finance (USDY + OUSG + Global Markets)  14     44      43     1    2.3%     3
Derive (formerly Lyra V2)   14     44      43     1    2.3%     3
Ethena (USDe / sUSDe)       16     42      41     1    2.4%     3
CoW Swap                     7     51      48     3    5.9%     3
CIAN Yield Layer             9     49      46     3    6.1%     4
SparkLend                   12     46      41     5   10.9%     3
Morpho                      14     44      39     5   11.4%     2
Uniswap                      7     51      45     6   11.8%     5
PancakeSwap                  8     50      44     6   12.0%     3
Aave V3                     17     41      36     5   12.2%     3

72-protocol EXCLUSION FRACTION distribution:
  min 0.0%  p25 0.0%  MEDIAN 0.0%  p75 2.1%  max 12.2%
  mean 1.8%;  vacuous (0% excluded): 37/72;  >=10% excluded: 5/72
  histogram (5% bins): 0-5%:65  5-10%:2  10-15%:5
  seeds that are themselves admissible: 65/72
  most-excluded elements: Fl:28 Of:7 Rl:7 Xf:7 Cl:3 Cp:3 Cd:2 Im:2 Pl:2

#################### PART E - adversarial seeds ####################

seed {Fl}  (|S|=1)
  KK lower = {Fl}  (= S)
  KK upper = {Ad,Ag,As,At,Au,Aw,Ba,Bs,Cd,Cl,Cp,Ct,Cv,Dp,Em,Ep,Ex,Fd,Fl,Ft,Fz,Gp,Gs,Im,In,Ix,Li,Oa,Ob,Op,Pf,Pl,Pm,Ps,Py,Rb,Rd,Rf,Rs,Sb,Sd,Sh,Sl,Sr,St,Sv,Tg,Tp,Tr,Uc,Up,Vl,Wg,Wq,Xm}
  |upper \ S| = 54 of |E \ S| = 57  ->  EXCLUDED 3 (5.3%)
  excluded: {Of,Rl,Xf}
  iterations 2, SAT calls 89, 5 ms

seed {Bs}  (|S|=1)
  KK lower = {Bs}  (= S)
  KK upper = {Ad,Ag,As,At,Au,Aw,Ba,Bs,Cd,Cl,Cp,Ct,Cv,Dp,Em,Ep,Ex,Fd,Fl,Ft,Fz,Gp,Gs,Im,In,Ix,Li,Oa,Ob,Of,Op,Pf,Pl,Pm,Ps,Py,Rb,Rd,Rf,Rl,Rs,Sb,Sd,Sh,Sl,Sr,St,Sv,Tg,Tp,Tr,Uc,Up,Vl,Wg,Wq,Xf,Xm}
  |upper \ S| = 57 of |E \ S| = 57  ->  EXCLUDED 0 (0.0%)
  excluded: (none - VACUOUS)
  iterations 1, SAT calls 46, 4 ms

seed {}  (|S|=0)
  KK lower = {}  (= S)
  KK upper = {Ad,Ag,As,At,Au,Aw,Ba,Bs,Cd,Cl,Cp,Ct,Cv,Dp,Em,Ep,Ex,Fd,Fl,Ft,Fz,Gp,Gs,Im,In,Ix,Li,Oa,Ob,Of,Op,Pf,Pl,Pm,Ps,Py,Rb,Rd,Rf,Rl,Rs,Sb,Sd,Sh,Sl,Sr,St,Sv,Tg,Tp,Tr,Uc,Up,Vl,Wg,Wq,Xf,Xm}
  |upper \ S| = 58 of |E \ S| = 58  ->  EXCLUDED 0 (0.0%)
  excluded: (none - VACUOUS)
  iterations 1, SAT calls 46, 4 ms

seed {Aw,Uc}  (|S|=2)
  KK lower = {Aw,Uc}  (= S)
  KK upper = {Ad,Ag,As,At,Au,Aw,Ba,Bs,Cd,Cl,Cp,Ct,Cv,Dp,Em,Ep,Ex,Fd,Fl,Ft,Fz,Gp,Gs,Im,In,Ix,Li,Oa,Ob,Of,Op,Pf,Pl,Pm,Ps,Py,Rb,Rd,Rf,Rl,Rs,Sb,Sd,Sh,Sl,Sr,St,Sv,Tg,Tp,Tr,Uc,Up,Vl,Wg,Wq,Xf,Xm}
  |upper \ S| = 56 of |E \ S| = 56  ->  EXCLUDED 0 (0.0%)
  excluded: (none - VACUOUS)
  iterations 1, SAT calls 45, 2 ms
(largest corpus protocol: Aave V3, |S| = 17)
near-complete seed grown greedily to |S| = 53, admissible = true

seed {Ad,Ag,As,At,Au,Aw,Ba,Bs,Cd,Ct,Cv,Dp,Em,Ep,Ex,Fd,Fl,Ft,Fz,Gp,Gs,Im,In,Ix,Li,Oa,Ob,Op,Pf,Pl,Pm,Ps,Py,Rb,Rd,Rf,Rs,Sb,Sd,Sh,Sl,Sr,St,Sv,Tg,Tp,Tr,Uc,Up,Vl,Wg,Wq,Xm}  (|S|=53)
  KK lower = {Ad,Ag,As,At,Au,Aw,Ba,Bs,Cd,Ct,Cv,Dp,Em,Ep,Ex,Fd,Fl,Ft,Fz,Gp,Gs,Im,In,Ix,Li,Oa,Ob,Op,Pf,Pl,Pm,Ps,Py,Rb,Rd,Rf,Rs,Sb,Sd,Sh,Sl,Sr,St,Sv,Tg,Tp,Tr,Uc,Up,Vl,Wg,Wq,Xm}  (= S)
  KK upper = {Ad,Ag,As,At,Au,Aw,Ba,Bs,Cd,Ct,Cv,Dp,Em,Ep,Ex,Fd,Fl,Ft,Fz,Gp,Gs,Im,In,Ix,Li,Oa,Ob,Op,Pf,Pl,Pm,Ps,Py,Rb,Rd,Rf,Rs,Sb,Sd,Sh,Sl,Sr,St,Sv,Tg,Tp,Tr,Uc,Up,Vl,Wg,Wq,Xm}
  |upper \ S| = 0 of |E \ S| = 5  ->  EXCLUDED 5 (100.0%)
  excluded: {Cl,Cp,Of,Rl,Xf}
  iterations 2, SAT calls 5, 0 ms

#################### PART F - SOUNDNESS ####################
F1. inclusion certificates: for every e in upper\S, the SAT model witnessing it must
    be a genuinely admissible superset of S, checked with tables.admissible().
F2. exclusion counterexample hunt: sample admissible completions of S at random and
    assert every one lies inside [S, upper].
F1 inclusion certificates: 3938 verified admissible-and-inside, 0 failed
F2 sampled admissible completions: 9600 inside [S,upper], 0 outside
   no counterexamples
SOUNDNESS VERDICT: PASS - no admissible completion falls outside [lower,upper]

#################### PART G - hazard derivation ####################
seed {Fl,Xm} at 58 elements: excluded = {Of,Rl,Xf}
  F9 claimed Xf, Rl, Of are excluded. At 58: Xf=EXCLUDED, Rl=EXCLUDED, Of=EXCLUDED
   Of excluded, load-bearing rule(s): X21
   Rl excluded, load-bearing rule(s): X21
   Xf excluded, load-bearing rule(s): X21

across the 72 protocol seeds: 61 element-exclusions in total
  hazard rule -> number of the 72 seeds where it is load-bearing for >=1 exclusion:
    X11a*  0/72
    X19*   0/72
    X2     8/72
    X18    0/72
    X21    32/72
  exclusions attributable to no single rule (closure/warrant/ground interaction): 0
  NOTE: of the 20 written hazards only 5 have a set-membership projection at all
  (HAZ_PROJ eligible = 1); the other 15 are prose conditions on quantities
  outside the element vocabulary and can be neither derived nor refuted by this method.

#################### PART H - the other two operators from F9 ####################
O_R(TOP) = Delta1(Cn(TOP)) has 58 of 58 elements; == TOP? true
TOP admissible? false  =>  O_H(TOP) = O_R(TOP)
lub O([S,TOP]) >= O(TOP), so for O_R and O_H the KK upper bound is >= 58 elements
  => KK upper = TOP and the completion query is VACUOUS for O_R and O_H at 58 elements,
     for every seed, with no computation. Only O_A (fixpoints exactly Adm) survives.
same check on the F9 10-element instance: |O_R(TOP10)| = 10/10 -> also vacuous there

#################### PART J - where does the information come from? ####################
over the 72 protocol seeds, total element-exclusions at 58 elements:
  full theory (closure + warrant + ground + bans):  61
  positive theory ONLY (closure + warrant + ground): 0   [seeds with any: 0/72]
  flat negative bans ONLY (X2,X11a*,X18,X19*,X21):   61
  => information beyond the literal hand-written bans: 0 exclusions
same split on the F9 10-element vocabulary, 8 seeds: full 7, positive-only 0, bans-only 7
  (at 10 elements the positive theory excludes a great deal, because the truncated
   vocabulary cannot satisfy the closure and warrant obligations at all.)

#################### PART I - cost ####################
total DPLL calls this run: 45467, decisions 1677134, unit props 253068
per-seed KK wall clock over the 72: min 1 ms, median 3 ms, max 6 ms
per-seed SAT calls over the 72: 37 .. 89 (= |E\S| per KK iteration)
per-protocol rows written to f10-rows.json
