=== F11.0 the free repair: Delta := Delta^omega ===
over 20000 random sets: contractive violations 0, monotone violations 0, IDEMPOTENT violations 0
Fix(Delta^omega) == Fix(Delta^1)?  disagreements: 0  -> IDENTICAL fixpoints, confirmed

obligations: 20;  definite rules: 16
gamma extensive/idempotent spot-check: true

=== F11.1 EXPERIMENT 1: invariance ===

--- E1 Gamma = gamma (Galois, OP-ORD s1.3) over all <=3-subsets + 72 lanes + 200k random, 58 elements: |Fix(Gamma) sampled| = 160
    Delta(C) in Fix(Gamma):  160/160 = 100.00%   *** INVARIANCE HOLDS ***

--- E1 Gamma = Cn (definite, height 1) over same sample: |Fix(Gamma) sampled| = 231773
    Delta(C) in Fix(Gamma):  231773/231773 = 100.00%   *** INVARIANCE HOLDS ***

--- E1 EXHAUSTIVE, Gamma = Cn, universe 2^20, closures staying inside U: |Fix| = 160000
    invariance: 160000/160000 = 100.00%  *** HOLDS ***

--- E1' does Delta preserve the SCORED closure condition Gamma(X) (L*)?  92880/92880 = 100.00%

=== F11.2 EXPERIMENT 2: downward iteration  x_{n+1} = Gamma(Delta(x_n) join S) ===

--- 10-element instance (F9 seeds): |L|=2^10, |Adm|=196
  seed            |compl| x_inf                                     sound? |x_inf| exactUB slack
  {Of          }    18  {Au,Bs,Fl,In,Ix,Of,Rl,Sh,Xf,Xm         } true       10       9     1
  {Rl          }    62  {Au,Bs,Fl,In,Ix,Of,Rl,Sh,Xf,Xm         } true       10       9     1
  {Fl,Xm       }    12  {Au,Bs,Fl,In,Ix,Of,Rl,Sh,Xf,Xm         } true       10       7     3
  {Rl,Of       }     6  {Au,Bs,Fl,In,Ix,Of,Rl,Sh,Xf,Xm         } true       10       9     1

--- 20-element instance: |L|=2^20, |Adm|=23055
  seed            |compl| x_inf                                     sound? |x_inf| exactUB slack
  {Of          }  4725  {At,Au,Aw,Bs,Cd,Cl,Cp,Ct,Fl,Gs,Ix,Li,Of,Pl,Rl,Sh,Sl,Uc,Xf,Xm} true       20      18     2
  {Rl          }  9702  {At,Au,Aw,Bs,Cd,Cl,Cp,Ct,Fl,Gs,Ix,Li,Of,Pl,Rl,Sh,Sl,Uc,Xf,Xm} true       20      18     2
  {Fl,Xm       }     0  {At,Au,Aw,Bs,Cd,Cl,Cp,Ct,Fl,Gs,Ix,Li,Of,Pl,Rl,Sh,Sl,Uc,Xf,Xm} true       20       0    20
  {Rl,Of       }  1890  {At,Au,Aw,Bs,Cd,Cl,Cp,Ct,Fl,Gs,Ix,Li,Of,Pl,Rl,Sh,Sl,Uc,Xf,Xm} true       20      18     2
  {Uc          }     0  {At,Au,Aw,Bs,Cd,Cl,Cp,Ct,Fl,Gs,Ix,Li,Of,Pl,Rl,Sh,Sl,Uc,Xf,Xm} true       20       0    20
  {Pl          } 10764  {At,Au,Aw,Bs,Cd,Cl,Cp,Ct,Fl,Gs,Ix,Li,Of,Pl,Rl,Sh,Sl,Uc,Xf,Xm} true       20      19     1
  {Cd          } 11451  {At,Au,Aw,Bs,Cd,Cl,Cp,Ct,Fl,Gs,Ix,Li,Of,Pl,Rl,Sh,Sl,Uc,Xf,Xm} true       20      19     1
  {Li          }  9480  {At,Au,Aw,Bs,Cd,Cl,Cp,Ct,Fl,Gs,Ix,Li,Of,Pl,Rl,Sh,Sl,Uc,Xf,Xm} true       20      19     1

--- 58 elements: soundness of x_inf against exhaustively enumerated admissible sets (size <= 4) ---
admissible sets of size <=4 over all 58 elements: 83496
  seed {Of}: steps=0 |x_inf|=58/58  sound vs 0 small completions: true  vs 0 live protocols: true  excluded=0  slack vs observed UB=58
  seed {Rl}: steps=0 |x_inf|=58/58  sound vs 624 small completions: true  vs 0 live protocols: true  excluded=0  slack vs observed UB=9
  seed {Fl,Xm}: steps=0 |x_inf|=58/58  sound vs 87 small completions: true  vs 1 live protocols: true  excluded=0  slack vs observed UB=14
     x_inf excludes: 
  seed {Uc}: steps=0 |x_inf|=58/58  sound vs 1 small completions: true  vs 2 live protocols: true  excluded=0  slack vs observed UB=39
  seed {Pl}: steps=0 |x_inf|=58/58  sound vs 0 small completions: true  vs 6 live protocols: true  excluded=0  slack vs observed UB=34
  seed {Cd}: steps=0 |x_inf|=58/58  sound vs 0 small completions: true  vs 6 live protocols: true  excluded=0  slack vs observed UB=34
