test universe: Fl Xm Xf Rl Of Bs Sl Au Gs Uc Aw At Cp Cl Pl Cd Ix Sh Ct Li
|2^U| = 1048576, |Adm| = 23055

=== F4: is Adm closed under join / meet / up / down? ===
{"join":1866616,"meet":6036158,"up":100150,"down":93218}
  join: ["Au,Rl,Xm","Au,Cp,Fl","Au,Cp,Fl,Rl,Xm"]
  meet: ["Au,Rl,Xm","Aw,Sl,Xf,Xm","Xm"]
  up: ["","+Fl"]
  down: ["Xf,Xm","-Xf"]

  attribution of union failures (sampled 2000):
    {"hazard:X19*":597,"hazard:X21":1092,"hazard:X19*/X21":311}

=== F6 / T2: a union-closed subfamily of Adm ===
|F| (Adm intersect the split-antecedent, Fl-free condition) = 11026  (47.8% of Adm)
union counterexamples inside F: 0
=> F is closed under union, so (+) IS a congruence for admissibility on F.
intersection counterexamples inside F: 29603810 e.g. ["Xf,Xm","Au,Rl,Xm","Xm"]

Adm members that participate in NO bad union at all: 69 of 23055
(that set is an upper bound on any union-closed subfamily containing it only if it is itself closed;
 it has 0 internal union failures.)
F subset of safe? false
file:///root/DefiElements/formal/v2/tables.mjs:148
export const ungrounded = S => [...S].some(e => RISKG.has(ELEMS[e].group)) && ![...S].some(e => ELEMS[e].stratum <= 2);
                                                                   ^

TypeError: Cannot read properties of undefined (reading 'group')
    at file:///root/DefiElements/formal/v2/tables.mjs:148:68
    at Array.some (<anonymous>)
    at ungrounded (file:///root/DefiElements/formal/v2/tables.mjs:148:39)
    at Module.admissible (file:///root/DefiElements/formal/v2/tables.mjs:151:68)
    at file:///root/DefiElements/formal/v2/f467.mjs:89:73
    at Array.filter (<anonymous>)
    at file:///root/DefiElements/formal/v2/f467.mjs:89:23
    at ModuleJob.run (node:internal/modules/esm/module_job:439:25)
    at async node:internal/modules/esm/loader:643:26
    at async asyncRunEntryPointWithESMLoader (node:internal/modules/run_main:101:5)

Node.js v24.18.0
