{
  "schema": "p17-vault-planning-diagnose/v1",
  "empty_corpus": false,
  "repo_root": "/home/charl/defiformal/review/semantic-kernel/program-execution-20260908/p17-planning-r1-review/execution",
  "checks": [
    {
      "name": "nonempty_fixtures",
      "ok": true,
      "detail": {
        "count": 17
      }
    },
    {
      "name": "nonempty_partitions",
      "ok": true,
      "detail": {
        "count": 11
      }
    },
    {
      "name": "nonempty_mutants",
      "ok": true,
      "detail": {
        "count": 2
      }
    },
    {
      "name": "unique_fixture_ids",
      "ok": true,
      "detail": [
        "P17-DEP-D0",
        "P17-MINT-D0",
        "P17-RED-D0",
        "P17-WD-D0",
        "P17-DEP-D1",
        "P17-MINT-D1",
        "P17-RED-D1",
        "P17-WD-D1",
        "P17-DEP-ZERO",
        "P17-DEP-BAD-RECV",
        "P17-DEP-SELF",
        "P17-DEP-TF-BAL",
        "P17-DEP-TF-ALLOW",
        "P17-RED-BAL",
        "P17-RED-ALLOW",
        "P17-DEP-MUL-OVF",
        "P17-NEG-MINT-NO-CREDIT"
      ]
    },
    {
      "name": "independent_P17-DEP-D0",
      "ok": true,
      "detail": {
        "ok_shares": "1000000000000000000",
        "usds.S": "0",
        "usds.vault": "1000000000000000000",
        "shares.R": "1000000000000000000",
        "totalSupply": "1000000000000000000",
        "chi": "CHI_D0",
        "rho_unchanged": true
      }
    },
    {
      "name": "independent_P17-DEP-D1",
      "ok": false,
      "detail": {
        "expected": "999999999999999999",
        "got": {
          "ok_shares": "1000000000000000000"
        }
      }
    },
    {
      "name": "independent_P17-MINT-D1",
      "ok": true,
      "detail": {
        "expected": "1000000000000000001",
        "got": {
          "ok_assets": "1000000000000000001"
        }
      }
    },
    {
      "name": "independent_P17-RED-D1",
      "ok": true,
      "detail": {
        "expected": "1000000000000000000",
        "got": {
          "ok_assets": "1000000000000000000"
        }
      }
    },
    {
      "name": "independent_P17-WD-D1",
      "ok": true,
      "detail": {
        "expected": "1000000000000000000",
        "got": {
          "ok_shares": "1000000000000000000"
        }
      }
    },
    {
      "name": "independent_P17-DEP-MUL-OVF",
      "ok": true,
      "detail": {
        "expected": "115792089237316195423570985008687907853269984665641",
        "got": {
          "assets": "115792089237316195423570985008687907853269984665641",
          "receiver": "R"
        }
      }
    },
    {
      "name": "negative_present",
      "ok": true,
      "detail": [
        "P17-DEP-D0",
        "P17-MINT-D0",
        "P17-RED-D0",
        "P17-WD-D0",
        "P17-DEP-D1",
        "P17-MINT-D1",
        "P17-RED-D1",
        "P17-WD-D1",
        "P17-DEP-ZERO",
        "P17-DEP-BAD-RECV",
        "P17-DEP-SELF",
        "P17-DEP-TF-BAL",
        "P17-DEP-TF-ALLOW",
        "P17-RED-BAL",
        "P17-RED-ALLOW",
        "P17-DEP-MUL-OVF",
        "P17-NEG-MINT-NO-CREDIT"
      ]
    },
    {
      "name": "mutant_V-TF-SKIP_designated_in_fixtures",
      "ok": true,
      "detail": {
        "designated": "P17-DEP-D0"
      }
    },
    {
      "name": "mutant_V-TF-SKIP_unaffected_in_fixtures",
      "ok": true,
      "detail": {
        "unaffected": "P17-RED-D0",
        "designated": "P17-DEP-D0"
      }
    },
    {
      "name": "mutant_V-TF-SKIP_one_solidity_edit",
      "ok": true,
      "detail": "Delete the single statement `usds.transferFrom(msg.sender, address(this), assets);` from `_mint`. Keep the invalid-address require and the unchecked share/supply updates."
    },
    {
      "name": "mutant_V-DEP-CEIL_designated_in_fixtures",
      "ok": true,
      "detail": {
        "designated": "P17-DEP-D1"
      }
    },
    {
      "name": "mutant_V-DEP-CEIL_unaffected_in_fixtures",
      "ok": true,
      "detail": {
        "unaffected": "P17-DEP-D0",
        "designated": "P17-DEP-D1"
      }
    },
    {
      "name": "mutant_V-DEP-CEIL_one_solidity_edit",
      "ok": true,
      "detail": "Replace `shares = assets * RAY / drip();` with `shares = _divup(assets * RAY, drip());` in `deposit(uint256,address)` only."
    },
    {
      "name": "gate_accepted_false",
      "ok": true,
      "detail": false
    },
    {
      "name": "platform_reuse_false",
      "ok": true,
      "detail": false
    },
    {
      "name": "independent_not_run",
      "ok": true,
      "detail": "required_not_run"
    },
    {
      "name": "p16_gate_not_assumed",
      "ok": true,
      "detail": null
    },
    {
      "name": "composition_unclaimed",
      "ok": true,
      "detail": null
    },
    {
      "name": "wrapper_rejected",
      "ok": true,
      "detail": null
    },
    {
      "name": "smoke_not_campaign",
      "ok": true,
      "detail": null
    },
    {
      "name": "python_not_source",
      "ok": true,
      "detail": null
    },
    {
      "name": "solc_not_run",
      "ok": true,
      "detail": null
    },
    {
      "name": "planning_not_mutation_credit",
      "ok": true,
      "detail": null
    },
    {
      "name": "main_sha",
      "ok": true,
      "detail": {
        "actual": "9fe0c713751142e75a1da60ad6c0127d5ad01cb6d24289183ac48b202f3c5d69",
        "size": 16399
      }
    },
    {
      "name": "l2_sha",
      "ok": true,
      "detail": {
        "actual": "bcf6dfabed3c99f200d0c184943f88a9361c11e35c1adbf6212d33c4dc8165fa",
        "size": 8616
      }
    },
    {
      "name": "main_vs_l2",
      "ok": true,
      "detail": {
        "main": "9fe0c713751142e75a1da60ad6c0127d5ad01cb6d24289183ac48b202f3c5d69",
        "l2": "bcf6dfabed3c99f200d0c184943f88a9361c11e35c1adbf6212d33c4dc8165fa"
      }
    },
    {
      "name": "closure_hashes",
      "ok": true,
      "detail": {
        "count": 10,
        "rows": [
          {
            "key": "src/SUsds.sol",
            "match": true,
            "actual": "9fe0c713751142e75a1da60ad6c0127d5ad01cb6d24289183ac48b202f3c5d69",
            "size": 16399
          },
          {
            "key": "@openzeppelin/contracts/proxy/ERC1967/ERC1967Proxy.sol",
            "match": true,
            "actual": "ca1c1476f97761f3a5830395576c82756899ad8896489cef9c388afab825ef21",
            "size": 1716
          },
          {
            "key": "@openzeppelin/contracts-upgradeable/proxy/utils/UUPSUpgradeable.sol",
            "match": true,
            "actual": "da01ed1f405af955a840cdbf698547faf0d607b49e338cdcad47ad615159d82f",
            "size": 6593
          },
          {
            "key": "@openzeppelin/contracts/proxy/Proxy.sol",
            "match": true,
            "actual": "5f5081378d4bc82b814b0d64990b7f7b9c69697593b73a3341f4a269940ba540",
            "size": 2670
          },
          {
            "key": "@openzeppelin/contracts/proxy/ERC1967/ERC1967Utils.sol",
            "match": true,
            "actual": "8850e97f15234cf93d7d1828b6289aeda7fa7167b3550b2f2a9713c8e2cecc80",
            "size": 6723
          },
          {
            "key": "@openzeppelin/contracts/interfaces/draft-IERC1822.sol",
            "match": true,
            "actual": "7bfe4dbf903e34b1dc61da3e27c33d601dcc496dcaf989dc6d2af610e24a145f",
            "size": 880
          },
          {
            "key": "@openzeppelin/contracts-upgradeable/proxy/utils/Initializable.sol",
            "match": true,
            "actual": "a8b7eafa0fdc7cb5a644c8c61a8e4c51e031d5e1e6f268f72dbe18b768ead56e",
            "size": 8910
          },
          {
            "key": "@openzeppelin/contracts/proxy/beacon/IBeacon.sol",
            "match": true,
            "actual": "422eabc0e645e24c3a52898f6255b349323b013544a3ebdc4b2d3f7fc5bb7e9e",
            "size": 472
          },
          {
            "key": "@openzeppelin/contracts/utils/Address.sol",
            "match": true,
            "actual": "b3710b1712637eb8c0df81912da3450da6ff67b0b3ed18146b033ed15b1aa3b9",
            "size": 6262
          },
          {
            "key": "@openzeppelin/contracts/utils/StorageSlot.sol",
            "match": true,
            "actual": "b4a5fb7ab93bfeda06509eafbd5f71fde0e0de84b6d9129553bd535a42166c15",
            "size": 3931
          }
        ]
      }
    },
    {
      "name": "foundry_toml",
      "ok": true,
      "detail": "7e6cf1aa0846528e8fb8d1a0b92278a1528df828509c3b3235bef0a9983a307a"
    },
    {
      "name": "requirements_nonempty",
      "ok": true,
      "detail": 20
    },
    {
      "name": "scenarios_nonempty",
      "ok": true,
      "detail": 27
    },
    {
      "name": "scenario_names_unique",
      "ok": true,
      "detail": [
        "Wrapper of two campaigns is not one engine",
        "Ordinary token0 add is a nonzero quote-register effect",
        "Vault deposit accounting is proved from deltas",
        "Pure helper observation omits ledger fields",
        "No fabricated sequential workflow",
        "Missing inventory keeps the gate open",
        "D0 deposit is exact",
        "D1 deposit floors",
        "D1 mint ceils",
        "Zero receiver reverts without transfer",
        "Zero deposit is success",
        "Empty USDS balance is transfer refusal",
        "Spender without allowance cannot redeem",
        "Huge deposit product overflows checked mul",
        "Mock transfer still needs balance observation",
        "D0 drip does not suck",
        "Implementation-only deposit is excluded",
        "Author freeze is not self-acceptance",
        "P16 source gate remains independent",
        "Empty fixture inventory is blocked",
        "Characteristic mutant has an unaffected control",
        "Wider families remain gated",
        "L2 file is a different contract",
        "Locator branch is not the pin",
        "Closure count is ten",
        "Smoke hashes are not campaign identities",
        "Istanbul genesis is not the vault fork"
      ]
    },
    {
      "name": "scenario_map_covers_specs",
      "ok": true,
      "detail": {
        "spec": [
          "Wrapper of two campaigns is not one engine",
          "Ordinary token0 add is a nonzero quote-register effect",
          "Vault deposit accounting is proved from deltas",
          "Pure helper observation omits ledger fields",
          "No fabricated sequential workflow",
          "Missing inventory keeps the gate open",
          "D0 deposit is exact",
          "D1 deposit floors",
          "D1 mint ceils",
          "Zero receiver reverts without transfer",
          "Zero deposit is success",
          "Empty USDS balance is transfer refusal",
          "Spender without allowance cannot redeem",
          "Huge deposit product overflows checked mul",
          "Mock transfer still needs balance observation",
          "D0 drip does not suck",
          "Implementation-only deposit is excluded",
          "Author freeze is not self-acceptance",
          "P16 source gate remains independent",
          "Empty fixture inventory is blocked",
          "Characteristic mutant has an unaffected control",
          "Wider families remain gated",
          "L2 file is a different contract",
          "Locator branch is not the pin",
          "Closure count is ten",
          "Smoke hashes are not campaign identities",
          "Istanbul genesis is not the vault fork"
        ],
        "map": [
          "L2 file is a different contract",
          "Locator branch is not the pin",
          "Closure count is ten",
          "Smoke hashes are not campaign identities",
          "Istanbul genesis is not the vault fork",
          "D0 deposit is exact",
          "D1 deposit floors",
          "D1 mint ceils",
          "Zero receiver reverts without transfer",
          "Zero deposit is success",
          "Empty USDS balance is transfer refusal",
          "Spender without allowance cannot redeem",
          "Huge deposit product overflows checked mul",
          "Mock transfer still needs balance observation",
          "D0 drip does not suck",
          "Implementation-only deposit is excluded",
          "Wrapper of two campaigns is not one engine",
          "Ordinary token0 add is a nonzero quote-register effect",
          "Vault deposit accounting is proved from deltas",
          "Pure helper observation omits ledger fields",
          "No fabricated sequential workflow",
          "Missing inventory keeps the gate open",
          "Author freeze is not self-acceptance",
          "P16 source gate remains independent",
          "Empty fixture inventory is blocked",
          "Characteristic mutant has an unaffected control",
          "Wider families remain gated"
        ]
      }
    },
    {
      "name": "tasks_unchecked",
      "ok": true,
      "detail": {
        "checked": 0,
        "unchecked": 23
      }
    }
  ],
  "failures": [
    "independent_P17-DEP-D1"
  ],
  "counts": {
    "checks": 37,
    "failed": 1,
    "fixtures": 17,
    "mutants": 2,
    "requirements": 20,
    "scenarios": 27,
    "tasks_unchecked": 23,
    "tasks_checked": 0
  },
  "production_mutation_credit": 0,
  "solc_executed": false,
  "evm_executed": false,
  "lean_executed": false,
  "python_is_source_execution": false
}
