parallel.fixture.catalog: true
parallel.fixture.basic.complete: true
parallel.fixture.same-asset.complete: true
parallel.fixture.refusal.peer-runs: true
parallel.fixture.refusal.prefix-kept: true
parallel.fixture.refusal.dual: true
parallel.fixture.refusal.guard: true
parallel.fixture.refusal.input-unit: true
parallel.fixture.refusal.missing-capability: true
parallel.fixture.empty.right: true
parallel.fixture.empty.left: true
parallel.fixture.empty.both: true
parallel.fixture.routing.peer-only: true
parallel.fixture.routing.funded-literal: true
parallel.fixture.routing.own-history: true
parallel.fixture.routing.both-own-history: true
parallel.fixture.routing.shared-qualified-key: true
parallel.fixture.boundary.local-identity: true
parallel.fixture.capability.revoked: true
parallel.fixture.capability.actual-revoke: true
parallel.fixture.capability.reusable-shared-grant: true
parallel.fixture.supply.complete: true
parallel.fixture.supply.both-receipts: true
parallel.fixture.supply.prefix-refusal: true
parallel.fixture.stateful.prefix: true
parallel.fixture.stateful.supply: true
parallel.fixture.cancelling.admission: true
parallel.fixture.cancelling.funded: true
parallel.fixture.refusal.world-preserved: true
parallel.fixture.refusal.suffix-world-preserved: true
parallel.fixture.raw-context-differs: true
parallel.fixture.basic.lr.complete: true
parallel.fixture.basic.rl.complete: true
parallel.fixture.prefix.lr.complete: true
parallel.fixture.prefix.rl.complete: true
parallel.fixture.routing.lr.complete: true
parallel.fixture.routing.rl.complete: true
parallel.fixture.boundary.lr.complete: true
parallel.fixture.boundary.rl.complete: true
parallel.fixture.supply.lr.complete: true
parallel.fixture.supply.rl.complete: true
parallel.fixture.stateful.lr.complete: true
parallel.fixture.stateful.rl.complete: true
parallel.fixture.revoked.lr.complete: true
parallel.fixture.revoked.rl.complete: true
parallel.fixture.same-asset.lr.complete: true
parallel.fixture.same-asset.rl.complete: true
parallel.fixture.peer-runs.lr.complete: true
parallel.fixture.peer-runs.rl.complete: true
parallel.fixture.dual.lr.complete: true
parallel.fixture.dual.rl.complete: true
parallel.fixture.both-own-history.lr.complete: true
parallel.fixture.both-own-history.rl.complete: true
parallel.fixture.stateful-supply.lr.complete: true
parallel.fixture.stateful-supply.rl.complete: true
parallel.fixture.shared-qualified-key.lr.complete: true
parallel.fixture.shared-qualified-key.rl.complete: true
parallel.fixture.supply-prefix.lr.complete: true
parallel.fixture.supply-prefix.rl.complete: true
Financial comparisons: 59; failures: 0
