⚠ [921/934] Replayed DefiKernel.Typed.Transition
warning: DefiKernel/Typed/Transition.lean:239:20: `simp_all [throw, throwThe]` is a flexible tactic modifying `⊢`. Try `simp_all?` and use the suggested `simp_all only [...]`. Alternatively, use `suffices` to explicitly state the simplified form.

Note: This linter can be disabled with `set_option linter.flexible false`
info: DefiKernel/Typed/Transition.lean:239:20: Try this:
  [apply] simp_all only [or_false, Prod.forall, true_and]
info: DefiKernel/Typed/Transition.lean:244:6: `rename_i args`
modifies the current goal, which was modified by the flexible tactic `simp_all` on line 239!
warning: DefiKernel/Typed/Transition.lean:239:20: `simp_all [throw, throwThe]` is a flexible tactic modifying `⊢`. Try `simp_all?` and use the suggested `simp_all only [...]`. Alternatively, use `suffices` to explicitly state the simplified form.

Note: This linter can be disabled with `set_option linter.flexible false`
info: DefiKernel/Typed/Transition.lean:239:20: Try this:
  [apply] simp_all only [Option.some.injEq, false_or, Prod.forall]
info: DefiKernel/Typed/Transition.lean:244:6: `rename_i args`
modifies the current goal, which was modified by the flexible tactic `simp_all` on line 239!
⚠ [926/934] Replayed DefiKernel.Nary.Schedule
warning: DefiKernel/Nary/Schedule.lean:162:24: This simp argument is unused:
  Nat.add_assoc

Hint: Omit it from the simp argument list.
  [apply] simp [hbeq, hmem, Nat.add_left_comm, Nat.add_comm]

Note: This linter can be disabled with `set_option linter.unusedSimpArgs false`
warning: DefiKernel/Nary/Schedule.lean:263:2: `simp [admit, hv, ha, bind, Except.bind, pure, Except.pure]` is a flexible tactic modifying `⊢`. Try `simp?` and use the suggested `simp only [...]`. Alternatively, use `suffices` to explicitly state the simplified form.

Note: This linter can be disabled with `set_option linter.flexible false`
info: DefiKernel/Nary/Schedule.lean:264:2: `rw [hs']`
modifies the current goal, which was modified by the flexible tactic `simp` on line 263!
✖ [934/934] Building DefiKernel.Nary.Causal (1.1s)
trace: .> LEAN_PATH=/home/charl/.cache/defiformal-sprint11-builds/causal/.lake/packages/Cli/.lake/build/lib/lean:/home/charl/.cache/defiformal-sprint11-builds/causal/.lake/packages/batteries/.lake/build/lib/lean:/home/charl/.cache/defiformal-sprint11-builds/causal/.lake/packages/Qq/.lake/build/lib/lean:/home/charl/.cache/defiformal-sprint11-builds/causal/.lake/packages/aesop/.lake/build/lib/lean:/home/charl/.cache/defiformal-sprint11-builds/causal/.lake/packages/proofwidgets/.lake/build/lib/lean:/home/charl/.cache/defiformal-sprint11-builds/causal/.lake/packages/importGraph/.lake/build/lib/lean:/home/charl/.cache/defiformal-sprint11-builds/causal/.lake/packages/LeanSearchClient/.lake/build/lib/lean:/home/charl/.cache/defiformal-sprint11-builds/causal/.lake/packages/plausible/.lake/build/lib/lean:/home/charl/.cache/defiformal-sprint11-builds/causal/.lake/packages/mathlib/.lake/build/lib/lean:/home/charl/.cache/defiformal-sprint11-builds/causal/.lake/build/lib/lean /home/charl/.elan/toolchains/leanprover--lean4---v4.33.0-rc2/bin/lean /home/charl/.cache/defiformal-sprint11-builds/causal/DefiKernel/Nary/Causal.lean -o /home/charl/.cache/defiformal-sprint11-builds/causal/.lake/build/lib/lean/DefiKernel/Nary/Causal.olean -i /home/charl/.cache/defiformal-sprint11-builds/causal/.lake/build/lib/lean/DefiKernel/Nary/Causal.ilean -c /home/charl/.cache/defiformal-sprint11-builds/causal/.lake/build/ir/DefiKernel/Nary/Causal.c --setup /home/charl/.cache/defiformal-sprint11-builds/causal/.lake/build/ir/DefiKernel/Nary/Causal.setup.json --json
warning: DefiKernel/Nary/Causal.lean:78:26: Variable name `cfg` is not explicitly referenced.

Hint: The binding can be removed (if unused) or named `_` (if used implicitly). Alternatively, prefix the name with `_` to silence this warning:
  [apply] _cfg

Note: This linter can be disabled with `set_option linter.unusedVariables false`
error: DefiKernel/Nary/Causal.lean:277:35: Tactic `rewrite` failed: Did not find an occurrence of the pattern
  (Machine.skip ?m ?b).attempts[(Machine.attempts ?m).length]?
in the target expression
  (update q (monitorPayload boundaries m b (m.skip b)), m.skip b) =
    (update q
        { participant := b, boundary := boundaries b (m.locals b).nextIndex, before := m, after := m.skip b,
          attempt := none },
      m.skip b)

B P A D : Type
inst✝⁶ : DecidableEq B
inst✝⁵ : DecidableEq P
inst✝⁴ : DecidableEq A
inst✝³ : DecidableEq D
inst✝² : Fintype P
inst✝¹ : Fintype A
inst✝ : Fintype D
Q : Type
cfg : Config P A D
boundaries : Boundaries B P A D
branches : Branches B P A D
update : Q → MonitorInput B P A D → Q
q : Q
m : Machine B P A D
b : B
hadv : advance cfg boundaries branches m b = m.skip b
⊢ (update q (monitorPayload boundaries m b (m.skip b)), m.skip b) =
    (update q
        { participant := b, boundary := boundaries b (m.locals b).nextIndex, before := m, after := m.skip b,
          attempt := none },
      m.skip b)
error: DefiKernel/Nary/Causal.lean:293:35: Tactic `rewrite` failed: Did not find an occurrence of the pattern
  (Machine.refuse ?m ?b ?inv ?reason).attempts[(Machine.attempts ?m).length]?
in the target expression
  (update q (monitorPayload boundaries m b (m.refuse b inv reason)), m.refuse b inv reason) =
    (update q
        { participant := b, boundary := boundaries b (m.locals b).nextIndex, before := m,
          after := m.refuse b inv reason,
          attempt :=
            some
              { participant := b, index := (m.locals b).nextIndex, invocation := inv, before := m.world,
                outcome := Except.error reason } },
      m.refuse b inv reason)

B P A D : Type
inst✝⁶ : DecidableEq B
inst✝⁵ : DecidableEq P
inst✝⁴ : DecidableEq A
inst✝³ : DecidableEq D
inst✝² : Fintype P
inst✝¹ : Fintype A
inst✝ : Fintype D
Q : Type
cfg : Config P A D
boundaries : Boundaries B P A D
branches : Branches B P A D
update : Q → MonitorInput B P A D → Q
q : Q
m : Machine B P A D
b : B
inv : Invocation P A D
reason : Failure
hadv : advance cfg boundaries branches m b = m.refuse b inv reason
⊢ (update q (monitorPayload boundaries m b (m.refuse b inv reason)), m.refuse b inv reason) =
    (update q
        { participant := b, boundary := boundaries b (m.locals b).nextIndex, before := m,
          after := m.refuse b inv reason,
          attempt :=
            some
              { participant := b, index := (m.locals b).nextIndex, invocation := inv, before := m.world,
                outcome := Except.error reason } },
      m.refuse b inv reason)
error: DefiKernel/Nary/Causal.lean:309:35: Tactic `rewrite` failed: Did not find an occurrence of the pattern
  (Machine.accept ?m ?b ?inv ?result).attempts[(Machine.attempts ?m).length]?
in the target expression
  (update q (monitorPayload boundaries m b (m.accept b inv result)), m.accept b inv result) =
    (update q
        { participant := b, boundary := boundaries b (m.locals b).nextIndex, before := m,
          after := m.accept b inv result,
          attempt :=
            some
              { participant := b, index := (m.locals b).nextIndex, invocation := inv, before := m.world,
                outcome := Except.ok result } },
      m.accept b inv result)

B P A D : Type
inst✝⁶ : DecidableEq B
inst✝⁵ : DecidableEq P
inst✝⁴ : DecidableEq A
inst✝³ : DecidableEq D
inst✝² : Fintype P
inst✝¹ : Fintype A
inst✝ : Fintype D
Q : Type
cfg : Config P A D
boundaries : Boundaries B P A D
branches : Branches B P A D
update : Q → MonitorInput B P A D → Q
q : Q
m : Machine B P A D
b : B
inv : Invocation P A D
result : StepResult P A D
hadv : advance cfg boundaries branches m b = m.accept b inv result
⊢ (update q (monitorPayload boundaries m b (m.accept b inv result)), m.accept b inv result) =
    (update q
        { participant := b, boundary := boundaries b (m.locals b).nextIndex, before := m,
          after := m.accept b inv result,
          attempt :=
            some
              { participant := b, index := (m.locals b).nextIndex, invocation := inv, before := m.world,
                outcome := Except.ok result } },
      m.accept b inv result)
error: DefiKernel/Nary/Causal.lean:326:4: Dependent elimination failed: Failed to solve equation
  Decidable.rec
      (fun h ↦
        (fun x ↦
            match (branches b)[(m.locals b).consumed]? with
            | none => m.skip b
            | some inv =>
              have outcome :=
                executeStep cfg (boundaries b (m.locals b).nextIndex) (m.locals b).nextIndex (m.locals b).outputs
                  (Step.invoke inv) m.world;
              match outcome with
              | Except.error reason => m.refuse b inv reason
              | Except.ok result => m.accept b inv result)
          h)
      (fun h ↦ (fun x ↦ m.skip b) h) (instDecidableEqBool (m.locals b).failure.isSome true) =
    { world := m.world,
      locals := fun peer ↦
        if peer = b then
          { consumed := (m.locals b).consumed + 1, events := (m.locals b).events, outputs := (m.locals b).outputs,
            nextIndex := (m.locals b).nextIndex, failure := (m.locals b).failure }
        else m.locals peer,
      attempts := m.attempts }
error: DefiKernel/Nary/Causal.lean:374:2: Too many variable names provided at alternative `skip`: 11 provided, but 6 expected
error: DefiKernel/Nary/Causal.lean:375:48: Application type mismatch: The argument
  m
has type
  AdvanceSound cfg boundaries branches m✝ q (m✝.skip q)
of sort `Prop` but is expected to have type
  Machine B P A D
of sort `Type` in the application
  advance cfg boundaries branches m
error: DefiKernel/Nary/Causal.lean:375:56: Invalid field `skip`: The environment does not contain `DefiKernel.Nary.AdvanceSound.skip`, so it is not possible to project the field `skip` from an expression
  m
of type
  AdvanceSound cfg boundaries branches m✝ q (m✝.skip q)
error: DefiKernel/Nary/Causal.lean:375:66: Unknown identifier `base.eq_advance.symm`
error: DefiKernel/Nary/Causal.lean:376:85: Application type mismatch: The argument
  q
has type
  B
but is expected to have type
  Q
in the application
  advanceMonitored_skip cfg boundaries branches update q
error: DefiKernel/Nary/Causal.lean:378:2: Too many variable names provided at alternative `refuse`: 13 provided, but 8 expected
error: DefiKernel/Nary/Causal.lean:379:48: Application type mismatch: The argument
  m
has type
  Invocation P A D
but is expected to have type
  Machine B P A D
in the application
  advance cfg boundaries branches m
error: DefiKernel/Nary/Causal.lean:379:56: Invalid field `refuse`: The environment does not contain `DefiKernel.Composition.Invocation.refuse`, so it is not possible to project the field `refuse` from an expression
  m
of type `Invocation P A D`
error: DefiKernel/Nary/Causal.lean:380:6: Unknown identifier `base.eq_advance.symm`
error: DefiKernel/Nary/Causal.lean:382:61: Application type mismatch: The argument
  q
has type
  B
but is expected to have type
  Q
in the application
  advanceMonitored_refuse cfg boundaries branches update q
error: DefiKernel/Nary/Causal.lean:383:2: Too many variable names provided at alternative `accept`: 13 provided, but 8 expected
error: DefiKernel/Nary/Causal.lean:384:48: Application type mismatch: The argument
  m
has type
  Invocation P A D
but is expected to have type
  Machine B P A D
in the application
  advance cfg boundaries branches m
error: DefiKernel/Nary/Causal.lean:384:56: Invalid field `accept`: The environment does not contain `DefiKernel.Composition.Invocation.accept`, so it is not possible to project the field `accept` from an expression
  m
of type `Invocation P A D`
error: DefiKernel/Nary/Causal.lean:385:6: Unknown identifier `base.eq_advance.symm`
error: DefiKernel/Nary/Causal.lean:387:61: Application type mismatch: The argument
  q
has type
  B
but is expected to have type
  Q
in the application
  advanceMonitored_accept cfg boundaries branches update q
error: DefiKernel/Nary/Causal.lean:473:2: Dependent elimination failed: Failed to solve equation
  Decidable.rec
      (fun h ↦
        (fun x ↦
            match (branches b)[(m.locals b).consumed]? with
            | none => m.skip b
            | some inv =>
              have outcome :=
                executeStep cfg (boundaries b (m.locals b).nextIndex) (m.locals b).nextIndex (m.locals b).outputs
                  (Step.invoke inv) m.world;
              match outcome with
              | Except.error reason => m.refuse b inv reason
              | Except.ok result => m.accept b inv result)
          h)
      (fun h ↦ (fun x ↦ m.skip b) h) (instDecidableEqBool (m.locals b).failure.isSome true) =
    { world := m.world,
      locals := fun peer ↦
        if peer = b then
          { consumed := (m.locals b).consumed + 1, events := (m.locals b).events, outputs := (m.locals b).outputs,
            nextIndex := (m.locals b).nextIndex, failure := (m.locals b).failure }
        else m.locals peer,
      attempts := m.attempts }
error: Lean exited with code 1
Some required targets logged failures:
- DefiKernel.Nary.Causal
