⚠ [921/934] Replayed DefiKernel.Typed.Transition
warning: DefiKernel/Typed/Transition.lean:239:20: `simp_all [throw, throwThe]` is a flexible tactic modifying `⊢`. Try `simp_all?` and use the suggested `simp_all only [...]`. Alternatively, use `suffices` to explicitly state the simplified form.

Note: This linter can be disabled with `set_option linter.flexible false`
info: DefiKernel/Typed/Transition.lean:239:20: Try this:
  [apply] simp_all only [or_false, Prod.forall, true_and]
info: DefiKernel/Typed/Transition.lean:244:6: `rename_i args`
modifies the current goal, which was modified by the flexible tactic `simp_all` on line 239!
warning: DefiKernel/Typed/Transition.lean:239:20: `simp_all [throw, throwThe]` is a flexible tactic modifying `⊢`. Try `simp_all?` and use the suggested `simp_all only [...]`. Alternatively, use `suffices` to explicitly state the simplified form.

Note: This linter can be disabled with `set_option linter.flexible false`
info: DefiKernel/Typed/Transition.lean:239:20: Try this:
  [apply] simp_all only [Option.some.injEq, false_or, Prod.forall]
info: DefiKernel/Typed/Transition.lean:244:6: `rename_i args`
modifies the current goal, which was modified by the flexible tactic `simp_all` on line 239!
⚠ [926/934] Replayed DefiKernel.Nary.Schedule
warning: DefiKernel/Nary/Schedule.lean:162:24: This simp argument is unused:
  Nat.add_assoc

Hint: Omit it from the simp argument list.
  [apply] simp [hbeq, hmem, Nat.add_left_comm, Nat.add_comm]

Note: This linter can be disabled with `set_option linter.unusedSimpArgs false`
warning: DefiKernel/Nary/Schedule.lean:263:2: `simp [admit, hv, ha, bind, Except.bind, pure, Except.pure]` is a flexible tactic modifying `⊢`. Try `simp?` and use the suggested `simp only [...]`. Alternatively, use `suffices` to explicitly state the simplified form.

Note: This linter can be disabled with `set_option linter.flexible false`
info: DefiKernel/Nary/Schedule.lean:264:2: `rw [hs']`
modifies the current goal, which was modified by the flexible tactic `simp` on line 263!
✖ [934/934] Building DefiKernel.Nary.Causal (1.3s)
trace: .> LEAN_PATH=/home/charl/.cache/defiformal-sprint11-builds/causal/.lake/packages/Cli/.lake/build/lib/lean:/home/charl/.cache/defiformal-sprint11-builds/causal/.lake/packages/batteries/.lake/build/lib/lean:/home/charl/.cache/defiformal-sprint11-builds/causal/.lake/packages/Qq/.lake/build/lib/lean:/home/charl/.cache/defiformal-sprint11-builds/causal/.lake/packages/aesop/.lake/build/lib/lean:/home/charl/.cache/defiformal-sprint11-builds/causal/.lake/packages/proofwidgets/.lake/build/lib/lean:/home/charl/.cache/defiformal-sprint11-builds/causal/.lake/packages/importGraph/.lake/build/lib/lean:/home/charl/.cache/defiformal-sprint11-builds/causal/.lake/packages/LeanSearchClient/.lake/build/lib/lean:/home/charl/.cache/defiformal-sprint11-builds/causal/.lake/packages/plausible/.lake/build/lib/lean:/home/charl/.cache/defiformal-sprint11-builds/causal/.lake/packages/mathlib/.lake/build/lib/lean:/home/charl/.cache/defiformal-sprint11-builds/causal/.lake/build/lib/lean /home/charl/.elan/toolchains/leanprover--lean4---v4.33.0-rc2/bin/lean /home/charl/.cache/defiformal-sprint11-builds/causal/DefiKernel/Nary/Causal.lean -o /home/charl/.cache/defiformal-sprint11-builds/causal/.lake/build/lib/lean/DefiKernel/Nary/Causal.olean -i /home/charl/.cache/defiformal-sprint11-builds/causal/.lake/build/lib/lean/DefiKernel/Nary/Causal.ilean -c /home/charl/.cache/defiformal-sprint11-builds/causal/.lake/build/ir/DefiKernel/Nary/Causal.c --setup /home/charl/.cache/defiformal-sprint11-builds/causal/.lake/build/ir/DefiKernel/Nary/Causal.setup.json --json
error: DefiKernel/Nary/Causal.lean:216:54: unsolved goals
B P A D : Type
inst✝⁶ : DecidableEq B
inst✝⁵ : DecidableEq P
inst✝⁴ : DecidableEq A
inst✝³ : DecidableEq D
inst✝² : Fintype P
inst✝¹ : Fintype A
inst✝ : Fintype D
cfg : Config P A D
boundaries : Boundaries B P A D
branches : Branches B P A D
m : Machine B P A D
b : B
h : (m.locals b).failure.isSome = true
⊢ (if True then m.skip b
    else
      match (branches b)[(m.locals b).consumed]? with
      | none => m.skip b
      | some inv =>
        match
          executeStep cfg (boundaries b (m.locals b).nextIndex) (m.locals b).nextIndex (m.locals b).outputs
            (Step.invoke inv) m.world with
        | Except.error reason => m.refuse b inv reason
        | Except.ok result => m.accept b inv result) =
    m.skip b
error: DefiKernel/Nary/Causal.lean:223:54: unsolved goals
B P A D : Type
inst✝⁶ : DecidableEq B
inst✝⁵ : DecidableEq P
inst✝⁴ : DecidableEq A
inst✝³ : DecidableEq D
inst✝² : Fintype P
inst✝¹ : Fintype A
inst✝ : Fintype D
cfg : Config P A D
boundaries : Boundaries B P A D
branches : Branches B P A D
m : Machine B P A D
b : B
active : (m.locals b).failure = none
absent : (branches b)[(m.locals b).consumed]? = none
hnone : (m.locals b).failure.isSome = false
⊢ (if false = true then m.skip b else m.skip b) = m.skip b
error: DefiKernel/Nary/Causal.lean:234:67: unsolved goals
B P A D : Type
inst✝⁶ : DecidableEq B
inst✝⁵ : DecidableEq P
inst✝⁴ : DecidableEq A
inst✝³ : DecidableEq D
inst✝² : Fintype P
inst✝¹ : Fintype A
inst✝ : Fintype D
cfg : Config P A D
boundaries : Boundaries B P A D
branches : Branches B P A D
m : Machine B P A D
b : B
inv : Invocation P A D
reason : Failure
active : (m.locals b).failure = none
selected : (branches b)[(m.locals b).consumed]? = some inv
rejected :
  executeStep cfg (boundaries b (m.locals b).nextIndex) (m.locals b).nextIndex (m.locals b).outputs (Step.invoke inv)
      m.world =
    Except.error reason
hnone : (m.locals b).failure.isSome = false
⊢ (if false = true then m.skip b else m.refuse b inv reason) = m.refuse b inv reason
error: DefiKernel/Nary/Causal.lean:245:67: unsolved goals
B P A D : Type
inst✝⁶ : DecidableEq B
inst✝⁵ : DecidableEq P
inst✝⁴ : DecidableEq A
inst✝³ : DecidableEq D
inst✝² : Fintype P
inst✝¹ : Fintype A
inst✝ : Fintype D
cfg : Config P A D
boundaries : Boundaries B P A D
branches : Branches B P A D
m : Machine B P A D
b : B
inv : Invocation P A D
result : StepResult P A D
active : (m.locals b).failure = none
selected : (branches b)[(m.locals b).consumed]? = some inv
executed :
  executeStep cfg (boundaries b (m.locals b).nextIndex) (m.locals b).nextIndex (m.locals b).outputs (Step.invoke inv)
      m.world =
    Except.ok result
hnone : (m.locals b).failure.isSome = false
⊢ (if false = true then m.skip b else m.accept b inv result) = m.accept b inv result
error: DefiKernel/Nary/Causal.lean:360:4: Dependent elimination failed: Failed to solve equation
  Decidable.rec
      (fun h ↦
        (fun x ↦
            match (branches b)[(m.locals b).consumed]? with
            | none => m.skip b
            | some inv =>
              have outcome :=
                executeStep cfg (boundaries b (m.locals b).nextIndex) (m.locals b).nextIndex (m.locals b).outputs
                  (Step.invoke inv) m.world;
              match outcome with
              | Except.error reason => m.refuse b inv reason
              | Except.ok result => m.accept b inv result)
          h)
      (fun h ↦ (fun x ↦ m.skip b) h) (instDecidableEqBool (m.locals b).failure.isSome true) =
    { world := m.world,
      locals := fun peer ↦
        if peer = b then
          { consumed := (m.locals b).consumed + 1, events := (m.locals b).events, outputs := (m.locals b).outputs,
            nextIndex := (m.locals b).nextIndex, failure := (m.locals b).failure }
        else m.locals peer,
      attempts := m.attempts }
error: DefiKernel/Nary/Causal.lean:406:6: Tactic `rewrite` failed: Did not find an occurrence of the pattern
  q'
in the target expression
  final =
    continueMonitored cfg boundaries branches update
      (update q
          { participant := b, boundary := boundaries b (m.locals b).nextIndex, before := m, after := m.skip b,
            attempt := none },
        m.skip b)
      rest

case skip
B P A D : Type
inst✝⁶ : DecidableEq B
inst✝⁵ : DecidableEq P
inst✝⁴ : DecidableEq A
inst✝³ : DecidableEq D
inst✝² : Fintype P
inst✝¹ : Fintype A
inst✝ : Fintype D
Q : Type
cfg : Config P A D
boundaries : Boundaries B P A D
branches : Branches B P A D
update : Q → MonitorInput B P A D → Q
entry : Q × Machine B P A D
schedule : Schedule B
result : Q × Machine B P A D
q : Q
m : Machine B P A D
q' : Q
rest : Schedule B
final : Q × Machine B P A D
b : B
base : AdvanceSound cfg boundaries branches m b (m.skip b)
none_attempt : (m.skip b).attempts[m.attempts.length]? = none
updated :
  q' =
    update q
      { participant := b, boundary := boundaries b (m.locals b).nextIndex, before := m, after := m.skip b,
        attempt := none }
tail : Replay cfg boundaries branches update (q', m.skip b) rest final
ih : final = continueMonitored cfg boundaries branches update (q', m.skip b) rest
hadv : advance cfg boundaries branches m b = m.skip b
⊢ final =
    continueMonitored cfg boundaries branches update
      (update q
          { participant := b, boundary := boundaries b (m.locals b).nextIndex, before := m, after := m.skip b,
            attempt := none },
        m.skip b)
      rest
error: DefiKernel/Nary/Causal.lean:411:84: Tactic `rewrite` failed: Did not find an occurrence of the pattern
  q'
in the target expression
  final =
    continueMonitored cfg boundaries branches update
      (update q
          { participant := b, boundary := boundaries b (m.locals b).nextIndex, before := m,
            after := m.refuse b inv reason,
            attempt :=
              some
                { participant := b, index := (m.locals b).nextIndex, invocation := inv, before := m.world,
                  outcome := Except.error reason } },
        m.refuse b inv reason)
      rest

case refuse
B P A D : Type
inst✝⁶ : DecidableEq B
inst✝⁵ : DecidableEq P
inst✝⁴ : DecidableEq A
inst✝³ : DecidableEq D
inst✝² : Fintype P
inst✝¹ : Fintype A
inst✝ : Fintype D
Q : Type
cfg : Config P A D
boundaries : Boundaries B P A D
branches : Branches B P A D
update : Q → MonitorInput B P A D → Q
entry : Q × Machine B P A D
schedule : Schedule B
result : Q × Machine B P A D
q : Q
m : Machine B P A D
q' : Q
rest : Schedule B
final : Q × Machine B P A D
b : B
inv : Invocation P A D
reason : Failure
base : AdvanceSound cfg boundaries branches m b (m.refuse b inv reason)
error_attempt :
  (m.refuse b inv reason).attempts[m.attempts.length]? =
    some
      { participant := b, index := (m.locals b).nextIndex, invocation := inv, before := m.world,
        outcome := Except.error reason }
updated :
  q' =
    update q
      { participant := b, boundary := boundaries b (m.locals b).nextIndex, before := m, after := m.refuse b inv reason,
        attempt :=
          some
            { participant := b, index := (m.locals b).nextIndex, invocation := inv, before := m.world,
              outcome := Except.error reason } }
tail : Replay cfg boundaries branches update (q', m.refuse b inv reason) rest final
ih : final = continueMonitored cfg boundaries branches update (q', m.refuse b inv reason) rest
hadv : advance cfg boundaries branches m b = m.refuse b inv reason
⊢ final =
    continueMonitored cfg boundaries branches update
      (update q
          { participant := b, boundary := boundaries b (m.locals b).nextIndex, before := m,
            after := m.refuse b inv reason,
            attempt :=
              some
                { participant := b, index := (m.locals b).nextIndex, invocation := inv, before := m.world,
                  outcome := Except.error reason } },
        m.refuse b inv reason)
      rest
error: DefiKernel/Nary/Causal.lean:416:85: Tactic `rewrite` failed: Did not find an occurrence of the pattern
  q'
in the target expression
  final =
    continueMonitored cfg boundaries branches update
      (update q
          { participant := b, boundary := boundaries b (m.locals b).nextIndex, before := m,
            after := m.accept b inv result',
            attempt :=
              some
                { participant := b, index := (m.locals b).nextIndex, invocation := inv, before := m.world,
                  outcome := Except.ok result' } },
        m.accept b inv result')
      rest

case accept
B P A D : Type
inst✝⁶ : DecidableEq B
inst✝⁵ : DecidableEq P
inst✝⁴ : DecidableEq A
inst✝³ : DecidableEq D
inst✝² : Fintype P
inst✝¹ : Fintype A
inst✝ : Fintype D
Q : Type
cfg : Config P A D
boundaries : Boundaries B P A D
branches : Branches B P A D
update : Q → MonitorInput B P A D → Q
entry : Q × Machine B P A D
schedule : Schedule B
result : Q × Machine B P A D
q : Q
m : Machine B P A D
q' : Q
rest : Schedule B
final : Q × Machine B P A D
b : B
inv : Invocation P A D
result' : StepResult P A D
base : AdvanceSound cfg boundaries branches m b (m.accept b inv result')
ok_attempt :
  (m.accept b inv result').attempts[m.attempts.length]? =
    some
      { participant := b, index := (m.locals b).nextIndex, invocation := inv, before := m.world,
        outcome := Except.ok result' }
updated :
  q' =
    update q
      { participant := b, boundary := boundaries b (m.locals b).nextIndex, before := m, after := m.accept b inv result',
        attempt :=
          some
            { participant := b, index := (m.locals b).nextIndex, invocation := inv, before := m.world,
              outcome := Except.ok result' } }
tail : Replay cfg boundaries branches update (q', m.accept b inv result') rest final
ih : final = continueMonitored cfg boundaries branches update (q', m.accept b inv result') rest
hadv : advance cfg boundaries branches m b = m.accept b inv result'
⊢ final =
    continueMonitored cfg boundaries branches update
      (update q
          { participant := b, boundary := boundaries b (m.locals b).nextIndex, before := m,
            after := m.accept b inv result',
            attempt :=
              some
                { participant := b, index := (m.locals b).nextIndex, invocation := inv, before := m.world,
                  outcome := Except.ok result' } },
        m.accept b inv result')
      rest
error: DefiKernel/Nary/Causal.lean:502:2: Dependent elimination failed: Failed to solve equation
  Decidable.rec
      (fun h ↦
        (fun x ↦
            match (branches b)[(m.locals b).consumed]? with
            | none => m.skip b
            | some inv =>
              have outcome :=
                executeStep cfg (boundaries b (m.locals b).nextIndex) (m.locals b).nextIndex (m.locals b).outputs
                  (Step.invoke inv) m.world;
              match outcome with
              | Except.error reason => m.refuse b inv reason
              | Except.ok result => m.accept b inv result)
          h)
      (fun h ↦ (fun x ↦ m.skip b) h) (instDecidableEqBool (m.locals b).failure.isSome true) =
    { world := m.world,
      locals := fun peer ↦
        if peer = b then
          { consumed := (m.locals b).consumed + 1, events := (m.locals b).events, outputs := (m.locals b).outputs,
            nextIndex := (m.locals b).nextIndex, failure := (m.locals b).failure }
        else m.locals peer,
      attempts := m.attempts }
error: Lean exited with code 1
Some required targets logged failures:
- DefiKernel.Nary.Causal
