AXIOM AUDIT scope: imported module prefix DefiKernel.Interface; modules=[DefiKernel.Interface.Examples,
 DefiKernel.Interface.Regions,
 DefiKernel.Interface.Bindings,
 DefiKernel.Interface.Tests,
 DefiKernel.Interface.Audit,
 DefiKernel.Interface.Accounting,
 DefiKernel.Interface.AccountingInterleaving,
 DefiKernel.Interface.BindingResolution,
 DefiKernel.Interface.BindingPreservation,
 DefiKernel.Interface.Preservation,
 DefiKernel.Interface.TypedPreservation,
 DefiKernel.Interface.BindingTransport,
 DefiKernel.Interface.Fixtures]
AXIOM AUDIT theorem: DefiKernel.Interface.advance_accounting_suffix; module=DefiKernel.Interface.Accounting; axioms=[propext,
 Classical.choice,
 Quot.sound]
AXIOM AUDIT theorem: DefiKernel.Interface.advance_preserves; module=DefiKernel.Interface.Preservation; axioms=[propext,
 Classical.choice,
 Quot.sound]
AXIOM AUDIT theorem: DefiKernel.Interface.agrees_append; module=DefiKernel.Interface.Bindings; axioms=[propext,
 Quot.sound]
AXIOM AUDIT theorem: DefiKernel.Interface.agrees_assoc; module=DefiKernel.Interface.Bindings; axioms=[propext,
 Quot.sound]
AXIOM AUDIT theorem: DefiKernel.Interface.agrees_cons; module=DefiKernel.Interface.Bindings; axioms=[propext,
 Quot.sound]
AXIOM AUDIT theorem: DefiKernel.Interface.agrees_duplicate; module=DefiKernel.Interface.Bindings; axioms=[propext,
 Quot.sound]
AXIOM AUDIT theorem: DefiKernel.Interface.agrees_nil; module=DefiKernel.Interface.Bindings; axioms=[propext, Quot.sound]
AXIOM AUDIT theorem: DefiKernel.Interface.agrees_of_symClosure_eq; module=DefiKernel.Interface.Bindings; axioms=[propext,
 Classical.choice,
 Quot.sound]
AXIOM AUDIT theorem: DefiKernel.Interface.agrees_perm; module=DefiKernel.Interface.Bindings; axioms=[propext,
 Quot.sound]
AXIOM AUDIT theorem: DefiKernel.Interface.agrees_reverse_edges; module=DefiKernel.Interface.Bindings; axioms=[propext,
 Quot.sound]
AXIOM AUDIT theorem: DefiKernel.Interface.agrees_symClosure; module=DefiKernel.Interface.Bindings; axioms=[propext,
 Classical.choice,
 Quot.sound]
AXIOM AUDIT theorem: DefiKernel.Interface.agrees_transitive_extension; module=DefiKernel.Interface.BindingPreservation; axioms=[propext,
 Quot.sound]
AXIOM AUDIT theorem: DefiKernel.Interface.attemptDeltaSum_append; module=DefiKernel.Interface.AccountingInterleaving; axioms=[propext,
 Classical.choice,
 Quot.sound]
AXIOM AUDIT theorem: DefiKernel.Interface.attemptDeltaSum_nil; module=DefiKernel.Interface.AccountingInterleaving; axioms=[propext,
 Classical.choice,
 Quot.sound]
AXIOM AUDIT theorem: DefiKernel.Interface.balanceSum_empty; module=DefiKernel.Interface.Regions; axioms=[propext,
 Classical.choice,
 Quot.sound]
AXIOM AUDIT theorem: DefiKernel.Interface.binding_localPreserves; module=DefiKernel.Interface.Preservation; axioms=[propext,
 Classical.choice,
 Quot.sound]
AXIOM AUDIT theorem: DefiKernel.Interface.bindingsHold_iff; module=DefiKernel.Interface.Bindings; axioms=[propext,
 Quot.sound]
AXIOM AUDIT theorem: DefiKernel.Interface.bindingsHold_perm; module=DefiKernel.Interface.BindingPreservation; axioms=[propext,
 Quot.sound]
AXIOM AUDIT theorem: DefiKernel.Interface.bindingsHold_reverse; module=DefiKernel.Interface.BindingPreservation; axioms=[propext,
 Quot.sound]
AXIOM AUDIT theorem: DefiKernel.Interface.checkBindings_error_iff; module=DefiKernel.Interface.BindingResolution; axioms=[propext,
 Quot.sound]
AXIOM AUDIT theorem: DefiKernel.Interface.checkBindings_first_failure; module=DefiKernel.Interface.BindingResolution; axioms=[propext,
 Quot.sound]
AXIOM AUDIT theorem: DefiKernel.Interface.checkBindings_ok_iff; module=DefiKernel.Interface.Bindings; axioms=[propext,
 Quot.sound]
AXIOM AUDIT theorem: DefiKernel.Interface.checkEdge_error_iff; module=DefiKernel.Interface.BindingResolution; axioms=[propext,
 Quot.sound]
AXIOM AUDIT theorem: DefiKernel.Interface.checkEdge_ok_iff; module=DefiKernel.Interface.Bindings; axioms=[propext,
 Quot.sound]
AXIOM AUDIT theorem: DefiKernel.Interface.checkEdgesFrom_error_iff; module=DefiKernel.Interface.BindingResolution; axioms=[propext,
 Quot.sound]
AXIOM AUDIT theorem: DefiKernel.Interface.checkEdgesFrom_ok_iff; module=DefiKernel.Interface.Bindings; axioms=[propext,
 Quot.sound]
AXIOM AUDIT theorem: DefiKernel.Interface.continueRun_accounting; module=DefiKernel.Interface.Accounting; axioms=[propext,
 Classical.choice,
 Quot.sound]
AXIOM AUDIT theorem: DefiKernel.Interface.continueRun_accounting_suffix; module=DefiKernel.Interface.Accounting; axioms=[propext,
 Classical.choice,
 Quot.sound]
AXIOM AUDIT theorem: DefiKernel.Interface.continueRun_outputs_suffix; module=DefiKernel.Interface.Accounting; axioms=[propext,
 Classical.choice,
 Quot.sound]
AXIOM AUDIT theorem: DefiKernel.Interface.continueRun_preserves; module=DefiKernel.Interface.Preservation; axioms=[propext,
 Classical.choice,
 Quot.sound]
AXIOM AUDIT theorem: DefiKernel.Interface.distinct_exports_nonalias; module=DefiKernel.Interface.BindingResolution; axioms=[propext,
 Quot.sound]
AXIOM AUDIT theorem: DefiKernel.Interface.edgeAgrees_reverse; module=DefiKernel.Interface.Bindings; axioms=[propext,
 Quot.sound]
AXIOM AUDIT theorem: DefiKernel.Interface.edgeAgrees_self; module=DefiKernel.Interface.BindingPreservation; axioms=[propext,
 Quot.sound]
AXIOM AUDIT theorem: DefiKernel.Interface.edgeAgrees_trans; module=DefiKernel.Interface.BindingPreservation; axioms=[propext,
 Quot.sound]
AXIOM AUDIT theorem: DefiKernel.Interface.effectPaired_append; module=DefiKernel.Interface.BindingPreservation; axioms=[propext,
 Classical.choice,
 Quot.sound]
AXIOM AUDIT theorem: DefiKernel.Interface.effectPaired_issued; module=DefiKernel.Interface.BindingPreservation; axioms=[propext,
 Classical.choice,
 Quot.sound]
AXIOM AUDIT theorem: DefiKernel.Interface.effectPaired_perm; module=DefiKernel.Interface.BindingPreservation; axioms=[propext,
 Classical.choice,
 Quot.sound]
AXIOM AUDIT theorem: DefiKernel.Interface.effectPaired_reverse; module=DefiKernel.Interface.BindingPreservation; axioms=[propext,
 Classical.choice,
 Quot.sound]
AXIOM AUDIT theorem: DefiKernel.Interface.effectPaired_revoked; module=DefiKernel.Interface.BindingPreservation; axioms=[propext,
 Classical.choice,
 Quot.sound]
AXIOM AUDIT theorem: DefiKernel.Interface.eventDeltaSum_append; module=DefiKernel.Interface.Accounting; axioms=[propext,
 Classical.choice,
 Quot.sound]
AXIOM AUDIT theorem: DefiKernel.Interface.eventDeltaSum_nil; module=DefiKernel.Interface.Accounting; axioms=[propext,
 Classical.choice,
 Quot.sound]
AXIOM AUDIT theorem: DefiKernel.Interface.exported_cell_unique; module=DefiKernel.Interface.BindingResolution; axioms=[propext,
 Quot.sound]
AXIOM AUDIT theorem: DefiKernel.Interface.find_unique; module=DefiKernel.Interface.BindingResolution; axioms=[propext,
 Quot.sound]
AXIOM AUDIT theorem: DefiKernel.Interface.group_accounting; module=DefiKernel.Interface.Preservation; axioms=[propext,
 Classical.choice,
 Quot.sound]
AXIOM AUDIT theorem: DefiKernel.Interface.group_bindings_preserved; module=DefiKernel.Interface.Preservation; axioms=[propext,
 Classical.choice,
 Quot.sound]
AXIOM AUDIT theorem: DefiKernel.Interface.group_preserves; module=DefiKernel.Interface.Preservation; axioms=[propext,
 Classical.choice,
 Quot.sound]
AXIOM AUDIT theorem: DefiKernel.Interface.group_query_transport; module=DefiKernel.Interface.BindingTransport; axioms=[propext,
 Classical.choice,
 Quot.sound]
AXIOM AUDIT theorem: DefiKernel.Interface.group_total_preserved; module=DefiKernel.Interface.Preservation; axioms=[propext,
 Classical.choice,
 Quot.sound]
AXIOM AUDIT theorem: DefiKernel.Interface.group_typed_total_preserved; module=DefiKernel.Interface.TypedPreservation; axioms=[propext,
 Classical.choice,
 Quot.sound]
AXIOM AUDIT theorem: DefiKernel.Interface.interleaving_advance_accounting_suffix; module=DefiKernel.Interface.AccountingInterleaving; axioms=[propext,
 Classical.choice,
 Quot.sound]
AXIOM AUDIT theorem: DefiKernel.Interface.interleaving_advance_preserves; module=DefiKernel.Interface.Preservation; axioms=[propext,
 Classical.choice,
 Quot.sound]
AXIOM AUDIT theorem: DefiKernel.Interface.interleaving_bindings_preserved; module=DefiKernel.Interface.Preservation; axioms=[propext,
 Classical.choice,
 Quot.sound]
AXIOM AUDIT theorem: DefiKernel.Interface.interleaving_continueRun_accounting; module=DefiKernel.Interface.AccountingInterleaving; axioms=[propext,
 Classical.choice,
 Quot.sound]
AXIOM AUDIT theorem: DefiKernel.Interface.interleaving_continueRun_accounting_suffix; module=DefiKernel.Interface.AccountingInterleaving; axioms=[propext,
 Classical.choice,
 Quot.sound]
AXIOM AUDIT theorem: DefiKernel.Interface.interleaving_continueRun_preserves; module=DefiKernel.Interface.Preservation; axioms=[propext,
 Classical.choice,
 Quot.sound]
AXIOM AUDIT theorem: DefiKernel.Interface.interleaving_prefix_bindings_preserved; module=DefiKernel.Interface.Preservation; axioms=[propext,
 Classical.choice,
 Quot.sound]
AXIOM AUDIT theorem: DefiKernel.Interface.interleaving_prefix_preserves; module=DefiKernel.Interface.Preservation; axioms=[propext,
 Classical.choice,
 Quot.sound]
AXIOM AUDIT theorem: DefiKernel.Interface.interleaving_prefix_query_transport; module=DefiKernel.Interface.BindingTransport; axioms=[propext,
 Classical.choice,
 Quot.sound]
AXIOM AUDIT theorem: DefiKernel.Interface.interleaving_prefix_typed_total_preserved; module=DefiKernel.Interface.TypedPreservation; axioms=[propext,
 Classical.choice,
 Quot.sound]
AXIOM AUDIT theorem: DefiKernel.Interface.interleaving_runPrefix_accounting; module=DefiKernel.Interface.AccountingInterleaving; axioms=[propext,
 Classical.choice,
 Quot.sound]
AXIOM AUDIT theorem: DefiKernel.Interface.interleaving_total_preserved; module=DefiKernel.Interface.Preservation; axioms=[propext,
 Classical.choice,
 Quot.sound]
AXIOM AUDIT theorem: DefiKernel.Interface.interleaving_typed_total_preserved; module=DefiKernel.Interface.TypedPreservation; axioms=[propext,
 Classical.choice,
 Quot.sound]
AXIOM AUDIT theorem: DefiKernel.Interface.issue_region_unchanged; module=DefiKernel.Interface.Accounting; axioms=[propext,
 Classical.choice,
 Quot.sound]
AXIOM AUDIT theorem: DefiKernel.Interface.localBindings_append; module=DefiKernel.Interface.BindingTransport; axioms=[propext,
 Classical.choice,
 Quot.sound]
AXIOM AUDIT theorem: DefiKernel.Interface.localBindings_assoc; module=DefiKernel.Interface.BindingTransport; axioms=[propext,
 Classical.choice,
 Quot.sound]
AXIOM AUDIT theorem: DefiKernel.Interface.localBindings_duplicate; module=DefiKernel.Interface.BindingTransport; axioms=[propext,
 Classical.choice,
 Quot.sound]
AXIOM AUDIT theorem: DefiKernel.Interface.localBindings_perm; module=DefiKernel.Interface.BindingTransport; axioms=[propext,
 Classical.choice,
 Quot.sound]
AXIOM AUDIT theorem: DefiKernel.Interface.localBindings_reverse; module=DefiKernel.Interface.BindingTransport; axioms=[propext,
 Classical.choice,
 Quot.sound]
AXIOM AUDIT theorem: DefiKernel.Interface.localBindings_symClosure; module=DefiKernel.Interface.BindingTransport; axioms=[propext,
 Classical.choice,
 Quot.sound]
AXIOM AUDIT theorem: DefiKernel.Interface.localPreserves_and; module=DefiKernel.Interface.BindingTransport; axioms=[propext,
 Classical.choice,
 Quot.sound]
AXIOM AUDIT theorem: DefiKernel.Interface.localPreserves_equiv; module=DefiKernel.Interface.BindingTransport; axioms=[propext,
 Classical.choice,
 Quot.sound]
AXIOM AUDIT theorem: DefiKernel.Interface.receiptCellEffect_eq_receiptEffect; module=DefiKernel.Interface.Regions; axioms=[propext,
 Classical.choice,
 Quot.sound]
AXIOM AUDIT theorem: DefiKernel.Interface.receiptCellEffect_issued; module=DefiKernel.Interface.Regions; axioms=[propext,
 Classical.choice,
 Quot.sound]
AXIOM AUDIT theorem: DefiKernel.Interface.receiptCellEffect_revoked; module=DefiKernel.Interface.Regions; axioms=[propext,
 Classical.choice,
 Quot.sound]
AXIOM AUDIT theorem: DefiKernel.Interface.receiptDelta_empty; module=DefiKernel.Interface.Regions; axioms=[propext,
 Classical.choice,
 Quot.sound]
AXIOM AUDIT theorem: DefiKernel.Interface.receiptDelta_eq_inter; module=DefiKernel.Interface.Accounting; axioms=[propext,
 Classical.choice,
 Quot.sound]
AXIOM AUDIT theorem: DefiKernel.Interface.receiptDelta_issued; module=DefiKernel.Interface.Regions; axioms=[propext,
 Classical.choice,
 Quot.sound]
AXIOM AUDIT theorem: DefiKernel.Interface.receiptDelta_revoked; module=DefiKernel.Interface.Regions; axioms=[propext,
 Classical.choice,
 Quot.sound]
AXIOM AUDIT theorem: DefiKernel.Interface.region_localPreserves; module=DefiKernel.Interface.Preservation; axioms=[propext,
 Classical.choice,
 Quot.sound]
AXIOM AUDIT theorem: DefiKernel.Interface.resolveExport_iff; module=DefiKernel.Interface.BindingResolution; axioms=[propext,
 Quot.sound]
AXIOM AUDIT theorem: DefiKernel.Interface.resolveExport_of_member; module=DefiKernel.Interface.BindingResolution; axioms=[propext,
 Quot.sound]
AXIOM AUDIT theorem: DefiKernel.Interface.resolveExport_witness; module=DefiKernel.Interface.BindingResolution; axioms=[propext]
AXIOM AUDIT theorem: DefiKernel.Interface.resolved_names_unique; module=DefiKernel.Interface.BindingResolution; axioms=[propext,
 Quot.sound]
AXIOM AUDIT theorem: DefiKernel.Interface.revoke_region_unchanged; module=DefiKernel.Interface.Accounting; axioms=[propext,
 Classical.choice,
 Quot.sound]
AXIOM AUDIT theorem: DefiKernel.Interface.run_preserves; module=DefiKernel.Interface.Preservation; axioms=[propext,
 Classical.choice,
 Quot.sound]
AXIOM AUDIT theorem: DefiKernel.Interface.selected_invocation_allowed; module=DefiKernel.Interface.Preservation; axioms=[propext]
AXIOM AUDIT theorem: DefiKernel.Interface.sequential_bindings_preserved; module=DefiKernel.Interface.Preservation; axioms=[propext,
 Classical.choice,
 Quot.sound]
AXIOM AUDIT theorem: DefiKernel.Interface.sequential_ghost_total_preserved; module=DefiKernel.Interface.Preservation; axioms=[propext,
 Classical.choice,
 Quot.sound]
AXIOM AUDIT theorem: DefiKernel.Interface.sequential_prefix_bindings_preserved; module=DefiKernel.Interface.Preservation; axioms=[propext,
 Classical.choice,
 Quot.sound]
AXIOM AUDIT theorem: DefiKernel.Interface.sequential_prefix_preserves; module=DefiKernel.Interface.Preservation; axioms=[propext,
 Classical.choice,
 Quot.sound]
AXIOM AUDIT theorem: DefiKernel.Interface.sequential_prefix_query_transport; module=DefiKernel.Interface.BindingTransport; axioms=[propext,
 Classical.choice,
 Quot.sound]
AXIOM AUDIT theorem: DefiKernel.Interface.sequential_prefix_typed_total_preserved; module=DefiKernel.Interface.TypedPreservation; axioms=[propext,
 Classical.choice,
 Quot.sound]
AXIOM AUDIT theorem: DefiKernel.Interface.sequential_total_preserved; module=DefiKernel.Interface.Preservation; axioms=[propext,
 Classical.choice,
 Quot.sound]
AXIOM AUDIT theorem: DefiKernel.Interface.sequential_typed_total_preserved; module=DefiKernel.Interface.TypedPreservation; axioms=[propext,
 Classical.choice,
 Quot.sound]
AXIOM AUDIT theorem: DefiKernel.Interface.step_binding_framed; module=DefiKernel.Interface.BindingPreservation; axioms=[propext,
 Classical.choice,
 Quot.sound]
AXIOM AUDIT theorem: DefiKernel.Interface.step_binding_preserved; module=DefiKernel.Interface.BindingPreservation; axioms=[propext,
 Classical.choice,
 Quot.sound]
AXIOM AUDIT theorem: DefiKernel.Interface.step_bindingsHold_preserved; module=DefiKernel.Interface.BindingPreservation; axioms=[propext,
 Classical.choice,
 Quot.sound]
AXIOM AUDIT theorem: DefiKernel.Interface.step_effect_outside; module=DefiKernel.Interface.Accounting; axioms=[propext,
 Classical.choice,
 Quot.sound]
AXIOM AUDIT theorem: DefiKernel.Interface.step_effect_outside_writes; module=DefiKernel.Interface.Accounting; axioms=[propext,
 Classical.choice,
 Quot.sound]
AXIOM AUDIT theorem: DefiKernel.Interface.step_receipt_cell; module=DefiKernel.Interface.Accounting; axioms=[propext,
 Classical.choice,
 Quot.sound]
AXIOM AUDIT theorem: DefiKernel.Interface.step_receipt_region; module=DefiKernel.Interface.Accounting; axioms=[propext,
 Classical.choice,
 Quot.sound]
AXIOM AUDIT theorem: DefiKernel.Interface.step_region_neutral; module=DefiKernel.Interface.Accounting; axioms=[propext,
 Classical.choice,
 Quot.sound]
AXIOM AUDIT theorem: DefiKernel.Interface.step_total_preserved; module=DefiKernel.Interface.Accounting; axioms=[propext,
 Classical.choice,
 Quot.sound]
AXIOM AUDIT theorem: DefiKernel.Interface.step_typed_total_preserved; module=DefiKernel.Interface.TypedPreservation; axioms=[propext,
 Classical.choice,
 Quot.sound]
AXIOM AUDIT theorem: DefiKernel.Interface.step_value_frame; module=DefiKernel.Interface.Accounting; axioms=[propext,
 Classical.choice,
 Quot.sound]
AXIOM AUDIT theorem: DefiKernel.Interface.symClosure_transitive_extension_ne; module=DefiKernel.Interface.BindingPreservation; axioms=[propext,
 Classical.choice,
 Quot.sound]
AXIOM AUDIT theorem: DefiKernel.Interface.typed_total_localPreserves; module=DefiKernel.Interface.TypedPreservation; axioms=[propext,
 Classical.choice,
 Quot.sound]
AXIOM AUDIT theorem: DefiKernel.Interface.valid_component_ids; module=DefiKernel.Interface.BindingResolution; axioms=[propext]
AXIOM AUDIT theorem: DefiKernel.Interface.valid_export_ids; module=DefiKernel.Interface.BindingResolution; axioms=[propext,
 Quot.sound]
AXIOM AUDIT theorem: DefiKernel.Interface.valid_import_resolution; module=DefiKernel.Interface.BindingResolution; axioms=[propext,
 Quot.sound]
AXIOM AUDIT theorem: DefiKernel.Interface.valueSupports_const; module=DefiKernel.Interface.Regions; axioms=[propext,
 Quot.sound]
AXIOM AUDIT theorem: DefiKernel.Atomic.receiptEffect.congr_simp; module=DefiKernel.Interface.Regions; axioms=[propext,
 Classical.choice,
 Quot.sound]
AXIOM AUDIT theorem: DefiKernel.Interface.Agrees.eq_1; module=DefiKernel.Interface.Bindings; axioms=[propext,
 Quot.sound]
AXIOM AUDIT theorem: DefiKernel.Interface.EdgeAgrees.eq_1; module=DefiKernel.Interface.Bindings; axioms=[propext,
 Quot.sound]
AXIOM AUDIT theorem: DefiKernel.Interface.EdgeFailureAt.eq_1; module=DefiKernel.Interface.BindingResolution; axioms=[propext,
 Quot.sound]
AXIOM AUDIT theorem: DefiKernel.Interface.EffectPaired.eq_1; module=DefiKernel.Interface.BindingPreservation; axioms=[propext,
 Classical.choice,
 Quot.sound]
AXIOM AUDIT theorem: DefiKernel.Interface.EndpointSide.ofNat_ctorIdx; module=DefiKernel.Interface.Bindings; axioms=[]
AXIOM AUDIT theorem: DefiKernel.Interface.Fixtures.catalog_valid; module=DefiKernel.Interface.Fixtures; axioms=[propext,
 Quot.sound]
AXIOM AUDIT theorem: DefiKernel.Interface.Fixtures.duplicate_region_set_semantics; module=DefiKernel.Interface.Fixtures; axioms=[propext,
 Classical.choice,
 Quot.sound]
AXIOM AUDIT theorem: DefiKernel.Interface.Fixtures.f01_actual_execution; module=DefiKernel.Interface.Fixtures; axioms=[propext,
 Classical.choice,
 Quot.sound]
AXIOM AUDIT theorem: DefiKernel.Interface.Fixtures.f05_every_prefix; module=DefiKernel.Interface.Fixtures; axioms=[propext,
 Classical.choice,
 Quot.sound]
AXIOM AUDIT theorem: DefiKernel.Interface.Fixtures.f05_initialized; module=DefiKernel.Interface.Fixtures; axioms=[propext,
 Classical.choice,
 Quot.sound]
AXIOM AUDIT theorem: DefiKernel.Interface.Fixtures.f05_local_rule; module=DefiKernel.Interface.Fixtures; axioms=[propext,
 Classical.choice,
 Quot.sound]
AXIOM AUDIT theorem: DefiKernel.Interface.Fixtures.f05_obligations; module=DefiKernel.Interface.Fixtures; axioms=[propext,
 Classical.choice,
 Quot.sound]
AXIOM AUDIT theorem: DefiKernel.Interface.Fixtures.f06_actual_execution; module=DefiKernel.Interface.Fixtures; axioms=[propext,
 Classical.choice,
 Quot.sound]
AXIOM AUDIT theorem: DefiKernel.Interface.Fixtures.f06_actual_post_values; module=DefiKernel.Interface.Fixtures; axioms=[propext,
 Classical.choice,
 Quot.sound]
AXIOM AUDIT theorem: DefiKernel.Interface.Fixtures.f06_initialized; module=DefiKernel.Interface.Fixtures; axioms=[propext,
 Classical.choice,
 Quot.sound]
AXIOM AUDIT theorem: DefiKernel.Interface.Fixtures.f06_missing_support_exclusion; module=DefiKernel.Interface.Fixtures; axioms=[propext,
 Classical.choice,
 Quot.sound]
AXIOM AUDIT theorem: DefiKernel.Interface.Fixtures.f06_region_neutral; module=DefiKernel.Interface.Fixtures; axioms=[propext,
 Classical.choice,
 Quot.sound]
AXIOM AUDIT theorem: DefiKernel.Interface.Fixtures.f06_write_confined; module=DefiKernel.Interface.Fixtures; axioms=[propext,
 Classical.choice,
 Quot.sound]
AXIOM AUDIT theorem: DefiKernel.Interface.Fixtures.f07_actual_execution; module=DefiKernel.Interface.Fixtures; axioms=[propext,
 Classical.choice,
 Quot.sound]
AXIOM AUDIT theorem: DefiKernel.Interface.Fixtures.f07_group_initialized_preservation; module=DefiKernel.Interface.Fixtures; axioms=[propext,
 Classical.choice,
 Quot.sound]
AXIOM AUDIT theorem: DefiKernel.Interface.Fixtures.f07_initialized; module=DefiKernel.Interface.Fixtures; axioms=[propext,
 Classical.choice,
 Quot.sound]
AXIOM AUDIT theorem: DefiKernel.Interface.Fixtures.f07_local_rule; module=DefiKernel.Interface.Fixtures; axioms=[propext,
 Classical.choice,
 Quot.sound]
AXIOM AUDIT theorem: DefiKernel.Interface.Fixtures.f10_all_state_equivalence; module=DefiKernel.Interface.Fixtures; axioms=[propext,
 Quot.sound]
AXIOM AUDIT theorem: DefiKernel.Interface.Fixtures.f10_distinct_symmetric_closures; module=DefiKernel.Interface.Fixtures; axioms=[propext,
 Classical.choice,
 Quot.sound]
AXIOM AUDIT theorem: DefiKernel.Interface.Fixtures.fixed_ghost_missing_initialization; module=DefiKernel.Interface.Fixtures; axioms=[propext,
 Classical.choice,
 Quot.sound]
AXIOM AUDIT theorem: DefiKernel.Interface.Fixtures.mixed_region_not_wellFormed; module=DefiKernel.Interface.Fixtures; axioms=[propext,
 Classical.choice,
 Quot.sound]
AXIOM AUDIT theorem: DefiKernel.Interface.Fixtures.outcomeEq_sound; module=DefiKernel.Interface.Fixtures; axioms=[propext,
 Classical.choice,
 Quot.sound]
AXIOM AUDIT theorem: DefiKernel.Interface.Fixtures.paired_effects; module=DefiKernel.Interface.Fixtures; axioms=[propext,
 Classical.choice,
 Quot.sound]
AXIOM AUDIT theorem: DefiKernel.Interface.Fixtures.paired_nonzero_effects; module=DefiKernel.Interface.Fixtures; axioms=[propext,
 Classical.choice,
 Quot.sound]
AXIOM AUDIT theorem: DefiKernel.Interface.Fixtures.paired_receipt; module=DefiKernel.Interface.Fixtures; axioms=[propext,
 Classical.choice,
 Quot.sound]
AXIOM AUDIT theorem: DefiKernel.Interface.Fixtures.region_wellFormed; module=DefiKernel.Interface.Fixtures; axioms=[propext,
 Classical.choice,
 Quot.sound]
AXIOM AUDIT theorem: DefiKernel.Interface.Fixtures.resultEq_sound; module=DefiKernel.Interface.Fixtures; axioms=[propext,
 Classical.choice,
 Quot.sound]
AXIOM AUDIT theorem: DefiKernel.Interface.Fixtures.total_value_supported; module=DefiKernel.Interface.Fixtures; axioms=[propext,
 Quot.sound]
AXIOM AUDIT theorem: DefiKernel.Interface.Fixtures.transfer_confined; module=DefiKernel.Interface.Fixtures; axioms=[propext,
 Classical.choice,
 Quot.sound]
AXIOM AUDIT theorem: DefiKernel.Interface.Fixtures.transfer_neutral; module=DefiKernel.Interface.Fixtures; axioms=[propext,
 Classical.choice,
 Quot.sound]
AXIOM AUDIT theorem: DefiKernel.Interface.Fixtures.transfer_receipt; module=DefiKernel.Interface.Fixtures; axioms=[propext,
 Classical.choice,
 Quot.sound]
AXIOM AUDIT theorem: DefiKernel.Interface.Fixtures.transfer_total_separate; module=DefiKernel.Interface.Fixtures; axioms=[propext,
 Quot.sound]
AXIOM AUDIT theorem: DefiKernel.Interface.Fixtures.worldEq_sound; module=DefiKernel.Interface.Fixtures; axioms=[propext,
 Classical.choice,
 Quot.sound]
AXIOM AUDIT theorem: DefiKernel.Interface.WritesWithin.eq_1; module=DefiKernel.Interface.Fixtures; axioms=[propext,
 Classical.choice,
 Quot.sound]
AXIOM AUDIT theorem: DefiKernel.Interface.agrees_duplicate._simp_1_1; module=DefiKernel.Interface.Bindings; axioms=[propext,
 Quot.sound]
AXIOM AUDIT theorem: DefiKernel.Interface.agrees_symClosure._simp_1_1; module=DefiKernel.Interface.Bindings; axioms=[propext,
 Classical.choice,
 Quot.sound]
AXIOM AUDIT theorem: DefiKernel.Interface.agrees_transitive_extension._simp_1_1; module=DefiKernel.Interface.BindingPreservation; axioms=[propext,
 Quot.sound]
AXIOM AUDIT theorem: DefiKernel.Interface.attemptDelta.congr_simp; module=DefiKernel.Interface.AccountingInterleaving; axioms=[propext,
 Classical.choice,
 Quot.sound]
AXIOM AUDIT theorem: DefiKernel.Interface.attemptDelta.eq_1; module=DefiKernel.Interface.AccountingInterleaving; axioms=[propext,
 Classical.choice,
 Quot.sound]
AXIOM AUDIT theorem: DefiKernel.Interface.attemptDeltaSum.congr_simp; module=DefiKernel.Interface.AccountingInterleaving; axioms=[propext,
 Classical.choice,
 Quot.sound]
AXIOM AUDIT theorem: DefiKernel.Interface.attemptDeltaSum.eq_1; module=DefiKernel.Interface.AccountingInterleaving; axioms=[propext,
 Classical.choice,
 Quot.sound]
AXIOM AUDIT theorem: DefiKernel.Interface.balanceSum.eq_1; module=DefiKernel.Interface.Regions; axioms=[propext,
 Classical.choice,
 Quot.sound]
AXIOM AUDIT theorem: DefiKernel.Interface.bindingsHold.eq_1; module=DefiKernel.Interface.Bindings; axioms=[propext,
 Quot.sound]
AXIOM AUDIT theorem: DefiKernel.Interface.checkBindings.eq_1; module=DefiKernel.Interface.Bindings; axioms=[propext,
 Quot.sound]
AXIOM AUDIT theorem: DefiKernel.Interface.checkBindings_error_iff._simp_1_1; module=DefiKernel.Interface.BindingResolution; axioms=[propext]
AXIOM AUDIT theorem: DefiKernel.Interface.checkBindings_first_failure._simp_1_1; module=DefiKernel.Interface.BindingResolution; axioms=[propext,
 Quot.sound]
AXIOM AUDIT theorem: DefiKernel.Interface.checkBindings_first_failure._simp_1_2; module=DefiKernel.Interface.BindingResolution; axioms=[propext,
 Quot.sound]
AXIOM AUDIT theorem: DefiKernel.Interface.checkBindings_ok_iff._simp_1_2; module=DefiKernel.Interface.Bindings; axioms=[propext,
 Quot.sound]
AXIOM AUDIT theorem: DefiKernel.Interface.checkEdge.eq_1; module=DefiKernel.Interface.Bindings; axioms=[propext,
 Quot.sound]
AXIOM AUDIT theorem: DefiKernel.Interface.checkEdge_error_iff._simp_1_2; module=DefiKernel.Interface.BindingResolution; axioms=[propext]
AXIOM AUDIT theorem: DefiKernel.Interface.checkEdgesFrom.eq_1; module=DefiKernel.Interface.Bindings; axioms=[propext,
 Quot.sound]
AXIOM AUDIT theorem: DefiKernel.Interface.checkEdgesFrom.eq_2; module=DefiKernel.Interface.Bindings; axioms=[propext,
 Quot.sound]
AXIOM AUDIT theorem: DefiKernel.Interface.checkEdgesFrom.eq_def; module=DefiKernel.Interface.Bindings; axioms=[propext,
 Quot.sound]
AXIOM AUDIT theorem: DefiKernel.Interface.eventDeltaSum.congr_simp; module=DefiKernel.Interface.Accounting; axioms=[propext,
 Classical.choice,
 Quot.sound]
AXIOM AUDIT theorem: DefiKernel.Interface.eventDeltaSum.eq_1; module=DefiKernel.Interface.Accounting; axioms=[propext,
 Classical.choice,
 Quot.sound]
AXIOM AUDIT theorem: DefiKernel.Interface.instDecidableEqEndpointSide._proof_1; module=DefiKernel.Interface.Bindings; axioms=[]
AXIOM AUDIT theorem: DefiKernel.Interface.instDecidableEqEndpointSide._proof_2; module=DefiKernel.Interface.Bindings; axioms=[]
AXIOM AUDIT theorem: DefiKernel.Interface.receiptCellEffect.congr_simp; module=DefiKernel.Interface.Regions; axioms=[propext,
 Classical.choice,
 Quot.sound]
AXIOM AUDIT theorem: DefiKernel.Interface.receiptCellEffect.eq_1; module=DefiKernel.Interface.BindingPreservation; axioms=[propext,
 Classical.choice,
 Quot.sound]
AXIOM AUDIT theorem: DefiKernel.Interface.receiptCellEffect.eq_2; module=DefiKernel.Interface.BindingPreservation; axioms=[propext,
 Classical.choice,
 Quot.sound]
AXIOM AUDIT theorem: DefiKernel.Interface.receiptCellEffect.eq_3; module=DefiKernel.Interface.BindingPreservation; axioms=[propext,
 Classical.choice,
 Quot.sound]
AXIOM AUDIT theorem: DefiKernel.Interface.receiptDelta.congr_simp; module=DefiKernel.Interface.Accounting; axioms=[propext,
 Classical.choice,
 Quot.sound]
AXIOM AUDIT theorem: DefiKernel.Interface.receiptDelta.eq_1; module=DefiKernel.Interface.Regions; axioms=[propext,
 Classical.choice,
 Quot.sound]
AXIOM AUDIT theorem: DefiKernel.Interface.resolveExport.eq_1; module=DefiKernel.Interface.BindingResolution; axioms=[]
AXIOM AUDIT theorem: DefiKernel.Interface.reverseBinding.eq_1; module=DefiKernel.Interface.BindingPreservation; axioms=[]
AXIOM AUDIT theorem: DefiKernel.Interface.symClosure.eq_1; module=DefiKernel.Interface.BindingPreservation; axioms=[propext,
 Classical.choice,
 Quot.sound]
AXIOM AUDIT theorem: DefiKernel.Interface.BindingFailure.assetMismatch.inj; module=DefiKernel.Interface.Bindings; axioms=[]
AXIOM AUDIT theorem: DefiKernel.Interface.BindingFailure.assetMismatch.injEq; module=DefiKernel.Interface.Bindings; axioms=[propext]
AXIOM AUDIT theorem: DefiKernel.Interface.BindingFailure.assetMismatch.sizeOf_spec; module=DefiKernel.Interface.Bindings; axioms=[]
AXIOM AUDIT theorem: DefiKernel.Interface.BindingFailure.configuration.sizeOf_spec; module=DefiKernel.Interface.Bindings; axioms=[]
AXIOM AUDIT theorem: DefiKernel.Interface.BindingFailure.domainMismatch.inj; module=DefiKernel.Interface.Bindings; axioms=[]
AXIOM AUDIT theorem: DefiKernel.Interface.BindingFailure.domainMismatch.injEq; module=DefiKernel.Interface.Bindings; axioms=[propext]
AXIOM AUDIT theorem: DefiKernel.Interface.BindingFailure.domainMismatch.sizeOf_spec; module=DefiKernel.Interface.Bindings; axioms=[]
AXIOM AUDIT theorem: DefiKernel.Interface.BindingFailure.endpoint.inj; module=DefiKernel.Interface.Bindings; axioms=[]
AXIOM AUDIT theorem: DefiKernel.Interface.BindingFailure.endpoint.injEq; module=DefiKernel.Interface.Bindings; axioms=[propext]
AXIOM AUDIT theorem: DefiKernel.Interface.BindingFailure.endpoint.sizeOf_spec; module=DefiKernel.Interface.Bindings; axioms=[]
AXIOM AUDIT theorem: DefiKernel.Interface.BindingFailure.unequal.inj; module=DefiKernel.Interface.Bindings; axioms=[]
AXIOM AUDIT theorem: DefiKernel.Interface.BindingFailure.unequal.injEq; module=DefiKernel.Interface.Bindings; axioms=[propext]
AXIOM AUDIT theorem: DefiKernel.Interface.BindingFailure.unequal.sizeOf_spec; module=DefiKernel.Interface.Bindings; axioms=[]
AXIOM AUDIT theorem: DefiKernel.Interface.EndpointFailure.missingComponent.inj; module=DefiKernel.Interface.Bindings; axioms=[]
AXIOM AUDIT theorem: DefiKernel.Interface.EndpointFailure.missingComponent.injEq; module=DefiKernel.Interface.Bindings; axioms=[propext]
AXIOM AUDIT theorem: DefiKernel.Interface.EndpointFailure.missingComponent.sizeOf_spec; module=DefiKernel.Interface.Bindings; axioms=[]
AXIOM AUDIT theorem: DefiKernel.Interface.EndpointFailure.missingPort.inj; module=DefiKernel.Interface.Bindings; axioms=[]
AXIOM AUDIT theorem: DefiKernel.Interface.EndpointFailure.missingPort.injEq; module=DefiKernel.Interface.Bindings; axioms=[propext]
AXIOM AUDIT theorem: DefiKernel.Interface.EndpointFailure.missingPort.sizeOf_spec; module=DefiKernel.Interface.Bindings; axioms=[]
AXIOM AUDIT theorem: DefiKernel.Interface.EndpointSide.left.sizeOf_spec; module=DefiKernel.Interface.Bindings; axioms=[]
AXIOM AUDIT theorem: DefiKernel.Interface.EndpointSide.right.sizeOf_spec; module=DefiKernel.Interface.Bindings; axioms=[]
AXIOM AUDIT theorem: DefiKernel.Interface.Examples.Asset.ofNat_ctorIdx; module=DefiKernel.Interface.Examples; axioms=[]
AXIOM AUDIT theorem: DefiKernel.Interface.Examples.Domain.ofNat_ctorIdx; module=DefiKernel.Interface.Examples; axioms=[]
AXIOM AUDIT theorem: DefiKernel.Interface.Examples.Party.ofNat_ctorIdx; module=DefiKernel.Interface.Examples; axioms=[]
AXIOM AUDIT theorem: DefiKernel.Interface.Examples.alice.eq_1; module=DefiKernel.Interface.Fixtures; axioms=[]
AXIOM AUDIT theorem: DefiKernel.Interface.Examples.awayEur.eq_1; module=DefiKernel.Interface.Fixtures; axioms=[]
AXIOM AUDIT theorem: DefiKernel.Interface.Examples.balances.eq_1; module=DefiKernel.Interface.Examples; axioms=[propext,
 Quot.sound]
AXIOM AUDIT theorem: DefiKernel.Interface.Examples.bob.eq_1; module=DefiKernel.Interface.Fixtures; axioms=[]
AXIOM AUDIT theorem: DefiKernel.Interface.Examples.evaluated.eq_1; module=DefiKernel.Interface.Fixtures; axioms=[]
AXIOM AUDIT theorem: DefiKernel.Interface.Examples.expected105.eq_1; module=DefiKernel.Interface.Fixtures; axioms=[propext,
 Classical.choice,
 Quot.sound]
AXIOM AUDIT theorem: DefiKernel.Interface.Examples.instDecidableEqAsset._proof_1; module=DefiKernel.Interface.Examples; axioms=[]
AXIOM AUDIT theorem: DefiKernel.Interface.Examples.instDecidableEqAsset._proof_2; module=DefiKernel.Interface.Examples; axioms=[]
AXIOM AUDIT theorem: DefiKernel.Interface.Examples.instDecidableEqDomain._proof_1; module=DefiKernel.Interface.Examples; axioms=[]
AXIOM AUDIT theorem: DefiKernel.Interface.Examples.instDecidableEqDomain._proof_2; module=DefiKernel.Interface.Examples; axioms=[]
AXIOM AUDIT theorem: DefiKernel.Interface.Examples.instDecidableEqParty._proof_1; module=DefiKernel.Interface.Examples; axioms=[]
AXIOM AUDIT theorem: DefiKernel.Interface.Examples.instDecidableEqParty._proof_2; module=DefiKernel.Interface.Examples; axioms=[]
AXIOM AUDIT theorem: DefiKernel.Interface.Examples.instFintypeAsset._proof_1; module=DefiKernel.Interface.Examples; axioms=[propext,
 Classical.choice,
 Quot.sound]
AXIOM AUDIT theorem: DefiKernel.Interface.Examples.instFintypeDomain._proof_1; module=DefiKernel.Interface.Examples; axioms=[propext,
 Classical.choice,
 Quot.sound]
AXIOM AUDIT theorem: DefiKernel.Interface.Examples.instFintypeParty._proof_1; module=DefiKernel.Interface.Examples; axioms=[propext,
 Classical.choice,
 Quot.sound]
AXIOM AUDIT theorem: DefiKernel.Interface.Examples.pairedGroup.eq_1; module=DefiKernel.Interface.Fixtures; axioms=[]
AXIOM AUDIT theorem: DefiKernel.Interface.Examples.receipt100.eq_1; module=DefiKernel.Interface.Fixtures; axioms=[propext,
 Quot.sound]
AXIOM AUDIT theorem: DefiKernel.Interface.Examples.receipt105.eq_1; module=DefiKernel.Interface.Fixtures; axioms=[propext,
 Quot.sound]
AXIOM AUDIT theorem: DefiKernel.Interface.Examples.totalCell.eq_1; module=DefiKernel.Interface.Fixtures; axioms=[]
AXIOM AUDIT theorem: DefiKernel.Interface.Examples.world._proof_1; module=DefiKernel.Interface.Examples; axioms=[propext,
 Classical.choice,
 Quot.sound]
AXIOM AUDIT theorem: DefiKernel.Interface.Fixtures.edges.eq_1; module=DefiKernel.Interface.Fixtures; axioms=[]
AXIOM AUDIT theorem: DefiKernel.Interface.Fixtures.f01_actual_execution._proof_1_1; module=DefiKernel.Interface.Fixtures; axioms=[propext,
 Classical.choice,
 Quot.sound]
AXIOM AUDIT theorem: DefiKernel.Interface.Fixtures.f05_initialized._proof_1_1; module=DefiKernel.Interface.Fixtures; axioms=[propext,
 Classical.choice,
 Quot.sound]
AXIOM AUDIT theorem: DefiKernel.Interface.Fixtures.f06_actual_execution._proof_1_1; module=DefiKernel.Interface.Fixtures; axioms=[propext,
 Classical.choice,
 Quot.sound]
AXIOM AUDIT theorem: DefiKernel.Interface.Fixtures.f06_actual_post_values._proof_1_1; module=DefiKernel.Interface.Fixtures; axioms=[propext,
 Classical.choice,
 Quot.sound]
AXIOM AUDIT theorem: DefiKernel.Interface.Fixtures.f06_region_neutral._proof_1_1; module=DefiKernel.Interface.Fixtures; axioms=[propext,
 Classical.choice,
 Quot.sound]
AXIOM AUDIT theorem: DefiKernel.Interface.Fixtures.f07_actual_execution._proof_1_1; module=DefiKernel.Interface.Fixtures; axioms=[propext,
 Classical.choice,
 Quot.sound]
AXIOM AUDIT theorem: DefiKernel.Interface.Fixtures.fixed_ghost_missing_initialization._proof_1_1; module=DefiKernel.Interface.Fixtures; axioms=[propext,
 Classical.choice,
 Quot.sound]
AXIOM AUDIT theorem: DefiKernel.Interface.Fixtures.pairedOnly.eq_1; module=DefiKernel.Interface.Fixtures; axioms=[]
AXIOM AUDIT theorem: DefiKernel.Interface.Fixtures.paired_nonzero_effects._proof_1_1; module=DefiKernel.Interface.Fixtures; axioms=[propext,
 Classical.choice,
 Quot.sound]
AXIOM AUDIT theorem: DefiKernel.Interface.Fixtures.region.eq_1; module=DefiKernel.Interface.Fixtures; axioms=[propext,
 Quot.sound]
AXIOM AUDIT theorem: DefiKernel.Interface.Fixtures.totalSupport.eq_1; module=DefiKernel.Interface.Fixtures; axioms=[]
AXIOM AUDIT theorem: DefiKernel.Interface.Fixtures.transfer_neutral._proof_1_1; module=DefiKernel.Interface.Fixtures; axioms=[propext,
 Classical.choice,
 Quot.sound]
AXIOM AUDIT theorem: DefiKernel.Interface.Region.WellFormed.eq_1; module=DefiKernel.Interface.Fixtures; axioms=[propext,
 Classical.choice,
 Quot.sound]
AXIOM AUDIT theorem: DefiKernel.Interface.Region.mk.inj; module=DefiKernel.Interface.Regions; axioms=[propext,
 Quot.sound]
AXIOM AUDIT theorem: DefiKernel.Interface.Region.mk.injEq; module=DefiKernel.Interface.Regions; axioms=[propext,
 Quot.sound]
AXIOM AUDIT theorem: DefiKernel.Interface.Region.mk.sizeOf_spec; module=DefiKernel.Interface.Regions; axioms=[propext,
 Quot.sound]
AXIOM AUDIT theorem: DefiKernel.Interface.Tests.duplicateRegion.eq_1; module=DefiKernel.Interface.Fixtures; axioms=[propext,
 Quot.sound]
AXIOM AUDIT theorem: DefiKernel.Interface.Tests.mixedRegion.eq_1; module=DefiKernel.Interface.Fixtures; axioms=[propext,
 Quot.sound]
AXIOM AUDIT theorem: DefiKernel.Interface.Tests.resultEq.eq_1; module=DefiKernel.Interface.Fixtures; axioms=[propext,
 Classical.choice,
 Quot.sound]
AXIOM AUDIT theorem: DefiKernel.Interface.instDecidableEqBindingFailure.decEq._proof_1; module=DefiKernel.Interface.Bindings; axioms=[]
AXIOM AUDIT theorem: DefiKernel.Interface.instDecidableEqBindingFailure.decEq._proof_10; module=DefiKernel.Interface.Bindings; axioms=[]
AXIOM AUDIT theorem: DefiKernel.Interface.instDecidableEqBindingFailure.decEq._proof_11; module=DefiKernel.Interface.Bindings; axioms=[]
AXIOM AUDIT theorem: DefiKernel.Interface.instDecidableEqBindingFailure.decEq._proof_12; module=DefiKernel.Interface.Bindings; axioms=[]
AXIOM AUDIT theorem: DefiKernel.Interface.instDecidableEqBindingFailure.decEq._proof_13; module=DefiKernel.Interface.Bindings; axioms=[]
AXIOM AUDIT theorem: DefiKernel.Interface.instDecidableEqBindingFailure.decEq._proof_14; module=DefiKernel.Interface.Bindings; axioms=[]
AXIOM AUDIT theorem: DefiKernel.Interface.instDecidableEqBindingFailure.decEq._proof_15; module=DefiKernel.Interface.Bindings; axioms=[]
AXIOM AUDIT theorem: DefiKernel.Interface.instDecidableEqBindingFailure.decEq._proof_16; module=DefiKernel.Interface.Bindings; axioms=[]
AXIOM AUDIT theorem: DefiKernel.Interface.instDecidableEqBindingFailure.decEq._proof_17; module=DefiKernel.Interface.Bindings; axioms=[]
AXIOM AUDIT theorem: DefiKernel.Interface.instDecidableEqBindingFailure.decEq._proof_18; module=DefiKernel.Interface.Bindings; axioms=[]
AXIOM AUDIT theorem: DefiKernel.Interface.instDecidableEqBindingFailure.decEq._proof_19; module=DefiKernel.Interface.Bindings; axioms=[]
AXIOM AUDIT theorem: DefiKernel.Interface.instDecidableEqBindingFailure.decEq._proof_2; module=DefiKernel.Interface.Bindings; axioms=[]
AXIOM AUDIT theorem: DefiKernel.Interface.instDecidableEqBindingFailure.decEq._proof_20; module=DefiKernel.Interface.Bindings; axioms=[]
AXIOM AUDIT theorem: DefiKernel.Interface.instDecidableEqBindingFailure.decEq._proof_21; module=DefiKernel.Interface.Bindings; axioms=[]
AXIOM AUDIT theorem: DefiKernel.Interface.instDecidableEqBindingFailure.decEq._proof_22; module=DefiKernel.Interface.Bindings; axioms=[]
AXIOM AUDIT theorem: DefiKernel.Interface.instDecidableEqBindingFailure.decEq._proof_23; module=DefiKernel.Interface.Bindings; axioms=[]
AXIOM AUDIT theorem: DefiKernel.Interface.instDecidableEqBindingFailure.decEq._proof_24; module=DefiKernel.Interface.Bindings; axioms=[]
AXIOM AUDIT theorem: DefiKernel.Interface.instDecidableEqBindingFailure.decEq._proof_25; module=DefiKernel.Interface.Bindings; axioms=[]
AXIOM AUDIT theorem: DefiKernel.Interface.instDecidableEqBindingFailure.decEq._proof_26; module=DefiKernel.Interface.Bindings; axioms=[]
AXIOM AUDIT theorem: DefiKernel.Interface.instDecidableEqBindingFailure.decEq._proof_27; module=DefiKernel.Interface.Bindings; axioms=[]
AXIOM AUDIT theorem: DefiKernel.Interface.instDecidableEqBindingFailure.decEq._proof_28; module=DefiKernel.Interface.Bindings; axioms=[]
AXIOM AUDIT theorem: DefiKernel.Interface.instDecidableEqBindingFailure.decEq._proof_29; module=DefiKernel.Interface.Bindings; axioms=[]
AXIOM AUDIT theorem: DefiKernel.Interface.instDecidableEqBindingFailure.decEq._proof_3; module=DefiKernel.Interface.Bindings; axioms=[]
AXIOM AUDIT theorem: DefiKernel.Interface.instDecidableEqBindingFailure.decEq._proof_30; module=DefiKernel.Interface.Bindings; axioms=[]
AXIOM AUDIT theorem: DefiKernel.Interface.instDecidableEqBindingFailure.decEq._proof_31; module=DefiKernel.Interface.Bindings; axioms=[]
AXIOM AUDIT theorem: DefiKernel.Interface.instDecidableEqBindingFailure.decEq._proof_32; module=DefiKernel.Interface.Bindings; axioms=[]
AXIOM AUDIT theorem: DefiKernel.Interface.instDecidableEqBindingFailure.decEq._proof_33; module=DefiKernel.Interface.Bindings; axioms=[]
AXIOM AUDIT theorem: DefiKernel.Interface.instDecidableEqBindingFailure.decEq._proof_34; module=DefiKernel.Interface.Bindings; axioms=[]
AXIOM AUDIT theorem: DefiKernel.Interface.instDecidableEqBindingFailure.decEq._proof_35; module=DefiKernel.Interface.Bindings; axioms=[]
AXIOM AUDIT theorem: DefiKernel.Interface.instDecidableEqBindingFailure.decEq._proof_36; module=DefiKernel.Interface.Bindings; axioms=[]
AXIOM AUDIT theorem: DefiKernel.Interface.instDecidableEqBindingFailure.decEq._proof_37; module=DefiKernel.Interface.Bindings; axioms=[]
AXIOM AUDIT theorem: DefiKernel.Interface.instDecidableEqBindingFailure.decEq._proof_38; module=DefiKernel.Interface.Bindings; axioms=[]
AXIOM AUDIT theorem: DefiKernel.Interface.instDecidableEqBindingFailure.decEq._proof_39; module=DefiKernel.Interface.Bindings; axioms=[]
AXIOM AUDIT theorem: DefiKernel.Interface.instDecidableEqBindingFailure.decEq._proof_4; module=DefiKernel.Interface.Bindings; axioms=[]
AXIOM AUDIT theorem: DefiKernel.Interface.instDecidableEqBindingFailure.decEq._proof_5; module=DefiKernel.Interface.Bindings; axioms=[]
AXIOM AUDIT theorem: DefiKernel.Interface.instDecidableEqBindingFailure.decEq._proof_6; module=DefiKernel.Interface.Bindings; axioms=[]
AXIOM AUDIT theorem: DefiKernel.Interface.instDecidableEqBindingFailure.decEq._proof_7; module=DefiKernel.Interface.Bindings; axioms=[]
AXIOM AUDIT theorem: DefiKernel.Interface.instDecidableEqBindingFailure.decEq._proof_8; module=DefiKernel.Interface.Bindings; axioms=[]
AXIOM AUDIT theorem: DefiKernel.Interface.instDecidableEqBindingFailure.decEq._proof_9; module=DefiKernel.Interface.Bindings; axioms=[]
AXIOM AUDIT theorem: DefiKernel.Interface.instDecidableEqEndpointFailure.decEq._proof_1; module=DefiKernel.Interface.Bindings; axioms=[]
AXIOM AUDIT theorem: DefiKernel.Interface.instDecidableEqEndpointFailure.decEq._proof_2; module=DefiKernel.Interface.Bindings; axioms=[]
AXIOM AUDIT theorem: DefiKernel.Interface.instDecidableEqEndpointFailure.decEq._proof_3; module=DefiKernel.Interface.Bindings; axioms=[]
AXIOM AUDIT theorem: DefiKernel.Interface.instDecidableEqEndpointFailure.decEq._proof_4; module=DefiKernel.Interface.Bindings; axioms=[]
AXIOM AUDIT theorem: DefiKernel.Interface.instDecidableEqEndpointFailure.decEq._proof_5; module=DefiKernel.Interface.Bindings; axioms=[]
AXIOM AUDIT theorem: DefiKernel.Interface.instDecidableEqEndpointFailure.decEq._proof_6; module=DefiKernel.Interface.Bindings; axioms=[]
AXIOM AUDIT theorem: _private.DefiKernel.Interface.BindingPreservation.0.DefiKernel.Interface.receiptCellEffect.match_1.eq_1; module=DefiKernel.Interface.BindingPreservation; axioms=[]
AXIOM AUDIT theorem: _private.DefiKernel.Interface.BindingPreservation.0.DefiKernel.Interface.receiptCellEffect.match_1.eq_2; module=DefiKernel.Interface.BindingPreservation; axioms=[]
AXIOM AUDIT theorem: _private.DefiKernel.Interface.BindingPreservation.0.DefiKernel.Interface.receiptCellEffect.match_1.eq_3; module=DefiKernel.Interface.BindingPreservation; axioms=[]
AXIOM AUDIT theorem: _private.DefiKernel.Interface.BindingResolution.0.DefiKernel.Composition.validateCatalog.match_1.eq_1; module=DefiKernel.Interface.BindingResolution; axioms=[]
AXIOM AUDIT theorem: _private.DefiKernel.Interface.BindingResolution.0.DefiKernel.Composition.validateCatalog.match_1.eq_2; module=DefiKernel.Interface.BindingResolution; axioms=[]
AXIOM AUDIT theorem: _private.DefiKernel.Interface.Bindings.0.DefiKernel.Interface.checkEdgesFrom.match_1.eq_1; module=DefiKernel.Interface.Bindings; axioms=[]
AXIOM AUDIT theorem: _private.DefiKernel.Interface.Bindings.0.DefiKernel.Interface.checkEdgesFrom.match_1.eq_2; module=DefiKernel.Interface.Bindings; axioms=[]
AXIOM AUDIT theorem: _private.DefiKernel.Interface.Bindings.0.DefiKernel.Interface.checkEdgesFrom.match_3.eq_1; module=DefiKernel.Interface.Bindings; axioms=[]
AXIOM AUDIT theorem: _private.DefiKernel.Interface.Bindings.0.DefiKernel.Interface.checkEdgesFrom.match_3.eq_2; module=DefiKernel.Interface.Bindings; axioms=[]
AXIOM AUDIT theorem: DefiKernel.Interface.Examples.Asset.eur.sizeOf_spec; module=DefiKernel.Interface.Examples; axioms=[]
AXIOM AUDIT theorem: DefiKernel.Interface.Examples.Asset.usd.sizeOf_spec; module=DefiKernel.Interface.Examples; axioms=[]
AXIOM AUDIT theorem: DefiKernel.Interface.Examples.Domain.away.sizeOf_spec; module=DefiKernel.Interface.Examples; axioms=[]
AXIOM AUDIT theorem: DefiKernel.Interface.Examples.Domain.home.sizeOf_spec; module=DefiKernel.Interface.Examples; axioms=[]
AXIOM AUDIT theorem: DefiKernel.Interface.Examples.Party.admin.sizeOf_spec; module=DefiKernel.Interface.Examples; axioms=[]
AXIOM AUDIT theorem: DefiKernel.Interface.Examples.Party.alice.sizeOf_spec; module=DefiKernel.Interface.Examples; axioms=[]
AXIOM AUDIT theorem: DefiKernel.Interface.Examples.Party.bob.sizeOf_spec; module=DefiKernel.Interface.Examples; axioms=[]
AXIOM AUDIT theorem: DefiKernel.Interface.Examples.Party.carol.sizeOf_spec; module=DefiKernel.Interface.Examples; axioms=[]
AXIOM AUDIT theorem: DefiKernel.Interface.Examples.Party.total.sizeOf_spec; module=DefiKernel.Interface.Examples; axioms=[]
AXIOM AUDIT declaration: DefiKernel.Interface.Agrees; module=DefiKernel.Interface.Bindings; kind=definition; axioms=[propext,
 Quot.sound]
AXIOM AUDIT declaration: DefiKernel.Interface.Binding; module=DefiKernel.Interface.Bindings; kind=definition; axioms=[]
AXIOM AUDIT declaration: DefiKernel.Interface.BindingObligations; module=DefiKernel.Interface.Preservation; kind=definition; axioms=[propext,
 Classical.choice,
 Quot.sound]
AXIOM AUDIT declaration: DefiKernel.Interface.EdgeAgrees; module=DefiKernel.Interface.Bindings; kind=definition; axioms=[propext,
 Quot.sound]
AXIOM AUDIT declaration: DefiKernel.Interface.EdgeFailureAt; module=DefiKernel.Interface.BindingResolution; kind=definition; axioms=[propext,
 Quot.sound]
AXIOM AUDIT declaration: DefiKernel.Interface.EffectPaired; module=DefiKernel.Interface.BindingPreservation; kind=definition; axioms=[propext,
 Classical.choice,
 Quot.sound]
AXIOM AUDIT declaration: DefiKernel.Interface.LocalPreserves; module=DefiKernel.Interface.Preservation; kind=definition; axioms=[propext,
 Classical.choice,
 Quot.sound]
AXIOM AUDIT declaration: DefiKernel.Interface.NeutralOn; module=DefiKernel.Interface.Regions; kind=definition; axioms=[propext,
 Classical.choice,
 Quot.sound]
AXIOM AUDIT declaration: DefiKernel.Interface.RegionObligations; module=DefiKernel.Interface.Preservation; kind=definition; axioms=[propext,
 Classical.choice,
 Quot.sound]
AXIOM AUDIT declaration: DefiKernel.Interface.TypedTotalContract; module=DefiKernel.Interface.TypedPreservation; kind=definition; axioms=[propext,
 Classical.choice,
 Quot.sound]
AXIOM AUDIT declaration: DefiKernel.Interface.ValueSupports; module=DefiKernel.Interface.Regions; kind=definition; axioms=[propext,
 Quot.sound]
AXIOM AUDIT declaration: DefiKernel.Interface.WritesWithin; module=DefiKernel.Interface.Regions; kind=definition; axioms=[propext,
 Classical.choice,
 Quot.sound]
AXIOM AUDIT declaration: DefiKernel.Interface.attemptDelta; module=DefiKernel.Interface.AccountingInterleaving; kind=definition; axioms=[propext,
 Classical.choice,
 Quot.sound]
AXIOM AUDIT declaration: DefiKernel.Interface.attemptDeltaSum; module=DefiKernel.Interface.AccountingInterleaving; kind=definition; axioms=[propext,
 Classical.choice,
 Quot.sound]
AXIOM AUDIT declaration: DefiKernel.Interface.balanceSum; module=DefiKernel.Interface.Regions; kind=definition; axioms=[propext,
 Classical.choice,
 Quot.sound]
AXIOM AUDIT declaration: DefiKernel.Interface.bindingsHold; module=DefiKernel.Interface.Bindings; kind=definition; axioms=[propext,
 Quot.sound]
AXIOM AUDIT declaration: DefiKernel.Interface.checkBindings; module=DefiKernel.Interface.Bindings; kind=definition; axioms=[propext,
 Quot.sound]
AXIOM AUDIT declaration: DefiKernel.Interface.checkEdge; module=DefiKernel.Interface.Bindings; kind=definition; axioms=[propext,
 Quot.sound]
AXIOM AUDIT declaration: DefiKernel.Interface.checkEdgesFrom; module=DefiKernel.Interface.Bindings; kind=definition; axioms=[propext,
 Quot.sound]
AXIOM AUDIT declaration: DefiKernel.Interface.eventDeltaSum; module=DefiKernel.Interface.Accounting; kind=definition; axioms=[propext,
 Classical.choice,
 Quot.sound]
AXIOM AUDIT declaration: DefiKernel.Interface.instDecidableEqBindingFailure; module=DefiKernel.Interface.Bindings; kind=definition; axioms=[]
AXIOM AUDIT declaration: DefiKernel.Interface.instDecidableEqEndpointFailure; module=DefiKernel.Interface.Bindings; kind=definition; axioms=[]
AXIOM AUDIT declaration: DefiKernel.Interface.instDecidableEqEndpointSide; module=DefiKernel.Interface.Bindings; kind=definition; axioms=[]
AXIOM AUDIT declaration: DefiKernel.Interface.instReprBindingFailure; module=DefiKernel.Interface.Bindings; kind=definition; axioms=[propext]
AXIOM AUDIT declaration: DefiKernel.Interface.instReprEndpointFailure; module=DefiKernel.Interface.Bindings; kind=definition; axioms=[]
AXIOM AUDIT declaration: DefiKernel.Interface.instReprEndpointSide; module=DefiKernel.Interface.Bindings; kind=definition; axioms=[]
AXIOM AUDIT declaration: DefiKernel.Interface.receiptCellEffect; module=DefiKernel.Interface.Regions; kind=definition; axioms=[propext,
 Classical.choice,
 Quot.sound]
AXIOM AUDIT declaration: DefiKernel.Interface.receiptDelta; module=DefiKernel.Interface.Regions; kind=definition; axioms=[propext,
 Classical.choice,
 Quot.sound]
AXIOM AUDIT declaration: DefiKernel.Interface.resolveExport; module=DefiKernel.Interface.Bindings; kind=definition; axioms=[]
AXIOM AUDIT declaration: DefiKernel.Interface.reverseBinding; module=DefiKernel.Interface.Bindings; kind=definition; axioms=[]
AXIOM AUDIT declaration: DefiKernel.Interface.symClosure; module=DefiKernel.Interface.Bindings; kind=definition; axioms=[propext,
 Classical.choice,
 Quot.sound]
AXIOM AUDIT declaration: DefiKernel.Interface.Audit.main; module=DefiKernel.Interface.Audit; kind=definition; axioms=[propext,
 Classical.choice,
 Quot.sound]
AXIOM AUDIT declaration: DefiKernel.Interface.BindingFailure._sizeOf_1; module=DefiKernel.Interface.Bindings; kind=definition; axioms=[]
AXIOM AUDIT declaration: DefiKernel.Interface.BindingFailure._sizeOf_inst; module=DefiKernel.Interface.Bindings; kind=definition; axioms=[]
AXIOM AUDIT declaration: DefiKernel.Interface.BindingFailure.casesOn; module=DefiKernel.Interface.Bindings; kind=definition; axioms=[]
AXIOM AUDIT declaration: DefiKernel.Interface.BindingFailure.ctorElim; module=DefiKernel.Interface.Bindings; kind=definition; axioms=[]
AXIOM AUDIT declaration: DefiKernel.Interface.BindingFailure.ctorElimType; module=DefiKernel.Interface.Bindings; kind=definition; axioms=[]
AXIOM AUDIT declaration: DefiKernel.Interface.BindingFailure.ctorIdx; module=DefiKernel.Interface.Bindings; kind=definition; axioms=[]
AXIOM AUDIT declaration: DefiKernel.Interface.BindingFailure.noConfusion; module=DefiKernel.Interface.Bindings; kind=definition; axioms=[]
AXIOM AUDIT declaration: DefiKernel.Interface.BindingFailure.noConfusionType; module=DefiKernel.Interface.Bindings; kind=definition; axioms=[]
AXIOM AUDIT declaration: DefiKernel.Interface.BindingFailure.recOn; module=DefiKernel.Interface.Bindings; kind=definition; axioms=[]
AXIOM AUDIT declaration: DefiKernel.Interface.EndpointFailure._sizeOf_1; module=DefiKernel.Interface.Bindings; kind=definition; axioms=[]
AXIOM AUDIT declaration: DefiKernel.Interface.EndpointFailure._sizeOf_inst; module=DefiKernel.Interface.Bindings; kind=definition; axioms=[]
AXIOM AUDIT declaration: DefiKernel.Interface.EndpointFailure.casesOn; module=DefiKernel.Interface.Bindings; kind=definition; axioms=[]
AXIOM AUDIT declaration: DefiKernel.Interface.EndpointFailure.ctorElim; module=DefiKernel.Interface.Bindings; kind=definition; axioms=[]
AXIOM AUDIT declaration: DefiKernel.Interface.EndpointFailure.ctorElimType; module=DefiKernel.Interface.Bindings; kind=definition; axioms=[]
AXIOM AUDIT declaration: DefiKernel.Interface.EndpointFailure.ctorIdx; module=DefiKernel.Interface.Bindings; kind=definition; axioms=[]
AXIOM AUDIT declaration: DefiKernel.Interface.EndpointFailure.noConfusion; module=DefiKernel.Interface.Bindings; kind=definition; axioms=[]
AXIOM AUDIT declaration: DefiKernel.Interface.EndpointFailure.noConfusionType; module=DefiKernel.Interface.Bindings; kind=definition; axioms=[]
AXIOM AUDIT declaration: DefiKernel.Interface.EndpointFailure.recOn; module=DefiKernel.Interface.Bindings; kind=definition; axioms=[]
AXIOM AUDIT declaration: DefiKernel.Interface.EndpointSide._sizeOf_1; module=DefiKernel.Interface.Bindings; kind=definition; axioms=[]
AXIOM AUDIT declaration: DefiKernel.Interface.EndpointSide._sizeOf_inst; module=DefiKernel.Interface.Bindings; kind=definition; axioms=[]
AXIOM AUDIT declaration: DefiKernel.Interface.EndpointSide.casesOn; module=DefiKernel.Interface.Bindings; kind=definition; axioms=[]
AXIOM AUDIT declaration: DefiKernel.Interface.EndpointSide.ctorElim; module=DefiKernel.Interface.Bindings; kind=definition; axioms=[]
AXIOM AUDIT declaration: DefiKernel.Interface.EndpointSide.ctorElimType; module=DefiKernel.Interface.Bindings; kind=definition; axioms=[]
AXIOM AUDIT declaration: DefiKernel.Interface.EndpointSide.ctorIdx; module=DefiKernel.Interface.Bindings; kind=definition; axioms=[]
AXIOM AUDIT declaration: DefiKernel.Interface.EndpointSide.noConfusion; module=DefiKernel.Interface.Bindings; kind=definition; axioms=[]
AXIOM AUDIT declaration: DefiKernel.Interface.EndpointSide.noConfusionType; module=DefiKernel.Interface.Bindings; kind=definition; axioms=[]
AXIOM AUDIT declaration: DefiKernel.Interface.EndpointSide.ofNat; module=DefiKernel.Interface.Bindings; kind=definition; axioms=[]
AXIOM AUDIT declaration: DefiKernel.Interface.EndpointSide.recOn; module=DefiKernel.Interface.Bindings; kind=definition; axioms=[]
AXIOM AUDIT declaration: DefiKernel.Interface.EndpointSide.toCtorIdx; module=DefiKernel.Interface.Bindings; kind=definition; axioms=[]
AXIOM AUDIT declaration: DefiKernel.Interface.Examples.A; module=DefiKernel.Interface.Examples; kind=definition; axioms=[]
AXIOM AUDIT declaration: DefiKernel.Interface.Examples.C; module=DefiKernel.Interface.Examples; kind=definition; axioms=[]
AXIOM AUDIT declaration: DefiKernel.Interface.Examples.Cur; module=DefiKernel.Interface.Examples; kind=definition; axioms=[propext,
 Quot.sound]
AXIOM AUDIT declaration: DefiKernel.Interface.Examples.D; module=DefiKernel.Interface.Examples; kind=definition; axioms=[]
AXIOM AUDIT declaration: DefiKernel.Interface.Examples.Ev; module=DefiKernel.Interface.Examples; kind=definition; axioms=[propext,
 Quot.sound]
AXIOM AUDIT declaration: DefiKernel.Interface.Examples.Inv; module=DefiKernel.Interface.Examples; kind=definition; axioms=[]
AXIOM AUDIT declaration: DefiKernel.Interface.Examples.P; module=DefiKernel.Interface.Examples; kind=definition; axioms=[]
AXIOM AUDIT declaration: DefiKernel.Interface.Examples.SR; module=DefiKernel.Interface.Examples; kind=definition; axioms=[propext,
 Quot.sound]
AXIOM AUDIT declaration: DefiKernel.Interface.Examples.Store; module=DefiKernel.Interface.Examples; kind=definition; axioms=[]
AXIOM AUDIT declaration: DefiKernel.Interface.Examples.W; module=DefiKernel.Interface.Examples; kind=definition; axioms=[propext,
 Quot.sound]
AXIOM AUDIT declaration: DefiKernel.Interface.Examples.acceptedLeft; module=DefiKernel.Interface.Examples; kind=definition; axioms=[propext,
 Classical.choice,
 Quot.sound]
AXIOM AUDIT declaration: DefiKernel.Interface.Examples.acceptedRight; module=DefiKernel.Interface.Examples; kind=definition; axioms=[propext,
 Classical.choice,
 Quot.sound]
AXIOM AUDIT declaration: DefiKernel.Interface.Examples.adminBoundary; module=DefiKernel.Interface.Examples; kind=definition; axioms=[]
AXIOM AUDIT declaration: DefiKernel.Interface.Examples.adminFinal; module=DefiKernel.Interface.Examples; kind=definition; axioms=[propext,
 Classical.choice,
 Quot.sound]
AXIOM AUDIT declaration: DefiKernel.Interface.Examples.alice; module=DefiKernel.Interface.Examples; kind=definition; axioms=[]
AXIOM AUDIT declaration: DefiKernel.Interface.Examples.allCells; module=DefiKernel.Interface.Examples; kind=definition; axioms=[propext,
 Classical.choice,
 Quot.sound]
AXIOM AUDIT declaration: DefiKernel.Interface.Examples.arbitraryEntry; module=DefiKernel.Interface.Examples; kind=definition; axioms=[propext,
 Classical.choice,
 Quot.sound]
AXIOM AUDIT declaration: DefiKernel.Interface.Examples.awayCell; module=DefiKernel.Interface.Examples; kind=definition; axioms=[]
AXIOM AUDIT declaration: DefiKernel.Interface.Examples.awayEur; module=DefiKernel.Interface.Examples; kind=definition; axioms=[]
AXIOM AUDIT declaration: DefiKernel.Interface.Examples.balances; module=DefiKernel.Interface.Examples; kind=definition; axioms=[propext,
 Quot.sound]
AXIOM AUDIT declaration: DefiKernel.Interface.Examples.bob; module=DefiKernel.Interface.Examples; kind=definition; axioms=[]
AXIOM AUDIT declaration: DefiKernel.Interface.Examples.boundary; module=DefiKernel.Interface.Examples; kind=definition; axioms=[]
AXIOM AUDIT declaration: DefiKernel.Interface.Examples.cap; module=DefiKernel.Interface.Examples; kind=definition; axioms=[]
AXIOM AUDIT declaration: DefiKernel.Interface.Examples.carol; module=DefiKernel.Interface.Examples; kind=definition; axioms=[]
AXIOM AUDIT declaration: DefiKernel.Interface.Examples.catalog; module=DefiKernel.Interface.Examples; kind=definition; axioms=[]
AXIOM AUDIT declaration: DefiKernel.Interface.Examples.cfg; module=DefiKernel.Interface.Examples; kind=definition; axioms=[propext,
 Quot.sound]
AXIOM AUDIT declaration: DefiKernel.Interface.Examples.config; module=DefiKernel.Interface.Examples; kind=definition; axioms=[propext,
 Quot.sound]
AXIOM AUDIT declaration: DefiKernel.Interface.Examples.constantTemplate; module=DefiKernel.Interface.Examples; kind=definition; axioms=[]
AXIOM AUDIT declaration: DefiKernel.Interface.Examples.delta; module=DefiKernel.Interface.Examples; kind=definition; axioms=[]
AXIOM AUDIT declaration: DefiKernel.Interface.Examples.eurCell; module=DefiKernel.Interface.Examples; kind=definition; axioms=[]
AXIOM AUDIT declaration: DefiKernel.Interface.Examples.evaluated; module=DefiKernel.Interface.Examples; kind=definition; axioms=[]
AXIOM AUDIT declaration: DefiKernel.Interface.Examples.expected100; module=DefiKernel.Interface.Examples; kind=definition; axioms=[propext,
 Classical.choice,
 Quot.sound]
AXIOM AUDIT declaration: DefiKernel.Interface.Examples.expected101; module=DefiKernel.Interface.Examples; kind=definition; axioms=[propext,
 Classical.choice,
 Quot.sound]
AXIOM AUDIT declaration: DefiKernel.Interface.Examples.expected102; module=DefiKernel.Interface.Examples; kind=definition; axioms=[propext,
 Classical.choice,
 Quot.sound]
AXIOM AUDIT declaration: DefiKernel.Interface.Examples.expected103; module=DefiKernel.Interface.Examples; kind=definition; axioms=[propext,
 Classical.choice,
 Quot.sound]
AXIOM AUDIT declaration: DefiKernel.Interface.Examples.expected104; module=DefiKernel.Interface.Examples; kind=definition; axioms=[propext,
 Classical.choice,
 Quot.sound]
AXIOM AUDIT declaration: DefiKernel.Interface.Examples.expected105; module=DefiKernel.Interface.Examples; kind=definition; axioms=[propext,
 Classical.choice,
 Quot.sound]
AXIOM AUDIT declaration: DefiKernel.Interface.Examples.expectedF17; module=DefiKernel.Interface.Examples; kind=definition; axioms=[propext,
 Classical.choice,
 Quot.sound]
AXIOM AUDIT declaration: DefiKernel.Interface.Examples.expectedF19; module=DefiKernel.Interface.Examples; kind=definition; axioms=[propext,
 Classical.choice,
 Quot.sound]
AXIOM AUDIT declaration: DefiKernel.Interface.Examples.expectedF20; module=DefiKernel.Interface.Examples; kind=definition; axioms=[propext,
 Classical.choice,
 Quot.sound]
AXIOM AUDIT declaration: DefiKernel.Interface.Examples.expectedSharedFirst; module=DefiKernel.Interface.Examples; kind=definition; axioms=[propext,
 Classical.choice,
 Quot.sound]
AXIOM AUDIT declaration: DefiKernel.Interface.Examples.expectedSharedRefused; module=DefiKernel.Interface.Examples; kind=definition; axioms=[propext,
 Classical.choice,
 Quot.sound]
AXIOM AUDIT declaration: DefiKernel.Interface.Examples.expectedSharedSkipped; module=DefiKernel.Interface.Examples; kind=definition; axioms=[propext,
 Classical.choice,
 Quot.sound]
AXIOM AUDIT declaration: DefiKernel.Interface.Examples.exporter; module=DefiKernel.Interface.Examples; kind=definition; axioms=[]
AXIOM AUDIT declaration: DefiKernel.Interface.Examples.exposedCfg; module=DefiKernel.Interface.Examples; kind=definition; axioms=[propext,
 Quot.sound]
AXIOM AUDIT declaration: DefiKernel.Interface.Examples.firstCursor; module=DefiKernel.Interface.Examples; kind=definition; axioms=[propext,
 Classical.choice,
 Quot.sound]
AXIOM AUDIT declaration: DefiKernel.Interface.Examples.firstPaired; module=DefiKernel.Interface.Examples; kind=definition; axioms=[propext,
 Classical.choice,
 Quot.sound]
AXIOM AUDIT declaration: DefiKernel.Interface.Examples.grant; module=DefiKernel.Interface.Examples; kind=definition; axioms=[]
AXIOM AUDIT declaration: DefiKernel.Interface.Examples.halfInput; module=DefiKernel.Interface.Examples; kind=definition; axioms=[propext,
 Quot.sound]
AXIOM AUDIT declaration: DefiKernel.Interface.Examples.ids; module=DefiKernel.Interface.Examples; kind=definition; axioms=[]
AXIOM AUDIT declaration: DefiKernel.Interface.Examples.increment; module=DefiKernel.Interface.Examples; kind=definition; axioms=[propext,
 Quot.sound]
AXIOM AUDIT declaration: DefiKernel.Interface.Examples.initial55; module=DefiKernel.Interface.Examples; kind=definition; axioms=[propext,
 Classical.choice,
 Quot.sound]
AXIOM AUDIT declaration: DefiKernel.Interface.Examples.initial64; module=DefiKernel.Interface.Examples; kind=definition; axioms=[propext,
 Classical.choice,
 Quot.sound]
AXIOM AUDIT declaration: DefiKernel.Interface.Examples.initialCursor; module=DefiKernel.Interface.Examples; kind=definition; axioms=[propext,
 Classical.choice,
 Quot.sound]
AXIOM AUDIT declaration: DefiKernel.Interface.Examples.initialStore; module=DefiKernel.Interface.Examples; kind=definition; axioms=[]
AXIOM AUDIT declaration: DefiKernel.Interface.Examples.instDecidableEqAsset; module=DefiKernel.Interface.Examples; kind=definition; axioms=[]
AXIOM AUDIT declaration: DefiKernel.Interface.Examples.instDecidableEqDomain; module=DefiKernel.Interface.Examples; kind=definition; axioms=[]
AXIOM AUDIT declaration: DefiKernel.Interface.Examples.instDecidableEqParty; module=DefiKernel.Interface.Examples; kind=definition; axioms=[]
AXIOM AUDIT declaration: DefiKernel.Interface.Examples.instFintypeAsset; module=DefiKernel.Interface.Examples; kind=definition; axioms=[propext,
 Classical.choice,
 Quot.sound]
AXIOM AUDIT declaration: DefiKernel.Interface.Examples.instFintypeDomain; module=DefiKernel.Interface.Examples; kind=definition; axioms=[propext,
 Classical.choice,
 Quot.sound]
AXIOM AUDIT declaration: DefiKernel.Interface.Examples.instFintypeParty; module=DefiKernel.Interface.Examples; kind=definition; axioms=[propext,
 Classical.choice,
 Quot.sound]
AXIOM AUDIT declaration: DefiKernel.Interface.Examples.instReprAsset; module=DefiKernel.Interface.Examples; kind=definition; axioms=[]
AXIOM AUDIT declaration: DefiKernel.Interface.Examples.instReprDomain; module=DefiKernel.Interface.Examples; kind=definition; axioms=[]
AXIOM AUDIT declaration: DefiKernel.Interface.Examples.instReprParty; module=DefiKernel.Interface.Examples; kind=definition; axioms=[]
AXIOM AUDIT declaration: DefiKernel.Interface.Examples.interfaces; module=DefiKernel.Interface.Examples; kind=definition; axioms=[]
AXIOM AUDIT declaration: DefiKernel.Interface.Examples.invocation; module=DefiKernel.Interface.Examples; kind=definition; axioms=[]
AXIOM AUDIT declaration: DefiKernel.Interface.Examples.issueEvent; module=DefiKernel.Interface.Examples; kind=definition; axioms=[propext,
 Classical.choice,
 Quot.sound]
AXIOM AUDIT declaration: DefiKernel.Interface.Examples.issuedResult; module=DefiKernel.Interface.Examples; kind=definition; axioms=[propext,
 Classical.choice,
 Quot.sound]
AXIOM AUDIT declaration: DefiKernel.Interface.Examples.issuedStore; module=DefiKernel.Interface.Examples; kind=definition; axioms=[]
AXIOM AUDIT declaration: DefiKernel.Interface.Examples.issuedWorld; module=DefiKernel.Interface.Examples; kind=definition; axioms=[propext,
 Classical.choice,
 Quot.sound]
AXIOM AUDIT declaration: DefiKernel.Interface.Examples.leftFailure; module=DefiKernel.Interface.Examples; kind=definition; axioms=[]
AXIOM AUDIT declaration: DefiKernel.Interface.Examples.leftLocal; module=DefiKernel.Interface.Examples; kind=definition; axioms=[propext,
 Classical.choice,
 Quot.sound]
AXIOM AUDIT declaration: DefiKernel.Interface.Examples.mint3; module=DefiKernel.Interface.Examples; kind=definition; axioms=[propext,
 Quot.sound]
AXIOM AUDIT declaration: DefiKernel.Interface.Examples.name; module=DefiKernel.Interface.Examples; kind=definition; axioms=[]
AXIOM AUDIT declaration: DefiKernel.Interface.Examples.oneSided; module=DefiKernel.Interface.Examples; kind=definition; axioms=[propext,
 Quot.sound]
AXIOM AUDIT declaration: DefiKernel.Interface.Examples.op100; module=DefiKernel.Interface.Examples; kind=definition; axioms=[]
AXIOM AUDIT declaration: DefiKernel.Interface.Examples.op101; module=DefiKernel.Interface.Examples; kind=definition; axioms=[]
AXIOM AUDIT declaration: DefiKernel.Interface.Examples.op102; module=DefiKernel.Interface.Examples; kind=definition; axioms=[]
AXIOM AUDIT declaration: DefiKernel.Interface.Examples.op103; module=DefiKernel.Interface.Examples; kind=definition; axioms=[]
AXIOM AUDIT declaration: DefiKernel.Interface.Examples.op104; module=DefiKernel.Interface.Examples; kind=definition; axioms=[]
AXIOM AUDIT declaration: DefiKernel.Interface.Examples.op105; module=DefiKernel.Interface.Examples; kind=definition; axioms=[]
AXIOM AUDIT declaration: DefiKernel.Interface.Examples.op106; module=DefiKernel.Interface.Examples; kind=definition; axioms=[]
AXIOM AUDIT declaration: DefiKernel.Interface.Examples.op107; module=DefiKernel.Interface.Examples; kind=definition; axioms=[]
AXIOM AUDIT declaration: DefiKernel.Interface.Examples.output; module=DefiKernel.Interface.Examples; kind=definition; axioms=[]
AXIOM AUDIT declaration: DefiKernel.Interface.Examples.packed; module=DefiKernel.Interface.Examples; kind=definition; axioms=[]
AXIOM AUDIT declaration: DefiKernel.Interface.Examples.paired; module=DefiKernel.Interface.Examples; kind=definition; axioms=[propext,
 Quot.sound]
AXIOM AUDIT declaration: DefiKernel.Interface.Examples.paired1; module=DefiKernel.Interface.Examples; kind=definition; axioms=[propext,
 Classical.choice,
 Quot.sound]
AXIOM AUDIT declaration: DefiKernel.Interface.Examples.paired2; module=DefiKernel.Interface.Examples; kind=definition; axioms=[propext,
 Classical.choice,
 Quot.sound]
AXIOM AUDIT declaration: DefiKernel.Interface.Examples.pairedGroup; module=DefiKernel.Interface.Examples; kind=definition; axioms=[]
AXIOM AUDIT declaration: DefiKernel.Interface.Examples.priorOutput; module=DefiKernel.Interface.Examples; kind=definition; axioms=[propext,
 Quot.sound]
AXIOM AUDIT declaration: DefiKernel.Interface.Examples.receipt100; module=DefiKernel.Interface.Examples; kind=definition; axioms=[propext,
 Quot.sound]
AXIOM AUDIT declaration: DefiKernel.Interface.Examples.receipt101; module=DefiKernel.Interface.Examples; kind=definition; axioms=[propext,
 Quot.sound]
AXIOM AUDIT declaration: DefiKernel.Interface.Examples.receipt102; module=DefiKernel.Interface.Examples; kind=definition; axioms=[propext,
 Quot.sound]
AXIOM AUDIT declaration: DefiKernel.Interface.Examples.receipt103; module=DefiKernel.Interface.Examples; kind=definition; axioms=[propext,
 Quot.sound]
AXIOM AUDIT declaration: DefiKernel.Interface.Examples.receipt104; module=DefiKernel.Interface.Examples; kind=definition; axioms=[propext,
 Quot.sound]
AXIOM AUDIT declaration: DefiKernel.Interface.Examples.receipt105; module=DefiKernel.Interface.Examples; kind=definition; axioms=[propext,
 Quot.sound]
AXIOM AUDIT declaration: DefiKernel.Interface.Examples.receipt107; module=DefiKernel.Interface.Examples; kind=definition; axioms=[propext,
 Quot.sound]
AXIOM AUDIT declaration: DefiKernel.Interface.Examples.ref; module=DefiKernel.Interface.Examples; kind=definition; axioms=[]
AXIOM AUDIT declaration: DefiKernel.Interface.Examples.refusedCursor; module=DefiKernel.Interface.Examples; kind=definition; axioms=[propext,
 Classical.choice,
 Quot.sound]
AXIOM AUDIT declaration: DefiKernel.Interface.Examples.refusedLeft; module=DefiKernel.Interface.Examples; kind=definition; axioms=[propext,
 Quot.sound]
AXIOM AUDIT declaration: DefiKernel.Interface.Examples.registry; module=DefiKernel.Interface.Examples; kind=definition; axioms=[propext,
 Quot.sound]
AXIOM AUDIT declaration: DefiKernel.Interface.Examples.repeated; module=DefiKernel.Interface.Examples; kind=definition; axioms=[propext,
 Quot.sound]
AXIOM AUDIT declaration: DefiKernel.Interface.Examples.returnHalf; module=DefiKernel.Interface.Examples; kind=definition; axioms=[propext,
 Quot.sound]
AXIOM AUDIT declaration: DefiKernel.Interface.Examples.revokeEvent; module=DefiKernel.Interface.Examples; kind=definition; axioms=[propext,
 Classical.choice,
 Quot.sound]
AXIOM AUDIT declaration: DefiKernel.Interface.Examples.revokedResult; module=DefiKernel.Interface.Examples; kind=definition; axioms=[propext,
 Classical.choice,
 Quot.sound]
AXIOM AUDIT declaration: DefiKernel.Interface.Examples.revokedStore; module=DefiKernel.Interface.Examples; kind=definition; axioms=[]
AXIOM AUDIT declaration: DefiKernel.Interface.Examples.revokedWorld; module=DefiKernel.Interface.Examples; kind=definition; axioms=[propext,
 Classical.choice,
 Quot.sound]
AXIOM AUDIT declaration: DefiKernel.Interface.Examples.rightLocal; module=DefiKernel.Interface.Examples; kind=definition; axioms=[propext,
 Classical.choice,
 Quot.sound]
AXIOM AUDIT declaration: DefiKernel.Interface.Examples.rightPaired; module=DefiKernel.Interface.Examples; kind=definition; axioms=[propext,
 Classical.choice,
 Quot.sound]
AXIOM AUDIT declaration: DefiKernel.Interface.Examples.secondCursor; module=DefiKernel.Interface.Examples; kind=definition; axioms=[propext,
 Classical.choice,
 Quot.sound]
AXIOM AUDIT declaration: DefiKernel.Interface.Examples.secondPaired; module=DefiKernel.Interface.Examples; kind=definition; axioms=[propext,
 Classical.choice,
 Quot.sound]
AXIOM AUDIT declaration: DefiKernel.Interface.Examples.sharedBoundary; module=DefiKernel.Interface.Examples; kind=definition; axioms=[]
AXIOM AUDIT declaration: DefiKernel.Interface.Examples.snapshotCfg; module=DefiKernel.Interface.Examples; kind=definition; axioms=[propext,
 Quot.sound]
AXIOM AUDIT declaration: DefiKernel.Interface.Examples.snapshotFinal; module=DefiKernel.Interface.Examples; kind=definition; axioms=[propext,
 Classical.choice,
 Quot.sound]
AXIOM AUDIT declaration: DefiKernel.Interface.Examples.snapshotFirst; module=DefiKernel.Interface.Examples; kind=definition; axioms=[propext,
 Classical.choice,
 Quot.sound]
AXIOM AUDIT declaration: DefiKernel.Interface.Examples.snapshotGroup; module=DefiKernel.Interface.Examples; kind=definition; axioms=[]
AXIOM AUDIT declaration: DefiKernel.Interface.Examples.snapshotOutput; module=DefiKernel.Interface.Examples; kind=definition; axioms=[propext,
 Quot.sound]
AXIOM AUDIT declaration: DefiKernel.Interface.Examples.snapshotPrefix; module=DefiKernel.Interface.Examples; kind=definition; axioms=[propext,
 Classical.choice,
 Quot.sound]
AXIOM AUDIT declaration: DefiKernel.Interface.Examples.snapshotSecond; module=DefiKernel.Interface.Examples; kind=definition; axioms=[propext,
 Classical.choice,
 Quot.sound]
AXIOM AUDIT declaration: DefiKernel.Interface.Examples.totalCell; module=DefiKernel.Interface.Examples; kind=definition; axioms=[]
AXIOM AUDIT declaration: DefiKernel.Interface.Examples.transfer2; module=DefiKernel.Interface.Examples; kind=definition; axioms=[propext,
 Quot.sound]
AXIOM AUDIT declaration: DefiKernel.Interface.Examples.transfer7; module=DefiKernel.Interface.Examples; kind=definition; axioms=[propext,
 Quot.sound]
AXIOM AUDIT declaration: DefiKernel.Interface.Examples.world; module=DefiKernel.Interface.Examples; kind=definition; axioms=[propext,
 Classical.choice,
 Quot.sound]
AXIOM AUDIT declaration: DefiKernel.Interface.Fixtures.edges; module=DefiKernel.Interface.Fixtures; kind=definition; axioms=[]
AXIOM AUDIT declaration: DefiKernel.Interface.Fixtures.pairedOnly; module=DefiKernel.Interface.Fixtures; kind=definition; axioms=[]
AXIOM AUDIT declaration: DefiKernel.Interface.Fixtures.region; module=DefiKernel.Interface.Fixtures; kind=definition; axioms=[propext,
 Quot.sound]
AXIOM AUDIT declaration: DefiKernel.Interface.Fixtures.totalSupport; module=DefiKernel.Interface.Fixtures; kind=definition; axioms=[]
AXIOM AUDIT declaration: DefiKernel.Interface.Fixtures.totalValue; module=DefiKernel.Interface.Fixtures; kind=definition; axioms=[propext,
 Quot.sound]
AXIOM AUDIT declaration: DefiKernel.Interface.Fixtures.transferOnly; module=DefiKernel.Interface.Fixtures; kind=definition; axioms=[]
AXIOM AUDIT declaration: DefiKernel.Interface.Region.WellFormed; module=DefiKernel.Interface.Regions; kind=definition; axioms=[propext,
 Classical.choice,
 Quot.sound]
AXIOM AUDIT declaration: DefiKernel.Interface.Region._sizeOf_1; module=DefiKernel.Interface.Regions; kind=definition; axioms=[propext,
 Quot.sound]
AXIOM AUDIT declaration: DefiKernel.Interface.Region._sizeOf_inst; module=DefiKernel.Interface.Regions; kind=definition; axioms=[propext,
 Quot.sound]
AXIOM AUDIT declaration: DefiKernel.Interface.Region.asset; module=DefiKernel.Interface.Regions; kind=definition; axioms=[propext,
 Quot.sound]
AXIOM AUDIT declaration: DefiKernel.Interface.Region.casesOn; module=DefiKernel.Interface.Regions; kind=definition; axioms=[propext,
 Quot.sound]
AXIOM AUDIT declaration: DefiKernel.Interface.Region.cells; module=DefiKernel.Interface.Regions; kind=definition; axioms=[propext,
 Quot.sound]
AXIOM AUDIT declaration: DefiKernel.Interface.Region.ctorIdx; module=DefiKernel.Interface.Regions; kind=definition; axioms=[propext,
 Quot.sound]
AXIOM AUDIT declaration: DefiKernel.Interface.Region.domain; module=DefiKernel.Interface.Regions; kind=definition; axioms=[propext,
 Quot.sound]
AXIOM AUDIT declaration: DefiKernel.Interface.Region.noConfusion; module=DefiKernel.Interface.Regions; kind=definition; axioms=[propext,
 Quot.sound]
AXIOM AUDIT declaration: DefiKernel.Interface.Region.noConfusionType; module=DefiKernel.Interface.Regions; kind=definition; axioms=[propext,
 Quot.sound]
AXIOM AUDIT declaration: DefiKernel.Interface.Region.recOn; module=DefiKernel.Interface.Regions; kind=definition; axioms=[propext,
 Quot.sound]
AXIOM AUDIT declaration: DefiKernel.Interface.Tests.actualIssue; module=DefiKernel.Interface.Tests; kind=definition; axioms=[propext,
 Classical.choice,
 Quot.sound]
AXIOM AUDIT declaration: DefiKernel.Interface.Tests.actualRevoke; module=DefiKernel.Interface.Tests; kind=definition; axioms=[propext,
 Classical.choice,
 Quot.sound]
AXIOM AUDIT declaration: DefiKernel.Interface.Tests.adminChecks; module=DefiKernel.Interface.Tests; kind=definition; axioms=[propext,
 Classical.choice,
 Quot.sound]
AXIOM AUDIT declaration: DefiKernel.Interface.Tests.attemptEq; module=DefiKernel.Interface.Tests; kind=definition; axioms=[propext,
 Classical.choice,
 Quot.sound]
AXIOM AUDIT declaration: DefiKernel.Interface.Tests.bindingChecks; module=DefiKernel.Interface.Tests; kind=definition; axioms=[propext,
 Classical.choice,
 Quot.sound]
AXIOM AUDIT declaration: DefiKernel.Interface.Tests.catalogChecks; module=DefiKernel.Interface.Tests; kind=definition; axioms=[propext,
 Classical.choice,
 Quot.sound]
AXIOM AUDIT declaration: DefiKernel.Interface.Tests.cursorEq; module=DefiKernel.Interface.Tests; kind=definition; axioms=[propext,
 Classical.choice,
 Quot.sound]
AXIOM AUDIT declaration: DefiKernel.Interface.Tests.cutExtracted; module=DefiKernel.Interface.Tests; kind=definition; axioms=[propext,
 Classical.choice,
 Quot.sound]
AXIOM AUDIT declaration: DefiKernel.Interface.Tests.cutSide; module=DefiKernel.Interface.Tests; kind=definition; axioms=[propext,
 Quot.sound]
AXIOM AUDIT declaration: DefiKernel.Interface.Tests.dimensionalWorld; module=DefiKernel.Interface.Tests; kind=definition; axioms=[propext,
 Classical.choice,
 Quot.sound]
AXIOM AUDIT declaration: DefiKernel.Interface.Tests.duplicateRegion; module=DefiKernel.Interface.Tests; kind=definition; axioms=[propext,
 Quot.sound]
AXIOM AUDIT declaration: DefiKernel.Interface.Tests.emptyRegion; module=DefiKernel.Interface.Tests; kind=definition; axioms=[propext,
 Quot.sound]
AXIOM AUDIT declaration: DefiKernel.Interface.Tests.equalEdge; module=DefiKernel.Interface.Tests; kind=definition; axioms=[]
AXIOM AUDIT declaration: DefiKernel.Interface.Tests.eventEq; module=DefiKernel.Interface.Tests; kind=definition; axioms=[propext,
 Classical.choice,
 Quot.sound]
AXIOM AUDIT declaration: DefiKernel.Interface.Tests.eventsEq; module=DefiKernel.Interface.Tests; kind=definition; axioms=[propext,
 Classical.choice,
 Quot.sound]
AXIOM AUDIT declaration: DefiKernel.Interface.Tests.execute; module=DefiKernel.Interface.Tests; kind=definition; axioms=[propext,
 Classical.choice,
 Quot.sound]
AXIOM AUDIT declaration: DefiKernel.Interface.Tests.groupBoth; module=DefiKernel.Interface.Tests; kind=definition; axioms=[propext,
 Classical.choice,
 Quot.sound]
AXIOM AUDIT declaration: DefiKernel.Interface.Tests.groupChecks; module=DefiKernel.Interface.Tests; kind=definition; axioms=[propext,
 Classical.choice,
 Quot.sound]
AXIOM AUDIT declaration: DefiKernel.Interface.Tests.groupFirst; module=DefiKernel.Interface.Tests; kind=definition; axioms=[propext,
 Classical.choice,
 Quot.sound]
AXIOM AUDIT declaration: DefiKernel.Interface.Tests.invalidCfg; module=DefiKernel.Interface.Tests; kind=definition; axioms=[propext,
 Quot.sound]
AXIOM AUDIT declaration: DefiKernel.Interface.Tests.localEq; module=DefiKernel.Interface.Tests; kind=definition; axioms=[propext,
 Classical.choice,
 Quot.sound]
AXIOM AUDIT declaration: DefiKernel.Interface.Tests.machineEq; module=DefiKernel.Interface.Tests; kind=definition; axioms=[propext,
 Classical.choice,
 Quot.sound]
AXIOM AUDIT declaration: DefiKernel.Interface.Tests.minted; module=DefiKernel.Interface.Tests; kind=definition; axioms=[propext,
 Classical.choice,
 Quot.sound]
AXIOM AUDIT declaration: DefiKernel.Interface.Tests.mixedRegion; module=DefiKernel.Interface.Tests; kind=definition; axioms=[propext,
 Quot.sound]
AXIOM AUDIT declaration: DefiKernel.Interface.Tests.oneSidedRun; module=DefiKernel.Interface.Tests; kind=definition; axioms=[propext,
 Classical.choice,
 Quot.sound]
AXIOM AUDIT declaration: DefiKernel.Interface.Tests.outcomeEq; module=DefiKernel.Interface.Tests; kind=definition; axioms=[propext,
 Classical.choice,
 Quot.sound]
AXIOM AUDIT declaration: DefiKernel.Interface.Tests.pairRegion; module=DefiKernel.Interface.Tests; kind=definition; axioms=[propext,
 Quot.sound]
AXIOM AUDIT declaration: DefiKernel.Interface.Tests.pairedRun; module=DefiKernel.Interface.Tests; kind=definition; axioms=[propext,
 Classical.choice,
 Quot.sound]
AXIOM AUDIT declaration: DefiKernel.Interface.Tests.positiveTransfer; module=DefiKernel.Interface.Tests; kind=definition; axioms=[propext,
 Classical.choice,
 Quot.sound]
AXIOM AUDIT declaration: DefiKernel.Interface.Tests.query; module=DefiKernel.Interface.Tests; kind=definition; axioms=[propext,
 Quot.sound]
AXIOM AUDIT declaration: DefiKernel.Interface.Tests.queryEq; module=DefiKernel.Interface.Tests; kind=definition; axioms=[propext,
 Quot.sound]
AXIOM AUDIT declaration: DefiKernel.Interface.Tests.redundantEdges; module=DefiKernel.Interface.Tests; kind=definition; axioms=[]
AXIOM AUDIT declaration: DefiKernel.Interface.Tests.regionChecks; module=DefiKernel.Interface.Tests; kind=definition; axioms=[propext,
 Classical.choice,
 Quot.sound]
AXIOM AUDIT declaration: DefiKernel.Interface.Tests.repeatedRun; module=DefiKernel.Interface.Tests; kind=definition; axioms=[propext,
 Classical.choice,
 Quot.sound]
AXIOM AUDIT declaration: DefiKernel.Interface.Tests.resultEq; module=DefiKernel.Interface.Tests; kind=definition; axioms=[propext,
 Classical.choice,
 Quot.sound]
AXIOM AUDIT declaration: DefiKernel.Interface.Tests.resultHas; module=DefiKernel.Interface.Tests; kind=definition; axioms=[propext,
 Quot.sound]
AXIOM AUDIT declaration: DefiKernel.Interface.Tests.runtimeChecks; module=DefiKernel.Interface.Tests; kind=definition; axioms=[propext,
 Classical.choice,
 Quot.sound]
AXIOM AUDIT declaration: DefiKernel.Interface.Tests.schedule17; module=DefiKernel.Interface.Tests; kind=definition; axioms=[]
AXIOM AUDIT declaration: DefiKernel.Interface.Tests.schedule19; module=DefiKernel.Interface.Tests; kind=definition; axioms=[]
AXIOM AUDIT declaration: DefiKernel.Interface.Tests.schedule20; module=DefiKernel.Interface.Tests; kind=definition; axioms=[]
AXIOM AUDIT declaration: DefiKernel.Interface.Tests.shared; module=DefiKernel.Interface.Tests; kind=definition; axioms=[propext,
 Classical.choice,
 Quot.sound]
AXIOM AUDIT declaration: DefiKernel.Interface.Tests.sharedChecks; module=DefiKernel.Interface.Tests; kind=definition; axioms=[propext,
 Classical.choice,
 Quot.sound]
AXIOM AUDIT declaration: DefiKernel.Interface.Tests.sharedEq; module=DefiKernel.Interface.Tests; kind=definition; axioms=[propext,
 Classical.choice,
 Quot.sound]
AXIOM AUDIT declaration: DefiKernel.Interface.Tests.sharedPrefix; module=DefiKernel.Interface.Tests; kind=definition; axioms=[propext,
 Classical.choice,
 Quot.sound]
AXIOM AUDIT declaration: DefiKernel.Interface.Tests.sharedReceipts; module=DefiKernel.Interface.Tests; kind=definition; axioms=[propext,
 Quot.sound]
AXIOM AUDIT declaration: DefiKernel.Interface.Tests.singleRegion; module=DefiKernel.Interface.Tests; kind=definition; axioms=[propext,
 Quot.sound]
AXIOM AUDIT declaration: DefiKernel.Interface.Tests.snapshotFirstRun; module=DefiKernel.Interface.Tests; kind=definition; axioms=[propext,
 Classical.choice,
 Quot.sound]
AXIOM AUDIT declaration: DefiKernel.Interface.Tests.snapshotRun; module=DefiKernel.Interface.Tests; kind=definition; axioms=[propext,
 Classical.choice,
 Quot.sound]
AXIOM AUDIT declaration: DefiKernel.Interface.Tests.transfer; module=DefiKernel.Interface.Tests; kind=definition; axioms=[propext,
 Classical.choice,
 Quot.sound]
AXIOM AUDIT declaration: DefiKernel.Interface.Tests.transitiveEdges; module=DefiKernel.Interface.Tests; kind=definition; axioms=[]
AXIOM AUDIT declaration: DefiKernel.Interface.Tests.tripleRegion; module=DefiKernel.Interface.Tests; kind=definition; axioms=[propext,
 Quot.sound]
AXIOM AUDIT declaration: DefiKernel.Interface.Tests.unequal; module=DefiKernel.Interface.Tests; kind=definition; axioms=[]
AXIOM AUDIT declaration: DefiKernel.Interface.Tests.wellFormed; module=DefiKernel.Interface.Tests; kind=definition; axioms=[propext,
 Classical.choice,
 Quot.sound]
AXIOM AUDIT declaration: DefiKernel.Interface.Tests.worldEq; module=DefiKernel.Interface.Tests; kind=definition; axioms=[propext,
 Classical.choice,
 Quot.sound]
AXIOM AUDIT declaration: DefiKernel.Interface.attemptDelta.match_1; module=DefiKernel.Interface.AccountingInterleaving; kind=definition; axioms=[propext,
 Quot.sound]
AXIOM AUDIT declaration: DefiKernel.Interface.bindingsHold.match_1; module=DefiKernel.Interface.Bindings; kind=definition; axioms=[]
AXIOM AUDIT declaration: DefiKernel.Interface.checkEdge.match_1; module=DefiKernel.Interface.Bindings; kind=definition; axioms=[]
AXIOM AUDIT declaration: DefiKernel.Interface.checkEdgesFrom._f; module=DefiKernel.Interface.Bindings; kind=definition; axioms=[propext,
 Quot.sound]
AXIOM AUDIT declaration: DefiKernel.Interface.checkEdgesFrom._sunfold; module=DefiKernel.Interface.Bindings; kind=definition; axioms=[propext,
 Quot.sound]
AXIOM AUDIT declaration: DefiKernel.Interface.checkEdgesFrom._unsafe_rec; module=DefiKernel.Interface.Bindings; kind=definition; axioms=[propext,
 Quot.sound]
AXIOM AUDIT declaration: DefiKernel.Interface.checkEdgesFrom.match_1; module=DefiKernel.Interface.Bindings; kind=definition; axioms=[]
AXIOM AUDIT declaration: DefiKernel.Interface.checkEdgesFrom.match_3; module=DefiKernel.Interface.Bindings; kind=definition; axioms=[]
AXIOM AUDIT declaration: DefiKernel.Interface.instDecidableEqBindingFailure.decEq; module=DefiKernel.Interface.Bindings; kind=definition; axioms=[]
AXIOM AUDIT declaration: DefiKernel.Interface.instDecidableEqEndpointFailure.decEq; module=DefiKernel.Interface.Bindings; kind=definition; axioms=[]
AXIOM AUDIT declaration: DefiKernel.Interface.instReprBindingFailure.repr; module=DefiKernel.Interface.Bindings; kind=definition; axioms=[propext]
AXIOM AUDIT declaration: DefiKernel.Interface.instReprEndpointFailure.repr; module=DefiKernel.Interface.Bindings; kind=definition; axioms=[]
AXIOM AUDIT declaration: DefiKernel.Interface.instReprEndpointSide.repr; module=DefiKernel.Interface.Bindings; kind=definition; axioms=[]
AXIOM AUDIT declaration: DefiKernel.Interface.receiptCellEffect.match_1; module=DefiKernel.Interface.Regions; kind=definition; axioms=[]
AXIOM AUDIT declaration: DefiKernel.Interface.resolveExport.match_1; module=DefiKernel.Interface.Bindings; kind=definition; axioms=[]
AXIOM AUDIT declaration: DefiKernel.Interface.resolveExport.match_3; module=DefiKernel.Interface.Bindings; kind=definition; axioms=[]
AXIOM AUDIT declaration: DefiKernel.Interface.Audit.main.match_1; module=DefiKernel.Interface.Audit; kind=definition; axioms=[]
AXIOM AUDIT declaration: DefiKernel.Interface.BindingFailure.assetMismatch.elim; module=DefiKernel.Interface.Bindings; kind=definition; axioms=[]
AXIOM AUDIT declaration: DefiKernel.Interface.BindingFailure.assetMismatch.noConfusion; module=DefiKernel.Interface.Bindings; kind=definition; axioms=[]
AXIOM AUDIT declaration: DefiKernel.Interface.BindingFailure.configuration.elim; module=DefiKernel.Interface.Bindings; kind=definition; axioms=[]
AXIOM AUDIT declaration: DefiKernel.Interface.BindingFailure.domainMismatch.elim; module=DefiKernel.Interface.Bindings; kind=definition; axioms=[]
AXIOM AUDIT declaration: DefiKernel.Interface.BindingFailure.domainMismatch.noConfusion; module=DefiKernel.Interface.Bindings; kind=definition; axioms=[]
AXIOM AUDIT declaration: DefiKernel.Interface.BindingFailure.endpoint.elim; module=DefiKernel.Interface.Bindings; kind=definition; axioms=[]
AXIOM AUDIT declaration: DefiKernel.Interface.BindingFailure.endpoint.noConfusion; module=DefiKernel.Interface.Bindings; kind=definition; axioms=[]
AXIOM AUDIT declaration: DefiKernel.Interface.BindingFailure.unequal.elim; module=DefiKernel.Interface.Bindings; kind=definition; axioms=[]
AXIOM AUDIT declaration: DefiKernel.Interface.BindingFailure.unequal.noConfusion; module=DefiKernel.Interface.Bindings; kind=definition; axioms=[]
AXIOM AUDIT declaration: DefiKernel.Interface.EndpointFailure.missingComponent.elim; module=DefiKernel.Interface.Bindings; kind=definition; axioms=[]
AXIOM AUDIT declaration: DefiKernel.Interface.EndpointFailure.missingComponent.noConfusion; module=DefiKernel.Interface.Bindings; kind=definition; axioms=[]
AXIOM AUDIT declaration: DefiKernel.Interface.EndpointFailure.missingPort.elim; module=DefiKernel.Interface.Bindings; kind=definition; axioms=[]
AXIOM AUDIT declaration: DefiKernel.Interface.EndpointFailure.missingPort.noConfusion; module=DefiKernel.Interface.Bindings; kind=definition; axioms=[]
AXIOM AUDIT declaration: DefiKernel.Interface.EndpointSide.left.elim; module=DefiKernel.Interface.Bindings; kind=definition; axioms=[]
AXIOM AUDIT declaration: DefiKernel.Interface.EndpointSide.right.elim; module=DefiKernel.Interface.Bindings; kind=definition; axioms=[]
AXIOM AUDIT declaration: DefiKernel.Interface.Examples.Asset._sizeOf_1; module=DefiKernel.Interface.Examples; kind=definition; axioms=[]
AXIOM AUDIT declaration: DefiKernel.Interface.Examples.Asset._sizeOf_inst; module=DefiKernel.Interface.Examples; kind=definition; axioms=[]
AXIOM AUDIT declaration: DefiKernel.Interface.Examples.Asset.casesOn; module=DefiKernel.Interface.Examples; kind=definition; axioms=[]
AXIOM AUDIT declaration: DefiKernel.Interface.Examples.Asset.ctorElim; module=DefiKernel.Interface.Examples; kind=definition; axioms=[]
AXIOM AUDIT declaration: DefiKernel.Interface.Examples.Asset.ctorElimType; module=DefiKernel.Interface.Examples; kind=definition; axioms=[]
AXIOM AUDIT declaration: DefiKernel.Interface.Examples.Asset.ctorIdx; module=DefiKernel.Interface.Examples; kind=definition; axioms=[]
AXIOM AUDIT declaration: DefiKernel.Interface.Examples.Asset.noConfusion; module=DefiKernel.Interface.Examples; kind=definition; axioms=[]
AXIOM AUDIT declaration: DefiKernel.Interface.Examples.Asset.noConfusionType; module=DefiKernel.Interface.Examples; kind=definition; axioms=[]
AXIOM AUDIT declaration: DefiKernel.Interface.Examples.Asset.ofNat; module=DefiKernel.Interface.Examples; kind=definition; axioms=[]
AXIOM AUDIT declaration: DefiKernel.Interface.Examples.Asset.recOn; module=DefiKernel.Interface.Examples; kind=definition; axioms=[]
AXIOM AUDIT declaration: DefiKernel.Interface.Examples.Asset.toCtorIdx; module=DefiKernel.Interface.Examples; kind=definition; axioms=[]
AXIOM AUDIT declaration: DefiKernel.Interface.Examples.Domain._sizeOf_1; module=DefiKernel.Interface.Examples; kind=definition; axioms=[]
AXIOM AUDIT declaration: DefiKernel.Interface.Examples.Domain._sizeOf_inst; module=DefiKernel.Interface.Examples; kind=definition; axioms=[]
AXIOM AUDIT declaration: DefiKernel.Interface.Examples.Domain.casesOn; module=DefiKernel.Interface.Examples; kind=definition; axioms=[]
AXIOM AUDIT declaration: DefiKernel.Interface.Examples.Domain.ctorElim; module=DefiKernel.Interface.Examples; kind=definition; axioms=[]
AXIOM AUDIT declaration: DefiKernel.Interface.Examples.Domain.ctorElimType; module=DefiKernel.Interface.Examples; kind=definition; axioms=[]
AXIOM AUDIT declaration: DefiKernel.Interface.Examples.Domain.ctorIdx; module=DefiKernel.Interface.Examples; kind=definition; axioms=[]
AXIOM AUDIT declaration: DefiKernel.Interface.Examples.Domain.noConfusion; module=DefiKernel.Interface.Examples; kind=definition; axioms=[]
AXIOM AUDIT declaration: DefiKernel.Interface.Examples.Domain.noConfusionType; module=DefiKernel.Interface.Examples; kind=definition; axioms=[]
AXIOM AUDIT declaration: DefiKernel.Interface.Examples.Domain.ofNat; module=DefiKernel.Interface.Examples; kind=definition; axioms=[]
AXIOM AUDIT declaration: DefiKernel.Interface.Examples.Domain.recOn; module=DefiKernel.Interface.Examples; kind=definition; axioms=[]
AXIOM AUDIT declaration: DefiKernel.Interface.Examples.Domain.toCtorIdx; module=DefiKernel.Interface.Examples; kind=definition; axioms=[]
AXIOM AUDIT declaration: DefiKernel.Interface.Examples.Party._sizeOf_1; module=DefiKernel.Interface.Examples; kind=definition; axioms=[]
AXIOM AUDIT declaration: DefiKernel.Interface.Examples.Party._sizeOf_inst; module=DefiKernel.Interface.Examples; kind=definition; axioms=[]
AXIOM AUDIT declaration: DefiKernel.Interface.Examples.Party.casesOn; module=DefiKernel.Interface.Examples; kind=definition; axioms=[]
AXIOM AUDIT declaration: DefiKernel.Interface.Examples.Party.ctorElim; module=DefiKernel.Interface.Examples; kind=definition; axioms=[]
AXIOM AUDIT declaration: DefiKernel.Interface.Examples.Party.ctorElimType; module=DefiKernel.Interface.Examples; kind=definition; axioms=[]
AXIOM AUDIT declaration: DefiKernel.Interface.Examples.Party.ctorIdx; module=DefiKernel.Interface.Examples; kind=definition; axioms=[]
AXIOM AUDIT declaration: DefiKernel.Interface.Examples.Party.noConfusion; module=DefiKernel.Interface.Examples; kind=definition; axioms=[]
AXIOM AUDIT declaration: DefiKernel.Interface.Examples.Party.noConfusionType; module=DefiKernel.Interface.Examples; kind=definition; axioms=[]
AXIOM AUDIT declaration: DefiKernel.Interface.Examples.Party.ofNat; module=DefiKernel.Interface.Examples; kind=definition; axioms=[]
AXIOM AUDIT declaration: DefiKernel.Interface.Examples.Party.recOn; module=DefiKernel.Interface.Examples; kind=definition; axioms=[]
AXIOM AUDIT declaration: DefiKernel.Interface.Examples.Party.toCtorIdx; module=DefiKernel.Interface.Examples; kind=definition; axioms=[]
AXIOM AUDIT declaration: DefiKernel.Interface.Examples.instReprAsset.repr; module=DefiKernel.Interface.Examples; kind=definition; axioms=[]
AXIOM AUDIT declaration: DefiKernel.Interface.Examples.instReprDomain.repr; module=DefiKernel.Interface.Examples; kind=definition; axioms=[]
AXIOM AUDIT declaration: DefiKernel.Interface.Examples.instReprParty.repr; module=DefiKernel.Interface.Examples; kind=definition; axioms=[]
AXIOM AUDIT declaration: DefiKernel.Interface.Examples.registry.match_1; module=DefiKernel.Interface.Examples; kind=definition; axioms=[]
AXIOM AUDIT declaration: DefiKernel.Interface.Region.mk._flat_ctor; module=DefiKernel.Interface.Regions; kind=definition; axioms=[propext,
 Quot.sound]
AXIOM AUDIT declaration: DefiKernel.Interface.Region.mk.noConfusion; module=DefiKernel.Interface.Regions; kind=definition; axioms=[propext,
 Quot.sound]
AXIOM AUDIT declaration: DefiKernel.Interface.Tests.bindingChecks.match_1; module=DefiKernel.Interface.Tests; kind=definition; axioms=[]
AXIOM AUDIT declaration: DefiKernel.Interface.Tests.eventsEq.match_1; module=DefiKernel.Interface.Tests; kind=definition; axioms=[propext,
 Quot.sound]
AXIOM AUDIT declaration: DefiKernel.Interface.Tests.machineEq.match_1; module=DefiKernel.Interface.Tests; kind=definition; axioms=[propext,
 Quot.sound]
AXIOM AUDIT declaration: DefiKernel.Interface.Tests.outcomeEq._sparseCasesOn_1; module=DefiKernel.Interface.Tests; kind=definition; axioms=[propext]
AXIOM AUDIT declaration: DefiKernel.Interface.Tests.outcomeEq._sparseCasesOn_2; module=DefiKernel.Interface.Tests; kind=definition; axioms=[propext]
AXIOM AUDIT declaration: DefiKernel.Interface.Tests.outcomeEq.match_1; module=DefiKernel.Interface.Tests; kind=definition; axioms=[propext,
 Quot.sound]
AXIOM AUDIT declaration: DefiKernel.Interface.Tests.resultHas.match_1; module=DefiKernel.Interface.Tests; kind=definition; axioms=[propext,
 Quot.sound]
AXIOM AUDIT declaration: DefiKernel.Interface.Tests.sharedEq.match_1; module=DefiKernel.Interface.Tests; kind=definition; axioms=[propext,
 Quot.sound]
AXIOM AUDIT declaration: DefiKernel.Interface.Tests.sharedReceipts.match_1; module=DefiKernel.Interface.Tests; kind=definition; axioms=[propext,
 Quot.sound]
AXIOM AUDIT declaration: DefiKernel.Interface.instDecidableEqBindingFailure.decEq.match_1; module=DefiKernel.Interface.Bindings; kind=definition; axioms=[]
AXIOM AUDIT declaration: DefiKernel.Interface.instDecidableEqEndpointFailure.decEq.match_1; module=DefiKernel.Interface.Bindings; kind=definition; axioms=[]
AXIOM AUDIT declaration: DefiKernel.Interface.instReprBindingFailure.repr.match_1; module=DefiKernel.Interface.Bindings; kind=definition; axioms=[]
AXIOM AUDIT declaration: DefiKernel.Interface.instReprEndpointFailure.repr.match_1; module=DefiKernel.Interface.Bindings; kind=definition; axioms=[]
AXIOM AUDIT declaration: DefiKernel.Interface.instReprEndpointSide.repr.match_1; module=DefiKernel.Interface.Bindings; kind=definition; axioms=[]
AXIOM AUDIT declaration: _private.DefiKernel.Interface.BindingPreservation.0.DefiKernel.Interface.receiptCellEffect.match_1.splitter; module=DefiKernel.Interface.BindingPreservation; kind=definition; axioms=[]
AXIOM AUDIT declaration: _private.DefiKernel.Interface.BindingResolution.0.DefiKernel.Composition.validateCatalog.match_1.splitter; module=DefiKernel.Interface.BindingResolution; kind=definition; axioms=[]
AXIOM AUDIT declaration: _private.DefiKernel.Interface.Bindings.0.DefiKernel.Interface.checkEdgesFrom.match_1.splitter; module=DefiKernel.Interface.Bindings; kind=definition; axioms=[]
AXIOM AUDIT declaration: _private.DefiKernel.Interface.Bindings.0.DefiKernel.Interface.checkEdgesFrom.match_3.splitter; module=DefiKernel.Interface.Bindings; kind=definition; axioms=[]
AXIOM AUDIT declaration: DefiKernel.Interface.Examples.Asset.eur.elim; module=DefiKernel.Interface.Examples; kind=definition; axioms=[]
AXIOM AUDIT declaration: DefiKernel.Interface.Examples.Asset.usd.elim; module=DefiKernel.Interface.Examples; kind=definition; axioms=[]
AXIOM AUDIT declaration: DefiKernel.Interface.Examples.Domain.away.elim; module=DefiKernel.Interface.Examples; kind=definition; axioms=[]
AXIOM AUDIT declaration: DefiKernel.Interface.Examples.Domain.home.elim; module=DefiKernel.Interface.Examples; kind=definition; axioms=[]
AXIOM AUDIT declaration: DefiKernel.Interface.Examples.Party.admin.elim; module=DefiKernel.Interface.Examples; kind=definition; axioms=[]
AXIOM AUDIT declaration: DefiKernel.Interface.Examples.Party.alice.elim; module=DefiKernel.Interface.Examples; kind=definition; axioms=[]
AXIOM AUDIT declaration: DefiKernel.Interface.Examples.Party.bob.elim; module=DefiKernel.Interface.Examples; kind=definition; axioms=[]
AXIOM AUDIT declaration: DefiKernel.Interface.Examples.Party.carol.elim; module=DefiKernel.Interface.Examples; kind=definition; axioms=[]
AXIOM AUDIT declaration: DefiKernel.Interface.Examples.Party.total.elim; module=DefiKernel.Interface.Examples; kind=definition; axioms=[]
AXIOM AUDIT declaration: DefiKernel.Interface.Examples.instReprAsset.repr.match_1; module=DefiKernel.Interface.Examples; kind=definition; axioms=[]
AXIOM AUDIT declaration: DefiKernel.Interface.Examples.instReprDomain.repr.match_1; module=DefiKernel.Interface.Examples; kind=definition; axioms=[]
AXIOM AUDIT declaration: DefiKernel.Interface.Examples.instReprParty.repr.match_1; module=DefiKernel.Interface.Examples; kind=definition; axioms=[]
AXIOM AUDIT DECLARATIONS PASSED: 356/356 supplemental declarations; forbidden=0
AXIOM AUDIT PASSED: 310/310 theorems; forbidden=0
