{
  "declared": 41,
  "match": 41,
  "mismatch": 0,
  "all_match": true,
  "rows": [
    {
      "path": "AGENTS.md",
      "expected": "5afc44d28b7c99fb4765f34f23112fb13ae35fe345a9dc1f9e438742c2d51267",
      "actual": "5afc44d28b7c99fb4765f34f23112fb13ae35fe345a9dc1f9e438742c2d51267",
      "match": true,
      "bytes": 11223
    },
    {
      "path": "p23-source-entry-inspection/readiness.json",
      "expected": "9f2ff3df927222ab639aee5af842038f29aea6866ceff070dad13c6a6d71cd19",
      "actual": "9f2ff3df927222ab639aee5af842038f29aea6866ceff070dad13c6a6d71cd19",
      "match": true,
      "bytes": 6544
    },
    {
      "path": "p23-source-entry-inspection/upstream-selected-files.tar.gz",
      "expected": "e9e7ba25b2145c4d78b72a8df71527e1e4349e41a2890d0e4e2bdfcdc15c173c",
      "actual": "e9e7ba25b2145c4d78b72a8df71527e1e4349e41a2890d0e4e2bdfcdc15c173c",
      "match": true,
      "bytes": 33017
    },
    {
      "path": "p23-source-entry-inspection/README.md",
      "expected": "17c94a92c7e75707367f8a433b56d4641d0215d7f9145e185dc5b80b54b440c9",
      "actual": "17c94a92c7e75707367f8a433b56d4641d0215d7f9145e185dc5b80b54b440c9",
      "match": true,
      "bytes": 1494
    },
    {
      "path": "p23-source-entry-inspection/manifest.json",
      "expected": "6afd76251bd3afa09aab542f6ff46cf34b89e9789c3725b41ea6cde9f7f2238d",
      "actual": "6afd76251bd3afa09aab542f6ff46cf34b89e9789c3725b41ea6cde9f7f2238d",
      "match": true,
      "bytes": 1887
    },
    {
      "path": "p23-v1-source-entry-preparation/readiness.json",
      "expected": "bdc0c15688460c61860b69bce7abe91168e686163aff0c44a3e6a2bb1fc088c5",
      "actual": "bdc0c15688460c61860b69bce7abe91168e686163aff0c44a3e6a2bb1fc088c5",
      "match": true,
      "bytes": 7661
    },
    {
      "path": "p23-v1-source-entry-preparation/upstream-selected-files.tar.gz",
      "expected": "7b6e13d20a9905213e84ef65199eabfdf28f4caa08a5c0ef7a80176a201e8701",
      "actual": "7b6e13d20a9905213e84ef65199eabfdf28f4caa08a5c0ef7a80176a201e8701",
      "match": true,
      "bytes": 62301
    },
    {
      "path": "p23-v1-source-entry-preparation/README.md",
      "expected": "40619c909c614a8f667a0594f80e1530b0fc4d35c48b0b51bc7f86955dedf520",
      "actual": "40619c909c614a8f667a0594f80e1530b0fc4d35c48b0b51bc7f86955dedf520",
      "match": true,
      "bytes": 1277
    },
    {
      "path": "p23-v1-source-entry-preparation/manifest.json",
      "expected": "1bad565e7fcc3bbbcb985d98af45825cc17fc34ccceced3bd7bf4a8e4d377672",
      "actual": "1bad565e7fcc3bbbcb985d98af45825cc17fc34ccceced3bd7bf4a8e4d377672",
      "match": true,
      "bytes": 2189
    },
    {
      "path": "openspec/changes/reusable-verification-platform-program/proposal.md",
      "expected": "c44d9f99671163b76c53d89681fb86f78ce1b2920d0543b15bb156084165ca0a",
      "actual": "c44d9f99671163b76c53d89681fb86f78ce1b2920d0543b15bb156084165ca0a",
      "match": true,
      "bytes": 6116
    },
    {
      "path": "openspec/changes/reusable-verification-platform-program/tasks.md",
      "expected": "b6cad0985585a2ecff893ae3ada3b6ec2ced805fbd9214c9c0ee436f8640a4de",
      "actual": "b6cad0985585a2ecff893ae3ada3b6ec2ced805fbd9214c9c0ee436f8640a4de",
      "match": true,
      "bytes": 45818
    },
    {
      "path": "openspec/changes/reusable-verification-platform-program/specs/source-bound-library-families/spec.md",
      "expected": "2cd835900015ead0f99cca2d0d2bd4af81ed8cb4482bab960feac4d6821e3dcf",
      "actual": "2cd835900015ead0f99cca2d0d2bd4af81ed8cb4482bab960feac4d6821e3dcf",
      "match": true,
      "bytes": 15902
    },
    {
      "path": "research/positive-program/phase2/P2-SCOPE.md",
      "expected": "7130ed3f8873e41b4ad91beade0c5412e81aa08c9090e8c2f5c66c72ba8c2c40",
      "actual": "7130ed3f8873e41b4ad91beade0c5412e81aa08c9090e8c2f5c66c72ba8c2c40",
      "match": true,
      "bytes": 18069
    },
    {
      "path": "research/positive-program/phase2/P2-CONTRACT.md",
      "expected": "e02fe92178df7e43dd6260e496481987f4f7542532014b403789e62e4c2e2cb3",
      "actual": "e02fe92178df7e43dd6260e496481987f4f7542532014b403789e62e4c2e2cb3",
      "match": true,
      "bytes": 20677
    },
    {
      "path": "p23-v1-source-entry-preparation/upstream/package.json",
      "expected": "962eb08404dcc645572570ada45434fb9fc66460ae16aa5b8691825402d64c25",
      "actual": "962eb08404dcc645572570ada45434fb9fc66460ae16aa5b8691825402d64c25",
      "match": true,
      "bytes": 4667
    },
    {
      "path": "p23-v1-source-entry-preparation/upstream/LICENSE",
      "expected": "b313624bf48f8540074bbcca0c41e9d06ce89d29443c9e25d579f83727688dfc",
      "actual": "b313624bf48f8540074bbcca0c41e9d06ce89d29443c9e25d579f83727688dfc",
      "match": true,
      "bytes": 80593
    },
    {
      "path": "p23-v1-source-entry-preparation/upstream/packages/contracts/package.json",
      "expected": "0205dda6285bfb2552377d481c48b05de5ea6b6fa24be3185e900139a1a2f8a3",
      "actual": "0205dda6285bfb2552377d481c48b05de5ea6b6fa24be3185e900139a1a2f8a3",
      "match": true,
      "bytes": 1173
    },
    {
      "path": "p23-v1-source-entry-preparation/upstream/packages/contracts/hardhat.config.js",
      "expected": "8002295cb2f15248dbf72dd195c00e4e28e53140317a4c907bcc1df1759091e3",
      "actual": "8002295cb2f15248dbf72dd195c00e4e28e53140317a4c907bcc1df1759091e3",
      "match": true,
      "bytes": 2942
    },
    {
      "path": "p23-v1-source-entry-preparation/upstream/packages/contracts/LICENSE",
      "expected": "605e9047a563c5c8396ffb18232aa4304ec56586aee537c45064c6fb425e44ad",
      "actual": "605e9047a563c5c8396ffb18232aa4304ec56586aee537c45064c6fb425e44ad",
      "match": true,
      "bytes": 35129
    },
    {
      "path": "p23-v1-source-entry-preparation/upstream/packages/contracts/contracts/TroveManager.sol",
      "expected": "30871ff587a8d0208340699023c2ce3f9f2279d1472cb4448770d74bf81b1c96",
      "actual": "30871ff587a8d0208340699023c2ce3f9f2279d1472cb4448770d74bf81b1c96",
      "match": true,
      "bytes": 68444
    },
    {
      "path": "p23-v1-source-entry-preparation/upstream/packages/contracts/contracts/ActivePool.sol",
      "expected": "0f5144d52ee7ed69b7adee7ec9987759312748fa7d183d3c9c0be661b4b0471b",
      "actual": "0f5144d52ee7ed69b7adee7ec9987759312748fa7d183d3c9c0be661b4b0471b",
      "match": true,
      "bytes": 4566
    },
    {
      "path": "p23-v1-source-entry-preparation/upstream/packages/contracts/contracts/DefaultPool.sol",
      "expected": "46d9e0af158cb38df2d4d3ed7eb962b815aa0219d73411b0892c580bf62e50e4",
      "actual": "46d9e0af158cb38df2d4d3ed7eb962b815aa0219d73411b0892c580bf62e50e4",
      "match": true,
      "bytes": 3543
    },
    {
      "path": "p23-v1-source-entry-preparation/upstream/packages/contracts/contracts/LUSDToken.sol",
      "expected": "d51c34e6b5b779da4ec2016fac2261d93432b8ea67cf76d31fbf677acb659969",
      "actual": "d51c34e6b5b779da4ec2016fac2261d93432b8ea67cf76d31fbf677acb659969",
      "match": true,
      "bytes": 11452
    },
    {
      "path": "p23-v1-source-entry-preparation/upstream/packages/contracts/contracts/SortedTroves.sol",
      "expected": "480a8a4bb3f396e9279d9025843c388fd9d625749e780373d103290d17fbafc0",
      "actual": "480a8a4bb3f396e9279d9025843c388fd9d625749e780373d103290d17fbafc0",
      "match": true,
      "bytes": 16936
    },
    {
      "path": "p23-v1-source-entry-preparation/upstream/packages/contracts/contracts/Dependencies/LiquityMath.sol",
      "expected": "0d418289d7ba0ab052d1fff29b3c832bd809175d9bd69b8cd5552184a5e1bf17",
      "actual": "0d418289d7ba0ab052d1fff29b3c832bd809175d9bd69b8cd5552184a5e1bf17",
      "match": true,
      "bytes": 3943
    },
    {
      "path": "p23-v1-source-entry-preparation/upstream/packages/contracts/contracts/Dependencies/BaseMath.sol",
      "expected": "fada1c3c95dcfa780a6d03bab5e1f329201a30ec94140b54818559f9e720cbc4",
      "actual": "fada1c3c95dcfa780a6d03bab5e1f329201a30ec94140b54818559f9e720cbc4",
      "match": true,
      "bytes": 131
    },
    {
      "path": "p23-v1-source-entry-preparation/upstream/packages/contracts/contracts/Dependencies/LiquityBase.sol",
      "expected": "a290cf752c79d305a02a6d8d357d36a8f105fd1b63582b1c3d08e3f1e34bae2a",
      "actual": "a290cf752c79d305a02a6d8d357d36a8f105fd1b63582b1c3d08e3f1e34bae2a",
      "match": true,
      "bytes": 3256
    },
    {
      "path": "p23-v1-source-entry-preparation/upstream/packages/contracts/contracts/Dependencies/SafeMath.sol",
      "expected": "caa5397440fd9a0988eb40c136bd7a58baad05012edcf244f6b586e167e531f6",
      "actual": "caa5397440fd9a0988eb40c136bd7a58baad05012edcf244f6b586e167e531f6",
      "match": true,
      "bytes": 5469
    },
    {
      "path": "p23-source-entry-inspection/upstream/.gitmodules",
      "expected": "692c51bfefe1c4f6928d6d0dba2aa0465a1efbaeeeb28453b244473a8099c10d",
      "actual": "692c51bfefe1c4f6928d6d0dba2aa0465a1efbaeeeb28453b244473a8099c10d",
      "match": true,
      "bytes": 488
    },
    {
      "path": "p23-source-entry-inspection/upstream/LICENSE",
      "expected": "53e8e371dc9d3bc904877f5df20768c9dbceb44d3980a588f7b8d3f16c5fca7d",
      "actual": "53e8e371dc9d3bc904877f5df20768c9dbceb44d3980a588f7b8d3f16c5fca7d",
      "match": true,
      "bytes": 4317
    },
    {
      "path": "p23-source-entry-inspection/upstream/contracts/remappings.txt",
      "expected": "01533d82184c8a05411bf8df4f91d7ee8ebff097b9f918c36c29a6f1b92752be",
      "actual": "01533d82184c8a05411bf8df4f91d7ee8ebff097b9f918c36c29a6f1b92752be",
      "match": true,
      "bytes": 53
    },
    {
      "path": "p23-source-entry-inspection/upstream/contracts/foundry.toml",
      "expected": "3f766e3473ed7f36ed041e41564b47ad5ede4e7b9d67f13b1fec6dc8bd26ba06",
      "actual": "3f766e3473ed7f36ed041e41564b47ad5ede4e7b9d67f13b1fec6dc8bd26ba06",
      "match": true,
      "bytes": 1462
    },
    {
      "path": "p23-source-entry-inspection/upstream/contracts/package.json",
      "expected": "1c34861990db4507b0a6ae518d15ba48ea680a7c5e54344a952fdf34ea13a0b3",
      "actual": "1c34861990db4507b0a6ae518d15ba48ea680a7c5e54344a952fdf34ea13a0b3",
      "match": true,
      "bytes": 1843
    },
    {
      "path": "p23-source-entry-inspection/upstream/contracts/LICENSE",
      "expected": "53e8e371dc9d3bc904877f5df20768c9dbceb44d3980a588f7b8d3f16c5fca7d",
      "actual": "53e8e371dc9d3bc904877f5df20768c9dbceb44d3980a588f7b8d3f16c5fca7d",
      "match": true,
      "bytes": 4317
    },
    {
      "path": "p23-source-entry-inspection/upstream/contracts/src/TroveManager.sol",
      "expected": "8b18c9fe6480a8966eea792e5f23e4b1e1aff2536f16f3c9a9162ba39d818490",
      "actual": "8b18c9fe6480a8966eea792e5f23e4b1e1aff2536f16f3c9a9162ba39d818490",
      "match": true,
      "bytes": 89534
    },
    {
      "path": "p23-source-entry-inspection/upstream/contracts/src/ActivePool.sol",
      "expected": "61db32fda189278a0e13b68dbfa5c3e4d2a2445dd8415ca7e044517723567e0b",
      "actual": "61db32fda189278a0e13b68dbfa5c3e4d2a2445dd8415ca7e044517723567e0b",
      "match": true,
      "bytes": 14960
    },
    {
      "path": "p23-source-entry-inspection/upstream/contracts/src/SortedTroves.sol",
      "expected": "07de8ff55d677e86109169adcb0d0553fc4394e2e187289e022695935876e60c",
      "actual": "07de8ff55d677e86109169adcb0d0553fc4394e2e187289e022695935876e60c",
      "match": true,
      "bytes": 22239
    },
    {
      "path": "p23-source-entry-inspection/upstream/contracts/src/CollateralRegistry.sol",
      "expected": "a6791af1ad623b426ba1eafe1910ddea397044c68da84fe09f589b27b42dd473",
      "actual": "a6791af1ad623b426ba1eafe1910ddea397044c68da84fe09f589b27b42dd473",
      "match": true,
      "bytes": 14290
    },
    {
      "path": "p23-source-entry-inspection/upstream/contracts/src/BoldToken.sol",
      "expected": "a396281b001159b21ec4fef2da91f6d2de6b0098bc5c6bf8b03faec78f387843",
      "actual": "a396281b001159b21ec4fef2da91f6d2de6b0098bc5c6bf8b03faec78f387843",
      "match": true,
      "bytes": 5068
    },
    {
      "path": "p23-source-entry-inspection/upstream/contracts/src/Dependencies/LiquityMath.sol",
      "expected": "ba832b339100337a8cc9bfd0f93872bc9d2bd66a3bdb1367e66db425034696a9",
      "actual": "ba832b339100337a8cc9bfd0f93872bc9d2bd66a3bdb1367e66db425034696a9",
      "match": true,
      "bytes": 3057
    },
    {
      "path": "p23-source-entry-inspection/upstream/contracts/src/Dependencies/Constants.sol",
      "expected": "7c83831f63c06866ab9f5bdecb4197beb24b516879676a7145e87849584aeba3",
      "actual": "7c83831f63c06866ab9f5bdecb4197beb24b516879676a7145e87849584aeba3",
      "match": true,
      "bytes": 3687
    }
  ]
}
