✖ [818/819] Building DefiKernel.ConcentratedLiquidity.Types (699ms)
trace: .> LEAN_PATH=/home/charl/defiformal-wt-p16-token0-grok-gpt6-20260908/lean/.lake/packages/Cli/.lake/build/lib/lean:/home/charl/defiformal-wt-p16-token0-grok-gpt6-20260908/lean/.lake/packages/batteries/.lake/build/lib/lean:/home/charl/defiformal-wt-p16-token0-grok-gpt6-20260908/lean/.lake/packages/Qq/.lake/build/lib/lean:/home/charl/defiformal-wt-p16-token0-grok-gpt6-20260908/lean/.lake/packages/aesop/.lake/build/lib/lean:/home/charl/defiformal-wt-p16-token0-grok-gpt6-20260908/lean/.lake/packages/proofwidgets/.lake/build/lib/lean:/home/charl/defiformal-wt-p16-token0-grok-gpt6-20260908/lean/.lake/packages/importGraph/.lake/build/lib/lean:/home/charl/defiformal-wt-p16-token0-grok-gpt6-20260908/lean/.lake/packages/LeanSearchClient/.lake/build/lib/lean:/home/charl/defiformal-wt-p16-token0-grok-gpt6-20260908/lean/.lake/packages/plausible/.lake/build/lib/lean:/home/charl/defiformal-wt-p16-token0-grok-gpt6-20260908/lean/.lake/packages/mathlib/.lake/build/lib/lean:/home/charl/defiformal-wt-p16-token0-grok-gpt6-20260908/lean/.lake/build/lib/lean /home/charl/.elan/toolchains/leanprover--lean4---v4.33.0-rc2/bin/lean /home/charl/defiformal-wt-p16-token0-grok-gpt6-20260908/lean/DefiKernel/ConcentratedLiquidity/Types.lean -o /home/charl/defiformal-wt-p16-token0-grok-gpt6-20260908/lean/.lake/build/lib/lean/DefiKernel/ConcentratedLiquidity/Types.olean -i /home/charl/defiformal-wt-p16-token0-grok-gpt6-20260908/lean/.lake/build/lib/lean/DefiKernel/ConcentratedLiquidity/Types.ilean -c /home/charl/defiformal-wt-p16-token0-grok-gpt6-20260908/lean/.lake/build/ir/DefiKernel/ConcentratedLiquidity/Types.c --setup /home/charl/defiformal-wt-p16-token0-grok-gpt6-20260908/lean/.lake/build/ir/DefiKernel/ConcentratedLiquidity/Types.setup.json --json
error: DefiKernel/ConcentratedLiquidity/Types.lean:35:41: Function expected at
  Nat.pow_pos ?m.28
but this term has type
  0 < 2 ^ ?m.20

Note: Expected a function because this term is being applied to the argument
  256
error: DefiKernel/ConcentratedLiquidity/Types.lean:37:41: Function expected at
  Nat.pow_pos ?m.28
but this term has type
  0 < 2 ^ ?m.20

Note: Expected a function because this term is being applied to the argument
  160
error: DefiKernel/ConcentratedLiquidity/Types.lean:39:39: Function expected at
  Nat.pow_pos ?m.28
but this term has type
  0 < 2 ^ ?m.20

Note: Expected a function because this term is being applied to the argument
  96
error: Lean exited with code 1
Some required targets logged failures:
- DefiKernel.ConcentratedLiquidity.Types
