⚠ [820/822] Replayed DefiKernel.ConcentratedLiquidity.FullMath
warning: DefiKernel/ConcentratedLiquidity/FullMath.lean:60:71: This simp argument is unused:
  h

Hint: Omit it from the simp argument list.
  [apply] simp

Note: This linter can be disabled with `set_option linter.unusedSimpArgs false`
warning: DefiKernel/ConcentratedLiquidity/FullMath.lean:102:8: try 'simp' instead of 'simpa'

Note: This linter can be disabled with `set_option linter.unnecessarySimpa false`
✖ [822/822] Building DefiKernel.ConcentratedLiquidity.Token0Proofs (898ms)
trace: .> LEAN_PATH=/home/charl/defiformal-wt-p16-token0-grok-gpt6-20260908/lean/.lake/packages/Cli/.lake/build/lib/lean:/home/charl/defiformal-wt-p16-token0-grok-gpt6-20260908/lean/.lake/packages/batteries/.lake/build/lib/lean:/home/charl/defiformal-wt-p16-token0-grok-gpt6-20260908/lean/.lake/packages/Qq/.lake/build/lib/lean:/home/charl/defiformal-wt-p16-token0-grok-gpt6-20260908/lean/.lake/packages/aesop/.lake/build/lib/lean:/home/charl/defiformal-wt-p16-token0-grok-gpt6-20260908/lean/.lake/packages/proofwidgets/.lake/build/lib/lean:/home/charl/defiformal-wt-p16-token0-grok-gpt6-20260908/lean/.lake/packages/importGraph/.lake/build/lib/lean:/home/charl/defiformal-wt-p16-token0-grok-gpt6-20260908/lean/.lake/packages/LeanSearchClient/.lake/build/lib/lean:/home/charl/defiformal-wt-p16-token0-grok-gpt6-20260908/lean/.lake/packages/plausible/.lake/build/lib/lean:/home/charl/defiformal-wt-p16-token0-grok-gpt6-20260908/lean/.lake/packages/mathlib/.lake/build/lib/lean:/home/charl/defiformal-wt-p16-token0-grok-gpt6-20260908/lean/.lake/build/lib/lean /home/charl/.elan/toolchains/leanprover--lean4---v4.33.0-rc2/bin/lean /home/charl/defiformal-wt-p16-token0-grok-gpt6-20260908/lean/DefiKernel/ConcentratedLiquidity/Token0Proofs.lean -o /home/charl/defiformal-wt-p16-token0-grok-gpt6-20260908/lean/.lake/build/lib/lean/DefiKernel/ConcentratedLiquidity/Token0Proofs.olean -i /home/charl/defiformal-wt-p16-token0-grok-gpt6-20260908/lean/.lake/build/lib/lean/DefiKernel/ConcentratedLiquidity/Token0Proofs.ilean -c /home/charl/defiformal-wt-p16-token0-grok-gpt6-20260908/lean/.lake/build/ir/DefiKernel/ConcentratedLiquidity/Token0Proofs.c --setup /home/charl/defiformal-wt-p16-token0-grok-gpt6-20260908/lean/.lake/build/ir/DefiKernel/ConcentratedLiquidity/Token0Proofs.setup.json --json
error: DefiKernel/ConcentratedLiquidity/Token0Proofs.lean:11:33: unsolved goals
W a : ℕ
hle : W ≤ a
hlt : a < W + W
ha : a = W + (a - W)
hsmall : a - W < W
⊢ (W + (a - W)) % W = (W + (W + (a - W) - W)) % W
error: DefiKernel/ConcentratedLiquidity/Token0Proofs.lean:14:23: unsolved goals
W a : ℕ
hle : W ≤ a
hlt : a < W + W
ha : a = W + (a - W)
hsmall : a - W < W
⊢ (a - W) % W = a - W
error: Lean exited with code 1
Some required targets logged failures:
- DefiKernel.ConcentratedLiquidity.Token0Proofs
