⚠ [921/927] Replayed DefiKernel.Typed.Transition
warning: DefiKernel/Typed/Transition.lean:239:20: `simp_all [throw, throwThe]` is a flexible tactic modifying `⊢`. Try `simp_all?` and use the suggested `simp_all only [...]`. Alternatively, use `suffices` to explicitly state the simplified form.

Note: This linter can be disabled with `set_option linter.flexible false`
info: DefiKernel/Typed/Transition.lean:239:20: Try this:
  [apply] simp_all only [or_false, Prod.forall, true_and]
info: DefiKernel/Typed/Transition.lean:244:6: `rename_i args`
modifies the current goal, which was modified by the flexible tactic `simp_all` on line 239!
warning: DefiKernel/Typed/Transition.lean:239:20: `simp_all [throw, throwThe]` is a flexible tactic modifying `⊢`. Try `simp_all?` and use the suggested `simp_all only [...]`. Alternatively, use `suffices` to explicitly state the simplified form.

Note: This linter can be disabled with `set_option linter.flexible false`
info: DefiKernel/Typed/Transition.lean:239:20: Try this:
  [apply] simp_all only [Option.some.injEq, false_or, Prod.forall]
info: DefiKernel/Typed/Transition.lean:244:6: `rename_i args`
modifies the current goal, which was modified by the flexible tactic `simp_all` on line 239!
⚠ [926/927] Built DefiKernel.Certificates.Schema (5.8s)
warning: DefiKernel/Certificates/Schema.lean:135:100: This line exceeds the 100 character limit, please shorten it!

Note: This linter can be disabled with `set_option linter.style.longLine false`
warning: DefiKernel/Certificates/Schema.lean:376:100: This line exceeds the 100 character limit, please shorten it!

Note: This linter can be disabled with `set_option linter.style.longLine false`
warning: DefiKernel/Certificates/Schema.lean:393:100: This line exceeds the 100 character limit, please shorten it!

Note: This linter can be disabled with `set_option linter.style.longLine false`
warning: DefiKernel/Certificates/Schema.lean:489:100: This line exceeds the 100 character limit, please shorten it!

Note: This linter can be disabled with `set_option linter.style.longLine false`
warning: DefiKernel/Certificates/Schema.lean:491:100: This line exceeds the 100 character limit, please shorten it!

Note: This linter can be disabled with `set_option linter.style.longLine false`
warning: DefiKernel/Certificates/Schema.lean:493:100: This line exceeds the 100 character limit, please shorten it!

Note: This linter can be disabled with `set_option linter.style.longLine false`
⚠ [927/927] Built DefiKernel.Certificates.Decode (2.1s)
warning: DefiKernel/Certificates/Decode.lean:10:100: This line exceeds the 100 character limit, please shorten it!

Note: This linter can be disabled with `set_option linter.style.longLine false`
warning: DefiKernel/Certificates/Decode.lean:43:0: Please, write a comment here or remove this line, but do not place empty lines within commands!
Context:
                           ↓
  ⏎    throw .notJsonObject⏎⏎  let mut i : Nat := 0⏎

Note: This linter can be disabled with `set_option linter.style.emptyLine false`
warning: DefiKernel/Certificates/Decode.lean:52:0: Please, write a comment here or remove this line, but do not place empty lines within commands!
Context:
                                         ↓
  ⏎  let mut currentKey : List Char := []⏎⏎  let arr := chars.toArray⏎

Note: This linter can be disabled with `set_option linter.style.emptyLine false`
warning: DefiKernel/Certificates/Decode.lean:55:0: Please, write a comment here or remove this line, but do not place empty lines within commands!
Context:
                      ↓
  ⏎  let n := arr.size⏎⏎  while i < n do⏎

Note: This linter can be disabled with `set_option linter.style.emptyLine false`
warning: DefiKernel/Certificates/Decode.lean:138:0: Please, write a comment here or remove this line, but do not place empty lines within commands!
Context:
                 ↓
  ⏎    i := i + 1⏎⏎  if !currentNum.isEmpty then⏎

Note: This linter can be disabled with `set_option linter.style.emptyLine false`
warning: DefiKernel/Certificates/Decode.lean:143:0: Please, write a comment here or remove this line, but do not place empty lines within commands!
Context:
                                        ↓
  ⏎      throw .lexicalScientificOrFloat⏎⏎  return ()⏎

Note: This linter can be disabled with `set_option linter.style.emptyLine false`
warning: DefiKernel/Certificates/Decode.lean:129:100: This line exceeds the 100 character limit, please shorten it!

Note: This linter can be disabled with `set_option linter.style.longLine false`
warning: DefiKernel/Certificates/Decode.lean:146:100: This line exceeds the 100 character limit, please shorten it!

Note: This linter can be disabled with `set_option linter.style.longLine false`
warning: DefiKernel/Certificates/Decode.lean:431:100: This line exceeds the 100 character limit, please shorten it!
You can use "string gaps" to format long strings: within a string quotation, using a '\' at the end of a line allows you to continue the string on the following line, removing all intervening whitespace.

Note: This linter can be disabled with `set_option linter.style.longLine false`
warning: DefiKernel/Certificates/Decode.lean:517:100: This line exceeds the 100 character limit, please shorten it!
You can use "string gaps" to format long strings: within a string quotation, using a '\' at the end of a line allows you to continue the string on the following line, removing all intervening whitespace.

Note: This linter can be disabled with `set_option linter.style.longLine false`
warning: DefiKernel/Certificates/Decode.lean:902:100: This line exceeds the 100 character limit, please shorten it!
You can use "string gaps" to format long strings: within a string quotation, using a '\' at the end of a line allows you to continue the string on the following line, removing all intervening whitespace.

Note: This linter can be disabled with `set_option linter.style.longLine false`
warning: DefiKernel/Certificates/Decode.lean:958:100: This line exceeds the 100 character limit, please shorten it!
You can use "string gaps" to format long strings: within a string quotation, using a '\' at the end of a line allows you to continue the string on the following line, removing all intervening whitespace.

Note: This linter can be disabled with `set_option linter.style.longLine false`
warning: DefiKernel/Certificates/Decode.lean:1059:100: This line exceeds the 100 character limit, please shorten it!
You can use "string gaps" to format long strings: within a string quotation, using a '\' at the end of a line allows you to continue the string on the following line, removing all intervening whitespace.

Note: This linter can be disabled with `set_option linter.style.longLine false`
warning: DefiKernel/Certificates/Decode.lean:1123:100: This line exceeds the 100 character limit, please shorten it!
You can use "string gaps" to format long strings: within a string quotation, using a '\' at the end of a line allows you to continue the string on the following line, removing all intervening whitespace.

Note: This linter can be disabled with `set_option linter.style.longLine false`
warning: DefiKernel/Certificates/Decode.lean:1128:100: This line exceeds the 100 character limit, please shorten it!
You can use "string gaps" to format long strings: within a string quotation, using a '\' at the end of a line allows you to continue the string on the following line, removing all intervening whitespace.

Note: This linter can be disabled with `set_option linter.style.longLine false`
warning: DefiKernel/Certificates/Decode.lean:1131:100: This line exceeds the 100 character limit, please shorten it!
You can use "string gaps" to format long strings: within a string quotation, using a '\' at the end of a line allows you to continue the string on the following line, removing all intervening whitespace.

Note: This linter can be disabled with `set_option linter.style.longLine false`
warning: DefiKernel/Certificates/Decode.lean:1143:100: This line exceeds the 100 character limit, please shorten it!
You can use "string gaps" to format long strings: within a string quotation, using a '\' at the end of a line allows you to continue the string on the following line, removing all intervening whitespace.

Note: This linter can be disabled with `set_option linter.style.longLine false`
Build completed successfully (927 jobs).
