test_positive_reproducible_read_only (corpus_tests.CorpusCLI.test_positive_reproducible_read_only) ... test_positive_reproducible_read_only: exit=0: OK build: 72 source rows; 75 candidate units; 375 facet decisions; 374 provisional agreements; 1 unresolved differences. No semantic accuracy claim.
test_positive_reproducible_read_only: exit=0: OK check: 72 source rows; 75 candidate units; 375 facet decisions; 374 provisional agreements; 1 unresolved differences. No semantic accuracy claim.
test_positive_reproducible_read_only: exit=0: OK build: 72 source rows; 75 candidate units; 375 facet decisions; 374 provisional agreements; 1 unresolved differences. No semantic accuracy claim.
test_positive_reproducible_read_only: exit=0: OK check: 72 source rows; 75 candidate units; 375 facet decisions; 374 provisional agreements; 1 unresolved differences. No semantic accuracy claim.
test_positive_reproducible_read_only: exit=1: FAIL: output directory already exists: /tmp/corpus-cli-i2vf3tr9/corpus/normalized/generated
FAIL

======================================================================
FAIL: test_positive_reproducible_read_only (corpus_tests.CorpusCLI.test_positive_reproducible_read_only)
----------------------------------------------------------------------
Traceback (most recent call last):
  File "/home/charl/defiformal/scripts/test_corpus_normalize.py", line 102, in test_positive_reproducible_read_only
    self.assertEqual(corpus['units'][0]['facets']['mechanisms'], ['auction'])
    ~~~~~~~~~~~~~~~~^^^^^^^^^^^^^^^^^^^^^^^^^^^^^^^^^^^^^^^^^^^^^^^^^^^^^^^^^
AssertionError: Lists differ: ['amm', 'auction'] != ['auction']

First differing element 0:
'amm'
'auction'

First list contains 1 additional elements.
First extra element 1:
'auction'

- ['amm', 'auction']
?  -------

+ ['auction']

----------------------------------------------------------------------
Ran 1 test in 0.735s

FAILED (failures=1)
DISCRIMINATES: always-A retained set
test_positive_reproducible_read_only (corpus_tests.CorpusCLI.test_positive_reproducible_read_only) ... test_positive_reproducible_read_only: exit=0: OK build: 72 source rows; 75 candidate units; 375 facet decisions; 374 provisional agreements; 1 unresolved differences. No semantic accuracy claim.
test_positive_reproducible_read_only: exit=0: OK check: 72 source rows; 75 candidate units; 375 facet decisions; 374 provisional agreements; 1 unresolved differences. No semantic accuracy claim.
test_positive_reproducible_read_only: exit=0: OK build: 72 source rows; 75 candidate units; 375 facet decisions; 374 provisional agreements; 1 unresolved differences. No semantic accuracy claim.
test_positive_reproducible_read_only: exit=0: OK check: 72 source rows; 75 candidate units; 375 facet decisions; 374 provisional agreements; 1 unresolved differences. No semantic accuracy claim.
test_positive_reproducible_read_only: exit=1: FAIL: output directory already exists: /tmp/corpus-cli-h99e6rq0/corpus/normalized/generated
FAIL

======================================================================
FAIL: test_positive_reproducible_read_only (corpus_tests.CorpusCLI.test_positive_reproducible_read_only)
----------------------------------------------------------------------
Traceback (most recent call last):
  File "/home/charl/defiformal/scripts/test_corpus_normalize.py", line 102, in test_positive_reproducible_read_only
    self.assertEqual(corpus['units'][0]['facets']['mechanisms'], ['auction'])
    ~~~~~~~~~~~~~~~~^^^^^^^^^^^^^^^^^^^^^^^^^^^^^^^^^^^^^^^^^^^^^^^^^^^^^^^^^
AssertionError: Lists differ: [] != ['auction']

Second list contains 1 additional elements.
First extra element 0:
'auction'

- []
+ ['auction']

----------------------------------------------------------------------
Ran 1 test in 0.728s

FAILED (failures=1)
DISCRIMINATES: drop every differing retained set
test_positive_reproducible_read_only (corpus_tests.CorpusCLI.test_positive_reproducible_read_only) ... test_positive_reproducible_read_only: exit=0: OK build: 72 source rows; 75 candidate units; 375 facet decisions; 374 provisional agreements; 1 unresolved differences. No semantic accuracy claim.
test_positive_reproducible_read_only: exit=0: OK check: 72 source rows; 75 candidate units; 375 facet decisions; 374 provisional agreements; 1 unresolved differences. No semantic accuracy claim.
test_positive_reproducible_read_only: exit=0: OK build: 72 source rows; 75 candidate units; 375 facet decisions; 374 provisional agreements; 1 unresolved differences. No semantic accuracy claim.
test_positive_reproducible_read_only: exit=0: OK check: 72 source rows; 75 candidate units; 375 facet decisions; 374 provisional agreements; 1 unresolved differences. No semantic accuracy claim.
test_positive_reproducible_read_only: exit=1: FAIL: output directory already exists: /tmp/corpus-cli-kjgec4uy/corpus/normalized/generated
FAIL

======================================================================
FAIL: test_positive_reproducible_read_only (corpus_tests.CorpusCLI.test_positive_reproducible_read_only)
----------------------------------------------------------------------
Traceback (most recent call last):
  File "/home/charl/defiformal/scripts/test_corpus_normalize.py", line 104, in test_positive_reproducible_read_only
    self.assertEqual(decisions[('unit:lane1:c0:p0', 'mechanisms')], {
    ~~~~~~~~~~~~~~~~^^^^^^^^^^^^^^^^^^^^^^^^^^^^^^^^^^^^^^^^^^^^^^^^^
        'unit_id': 'unit:lane1:c0:p0', 'facet': 'mechanisms',
        ^^^^^^^^^^^^^^^^^^^^^^^^^^^^^^^^^^^^^^^^^^^^^^^^^^^^^
        'a': ['amm', 'auction'], 'b': ['auction', 'routing'],
        ^^^^^^^^^^^^^^^^^^^^^^^^^^^^^^^^^^^^^^^^^^^^^^^^^^^^^
        'retained': ['auction'], 'unresolved_labels': ['amm', 'routing'],
        ^^^^^^^^^^^^^^^^^^^^^^^^^^^^^^^^^^^^^^^^^^^^^^^^^^^^^^^^^^^^^^^^^
        'rule': 'INTERSECTION_UNRESOLVED', 'status': 'unresolved_difference'})
        ^^^^^^^^^^^^^^^^^^^^^^^^^^^^^^^^^^^^^^^^^^^^^^^^^^^^^^^^^^^^^^^^^^^^^^
AssertionError: {'a': ['amm', 'auction'], 'b': ['auction', [185 chars]mm']} != {'unit_id': 'unit:lane1:c0:p0', 'facet': 'm[196 chars]nce'}
  {'a': ['amm', 'auction'],
   'b': ['auction', 'routing'],
   'facet': 'mechanisms',
   'retained': ['auction'],
   'rule': 'INTERSECTION_UNRESOLVED',
   'status': 'unresolved_difference',
   'unit_id': 'unit:lane1:c0:p0',
-  'unresolved_labels': ['amm']}
+  'unresolved_labels': ['amm', 'routing']}
?                             +++++++++++


----------------------------------------------------------------------
Ran 1 test in 0.709s

FAILED (failures=1)
DISCRIMINATES: one-sided difference
