[
  {
    "mode": "intact",
    "argv": [
      "python3",
      "-B",
      "/home/charl/defiformal/review/semantic-kernel/program-execution-20260908/p16-source-r5-review/probes/private_campaign.py",
      "--mode",
      "intact",
      "--evidence",
      "/home/charl/defiformal/review/semantic-kernel/program-execution-20260908/p16-source-r5-review/fresh/intact"
    ],
    "actual_exit": 0,
    "seconds": 6.988232761999825
  },
  {
    "mode": "mismatch",
    "argv": [
      "python3",
      "-B",
      "/home/charl/defiformal/review/semantic-kernel/program-execution-20260908/p16-source-r5-review/probes/private_campaign.py",
      "--mode",
      "mismatch",
      "--evidence",
      "/home/charl/defiformal/review/semantic-kernel/program-execution-20260908/p16-source-r5-review/fresh/intact"
    ],
    "actual_exit": 1,
    "seconds": 0.06501053900137777
  },
  {
    "mode": "empty-selection",
    "argv": [
      "python3",
      "-B",
      "/home/charl/defiformal/review/semantic-kernel/program-execution-20260908/p16-source-r5-review/probes/private_campaign.py",
      "--mode",
      "empty-selection",
      "--evidence",
      "/home/charl/defiformal/review/semantic-kernel/program-execution-20260908/p16-source-r5-review/fresh/empty-selection"
    ],
    "actual_exit": 3,
    "seconds": 0.06477896500291536
  },
  {
    "mode": "missing-tool",
    "argv": [
      "python3",
      "-B",
      "/home/charl/defiformal/review/semantic-kernel/program-execution-20260908/p16-source-r5-review/probes/private_campaign.py",
      "--mode",
      "missing-tool",
      "--evidence",
      "/home/charl/defiformal/review/semantic-kernel/program-execution-20260908/p16-source-r5-review/fresh/missing-tool"
    ],
    "actual_exit": 3,
    "seconds": 0.06469150399789214
  },
  {
    "mode": "malformed",
    "argv": [
      "python3",
      "-B",
      "/home/charl/defiformal/review/semantic-kernel/program-execution-20260908/p16-source-r5-review/probes/private_campaign.py",
      "--mode",
      "malformed",
      "--evidence",
      "/home/charl/defiformal/review/semantic-kernel/program-execution-20260908/p16-source-r5-review/fresh/malformed"
    ],
    "actual_exit": 3,
    "seconds": 0.06476786299754167
  },
  {
    "mode": "fixture-omission",
    "argv": [
      "python3",
      "-B",
      "/home/charl/defiformal/review/semantic-kernel/program-execution-20260908/p16-source-r5-review/probes/private_campaign.py",
      "--mode",
      "fixture-omission",
      "--evidence",
      "/home/charl/defiformal/review/semantic-kernel/program-execution-20260908/p16-source-r5-review/fresh/fixture-omission"
    ],
    "actual_exit": 3,
    "seconds": 0.06481582500418881
  },
  {
    "mode": "fixture-type-error",
    "argv": [
      "python3",
      "-B",
      "/home/charl/defiformal/review/semantic-kernel/program-execution-20260908/p16-source-r5-review/probes/private_campaign.py",
      "--mode",
      "fixture-type-error",
      "--evidence",
      "/home/charl/defiformal/review/semantic-kernel/program-execution-20260908/p16-source-r5-review/fresh/fixture-type-error"
    ],
    "actual_exit": 3,
    "seconds": 0.06474225100100739
  },
  {
    "mode": "fixture-extra",
    "argv": [
      "python3",
      "-B",
      "/home/charl/defiformal/review/semantic-kernel/program-execution-20260908/p16-source-r5-review/probes/private_campaign.py",
      "--mode",
      "fixture-extra",
      "--evidence",
      "/home/charl/defiformal/review/semantic-kernel/program-execution-20260908/p16-source-r5-review/fresh/fixture-extra"
    ],
    "actual_exit": 3,
    "seconds": 0.06471363399759866
  },
  {
    "mode": "lean-text",
    "argv": [
      "python3",
      "-B",
      "/home/charl/defiformal/review/semantic-kernel/program-execution-20260908/p16-source-r5-review/probes/private_campaign.py",
      "--mode",
      "lean-text",
      "--evidence",
      "/home/charl/defiformal/review/semantic-kernel/program-execution-20260908/p16-source-r5-review/fresh/lean-text"
    ],
    "actual_exit": 0,
    "seconds": 0.06486637899797643
  },
  {
    "mode": "recorder-controls",
    "argv": [
      "python3",
      "-B",
      "/home/charl/defiformal/review/semantic-kernel/program-execution-20260908/p16-source-r5-review/probes/private_campaign.py",
      "--mode",
      "recorder-controls",
      "--evidence",
      "/home/charl/defiformal/review/semantic-kernel/program-execution-20260908/p16-source-r5-review/fresh/recorder-controls"
    ],
    "actual_exit": 0,
    "seconds": 1.0182257170017692
  }
]
