{
  "required_all_match": false,
  "rows": [
    {
      "name": "runtime-intact-lake-output",
      "got": 0,
      "want": 0,
      "ok": true
    },
    {
      "name": "runtime-malformed-extra-row",
      "got": 0,
      "want": 3,
      "ok": false
    },
    {
      "name": "bindings-intact",
      "got": 0,
      "want": 0,
      "ok": true
    },
    {
      "name": "bindings-malformed-extra-row",
      "got": 0,
      "want": 3,
      "ok": false
    },
    {
      "name": "score-lean-compiler-nonzero-after-valid-rows",
      "got": 0,
      "want": 3,
      "ok": false
    },
    {
      "name": "score-lean-semantic-false-compiler-0",
      "got": 1,
      "want": 1,
      "ok": true
    },
    {
      "name": "evm-unknown-error-output",
      "got": 0,
      "want": 3,
      "ok": false
    },
    {
      "name": "evm-execution-reverted",
      "got": 0,
      "want": 0,
      "ok": true
    },
    {
      "name": "evm-invalid-opcode",
      "got": 0,
      "want": 0,
      "ok": true
    },
    {
      "name": "evm-stop-smoke",
      "got": 0,
      "want": 0,
      "ok": true
    },
    {
      "name": "evm-wrong-status-failure-with-child-0",
      "got": 0,
      "want": 3,
      "ok": false
    },
    {
      "name": "complete-nonzero-is-not-success",
      "got": 0,
      "want": 0,
      "ok": true
    }
  ]
}
EXIT:1
