cert.typing.recomputed: true
cert.transfer.alice7: true
cert.execute.recomputed: true
cert.accounting.recomputed: true
cert.authority.debit: true
cert.catalog.nodup: true
cert.catalog.export-not-private: true
cert.access.reads: true
cert.step.alice7: true
cert.rational.canonical: true
cert.rational.zero-den: true
cert.precedence.actor-mismatch: true
cert.library.outstanding: true
cert.prop.not-executable: true
cert.refusal.constructor: true
cert.funds.insufficient: true
cert.capability.fresh-id: true
cert.env.missing-observation: true
cert.unsupported.rejected: true
cert.boundary.array-length: true
cert.boundary.nesting-depth: true
cert.host.git-distinct: true
cert.library.instantiated: true
cert.library.name-only: true
cert.library.operand-subst: true
cert.library.claim-subst: true
cert.library.metadata-subst: true
cert.library.absent-record: true
cert.library.mismatched-record: true
cert.library.transfer-three: true
cert.delivered.stale-toolchain: true
cert.delivered.stale-mathlib: true
cert.delivered.stale-compiler-record: true
cert.delivered.step-stale-git: true
cert.compat.indexed-order: true
cert.compat.declared-right: true
cert.delivered.library-incomplete: true
cert.delivered.library-bound: true
cert.codec.canonical-positive: true
cert.admit.disjoint: true
cert.admit.conflict: true
cert.admit.examples-disjoint: true
cert.admit.examples-conflict: true
