=== cor:ourconvex / thm:convex (definite fragment) ===

LSTAR (paper's L*): definite (singleton-term) arcs = 13, distinct = 12
   Pl->Ct  Im->Ct  Cd->Ct  Pf->Ct  Uc->Aw  Uc->At  Py->Ep  Py->Rd  Of->Xm  Of->Xf  Rl->Au  Gs->Au
PARSED_NEW (raw data.ts law strings): definite (singleton-term) arcs = 16, distinct = 15
   Pl->Ct  Im->Ct  Cd->Ct  Pf->Ct  Op->Ct  Uc->Aw  Uc->At  Pf->Ex  Pf->Li  Py->Ep  Py->Rd  Of->Xm  Of->Xf  Rl->Au  Gs->Au

--- LSTAR definite digraph ---
vertices 58; arcs 12; SCCs 58; non-trivial SCCs 0; self-loops 0
ACYCLIC: true
Cn == reachability on all 32567 seeds of size <= 3: mismatches 0
Cn(A u B) == Cn(A) u Cn(B) on 30856 split seeds: failures 0
anti-exchange over 1700 closed sets x 58^2 pairs (5169336 tests): violations 0
thm:excomp  ex(A u B) == max(ex A u ex B) over 1464616 closed pairs: failures 0
elements whose principal closure is themselves (Cn({e}) = {e}): 49 / 58

--- PARSED_NEW definite digraph ---
vertices 58; arcs 15; SCCs 58; non-trivial SCCs 0; self-loops 0
ACYCLIC: true
Cn == reachability on all 32567 seeds of size <= 3: mismatches 0
Cn(A u B) == Cn(A) u Cn(B) on 30856 split seeds: failures 0
anti-exchange over 1697 closed sets x 58^2 pairs (5142758 tests): violations 0
thm:excomp  ex(A u B) == max(ex A u ex B) over 1464616 closed pairs: failures 0
elements whose principal closure is themselves (Cn({e}) = {e}): 48 / 58
