DefiKernel/Nary/FundedEnabledness.lean:255:13: warning: This simp argument is unused:
  bind

Hint: Omit it from the simp argument list.
  [apply] simp only [Except.bind, Except.mapError]

Note: This linter can be disabled with `set_option linter.unusedSimpArgs false`
DefiKernel/Nary/FundedEnabledness.lean:255:19: warning: This simp argument is unused:
  Except.bind

Hint: Omit it from the simp argument list.
  [apply] simp only [bind, Except.mapError]

Note: This linter can be disabled with `set_option linter.unusedSimpArgs false`
DefiKernel/Nary/FundedEnabledness.lean:255:32: warning: This simp argument is unused:
  Except.mapError

Hint: Omit it from the simp argument list.
  [apply] simp only [bind, Except.bind]

Note: This linter can be disabled with `set_option linter.unusedSimpArgs false`
DefiKernel/Nary/FundedEnabledness.lean:257:13: warning: This simp argument is unused:
  Except.mapError

Hint: Omit it from the simp argument list.
  [apply] simp only [bind, Except.bind]

Note: This linter can be disabled with `set_option linter.unusedSimpArgs false`
DefiKernel/Nary/FundedEnabledness.lean:257:30: warning: This simp argument is unused:
  bind

Hint: Omit it from the simp argument list.
  [apply] simp only [Except.mapError, Except.bind]

Note: This linter can be disabled with `set_option linter.unusedSimpArgs false`
DefiKernel/Nary/FundedEnabledness.lean:257:36: warning: This simp argument is unused:
  Except.bind

Hint: Omit it from the simp argument list.
  [apply] simp only [Except.mapError, bind]

Note: This linter can be disabled with `set_option linter.unusedSimpArgs false`
DefiKernel/Nary/FundedEnabledness.lean:271:19: warning: This simp argument is unused:
  eq_comm

Hint: Omit it from the simp argument list.
  [apply] simp [vaultC_ne_recipientC.symm]

Note: This linter can be disabled with `set_option linter.unusedSimpArgs false`
DefiKernel/Nary/FundedEnabledness.lean:480:13: warning: This simp argument is unused:
  bind

Hint: Omit it from the simp argument list.
  [apply] simp only [Except.bind, Except.mapError]

Note: This linter can be disabled with `set_option linter.unusedSimpArgs false`
DefiKernel/Nary/FundedEnabledness.lean:480:19: warning: This simp argument is unused:
  Except.bind

Hint: Omit it from the simp argument list.
  [apply] simp only [bind, Except.mapError]

Note: This linter can be disabled with `set_option linter.unusedSimpArgs false`
DefiKernel/Nary/FundedEnabledness.lean:480:32: warning: This simp argument is unused:
  Except.mapError

Hint: Omit it from the simp argument list.
  [apply] simp only [bind, Except.bind]

Note: This linter can be disabled with `set_option linter.unusedSimpArgs false`
DefiKernel/Nary/FundedEnabledness.lean:482:13: warning: This simp argument is unused:
  Except.mapError

Hint: Omit it from the simp argument list.
  [apply] simp only [bind, Except.bind]

Note: This linter can be disabled with `set_option linter.unusedSimpArgs false`
DefiKernel/Nary/FundedEnabledness.lean:482:30: warning: This simp argument is unused:
  bind

Hint: Omit it from the simp argument list.
  [apply] simp only [Except.mapError, Except.bind]

Note: This linter can be disabled with `set_option linter.unusedSimpArgs false`
DefiKernel/Nary/FundedEnabledness.lean:482:36: warning: This simp argument is unused:
  Except.bind

Hint: Omit it from the simp argument list.
  [apply] simp only [Except.mapError, bind]

Note: This linter can be disabled with `set_option linter.unusedSimpArgs false`
DefiKernel/Nary/FundedEnabledness.lean:493:13: warning: This simp argument is unused:
  bind

Hint: Omit it from the simp argument list.
  [apply] simp only [Except.bind, Except.mapError]

Note: This linter can be disabled with `set_option linter.unusedSimpArgs false`
DefiKernel/Nary/FundedEnabledness.lean:493:19: warning: This simp argument is unused:
  Except.bind

Hint: Omit it from the simp argument list.
  [apply] simp only [bind, Except.mapError]

Note: This linter can be disabled with `set_option linter.unusedSimpArgs false`
DefiKernel/Nary/FundedEnabledness.lean:493:32: warning: This simp argument is unused:
  Except.mapError

Hint: Omit it from the simp argument list.
  [apply] simp only [bind, Except.bind]

Note: This linter can be disabled with `set_option linter.unusedSimpArgs false`
DefiKernel/Nary/FundedEnabledness.lean:495:13: warning: This simp argument is unused:
  Except.mapError

Hint: Omit it from the simp argument list.
  [apply] simp only [bind, Except.bind]

Note: This linter can be disabled with `set_option linter.unusedSimpArgs false`
DefiKernel/Nary/FundedEnabledness.lean:495:30: warning: This simp argument is unused:
  bind

Hint: Omit it from the simp argument list.
  [apply] simp only [Except.mapError, Except.bind]

Note: This linter can be disabled with `set_option linter.unusedSimpArgs false`
DefiKernel/Nary/FundedEnabledness.lean:495:36: warning: This simp argument is unused:
  Except.bind

Hint: Omit it from the simp argument list.
  [apply] simp only [Except.mapError, bind]

Note: This linter can be disabled with `set_option linter.unusedSimpArgs false`
