ENCODE_SOURCE_MAP
"{\"a\\u000a\":\"1\",\"au000a\":\"2\"}"
ESCAPE_NEWLINE_KEY
"\"a\\u000a\""
ESCAPE_LITERAL_KEY
"\"au000a\""
LEXSTRING_U000A
Except.ok ("u000a", [])
LEXSTRING_BACKSLASH_U000A
Except.ok ("\n", [])
SCAN_COLLISION
Except.error (DefiKernel.Certificates.DecodeFailure.duplicateKey "au000a")
DECODE_COLLISION
"decodeBytes:error:DefiKernel.Certificates.DecodeFailure.duplicateKey \"au000a\""
PARSER_OBJECT_COLLISION
"parser+objectDecoder:ok"
STATS_COLLISION
3453
6
32
true
SCAN_TRUE_DUP
Except.error (DefiKernel.Certificates.DecodeFailure.duplicateKey "same")
DECODE_TRUE_DUP
"decodeBytes:error:DefiKernel.Certificates.DecodeFailure.duplicateKey \"same\""
PARSER_TRUE_DUP
"parser:error:DefiKernel.Certificates.DecodeFailure.duplicateKey \"same\""
SCAN_NEWLINE_ONLY
Except.ok ()
SCAN_LITERAL_ONLY
Except.ok ()
JSONOBJ_ORDER
"{\"b\":1,\"a\":2}"
