'DefiKernel.Interface.receiptCellEffect_eq_receiptEffect' depends on axioms: [propext, Classical.choice, Quot.sound]
'DefiKernel.Interface.balanceSum_empty' depends on axioms: [propext, Classical.choice, Quot.sound]
'DefiKernel.Interface.receiptDelta_empty' depends on axioms: [propext, Classical.choice, Quot.sound]
'DefiKernel.Interface.receiptCellEffect_issued' depends on axioms: [propext, Classical.choice, Quot.sound]
'DefiKernel.Interface.receiptCellEffect_revoked' depends on axioms: [propext, Classical.choice, Quot.sound]
'DefiKernel.Interface.receiptDelta_issued' depends on axioms: [propext, Classical.choice, Quot.sound]
'DefiKernel.Interface.receiptDelta_revoked' depends on axioms: [propext, Classical.choice, Quot.sound]
'DefiKernel.Interface.valueSupports_const' depends on axioms: [propext, Quot.sound]
'DefiKernel.Interface.step_receipt_cell' depends on axioms: [propext, Classical.choice, Quot.sound]
'DefiKernel.Interface.step_receipt_region' depends on axioms: [propext, Classical.choice, Quot.sound]
'DefiKernel.Interface.step_effect_outside_writes' depends on axioms: [propext, Classical.choice, Quot.sound]
'DefiKernel.Interface.step_effect_outside' depends on axioms: [propext, Classical.choice, Quot.sound]
'DefiKernel.Interface.receiptDelta_eq_inter' depends on axioms: [propext, Classical.choice, Quot.sound]
'DefiKernel.Interface.step_region_neutral' depends on axioms: [propext, Classical.choice, Quot.sound]
'DefiKernel.Interface.step_value_frame' depends on axioms: [propext, Classical.choice, Quot.sound]
'DefiKernel.Interface.step_total_preserved' depends on axioms: [propext, Classical.choice, Quot.sound]
'DefiKernel.Interface.eventDeltaSum_nil' depends on axioms: [propext, Classical.choice, Quot.sound]
'DefiKernel.Interface.eventDeltaSum_append' depends on axioms: [propext, Classical.choice, Quot.sound]
'DefiKernel.Interface.advance_accounting_suffix' depends on axioms: [propext, Classical.choice, Quot.sound]
'DefiKernel.Interface.continueRun_accounting_suffix' depends on axioms: [propext, Classical.choice, Quot.sound]
'DefiKernel.Interface.continueRun_accounting' depends on axioms: [propext, Classical.choice, Quot.sound]
'DefiKernel.Interface.issue_region_unchanged' depends on axioms: [propext, Classical.choice, Quot.sound]
'DefiKernel.Interface.revoke_region_unchanged' depends on axioms: [propext, Classical.choice, Quot.sound]
'DefiKernel.Interface.continueRun_outputs_suffix' depends on axioms: [propext, Classical.choice, Quot.sound]
'DefiKernel.Interface.attemptDeltaSum_nil' depends on axioms: [propext, Classical.choice, Quot.sound]
'DefiKernel.Interface.attemptDeltaSum_append' depends on axioms: [propext, Classical.choice, Quot.sound]
'DefiKernel.Interface.interleaving_advance_accounting_suffix' depends on axioms: [propext, Classical.choice, Quot.sound]
'DefiKernel.Interface.interleaving_continueRun_accounting_suffix' depends on axioms: [propext,
 Classical.choice,
 Quot.sound]
'DefiKernel.Interface.interleaving_continueRun_accounting' depends on axioms: [propext, Classical.choice, Quot.sound]
'DefiKernel.Interface.interleaving_runPrefix_accounting' depends on axioms: [propext, Classical.choice, Quot.sound]
'DefiKernel.Interface.region_localPreserves' depends on axioms: [propext, Classical.choice, Quot.sound]
'DefiKernel.Interface.advance_preserves' depends on axioms: [propext, Classical.choice, Quot.sound]
'DefiKernel.Interface.continueRun_preserves' depends on axioms: [propext, Classical.choice, Quot.sound]
'DefiKernel.Interface.sequential_prefix_preserves' depends on axioms: [propext, Classical.choice, Quot.sound]
'DefiKernel.Interface.run_preserves' depends on axioms: [propext, Classical.choice, Quot.sound]
'DefiKernel.Interface.group_preserves' depends on axioms: [propext, Classical.choice, Quot.sound]
'DefiKernel.Interface.group_accounting' depends on axioms: [propext, Classical.choice, Quot.sound]
'DefiKernel.Interface.selected_invocation_allowed' depends on axioms: [propext]
'DefiKernel.Interface.interleaving_advance_preserves' depends on axioms: [propext, Classical.choice, Quot.sound]
'DefiKernel.Interface.interleaving_continueRun_preserves' depends on axioms: [propext, Classical.choice, Quot.sound]
'DefiKernel.Interface.interleaving_prefix_preserves' depends on axioms: [propext, Classical.choice, Quot.sound]
'DefiKernel.Interface.sequential_total_preserved' depends on axioms: [propext, Classical.choice, Quot.sound]
'DefiKernel.Interface.interleaving_total_preserved' depends on axioms: [propext, Classical.choice, Quot.sound]
'DefiKernel.Interface.sequential_ghost_total_preserved' depends on axioms: [propext, Classical.choice, Quot.sound]
'DefiKernel.Interface.group_total_preserved' depends on axioms: [propext, Classical.choice, Quot.sound]
'DefiKernel.Interface.binding_localPreserves' depends on axioms: [propext, Classical.choice, Quot.sound]
'DefiKernel.Interface.sequential_bindings_preserved' depends on axioms: [propext, Classical.choice, Quot.sound]
'DefiKernel.Interface.sequential_prefix_bindings_preserved' depends on axioms: [propext, Classical.choice, Quot.sound]
'DefiKernel.Interface.group_bindings_preserved' depends on axioms: [propext, Classical.choice, Quot.sound]
'DefiKernel.Interface.interleaving_bindings_preserved' depends on axioms: [propext, Classical.choice, Quot.sound]
'DefiKernel.Interface.interleaving_prefix_bindings_preserved' depends on axioms: [propext, Classical.choice, Quot.sound]
'DefiKernel.Interface.step_typed_total_preserved' depends on axioms: [propext, Classical.choice, Quot.sound]
'DefiKernel.Interface.typed_total_localPreserves' depends on axioms: [propext, Classical.choice, Quot.sound]
'DefiKernel.Interface.sequential_typed_total_preserved' depends on axioms: [propext, Classical.choice, Quot.sound]
'DefiKernel.Interface.sequential_prefix_typed_total_preserved' depends on axioms: [propext,
 Classical.choice,
 Quot.sound]
'DefiKernel.Interface.group_typed_total_preserved' depends on axioms: [propext, Classical.choice, Quot.sound]
'DefiKernel.Interface.interleaving_typed_total_preserved' depends on axioms: [propext, Classical.choice, Quot.sound]
'DefiKernel.Interface.interleaving_prefix_typed_total_preserved' depends on axioms: [propext,
 Classical.choice,
 Quot.sound]
'DefiKernel.Interface.localPreserves_equiv' depends on axioms: [propext, Classical.choice, Quot.sound]
'DefiKernel.Interface.localPreserves_and' depends on axioms: [propext, Classical.choice, Quot.sound]
'DefiKernel.Interface.localBindings_append' depends on axioms: [propext, Classical.choice, Quot.sound]
'DefiKernel.Interface.localBindings_reverse' depends on axioms: [propext, Classical.choice, Quot.sound]
'DefiKernel.Interface.localBindings_duplicate' depends on axioms: [propext, Classical.choice, Quot.sound]
'DefiKernel.Interface.localBindings_perm' depends on axioms: [propext, Classical.choice, Quot.sound]
'DefiKernel.Interface.localBindings_assoc' depends on axioms: [propext, Classical.choice, Quot.sound]
'DefiKernel.Interface.localBindings_symClosure' depends on axioms: [propext, Classical.choice, Quot.sound]
'DefiKernel.Interface.sequential_prefix_query_transport' depends on axioms: [propext, Classical.choice, Quot.sound]
'DefiKernel.Interface.interleaving_prefix_query_transport' depends on axioms: [propext, Classical.choice, Quot.sound]
'DefiKernel.Interface.group_query_transport' depends on axioms: [propext, Classical.choice, Quot.sound]
