'DefiKernel.Interleaving.Reachable.two_invariants' depends on axioms: [propext, Classical.choice, Quot.sound]
'DefiKernel.Interleaving.runPrefix_two_invariants' depends on axioms: [propext, Classical.choice, Quot.sound]
'DefiKernel.Interleaving.every_prefix_two_invariants' depends on axioms: [propext, Classical.choice, Quot.sound]
'DefiKernel.Interleaving.InterferenceFixtures.shared_supply_free' depends on axioms: [propext, Quot.sound]
'DefiKernel.Interleaving.InterferenceFixtures.shared_step_total' depends on axioms: [propext,
 Classical.choice,
 Quot.sound]
'DefiKernel.Interleaving.InterferenceFixtures.shared_local_obligation' depends on axioms: [propext,
 Classical.choice,
 Quot.sound]
'DefiKernel.Interleaving.InterferenceFixtures.shared_cross' depends on axioms: [propext, Classical.choice, Quot.sound]
'DefiKernel.Interleaving.InterferenceFixtures.shared_stable' depends on axioms: [propext, Classical.choice, Quot.sound]
'DefiKernel.Interleaving.InterferenceFixtures.shared_initialized' depends on axioms: [propext,
 Classical.choice,
 Quot.sound]
'DefiKernel.Interleaving.InterferenceFixtures.shared_every_prefix' depends on axioms: [propext,
 Classical.choice,
 Quot.sound]
'DefiKernel.Interleaving.InterferenceFixtures.shared_all_tokens' depends on axioms: [propext,
 Classical.choice,
 Quot.sound]
'DefiKernel.Interleaving.InterferenceFixtures.shared_left_analyzed' depends on axioms: [propext, Quot.sound]
'DefiKernel.Interleaving.InterferenceFixtures.shared_right_analyzed' depends on axioms: [propext, Quot.sound]
'DefiKernel.Interleaving.InterferenceFixtures.shared_overlap' depends on axioms: [propext]
'DefiKernel.Interleaving.InterferenceFixtures.collateral_supported' depends on axioms: [propext, Quot.sound]
'DefiKernel.Interleaving.InterferenceFixtures.protected_collateral_all_tokens' depends on axioms: [propext,
 Classical.choice,
 Quot.sound]
'DefiKernel.Interleaving.InterferenceFixtures.missing_initialization_counterexample' depends on axioms: [propext,
 Classical.choice,
 Quot.sound]
'DefiKernel.Interleaving.InterferenceFixtures.sound_target_frame' depends on axioms: [propext,
 Classical.choice,
 Quot.sound]
'DefiKernel.Interleaving.InterferenceFixtures.fragile_local_obligation' depends on axioms: [propext,
 Classical.choice,
 Quot.sound]
'DefiKernel.Interleaving.InterferenceFixtures.fragile_initialized' depends on axioms: [propext,
 Classical.choice,
 Quot.sound]
'DefiKernel.Interleaving.InterferenceFixtures.missing_peer_stability_counterexample' depends on axioms: [propext,
 Classical.choice,
 Quot.sound]
'DefiKernel.Interleaving.InterferenceFixtures.fragile_not_stable' depends on axioms: [propext,
 Classical.choice,
 Quot.sound]
'DefiKernel.Interleaving.InterferenceFixtures.missing_frame_support_counterexample' depends on axioms: [propext,
 Classical.choice,
 Quot.sound]
'DefiKernel.Interleaving.InterferenceFixtures.empty_support_is_false' depends on axioms: [propext,
 Classical.choice,
 Quot.sound]
