AXIOM AUDIT scope: imported module prefix DefiKernel.Metatheory; modules=[DefiKernel.Metatheory.Examples,
 DefiKernel.Metatheory.SequentialGroups,
 DefiKernel.Metatheory.Observation,
 DefiKernel.Metatheory.Contexts,
 DefiKernel.Metatheory.OperatorFixtures,
 DefiKernel.Metatheory.Tests,
 DefiKernel.Metatheory.Audit,
 DefiKernel.Metatheory.Configuration,
 DefiKernel.Metatheory.ConfigurationGroups,
 DefiKernel.Metatheory.OperatorLifting,
 DefiKernel.Metatheory.ConfigurationFixtures]
AXIOM AUDIT theorem: DefiKernel.Metatheory.advance_config_eq; module=DefiKernel.Metatheory.Configuration; axioms=[propext,
 Classical.choice,
 Quot.sound]
AXIOM AUDIT theorem: DefiKernel.Metatheory.advance_preserves; module=DefiKernel.Metatheory.Observation; axioms=[propext,
 Classical.choice,
 Quot.sound]
AXIOM AUDIT theorem: DefiKernel.Metatheory.analyzeBranchFrom_config_eq; module=DefiKernel.Metatheory.OperatorLifting; axioms=[propext,
 Quot.sound]
AXIOM AUDIT theorem: DefiKernel.Metatheory.analyzeBranch_config_eq; module=DefiKernel.Metatheory.OperatorLifting; axioms=[propext,
 Quot.sound]
AXIOM AUDIT theorem: DefiKernel.Metatheory.analyzeInvocation_config_eq; module=DefiKernel.Metatheory.OperatorLifting; axioms=[propext]
AXIOM AUDIT theorem: DefiKernel.Metatheory.atomic_admit_config_eq; module=DefiKernel.Metatheory.OperatorLifting; axioms=[propext,
 Quot.sound]
AXIOM AUDIT theorem: DefiKernel.Metatheory.atomic_advance_config_eq; module=DefiKernel.Metatheory.OperatorLifting; axioms=[propext,
 Classical.choice,
 Quot.sound]
AXIOM AUDIT theorem: DefiKernel.Metatheory.atomic_continueRun_config_eq; module=DefiKernel.Metatheory.OperatorLifting; axioms=[propext,
 Classical.choice,
 Quot.sound]
AXIOM AUDIT theorem: DefiKernel.Metatheory.atomic_runPrefix_config_eq; module=DefiKernel.Metatheory.OperatorLifting; axioms=[propext,
 Classical.choice,
 Quot.sound]
AXIOM AUDIT theorem: DefiKernel.Metatheory.continueRun_config_eq; module=DefiKernel.Metatheory.Configuration; axioms=[propext,
 Classical.choice,
 Quot.sound]
AXIOM AUDIT theorem: DefiKernel.Metatheory.cursorEq_iff; module=DefiKernel.Metatheory.Observation; axioms=[propext,
 Classical.choice,
 Quot.sound]
AXIOM AUDIT theorem: DefiKernel.Metatheory.cursorEquivalent_iff_fields; module=DefiKernel.Metatheory.Observation; axioms=[propext,
 Quot.sound]
AXIOM AUDIT theorem: DefiKernel.Metatheory.eventEq_iff; module=DefiKernel.Metatheory.Observation; axioms=[propext]
AXIOM AUDIT theorem: DefiKernel.Metatheory.eventsEq_iff; module=DefiKernel.Metatheory.Observation; axioms=[propext]
AXIOM AUDIT theorem: DefiKernel.Metatheory.executeStep_config_eq; module=DefiKernel.Metatheory.Configuration; axioms=[propext,
 Classical.choice,
 Quot.sound]
AXIOM AUDIT theorem: DefiKernel.Metatheory.extractReceipt_config_eq; module=DefiKernel.Metatheory.Configuration; axioms=[propext,
 Classical.choice,
 Quot.sound]
AXIOM AUDIT theorem: DefiKernel.Metatheory.groupEquivalent_assoc; module=DefiKernel.Metatheory.Contexts; axioms=[propext,
 Classical.choice,
 Quot.sound]
AXIOM AUDIT theorem: DefiKernel.Metatheory.groupEquivalent_empty_left; module=DefiKernel.Metatheory.Contexts; axioms=[propext,
 Classical.choice,
 Quot.sound]
AXIOM AUDIT theorem: DefiKernel.Metatheory.groupEquivalent_empty_right; module=DefiKernel.Metatheory.Contexts; axioms=[propext,
 Classical.choice,
 Quot.sound]
AXIOM AUDIT theorem: DefiKernel.Metatheory.interleaving_admit_config_eq; module=DefiKernel.Metatheory.OperatorLifting; axioms=[propext,
 Quot.sound]
AXIOM AUDIT theorem: DefiKernel.Metatheory.interleaving_advance_config_eq; module=DefiKernel.Metatheory.OperatorLifting; axioms=[propext,
 Classical.choice,
 Quot.sound]
AXIOM AUDIT theorem: DefiKernel.Metatheory.interleaving_continueRun_config_eq; module=DefiKernel.Metatheory.OperatorLifting; axioms=[propext,
 Classical.choice,
 Quot.sound]
AXIOM AUDIT theorem: DefiKernel.Metatheory.interleaving_runPrefix_config_eq; module=DefiKernel.Metatheory.OperatorLifting; axioms=[propext,
 Classical.choice,
 Quot.sound]
AXIOM AUDIT theorem: DefiKernel.Metatheory.issueCapability_config_eq; module=DefiKernel.Metatheory.Configuration; axioms=[]
AXIOM AUDIT theorem: DefiKernel.Metatheory.parallel_admit_config_eq; module=DefiKernel.Metatheory.OperatorLifting; axioms=[propext,
 Quot.sound]
AXIOM AUDIT theorem: DefiKernel.Metatheory.prepareInvocation_config_eq; module=DefiKernel.Metatheory.Configuration; axioms=[propext]
AXIOM AUDIT theorem: DefiKernel.Metatheory.revokeCapability_config_eq; module=DefiKernel.Metatheory.Configuration; axioms=[propext,
 Quot.sound]
AXIOM AUDIT theorem: DefiKernel.Metatheory.runAtomic_config_eq; module=DefiKernel.Metatheory.OperatorLifting; axioms=[propext,
 Classical.choice,
 Quot.sound]
AXIOM AUDIT theorem: DefiKernel.Metatheory.runBranch_config_eq; module=DefiKernel.Metatheory.OperatorLifting; axioms=[propext,
 Classical.choice,
 Quot.sound]
AXIOM AUDIT theorem: DefiKernel.Metatheory.runGroup_assoc; module=DefiKernel.Metatheory.SequentialGroups; axioms=[propext,
 Classical.choice,
 Quot.sound]
AXIOM AUDIT theorem: DefiKernel.Metatheory.runGroup_config_eq; module=DefiKernel.Metatheory.ConfigurationGroups; axioms=[propext,
 Classical.choice,
 Quot.sound]
AXIOM AUDIT theorem: DefiKernel.Metatheory.runGroup_empty; module=DefiKernel.Metatheory.SequentialGroups; axioms=[propext,
 Classical.choice,
 Quot.sound]
AXIOM AUDIT theorem: DefiKernel.Metatheory.runGroup_empty_left; module=DefiKernel.Metatheory.SequentialGroups; axioms=[propext,
 Classical.choice,
 Quot.sound]
AXIOM AUDIT theorem: DefiKernel.Metatheory.runGroup_empty_right; module=DefiKernel.Metatheory.SequentialGroups; axioms=[propext,
 Classical.choice,
 Quot.sound]
AXIOM AUDIT theorem: DefiKernel.Metatheory.runGroup_eq_continueRun; module=DefiKernel.Metatheory.SequentialGroups; axioms=[propext,
 Classical.choice,
 Quot.sound]
AXIOM AUDIT theorem: DefiKernel.Metatheory.runGroup_failed; module=DefiKernel.Metatheory.SequentialGroups; axioms=[propext,
 Classical.choice,
 Quot.sound]
AXIOM AUDIT theorem: DefiKernel.Metatheory.runGroup_preserves; module=DefiKernel.Metatheory.Observation; axioms=[propext,
 Classical.choice,
 Quot.sound]
AXIOM AUDIT theorem: DefiKernel.Metatheory.runInterleaving_config_eq; module=DefiKernel.Metatheory.OperatorLifting; axioms=[propext,
 Classical.choice,
 Quot.sound]
AXIOM AUDIT theorem: DefiKernel.Metatheory.runParallel_config_eq; module=DefiKernel.Metatheory.OperatorLifting; axioms=[propext,
 Classical.choice,
 Quot.sound]
AXIOM AUDIT theorem: DefiKernel.Metatheory.runSerialLR_config_eq; module=DefiKernel.Metatheory.OperatorLifting; axioms=[propext,
 Classical.choice,
 Quot.sound]
AXIOM AUDIT theorem: DefiKernel.Metatheory.runSerialRL_config_eq; module=DefiKernel.Metatheory.OperatorLifting; axioms=[propext,
 Classical.choice,
 Quot.sound]
AXIOM AUDIT theorem: DefiKernel.Metatheory.run_config_eq; module=DefiKernel.Metatheory.Configuration; axioms=[propext,
 Classical.choice,
 Quot.sound]
AXIOM AUDIT theorem: DefiKernel.Metatheory.startCursor_config_eq; module=DefiKernel.Metatheory.Configuration; axioms=[propext,
 Quot.sound]
AXIOM AUDIT theorem: DefiKernel.Metatheory.supportedBranch_cons; module=DefiKernel.Metatheory.Configuration; axioms=[propext,
 Quot.sound]
AXIOM AUDIT theorem: DefiKernel.Metatheory.supportedBranch_map; module=DefiKernel.Metatheory.Configuration; axioms=[propext,
 Quot.sound]
AXIOM AUDIT theorem: DefiKernel.Metatheory.supportedBranch_nil; module=DefiKernel.Metatheory.Configuration; axioms=[propext,
 Quot.sound]
AXIOM AUDIT theorem: DefiKernel.Metatheory.supportedGroup_empty; module=DefiKernel.Metatheory.ConfigurationGroups; axioms=[propext,
 Quot.sound]
AXIOM AUDIT theorem: DefiKernel.Metatheory.supportedGroup_seq; module=DefiKernel.Metatheory.ConfigurationGroups; axioms=[propext,
 Quot.sound]
AXIOM AUDIT theorem: DefiKernel.Metatheory.supportedGroup_step; module=DefiKernel.Metatheory.ConfigurationGroups; axioms=[propext,
 Quot.sound]
AXIOM AUDIT theorem: DefiKernel.Metatheory.supportedGroup_union_seq; module=DefiKernel.Metatheory.ConfigurationGroups; axioms=[propext,
 Quot.sound]
AXIOM AUDIT theorem: DefiKernel.Metatheory.supportedList_append; module=DefiKernel.Metatheory.Configuration; axioms=[propext,
 Quot.sound]
AXIOM AUDIT theorem: DefiKernel.Metatheory.supportedList_cons; module=DefiKernel.Metatheory.Configuration; axioms=[propext,
 Quot.sound]
AXIOM AUDIT theorem: DefiKernel.Metatheory.supportedList_nil; module=DefiKernel.Metatheory.Configuration; axioms=[propext,
 Quot.sound]
AXIOM AUDIT theorem: DefiKernel.Metatheory.typed_execute_registry_eq; module=DefiKernel.Metatheory.Configuration; axioms=[propext,
 Classical.choice,
 Quot.sound]
AXIOM AUDIT theorem: DefiKernel.Metatheory.world_eq_of_fields; module=DefiKernel.Metatheory.Observation; axioms=[propext,
 Quot.sound]
AXIOM AUDIT theorem: DefiKernel.Atomic.admit.eq_1; module=DefiKernel.Metatheory.OperatorLifting; axioms=[propext]
AXIOM AUDIT theorem: DefiKernel.Atomic.runAtomic.eq_1; module=DefiKernel.Metatheory.OperatorLifting; axioms=[propext,
 Classical.choice,
 Quot.sound]
AXIOM AUDIT theorem: DefiKernel.Interleaving.continueRun.eq_1; module=DefiKernel.Metatheory.OperatorLifting; axioms=[propext,
 Classical.choice,
 Quot.sound]
AXIOM AUDIT theorem: DefiKernel.Interleaving.runInterleaving.eq_1; module=DefiKernel.Metatheory.OperatorLifting; axioms=[propext,
 Classical.choice,
 Quot.sound]
AXIOM AUDIT theorem: DefiKernel.Metatheory.ConfigAgreement.domainAdmin; module=DefiKernel.Metatheory.Configuration; axioms=[]
AXIOM AUDIT theorem: DefiKernel.Metatheory.ConfigAgreement.lookup; module=DefiKernel.Metatheory.Configuration; axioms=[]
AXIOM AUDIT theorem: DefiKernel.Metatheory.ConfigAgreement.new_valid; module=DefiKernel.Metatheory.Configuration; axioms=[propext]
AXIOM AUDIT theorem: DefiKernel.Metatheory.ConfigAgreement.old_valid; module=DefiKernel.Metatheory.Configuration; axioms=[propext]
AXIOM AUDIT theorem: DefiKernel.Metatheory.ConfigAgreement.refl; module=DefiKernel.Metatheory.Configuration; axioms=[propext]
AXIOM AUDIT theorem: DefiKernel.Metatheory.ConfigAgreement.registry; module=DefiKernel.Metatheory.Configuration; axioms=[]
AXIOM AUDIT theorem: DefiKernel.Metatheory.ConfigAgreement.restrict; module=DefiKernel.Metatheory.Configuration; axioms=[propext]
AXIOM AUDIT theorem: DefiKernel.Metatheory.ConfigAgreement.symm; module=DefiKernel.Metatheory.Configuration; axioms=[propext]
AXIOM AUDIT theorem: DefiKernel.Metatheory.ConfigAgreement.trans; module=DefiKernel.Metatheory.Configuration; axioms=[propext]
AXIOM AUDIT theorem: DefiKernel.Metatheory.ConfigAgreement.union; module=DefiKernel.Metatheory.Configuration; axioms=[propext]
AXIOM AUDIT theorem: DefiKernel.Metatheory.ConfigurationFixtures.adminMove_supported; module=DefiKernel.Metatheory.ConfigurationFixtures; axioms=[propext,
 Quot.sound]
AXIOM AUDIT theorem: DefiKernel.Metatheory.ConfigurationFixtures.administrationGroup_supported; module=DefiKernel.Metatheory.ConfigurationFixtures; axioms=[propext,
 Quot.sound]
AXIOM AUDIT theorem: DefiKernel.Metatheory.ConfigurationFixtures.administration_group_extension; module=DefiKernel.Metatheory.ConfigurationFixtures; axioms=[propext,
 Classical.choice,
 Quot.sound]
AXIOM AUDIT theorem: DefiKernel.Metatheory.ConfigurationFixtures.atomic_draw_supported; module=DefiKernel.Metatheory.ConfigurationFixtures; axioms=[]
AXIOM AUDIT theorem: DefiKernel.Metatheory.ConfigurationFixtures.atomic_extension; module=DefiKernel.Metatheory.ConfigurationFixtures; axioms=[propext,
 Classical.choice,
 Quot.sound]
AXIOM AUDIT theorem: DefiKernel.Metatheory.ConfigurationFixtures.atomic_extension_agreement; module=DefiKernel.Metatheory.ConfigurationFixtures; axioms=[propext,
 Classical.choice,
 Quot.sound]
AXIOM AUDIT theorem: DefiKernel.Metatheory.ConfigurationFixtures.atomic_mint_supported; module=DefiKernel.Metatheory.ConfigurationFixtures; axioms=[propext,
 Quot.sound]
AXIOM AUDIT theorem: DefiKernel.Metatheory.ConfigurationFixtures.atomic_repay_supported; module=DefiKernel.Metatheory.ConfigurationFixtures; axioms=[]
AXIOM AUDIT theorem: DefiKernel.Metatheory.ConfigurationFixtures.atomic_settlement_branch_supported; module=DefiKernel.Metatheory.ConfigurationFixtures; axioms=[propext,
 Quot.sound]
AXIOM AUDIT theorem: DefiKernel.Metatheory.ConfigurationFixtures.atomic_settlement_extension; module=DefiKernel.Metatheory.ConfigurationFixtures; axioms=[propext,
 Classical.choice,
 Quot.sound]
AXIOM AUDIT theorem: DefiKernel.Metatheory.ConfigurationFixtures.atomic_supply_branch_supported; module=DefiKernel.Metatheory.ConfigurationFixtures; axioms=[propext,
 Quot.sound]
AXIOM AUDIT theorem: DefiKernel.Metatheory.ConfigurationFixtures.atomic_supply_extension; module=DefiKernel.Metatheory.ConfigurationFixtures; axioms=[propext,
 Classical.choice,
 Quot.sound]
AXIOM AUDIT theorem: DefiKernel.Metatheory.ConfigurationFixtures.changedAdmin_registry_remaining; module=DefiKernel.Metatheory.ConfigurationFixtures; axioms=[propext,
 Quot.sound]
AXIOM AUDIT theorem: DefiKernel.Metatheory.ConfigurationFixtures.changedOutput_admins_remaining; module=DefiKernel.Metatheory.ConfigurationFixtures; axioms=[propext,
 Quot.sound]
AXIOM AUDIT theorem: DefiKernel.Metatheory.ConfigurationFixtures.changedOutput_registry_remaining; module=DefiKernel.Metatheory.ConfigurationFixtures; axioms=[propext,
 Quot.sound]
AXIOM AUDIT theorem: DefiKernel.Metatheory.ConfigurationFixtures.changedRegistry_admins_remaining; module=DefiKernel.Metatheory.ConfigurationFixtures; axioms=[propext,
 Quot.sound]
AXIOM AUDIT theorem: DefiKernel.Metatheory.ConfigurationFixtures.consume3_supported; module=DefiKernel.Metatheory.ConfigurationFixtures; axioms=[propext,
 Quot.sound]
AXIOM AUDIT theorem: DefiKernel.Metatheory.ConfigurationFixtures.draw7_supported; module=DefiKernel.Metatheory.ConfigurationFixtures; axioms=[propext,
 Quot.sound]
AXIOM AUDIT theorem: DefiKernel.Metatheory.ConfigurationFixtures.extension_agreement; module=DefiKernel.Metatheory.ConfigurationFixtures; axioms=[propext,
 Quot.sound]
AXIOM AUDIT theorem: DefiKernel.Metatheory.ConfigurationFixtures.grantInvoke_supported; module=DefiKernel.Metatheory.ConfigurationFixtures; axioms=[]
AXIOM AUDIT theorem: DefiKernel.Metatheory.ConfigurationFixtures.grantOnly_admins_remaining; module=DefiKernel.Metatheory.ConfigurationFixtures; axioms=[propext,
 Quot.sound]
AXIOM AUDIT theorem: DefiKernel.Metatheory.ConfigurationFixtures.grantOnly_catalog_remaining; module=DefiKernel.Metatheory.ConfigurationFixtures; axioms=[propext,
 Quot.sound]
AXIOM AUDIT theorem: DefiKernel.Metatheory.ConfigurationFixtures.grantOnly_invoked_registry_remaining; module=DefiKernel.Metatheory.ConfigurationFixtures; axioms=[propext,
 Quot.sound]
AXIOM AUDIT theorem: DefiKernel.Metatheory.ConfigurationFixtures.interleaving_extension; module=DefiKernel.Metatheory.ConfigurationFixtures; axioms=[propext,
 Classical.choice,
 Quot.sound]
AXIOM AUDIT theorem: DefiKernel.Metatheory.ConfigurationFixtures.leftBranch_supported; module=DefiKernel.Metatheory.ConfigurationFixtures; axioms=[propext,
 Quot.sound]
AXIOM AUDIT theorem: DefiKernel.Metatheory.ConfigurationFixtures.mainGroup_supported; module=DefiKernel.Metatheory.ConfigurationFixtures; axioms=[propext,
 Quot.sound]
AXIOM AUDIT theorem: DefiKernel.Metatheory.ConfigurationFixtures.main_group_extension; module=DefiKernel.Metatheory.ConfigurationFixtures; axioms=[propext,
 Classical.choice,
 Quot.sound]
AXIOM AUDIT theorem: DefiKernel.Metatheory.ConfigurationFixtures.movement_supported; module=DefiKernel.Metatheory.ConfigurationFixtures; axioms=[]
AXIOM AUDIT theorem: DefiKernel.Metatheory.ConfigurationFixtures.parallel_extension; module=DefiKernel.Metatheory.ConfigurationFixtures; axioms=[propext,
 Classical.choice,
 Quot.sound]
AXIOM AUDIT theorem: DefiKernel.Metatheory.ConfigurationFixtures.refuse6_supported; module=DefiKernel.Metatheory.ConfigurationFixtures; axioms=[propext,
 Quot.sound]
AXIOM AUDIT theorem: DefiKernel.Metatheory.ConfigurationFixtures.return1_supported; module=DefiKernel.Metatheory.ConfigurationFixtures; axioms=[propext,
 Quot.sound]
AXIOM AUDIT theorem: DefiKernel.Metatheory.ConfigurationFixtures.revoke_supported; module=DefiKernel.Metatheory.ConfigurationFixtures; axioms=[]
AXIOM AUDIT theorem: DefiKernel.Metatheory.ConfigurationFixtures.rightBranch_supported; module=DefiKernel.Metatheory.ConfigurationFixtures; axioms=[propext,
 Quot.sound]
AXIOM AUDIT theorem: DefiKernel.Metatheory.ConfigurationFixtures.serialLR_extension; module=DefiKernel.Metatheory.ConfigurationFixtures; axioms=[propext,
 Classical.choice,
 Quot.sound]
AXIOM AUDIT theorem: DefiKernel.Metatheory.ConfigurationFixtures.serialRL_extension; module=DefiKernel.Metatheory.ConfigurationFixtures; axioms=[propext,
 Classical.choice,
 Quot.sound]
AXIOM AUDIT theorem: DefiKernel.Metatheory.CursorEquivalent.eq_1; module=DefiKernel.Metatheory.Observation; axioms=[propext,
 Quot.sound]
AXIOM AUDIT theorem: DefiKernel.Metatheory.CursorEquivalent.refl; module=DefiKernel.Metatheory.Observation; axioms=[propext,
 Quot.sound]
AXIOM AUDIT theorem: DefiKernel.Metatheory.CursorEquivalent.symm; module=DefiKernel.Metatheory.Observation; axioms=[propext,
 Quot.sound]
AXIOM AUDIT theorem: DefiKernel.Metatheory.CursorEquivalent.trans; module=DefiKernel.Metatheory.Observation; axioms=[propext,
 Quot.sound]
AXIOM AUDIT theorem: DefiKernel.Metatheory.CursorEquivalent.world; module=DefiKernel.Metatheory.Observation; axioms=[propext,
 Quot.sound]
AXIOM AUDIT theorem: DefiKernel.Metatheory.GroupEquivalent.fill; module=DefiKernel.Metatheory.Contexts; axioms=[propext,
 Classical.choice,
 Quot.sound]
AXIOM AUDIT theorem: DefiKernel.Metatheory.GroupEquivalent.refl; module=DefiKernel.Metatheory.Contexts; axioms=[propext,
 Classical.choice,
 Quot.sound]
AXIOM AUDIT theorem: DefiKernel.Metatheory.GroupEquivalent.symm; module=DefiKernel.Metatheory.Contexts; axioms=[propext,
 Classical.choice,
 Quot.sound]
AXIOM AUDIT theorem: DefiKernel.Metatheory.GroupEquivalent.trans; module=DefiKernel.Metatheory.Contexts; axioms=[propext,
 Classical.choice,
 Quot.sound]
AXIOM AUDIT theorem: DefiKernel.Metatheory.SupportedBranch.eq_1; module=DefiKernel.Metatheory.Configuration; axioms=[]
AXIOM AUDIT theorem: DefiKernel.Metatheory.SupportedGroup.eq_1; module=DefiKernel.Metatheory.ConfigurationGroups; axioms=[]
AXIOM AUDIT theorem: DefiKernel.Metatheory.SupportedGroup.union_left; module=DefiKernel.Metatheory.ConfigurationGroups; axioms=[]
AXIOM AUDIT theorem: DefiKernel.Metatheory.SupportedGroup.union_right; module=DefiKernel.Metatheory.ConfigurationGroups; axioms=[]
AXIOM AUDIT theorem: DefiKernel.Metatheory.SupportedList.eq_1; module=DefiKernel.Metatheory.Configuration; axioms=[]
AXIOM AUDIT theorem: DefiKernel.Metatheory.SupportedList.union_left; module=DefiKernel.Metatheory.Configuration; axioms=[]
AXIOM AUDIT theorem: DefiKernel.Metatheory.SupportedList.union_right; module=DefiKernel.Metatheory.Configuration; axioms=[]
AXIOM AUDIT theorem: DefiKernel.Metatheory.SupportedStep.union_left; module=DefiKernel.Metatheory.Configuration; axioms=[]
AXIOM AUDIT theorem: DefiKernel.Metatheory.SupportedStep.union_right; module=DefiKernel.Metatheory.Configuration; axioms=[]
AXIOM AUDIT theorem: DefiKernel.Metatheory.cursorEq.eq_1; module=DefiKernel.Metatheory.Observation; axioms=[propext,
 Classical.choice,
 Quot.sound]
AXIOM AUDIT theorem: DefiKernel.Metatheory.cursorEq_iff._simp_1_4; module=DefiKernel.Metatheory.Observation; axioms=[propext]
AXIOM AUDIT theorem: DefiKernel.Metatheory.cursorEq_iff._simp_1_7; module=DefiKernel.Metatheory.Observation; axioms=[propext]
AXIOM AUDIT theorem: DefiKernel.Metatheory.eventEq.congr_simp; module=DefiKernel.Metatheory.Observation; axioms=[Quot.sound]
AXIOM AUDIT theorem: DefiKernel.Metatheory.eventEq.eq_1; module=DefiKernel.Metatheory.Observation; axioms=[]
AXIOM AUDIT theorem: DefiKernel.Metatheory.eventEq_iff._simp_1_2; module=DefiKernel.Metatheory.Observation; axioms=[propext]
AXIOM AUDIT theorem: DefiKernel.Metatheory.eventsEq.congr_simp; module=DefiKernel.Metatheory.Observation; axioms=[propext,
 Quot.sound]
AXIOM AUDIT theorem: DefiKernel.Metatheory.eventsEq.eq_1; module=DefiKernel.Metatheory.Observation; axioms=[propext]
AXIOM AUDIT theorem: DefiKernel.Metatheory.eventsEq.eq_2; module=DefiKernel.Metatheory.Observation; axioms=[propext]
AXIOM AUDIT theorem: DefiKernel.Metatheory.eventsEq.eq_3; module=DefiKernel.Metatheory.Observation; axioms=[propext]
AXIOM AUDIT theorem: DefiKernel.Metatheory.eventsEq.eq_def; module=DefiKernel.Metatheory.Observation; axioms=[propext]
AXIOM AUDIT theorem: DefiKernel.Metatheory.eventsEq_iff._simp_1_5; module=DefiKernel.Metatheory.Observation; axioms=[propext]
AXIOM AUDIT theorem: DefiKernel.Metatheory.flatten.eq_1; module=DefiKernel.Metatheory.SequentialGroups; axioms=[]
AXIOM AUDIT theorem: DefiKernel.Metatheory.flatten.eq_2; module=DefiKernel.Metatheory.SequentialGroups; axioms=[]
AXIOM AUDIT theorem: DefiKernel.Metatheory.flatten.eq_3; module=DefiKernel.Metatheory.SequentialGroups; axioms=[]
AXIOM AUDIT theorem: DefiKernel.Metatheory.flatten.eq_def; module=DefiKernel.Metatheory.SequentialGroups; axioms=[]
AXIOM AUDIT theorem: DefiKernel.Metatheory.observationEq.eq_1; module=DefiKernel.Metatheory.Observation; axioms=[propext,
 Classical.choice,
 Quot.sound]
AXIOM AUDIT theorem: DefiKernel.Metatheory.observeCursor.eq_1; module=DefiKernel.Metatheory.Observation; axioms=[propext,
 Quot.sound]
AXIOM AUDIT theorem: DefiKernel.Metatheory.runGroup.eq_1; module=DefiKernel.Metatheory.SequentialGroups; axioms=[propext,
 Classical.choice,
 Quot.sound]
AXIOM AUDIT theorem: DefiKernel.Metatheory.runGroup.eq_2; module=DefiKernel.Metatheory.SequentialGroups; axioms=[propext,
 Classical.choice,
 Quot.sound]
AXIOM AUDIT theorem: DefiKernel.Metatheory.runGroup.eq_3; module=DefiKernel.Metatheory.SequentialGroups; axioms=[propext,
 Classical.choice,
 Quot.sound]
AXIOM AUDIT theorem: DefiKernel.Metatheory.runGroup.eq_def; module=DefiKernel.Metatheory.SequentialGroups; axioms=[propext,
 Classical.choice,
 Quot.sound]
AXIOM AUDIT theorem: DefiKernel.Metatheory.supportedBranch_cons._simp_1; module=DefiKernel.Metatheory.Configuration; axioms=[propext,
 Quot.sound]
AXIOM AUDIT theorem: DefiKernel.Metatheory.supportedBranch_map._simp_1; module=DefiKernel.Metatheory.Configuration; axioms=[propext,
 Quot.sound]
AXIOM AUDIT theorem: DefiKernel.Metatheory.supportedBranch_nil._simp_1; module=DefiKernel.Metatheory.Configuration; axioms=[propext,
 Quot.sound]
AXIOM AUDIT theorem: DefiKernel.Metatheory.supportedGroup_empty._simp_1; module=DefiKernel.Metatheory.ConfigurationGroups; axioms=[propext,
 Quot.sound]
AXIOM AUDIT theorem: DefiKernel.Metatheory.supportedGroup_seq._simp_1; module=DefiKernel.Metatheory.ConfigurationGroups; axioms=[propext,
 Quot.sound]
AXIOM AUDIT theorem: DefiKernel.Metatheory.supportedGroup_step._simp_1; module=DefiKernel.Metatheory.ConfigurationGroups; axioms=[propext,
 Quot.sound]
AXIOM AUDIT theorem: DefiKernel.Metatheory.supportedList_append._simp_1; module=DefiKernel.Metatheory.Configuration; axioms=[propext,
 Quot.sound]
AXIOM AUDIT theorem: DefiKernel.Metatheory.supportedList_append._simp_1_2; module=DefiKernel.Metatheory.Configuration; axioms=[propext]
AXIOM AUDIT theorem: DefiKernel.Metatheory.supportedList_append._simp_1_3; module=DefiKernel.Metatheory.Configuration; axioms=[propext]
AXIOM AUDIT theorem: DefiKernel.Metatheory.supportedList_cons._simp_1; module=DefiKernel.Metatheory.Configuration; axioms=[propext,
 Quot.sound]
AXIOM AUDIT theorem: DefiKernel.Metatheory.supportedList_nil._simp_1; module=DefiKernel.Metatheory.Configuration; axioms=[propext,
 Quot.sound]
AXIOM AUDIT theorem: DefiKernel.Parallel.admit.eq_1; module=DefiKernel.Metatheory.OperatorLifting; axioms=[propext]
AXIOM AUDIT theorem: DefiKernel.Parallel.analyzeBranchFrom.eq_1; module=DefiKernel.Metatheory.OperatorLifting; axioms=[propext]
AXIOM AUDIT theorem: DefiKernel.Parallel.analyzeBranchFrom.eq_2; module=DefiKernel.Metatheory.OperatorLifting; axioms=[propext]
AXIOM AUDIT theorem: DefiKernel.Parallel.observeBranch.eq_1; module=DefiKernel.Metatheory.Observation; axioms=[propext,
 Quot.sound]
AXIOM AUDIT theorem: DefiKernel.Parallel.runSerialLR.eq_1; module=DefiKernel.Metatheory.OperatorLifting; axioms=[propext,
 Classical.choice,
 Quot.sound]
AXIOM AUDIT theorem: DefiKernel.Parallel.runSerialRL.eq_1; module=DefiKernel.Metatheory.OperatorLifting; axioms=[propext,
 Classical.choice,
 Quot.sound]
AXIOM AUDIT theorem: DefiKernel.Typed.issueCapability.eq_1; module=DefiKernel.Metatheory.Configuration; axioms=[]
AXIOM AUDIT theorem: DefiKernel.Typed.registryAuthorityConfig.eq_1; module=DefiKernel.Metatheory.Configuration; axioms=[]
AXIOM AUDIT theorem: DefiKernel.Typed.revokeCapability.eq_1; module=DefiKernel.Metatheory.Configuration; axioms=[propext]
AXIOM AUDIT theorem: _private.DefiKernel.Metatheory.Configuration.0.Except.map.match_1.eq_1; module=DefiKernel.Metatheory.Configuration; axioms=[]
AXIOM AUDIT theorem: _private.DefiKernel.Metatheory.Configuration.0.Except.map.match_1.eq_2; module=DefiKernel.Metatheory.Configuration; axioms=[]
AXIOM AUDIT theorem: DefiKernel.Composition.Config.authority.eq_1; module=DefiKernel.Metatheory.Configuration; axioms=[]
AXIOM AUDIT theorem: DefiKernel.Metatheory.ConfigurationFixtures.administrationGroup.eq_1; module=DefiKernel.Metatheory.ConfigurationFixtures; axioms=[propext,
 Quot.sound]
AXIOM AUDIT theorem: DefiKernel.Metatheory.ConfigurationFixtures.administrationGroup_supported._simp_1_2; module=DefiKernel.Metatheory.ConfigurationFixtures; axioms=[propext,
 Quot.sound]
AXIOM AUDIT theorem: DefiKernel.Metatheory.ConfigurationFixtures.administrationGroup_supported._simp_1_3; module=DefiKernel.Metatheory.ConfigurationFixtures; axioms=[propext,
 Quot.sound]
AXIOM AUDIT theorem: DefiKernel.Metatheory.ConfigurationFixtures.atomicReferences.eq_1; module=DefiKernel.Metatheory.ConfigurationFixtures; axioms=[]
AXIOM AUDIT theorem: DefiKernel.Metatheory.ConfigurationFixtures.atomic_extension_agreement._simp_1_2; module=DefiKernel.Metatheory.ConfigurationFixtures; axioms=[propext]
AXIOM AUDIT theorem: DefiKernel.Metatheory.ConfigurationFixtures.atomic_extension_agreement._simp_1_3; module=DefiKernel.Metatheory.ConfigurationFixtures; axioms=[propext]
AXIOM AUDIT theorem: DefiKernel.Metatheory.ConfigurationFixtures.atomic_settlement_branch_supported._simp_1_1; module=DefiKernel.Metatheory.ConfigurationFixtures; axioms=[propext,
 Quot.sound]
AXIOM AUDIT theorem: DefiKernel.Metatheory.ConfigurationFixtures.atomic_settlement_branch_supported._simp_1_2; module=DefiKernel.Metatheory.ConfigurationFixtures; axioms=[propext,
 Quot.sound]
AXIOM AUDIT theorem: DefiKernel.Metatheory.ConfigurationFixtures.atomic_supply_branch_supported._simp_1_1; module=DefiKernel.Metatheory.ConfigurationFixtures; axioms=[propext,
 Quot.sound]
AXIOM AUDIT theorem: DefiKernel.Metatheory.ConfigurationFixtures.atomic_supply_branch_supported._simp_1_2; module=DefiKernel.Metatheory.ConfigurationFixtures; axioms=[propext,
 Quot.sound]
AXIOM AUDIT theorem: DefiKernel.Metatheory.ConfigurationFixtures.leftBranch.eq_1; module=DefiKernel.Metatheory.ConfigurationFixtures; axioms=[propext,
 Quot.sound]
AXIOM AUDIT theorem: DefiKernel.Metatheory.ConfigurationFixtures.leftBranch_supported._simp_1_2; module=DefiKernel.Metatheory.ConfigurationFixtures; axioms=[propext,
 Quot.sound]
AXIOM AUDIT theorem: DefiKernel.Metatheory.ConfigurationFixtures.leftBranch_supported._simp_1_3; module=DefiKernel.Metatheory.ConfigurationFixtures; axioms=[propext,
 Quot.sound]
AXIOM AUDIT theorem: DefiKernel.Metatheory.ConfigurationFixtures.mainGroup.eq_1; module=DefiKernel.Metatheory.ConfigurationFixtures; axioms=[propext,
 Quot.sound]
AXIOM AUDIT theorem: DefiKernel.Metatheory.ConfigurationFixtures.mainGroup_supported._simp_1_2; module=DefiKernel.Metatheory.ConfigurationFixtures; axioms=[propext,
 Quot.sound]
AXIOM AUDIT theorem: DefiKernel.Metatheory.ConfigurationFixtures.mainGroup_supported._simp_1_3; module=DefiKernel.Metatheory.ConfigurationFixtures; axioms=[propext,
 Quot.sound]
AXIOM AUDIT theorem: DefiKernel.Metatheory.ConfigurationFixtures.rightBranch.eq_1; module=DefiKernel.Metatheory.ConfigurationFixtures; axioms=[propext,
 Quot.sound]
AXIOM AUDIT theorem: DefiKernel.Metatheory.ConfigurationFixtures.rightBranch_supported._simp_1_2; module=DefiKernel.Metatheory.ConfigurationFixtures; axioms=[propext,
 Quot.sound]
AXIOM AUDIT theorem: DefiKernel.Metatheory.ConfigurationFixtures.rightBranch_supported._simp_1_3; module=DefiKernel.Metatheory.ConfigurationFixtures; axioms=[propext,
 Quot.sound]
AXIOM AUDIT theorem: DefiKernel.Metatheory.CursorObservation.mk.inj; module=DefiKernel.Metatheory.Observation; axioms=[propext,
 Quot.sound]
AXIOM AUDIT theorem: DefiKernel.Metatheory.CursorObservation.mk.injEq; module=DefiKernel.Metatheory.Observation; axioms=[propext,
 Quot.sound]
AXIOM AUDIT theorem: DefiKernel.Metatheory.CursorObservation.mk.sizeOf_spec; module=DefiKernel.Metatheory.Observation; axioms=[propext,
 Quot.sound]
AXIOM AUDIT theorem: DefiKernel.Metatheory.Examples.balances.eq_1; module=DefiKernel.Metatheory.Examples; axioms=[propext,
 Quot.sound]
AXIOM AUDIT theorem: DefiKernel.Metatheory.Examples.world._proof_1; module=DefiKernel.Metatheory.Examples; axioms=[propext,
 Classical.choice,
 Quot.sound]
AXIOM AUDIT theorem: DefiKernel.Metatheory.ReferenceSet.mk.inj; module=DefiKernel.Metatheory.Configuration; axioms=[]
AXIOM AUDIT theorem: DefiKernel.Metatheory.ReferenceSet.mk.injEq; module=DefiKernel.Metatheory.Configuration; axioms=[propext]
AXIOM AUDIT theorem: DefiKernel.Metatheory.ReferenceSet.mk.sizeOf_spec; module=DefiKernel.Metatheory.Configuration; axioms=[]
AXIOM AUDIT theorem: DefiKernel.Metatheory.SeqContext.after.inj; module=DefiKernel.Metatheory.Contexts; axioms=[]
AXIOM AUDIT theorem: DefiKernel.Metatheory.SeqContext.after.injEq; module=DefiKernel.Metatheory.Contexts; axioms=[propext]
AXIOM AUDIT theorem: DefiKernel.Metatheory.SeqContext.after.sizeOf_spec; module=DefiKernel.Metatheory.Contexts; axioms=[]
AXIOM AUDIT theorem: DefiKernel.Metatheory.SeqContext.before.inj; module=DefiKernel.Metatheory.Contexts; axioms=[]
AXIOM AUDIT theorem: DefiKernel.Metatheory.SeqContext.before.injEq; module=DefiKernel.Metatheory.Contexts; axioms=[propext]
AXIOM AUDIT theorem: DefiKernel.Metatheory.SeqContext.before.sizeOf_spec; module=DefiKernel.Metatheory.Contexts; axioms=[]
AXIOM AUDIT theorem: DefiKernel.Metatheory.SeqContext.brecOn.eq; module=DefiKernel.Metatheory.Contexts; axioms=[]
AXIOM AUDIT theorem: DefiKernel.Metatheory.SeqContext.hole.sizeOf_spec; module=DefiKernel.Metatheory.Contexts; axioms=[]
AXIOM AUDIT theorem: DefiKernel.Metatheory.SeqGroup.brecOn.eq; module=DefiKernel.Metatheory.SequentialGroups; axioms=[]
AXIOM AUDIT theorem: DefiKernel.Metatheory.SeqGroup.empty.sizeOf_spec; module=DefiKernel.Metatheory.SequentialGroups; axioms=[]
AXIOM AUDIT theorem: DefiKernel.Metatheory.SeqGroup.seq.inj; module=DefiKernel.Metatheory.SequentialGroups; axioms=[]
AXIOM AUDIT theorem: DefiKernel.Metatheory.SeqGroup.seq.injEq; module=DefiKernel.Metatheory.SequentialGroups; axioms=[propext]
AXIOM AUDIT theorem: DefiKernel.Metatheory.SeqGroup.seq.sizeOf_spec; module=DefiKernel.Metatheory.SequentialGroups; axioms=[]
AXIOM AUDIT theorem: DefiKernel.Metatheory.SeqGroup.step.inj; module=DefiKernel.Metatheory.SequentialGroups; axioms=[]
AXIOM AUDIT theorem: DefiKernel.Metatheory.SeqGroup.step.injEq; module=DefiKernel.Metatheory.SequentialGroups; axioms=[propext]
AXIOM AUDIT theorem: DefiKernel.Metatheory.SeqGroup.step.sizeOf_spec; module=DefiKernel.Metatheory.SequentialGroups; axioms=[]
AXIOM AUDIT theorem: DefiKernel.Metatheory.Tests.changedCollateral._proof_1; module=DefiKernel.Metatheory.Tests; axioms=[propext,
 Classical.choice,
 Quot.sound]
AXIOM AUDIT theorem: DefiKernel.Metatheory.eventsEq._sparseCasesOn_1.else_eq; module=DefiKernel.Metatheory.Observation; axioms=[propext]
AXIOM AUDIT theorem: DefiKernel.Metatheory.eventsEq._sparseCasesOn_2.else_eq; module=DefiKernel.Metatheory.Observation; axioms=[propext]
AXIOM AUDIT theorem: _private.DefiKernel.Metatheory.Configuration.0.DefiKernel.Typed.revokeCapability.match_1.eq_1; module=DefiKernel.Metatheory.Configuration; axioms=[]
AXIOM AUDIT theorem: _private.DefiKernel.Metatheory.Configuration.0.DefiKernel.Typed.revokeCapability.match_1.eq_2; module=DefiKernel.Metatheory.Configuration; axioms=[]
AXIOM AUDIT theorem: _private.DefiKernel.Metatheory.Observation.0.DefiKernel.Metatheory.eventsEq.match_1.eq_1; module=DefiKernel.Metatheory.Observation; axioms=[propext]
AXIOM AUDIT theorem: _private.DefiKernel.Metatheory.Observation.0.DefiKernel.Metatheory.eventsEq.match_1.eq_2; module=DefiKernel.Metatheory.Observation; axioms=[propext]
AXIOM AUDIT theorem: _private.DefiKernel.Metatheory.Observation.0.DefiKernel.Metatheory.eventsEq.match_1.eq_3; module=DefiKernel.Metatheory.Observation; axioms=[propext]
AXIOM AUDIT theorem: _private.DefiKernel.Metatheory.OperatorLifting.0.DefiKernel.Atomic.runAtomic.match_1.eq_1; module=DefiKernel.Metatheory.OperatorLifting; axioms=[]
AXIOM AUDIT theorem: _private.DefiKernel.Metatheory.OperatorLifting.0.DefiKernel.Atomic.runAtomic.match_1.eq_2; module=DefiKernel.Metatheory.OperatorLifting; axioms=[]
AXIOM AUDIT theorem: _private.DefiKernel.Metatheory.OperatorLifting.0.DefiKernel.Interleaving.advance.match_1.eq_1; module=DefiKernel.Metatheory.OperatorLifting; axioms=[]
AXIOM AUDIT theorem: _private.DefiKernel.Metatheory.OperatorLifting.0.DefiKernel.Interleaving.advance.match_1.eq_2; module=DefiKernel.Metatheory.OperatorLifting; axioms=[]
AXIOM AUDIT theorem: _private.DefiKernel.Metatheory.OperatorLifting.0.DefiKernel.Interleaving.advance.match_3.eq_1; module=DefiKernel.Metatheory.OperatorLifting; axioms=[]
AXIOM AUDIT theorem: _private.DefiKernel.Metatheory.OperatorLifting.0.DefiKernel.Interleaving.advance.match_3.eq_2; module=DefiKernel.Metatheory.OperatorLifting; axioms=[]
AXIOM AUDIT theorem: _private.DefiKernel.Metatheory.OperatorLifting.0.DefiKernel.Interleaving.runInterleaving.match_1.eq_1; module=DefiKernel.Metatheory.OperatorLifting; axioms=[]
AXIOM AUDIT theorem: _private.DefiKernel.Metatheory.OperatorLifting.0.DefiKernel.Interleaving.runInterleaving.match_1.eq_2; module=DefiKernel.Metatheory.OperatorLifting; axioms=[]
AXIOM AUDIT theorem: _private.DefiKernel.Metatheory.OperatorLifting.0.DefiKernel.Parallel.analyzeBranchFrom.match_1.eq_1; module=DefiKernel.Metatheory.OperatorLifting; axioms=[]
AXIOM AUDIT theorem: _private.DefiKernel.Metatheory.OperatorLifting.0.DefiKernel.Parallel.analyzeBranchFrom.match_1.eq_2; module=DefiKernel.Metatheory.OperatorLifting; axioms=[]
AXIOM AUDIT theorem: _private.DefiKernel.Metatheory.OperatorLifting.0.DefiKernel.Parallel.runParallel.match_1.eq_1; module=DefiKernel.Metatheory.OperatorLifting; axioms=[]
AXIOM AUDIT theorem: _private.DefiKernel.Metatheory.OperatorLifting.0.DefiKernel.Parallel.runParallel.match_1.eq_2; module=DefiKernel.Metatheory.OperatorLifting; axioms=[]
AXIOM AUDIT theorem: _private.DefiKernel.Metatheory.OperatorLifting.0.DefiKernel.Parallel.runSerialLR.match_1.eq_1; module=DefiKernel.Metatheory.OperatorLifting; axioms=[]
AXIOM AUDIT theorem: _private.DefiKernel.Metatheory.OperatorLifting.0.DefiKernel.Parallel.runSerialLR.match_1.eq_2; module=DefiKernel.Metatheory.OperatorLifting; axioms=[]
AXIOM AUDIT theorem: _private.DefiKernel.Metatheory.SequentialGroups.0.DefiKernel.Metatheory.flatten.match_1.eq_1; module=DefiKernel.Metatheory.SequentialGroups; axioms=[]
AXIOM AUDIT theorem: _private.DefiKernel.Metatheory.SequentialGroups.0.DefiKernel.Metatheory.flatten.match_1.eq_2; module=DefiKernel.Metatheory.SequentialGroups; axioms=[]
AXIOM AUDIT theorem: _private.DefiKernel.Metatheory.SequentialGroups.0.DefiKernel.Metatheory.flatten.match_1.eq_3; module=DefiKernel.Metatheory.SequentialGroups; axioms=[]
AXIOM AUDIT theorem: _private.DefiKernel.Metatheory.OperatorLifting.0.DefiKernel.Interleaving.Attempt.supply.match_1.eq_1; module=DefiKernel.Metatheory.OperatorLifting; axioms=[propext,
 Quot.sound]
AXIOM AUDIT theorem: _private.DefiKernel.Metatheory.OperatorLifting.0.DefiKernel.Interleaving.Attempt.supply.match_1.eq_2; module=DefiKernel.Metatheory.OperatorLifting; axioms=[propext,
 Quot.sound]
AXIOM AUDIT declaration: DefiKernel.Metatheory.CursorEquivalent; module=DefiKernel.Metatheory.Observation; kind=definition; axioms=[propext,
 Quot.sound]
AXIOM AUDIT declaration: DefiKernel.Metatheory.GroupEquivalent; module=DefiKernel.Metatheory.Contexts; kind=definition; axioms=[propext,
 Classical.choice,
 Quot.sound]
AXIOM AUDIT declaration: DefiKernel.Metatheory.SupportedBranch; module=DefiKernel.Metatheory.Configuration; kind=definition; axioms=[]
AXIOM AUDIT declaration: DefiKernel.Metatheory.SupportedGroup; module=DefiKernel.Metatheory.ConfigurationGroups; kind=definition; axioms=[]
AXIOM AUDIT declaration: DefiKernel.Metatheory.SupportedList; module=DefiKernel.Metatheory.Configuration; kind=definition; axioms=[]
AXIOM AUDIT declaration: DefiKernel.Metatheory.SupportedStep; module=DefiKernel.Metatheory.Configuration; kind=definition; axioms=[]
AXIOM AUDIT declaration: DefiKernel.Metatheory.cursorEq; module=DefiKernel.Metatheory.Observation; kind=definition; axioms=[propext,
 Classical.choice,
 Quot.sound]
AXIOM AUDIT declaration: DefiKernel.Metatheory.eventEq; module=DefiKernel.Metatheory.Observation; kind=definition; axioms=[]
AXIOM AUDIT declaration: DefiKernel.Metatheory.eventsEq; module=DefiKernel.Metatheory.Observation; kind=definition; axioms=[propext]
AXIOM AUDIT declaration: DefiKernel.Metatheory.fill; module=DefiKernel.Metatheory.Contexts; kind=definition; axioms=[]
AXIOM AUDIT declaration: DefiKernel.Metatheory.flatten; module=DefiKernel.Metatheory.SequentialGroups; kind=definition; axioms=[]
AXIOM AUDIT declaration: DefiKernel.Metatheory.observationEq; module=DefiKernel.Metatheory.Observation; kind=definition; axioms=[propext,
 Classical.choice,
 Quot.sound]
AXIOM AUDIT declaration: DefiKernel.Metatheory.observeCursor; module=DefiKernel.Metatheory.Observation; kind=definition; axioms=[propext,
 Quot.sound]
AXIOM AUDIT declaration: DefiKernel.Metatheory.runGroup; module=DefiKernel.Metatheory.SequentialGroups; kind=definition; axioms=[propext,
 Classical.choice,
 Quot.sound]
AXIOM AUDIT declaration: DefiKernel.Metatheory.Audit.main; module=DefiKernel.Metatheory.Audit; kind=definition; axioms=[propext,
 Classical.choice,
 Quot.sound]
AXIOM AUDIT declaration: DefiKernel.Metatheory.ConfigAgreement.casesOn; module=DefiKernel.Metatheory.Configuration; kind=definition; axioms=[propext]
AXIOM AUDIT declaration: DefiKernel.Metatheory.ConfigAgreement.recOn; module=DefiKernel.Metatheory.Configuration; kind=definition; axioms=[propext]
AXIOM AUDIT declaration: DefiKernel.Metatheory.ConfigurationFixtures.administrationGroup; module=DefiKernel.Metatheory.ConfigurationFixtures; kind=definition; axioms=[propext,
 Quot.sound]
AXIOM AUDIT declaration: DefiKernel.Metatheory.ConfigurationFixtures.atomicReferences; module=DefiKernel.Metatheory.ConfigurationFixtures; kind=definition; axioms=[]
AXIOM AUDIT declaration: DefiKernel.Metatheory.ConfigurationFixtures.leftBranch; module=DefiKernel.Metatheory.ConfigurationFixtures; kind=definition; axioms=[propext,
 Quot.sound]
AXIOM AUDIT declaration: DefiKernel.Metatheory.ConfigurationFixtures.mainGroup; module=DefiKernel.Metatheory.ConfigurationFixtures; kind=definition; axioms=[propext,
 Quot.sound]
AXIOM AUDIT declaration: DefiKernel.Metatheory.ConfigurationFixtures.references; module=DefiKernel.Metatheory.ConfigurationFixtures; kind=definition; axioms=[]
AXIOM AUDIT declaration: DefiKernel.Metatheory.ConfigurationFixtures.rightBranch; module=DefiKernel.Metatheory.ConfigurationFixtures; kind=definition; axioms=[propext,
 Quot.sound]
AXIOM AUDIT declaration: DefiKernel.Metatheory.CursorObservation._sizeOf_1; module=DefiKernel.Metatheory.Observation; kind=definition; axioms=[propext,
 Quot.sound]
AXIOM AUDIT declaration: DefiKernel.Metatheory.CursorObservation._sizeOf_inst; module=DefiKernel.Metatheory.Observation; kind=definition; axioms=[propext,
 Quot.sound]
AXIOM AUDIT declaration: DefiKernel.Metatheory.CursorObservation.branch; module=DefiKernel.Metatheory.Observation; kind=definition; axioms=[propext,
 Quot.sound]
AXIOM AUDIT declaration: DefiKernel.Metatheory.CursorObservation.casesOn; module=DefiKernel.Metatheory.Observation; kind=definition; axioms=[propext,
 Quot.sound]
AXIOM AUDIT declaration: DefiKernel.Metatheory.CursorObservation.ctorIdx; module=DefiKernel.Metatheory.Observation; kind=definition; axioms=[propext,
 Quot.sound]
AXIOM AUDIT declaration: DefiKernel.Metatheory.CursorObservation.noConfusion; module=DefiKernel.Metatheory.Observation; kind=definition; axioms=[propext,
 Quot.sound]
AXIOM AUDIT declaration: DefiKernel.Metatheory.CursorObservation.noConfusionType; module=DefiKernel.Metatheory.Observation; kind=definition; axioms=[propext,
 Quot.sound]
AXIOM AUDIT declaration: DefiKernel.Metatheory.CursorObservation.recOn; module=DefiKernel.Metatheory.Observation; kind=definition; axioms=[propext,
 Quot.sound]
AXIOM AUDIT declaration: DefiKernel.Metatheory.CursorObservation.world; module=DefiKernel.Metatheory.Observation; kind=definition; axioms=[propext,
 Quot.sound]
AXIOM AUDIT declaration: DefiKernel.Metatheory.Examples.A; module=DefiKernel.Metatheory.Examples; kind=definition; axioms=[]
AXIOM AUDIT declaration: DefiKernel.Metatheory.Examples.Action; module=DefiKernel.Metatheory.Examples; kind=definition; axioms=[]
AXIOM AUDIT declaration: DefiKernel.Metatheory.Examples.C; module=DefiKernel.Metatheory.Examples; kind=definition; axioms=[]
AXIOM AUDIT declaration: DefiKernel.Metatheory.Examples.Cur; module=DefiKernel.Metatheory.Examples; kind=definition; axioms=[propext,
 Quot.sound]
AXIOM AUDIT declaration: DefiKernel.Metatheory.Examples.D; module=DefiKernel.Metatheory.Examples; kind=definition; axioms=[]
AXIOM AUDIT declaration: DefiKernel.Metatheory.Examples.Inv; module=DefiKernel.Metatheory.Examples; kind=definition; axioms=[]
AXIOM AUDIT declaration: DefiKernel.Metatheory.Examples.P; module=DefiKernel.Metatheory.Examples; kind=definition; axioms=[]
AXIOM AUDIT declaration: DefiKernel.Metatheory.Examples.RawEvent; module=DefiKernel.Metatheory.Examples; kind=definition; axioms=[propext,
 Quot.sound]
AXIOM AUDIT declaration: DefiKernel.Metatheory.Examples.W; module=DefiKernel.Metatheory.Examples; kind=definition; axioms=[propext,
 Quot.sound]
AXIOM AUDIT declaration: DefiKernel.Metatheory.Examples.adminBoundary; module=DefiKernel.Metatheory.Examples; kind=definition; axioms=[propext,
 Quot.sound]
AXIOM AUDIT declaration: DefiKernel.Metatheory.Examples.adminDenied; module=DefiKernel.Metatheory.Examples; kind=definition; axioms=[propext,
 Classical.choice,
 Quot.sound]
AXIOM AUDIT declaration: DefiKernel.Metatheory.Examples.adminInitial; module=DefiKernel.Metatheory.Examples; kind=definition; axioms=[propext,
 Classical.choice,
 Quot.sound]
AXIOM AUDIT declaration: DefiKernel.Metatheory.Examples.adminIssued; module=DefiKernel.Metatheory.Examples; kind=definition; axioms=[propext,
 Classical.choice,
 Quot.sound]
AXIOM AUDIT declaration: DefiKernel.Metatheory.Examples.adminMove; module=DefiKernel.Metatheory.Examples; kind=definition; axioms=[propext,
 Quot.sound]
AXIOM AUDIT declaration: DefiKernel.Metatheory.Examples.adminPrefix; module=DefiKernel.Metatheory.Examples; kind=definition; axioms=[propext,
 Classical.choice,
 Quot.sound]
AXIOM AUDIT declaration: DefiKernel.Metatheory.Examples.adminRevoked; module=DefiKernel.Metatheory.Examples; kind=definition; axioms=[propext,
 Classical.choice,
 Quot.sound]
AXIOM AUDIT declaration: DefiKernel.Metatheory.Examples.adminStore; module=DefiKernel.Metatheory.Examples; kind=definition; axioms=[]
AXIOM AUDIT declaration: DefiKernel.Metatheory.Examples.adminUseEvent; module=DefiKernel.Metatheory.Examples; kind=definition; axioms=[propext,
 Classical.choice,
 Quot.sound]
AXIOM AUDIT declaration: DefiKernel.Metatheory.Examples.adminUsed; module=DefiKernel.Metatheory.Examples; kind=definition; axioms=[propext,
 Classical.choice,
 Quot.sound]
AXIOM AUDIT declaration: DefiKernel.Metatheory.Examples.afterFirst; module=DefiKernel.Metatheory.Examples; kind=definition; axioms=[propext,
 Classical.choice,
 Quot.sound]
AXIOM AUDIT declaration: DefiKernel.Metatheory.Examples.afterSecond; module=DefiKernel.Metatheory.Examples; kind=definition; axioms=[propext,
 Classical.choice,
 Quot.sound]
AXIOM AUDIT declaration: DefiKernel.Metatheory.Examples.afterThird; module=DefiKernel.Metatheory.Examples; kind=definition; axioms=[propext,
 Classical.choice,
 Quot.sound]
AXIOM AUDIT declaration: DefiKernel.Metatheory.Examples.aliceCell; module=DefiKernel.Metatheory.Examples; kind=definition; axioms=[]
AXIOM AUDIT declaration: DefiKernel.Metatheory.Examples.aliceDebit; module=DefiKernel.Metatheory.Examples; kind=definition; axioms=[]
AXIOM AUDIT declaration: DefiKernel.Metatheory.Examples.aliceInvoke; module=DefiKernel.Metatheory.Examples; kind=definition; axioms=[]
AXIOM AUDIT declaration: DefiKernel.Metatheory.Examples.balances; module=DefiKernel.Metatheory.Examples; kind=definition; axioms=[propext,
 Quot.sound]
AXIOM AUDIT declaration: DefiKernel.Metatheory.Examples.bobCell; module=DefiKernel.Metatheory.Examples; kind=definition; axioms=[]
AXIOM AUDIT declaration: DefiKernel.Metatheory.Examples.bobDebit; module=DefiKernel.Metatheory.Examples; kind=definition; axioms=[]
AXIOM AUDIT declaration: DefiKernel.Metatheory.Examples.bobInvoke; module=DefiKernel.Metatheory.Examples; kind=definition; axioms=[]
AXIOM AUDIT declaration: DefiKernel.Metatheory.Examples.carol; module=DefiKernel.Metatheory.Examples; kind=definition; axioms=[]
AXIOM AUDIT declaration: DefiKernel.Metatheory.Examples.carolCell; module=DefiKernel.Metatheory.Examples; kind=definition; axioms=[]
AXIOM AUDIT declaration: DefiKernel.Metatheory.Examples.cfg; module=DefiKernel.Metatheory.Examples; kind=definition; axioms=[propext,
 Quot.sound]
AXIOM AUDIT declaration: DefiKernel.Metatheory.Examples.changedAdmin; module=DefiKernel.Metatheory.Examples; kind=definition; axioms=[propext,
 Quot.sound]
AXIOM AUDIT declaration: DefiKernel.Metatheory.Examples.changedOutput; module=DefiKernel.Metatheory.Examples; kind=definition; axioms=[propext,
 Quot.sound]
AXIOM AUDIT declaration: DefiKernel.Metatheory.Examples.changedOutputExpected; module=DefiKernel.Metatheory.Examples; kind=definition; axioms=[propext,
 Classical.choice,
 Quot.sound]
AXIOM AUDIT declaration: DefiKernel.Metatheory.Examples.changedRegistry; module=DefiKernel.Metatheory.Examples; kind=definition; axioms=[propext,
 Quot.sound]
AXIOM AUDIT declaration: DefiKernel.Metatheory.Examples.childExecutionCall; module=DefiKernel.Metatheory.Examples; kind=definition; axioms=[propext,
 Quot.sound]
AXIOM AUDIT declaration: DefiKernel.Metatheory.Examples.childExecutionEvent; module=DefiKernel.Metatheory.Examples; kind=definition; axioms=[propext,
 Classical.choice,
 Quot.sound]
AXIOM AUDIT declaration: DefiKernel.Metatheory.Examples.childExecutionExpected; module=DefiKernel.Metatheory.Examples; kind=definition; axioms=[propext,
 Classical.choice,
 Quot.sound]
AXIOM AUDIT declaration: DefiKernel.Metatheory.Examples.collateralCell; module=DefiKernel.Metatheory.Examples; kind=definition; axioms=[]
AXIOM AUDIT declaration: DefiKernel.Metatheory.Examples.constantBoundary; module=DefiKernel.Metatheory.Examples; kind=definition; axioms=[propext,
 Quot.sound]
AXIOM AUDIT declaration: DefiKernel.Metatheory.Examples.consume3; module=DefiKernel.Metatheory.Examples; kind=definition; axioms=[propext,
 Quot.sound]
AXIOM AUDIT declaration: DefiKernel.Metatheory.Examples.cursor; module=DefiKernel.Metatheory.Examples; kind=definition; axioms=[propext,
 Quot.sound]
AXIOM AUDIT declaration: DefiKernel.Metatheory.Examples.deadStore; module=DefiKernel.Metatheory.Examples; kind=definition; axioms=[]
AXIOM AUDIT declaration: DefiKernel.Metatheory.Examples.draw7; module=DefiKernel.Metatheory.Examples; kind=definition; axioms=[propext,
 Quot.sound]
AXIOM AUDIT declaration: DefiKernel.Metatheory.Examples.eventMatches; module=DefiKernel.Metatheory.Examples; kind=definition; axioms=[propext,
 Classical.choice,
 Quot.sound]
AXIOM AUDIT declaration: DefiKernel.Metatheory.Examples.exposedEvent; module=DefiKernel.Metatheory.Examples; kind=definition; axioms=[propext,
 Classical.choice,
 Quot.sound]
AXIOM AUDIT declaration: DefiKernel.Metatheory.Examples.extendedCfg; module=DefiKernel.Metatheory.Examples; kind=definition; axioms=[propext,
 Quot.sound]
AXIOM AUDIT declaration: DefiKernel.Metatheory.Examples.failedInitial; module=DefiKernel.Metatheory.Examples; kind=definition; axioms=[propext,
 Classical.choice,
 Quot.sound]
AXIOM AUDIT declaration: DefiKernel.Metatheory.Examples.firstEvent; module=DefiKernel.Metatheory.Examples; kind=definition; axioms=[propext,
 Classical.choice,
 Quot.sound]
AXIOM AUDIT declaration: DefiKernel.Metatheory.Examples.firstHidden; module=DefiKernel.Metatheory.Examples; kind=definition; axioms=[propext,
 Quot.sound]
AXIOM AUDIT declaration: DefiKernel.Metatheory.Examples.fullCursorEq; module=DefiKernel.Metatheory.Examples; kind=definition; axioms=[propext,
 Classical.choice,
 Quot.sound]
AXIOM AUDIT declaration: DefiKernel.Metatheory.Examples.fundingBoundary; module=DefiKernel.Metatheory.Examples; kind=definition; axioms=[propext,
 Quot.sound]
AXIOM AUDIT declaration: DefiKernel.Metatheory.Examples.fundingCall; module=DefiKernel.Metatheory.Examples; kind=definition; axioms=[propext,
 Quot.sound]
AXIOM AUDIT declaration: DefiKernel.Metatheory.Examples.fundingCaps; module=DefiKernel.Metatheory.Examples; kind=definition; axioms=[]
AXIOM AUDIT declaration: DefiKernel.Metatheory.Examples.fundingCfg; module=DefiKernel.Metatheory.Examples; kind=definition; axioms=[propext,
 Quot.sound]
AXIOM AUDIT declaration: DefiKernel.Metatheory.Examples.fundingEvent; module=DefiKernel.Metatheory.Examples; kind=definition; axioms=[propext,
 Classical.choice,
 Quot.sound]
AXIOM AUDIT declaration: DefiKernel.Metatheory.Examples.fundingExposed; module=DefiKernel.Metatheory.Examples; kind=definition; axioms=[propext,
 Classical.choice,
 Quot.sound]
AXIOM AUDIT declaration: DefiKernel.Metatheory.Examples.fundingInitial; module=DefiKernel.Metatheory.Examples; kind=definition; axioms=[propext,
 Classical.choice,
 Quot.sound]
AXIOM AUDIT declaration: DefiKernel.Metatheory.Examples.fundingStore; module=DefiKernel.Metatheory.Examples; kind=definition; axioms=[]
AXIOM AUDIT declaration: DefiKernel.Metatheory.Examples.grantInvoke; module=DefiKernel.Metatheory.Examples; kind=definition; axioms=[]
AXIOM AUDIT declaration: DefiKernel.Metatheory.Examples.grantOnly; module=DefiKernel.Metatheory.Examples; kind=definition; axioms=[]
AXIOM AUDIT declaration: DefiKernel.Metatheory.Examples.grantOnlyCfg; module=DefiKernel.Metatheory.Examples; kind=definition; axioms=[propext,
 Quot.sound]
AXIOM AUDIT declaration: DefiKernel.Metatheory.Examples.grantOnlyChanged; module=DefiKernel.Metatheory.Examples; kind=definition; axioms=[propext,
 Quot.sound]
AXIOM AUDIT declaration: DefiKernel.Metatheory.Examples.grantOnlyStore; module=DefiKernel.Metatheory.Examples; kind=definition; axioms=[]
AXIOM AUDIT declaration: DefiKernel.Metatheory.Examples.historyChainConsumer; module=DefiKernel.Metatheory.Examples; kind=definition; axioms=[propext,
 Quot.sound]
AXIOM AUDIT declaration: DefiKernel.Metatheory.Examples.historyChainExpected; module=DefiKernel.Metatheory.Examples; kind=definition; axioms=[propext,
 Classical.choice,
 Quot.sound]
AXIOM AUDIT declaration: DefiKernel.Metatheory.Examples.historyChainProducer; module=DefiKernel.Metatheory.Examples; kind=definition; axioms=[propext,
 Quot.sound]
AXIOM AUDIT declaration: DefiKernel.Metatheory.Examples.historyConsumerEvent; module=DefiKernel.Metatheory.Examples; kind=definition; axioms=[propext,
 Classical.choice,
 Quot.sound]
AXIOM AUDIT declaration: DefiKernel.Metatheory.Examples.historyProducerEvent; module=DefiKernel.Metatheory.Examples; kind=definition; axioms=[propext,
 Classical.choice,
 Quot.sound]
AXIOM AUDIT declaration: DefiKernel.Metatheory.Examples.indexChainBoundary; module=DefiKernel.Metatheory.Examples; kind=definition; axioms=[propext,
 Quot.sound]
AXIOM AUDIT declaration: DefiKernel.Metatheory.Examples.indexChainEvent1; module=DefiKernel.Metatheory.Examples; kind=definition; axioms=[propext,
 Classical.choice,
 Quot.sound]
AXIOM AUDIT declaration: DefiKernel.Metatheory.Examples.indexChainEvent2; module=DefiKernel.Metatheory.Examples; kind=definition; axioms=[propext,
 Classical.choice,
 Quot.sound]
AXIOM AUDIT declaration: DefiKernel.Metatheory.Examples.indexChainExpected; module=DefiKernel.Metatheory.Examples; kind=definition; axioms=[propext,
 Classical.choice,
 Quot.sound]
AXIOM AUDIT declaration: DefiKernel.Metatheory.Examples.indexChainFirst; module=DefiKernel.Metatheory.Examples; kind=definition; axioms=[propext,
 Quot.sound]
AXIOM AUDIT declaration: DefiKernel.Metatheory.Examples.indexChainInitial; module=DefiKernel.Metatheory.Examples; kind=definition; axioms=[propext,
 Classical.choice,
 Quot.sound]
AXIOM AUDIT declaration: DefiKernel.Metatheory.Examples.indexChainSecond; module=DefiKernel.Metatheory.Examples; kind=definition; axioms=[propext,
 Quot.sound]
AXIOM AUDIT declaration: DefiKernel.Metatheory.Examples.initial; module=DefiKernel.Metatheory.Examples; kind=definition; axioms=[propext,
 Classical.choice,
 Quot.sound]
AXIOM AUDIT declaration: DefiKernel.Metatheory.Examples.invalidAdded; module=DefiKernel.Metatheory.Examples; kind=definition; axioms=[propext,
 Quot.sound]
AXIOM AUDIT declaration: DefiKernel.Metatheory.Examples.issueBoundary; module=DefiKernel.Metatheory.Examples; kind=definition; axioms=[propext,
 Quot.sound]
AXIOM AUDIT declaration: DefiKernel.Metatheory.Examples.issueEvent; module=DefiKernel.Metatheory.Examples; kind=definition; axioms=[propext,
 Classical.choice,
 Quot.sound]
AXIOM AUDIT declaration: DefiKernel.Metatheory.Examples.issuedStore; module=DefiKernel.Metatheory.Examples; kind=definition; axioms=[]
AXIOM AUDIT declaration: DefiKernel.Metatheory.Examples.mainBoundary; module=DefiKernel.Metatheory.Examples; kind=definition; axioms=[propext,
 Quot.sound]
AXIOM AUDIT declaration: DefiKernel.Metatheory.Examples.mainCaps; module=DefiKernel.Metatheory.Examples; kind=definition; axioms=[]
AXIOM AUDIT declaration: DefiKernel.Metatheory.Examples.mainStore; module=DefiKernel.Metatheory.Examples; kind=definition; axioms=[]
AXIOM AUDIT declaration: DefiKernel.Metatheory.Examples.middleRefusal; module=DefiKernel.Metatheory.Examples; kind=definition; axioms=[propext,
 Classical.choice,
 Quot.sound]
AXIOM AUDIT declaration: DefiKernel.Metatheory.Examples.movement; module=DefiKernel.Metatheory.Examples; kind=definition; axioms=[]
AXIOM AUDIT declaration: DefiKernel.Metatheory.Examples.rawTransfer; module=DefiKernel.Metatheory.Examples; kind=definition; axioms=[propext,
 Quot.sound]
AXIOM AUDIT declaration: DefiKernel.Metatheory.Examples.refuse6; module=DefiKernel.Metatheory.Examples; kind=definition; axioms=[propext,
 Quot.sound]
AXIOM AUDIT declaration: DefiKernel.Metatheory.Examples.return1; module=DefiKernel.Metatheory.Examples; kind=definition; axioms=[propext,
 Quot.sound]
AXIOM AUDIT declaration: DefiKernel.Metatheory.Examples.revokeEvent; module=DefiKernel.Metatheory.Examples; kind=definition; axioms=[propext,
 Classical.choice,
 Quot.sound]
AXIOM AUDIT declaration: DefiKernel.Metatheory.Examples.secondEvent; module=DefiKernel.Metatheory.Examples; kind=definition; axioms=[propext,
 Classical.choice,
 Quot.sound]
AXIOM AUDIT declaration: DefiKernel.Metatheory.Examples.thirdEvent; module=DefiKernel.Metatheory.Examples; kind=definition; axioms=[propext,
 Classical.choice,
 Quot.sound]
AXIOM AUDIT declaration: DefiKernel.Metatheory.Examples.timedBoundary; module=DefiKernel.Metatheory.Examples; kind=definition; axioms=[propext,
 Quot.sound]
AXIOM AUDIT declaration: DefiKernel.Metatheory.Examples.timedCfg; module=DefiKernel.Metatheory.Examples; kind=definition; axioms=[]
AXIOM AUDIT declaration: DefiKernel.Metatheory.Examples.timedEvent1; module=DefiKernel.Metatheory.Examples; kind=definition; axioms=[propext,
 Classical.choice,
 Quot.sound]
AXIOM AUDIT declaration: DefiKernel.Metatheory.Examples.timedEvent2; module=DefiKernel.Metatheory.Examples; kind=definition; axioms=[propext,
 Classical.choice,
 Quot.sound]
AXIOM AUDIT declaration: DefiKernel.Metatheory.Examples.timedExpected; module=DefiKernel.Metatheory.Examples; kind=definition; axioms=[propext,
 Classical.choice,
 Quot.sound]
AXIOM AUDIT declaration: DefiKernel.Metatheory.Examples.timedFirst; module=DefiKernel.Metatheory.Examples; kind=definition; axioms=[propext,
 Quot.sound]
AXIOM AUDIT declaration: DefiKernel.Metatheory.Examples.timedInitial; module=DefiKernel.Metatheory.Examples; kind=definition; axioms=[propext,
 Classical.choice,
 Quot.sound]
AXIOM AUDIT declaration: DefiKernel.Metatheory.Examples.timedMove; module=DefiKernel.Metatheory.Examples; kind=definition; axioms=[]
AXIOM AUDIT declaration: DefiKernel.Metatheory.Examples.timedRaw; module=DefiKernel.Metatheory.Examples; kind=definition; axioms=[propext,
 Quot.sound]
AXIOM AUDIT declaration: DefiKernel.Metatheory.Examples.timedSecond; module=DefiKernel.Metatheory.Examples; kind=definition; axioms=[propext,
 Quot.sound]
AXIOM AUDIT declaration: DefiKernel.Metatheory.Examples.vaultCell; module=DefiKernel.Metatheory.Examples; kind=definition; axioms=[]
AXIOM AUDIT declaration: DefiKernel.Metatheory.Examples.world; module=DefiKernel.Metatheory.Examples; kind=definition; axioms=[propext,
 Classical.choice,
 Quot.sound]
AXIOM AUDIT declaration: DefiKernel.Metatheory.Examples.worldChainCall; module=DefiKernel.Metatheory.Examples; kind=definition; axioms=[propext,
 Quot.sound]
AXIOM AUDIT declaration: DefiKernel.Metatheory.Examples.worldChainEvent; module=DefiKernel.Metatheory.Examples; kind=definition; axioms=[propext,
 Classical.choice,
 Quot.sound]
AXIOM AUDIT declaration: DefiKernel.Metatheory.Examples.worldChainExpected; module=DefiKernel.Metatheory.Examples; kind=definition; axioms=[propext,
 Classical.choice,
 Quot.sound]
AXIOM AUDIT declaration: DefiKernel.Metatheory.Examples.worldMatches; module=DefiKernel.Metatheory.Examples; kind=definition; axioms=[propext,
 Classical.choice,
 Quot.sound]
AXIOM AUDIT declaration: DefiKernel.Metatheory.OperatorFixtures.B; module=DefiKernel.Metatheory.OperatorFixtures; kind=definition; axioms=[]
AXIOM AUDIT declaration: DefiKernel.Metatheory.OperatorFixtures.IM; module=DefiKernel.Metatheory.OperatorFixtures; kind=definition; axioms=[propext,
 Quot.sound]
AXIOM AUDIT declaration: DefiKernel.Metatheory.OperatorFixtures.atomicDiagnostics; module=DefiKernel.Metatheory.OperatorFixtures; kind=definition; axioms=[propext,
 Classical.choice,
 Quot.sound]
AXIOM AUDIT declaration: DefiKernel.Metatheory.OperatorFixtures.atomicMatches; module=DefiKernel.Metatheory.OperatorFixtures; kind=definition; axioms=[propext,
 Classical.choice,
 Quot.sound]
AXIOM AUDIT declaration: DefiKernel.Metatheory.OperatorFixtures.attemptMatches; module=DefiKernel.Metatheory.OperatorFixtures; kind=definition; axioms=[propext,
 Classical.choice,
 Quot.sound]
AXIOM AUDIT declaration: DefiKernel.Metatheory.OperatorFixtures.badSuffix; module=DefiKernel.Metatheory.OperatorFixtures; kind=definition; axioms=[propext,
 Quot.sound]
AXIOM AUDIT declaration: DefiKernel.Metatheory.OperatorFixtures.batchAbortObservation; module=DefiKernel.Metatheory.OperatorFixtures; kind=definition; axioms=[propext,
 Classical.choice,
 Quot.sound]
AXIOM AUDIT declaration: DefiKernel.Metatheory.OperatorFixtures.batchAbortReason; module=DefiKernel.Metatheory.OperatorFixtures; kind=definition; axioms=[propext,
 Quot.sound]
AXIOM AUDIT declaration: DefiKernel.Metatheory.OperatorFixtures.batchObservation; module=DefiKernel.Metatheory.OperatorFixtures; kind=definition; axioms=[propext,
 Classical.choice,
 Quot.sound]
AXIOM AUDIT declaration: DefiKernel.Metatheory.OperatorFixtures.batchPolicy; module=DefiKernel.Metatheory.OperatorFixtures; kind=definition; axioms=[]
AXIOM AUDIT declaration: DefiKernel.Metatheory.OperatorFixtures.batchRefusedObservation; module=DefiKernel.Metatheory.OperatorFixtures; kind=definition; axioms=[propext,
 Classical.choice,
 Quot.sound]
AXIOM AUDIT declaration: DefiKernel.Metatheory.OperatorFixtures.batchRun; module=DefiKernel.Metatheory.OperatorFixtures; kind=definition; axioms=[propext,
 Classical.choice,
 Quot.sound]
AXIOM AUDIT declaration: DefiKernel.Metatheory.OperatorFixtures.boundary; module=DefiKernel.Metatheory.OperatorFixtures; kind=definition; axioms=[propext,
 Quot.sound]
AXIOM AUDIT declaration: DefiKernel.Metatheory.OperatorFixtures.boundaryChecks; module=DefiKernel.Metatheory.OperatorFixtures; kind=definition; axioms=[propext,
 Classical.choice,
 Quot.sound]
AXIOM AUDIT declaration: DefiKernel.Metatheory.OperatorFixtures.checks; module=DefiKernel.Metatheory.OperatorFixtures; kind=definition; axioms=[propext,
 Classical.choice,
 Quot.sound]
AXIOM AUDIT declaration: DefiKernel.Metatheory.OperatorFixtures.extendedAtomic; module=DefiKernel.Metatheory.OperatorFixtures; kind=definition; axioms=[propext,
 Classical.choice,
 Quot.sound]
AXIOM AUDIT declaration: DefiKernel.Metatheory.OperatorFixtures.failureMachine; module=DefiKernel.Metatheory.OperatorFixtures; kind=definition; axioms=[propext,
 Classical.choice,
 Quot.sound]
AXIOM AUDIT declaration: DefiKernel.Metatheory.OperatorFixtures.firstAttempt; module=DefiKernel.Metatheory.OperatorFixtures; kind=definition; axioms=[propext,
 Classical.choice,
 Quot.sound]
AXIOM AUDIT declaration: DefiKernel.Metatheory.OperatorFixtures.firstInner; module=DefiKernel.Metatheory.OperatorFixtures; kind=definition; axioms=[propext,
 Classical.choice,
 Quot.sound]
AXIOM AUDIT declaration: DefiKernel.Metatheory.OperatorFixtures.firstMachine; module=DefiKernel.Metatheory.OperatorFixtures; kind=definition; axioms=[propext,
 Classical.choice,
 Quot.sound]
AXIOM AUDIT declaration: DefiKernel.Metatheory.OperatorFixtures.interMatches; module=DefiKernel.Metatheory.OperatorFixtures; kind=definition; axioms=[propext,
 Classical.choice,
 Quot.sound]
AXIOM AUDIT declaration: DefiKernel.Metatheory.OperatorFixtures.interRefused; module=DefiKernel.Metatheory.OperatorFixtures; kind=definition; axioms=[propext,
 Classical.choice,
 Quot.sound]
AXIOM AUDIT declaration: DefiKernel.Metatheory.OperatorFixtures.laneMintCheck; module=DefiKernel.Metatheory.OperatorFixtures; kind=definition; axioms=[propext,
 Classical.choice,
 Quot.sound]
AXIOM AUDIT declaration: DefiKernel.Metatheory.OperatorFixtures.laneMintExpected; module=DefiKernel.Metatheory.OperatorFixtures; kind=definition; axioms=[propext,
 Classical.choice,
 Quot.sound]
AXIOM AUDIT declaration: DefiKernel.Metatheory.OperatorFixtures.laneMintMachine; module=DefiKernel.Metatheory.OperatorFixtures; kind=definition; axioms=[propext,
 Classical.choice,
 Quot.sound]
AXIOM AUDIT declaration: DefiKernel.Metatheory.OperatorFixtures.laneMintRaw; module=DefiKernel.Metatheory.OperatorFixtures; kind=definition; axioms=[propext,
 Classical.choice,
 Quot.sound]
AXIOM AUDIT declaration: DefiKernel.Metatheory.OperatorFixtures.laneMintReason; module=DefiKernel.Metatheory.OperatorFixtures; kind=definition; axioms=[propext,
 Quot.sound]
AXIOM AUDIT declaration: DefiKernel.Metatheory.OperatorFixtures.localMatches; module=DefiKernel.Metatheory.OperatorFixtures; kind=definition; axioms=[propext,
 Classical.choice,
 Quot.sound]
AXIOM AUDIT declaration: DefiKernel.Metatheory.OperatorFixtures.machineMatches; module=DefiKernel.Metatheory.OperatorFixtures; kind=definition; axioms=[propext,
 Classical.choice,
 Quot.sound]
AXIOM AUDIT declaration: DefiKernel.Metatheory.OperatorFixtures.outcomeMatches; module=DefiKernel.Metatheory.OperatorFixtures; kind=definition; axioms=[propext,
 Classical.choice,
 Quot.sound]
AXIOM AUDIT declaration: DefiKernel.Metatheory.OperatorFixtures.parallelMatches; module=DefiKernel.Metatheory.OperatorFixtures; kind=definition; axioms=[propext,
 Classical.choice,
 Quot.sound]
AXIOM AUDIT declaration: DefiKernel.Metatheory.OperatorFixtures.parallelRefused; module=DefiKernel.Metatheory.OperatorFixtures; kind=definition; axioms=[propext,
 Classical.choice,
 Quot.sound]
AXIOM AUDIT declaration: DefiKernel.Metatheory.OperatorFixtures.raw; module=DefiKernel.Metatheory.OperatorFixtures; kind=definition; axioms=[propext,
 Quot.sound]
AXIOM AUDIT declaration: DefiKernel.Metatheory.OperatorFixtures.settleDraw; module=DefiKernel.Metatheory.OperatorFixtures; kind=definition; axioms=[propext,
 Classical.choice,
 Quot.sound]
AXIOM AUDIT declaration: DefiKernel.Metatheory.OperatorFixtures.settleMachine; module=DefiKernel.Metatheory.OperatorFixtures; kind=definition; axioms=[propext,
 Classical.choice,
 Quot.sound]
AXIOM AUDIT declaration: DefiKernel.Metatheory.OperatorFixtures.settleObservation; module=DefiKernel.Metatheory.OperatorFixtures; kind=definition; axioms=[propext,
 Classical.choice,
 Quot.sound]
AXIOM AUDIT declaration: DefiKernel.Metatheory.OperatorFixtures.settleReturn; module=DefiKernel.Metatheory.OperatorFixtures; kind=definition; axioms=[propext,
 Classical.choice,
 Quot.sound]
AXIOM AUDIT declaration: DefiKernel.Metatheory.OperatorFixtures.settleRun; module=DefiKernel.Metatheory.OperatorFixtures; kind=definition; axioms=[propext,
 Classical.choice,
 Quot.sound]
AXIOM AUDIT declaration: DefiKernel.Metatheory.OperatorFixtures.settlementCheck; module=DefiKernel.Metatheory.OperatorFixtures; kind=definition; axioms=[propext,
 Classical.choice,
 Quot.sound]
AXIOM AUDIT declaration: DefiKernel.Metatheory.OperatorFixtures.splitExpected; module=DefiKernel.Metatheory.OperatorFixtures; kind=definition; axioms=[propext,
 Classical.choice,
 Quot.sound]
AXIOM AUDIT declaration: DefiKernel.Metatheory.OperatorFixtures.splitFirst; module=DefiKernel.Metatheory.OperatorFixtures; kind=definition; axioms=[propext,
 Classical.choice,
 Quot.sound]
AXIOM AUDIT declaration: DefiKernel.Metatheory.OperatorFixtures.splitMachine; module=DefiKernel.Metatheory.OperatorFixtures; kind=definition; axioms=[propext,
 Classical.choice,
 Quot.sound]
AXIOM AUDIT declaration: DefiKernel.Metatheory.OperatorFixtures.splitReason; module=DefiKernel.Metatheory.OperatorFixtures; kind=definition; axioms=[propext,
 Quot.sound]
AXIOM AUDIT declaration: DefiKernel.Metatheory.OperatorFixtures.splitSecond; module=DefiKernel.Metatheory.OperatorFixtures; kind=definition; axioms=[propext,
 Classical.choice,
 Quot.sound]
AXIOM AUDIT declaration: DefiKernel.Metatheory.OperatorFixtures.stepResultMatches; module=DefiKernel.Metatheory.OperatorFixtures; kind=definition; axioms=[propext,
 Classical.choice,
 Quot.sound]
AXIOM AUDIT declaration: DefiKernel.Metatheory.OperatorFixtures.tableMatches; module=DefiKernel.Metatheory.OperatorFixtures; kind=definition; axioms=[propext,
 Classical.choice,
 Quot.sound]
AXIOM AUDIT declaration: DefiKernel.Metatheory.OperatorFixtures.unknown; module=DefiKernel.Metatheory.OperatorFixtures; kind=definition; axioms=[propext,
 Quot.sound]
AXIOM AUDIT declaration: DefiKernel.Metatheory.OperatorFixtures.zero; module=DefiKernel.Metatheory.OperatorFixtures; kind=definition; axioms=[propext,
 Quot.sound]
AXIOM AUDIT declaration: DefiKernel.Metatheory.ReferenceSet._sizeOf_1; module=DefiKernel.Metatheory.Configuration; kind=definition; axioms=[]
AXIOM AUDIT declaration: DefiKernel.Metatheory.ReferenceSet._sizeOf_inst; module=DefiKernel.Metatheory.Configuration; kind=definition; axioms=[]
AXIOM AUDIT declaration: DefiKernel.Metatheory.ReferenceSet.calls; module=DefiKernel.Metatheory.Configuration; kind=definition; axioms=[]
AXIOM AUDIT declaration: DefiKernel.Metatheory.ReferenceSet.casesOn; module=DefiKernel.Metatheory.Configuration; kind=definition; axioms=[]
AXIOM AUDIT declaration: DefiKernel.Metatheory.ReferenceSet.ctorIdx; module=DefiKernel.Metatheory.Configuration; kind=definition; axioms=[]
AXIOM AUDIT declaration: DefiKernel.Metatheory.ReferenceSet.noConfusion; module=DefiKernel.Metatheory.Configuration; kind=definition; axioms=[]
AXIOM AUDIT declaration: DefiKernel.Metatheory.ReferenceSet.noConfusionType; module=DefiKernel.Metatheory.Configuration; kind=definition; axioms=[]
AXIOM AUDIT declaration: DefiKernel.Metatheory.ReferenceSet.operations; module=DefiKernel.Metatheory.Configuration; kind=definition; axioms=[]
AXIOM AUDIT declaration: DefiKernel.Metatheory.ReferenceSet.recOn; module=DefiKernel.Metatheory.Configuration; kind=definition; axioms=[]
AXIOM AUDIT declaration: DefiKernel.Metatheory.ReferenceSet.union; module=DefiKernel.Metatheory.Configuration; kind=definition; axioms=[]
AXIOM AUDIT declaration: DefiKernel.Metatheory.SeqContext._sizeOf_1; module=DefiKernel.Metatheory.Contexts; kind=definition; axioms=[]
AXIOM AUDIT declaration: DefiKernel.Metatheory.SeqContext._sizeOf_inst; module=DefiKernel.Metatheory.Contexts; kind=definition; axioms=[]
AXIOM AUDIT declaration: DefiKernel.Metatheory.SeqContext.below; module=DefiKernel.Metatheory.Contexts; kind=definition; axioms=[]
AXIOM AUDIT declaration: DefiKernel.Metatheory.SeqContext.brecOn; module=DefiKernel.Metatheory.Contexts; kind=definition; axioms=[]
AXIOM AUDIT declaration: DefiKernel.Metatheory.SeqContext.casesOn; module=DefiKernel.Metatheory.Contexts; kind=definition; axioms=[]
AXIOM AUDIT declaration: DefiKernel.Metatheory.SeqContext.ctorElim; module=DefiKernel.Metatheory.Contexts; kind=definition; axioms=[]
AXIOM AUDIT declaration: DefiKernel.Metatheory.SeqContext.ctorElimType; module=DefiKernel.Metatheory.Contexts; kind=definition; axioms=[]
AXIOM AUDIT declaration: DefiKernel.Metatheory.SeqContext.ctorIdx; module=DefiKernel.Metatheory.Contexts; kind=definition; axioms=[]
AXIOM AUDIT declaration: DefiKernel.Metatheory.SeqContext.noConfusion; module=DefiKernel.Metatheory.Contexts; kind=definition; axioms=[]
AXIOM AUDIT declaration: DefiKernel.Metatheory.SeqContext.noConfusionType; module=DefiKernel.Metatheory.Contexts; kind=definition; axioms=[]
AXIOM AUDIT declaration: DefiKernel.Metatheory.SeqContext.recOn; module=DefiKernel.Metatheory.Contexts; kind=definition; axioms=[]
AXIOM AUDIT declaration: DefiKernel.Metatheory.SeqGroup._sizeOf_1; module=DefiKernel.Metatheory.SequentialGroups; kind=definition; axioms=[]
AXIOM AUDIT declaration: DefiKernel.Metatheory.SeqGroup._sizeOf_inst; module=DefiKernel.Metatheory.SequentialGroups; kind=definition; axioms=[]
AXIOM AUDIT declaration: DefiKernel.Metatheory.SeqGroup.below; module=DefiKernel.Metatheory.SequentialGroups; kind=definition; axioms=[]
AXIOM AUDIT declaration: DefiKernel.Metatheory.SeqGroup.brecOn; module=DefiKernel.Metatheory.SequentialGroups; kind=definition; axioms=[]
AXIOM AUDIT declaration: DefiKernel.Metatheory.SeqGroup.casesOn; module=DefiKernel.Metatheory.SequentialGroups; kind=definition; axioms=[]
AXIOM AUDIT declaration: DefiKernel.Metatheory.SeqGroup.ctorElim; module=DefiKernel.Metatheory.SequentialGroups; kind=definition; axioms=[]
AXIOM AUDIT declaration: DefiKernel.Metatheory.SeqGroup.ctorElimType; module=DefiKernel.Metatheory.SequentialGroups; kind=definition; axioms=[]
AXIOM AUDIT declaration: DefiKernel.Metatheory.SeqGroup.ctorIdx; module=DefiKernel.Metatheory.SequentialGroups; kind=definition; axioms=[]
AXIOM AUDIT declaration: DefiKernel.Metatheory.SeqGroup.noConfusion; module=DefiKernel.Metatheory.SequentialGroups; kind=definition; axioms=[]
AXIOM AUDIT declaration: DefiKernel.Metatheory.SeqGroup.noConfusionType; module=DefiKernel.Metatheory.SequentialGroups; kind=definition; axioms=[]
AXIOM AUDIT declaration: DefiKernel.Metatheory.SeqGroup.recOn; module=DefiKernel.Metatheory.SequentialGroups; kind=definition; axioms=[]
AXIOM AUDIT declaration: DefiKernel.Metatheory.SupportedStep.match_1; module=DefiKernel.Metatheory.Configuration; kind=definition; axioms=[]
AXIOM AUDIT declaration: DefiKernel.Metatheory.Tests.G; module=DefiKernel.Metatheory.Tests; kind=definition; axioms=[]
AXIOM AUDIT declaration: DefiKernel.Metatheory.Tests.administration; module=DefiKernel.Metatheory.Tests; kind=definition; axioms=[propext,
 Quot.sound]
AXIOM AUDIT declaration: DefiKernel.Metatheory.Tests.alteredEvent; module=DefiKernel.Metatheory.Tests; kind=definition; axioms=[propext,
 Classical.choice,
 Quot.sound]
AXIOM AUDIT declaration: DefiKernel.Metatheory.Tests.alteredReceipt; module=DefiKernel.Metatheory.Tests; kind=definition; axioms=[propext,
 Classical.choice,
 Quot.sound]
AXIOM AUDIT declaration: DefiKernel.Metatheory.Tests.appendedGrant; module=DefiKernel.Metatheory.Tests; kind=definition; axioms=[]
AXIOM AUDIT declaration: DefiKernel.Metatheory.Tests.baseRequest; module=DefiKernel.Metatheory.Tests; kind=definition; axioms=[propext,
 Quot.sound]
AXIOM AUDIT declaration: DefiKernel.Metatheory.Tests.changedCollateral; module=DefiKernel.Metatheory.Tests; kind=definition; axioms=[propext,
 Classical.choice,
 Quot.sound]
AXIOM AUDIT declaration: DefiKernel.Metatheory.Tests.closureChecks; module=DefiKernel.Metatheory.Tests; kind=definition; axioms=[propext,
 Classical.choice,
 Quot.sound]
AXIOM AUDIT declaration: DefiKernel.Metatheory.Tests.configurationChecks; module=DefiKernel.Metatheory.Tests; kind=definition; axioms=[propext,
 Classical.choice,
 Quot.sound]
AXIOM AUDIT declaration: DefiKernel.Metatheory.Tests.contextChecks; module=DefiKernel.Metatheory.Tests; kind=definition; axioms=[propext,
 Classical.choice,
 Quot.sound]
AXIOM AUDIT declaration: DefiKernel.Metatheory.Tests.deniedRevoke; module=DefiKernel.Metatheory.Tests; kind=definition; axioms=[propext,
 Classical.choice,
 Quot.sound]
AXIOM AUDIT declaration: DefiKernel.Metatheory.Tests.detailChecks; module=DefiKernel.Metatheory.Tests; kind=definition; axioms=[propext,
 Classical.choice,
 Quot.sound]
AXIOM AUDIT declaration: DefiKernel.Metatheory.Tests.different; module=DefiKernel.Metatheory.Tests; kind=definition; axioms=[propext,
 Classical.choice,
 Quot.sound]
AXIOM AUDIT declaration: DefiKernel.Metatheory.Tests.emptyStoreInitial; module=DefiKernel.Metatheory.Tests; kind=definition; axioms=[propext,
 Classical.choice,
 Quot.sound]
AXIOM AUDIT declaration: DefiKernel.Metatheory.Tests.equalFirst; module=DefiKernel.Metatheory.Tests; kind=definition; axioms=[propext,
 Classical.choice,
 Quot.sound]
AXIOM AUDIT declaration: DefiKernel.Metatheory.Tests.evaluatedChanged; module=DefiKernel.Metatheory.Tests; kind=definition; axioms=[propext,
 Quot.sound]
AXIOM AUDIT declaration: DefiKernel.Metatheory.Tests.evaluatedReadChanged; module=DefiKernel.Metatheory.Tests; kind=definition; axioms=[propext,
 Quot.sound]
AXIOM AUDIT declaration: DefiKernel.Metatheory.Tests.failedSurrounding; module=DefiKernel.Metatheory.Tests; kind=definition; axioms=[propext,
 Quot.sound]
AXIOM AUDIT declaration: DefiKernel.Metatheory.Tests.failureChanged; module=DefiKernel.Metatheory.Tests; kind=definition; axioms=[propext,
 Classical.choice,
 Quot.sound]
AXIOM AUDIT declaration: DefiKernel.Metatheory.Tests.first; module=DefiKernel.Metatheory.Tests; kind=definition; axioms=[propext,
 Quot.sound]
AXIOM AUDIT declaration: DefiKernel.Metatheory.Tests.fundingDifference; module=DefiKernel.Metatheory.Tests; kind=definition; axioms=[propext,
 Classical.choice,
 Quot.sound]
AXIOM AUDIT declaration: DefiKernel.Metatheory.Tests.grantOnlyEvent; module=DefiKernel.Metatheory.Tests; kind=definition; axioms=[propext,
 Classical.choice,
 Quot.sound]
AXIOM AUDIT declaration: DefiKernel.Metatheory.Tests.grantOnlyExpected; module=DefiKernel.Metatheory.Tests; kind=definition; axioms=[propext,
 Classical.choice,
 Quot.sound]
AXIOM AUDIT declaration: DefiKernel.Metatheory.Tests.groupChecks; module=DefiKernel.Metatheory.Tests; kind=definition; axioms=[propext,
 Classical.choice,
 Quot.sound]
AXIOM AUDIT declaration: DefiKernel.Metatheory.Tests.hiddenGroup; module=DefiKernel.Metatheory.Tests; kind=definition; axioms=[propext,
 Quot.sound]
AXIOM AUDIT declaration: DefiKernel.Metatheory.Tests.hiddenLong; module=DefiKernel.Metatheory.Tests; kind=definition; axioms=[propext,
 Quot.sound]
AXIOM AUDIT declaration: DefiKernel.Metatheory.Tests.hiddenSuffix; module=DefiKernel.Metatheory.Tests; kind=definition; axioms=[propext,
 Quot.sound]
AXIOM AUDIT declaration: DefiKernel.Metatheory.Tests.historyOther; module=DefiKernel.Metatheory.Tests; kind=definition; axioms=[propext,
 Classical.choice,
 Quot.sound]
AXIOM AUDIT declaration: DefiKernel.Metatheory.Tests.historyOtherEvent; module=DefiKernel.Metatheory.Tests; kind=definition; axioms=[propext,
 Classical.choice,
 Quot.sound]
AXIOM AUDIT declaration: DefiKernel.Metatheory.Tests.historyOtherExpected; module=DefiKernel.Metatheory.Tests; kind=definition; axioms=[propext,
 Classical.choice,
 Quot.sound]
AXIOM AUDIT declaration: DefiKernel.Metatheory.Tests.issueEmptyEvent; module=DefiKernel.Metatheory.Tests; kind=definition; axioms=[propext,
 Classical.choice,
 Quot.sound]
AXIOM AUDIT declaration: DefiKernel.Metatheory.Tests.issueEmptyExpected; module=DefiKernel.Metatheory.Tests; kind=definition; axioms=[propext,
 Classical.choice,
 Quot.sound]
AXIOM AUDIT declaration: DefiKernel.Metatheory.Tests.issueGroup; module=DefiKernel.Metatheory.Tests; kind=definition; axioms=[]
AXIOM AUDIT declaration: DefiKernel.Metatheory.Tests.issueMainEvent; module=DefiKernel.Metatheory.Tests; kind=definition; axioms=[propext,
 Classical.choice,
 Quot.sound]
AXIOM AUDIT declaration: DefiKernel.Metatheory.Tests.issueMainExpected; module=DefiKernel.Metatheory.Tests; kind=definition; axioms=[propext,
 Classical.choice,
 Quot.sound]
AXIOM AUDIT declaration: DefiKernel.Metatheory.Tests.leaf; module=DefiKernel.Metatheory.Tests; kind=definition; axioms=[]
AXIOM AUDIT declaration: DefiKernel.Metatheory.Tests.leftGrouped; module=DefiKernel.Metatheory.Tests; kind=definition; axioms=[propext,
 Quot.sound]
AXIOM AUDIT declaration: DefiKernel.Metatheory.Tests.missingCall; module=DefiKernel.Metatheory.Tests; kind=definition; axioms=[propext,
 Quot.sound]
AXIOM AUDIT declaration: DefiKernel.Metatheory.Tests.missingRevoke; module=DefiKernel.Metatheory.Tests; kind=definition; axioms=[propext,
 Classical.choice,
 Quot.sound]
AXIOM AUDIT declaration: DefiKernel.Metatheory.Tests.observationChecks; module=DefiKernel.Metatheory.Tests; kind=definition; axioms=[propext,
 Classical.choice,
 Quot.sound]
AXIOM AUDIT declaration: DefiKernel.Metatheory.Tests.oneStep; module=DefiKernel.Metatheory.Tests; kind=definition; axioms=[propext,
 Classical.choice,
 Quot.sound]
AXIOM AUDIT declaration: DefiKernel.Metatheory.Tests.originalHidden; module=DefiKernel.Metatheory.Tests; kind=definition; axioms=[propext,
 Classical.choice,
 Quot.sound]
AXIOM AUDIT declaration: DefiKernel.Metatheory.Tests.pair; module=DefiKernel.Metatheory.Tests; kind=definition; axioms=[propext,
 Quot.sound]
AXIOM AUDIT declaration: DefiKernel.Metatheory.Tests.rawBeforeOther; module=DefiKernel.Metatheory.Tests; kind=definition; axioms=[propext,
 Classical.choice,
 Quot.sound]
AXIOM AUDIT declaration: DefiKernel.Metatheory.Tests.rawPostOther; module=DefiKernel.Metatheory.Tests; kind=definition; axioms=[propext,
 Classical.choice,
 Quot.sound]
AXIOM AUDIT declaration: DefiKernel.Metatheory.Tests.receiptChanged; module=DefiKernel.Metatheory.Tests; kind=definition; axioms=[propext,
 Quot.sound]
AXIOM AUDIT declaration: DefiKernel.Metatheory.Tests.refusing; module=DefiKernel.Metatheory.Tests; kind=definition; axioms=[propext,
 Quot.sound]
AXIOM AUDIT declaration: DefiKernel.Metatheory.Tests.requestReceipt; module=DefiKernel.Metatheory.Tests; kind=definition; axioms=[propext,
 Quot.sound]
AXIOM AUDIT declaration: DefiKernel.Metatheory.Tests.reverseEvent; module=DefiKernel.Metatheory.Tests; kind=definition; axioms=[propext,
 Classical.choice,
 Quot.sound]
AXIOM AUDIT declaration: DefiKernel.Metatheory.Tests.reverseExpected; module=DefiKernel.Metatheory.Tests; kind=definition; axioms=[propext,
 Classical.choice,
 Quot.sound]
AXIOM AUDIT declaration: DefiKernel.Metatheory.Tests.revokeGroup; module=DefiKernel.Metatheory.Tests; kind=definition; axioms=[]
AXIOM AUDIT declaration: DefiKernel.Metatheory.Tests.rightGrouped; module=DefiKernel.Metatheory.Tests; kind=definition; axioms=[propext,
 Quot.sound]
AXIOM AUDIT declaration: DefiKernel.Metatheory.Tests.run; module=DefiKernel.Metatheory.Tests; kind=definition; axioms=[propext,
 Classical.choice,
 Quot.sound]
AXIOM AUDIT declaration: DefiKernel.Metatheory.Tests.runtimeChecks; module=DefiKernel.Metatheory.Tests; kind=definition; axioms=[propext,
 Classical.choice,
 Quot.sound]
AXIOM AUDIT declaration: DefiKernel.Metatheory.Tests.second; module=DefiKernel.Metatheory.Tests; kind=definition; axioms=[propext,
 Quot.sound]
AXIOM AUDIT declaration: DefiKernel.Metatheory.Tests.suffixEvent; module=DefiKernel.Metatheory.Tests; kind=definition; axioms=[propext,
 Classical.choice,
 Quot.sound]
AXIOM AUDIT declaration: DefiKernel.Metatheory.Tests.suffixExpected; module=DefiKernel.Metatheory.Tests; kind=definition; axioms=[propext,
 Classical.choice,
 Quot.sound]
AXIOM AUDIT declaration: DefiKernel.Metatheory.Tests.surrounding; module=DefiKernel.Metatheory.Tests; kind=definition; axioms=[propext,
 Quot.sound]
AXIOM AUDIT declaration: DefiKernel.Metatheory.Tests.third; module=DefiKernel.Metatheory.Tests; kind=definition; axioms=[propext,
 Quot.sound]
AXIOM AUDIT declaration: DefiKernel.Metatheory.Tests.useGroup; module=DefiKernel.Metatheory.Tests; kind=definition; axioms=[propext,
 Quot.sound]
AXIOM AUDIT declaration: DefiKernel.Metatheory.eventsEq._f; module=DefiKernel.Metatheory.Observation; kind=definition; axioms=[propext]
AXIOM AUDIT declaration: DefiKernel.Metatheory.eventsEq._sparseCasesOn_1; module=DefiKernel.Metatheory.Observation; kind=definition; axioms=[propext]
AXIOM AUDIT declaration: DefiKernel.Metatheory.eventsEq._sparseCasesOn_2; module=DefiKernel.Metatheory.Observation; kind=definition; axioms=[propext]
AXIOM AUDIT declaration: DefiKernel.Metatheory.eventsEq._sunfold; module=DefiKernel.Metatheory.Observation; kind=definition; axioms=[propext]
AXIOM AUDIT declaration: DefiKernel.Metatheory.eventsEq._unsafe_rec; module=DefiKernel.Metatheory.Observation; kind=definition; axioms=[propext]
AXIOM AUDIT declaration: DefiKernel.Metatheory.eventsEq.match_1; module=DefiKernel.Metatheory.Observation; kind=definition; axioms=[propext]
AXIOM AUDIT declaration: DefiKernel.Metatheory.fill._f; module=DefiKernel.Metatheory.Contexts; kind=definition; axioms=[]
AXIOM AUDIT declaration: DefiKernel.Metatheory.fill._sunfold; module=DefiKernel.Metatheory.Contexts; kind=definition; axioms=[]
AXIOM AUDIT declaration: DefiKernel.Metatheory.fill._unsafe_rec; module=DefiKernel.Metatheory.Contexts; kind=definition; axioms=[]
AXIOM AUDIT declaration: DefiKernel.Metatheory.fill.match_1; module=DefiKernel.Metatheory.Contexts; kind=definition; axioms=[]
AXIOM AUDIT declaration: DefiKernel.Metatheory.flatten._f; module=DefiKernel.Metatheory.SequentialGroups; kind=definition; axioms=[]
AXIOM AUDIT declaration: DefiKernel.Metatheory.flatten._sunfold; module=DefiKernel.Metatheory.SequentialGroups; kind=definition; axioms=[]
AXIOM AUDIT declaration: DefiKernel.Metatheory.flatten._unsafe_rec; module=DefiKernel.Metatheory.SequentialGroups; kind=definition; axioms=[]
AXIOM AUDIT declaration: DefiKernel.Metatheory.flatten.match_1; module=DefiKernel.Metatheory.SequentialGroups; kind=definition; axioms=[]
AXIOM AUDIT declaration: DefiKernel.Metatheory.runGroup._f; module=DefiKernel.Metatheory.SequentialGroups; kind=definition; axioms=[propext,
 Classical.choice,
 Quot.sound]
AXIOM AUDIT declaration: DefiKernel.Metatheory.runGroup._sunfold; module=DefiKernel.Metatheory.SequentialGroups; kind=definition; axioms=[propext,
 Classical.choice,
 Quot.sound]
AXIOM AUDIT declaration: DefiKernel.Metatheory.runGroup._unsafe_rec; module=DefiKernel.Metatheory.SequentialGroups; kind=definition; axioms=[propext,
 Classical.choice,
 Quot.sound]
AXIOM AUDIT declaration: _private.DefiKernel.Metatheory.Configuration.0.Except.map.match_1.splitter; module=DefiKernel.Metatheory.Configuration; kind=definition; axioms=[]
AXIOM AUDIT declaration: DefiKernel.Metatheory.Audit.main.match_1; module=DefiKernel.Metatheory.Audit; kind=definition; axioms=[]
AXIOM AUDIT declaration: DefiKernel.Metatheory.ConfigAgreement.mk._flat_ctor; module=DefiKernel.Metatheory.Configuration; kind=definition; axioms=[propext]
AXIOM AUDIT declaration: DefiKernel.Metatheory.CursorObservation.mk._flat_ctor; module=DefiKernel.Metatheory.Observation; kind=definition; axioms=[propext,
 Quot.sound]
AXIOM AUDIT declaration: DefiKernel.Metatheory.CursorObservation.mk.noConfusion; module=DefiKernel.Metatheory.Observation; kind=definition; axioms=[propext,
 Quot.sound]
AXIOM AUDIT declaration: DefiKernel.Metatheory.Examples.fullCursorEq.match_1; module=DefiKernel.Metatheory.Examples; kind=definition; axioms=[propext,
 Quot.sound]
AXIOM AUDIT declaration: DefiKernel.Metatheory.OperatorFixtures.atomicDiagnostics.match_1; module=DefiKernel.Metatheory.OperatorFixtures; kind=definition; axioms=[propext,
 Quot.sound]
AXIOM AUDIT declaration: DefiKernel.Metatheory.OperatorFixtures.interMatches._sparseCasesOn_1; module=DefiKernel.Metatheory.OperatorFixtures; kind=definition; axioms=[propext,
 Quot.sound]
AXIOM AUDIT declaration: DefiKernel.Metatheory.OperatorFixtures.interMatches.match_1; module=DefiKernel.Metatheory.OperatorFixtures; kind=definition; axioms=[propext,
 Quot.sound]
AXIOM AUDIT declaration: DefiKernel.Metatheory.OperatorFixtures.interRefused._sparseCasesOn_1; module=DefiKernel.Metatheory.OperatorFixtures; kind=definition; axioms=[propext,
 Quot.sound]
AXIOM AUDIT declaration: DefiKernel.Metatheory.OperatorFixtures.interRefused.match_1; module=DefiKernel.Metatheory.OperatorFixtures; kind=definition; axioms=[propext,
 Quot.sound]
AXIOM AUDIT declaration: DefiKernel.Metatheory.OperatorFixtures.machineMatches.match_1; module=DefiKernel.Metatheory.OperatorFixtures; kind=definition; axioms=[propext,
 Quot.sound]
AXIOM AUDIT declaration: DefiKernel.Metatheory.OperatorFixtures.outcomeMatches._sparseCasesOn_1; module=DefiKernel.Metatheory.OperatorFixtures; kind=definition; axioms=[propext]
AXIOM AUDIT declaration: DefiKernel.Metatheory.OperatorFixtures.outcomeMatches._sparseCasesOn_2; module=DefiKernel.Metatheory.OperatorFixtures; kind=definition; axioms=[propext]
AXIOM AUDIT declaration: DefiKernel.Metatheory.OperatorFixtures.outcomeMatches.match_1; module=DefiKernel.Metatheory.OperatorFixtures; kind=definition; axioms=[propext,
 Quot.sound]
AXIOM AUDIT declaration: DefiKernel.Metatheory.OperatorFixtures.parallelMatches.match_1; module=DefiKernel.Metatheory.OperatorFixtures; kind=definition; axioms=[propext,
 Quot.sound]
AXIOM AUDIT declaration: DefiKernel.Metatheory.OperatorFixtures.parallelRefused._sparseCasesOn_1; module=DefiKernel.Metatheory.OperatorFixtures; kind=definition; axioms=[propext,
 Quot.sound]
AXIOM AUDIT declaration: DefiKernel.Metatheory.OperatorFixtures.parallelRefused.match_1; module=DefiKernel.Metatheory.OperatorFixtures; kind=definition; axioms=[propext,
 Quot.sound]
AXIOM AUDIT declaration: DefiKernel.Metatheory.ReferenceSet.mk._flat_ctor; module=DefiKernel.Metatheory.Configuration; kind=definition; axioms=[]
AXIOM AUDIT declaration: DefiKernel.Metatheory.ReferenceSet.mk.noConfusion; module=DefiKernel.Metatheory.Configuration; kind=definition; axioms=[]
AXIOM AUDIT declaration: DefiKernel.Metatheory.SeqContext.after.elim; module=DefiKernel.Metatheory.Contexts; kind=definition; axioms=[]
AXIOM AUDIT declaration: DefiKernel.Metatheory.SeqContext.after.noConfusion; module=DefiKernel.Metatheory.Contexts; kind=definition; axioms=[]
AXIOM AUDIT declaration: DefiKernel.Metatheory.SeqContext.before.elim; module=DefiKernel.Metatheory.Contexts; kind=definition; axioms=[]
AXIOM AUDIT declaration: DefiKernel.Metatheory.SeqContext.before.noConfusion; module=DefiKernel.Metatheory.Contexts; kind=definition; axioms=[]
AXIOM AUDIT declaration: DefiKernel.Metatheory.SeqContext.brecOn.go; module=DefiKernel.Metatheory.Contexts; kind=definition; axioms=[]
AXIOM AUDIT declaration: DefiKernel.Metatheory.SeqContext.hole.elim; module=DefiKernel.Metatheory.Contexts; kind=definition; axioms=[]
AXIOM AUDIT declaration: DefiKernel.Metatheory.SeqGroup.brecOn.go; module=DefiKernel.Metatheory.SequentialGroups; kind=definition; axioms=[]
AXIOM AUDIT declaration: DefiKernel.Metatheory.SeqGroup.empty.elim; module=DefiKernel.Metatheory.SequentialGroups; kind=definition; axioms=[]
AXIOM AUDIT declaration: DefiKernel.Metatheory.SeqGroup.seq.elim; module=DefiKernel.Metatheory.SequentialGroups; kind=definition; axioms=[]
AXIOM AUDIT declaration: DefiKernel.Metatheory.SeqGroup.seq.noConfusion; module=DefiKernel.Metatheory.SequentialGroups; kind=definition; axioms=[]
AXIOM AUDIT declaration: DefiKernel.Metatheory.SeqGroup.step.elim; module=DefiKernel.Metatheory.SequentialGroups; kind=definition; axioms=[]
AXIOM AUDIT declaration: DefiKernel.Metatheory.SeqGroup.step.noConfusion; module=DefiKernel.Metatheory.SequentialGroups; kind=definition; axioms=[]
AXIOM AUDIT declaration: _private.DefiKernel.Metatheory.Configuration.0.DefiKernel.Typed.revokeCapability.match_1.splitter; module=DefiKernel.Metatheory.Configuration; kind=definition; axioms=[]
AXIOM AUDIT declaration: _private.DefiKernel.Metatheory.Observation.0.DefiKernel.Metatheory.eventsEq.match_1.splitter; module=DefiKernel.Metatheory.Observation; kind=definition; axioms=[propext]
AXIOM AUDIT declaration: _private.DefiKernel.Metatheory.OperatorLifting.0.DefiKernel.Atomic.runAtomic.match_1.splitter; module=DefiKernel.Metatheory.OperatorLifting; kind=definition; axioms=[]
AXIOM AUDIT declaration: _private.DefiKernel.Metatheory.OperatorLifting.0.DefiKernel.Interleaving.advance.match_1.splitter; module=DefiKernel.Metatheory.OperatorLifting; kind=definition; axioms=[]
AXIOM AUDIT declaration: _private.DefiKernel.Metatheory.OperatorLifting.0.DefiKernel.Interleaving.advance.match_3.splitter; module=DefiKernel.Metatheory.OperatorLifting; kind=definition; axioms=[]
AXIOM AUDIT declaration: _private.DefiKernel.Metatheory.OperatorLifting.0.DefiKernel.Interleaving.runInterleaving.match_1.splitter; module=DefiKernel.Metatheory.OperatorLifting; kind=definition; axioms=[]
AXIOM AUDIT declaration: _private.DefiKernel.Metatheory.OperatorLifting.0.DefiKernel.Parallel.analyzeBranchFrom.match_1.splitter; module=DefiKernel.Metatheory.OperatorLifting; kind=definition; axioms=[]
AXIOM AUDIT declaration: _private.DefiKernel.Metatheory.OperatorLifting.0.DefiKernel.Parallel.runParallel.match_1.splitter; module=DefiKernel.Metatheory.OperatorLifting; kind=definition; axioms=[]
AXIOM AUDIT declaration: _private.DefiKernel.Metatheory.OperatorLifting.0.DefiKernel.Parallel.runSerialLR.match_1.splitter; module=DefiKernel.Metatheory.OperatorLifting; kind=definition; axioms=[]
AXIOM AUDIT declaration: _private.DefiKernel.Metatheory.SequentialGroups.0.DefiKernel.Metatheory.flatten.match_1.splitter; module=DefiKernel.Metatheory.SequentialGroups; kind=definition; axioms=[]
AXIOM AUDIT declaration: _private.DefiKernel.Metatheory.OperatorLifting.0.DefiKernel.Interleaving.Attempt.supply.match_1.splitter; module=DefiKernel.Metatheory.OperatorLifting; kind=definition; axioms=[propext,
 Quot.sound]
AXIOM AUDIT DECLARATIONS PASSED: 342/342 supplemental declarations; forbidden=0
AXIOM AUDIT PASSED: 237/237 theorems; forbidden=0
