Traceback (most recent call last):
  File "/home/charl/defiformal/review/semantic-kernel/program-execution-20260908/p16-source-r3-review/probes/fault_campaign.py", line 16, in <module>
    raise SystemExit(s.mode_intact(ev))
                     ~~~~~~~~~~~~~^^^^
  File "/home/charl/defiformal-wt-p16-token0-grok-gpt6-20260908/scripts/token0_p16/source_campaign.py", line 791, in mode_intact
    des_rows = run_fixture_list(
        f"{mid}-designated",
    ...<4 lines>...
        ev / "evm" / "mutants" / mid / "designated",
    )
  File "/home/charl/defiformal-wt-p16-token0-grok-gpt6-20260908/scripts/token0_p16/source_campaign.py", line 280, in run_fixture_list
    obs = run_probe(
        f"{name_prefix}-{fid}",
    ...<3 lines>...
        out_dir / fid,
    )
  File "/home/charl/defiformal-wt-p16-token0-grok-gpt6-20260908/scripts/token0_p16/p16_evm.py", line 212, in run_probe
    receipt = record_cmd(name, argv, cwd=out_dir, out_dir=out_dir / "record", timeout=timeout)
  File "/home/charl/defiformal-wt-p16-token0-grok-gpt6-20260908/scripts/token0_p16/p16_common.py", line 168, in record_cmd
    receipt = load_json(receipt_path)
  File "/home/charl/defiformal-wt-p16-token0-grok-gpt6-20260908/scripts/token0_p16/p16_common.py", line 88, in load_json
    return json.loads(path.read_text())
           ~~~~~~~~~~^^^^^^^^^^^^^^^^^^
  File "/usr/lib/python3.14/json/__init__.py", line 352, in loads
    return _default_decoder.decode(s)
           ~~~~~~~~~~~~~~~~~~~~~~~^^^
  File "/usr/lib/python3.14/json/decoder.py", line 345, in decode
    obj, end = self.raw_decode(s, idx=_w(s, 0).end())
               ~~~~~~~~~~~~~~~^^^^^^^^^^^^^^^^^^^^^^^
  File "/usr/lib/python3.14/json/decoder.py", line 361, in raw_decode
    obj, end = self.scan_once(s, idx)
               ~~~~~~~~~~~~~~^^^^^^^^
json.decoder.JSONDecodeError: Expecting property name enclosed in double quotes: line 1 column 2 (char 1)
