metatheory.fixture.catalog: true
metatheory.positive.single-leaf: true
metatheory.positive.equal-observation: true
metatheory.group.world-chain: false
metatheory.group.store-chain: true
metatheory.group.history-chain: false
metatheory.group.index-chain: false
metatheory.group.refusal-absorption: false
metatheory.group.child-executed: true
metatheory.group.ordered: false
metatheory.group.boundary-index: false
metatheory.group.empty: true
metatheory.group.empty.left: true
metatheory.group.empty.right: false
metatheory.group.failed-entry: true
metatheory.group.funded-suffix: true
metatheory.group.reverse-refusal: false
metatheory.group.forward-refusal: false
metatheory.group.admin.issue: true
metatheory.group.admin.revoke: false
metatheory.group.admin.denied: false
metatheory.group.flat.success: true
metatheory.group.flat.admin: true
metatheory.group.assoc.failure.left: false
metatheory.group.assoc.failure.right: false
metatheory.group.continuation: false
metatheory.observe.world-diff: true
metatheory.observe.store-diff: true
metatheory.observe.output-diff: true
metatheory.observe.failure-diff: true
metatheory.observe.receipt-diff: true
metatheory.observe.request.arguments: true
metatheory.observe.next-index-diff: true
metatheory.observe.output.unit: true
metatheory.observe.output.producer: true
metatheory.observe.output.component: true
metatheory.observe.output.port: true
metatheory.observe.output.order: true
metatheory.observe.store.tombstone: true
metatheory.observe.event.index: true
metatheory.observe.event.action: true
metatheory.observe.event.output: true
metatheory.observe.event.evaluated: true
metatheory.observe.event.length: true
metatheory.observe.event.order: true
metatheory.observe.event.issue-id: true
metatheory.observe.event.revoke-id: true
metatheory.observe.failure.reason: true
metatheory.observe.failure.position: true
metatheory.observe.failure.action: true
metatheory.observe.failure.absent-action: true
metatheory.observe.raw-before.omitted: true
metatheory.observe.raw-post.omitted: true
metatheory.context.history.original: true
metatheory.context.history.changed: true
metatheory.context.history.material: true
metatheory.context.index.original: true
metatheory.context.index.changed: true
metatheory.context.one-entry.short: true
metatheory.context.one-entry.long: true
metatheory.context.funded.short: true
metatheory.context.funded.long: false
metatheory.context.prefix-suffix.left: false
metatheory.context.prefix-suffix.right: false
metatheory.config.extended.valid: true
metatheory.config.extended.group: false
metatheory.config.extended.refusal: false
metatheory.config.extended.admin: false
metatheory.config.extended.step: true
metatheory.config.registry.valid: true
metatheory.config.registry.changed: true
metatheory.config.lookup.valid: true
metatheory.config.lookup.changed: true
metatheory.config.invalid.catalog: true
metatheory.config.invalid.lookup-unchanged: true
metatheory.config.invalid.refusal: true
metatheory.config.issue.original: true
metatheory.config.issue.extended: true
metatheory.config.issue.empty-store: true
metatheory.config.admin.changed: true
metatheory.config.grant-only.old-valid: true
metatheory.config.grant-only.new-valid: true
metatheory.config.grant-only.uncataloged: true
metatheory.config.grant-only.issue: true
metatheory.config.grant-only.domain: true
metatheory.config.lookup.absent.old: true
metatheory.config.lookup.absent.new: true
metatheory.config.revoke.denied.old: true
metatheory.config.revoke.denied.new: true
metatheory.config.revoke.missing.old: true
metatheory.config.revoke.missing.new: true
metatheory.operator.parallel.old: true
metatheory.operator.parallel.extended: true
metatheory.operator.parallel.failure.old: true
metatheory.operator.parallel.failure.extended: true
metatheory.operator.parallel.admission.old: true
metatheory.operator.parallel.admission.extended: true
metatheory.operator.interleaving.old: true
metatheory.operator.interleaving.extended: true
metatheory.operator.interleaving.failure.old: true
metatheory.operator.interleaving.failure.extended: true
metatheory.operator.interleaving.admission.old: true
metatheory.operator.interleaving.admission.extended: true
metatheory.operator.atomic.batch.old: true
metatheory.operator.atomic.batch.extended: true
metatheory.operator.atomic.kernel.old: true
metatheory.operator.atomic.kernel.extended: true
metatheory.operator.atomic.admission.old: true
metatheory.operator.atomic.admission.extended: true
metatheory.operator.atomic.settlement.old: true
metatheory.operator.atomic.settlement.extended: true
metatheory.operator.atomic.unsettled.old: true
metatheory.operator.atomic.unsettled.extended: true
metatheory.operator.atomic.extended.valid: true
metatheory.boundary.combined: true
metatheory.boundary.split.first: true
metatheory.boundary.split.second: true
metatheory.boundary.material: true
metatheory.operator.atomic.supply.old: true
metatheory.operator.atomic.supply.extended: true
metatheory.observe.request.operation: true
metatheory.observe.request.parties: true
metatheory.observe.request.capabilities: true
metatheory.observe.request.claimed-actor: true
metatheory.observe.receipt.supply: true
metatheory.observe.receipt.writes: true
metatheory.observe.receipt.guard: true
metatheory.observe.receipt.state-read: true
metatheory.observe.receipt.env-read: true
metatheory.observe.receipt.declared-state-read: true
metatheory.observe.receipt.declared-env-read: true
metatheory.config.registry.remaining: true
metatheory.config.lookup.remaining: true
metatheory.config.grant-only.remaining: true
metatheory.config.admin.remaining: true
metatheory.context.store.material: true
metatheory.config.admin.valid: true
metatheory.config.registry.all-admins: true
metatheory.config.lookup.all-admins: true
metatheory.config.grant-only.all-admins: true
metatheory.context.raw-before.expected: true
metatheory.context.raw-post.expected: true
metatheory.context.raw-before.equivalent: true
metatheory.context.raw-post.equivalent: true
metatheory.context.fill.original: false
metatheory.context.fill.replacement: false
metatheory.context.fill.failed.original: false
metatheory.context.fill.failed.replacement: false
/tmp/sprint9-official-production-r2/run/reset-history-at-seq.lean:4994:0: error: Metatheory runtime comparisons failed: 24
