'DefiKernel.Arithmetic.Rounding.floor_characterization' depends on axioms: [propext, Quot.sound]
'DefiKernel.Arithmetic.Rounding.ceil_characterization' depends on axioms: [propext, Quot.sound]
'DefiKernel.Arithmetic.Rounding.divideNat_error_iff' depends on axioms: [propext]
'DefiKernel.Arithmetic.Rounding.divideNat_down_ok_iff' depends on axioms: [propext, Quot.sound]
'DefiKernel.Arithmetic.Rounding.divideNat_up_ok_iff' depends on axioms: [propext, Quot.sound]
'DefiKernel.Arithmetic.Rounding.divideNat_le' depends on axioms: [propext, Quot.sound]
'DefiKernel.Arithmetic.Rounding.divideNat_exists_iff' depends on axioms: [propext, Quot.sound]
'DefiKernel.Arithmetic.Rounding.divideNat_zero_denominator' depends on axioms: [propext]
'DefiKernel.Arithmetic.Rounding.divideNat_zero' depends on axioms: [propext]
'DefiKernel.Arithmetic.Rounding.divideNat_exact' depends on axioms: [propext]
'DefiKernel.Arithmetic.Rounding.divideNat_up_zero_iff' depends on axioms: [propext, Quot.sound]
'DefiKernel.Arithmetic.Rounding.divideNat_rounding_gap' depends on axioms: [propext, Quot.sound]
'DefiKernel.Arithmetic.Rounding.divideNat_equal_iff_dvd' depends on axioms: [propext, Classical.choice, Quot.sound]
'DefiKernel.Arithmetic.Rounding.divideNat_mono' depends on axioms: [propext, Quot.sound]
'DefiKernel.Arithmetic.Rounding.divideNat_down_rational_error' depends on axioms: [propext,
 Classical.choice,
 Quot.sound]
'DefiKernel.Arithmetic.Rounding.divideNat_up_rational_error' depends on axioms: [propext, Classical.choice, Quot.sound]
'DefiKernel.Arithmetic.Rounding.mulDiv_ok_iff' depends on axioms: [propext]
'DefiKernel.Arithmetic.Rounding.mulDiv_down_ok_iff' depends on axioms: [propext, Quot.sound]
'DefiKernel.Arithmetic.Rounding.mulDiv_up_ok_iff' depends on axioms: [propext, Quot.sound]
'DefiKernel.Arithmetic.Rounding.mulDiv_error_iff' depends on axioms: [propext, Quot.sound]
'DefiKernel.Arithmetic.Rounding.mulDiv_exists_iff' depends on axioms: [propext]
'DefiKernel.Arithmetic.Rounding.mulDiv_zero_denominator' depends on axioms: [propext]
'DefiKernel.Arithmetic.Rounding.mulDiv_error_cases' depends on axioms: [propext, Quot.sound]
'DefiKernel.Arithmetic.Rounding.mulDiv_quotientOverflow_iff' depends on axioms: [propext, Quot.sound]
'DefiKernel.Arithmetic.Rounding.mulDiv_mono_left' depends on axioms: [propext, Quot.sound]
'DefiKernel.Arithmetic.Rounding.mulDiv_mono_right' depends on axioms: [propext, Quot.sound]
'DefiKernel.Arithmetic.Rounding.mulDiv_down_error_iff' depends on axioms: [propext, Quot.sound]
'DefiKernel.Arithmetic.Rounding.mulDiv_up_error_iff' depends on axioms: [propext, Quot.sound]
'DefiKernel.Arithmetic.Rounding.mulDiv_divisionByZero_iff' depends on axioms: [propext, Quot.sound]
'DefiKernel.Arithmetic.Rounding.mulDiv_zero_left' depends on axioms: [propext]
'DefiKernel.Arithmetic.Rounding.mulDiv_zero_right' depends on axioms: [propext]
'DefiKernel.Arithmetic.Rounding.mulDiv_width_zero' depends on axioms: [propext, Quot.sound]
'DefiKernel.Arithmetic.Rounding.mulDiv_exact_iff' depends on axioms: [propext]
'DefiKernel.Arithmetic.Rounding.mulDiv_rounding_gap' depends on axioms: [propext, Quot.sound]
'DefiKernel.Arithmetic.Rounding.mulDiv_equal_iff_dvd' depends on axioms: [propext, Classical.choice, Quot.sound]
'DefiKernel.Arithmetic.Rounding.mulDiv_down_rational_error' depends on axioms: [propext, Classical.choice, Quot.sound]
'DefiKernel.Arithmetic.Rounding.mulDiv_up_rational_error' depends on axioms: [propext, Classical.choice, Quot.sound]
'DefiKernel.Arithmetic.Rounding.mulDiv_up_value_zero_iff' depends on axioms: [propext, Classical.choice, Quot.sound]
