⚠ [434/743] Replayed Defialgebra.Obstruction
warning: Defialgebra/Obstruction.lean:2:18: * '. Released under Apache 2.0 license.':
'Copyright (c) YYYY' should be followed by a space


Note: This linter can be disabled with `set_option linter.style.header false`
warning: Defialgebra/Obstruction.lean:2:32: * 'er Apache 2.0 license.':
Copyright line should end with '. All rights reserved.'


Note: This linter can be disabled with `set_option linter.style.header false`
warning: Defialgebra/Obstruction.lean:4:0: * '-/':
Copyright too short!


Note: This linter can be disabled with `set_option linter.style.header false`
⚠ [729/743] Replayed Defialgebra.ConvexGeometry
warning: Defialgebra/ConvexGeometry.lean:2:18: * '. Released under Apache 2.0 license.':
'Copyright (c) YYYY' should be followed by a space


Note: This linter can be disabled with `set_option linter.style.header false`
warning: Defialgebra/ConvexGeometry.lean:2:32: * 'er Apache 2.0 license.':
Copyright line should end with '. All rights reserved.'


Note: This linter can be disabled with `set_option linter.style.header false`
warning: Defialgebra/ConvexGeometry.lean:4:0: * '-/':
Copyright too short!


Note: This linter can be disabled with `set_option linter.style.header false`
info: Defialgebra/ConvexGeometry.lean:357:0: 'Defialgebra.ConvexGeometry.mem_ex' depends on axioms: [propext, Classical.choice, Quot.sound]
info: Defialgebra/ConvexGeometry.lean:358:0: 'Defialgebra.ConvexGeometry.ex_subset' depends on axioms: [propext, Classical.choice, Quot.sound]
info: Defialgebra/ConvexGeometry.lean:359:0: 'Defialgebra.ConvexGeometry.cl_mono' depends on axioms: [propext, Classical.choice, Quot.sound]
info: Defialgebra/ConvexGeometry.lean:360:0: 'Defialgebra.ConvexGeometry.subset_cl' depends on axioms: [propext, Classical.choice, Quot.sound]
info: Defialgebra/ConvexGeometry.lean:361:0: 'Defialgebra.ConvexGeometry.ex_subset_of_generates' depends on axioms: [propext, Classical.choice, Quot.sound]
info: Defialgebra/ConvexGeometry.lean:362:0: 'Defialgebra.ConvexGeometry.maximal_closed_gap' depends on axioms: [propext, Classical.choice, Quot.sound]
info: Defialgebra/ConvexGeometry.lean:363:0: 'Defialgebra.ConvexGeometry.maximal_closed_gap'' depends on axioms: [propext, Classical.choice, Quot.sound]
info: Defialgebra/ConvexGeometry.lean:364:0: 'Defialgebra.ConvexGeometry.closure_ex' depends on axioms: [propext, Classical.choice, Quot.sound]
info: Defialgebra/ConvexGeometry.lean:365:0: 'Defialgebra.ConvexGeometry.unique_minimum_generator' depends on axioms: [propext, Classical.choice, Quot.sound]
info: Defialgebra/ConvexGeometry.lean:366:0: 'Defialgebra.ConvexGeometry.ex_isMinimumGenerator' depends on axioms: [propext, Classical.choice, Quot.sound]
info: Defialgebra/ConvexGeometry.lean:367:0: 'Defialgebra.ConvexGeometry.mem_reachSet' depends on axioms: [propext, Classical.choice, Quot.sound]
info: Defialgebra/ConvexGeometry.lean:368:0: 'Defialgebra.ConvexGeometry.reachSet_mono' depends on axioms: [propext, Classical.choice, Quot.sound]
info: Defialgebra/ConvexGeometry.lean:369:0: 'Defialgebra.ConvexGeometry.subset_reachSet' depends on axioms: [propext, Classical.choice, Quot.sound]
info: Defialgebra/ConvexGeometry.lean:370:0: 'Defialgebra.ConvexGeometry.reachSet_idem' depends on axioms: [propext, Classical.choice, Quot.sound]
info: Defialgebra/ConvexGeometry.lean:371:0: 'Defialgebra.ConvexGeometry.reachCl' depends on axioms: [propext, Classical.choice, Quot.sound]
info: Defialgebra/ConvexGeometry.lean:372:0: 'Defialgebra.ConvexGeometry.reachCl_apply' depends on axioms: [propext, Classical.choice, Quot.sound]
info: Defialgebra/ConvexGeometry.lean:373:0: 'Defialgebra.ConvexGeometry.reachSet_empty' depends on axioms: [propext, Classical.choice, Quot.sound]
info: Defialgebra/ConvexGeometry.lean:374:0: 'Defialgebra.ConvexGeometry.reachSet_insert' depends on axioms: [propext, Classical.choice, Quot.sound]
info: Defialgebra/ConvexGeometry.lean:375:0: 'Defialgebra.ConvexGeometry.mem_reachSet_insert_of_closed' depends on axioms: [propext, Classical.choice, Quot.sound]
info: Defialgebra/ConvexGeometry.lean:376:0: 'Defialgebra.ConvexGeometry.reachCl_antiExchange_of_antisymm' depends on axioms: [propext, Classical.choice, Quot.sound]
info: Defialgebra/ConvexGeometry.lean:377:0: 'Defialgebra.ConvexGeometry.antisymm_of_reachCl_antiExchange' depends on axioms: [propext, Classical.choice, Quot.sound]
info: Defialgebra/ConvexGeometry.lean:378:0: 'Defialgebra.ConvexGeometry.reachCl_antiExchange_iff' depends on axioms: [propext, Classical.choice, Quot.sound]
info: Defialgebra/ConvexGeometry.lean:379:0: 'Defialgebra.ConvexGeometry.ex_reachCl' depends on axioms: [propext, Classical.choice, Quot.sound]
info: Defialgebra/ConvexGeometry.lean:380:0: 'Defialgebra.ConvexGeometry.ex_reachCl_union' depends on axioms: [propext, Classical.choice, Quot.sound]
warning: Defialgebra/ConvexGeometry.lean:476:6: `push_neg` has been deprecated. Prefer using `push Not` instead.
If you'd rather continue using `push_neg` in your project, you can implement it as follows:
```
open Lean.Parser.Tactic in
macro "push_neg" cfg:optConfig loc:(location)? : tactic =>
  `(tactic| push $cfg:optConfig Not $[$loc]?)
```
info: Defialgebra/ConvexGeometry.lean:564:0: 'Defialgebra.ConvexGeometry.reachSet_union' depends on axioms: [propext, Classical.choice, Quot.sound]
info: Defialgebra/ConvexGeometry.lean:565:0: 'Defialgebra.ConvexGeometry.reachCl_union' depends on axioms: [propext, Classical.choice, Quot.sound]
info: Defialgebra/ConvexGeometry.lean:566:0: 'Defialgebra.ConvexGeometry.reachCl_union_of_closed' depends on axioms: [propext, Classical.choice, Quot.sound]
info: Defialgebra/ConvexGeometry.lean:567:0: 'Defialgebra.ConvexGeometry.reachSet_eq_self_iff' depends on axioms: [propext, Classical.choice, Quot.sound]
info: Defialgebra/ConvexGeometry.lean:568:0: 'Defialgebra.ConvexGeometry.thm_convex' depends on axioms: [propext, Classical.choice, Quot.sound]
info: Defialgebra/ConvexGeometry.lean:569:0: 'Defialgebra.ConvexGeometry.exists_ex_reach_aux' depends on axioms: [propext, Classical.choice, Quot.sound]
info: Defialgebra/ConvexGeometry.lean:570:0: 'Defialgebra.ConvexGeometry.exists_ex_reach' depends on axioms: [propext, Classical.choice, Quot.sound]
info: Defialgebra/ConvexGeometry.lean:571:0: 'Defialgebra.ConvexGeometry.ex_reachCl_union_ex' depends on axioms: [propext, Classical.choice, Quot.sound]
info: Defialgebra/ConvexGeometry.lean:572:0: 'Defialgebra.ConvexGeometry.ex_oplus' depends on axioms: [propext, Classical.choice, Quot.sound]
⚠ [730/743] Replayed Defialgebra.Polarity
warning: Defialgebra/Polarity.lean:2:18: * '. Released under Apache 2.0 license.':
'Copyright (c) YYYY' should be followed by a space


Note: This linter can be disabled with `set_option linter.style.header false`
warning: Defialgebra/Polarity.lean:2:32: * 'er Apache 2.0 license.':
Copyright line should end with '. All rights reserved.'


Note: This linter can be disabled with `set_option linter.style.header false`
warning: Defialgebra/Polarity.lean:4:0: * '-/':
Copyright too short!


Note: This linter can be disabled with `set_option linter.style.header false`
warning: Defialgebra/Polarity.lean:71:0: `horn_of_pureNeg` does not use the following hypothesis in its type:
  • [DecidableEq E] (#2)

Consider removing this hypothesis and using `classical` in the proof instead. For terms, consider using `open scoped Classical in` at the term level (not the command level).

Note: This linter can be disabled with `set_option linter.unusedDecidableInType false`
warning: Defialgebra/Polarity.lean:138:0: `dualHorn_reqClause` does not use the following hypothesis in its type:
  • [DecidableEq E] (#2)

Consider removing this hypothesis and using `classical` in the proof instead. For terms, consider using `open scoped Classical in` at the term level (not the command level).

Note: This linter can be disabled with `set_option linter.unusedDecidableInType false`
warning: Defialgebra/Polarity.lean:142:0: `pureNeg_prohClause` does not use the following hypothesis in its type:
  • [DecidableEq E] (#2)

Consider removing this hypothesis and using `classical` in the proof instead. For terms, consider using `open scoped Classical in` at the term level (not the command level).

Note: This linter can be disabled with `set_option linter.unusedDecidableInType false`
warning: Defialgebra/Polarity.lean:145:0: `horn_prohClause` does not use the following hypothesis in its type:
  • [DecidableEq E] (#2)

Consider removing this hypothesis and using `classical` in the proof instead. For terms, consider using `open scoped Classical in` at the term level (not the command level).

Note: This linter can be disabled with `set_option linter.unusedDecidableInType false`
warning: Defialgebra/Polarity.lean:164:0: `sat_prohClause_iff` does not use the following hypothesis in its type:
  • [DecidableEq E] (#2)

Consider removing this hypothesis and using `classical` in the proof instead. For terms, consider using `open scoped Classical in` at the term level (not the command level).

Note: This linter can be disabled with `set_option linter.unusedDecidableInType false`
info: Defialgebra/Polarity.lean:230:0: 'Defialgebra.Polarity.sat_union_of_dualHorn' depends on axioms: [propext, Classical.choice, Quot.sound]
info: Defialgebra/Polarity.lean:231:0: 'Defialgebra.Polarity.sat_inter_of_horn' depends on axioms: [propext, Classical.choice, Quot.sound]
info: Defialgebra/Polarity.lean:232:0: 'Defialgebra.Polarity.dualHorn_union_closed' depends on axioms: [propext, Classical.choice, Quot.sound]
info: Defialgebra/Polarity.lean:233:0: 'Defialgebra.Polarity.horn_inter_closed' depends on axioms: [propext, Classical.choice, Quot.sound]
info: Defialgebra/Polarity.lean:234:0: 'Defialgebra.Polarity.pureNeg_inter_closed' depends on axioms: [propext, Classical.choice, Quot.sound]
info: Defialgebra/Polarity.lean:235:0: 'Defialgebra.Polarity.horn_of_pureNeg' depends on axioms: [propext, Quot.sound]
info: Defialgebra/Polarity.lean:236:0: 'Defialgebra.Polarity.dualHorn_reqClause' depends on axioms: [propext, Quot.sound]
info: Defialgebra/Polarity.lean:237:0: 'Defialgebra.Polarity.pureNeg_prohClause' depends on axioms: [propext, Quot.sound]
info: Defialgebra/Polarity.lean:238:0: 'Defialgebra.Polarity.horn_prohClause' depends on axioms: [propext, Quot.sound]
info: Defialgebra/Polarity.lean:239:0: 'Defialgebra.Polarity.sat_reqClause_iff' depends on axioms: [propext, Classical.choice, Quot.sound]
info: Defialgebra/Polarity.lean:240:0: 'Defialgebra.Polarity.sat_prohClause_iff' depends on axioms: [propext, Classical.choice, Quot.sound]
info: Defialgebra/Polarity.lean:241:0: 'Defialgebra.Polarity.req_models_union_closed' depends on axioms: [propext, Classical.choice, Quot.sound]
info: Defialgebra/Polarity.lean:242:0: 'Defialgebra.Polarity.warrant_models_union_closed' depends on axioms: [propext, Classical.choice, Quot.sound]
info: Defialgebra/Polarity.lean:243:0: 'Defialgebra.Polarity.proh_models_inter_closed' depends on axioms: [propext, Classical.choice, Quot.sound]
info: Defialgebra/Polarity.lean:244:0: 'Defialgebra.Polarity.dualHorn_not_inter_closed' depends on axioms: [propext, Classical.choice, Quot.sound]
info: Defialgebra/Polarity.lean:245:0: 'Defialgebra.Polarity.req_not_inter_closed' depends on axioms: [propext, Classical.choice, Quot.sound]
info: Defialgebra/Polarity.lean:246:0: 'Defialgebra.Polarity.pureNeg_not_union_closed' depends on axioms: [propext, Classical.choice, Quot.sound]
info: Defialgebra/Polarity.lean:247:0: 'Defialgebra.Polarity.proh_not_union_closed' depends on axioms: [propext, Classical.choice, Quot.sound]
⚠ [731/743] Replayed Defialgebra.Lattice
warning: Defialgebra/Lattice.lean:2:18: * '. Released under Apache 2.0 license.':
'Copyright (c) YYYY' should be followed by a space


Note: This linter can be disabled with `set_option linter.style.header false`
warning: Defialgebra/Lattice.lean:2:32: * 'er Apache 2.0 license.':
Copyright line should end with '. All rights reserved.'


Note: This linter can be disabled with `set_option linter.style.header false`
warning: Defialgebra/Lattice.lean:4:0: * '-/':
Copyright too short!


Note: This linter can be disabled with `set_option linter.style.header false`
warning: Defialgebra/Lattice.lean:88:4: The `show` tactic should only be used to indicate intermediate goal states for readability.
However, this tactic invocation changed the goal. Please use `change` instead for these purposes.

Note: This linter can be disabled with `set_option linter.style.show false`
warning: Defialgebra/Lattice.lean:91:4: The `show` tactic should only be used to indicate intermediate goal states for readability.
However, this tactic invocation changed the goal. Please use `change` instead for these purposes.

Note: This linter can be disabled with `set_option linter.style.show false`
info: Defialgebra/Lattice.lean:159:0: 'Defialgebra.Lattice.UnionClosedFamily.mem_toFinsetFamily' depends on axioms: [propext, Classical.choice, Quot.sound]
info: Defialgebra/Lattice.lean:160:0: 'Defialgebra.Lattice.UnionClosedFamily.famSup_mem' depends on axioms: [propext, Classical.choice, Quot.sound]
info: Defialgebra/Lattice.lean:161:0: 'Defialgebra.Lattice.UnionClosedFamily.isLUB_sSup'' depends on axioms: [propext, Classical.choice, Quot.sound]
info: Defialgebra/Lattice.lean:162:0: 'Defialgebra.Lattice.UnionClosedFamily.completeLattice' depends on axioms: [propext, Classical.choice, Quot.sound]
info: Defialgebra/Lattice.lean:163:0: 'Defialgebra.Lattice.UnionClosedFamily.coe_sup' depends on axioms: [propext, Classical.choice, Quot.sound]
info: Defialgebra/Lattice.lean:164:0: 'Defialgebra.Lattice.UnionClosedFamily.inf_eq_sSup' depends on axioms: [propext, Classical.choice, Quot.sound]
info: Defialgebra/Lattice.lean:165:0: 'Defialgebra.Lattice.UnionClosedFamily.coe_inf' depends on axioms: [propext, Classical.choice, Quot.sound]
info: Defialgebra/Lattice.lean:166:0: 'Defialgebra.Lattice.UnionClosedFamily.top_eq_univ' depends on axioms: [propext, Classical.choice, Quot.sound]
info: Defialgebra/Lattice.lean:167:0: 'Defialgebra.Lattice.meet_ne_inter' depends on axioms: [propext, Classical.choice, Quot.sound]
⚠ [732/743] Replayed Defialgebra.Discharge
warning: Defialgebra/Discharge.lean:2:18: * '. Released under Apache 2.0 license.':
'Copyright (c) YYYY' should be followed by a space


Note: This linter can be disabled with `set_option linter.style.header false`
warning: Defialgebra/Discharge.lean:2:32: * 'er Apache 2.0 license.':
Copyright line should end with '. All rights reserved.'


Note: This linter can be disabled with `set_option linter.style.header false`
warning: Defialgebra/Discharge.lean:4:0: * '-/':
Copyright too short!


Note: This linter can be disabled with `set_option linter.style.header false`
info: Defialgebra/Discharge.lean:126:0: 'Defialgebra.Polarity.dualHorn_voidReq' depends on axioms: [propext, Classical.choice, Quot.sound]
info: Defialgebra/Discharge.lean:127:0: 'Defialgebra.Polarity.sat_voidReq_iff' depends on axioms: [propext, Classical.choice, Quot.sound]
info: Defialgebra/Discharge.lean:128:0: 'Defialgebra.Polarity.sat_voidReq_of_sat' depends on axioms: [propext, Classical.choice, Quot.sound]
info: Defialgebra/Discharge.lean:129:0: 'Defialgebra.Polarity.sat_voidReq_of_void' depends on axioms: [propext, Classical.choice, Quot.sound]
info: Defialgebra/Discharge.lean:130:0: 'Defialgebra.Polarity.sat_union_voidReq' depends on axioms: [propext, Classical.choice, Quot.sound]
info: Defialgebra/Discharge.lean:131:0: 'Defialgebra.Polarity.voidReq_union_closed' depends on axioms: [propext, Classical.choice, Quot.sound]
info: Defialgebra/Discharge.lean:132:0: 'Defialgebra.Polarity.voidReq_models_union_closed' depends on axioms: [propext, Classical.choice, Quot.sound]
info: Defialgebra/Discharge.lean:133:0: 'Defialgebra.Polarity.voidReq_strictly_larger' depends on axioms: [propext, Classical.choice, Quot.sound]
info: Defialgebra/Discharge.lean:134:0: 'Defialgebra.Polarity.voidReq_not_definite' depends on axioms: [propext, Classical.choice, Quot.sound]
info: Defialgebra/Discharge.lean:135:0: 'Defialgebra.Polarity.definite_voidReq_imp_definite' depends on axioms: [propext, Classical.choice, Quot.sound]
⚠ [811/988] Replayed Defialgebra.Interface
warning: Defialgebra/Interface.lean:4:0: * '# The interface discipline for `⋈`

`BASIS.md` §5 composes constructions along a coupling `κ` that "identifies only
carriers of the same sort". `P1 · Led` has carrier `(N ⇀ Q) × Q` — a balance map and
a declared total — with the law `‖bal‖ = sup`. But `sup` is merely sort `Q`, so `κ`
may glue it to an unrelated `Q` of the partner, whose transitions then write it while
the balance map is untouched. **Conservation dies under plain interleaving, with no
fusion involved**, and the invariant induction §5 relies on has no proof.

Four independent designs (`sigma/INTERFACE-COUNCIL.md`) converged on one fix:
*the declared total is not a shareable thing*. This file is the Lean statement of it.

* `Ledger.sup_not_port` — the discipline, carried as a well-formedness field rather
  than proved. This is the whole fix.
* `cons_of_portConfined` — a foreign transition confined to a ledger's ports, and
  `Q`-neutral on the ports it shares, preserves `‖bal‖ = sup`.
* `cons_broken_if_sup_is_port` — **the negative companion.** Drop `sup ∉ ports` and
  the same theorem is false, by explicit counterexample. Without this the result
  could hold vacuously, which is the failure mode this programme keeps finding.

SCOPE, stated plainly. Sorts are not modelled: state here is `Idx → ℤ`, because
conservation quantifies over `Q` alone and the sort discipline is a separate
concern. Fusion, polarity of `Q` flows, and associativity are M2/M3 and are absent.
What is proved is exactly the milestone: the coupling defect is real, and
`sup ∉ ports` closes it.':
If an authors line spans multiple lines, each line but the last must end with a trailing comma


Note: This linter can be disabled with `set_option linter.style.header false`
warning: Defialgebra/Interface.lean:4:0: * '# The int':
The authors line should begin with 'Authors: '


Note: This linter can be disabled with `set_option linter.style.header false`
warning: Defialgebra/Interface.lean:17:0: * '  ':
Double spaces are not allowed.


Note: This linter can be disabled with `set_option linter.style.header false`
warning: Defialgebra/Interface.lean:11:18: * ' and ':
Please, do not use 'and'; use ',' instead.


Note: This linter can be disabled with `set_option linter.style.header false`
warning: Defialgebra/Interface.lean:6:6: * '.':
Please, do not end the authors' line with a period.


Note: This linter can be disabled with `set_option linter.style.header false`
warning: Defialgebra/Interface.lean:29:2: * '':
Second copyright line should be "Released under Apache 2.0 license as described in the file LICENSE."


Note: This linter can be disabled with `set_option linter.style.header false`
warning: Defialgebra/Interface.lean:33:0: The module doc-string for a file should be the first command after the imports.
Please, add a module doc-string before `namespace Defialgebra.Interface`.

Note: This linter can be disabled with `set_option linter.style.header false`
warning: Defialgebra/Interface.lean:4:0: * '# The interface discipline for `⋈`

`BASIS.md` §5 composes constructions along a coupling `κ` that "identifies only
carriers of the same sort". `P1 · Led` has carrier `(N ⇀ Q) × Q` — a balance map and
a declared total — with the law `‖bal‖ = sup`. But `sup` is merely sort `Q`, so `κ`
may glue it to an unrelated `Q` of the partner, whose transitions then write it while
the balance map is untouched. **Conservation dies under plain interleaving, with no
fusion involved**, and the invariant induction §5 relies on has no proof.

Four independent designs (`sigma/INTERFACE-COUNCIL.md`) converged on one fix:
*the declared total is not a shareable thing*. This file is the Lean statement of it.

* `Ledger.sup_not_port` — the discipline, carried as a well-formedness field rather
  than proved. This is the whole fix.
* `cons_of_portConfined` — a foreign transition confined to a ledger's ports, and
  `Q`-neutral on the ports it shares, preserves `‖bal‖ = sup`.
* `cons_broken_if_sup_is_port` — **the negative companion.** Drop `sup ∉ ports` and
  the same theorem is false, by explicit counterexample. Without this the result
  could hold vacuously, which is the failure mode this programme keeps finding.

SCOPE, stated plainly. Sorts are not modelled: state here is `Idx → ℤ`, because
conservation quantifies over `Q` alone and the sort discipline is a separate
concern. Fusion, polarity of `Q` flows, and associativity are M2/M3 and are absent.
What is proved is exactly the milestone: the coupling defect is real, and
`sup ∉ ports` closes it.':
If an authors line spans multiple lines, each line but the last must end with a trailing comma


Note: This linter can be disabled with `set_option linter.style.header false`
warning: Defialgebra/Interface.lean:4:0: * '# The int':
The authors line should begin with 'Authors: '


Note: This linter can be disabled with `set_option linter.style.header false`
warning: Defialgebra/Interface.lean:17:0: * '  ':
Double spaces are not allowed.


Note: This linter can be disabled with `set_option linter.style.header false`
warning: Defialgebra/Interface.lean:11:18: * ' and ':
Please, do not use 'and'; use ',' instead.


Note: This linter can be disabled with `set_option linter.style.header false`
warning: Defialgebra/Interface.lean:6:6: * '.':
Please, do not end the authors' line with a period.


Note: This linter can be disabled with `set_option linter.style.header false`
warning: Defialgebra/Interface.lean:29:2: * '':
Second copyright line should be "Released under Apache 2.0 license as described in the file LICENSE."


Note: This linter can be disabled with `set_option linter.style.header false`
warning: Defialgebra/Interface.lean:33:0: The module doc-string for a file should be the first command after the imports.
Please, add a module doc-string before `variable {Idx : Type*} [DecidableEq Idx]`.

Note: This linter can be disabled with `set_option linter.style.header false`
warning: Defialgebra/Interface.lean:4:0: * '# The interface discipline for `⋈`

`BASIS.md` §5 composes constructions along a coupling `κ` that "identifies only
carriers of the same sort". `P1 · Led` has carrier `(N ⇀ Q) × Q` — a balance map and
a declared total — with the law `‖bal‖ = sup`. But `sup` is merely sort `Q`, so `κ`
may glue it to an unrelated `Q` of the partner, whose transitions then write it while
the balance map is untouched. **Conservation dies under plain interleaving, with no
fusion involved**, and the invariant induction §5 relies on has no proof.

Four independent designs (`sigma/INTERFACE-COUNCIL.md`) converged on one fix:
*the declared total is not a shareable thing*. This file is the Lean statement of it.

* `Ledger.sup_not_port` — the discipline, carried as a well-formedness field rather
  than proved. This is the whole fix.
* `cons_of_portConfined` — a foreign transition confined to a ledger's ports, and
  `Q`-neutral on the ports it shares, preserves `‖bal‖ = sup`.
* `cons_broken_if_sup_is_port` — **the negative companion.** Drop `sup ∉ ports` and
  the same theorem is false, by explicit counterexample. Without this the result
  could hold vacuously, which is the failure mode this programme keeps finding.

SCOPE, stated plainly. Sorts are not modelled: state here is `Idx → ℤ`, because
conservation quantifies over `Q` alone and the sort discipline is a separate
concern. Fusion, polarity of `Q` flows, and associativity are M2/M3 and are absent.
What is proved is exactly the milestone: the coupling defect is real, and
`sup ∉ ports` closes it.':
If an authors line spans multiple lines, each line but the last must end with a trailing comma


Note: This linter can be disabled with `set_option linter.style.header false`
warning: Defialgebra/Interface.lean:4:0: * '# The int':
The authors line should begin with 'Authors: '


Note: This linter can be disabled with `set_option linter.style.header false`
warning: Defialgebra/Interface.lean:17:0: * '  ':
Double spaces are not allowed.


Note: This linter can be disabled with `set_option linter.style.header false`
warning: Defialgebra/Interface.lean:11:18: * ' and ':
Please, do not use 'and'; use ',' instead.


Note: This linter can be disabled with `set_option linter.style.header false`
warning: Defialgebra/Interface.lean:6:6: * '.':
Please, do not end the authors' line with a period.


Note: This linter can be disabled with `set_option linter.style.header false`
warning: Defialgebra/Interface.lean:29:2: * '':
Second copyright line should be "Released under Apache 2.0 license as described in the file LICENSE."


Note: This linter can be disabled with `set_option linter.style.header false`
warning: Defialgebra/Interface.lean:33:0: The module doc-string for a file should be the first command after the imports.
Please, add a module doc-string before `/-- The state of a construction, restricted to its `Q` carriers. -/
def St (Idx : Type*) : Type _ :=
  Idx → ℤ`.

Note: This linter can be disabled with `set_option linter.style.header false`
warning: Defialgebra/Interface.lean:4:0: * '# The interface discipline for `⋈`

`BASIS.md` §5 composes constructions along a coupling `κ` that "identifies only
carriers of the same sort". `P1 · Led` has carrier `(N ⇀ Q) × Q` — a balance map and
a declared total — with the law `‖bal‖ = sup`. But `sup` is merely sort `Q`, so `κ`
may glue it to an unrelated `Q` of the partner, whose transitions then write it while
the balance map is untouched. **Conservation dies under plain interleaving, with no
fusion involved**, and the invariant induction §5 relies on has no proof.

Four independent designs (`sigma/INTERFACE-COUNCIL.md`) converged on one fix:
*the declared total is not a shareable thing*. This file is the Lean statement of it.

* `Ledger.sup_not_port` — the discipline, carried as a well-formedness field rather
  than proved. This is the whole fix.
* `cons_of_portConfined` — a foreign transition confined to a ledger's ports, and
  `Q`-neutral on the ports it shares, preserves `‖bal‖ = sup`.
* `cons_broken_if_sup_is_port` — **the negative companion.** Drop `sup ∉ ports` and
  the same theorem is false, by explicit counterexample. Without this the result
  could hold vacuously, which is the failure mode this programme keeps finding.

SCOPE, stated plainly. Sorts are not modelled: state here is `Idx → ℤ`, because
conservation quantifies over `Q` alone and the sort discipline is a separate
concern. Fusion, polarity of `Q` flows, and associativity are M2/M3 and are absent.
What is proved is exactly the milestone: the coupling defect is real, and
`sup ∉ ports` closes it.':
If an authors line spans multiple lines, each line but the last must end with a trailing comma


Note: This linter can be disabled with `set_option linter.style.header false`
warning: Defialgebra/Interface.lean:4:0: * '# The int':
The authors line should begin with 'Authors: '


Note: This linter can be disabled with `set_option linter.style.header false`
warning: Defialgebra/Interface.lean:17:0: * '  ':
Double spaces are not allowed.


Note: This linter can be disabled with `set_option linter.style.header false`
warning: Defialgebra/Interface.lean:11:18: * ' and ':
Please, do not use 'and'; use ',' instead.


Note: This linter can be disabled with `set_option linter.style.header false`
warning: Defialgebra/Interface.lean:6:6: * '.':
Please, do not end the authors' line with a period.


Note: This linter can be disabled with `set_option linter.style.header false`
warning: Defialgebra/Interface.lean:29:2: * '':
Second copyright line should be "Released under Apache 2.0 license as described in the file LICENSE."


Note: This linter can be disabled with `set_option linter.style.header false`
warning: Defialgebra/Interface.lean:33:0: The module doc-string for a file should be the first command after the imports.
Please, add a module doc-string before `/-- A `Led` block: the balance indices, the declared total, and the ports it
exposes to a coupling.

`bal : N ⇀ Q` is modelled as `N`-many `Q`-carriers rather than one map carrier.
That is faithful to §5's "`S` a finite product of carriers", and it is what makes
the defect *sayable*: `sup` is a different index from every balance, so a port list
can contain the balances and exclude the total. -/
structure Ledger (Idx : Type*) where
  /-- The indices holding individual balances. -/
  bals : Finset Idx
  /-- The index holding the declared total. -/
  sup : Idx
  /-- The indices a coupling is permitted to bind. -/
  ports : Finset Idx
  /-- The total is not one of the balances. -/
  sup_not_bal : sup ∉ bals
  /-- **THE INTERFACE DISCIPLINE.** The declared total is never a port, so no
    coupling can bind it and no foreign transition can write it. Carried as a
    well-formedness condition, not derived. -/
  sup_not_port : sup ∉ ports`.

Note: This linter can be disabled with `set_option linter.style.header false`
warning: Defialgebra/Interface.lean:4:0: * '# The interface discipline for `⋈`

`BASIS.md` §5 composes constructions along a coupling `κ` that "identifies only
carriers of the same sort". `P1 · Led` has carrier `(N ⇀ Q) × Q` — a balance map and
a declared total — with the law `‖bal‖ = sup`. But `sup` is merely sort `Q`, so `κ`
may glue it to an unrelated `Q` of the partner, whose transitions then write it while
the balance map is untouched. **Conservation dies under plain interleaving, with no
fusion involved**, and the invariant induction §5 relies on has no proof.

Four independent designs (`sigma/INTERFACE-COUNCIL.md`) converged on one fix:
*the declared total is not a shareable thing*. This file is the Lean statement of it.

* `Ledger.sup_not_port` — the discipline, carried as a well-formedness field rather
  than proved. This is the whole fix.
* `cons_of_portConfined` — a foreign transition confined to a ledger's ports, and
  `Q`-neutral on the ports it shares, preserves `‖bal‖ = sup`.
* `cons_broken_if_sup_is_port` — **the negative companion.** Drop `sup ∉ ports` and
  the same theorem is false, by explicit counterexample. Without this the result
  could hold vacuously, which is the failure mode this programme keeps finding.

SCOPE, stated plainly. Sorts are not modelled: state here is `Idx → ℤ`, because
conservation quantifies over `Q` alone and the sort discipline is a separate
concern. Fusion, polarity of `Q` flows, and associativity are M2/M3 and are absent.
What is proved is exactly the milestone: the coupling defect is real, and
`sup ∉ ports` closes it.':
If an authors line spans multiple lines, each line but the last must end with a trailing comma


Note: This linter can be disabled with `set_option linter.style.header false`
warning: Defialgebra/Interface.lean:4:0: * '# The int':
The authors line should begin with 'Authors: '


Note: This linter can be disabled with `set_option linter.style.header false`
warning: Defialgebra/Interface.lean:17:0: * '  ':
Double spaces are not allowed.


Note: This linter can be disabled with `set_option linter.style.header false`
warning: Defialgebra/Interface.lean:11:18: * ' and ':
Please, do not use 'and'; use ',' instead.


Note: This linter can be disabled with `set_option linter.style.header false`
warning: Defialgebra/Interface.lean:6:6: * '.':
Please, do not end the authors' line with a period.


Note: This linter can be disabled with `set_option linter.style.header false`
warning: Defialgebra/Interface.lean:29:2: * '':
Second copyright line should be "Released under Apache 2.0 license as described in the file LICENSE."


Note: This linter can be disabled with `set_option linter.style.header false`
warning: Defialgebra/Interface.lean:33:0: The module doc-string for a file should be the first command after the imports.
Please, add a module doc-string before `/-- `P1 · Led`'s law: `‖bal‖ = sup`. -/
def Cons (L : Ledger Idx) (s : St Idx) : Prop :=
  ∑ i ∈ L.bals, s i = s L.sup`.

Note: This linter can be disabled with `set_option linter.style.header false`
warning: Defialgebra/Interface.lean:4:0: * '# The interface discipline for `⋈`

`BASIS.md` §5 composes constructions along a coupling `κ` that "identifies only
carriers of the same sort". `P1 · Led` has carrier `(N ⇀ Q) × Q` — a balance map and
a declared total — with the law `‖bal‖ = sup`. But `sup` is merely sort `Q`, so `κ`
may glue it to an unrelated `Q` of the partner, whose transitions then write it while
the balance map is untouched. **Conservation dies under plain interleaving, with no
fusion involved**, and the invariant induction §5 relies on has no proof.

Four independent designs (`sigma/INTERFACE-COUNCIL.md`) converged on one fix:
*the declared total is not a shareable thing*. This file is the Lean statement of it.

* `Ledger.sup_not_port` — the discipline, carried as a well-formedness field rather
  than proved. This is the whole fix.
* `cons_of_portConfined` — a foreign transition confined to a ledger's ports, and
  `Q`-neutral on the ports it shares, preserves `‖bal‖ = sup`.
* `cons_broken_if_sup_is_port` — **the negative companion.** Drop `sup ∉ ports` and
  the same theorem is false, by explicit counterexample. Without this the result
  could hold vacuously, which is the failure mode this programme keeps finding.

SCOPE, stated plainly. Sorts are not modelled: state here is `Idx → ℤ`, because
conservation quantifies over `Q` alone and the sort discipline is a separate
concern. Fusion, polarity of `Q` flows, and associativity are M2/M3 and are absent.
What is proved is exactly the milestone: the coupling defect is real, and
`sup ∉ ports` closes it.':
If an authors line spans multiple lines, each line but the last must end with a trailing comma


Note: This linter can be disabled with `set_option linter.style.header false`
warning: Defialgebra/Interface.lean:4:0: * '# The int':
The authors line should begin with 'Authors: '


Note: This linter can be disabled with `set_option linter.style.header false`
warning: Defialgebra/Interface.lean:17:0: * '  ':
Double spaces are not allowed.


Note: This linter can be disabled with `set_option linter.style.header false`
warning: Defialgebra/Interface.lean:11:18: * ' and ':
Please, do not use 'and'; use ',' instead.


Note: This linter can be disabled with `set_option linter.style.header false`
warning: Defialgebra/Interface.lean:6:6: * '.':
Please, do not end the authors' line with a period.


Note: This linter can be disabled with `set_option linter.style.header false`
warning: Defialgebra/Interface.lean:29:2: * '':
Second copyright line should be "Released under Apache 2.0 license as described in the file LICENSE."


Note: This linter can be disabled with `set_option linter.style.header false`
warning: Defialgebra/Interface.lean:33:0: The module doc-string for a file should be the first command after the imports.
Please, add a module doc-string before `/-- `f` touches nothing outside `P` — what a coupling confines a partner to. -/
def WritesWithin (P : Finset Idx) (f : St Idx → St Idx) : Prop :=
  ∀ s i, i ∉ P → f s i = s i`.

Note: This linter can be disabled with `set_option linter.style.header false`
warning: Defialgebra/Interface.lean:4:0: * '# The interface discipline for `⋈`

`BASIS.md` §5 composes constructions along a coupling `κ` that "identifies only
carriers of the same sort". `P1 · Led` has carrier `(N ⇀ Q) × Q` — a balance map and
a declared total — with the law `‖bal‖ = sup`. But `sup` is merely sort `Q`, so `κ`
may glue it to an unrelated `Q` of the partner, whose transitions then write it while
the balance map is untouched. **Conservation dies under plain interleaving, with no
fusion involved**, and the invariant induction §5 relies on has no proof.

Four independent designs (`sigma/INTERFACE-COUNCIL.md`) converged on one fix:
*the declared total is not a shareable thing*. This file is the Lean statement of it.

* `Ledger.sup_not_port` — the discipline, carried as a well-formedness field rather
  than proved. This is the whole fix.
* `cons_of_portConfined` — a foreign transition confined to a ledger's ports, and
  `Q`-neutral on the ports it shares, preserves `‖bal‖ = sup`.
* `cons_broken_if_sup_is_port` — **the negative companion.** Drop `sup ∉ ports` and
  the same theorem is false, by explicit counterexample. Without this the result
  could hold vacuously, which is the failure mode this programme keeps finding.

SCOPE, stated plainly. Sorts are not modelled: state here is `Idx → ℤ`, because
conservation quantifies over `Q` alone and the sort discipline is a separate
concern. Fusion, polarity of `Q` flows, and associativity are M2/M3 and are absent.
What is proved is exactly the milestone: the coupling defect is real, and
`sup ∉ ports` closes it.':
If an authors line spans multiple lines, each line but the last must end with a trailing comma


Note: This linter can be disabled with `set_option linter.style.header false`
warning: Defialgebra/Interface.lean:4:0: * '# The int':
The authors line should begin with 'Authors: '


Note: This linter can be disabled with `set_option linter.style.header false`
warning: Defialgebra/Interface.lean:17:0: * '  ':
Double spaces are not allowed.


Note: This linter can be disabled with `set_option linter.style.header false`
warning: Defialgebra/Interface.lean:11:18: * ' and ':
Please, do not use 'and'; use ',' instead.


Note: This linter can be disabled with `set_option linter.style.header false`
warning: Defialgebra/Interface.lean:6:6: * '.':
Please, do not end the authors' line with a period.


Note: This linter can be disabled with `set_option linter.style.header false`
warning: Defialgebra/Interface.lean:29:2: * '':
Second copyright line should be "Released under Apache 2.0 license as described in the file LICENSE."


Note: This linter can be disabled with `set_option linter.style.header false`
warning: Defialgebra/Interface.lean:33:0: The module doc-string for a file should be the first command after the imports.
Please, add a module doc-string before `/--
`f` moves no net quantity across the ports it shares with `L`. A transfer that
debits one shared balance and credits another satisfies this; a mint into a shared
balance does not. -/
def QNeutralOn (P : Finset Idx) (L : Ledger Idx) (f : St Idx → St Idx) : Prop :=
  ∀ s, ∑ i ∈ L.bals.filter (· ∈ P), f s i = ∑ i ∈ L.bals.filter (· ∈ P), s i`.

Note: This linter can be disabled with `set_option linter.style.header false`
warning: Defialgebra/Interface.lean:4:0: * '# The interface discipline for `⋈`

`BASIS.md` §5 composes constructions along a coupling `κ` that "identifies only
carriers of the same sort". `P1 · Led` has carrier `(N ⇀ Q) × Q` — a balance map and
a declared total — with the law `‖bal‖ = sup`. But `sup` is merely sort `Q`, so `κ`
may glue it to an unrelated `Q` of the partner, whose transitions then write it while
the balance map is untouched. **Conservation dies under plain interleaving, with no
fusion involved**, and the invariant induction §5 relies on has no proof.

Four independent designs (`sigma/INTERFACE-COUNCIL.md`) converged on one fix:
*the declared total is not a shareable thing*. This file is the Lean statement of it.

* `Ledger.sup_not_port` — the discipline, carried as a well-formedness field rather
  than proved. This is the whole fix.
* `cons_of_portConfined` — a foreign transition confined to a ledger's ports, and
  `Q`-neutral on the ports it shares, preserves `‖bal‖ = sup`.
* `cons_broken_if_sup_is_port` — **the negative companion.** Drop `sup ∉ ports` and
  the same theorem is false, by explicit counterexample. Without this the result
  could hold vacuously, which is the failure mode this programme keeps finding.

SCOPE, stated plainly. Sorts are not modelled: state here is `Idx → ℤ`, because
conservation quantifies over `Q` alone and the sort discipline is a separate
concern. Fusion, polarity of `Q` flows, and associativity are M2/M3 and are absent.
What is proved is exactly the milestone: the coupling defect is real, and
`sup ∉ ports` closes it.':
If an authors line spans multiple lines, each line but the last must end with a trailing comma


Note: This linter can be disabled with `set_option linter.style.header false`
warning: Defialgebra/Interface.lean:4:0: * '# The int':
The authors line should begin with 'Authors: '


Note: This linter can be disabled with `set_option linter.style.header false`
warning: Defialgebra/Interface.lean:17:0: * '  ':
Double spaces are not allowed.


Note: This linter can be disabled with `set_option linter.style.header false`
warning: Defialgebra/Interface.lean:11:18: * ' and ':
Please, do not use 'and'; use ',' instead.


Note: This linter can be disabled with `set_option linter.style.header false`
warning: Defialgebra/Interface.lean:6:6: * '.':
Please, do not end the authors' line with a period.


Note: This linter can be disabled with `set_option linter.style.header false`
warning: Defialgebra/Interface.lean:29:2: * '':
Second copyright line should be "Released under Apache 2.0 license as described in the file LICENSE."


Note: This linter can be disabled with `set_option linter.style.header false`
warning: Defialgebra/Interface.lean:33:0: The module doc-string for a file should be the first command after the imports.
Please, add a module doc-string before `/--
**The milestone.** A foreign transition confined to `L`'s ports and `Q`-neutral
on the shared balances preserves conservation.

The proof is three lines and every one of them is the discipline doing work: the
total is untouched *because it is not a port*; the private balances are untouched
*because the transition is confined to ports*; the shared balances net to zero *by
hypothesis*. Remove `sup_not_port` and the first line fails — see
`cons_broken_if_sup_is_port`. -/
theorem cons_of_portConfined (L : Ledger Idx) (f : St Idx → St Idx) (hw : WritesWithin L.ports f)
    (hq : QNeutralOn L.ports L f) (s : St Idx) (h : Cons L s) : Cons L (f s) :=
  by
  have hsup : f s L.sup = s L.sup := hw s L.sup L.sup_not_port
  have hsum : ∑ i ∈ L.bals, f s i = ∑ i ∈ L.bals, s i :=
    by
    rw [← Finset.sum_filter_add_sum_filter_not L.bals (· ∈ L.ports) (f s), ←
      Finset.sum_filter_add_sum_filter_not L.bals (· ∈ L.ports) s, hq s]
    congr 1
    refine Finset.sum_congr rfl ?_
    intro i hi
    exact hw s i (by simpa using (Finset.mem_filter.mp hi).2)
  unfold Cons at h ⊢
  rw [hsum, hsup, h]`.

Note: This linter can be disabled with `set_option linter.style.header false`
warning: Defialgebra/Interface.lean:4:0: * '# The interface discipline for `⋈`

`BASIS.md` §5 composes constructions along a coupling `κ` that "identifies only
carriers of the same sort". `P1 · Led` has carrier `(N ⇀ Q) × Q` — a balance map and
a declared total — with the law `‖bal‖ = sup`. But `sup` is merely sort `Q`, so `κ`
may glue it to an unrelated `Q` of the partner, whose transitions then write it while
the balance map is untouched. **Conservation dies under plain interleaving, with no
fusion involved**, and the invariant induction §5 relies on has no proof.

Four independent designs (`sigma/INTERFACE-COUNCIL.md`) converged on one fix:
*the declared total is not a shareable thing*. This file is the Lean statement of it.

* `Ledger.sup_not_port` — the discipline, carried as a well-formedness field rather
  than proved. This is the whole fix.
* `cons_of_portConfined` — a foreign transition confined to a ledger's ports, and
  `Q`-neutral on the ports it shares, preserves `‖bal‖ = sup`.
* `cons_broken_if_sup_is_port` — **the negative companion.** Drop `sup ∉ ports` and
  the same theorem is false, by explicit counterexample. Without this the result
  could hold vacuously, which is the failure mode this programme keeps finding.

SCOPE, stated plainly. Sorts are not modelled: state here is `Idx → ℤ`, because
conservation quantifies over `Q` alone and the sort discipline is a separate
concern. Fusion, polarity of `Q` flows, and associativity are M2/M3 and are absent.
What is proved is exactly the milestone: the coupling defect is real, and
`sup ∉ ports` closes it.':
If an authors line spans multiple lines, each line but the last must end with a trailing comma


Note: This linter can be disabled with `set_option linter.style.header false`
warning: Defialgebra/Interface.lean:4:0: * '# The int':
The authors line should begin with 'Authors: '


Note: This linter can be disabled with `set_option linter.style.header false`
warning: Defialgebra/Interface.lean:17:0: * '  ':
Double spaces are not allowed.


Note: This linter can be disabled with `set_option linter.style.header false`
warning: Defialgebra/Interface.lean:11:18: * ' and ':
Please, do not use 'and'; use ',' instead.


Note: This linter can be disabled with `set_option linter.style.header false`
warning: Defialgebra/Interface.lean:6:6: * '.':
Please, do not end the authors' line with a period.


Note: This linter can be disabled with `set_option linter.style.header false`
warning: Defialgebra/Interface.lean:29:2: * '':
Second copyright line should be "Released under Apache 2.0 license as described in the file LICENSE."


Note: This linter can be disabled with `set_option linter.style.header false`
warning: Defialgebra/Interface.lean:33:0: The module doc-string for a file should be the first command after the imports.
Please, add a module doc-string before `omit [DecidableEq Idx] in
/-- The frame case: a transition touching none of a ledger's carriers preserves
conservation. Immediate, and worth stating because it is what makes composition
with an unrelated machine free. -/
theorem cons_of_disjoint (L : Ledger Idx) (f : St Idx → St Idx) (P : Finset Idx) (hw : WritesWithin P f)
    (hb : ∀ i ∈ L.bals, i ∉ P) (hs : L.sup ∉ P) (s : St Idx) (h : Cons L s) : Cons L (f s) :=
  by
  have hsum : ∑ i ∈ L.bals, f s i = ∑ i ∈ L.bals, s i := Finset.sum_congr rfl fun i hi => hw s i (hb i hi)
  unfold Cons at h ⊢
  rw [hsum, hw s L.sup hs, h]`.

Note: This linter can be disabled with `set_option linter.style.header false`
warning: Defialgebra/Interface.lean:4:0: * '# The interface discipline for `⋈`

`BASIS.md` §5 composes constructions along a coupling `κ` that "identifies only
carriers of the same sort". `P1 · Led` has carrier `(N ⇀ Q) × Q` — a balance map and
a declared total — with the law `‖bal‖ = sup`. But `sup` is merely sort `Q`, so `κ`
may glue it to an unrelated `Q` of the partner, whose transitions then write it while
the balance map is untouched. **Conservation dies under plain interleaving, with no
fusion involved**, and the invariant induction §5 relies on has no proof.

Four independent designs (`sigma/INTERFACE-COUNCIL.md`) converged on one fix:
*the declared total is not a shareable thing*. This file is the Lean statement of it.

* `Ledger.sup_not_port` — the discipline, carried as a well-formedness field rather
  than proved. This is the whole fix.
* `cons_of_portConfined` — a foreign transition confined to a ledger's ports, and
  `Q`-neutral on the ports it shares, preserves `‖bal‖ = sup`.
* `cons_broken_if_sup_is_port` — **the negative companion.** Drop `sup ∉ ports` and
  the same theorem is false, by explicit counterexample. Without this the result
  could hold vacuously, which is the failure mode this programme keeps finding.

SCOPE, stated plainly. Sorts are not modelled: state here is `Idx → ℤ`, because
conservation quantifies over `Q` alone and the sort discipline is a separate
concern. Fusion, polarity of `Q` flows, and associativity are M2/M3 and are absent.
What is proved is exactly the milestone: the coupling defect is real, and
`sup ∉ ports` closes it.':
If an authors line spans multiple lines, each line but the last must end with a trailing comma


Note: This linter can be disabled with `set_option linter.style.header false`
warning: Defialgebra/Interface.lean:4:0: * '# The int':
The authors line should begin with 'Authors: '


Note: This linter can be disabled with `set_option linter.style.header false`
warning: Defialgebra/Interface.lean:17:0: * '  ':
Double spaces are not allowed.


Note: This linter can be disabled with `set_option linter.style.header false`
warning: Defialgebra/Interface.lean:11:18: * ' and ':
Please, do not use 'and'; use ',' instead.


Note: This linter can be disabled with `set_option linter.style.header false`
warning: Defialgebra/Interface.lean:6:6: * '.':
Please, do not end the authors' line with a period.


Note: This linter can be disabled with `set_option linter.style.header false`
warning: Defialgebra/Interface.lean:29:2: * '':
Second copyright line should be "Released under Apache 2.0 license as described in the file LICENSE."


Note: This linter can be disabled with `set_option linter.style.header false`
warning: Defialgebra/Interface.lean:33:0: The module doc-string for a file should be the first command after the imports.
Please, add a module doc-string before `/-- **The negative companion, and the point of the whole file.**

Drop `sup ∉ ports` and `cons_of_portConfined` is false. Here is the witness: one
balance, one total, and a partner permitted to bind the total. The partner writes
only its permitted index and is `Q`-neutral on the shared balances — vacuously, since
it shares none — yet conservation breaks.

This is exactly the coupling `BASIS.md` §5 admits, since `sup` is merely sort `Q`
and `κ` identifies same-sort carriers. -/
theorem cons_broken_if_sup_is_port :
    ∃ (bals : Finset Bool) (sup : Bool) (ports : Finset Bool) (f : St Bool → St Bool) (s : St Bool),
      sup ∉ bals ∧
        sup ∈ ports ∧ -- the discipline VIOLATED
          WritesWithin ports f ∧ -- confined to its ports
            (∀ t, ∑ i ∈ bals.filter (· ∈ ports), f t i = ∑ i ∈ bals.filter (· ∈ ports), t i) ∧
              -- Q-neutral on shared bals
              (∑ i ∈ bals, s i) = s sup ∧ -- conservation HOLDS
                (∑ i ∈ bals, f s i) ≠ f s sup :=
  by -- and FAILS after
    -- No `classical`: `Bool` already has `DecidableEq`, and introducing
    -- `Classical.dec` makes the two `∅`s carry different instances, so
    -- `Finset.sum_empty` rewrites one side and not the other.
  
  refine ⟨{ false }, true, { true }, fun t i => if i = true then t i + 1 else t i, fun _ => 0, ?_, ?_, ?_, ?_, ?_, ?_⟩
  · decide
  · decide
  · intro t i hi
    have : i ≠ true := by intro h; exact hi (by simp [h])
    simp [this]
  · -- The two sums are equal POINTWISE on an empty index set. Computing both to
        -- `0` via `Finset.sum_empty` rewrites only one side here; congruence avoids
        -- the question entirely.
    
    intro t
    refine Finset.sum_congr rfl ?_
    intro i hi
    have hfil : ({ false } : Finset Bool).filter (· ∈ ({ true } : Finset Bool)) = ∅ := by decide
    rw [hfil] at hi
    exact absurd hi (Finset.notMem_empty i)
  · simp
  · simp`.

Note: This linter can be disabled with `set_option linter.style.header false`
warning: Defialgebra/Interface.lean:4:0: * '# The interface discipline for `⋈`

`BASIS.md` §5 composes constructions along a coupling `κ` that "identifies only
carriers of the same sort". `P1 · Led` has carrier `(N ⇀ Q) × Q` — a balance map and
a declared total — with the law `‖bal‖ = sup`. But `sup` is merely sort `Q`, so `κ`
may glue it to an unrelated `Q` of the partner, whose transitions then write it while
the balance map is untouched. **Conservation dies under plain interleaving, with no
fusion involved**, and the invariant induction §5 relies on has no proof.

Four independent designs (`sigma/INTERFACE-COUNCIL.md`) converged on one fix:
*the declared total is not a shareable thing*. This file is the Lean statement of it.

* `Ledger.sup_not_port` — the discipline, carried as a well-formedness field rather
  than proved. This is the whole fix.
* `cons_of_portConfined` — a foreign transition confined to a ledger's ports, and
  `Q`-neutral on the ports it shares, preserves `‖bal‖ = sup`.
* `cons_broken_if_sup_is_port` — **the negative companion.** Drop `sup ∉ ports` and
  the same theorem is false, by explicit counterexample. Without this the result
  could hold vacuously, which is the failure mode this programme keeps finding.

SCOPE, stated plainly. Sorts are not modelled: state here is `Idx → ℤ`, because
conservation quantifies over `Q` alone and the sort discipline is a separate
concern. Fusion, polarity of `Q` flows, and associativity are M2/M3 and are absent.
What is proved is exactly the milestone: the coupling defect is real, and
`sup ∉ ports` closes it.':
If an authors line spans multiple lines, each line but the last must end with a trailing comma


Note: This linter can be disabled with `set_option linter.style.header false`
warning: Defialgebra/Interface.lean:4:0: * '# The int':
The authors line should begin with 'Authors: '


Note: This linter can be disabled with `set_option linter.style.header false`
warning: Defialgebra/Interface.lean:17:0: * '  ':
Double spaces are not allowed.


Note: This linter can be disabled with `set_option linter.style.header false`
warning: Defialgebra/Interface.lean:11:18: * ' and ':
Please, do not use 'and'; use ',' instead.


Note: This linter can be disabled with `set_option linter.style.header false`
warning: Defialgebra/Interface.lean:6:6: * '.':
Please, do not end the authors' line with a period.


Note: This linter can be disabled with `set_option linter.style.header false`
warning: Defialgebra/Interface.lean:29:2: * '':
Second copyright line should be "Released under Apache 2.0 license as described in the file LICENSE."


Note: This linter can be disabled with `set_option linter.style.header false`
warning: Defialgebra/Interface.lean:33:0: The module doc-string for a file should be the first command after the imports.
Please, add a module doc-string before `end Defialgebra.Interface`.

Note: This linter can be disabled with `set_option linter.style.header false`
warning: Defialgebra/Interface.lean:4:0: * '# The interface discipline for `⋈`

`BASIS.md` §5 composes constructions along a coupling `κ` that "identifies only
carriers of the same sort". `P1 · Led` has carrier `(N ⇀ Q) × Q` — a balance map and
a declared total — with the law `‖bal‖ = sup`. But `sup` is merely sort `Q`, so `κ`
may glue it to an unrelated `Q` of the partner, whose transitions then write it while
the balance map is untouched. **Conservation dies under plain interleaving, with no
fusion involved**, and the invariant induction §5 relies on has no proof.

Four independent designs (`sigma/INTERFACE-COUNCIL.md`) converged on one fix:
*the declared total is not a shareable thing*. This file is the Lean statement of it.

* `Ledger.sup_not_port` — the discipline, carried as a well-formedness field rather
  than proved. This is the whole fix.
* `cons_of_portConfined` — a foreign transition confined to a ledger's ports, and
  `Q`-neutral on the ports it shares, preserves `‖bal‖ = sup`.
* `cons_broken_if_sup_is_port` — **the negative companion.** Drop `sup ∉ ports` and
  the same theorem is false, by explicit counterexample. Without this the result
  could hold vacuously, which is the failure mode this programme keeps finding.

SCOPE, stated plainly. Sorts are not modelled: state here is `Idx → ℤ`, because
conservation quantifies over `Q` alone and the sort discipline is a separate
concern. Fusion, polarity of `Q` flows, and associativity are M2/M3 and are absent.
What is proved is exactly the milestone: the coupling defect is real, and
`sup ∉ ports` closes it.':
If an authors line spans multiple lines, each line but the last must end with a trailing comma


Note: This linter can be disabled with `set_option linter.style.header false`
warning: Defialgebra/Interface.lean:4:0: * '# The int':
The authors line should begin with 'Authors: '


Note: This linter can be disabled with `set_option linter.style.header false`
warning: Defialgebra/Interface.lean:17:0: * '  ':
Double spaces are not allowed.


Note: This linter can be disabled with `set_option linter.style.header false`
warning: Defialgebra/Interface.lean:11:18: * ' and ':
Please, do not use 'and'; use ',' instead.


Note: This linter can be disabled with `set_option linter.style.header false`
warning: Defialgebra/Interface.lean:6:6: * '.':
Please, do not end the authors' line with a period.


Note: This linter can be disabled with `set_option linter.style.header false`
warning: Defialgebra/Interface.lean:29:2: * '':
Second copyright line should be "Released under Apache 2.0 license as described in the file LICENSE."


Note: This linter can be disabled with `set_option linter.style.header false`
warning: Defialgebra/Interface.lean:33:0: The module doc-string for a file should be the first command after the imports.
Please, add a module doc-string before ``.

Note: This linter can be disabled with `set_option linter.style.header false`
⚠ [981/988] Replayed DefiKernel.Core
warning: DefiKernel/Core.lean:1:1: * '-/':
Copyright too short!


Note: This linter can be disabled with `set_option linter.style.header false`
⚠ [986/988] Replayed DefiKernel.Audit
warning: DefiKernel/Audit.lean:1:1: * '-/':
Copyright too short!


Note: This linter can be disabled with `set_option linter.style.header false`
info: DefiKernel/Audit.lean:75:0: transfer accepted: true
unauthorized debit: true
insufficient funds: true
deposit accepted: true
withdraw accepted: true
insufficient shares: true
insufficient vault liquidity: true
borrow accepted: true
stale oracle: true
zero price: true
isolated zero price: true
zero borrow positive price: true
policy overgrant vault drain accepted: true
policy overgrant unbacked issue accepted: true
policy overgrant debt burn accepted: true
policy overgrant vault drain post-state: true
policy overgrant unbacked issue post-state: true
policy overgrant debt burn post-state: true
future oracle: true
wrong feed: true
excess credit: true
unbalanced effects: true
wrong asset: true
wrong footprint: true
unauthorized supply: true
transfer post-state: true
deposit post-state: true
withdraw post-state: true
borrow post-state: true
vault round trip: true
repeated borrow refused: true
refused execution: true
self-transfer net no-op: true
Runtime checks passed: 33/33
info: DefiKernel/Audit.lean:84:0: 'DefiKernel.check_eq_none_iff' depends on axioms: [propext, Classical.choice, Quot.sound]
info: DefiKernel/Audit.lean:85:0: 'DefiKernel.applyEffect_accounting' depends on axioms: [propext, Classical.choice, Quot.sound]
info: DefiKernel/Audit.lean:86:0: 'DefiKernel.applyEffect_locality' depends on axioms: [propext, Classical.choice, Quot.sound]
info: DefiKernel/Audit.lean:87:0: 'DefiKernel.applyEffect_frame' depends on axioms: [propext, Classical.choice, Quot.sound]
info: DefiKernel/Audit.lean:88:0: 'DefiKernel.execute_ok_iff' depends on axioms: [propext, Classical.choice, Quot.sound]
info: DefiKernel/Audit.lean:89:0: 'DefiKernel.execute_authority' depends on axioms: [propext, Classical.choice, Quot.sound]
info: DefiKernel/Audit.lean:90:0: 'DefiKernel.execute_accounting' depends on axioms: [propext, Classical.choice, Quot.sound]
info: DefiKernel/Audit.lean:91:0: 'DefiKernel.execute_locality' depends on axioms: [propext, Classical.choice, Quot.sound]
info: DefiKernel/Audit.lean:92:0: 'DefiKernel.Examples.transfer_accounted' depends on axioms: [propext, Classical.choice, Quot.sound]
info: DefiKernel/Audit.lean:93:0: 'DefiKernel.Examples.deposit_accounted' depends on axioms: [propext, Classical.choice, Quot.sound]
info: DefiKernel/Audit.lean:94:0: 'DefiKernel.Examples.withdraw_accounted' depends on axioms: [propext, Classical.choice, Quot.sound]
info: DefiKernel/Audit.lean:95:0: 'DefiKernel.Examples.borrow_accounted' depends on axioms: [propext, Classical.choice, Quot.sound]
info: DefiKernel/Audit.lean:96:0: 'DefiKernel.Examples.allCells_complete' depends on axioms: [propext]
info: DefiKernel/Audit.lean:97:0: 'DefiKernel.Examples.borrow_declared_collateral_bound' depends on axioms: [propext, Classical.choice, Quot.sound]
info: DefiKernel/Audit.lean:98:0: 'DefiKernel.transfer_accept' depends on axioms: [propext, Classical.choice, Quot.sound]
info: DefiKernel/Audit.lean:99:0: 'DefiKernel.transfer_unauthorized' depends on axioms: [propext, Classical.choice, Quot.sound]
info: DefiKernel/Audit.lean:100:0: 'DefiKernel.transfer_insufficient' depends on axioms: [propext, Classical.choice, Quot.sound]
info: DefiKernel/Audit.lean:101:0: 'DefiKernel.deposit_accept' depends on axioms: [propext, Classical.choice, Quot.sound]
info: DefiKernel/Audit.lean:102:0: 'DefiKernel.withdraw_accept' depends on axioms: [propext, Classical.choice, Quot.sound]
info: DefiKernel/Audit.lean:103:0: 'DefiKernel.borrow_accept' depends on axioms: [propext, Classical.choice, Quot.sound]
info: DefiKernel/Audit.lean:104:0: 'DefiKernel.stale_oracle_refused' depends on axioms: [propext, Classical.choice, Quot.sound]
info: DefiKernel/Audit.lean:105:0: 'DefiKernel.zero_price_refused' depends on axioms: [propext, Classical.choice, Quot.sound]
info: DefiKernel/Audit.lean:106:0: 'DefiKernel.future_oracle_refused' depends on axioms: [propext, Classical.choice, Quot.sound]
info: DefiKernel/Audit.lean:107:0: 'DefiKernel.excess_credit_refused' depends on axioms: [propext, Classical.choice, Quot.sound]
info: DefiKernel/Audit.lean:108:0: 'DefiKernel.unbalanced_refused' depends on axioms: [propext, Classical.choice, Quot.sound]
info: DefiKernel/Audit.lean:109:0: 'DefiKernel.wrong_asset_refused' depends on axioms: [propext, Classical.choice, Quot.sound]
info: DefiKernel/Audit.lean:110:0: 'DefiKernel.wrong_footprint_refused' depends on axioms: [propext, Classical.choice, Quot.sound]
info: DefiKernel/Audit.lean:111:0: 'DefiKernel.unauthorized_issue_refused' depends on axioms: [propext, Classical.choice, Quot.sound]
info: DefiKernel/Audit.lean:112:0: 'DefiKernel.wrong_feed_refused' depends on axioms: [propext, Classical.choice, Quot.sound]
info: DefiKernel/Audit.lean:113:0: 'DefiKernel.insufficient_shares_refused' depends on axioms: [propext, Classical.choice, Quot.sound]
info: DefiKernel/Audit.lean:114:0: 'DefiKernel.insufficient_vault_liquidity_refused' depends on axioms: [propext, Classical.choice, Quot.sound]
info: DefiKernel/Audit.lean:115:0: 'DefiKernel.isolated_zero_price_refused' depends on axioms: [propext, Classical.choice, Quot.sound]
info: DefiKernel/Audit.lean:116:0: 'DefiKernel.zero_borrow_positive_price_accept' depends on axioms: [propext, Classical.choice, Quot.sound]
info: DefiKernel/Audit.lean:117:0: 'DefiKernel.policy_overgrant_vault_drain_accepted' depends on axioms: [propext, Classical.choice, Quot.sound]
info: DefiKernel/Audit.lean:118:0: 'DefiKernel.policy_overgrant_unbacked_issue_accepted' depends on axioms: [propext, Classical.choice, Quot.sound]
info: DefiKernel/Audit.lean:119:0: 'DefiKernel.policy_overgrant_debt_burn_accepted' depends on axioms: [propext, Classical.choice, Quot.sound]
info: DefiKernel/Audit.lean:120:0: 'DefiKernel.transfer_post' depends on axioms: [propext, Classical.choice, Quot.sound]
info: DefiKernel/Audit.lean:121:0: 'DefiKernel.deposit_post' depends on axioms: [propext, Classical.choice, Quot.sound]
info: DefiKernel/Audit.lean:122:0: 'DefiKernel.withdraw_post' depends on axioms: [propext, Classical.choice, Quot.sound]
info: DefiKernel/Audit.lean:123:0: 'DefiKernel.borrow_post' depends on axioms: [propext, Classical.choice, Quot.sound]
info: DefiKernel/Audit.lean:124:0: 'DefiKernel.vault_round_trip' depends on axioms: [propext, Classical.choice, Quot.sound]
info: DefiKernel/Audit.lean:125:0: 'DefiKernel.repeated_borrow_refused' depends on axioms: [propext, Classical.choice, Quot.sound]
info: DefiKernel/Audit.lean:126:0: 'DefiKernel.unauthorized_execute_refused' depends on axioms: [propext, Classical.choice, Quot.sound]
info: DefiKernel/Audit.lean:127:0: 'DefiKernel.self_transfer_noop' depends on axioms: [propext, Classical.choice, Quot.sound]
info: DefiKernel/Audit.lean:128:0: 'DefiKernel.policy_overgrant_vault_drain_post' depends on axioms: [propext, Classical.choice, Quot.sound]
info: DefiKernel/Audit.lean:129:0: 'DefiKernel.policy_overgrant_unbacked_issue_post' depends on axioms: [propext, Classical.choice, Quot.sound]
info: DefiKernel/Audit.lean:130:0: 'DefiKernel.policy_overgrant_debt_burn_post' depends on axioms: [propext, Classical.choice, Quot.sound]
info: DefiKernel/Audit.lean:131:0: 'DefiKernel.wrong_asset_scalar_cancels' depends on axioms: [propext, Classical.choice, Quot.sound]
info: DefiKernel/Audit.lean:132:0: 'DefiKernel.wrong_asset_not_accounted' depends on axioms: [propext, Classical.choice, Quot.sound]
info: DefiKernel/Audit.lean:133:0: 'DefiKernel.unbalanced_not_accounted' depends on axioms: [propext, Classical.choice, Quot.sound]
info: DefiKernel/Audit.lean:134:0: 'DefiKernel.missing_footprint_changes_balance' depends on axioms: [propext, Classical.choice, Quot.sound]
Build completed successfully (988 jobs).
