cert.typing.recomputed: true
cert.transfer.alice7: true
cert.execute.recomputed: true
cert.accounting.recomputed: false
cert.authority.debit: true
cert.catalog.nodup: true
cert.catalog.export-not-private: true
cert.access.reads: true
cert.step.alice7: true
cert.rational.canonical: true
cert.rational.zero-den: true
cert.precedence.actor-mismatch: true
cert.library.outstanding: true
cert.prop.not-executable: true
cert.refusal.constructor: true
cert.funds.insufficient: true
cert.capability.fresh-id: true
cert.env.missing-observation: true
cert.unsupported.rejected: true
/home/charl/defiformal/review/semantic-kernel/program-execution-20260908/p19-mutation-evidence-grok-r1/root-replay-M03/evidence/m03-drop-accounting-check.lean:4233:0: error: Certificate runtime comparisons failed: 1
