build lib tree:
.lake/build
.lake/build/lib
.lake/build/lib/lean
.lake/build/lib/lean/DefiKernel
.lake/build/lib/lean/DefiKernel/Certificates
.lake/build/lib/lean/DefiKernel/Typed
.lake/build/lib/lean/DefiKernel/Composition
.lake/build/ir
.lake/build/ir/DefiKernel
.lake/build/ir/DefiKernel/Certificates
.lake/build/ir/DefiKernel/Typed
.lake/build/ir/DefiKernel/Composition
=== certificates oleans before wipe ===
35
=== after wipe ===
0
lrwxrwxrwx 1 charl charl 126 Sep 10 04:13 .lake/packages -> /home/charl/defiformal/review/semantic-kernel/program-execution-20260908/p19-string-domain-grok-r1/private-lean/.lake/packages
argv0=/home/charl/.elan/toolchains/leanprover--lean4---v4.33.0-rc2/bin/lake
argv=lake build +DefiKernel.Certificates.CanonicalJson +DefiKernel.Certificates.Encode +DefiKernel.Certificates.Decode +DefiKernel.Certificates.Correspondence
cwd=/home/charl/defiformal/review/semantic-kernel/program-execution-20260908/p19-general-codec-grok-r1/private-lean
ELAN_TOOLCHAIN=leanprover/lean4:v4.33.0-rc2
lean_version=Lean (version 4.33.0-rc2, x86_64-unknown-linux-gnu, commit d8b18978322de05a8f3dba51ef03cf5461676c17, Release)
⚠ [921/932] Replayed DefiKernel.Typed.Transition
warning: DefiKernel/Typed/Transition.lean:239:20: `simp_all [throw, throwThe]` is a flexible tactic modifying `⊢`. Try `simp_all?` and use the suggested `simp_all only [...]`. Alternatively, use `suffices` to explicitly state the simplified form.

Note: This linter can be disabled with `set_option linter.flexible false`
info: DefiKernel/Typed/Transition.lean:239:20: Try this:
  [apply] simp_all only [or_false, Prod.forall, true_and]
info: DefiKernel/Typed/Transition.lean:244:6: `rename_i args`
modifies the current goal, which was modified by the flexible tactic `simp_all` on line 239!
warning: DefiKernel/Typed/Transition.lean:239:20: `simp_all [throw, throwThe]` is a flexible tactic modifying `⊢`. Try `simp_all?` and use the suggested `simp_all only [...]`. Alternatively, use `suffices` to explicitly state the simplified form.

Note: This linter can be disabled with `set_option linter.flexible false`
info: DefiKernel/Typed/Transition.lean:239:20: Try this:
  [apply] simp_all only [Option.some.injEq, false_or, Prod.forall]
info: DefiKernel/Typed/Transition.lean:244:6: `rename_i args`
modifies the current goal, which was modified by the flexible tactic `simp_all` on line 239!
⚠ [926/932] Built DefiKernel.Certificates.Schema (5.4s)
warning: DefiKernel/Certificates/Schema.lean:142:100: This line exceeds the 100 character limit, please shorten it!

Note: This linter can be disabled with `set_option linter.style.longLine false`
warning: DefiKernel/Certificates/Schema.lean:391:100: This line exceeds the 100 character limit, please shorten it!

Note: This linter can be disabled with `set_option linter.style.longLine false`
warning: DefiKernel/Certificates/Schema.lean:408:100: This line exceeds the 100 character limit, please shorten it!

Note: This linter can be disabled with `set_option linter.style.longLine false`
warning: DefiKernel/Certificates/Schema.lean:484:100: This line exceeds the 100 character limit, please shorten it!

Note: This linter can be disabled with `set_option linter.style.longLine false`
warning: DefiKernel/Certificates/Schema.lean:520:100: This line exceeds the 100 character limit, please shorten it!

Note: This linter can be disabled with `set_option linter.style.longLine false`
warning: DefiKernel/Certificates/Schema.lean:522:100: This line exceeds the 100 character limit, please shorten it!

Note: This linter can be disabled with `set_option linter.style.longLine false`
warning: DefiKernel/Certificates/Schema.lean:524:100: This line exceeds the 100 character limit, please shorten it!

Note: This linter can be disabled with `set_option linter.style.longLine false`
✔ [927/932] Built DefiKernel.Certificates.CanonicalJson (2.3s)
✔ [928/932] Built DefiKernel.Certificates.Encode (1.4s)
✔ [929/932] Built DefiKernel.Certificates.Decode (2.3s)
⚠ [930/932] Built DefiKernel.Certificates.Check (1.8s)
warning: DefiKernel/Certificates/Check.lean:12:100: This line exceeds the 100 character limit, please shorten it!

Note: This linter can be disabled with `set_option linter.style.longLine false`
warning: DefiKernel/Certificates/Check.lean:31:100: This line exceeds the 100 character limit, please shorten it!

Note: This linter can be disabled with `set_option linter.style.longLine false`
warning: DefiKernel/Certificates/Check.lean:271:100: This line exceeds the 100 character limit, please shorten it!

Note: This linter can be disabled with `set_option linter.style.longLine false`
warning: DefiKernel/Certificates/Check.lean:272:100: This line exceeds the 100 character limit, please shorten it!

Note: This linter can be disabled with `set_option linter.style.longLine false`
warning: DefiKernel/Certificates/Check.lean:277:100: This line exceeds the 100 character limit, please shorten it!

Note: This linter can be disabled with `set_option linter.style.longLine false`
warning: DefiKernel/Certificates/Check.lean:279:100: This line exceeds the 100 character limit, please shorten it!

Note: This linter can be disabled with `set_option linter.style.longLine false`
warning: DefiKernel/Certificates/Check.lean:282:100: This line exceeds the 100 character limit, please shorten it!

Note: This linter can be disabled with `set_option linter.style.longLine false`
warning: DefiKernel/Certificates/Check.lean:299:100: This line exceeds the 100 character limit, please shorten it!

Note: This linter can be disabled with `set_option linter.style.longLine false`
warning: DefiKernel/Certificates/Check.lean:360:0: Please, write a comment here or remove this line, but do not place empty lines within commands!
Context:
                                                                                          ↓
  ⏎                     (if !rawCert.source_map.isEmpty then ["sourceRefinement"] else [])⏎⏎  -- Check source pin⏎

Note: This linter can be disabled with `set_option linter.style.emptyLine false`
warning: DefiKernel/Certificates/Check.lean:394:0: Please, write a comment here or remove this line, but do not place empty lines within commands!
Context:
          ↓
  ⏎      ⟩⏎⏎      -- Execute transition (M02 needle)⏎

Note: This linter can be disabled with `set_option linter.style.emptyLine false`
warning: DefiKernel/Certificates/Check.lean:399:0: Please, write a comment here or remove this line, but do not place empty lines within commands!
Context:
                      ↓
  ⏎        return post⏎⏎      -- Judgment recomputations⏎

Note: This linter can be disabled with `set_option linter.style.emptyLine false`
warning: DefiKernel/Certificates/Check.lean:441:0: Please, write a comment here or remove this line, but do not place empty lines within commands!
Context:
                                                               ↓
  ⏎                        (.«true», .«true», .«true», .«true»)⏎⏎      -- M09 and M10 needles⏎

Note: This linter can be disabled with `set_option linter.style.emptyLine false`
warning: DefiKernel/Certificates/Check.lean:445:0: Please, write a comment here or remove this line, but do not place empty lines within commands!
Context:
                                                                                                                                 ↓
  ⏎      let sourceRefinement := if cert.invariants.isEmpty then JudgmentOutcome.notApplicable else JudgmentOutcome.notApplicable⏎⏎      let jmap : List (String × JudgmentOutcome) := [⏎

Note: This linter can be disabled with `set_option linter.style.emptyLine false`
warning: DefiKernel/Certificates/Check.lean:457:0: Please, write a comment here or remove this line, but do not place empty lines within commands!
Context:
                                                    ↓
  ⏎      let judgments := makeJudgments jmap claimed⏎⏎      match execResult with⏎

Note: This linter can be disabled with `set_option linter.style.emptyLine false`
warning: DefiKernel/Certificates/Check.lean:358:100: This line exceeds the 100 character limit, please shorten it!
You can use "string gaps" to format long strings: within a string quotation, using a '\' at the end of a line allows you to continue the string on the following line, removing all intervening whitespace.

Note: This linter can be disabled with `set_option linter.style.longLine false`
warning: DefiKernel/Certificates/Check.lean:374:100: This line exceeds the 100 character limit, please shorten it!

Note: This linter can be disabled with `set_option linter.style.longLine false`
warning: DefiKernel/Certificates/Check.lean:384:100: This line exceeds the 100 character limit, please shorten it!
You can use "string gaps" to format long strings: within a string quotation, using a '\' at the end of a line allows you to continue the string on the following line, removing all intervening whitespace.

Note: This linter can be disabled with `set_option linter.style.longLine false`
warning: DefiKernel/Certificates/Check.lean:388:100: This line exceeds the 100 character limit, please shorten it!

Note: This linter can be disabled with `set_option linter.style.longLine false`
warning: DefiKernel/Certificates/Check.lean:402:100: This line exceeds the 100 character limit, please shorten it!

Note: This linter can be disabled with `set_option linter.style.longLine false`
warning: DefiKernel/Certificates/Check.lean:408:100: This line exceeds the 100 character limit, please shorten it!

Note: This linter can be disabled with `set_option linter.style.longLine false`
warning: DefiKernel/Certificates/Check.lean:411:100: This line exceeds the 100 character limit, please shorten it!

Note: This linter can be disabled with `set_option linter.style.longLine false`
warning: DefiKernel/Certificates/Check.lean:422:100: This line exceeds the 100 character limit, please shorten it!

Note: This linter can be disabled with `set_option linter.style.longLine false`
warning: DefiKernel/Certificates/Check.lean:443:100: This line exceeds the 100 character limit, please shorten it!

Note: This linter can be disabled with `set_option linter.style.longLine false`
warning: DefiKernel/Certificates/Check.lean:444:100: This line exceeds the 100 character limit, please shorten it!

Note: This linter can be disabled with `set_option linter.style.longLine false`
warning: DefiKernel/Certificates/Check.lean:461:100: This line exceeds the 100 character limit, please shorten it!

Note: This linter can be disabled with `set_option linter.style.longLine false`
warning: DefiKernel/Certificates/Check.lean:469:100: This line exceeds the 100 character limit, please shorten it!

Note: This linter can be disabled with `set_option linter.style.longLine false`
warning: DefiKernel/Certificates/Check.lean:477:100: This line exceeds the 100 character limit, please shorten it!

Note: This linter can be disabled with `set_option linter.style.longLine false`
warning: DefiKernel/Certificates/Check.lean:484:100: This line exceeds the 100 character limit, please shorten it!

Note: This linter can be disabled with `set_option linter.style.longLine false`
warning: DefiKernel/Certificates/Check.lean:486:100: This line exceeds the 100 character limit, please shorten it!

Note: This linter can be disabled with `set_option linter.style.longLine false`
warning: DefiKernel/Certificates/Check.lean:488:100: This line exceeds the 100 character limit, please shorten it!

Note: This linter can be disabled with `set_option linter.style.longLine false`
warning: DefiKernel/Certificates/Check.lean:496:100: This line exceeds the 100 character limit, please shorten it!
You can use "string gaps" to format long strings: within a string quotation, using a '\' at the end of a line allows you to continue the string on the following line, removing all intervening whitespace.

Note: This linter can be disabled with `set_option linter.style.longLine false`
warning: DefiKernel/Certificates/Check.lean:500:100: This line exceeds the 100 character limit, please shorten it!
You can use "string gaps" to format long strings: within a string quotation, using a '\' at the end of a line allows you to continue the string on the following line, removing all intervening whitespace.

Note: This linter can be disabled with `set_option linter.style.longLine false`
warning: DefiKernel/Certificates/Check.lean:504:100: This line exceeds the 100 character limit, please shorten it!
You can use "string gaps" to format long strings: within a string quotation, using a '\' at the end of a line allows you to continue the string on the following line, removing all intervening whitespace.

Note: This linter can be disabled with `set_option linter.style.longLine false`
warning: DefiKernel/Certificates/Check.lean:510:100: This line exceeds the 100 character limit, please shorten it!
You can use "string gaps" to format long strings: within a string quotation, using a '\' at the end of a line allows you to continue the string on the following line, removing all intervening whitespace.

Note: This linter can be disabled with `set_option linter.style.longLine false`
warning: DefiKernel/Certificates/Check.lean:528:100: This line exceeds the 100 character limit, please shorten it!

Note: This linter can be disabled with `set_option linter.style.longLine false`
warning: DefiKernel/Certificates/Check.lean:550:100: This line exceeds the 100 character limit, please shorten it!

Note: This linter can be disabled with `set_option linter.style.longLine false`
warning: DefiKernel/Certificates/Check.lean:577:0: Please, write a comment here or remove this line, but do not place empty lines within commands!
Context:
                                                  ↓
  ⏎        payload.steps.filterMap StepEnc.toStep?⏎⏎        let cursor := Composition.run cfg boundaries initialWorld steps⏎

Note: This linter can be disabled with `set_option linter.style.emptyLine false`
warning: DefiKernel/Certificates/Check.lean:598:0: Please, write a comment here or remove this line, but do not place empty lines within commands!
Context:
                                                                            ↓
  ⏎          ⟨ev.index, stepEnc, bWorld, ⟨aWorld, receiptEnc, stepOutputs⟩⟩)⏎⏎        let lastReceipt : Option ReceiptEnc :=⏎

Note: This linter can be disabled with `set_option linter.style.emptyLine false`
warning: DefiKernel/Certificates/Check.lean:605:0: Please, write a comment here or remove this line, but do not place empty lines within commands!
Context:
                                                         ↓
  ⏎            | .revoked id => some (.revoked id.value))⏎⏎        match cursor.failure with⏎

Note: This linter can be disabled with `set_option linter.style.emptyLine false`
warning: DefiKernel/Certificates/Check.lean:558:100: This line exceeds the 100 character limit, please shorten it!
You can use "string gaps" to format long strings: within a string quotation, using a '\' at the end of a line allows you to continue the string on the following line, removing all intervening whitespace.

Note: This linter can be disabled with `set_option linter.style.longLine false`
warning: DefiKernel/Certificates/Check.lean:562:100: This line exceeds the 100 character limit, please shorten it!
You can use "string gaps" to format long strings: within a string quotation, using a '\' at the end of a line allows you to continue the string on the following line, removing all intervening whitespace.

Note: This linter can be disabled with `set_option linter.style.longLine false`
warning: DefiKernel/Certificates/Check.lean:566:100: This line exceeds the 100 character limit, please shorten it!
You can use "string gaps" to format long strings: within a string quotation, using a '\' at the end of a line allows you to continue the string on the following line, removing all intervening whitespace.

Note: This linter can be disabled with `set_option linter.style.longLine false`
warning: DefiKernel/Certificates/Check.lean:581:100: This line exceeds the 100 character limit, please shorten it!

Note: This linter can be disabled with `set_option linter.style.longLine false`
warning: DefiKernel/Certificates/Check.lean:590:100: This line exceeds the 100 character limit, please shorten it!

Note: This linter can be disabled with `set_option linter.style.longLine false`
warning: DefiKernel/Certificates/Check.lean:621:100: This line exceeds the 100 character limit, please shorten it!

Note: This linter can be disabled with `set_option linter.style.longLine false`
warning: DefiKernel/Certificates/Check.lean:633:100: This line exceeds the 100 character limit, please shorten it!

Note: This linter can be disabled with `set_option linter.style.longLine false`
warning: DefiKernel/Certificates/Check.lean:667:0: Please, write a comment here or remove this line, but do not place empty lines within commands!
Context:
                                                                                     ↓
  ⏎        ⟨preWorld, none, [], [], 0, none, some (refusalToLocatedFailure r).reason⟩⏎⏎  | .step _ payload =>⏎

Note: This linter can be disabled with `set_option linter.style.emptyLine false`
warning: DefiKernel/Certificates/Check.lean:698:0: Please, write a comment here or remove this line, but do not place empty lines within commands!
Context:
                                                                                    ↓
  ⏎            ⟨preWorld, none, [], [], payload.index, none, some (failureToPath f)⟩⏎⏎  | .run _ payload =>⏎

Note: This linter can be disabled with `set_option linter.style.emptyLine false`
warning: DefiKernel/Certificates/Check.lean:659:100: This line exceeds the 100 character limit, please shorten it!

Note: This linter can be disabled with `set_option linter.style.longLine false`
warning: DefiKernel/Certificates/Check.lean:688:100: This line exceeds the 100 character limit, please shorten it!

Note: This linter can be disabled with `set_option linter.style.longLine false`
warning: DefiKernel/Certificates/Check.lean:721:100: This line exceeds the 100 character limit, please shorten it!

Note: This linter can be disabled with `set_option linter.style.longLine false`
warning: DefiKernel/Certificates/Check.lean:727:100: This line exceeds the 100 character limit, please shorten it!

Note: This linter can be disabled with `set_option linter.style.longLine false`
warning: DefiKernel/Certificates/Check.lean:730:100: This line exceeds the 100 character limit, please shorten it!

Note: This linter can be disabled with `set_option linter.style.longLine false`
✔ [931/932] Built DefiKernel.Certificates.Observation (884ms)
✔ [932/932] Built DefiKernel.Certificates.Correspondence (44s)
Build completed successfully (932 jobs).
lake_exit=0
