witness-bytes
3427
witness-nest
6
shape-now
  ast=1 stack=1 stackLe52=true depthLe55=true encodeNest=1
shape-litBool
  ast=1 stack=2 stackLe52=true depthLe55=true encodeNest=2
shape-litNum0
  ast=1 stack=2 stackLe52=true depthLe55=true encodeNest=2
shape-litNeg
  ast=1 stack=2 stackLe52=true depthLe55=true encodeNest=2
shape-arg
  ast=1 stack=2 stackLe52=true depthLe55=true encodeNest=2
shape-ts
  ast=1 stack=2 stackLe52=true depthLe55=true encodeNest=2
shape-bal
  ast=1 stack=3 stackLe52=true depthLe55=true encodeNest=4
shape-obs
  ast=1 stack=3 stackLe52=true depthLe55=true encodeNest=3
shape-unaryNotNow
  ast=2 stack=2 stackLe52=true depthLe55=true encodeNest=2
shape-unaryNegNow
  ast=2 stack=2 stackLe52=true depthLe55=true encodeNest=3
shape-binAnd
  ast=2 stack=2 stackLe52=true depthLe55=true encodeNest=2
shape-binAdd
  ast=2 stack=2 stackLe52=true depthLe55=true encodeNest=3
wrapNow51
  ast=52 stack=52 stackLe52=true depthLe55=true encodeNest=52
wrapNow52
  ast=53 stack=53 stackLe52=false depthLe55=true encodeNest=53
wrapNow55
  ast=56 stack=56 stackLe52=false depthLe55=false encodeNest=56
wrapNow57
  ast=58 stack=58 stackLe52=false depthLe55=false encodeNest=58
guard52-nest
58
guard52-decode
ok-eq
guard53-nest
59
guard53-decode
ok-eq
guard56-nest
62
guard56-decode
ok-eq
guard58-nest
64
guard58-decode
ok-eq
arr4097-len
8201
arr4097-scan
ok
arr4097-parse
{"ctor":"resourceLimit","limit":"max_array_length"}
arr4097-decode
{"ctor":"notJsonObject"}
arr4097-check
malformed:{"ctor":"notJsonObject"}
done
