interface.valid: true
interface.duplicate-component: true
interface.duplicate-output: true
interface.input-output-collision: true
interface.duplicate-export: true
interface.duplicate-import: true
interface.unknown-operation: true
interface.ambiguous-owner: true
interface.wrong-signature: true
interface.private-overlap: true
interface.private-export: true
interface.private-import: true
interface.shared-write-valid: true
interface.shared-read-valid: true
interface.import-cell: true
interface.import-domain: true
interface.import-asset: true
interface.import-rights: true
interface.output-hidden: true
interface.lookup-owner: true
interface.lookup-foreign: true
interface.private-access: true
interface.foreign-funded-kernel-control: true
interface.foreign-write: true
interface.shared-write: true
interface.readonly-write: true
interface.actual-target: true
interface.hidden-branch: true
interface.hidden-effect: true
interface.hidden-supply: true
interface.shared-read: true
interface.declared-write: true
interface.declared-read: true
interface.missing-party: true
interface.literal: true
interface.snapshot-binding: true
interface.wrong-unit: true
interface.wrong-output-unit: true
interface.unknown-port: true
interface.forward: true
interface.current-index: true
interface.unavailable: true
interface.input-count: true
interface.snapshot-exact: true
execution.catalog: true
execution.transfer.receipt.snapshots: true
execution.actor.precedes.authority: true
execution.kernel.authority: true
execution.membership: true
execution.binding.unit: true
execution.configuration: true
execution.issue.ledger.receipt: true
execution.issue.unauthorized: true
execution.revoke.ledger.receipt: true
execution.revoke.unknown: true
workflows.isolation.catalogs: true
workflows.isolation.private: true
workflows.isolation.shared: true
workflows.isolation.readonly: true
workflows.isolation.hidden.read: true
workflows.isolation.wrong.component: true
workflows.actor: true
workflows.configuration: true
workflows.resume.time: false
workflows.resume.time.negative: false
workflows.resume.boundary: false
workflows.catalog: true
workflows.initial.complete: true
workflows.empty: true
workflows.transfer.deposit.withdraw: true
workflows.consecutive: true
workflows.order.transfer.first: true
workflows.order.deposit.first: true
workflows.snapshot: true
workflows.output.index: true
workflows.output.unit: true
workflows.output.forward: true
workflows.output.unknown: true
workflows.first.refusal: true
workflows.admin.revocation: false
workflows.admin.live.repeat: false
workflows.resume.output: true
workflows.resume.terminal: true
workflows.frame.collateral: true
workflows.frame.unsupported.counterexample: true
/tmp/defiformal-sprint5-composition-mutations-probe/reset-capability-store.lean:2269:0: error: Composition runtime comparisons failed: 5
