/home/charl/defiformal/review/semantic-kernel/program-execution-20260908/p19-r15-escaped-key-diagnostic/Probe.lean:16:14: error: Tactic `decide` failed for proposition
  (encodeModule
        (DecodedIR.execution
          (DecodedExecution.typed
            { schema_version := 1, mode := "typed-execute",
              source_pin :=
                { git := "a12b7cac05a818cc8d35c2ca440b7170a2807e92", lean_toolchain := "leanprover/lean4:v4.33.0-rc2",
                  mathlib_rev := "51e6992efd06126df61a496bebf8f49482a4e129", checker_candidate := "" },
              audit_roots := ["DefiKernel.Certificates", "DefiKernel.Typed", "DefiKernel.Composition"],
              types :=
                { parties := [Party.alice, Party.bob, Party.vault, Party.pool],
                  assets := [Asset.usd, Asset.share, Asset.collateral, Asset.debt],
                  domains := [Domain.main, Domain.other] },
              assumptions := ["environment-authenticity"], source_map := [("a\n", "1"), ("au000a", "2")] }
            { registry := { entries := [] }, store := { entries := [] },
              ctx := { principal := Party.alice, domain := Domain.main }, env := { entries := [] }, now := 100,
              request :=
                { operation := 0, parties := [Party.alice], arguments := [], capabilityIds := [],
                  claimedActor := some Party.alice },
              state :=
                {
                  cells :=
                    List.flatMap
                      (fun d =>
                        List.flatMap
                          (fun p =>
                            List.map
                              (fun a => { domain := d, party := p, asset := a, amount := { num := 0, den := 1 } })
                              [Asset.usd, Asset.share, Asset.collateral, Asset.debt])
                          [Party.alice, Party.bob, Party.vault, Party.pool])
                      [Domain.main, Domain.other] } }))).size ≤
    1048576
because its `Decidable` instance
  (encodeModule
          (DecodedIR.execution
            (DecodedExecution.typed
              { schema_version := 1, mode := "typed-execute",
                source_pin :=
                  { git := "a12b7cac05a818cc8d35c2ca440b7170a2807e92", lean_toolchain := "leanprover/lean4:v4.33.0-rc2",
                    mathlib_rev := "51e6992efd06126df61a496bebf8f49482a4e129", checker_candidate := "" },
                audit_roots := ["DefiKernel.Certificates", "DefiKernel.Typed", "DefiKernel.Composition"],
                types :=
                  { parties := [Party.alice, Party.bob, Party.vault, Party.pool],
                    assets := [Asset.usd, Asset.share, Asset.collateral, Asset.debt],
                    domains := [Domain.main, Domain.other] },
                assumptions := ["environment-authenticity"], source_map := [("a\n", "1"), ("au000a", "2")] }
              { registry := { entries := [] }, store := { entries := [] },
                ctx := { principal := Party.alice, domain := Domain.main }, env := { entries := [] }, now := 100,
                request :=
                  { operation := 0, parties := [Party.alice], arguments := [], capabilityIds := [],
                    claimedActor := some Party.alice },
                state :=
                  {
                    cells :=
                      List.flatMap
                        (fun d =>
                          List.flatMap
                            (fun p =>
                              List.map
                                (fun a => { domain := d, party := p, asset := a, amount := { num := 0, den := 1 } })
                                [Asset.usd, Asset.share, Asset.collateral, Asset.debt])
                            [Party.alice, Party.bob, Party.vault, Party.pool])
                        [Domain.main, Domain.other] } }))).size.decLe
    1048576
did not reduce to `isTrue` or `isFalse`.

After unfolding the instances `decEq`, `instDecidableEqBitVec`, `instDecidableEqBool`, `instDecidableEqChar`, `instDecidableEqFin`, `instDecidableEqNat`, `instDecidableEqUInt32`, `instDecidableEqUInt8`, `instDecidableLeBitVec`, `instDecidableOr`, `BitVec.decEq`, `Bool.decEq`, `Nat.decEq`, `Nat.decLe`, `Nat.decLt`, `UInt32.decEq`, `UInt32.decLe`, and `UInt8.decEq`, reduction got stuck at the `Decidable` instance
  match
    (encodeModule
            (DecodedIR.execution
              (DecodedExecution.typed
                { schema_version := 1, mode := "typed-execute",
                  source_pin :=
                    { git := "a12b7cac05a818cc8d35c2ca440b7170a2807e92",
                      lean_toolchain := "leanprover/lean4:v4.33.0-rc2",
                      mathlib_rev := "51e6992efd06126df61a496bebf8f49482a4e129", checker_candidate := "" },
                  audit_roots := ["DefiKernel.Certificates", "DefiKernel.Typed", "DefiKernel.Composition"],
                  types :=
                    { parties := [Party.alice, Party.bob, Party.vault, Party.pool],
                      assets := [Asset.usd, Asset.share, Asset.collateral, Asset.debt],
                      domains := [Domain.main, Domain.other] },
                  assumptions := ["environment-authenticity"], source_map := [("a\n", "1"), ("au000a", "2")] }
                { registry := { entries := [] }, store := { entries := [] },
                  ctx := { principal := Party.alice, domain := Domain.main }, env := { entries := [] }, now := 100,
                  request :=
                    { operation := 0, parties := [Party.alice], arguments := [], capabilityIds := [],
                      claimedActor := some Party.alice },
                  state :=
                    {
                      cells :=
                        List.flatMap
                          (fun d =>
                            List.flatMap
                              (fun p =>
                                List.map
                                  (fun a => { domain := d, party := p, asset := a, amount := { num := 0, den := 1 } })
                                  [Asset.usd, Asset.share, Asset.collateral, Asset.debt])
                              [Party.alice, Party.bob, Party.vault, Party.pool])
                          [Domain.main, Domain.other] } }))).size.ble
      1048576,
    true with
  | false, false => isTrue ⋯
  | false, true => isFalse ⋯
  | true, false => isFalse ⋯
  | true, true => isTrue ⋯
'DefiKernel.Certificates.escapedKeyCollision_admissible' depends on axioms: [propext,
 sorryAx,
 Classical.choice,
 Quot.sound]
"{\"a\\u000a\":\"1\",\"au000a\":\"2\"}"
Except.error (DefiKernel.Certificates.DecodeFailure.duplicateKey "au000a")
"decodeBytes:error:DefiKernel.Certificates.DecodeFailure.duplicateKey \"au000a\""
"parser+objectDecoder:ok"
