AXIOM AUDIT scope: imported module prefix DefiKernel.Metatheory; modules=[DefiKernel.Metatheory.Configuration,
 DefiKernel.Metatheory.SequentialGroups,
 DefiKernel.Metatheory.ConfigurationGroups,
 DefiKernel.Metatheory.OperatorLifting]
AXIOM AUDIT theorem: DefiKernel.Metatheory.advance_config_eq; module=DefiKernel.Metatheory.Configuration; axioms=[propext,
 Classical.choice,
 Quot.sound]
AXIOM AUDIT theorem: DefiKernel.Metatheory.analyzeBranchFrom_config_eq; module=DefiKernel.Metatheory.OperatorLifting; axioms=[propext,
 Quot.sound]
AXIOM AUDIT theorem: DefiKernel.Metatheory.analyzeBranch_config_eq; module=DefiKernel.Metatheory.OperatorLifting; axioms=[propext,
 Quot.sound]
AXIOM AUDIT theorem: DefiKernel.Metatheory.analyzeInvocation_config_eq; module=DefiKernel.Metatheory.OperatorLifting; axioms=[propext]
AXIOM AUDIT theorem: DefiKernel.Metatheory.atomic_admit_config_eq; module=DefiKernel.Metatheory.OperatorLifting; axioms=[propext,
 Quot.sound]
AXIOM AUDIT theorem: DefiKernel.Metatheory.atomic_advance_config_eq; module=DefiKernel.Metatheory.OperatorLifting; axioms=[propext,
 Classical.choice,
 Quot.sound]
AXIOM AUDIT theorem: DefiKernel.Metatheory.atomic_continueRun_config_eq; module=DefiKernel.Metatheory.OperatorLifting; axioms=[propext,
 Classical.choice,
 Quot.sound]
AXIOM AUDIT theorem: DefiKernel.Metatheory.atomic_runPrefix_config_eq; module=DefiKernel.Metatheory.OperatorLifting; axioms=[propext,
 Classical.choice,
 Quot.sound]
AXIOM AUDIT theorem: DefiKernel.Metatheory.continueRun_config_eq; module=DefiKernel.Metatheory.Configuration; axioms=[propext,
 Classical.choice,
 Quot.sound]
AXIOM AUDIT theorem: DefiKernel.Metatheory.executeStep_config_eq; module=DefiKernel.Metatheory.Configuration; axioms=[propext,
 Classical.choice,
 Quot.sound]
AXIOM AUDIT theorem: DefiKernel.Metatheory.extractReceipt_config_eq; module=DefiKernel.Metatheory.Configuration; axioms=[propext,
 Classical.choice,
 Quot.sound]
AXIOM AUDIT theorem: DefiKernel.Metatheory.interleaving_admit_config_eq; module=DefiKernel.Metatheory.OperatorLifting; axioms=[propext,
 Quot.sound]
AXIOM AUDIT theorem: DefiKernel.Metatheory.interleaving_advance_config_eq; module=DefiKernel.Metatheory.OperatorLifting; axioms=[propext,
 Classical.choice,
 Quot.sound]
AXIOM AUDIT theorem: DefiKernel.Metatheory.interleaving_continueRun_config_eq; module=DefiKernel.Metatheory.OperatorLifting; axioms=[propext,
 Classical.choice,
 Quot.sound]
AXIOM AUDIT theorem: DefiKernel.Metatheory.interleaving_runPrefix_config_eq; module=DefiKernel.Metatheory.OperatorLifting; axioms=[propext,
 Classical.choice,
 Quot.sound]
AXIOM AUDIT theorem: DefiKernel.Metatheory.issueCapability_config_eq; module=DefiKernel.Metatheory.Configuration; axioms=[]
AXIOM AUDIT theorem: DefiKernel.Metatheory.parallel_admit_config_eq; module=DefiKernel.Metatheory.OperatorLifting; axioms=[propext,
 Quot.sound]
AXIOM AUDIT theorem: DefiKernel.Metatheory.prepareInvocation_config_eq; module=DefiKernel.Metatheory.Configuration; axioms=[propext]
AXIOM AUDIT theorem: DefiKernel.Metatheory.revokeCapability_config_eq; module=DefiKernel.Metatheory.Configuration; axioms=[propext,
 Quot.sound]
AXIOM AUDIT theorem: DefiKernel.Metatheory.runAtomic_config_eq; module=DefiKernel.Metatheory.OperatorLifting; axioms=[propext,
 Classical.choice,
 Quot.sound]
AXIOM AUDIT theorem: DefiKernel.Metatheory.runBranch_config_eq; module=DefiKernel.Metatheory.OperatorLifting; axioms=[propext,
 Classical.choice,
 Quot.sound]
AXIOM AUDIT theorem: DefiKernel.Metatheory.runGroup_assoc; module=DefiKernel.Metatheory.SequentialGroups; axioms=[propext,
 Classical.choice,
 Quot.sound]
AXIOM AUDIT theorem: DefiKernel.Metatheory.runGroup_config_eq; module=DefiKernel.Metatheory.ConfigurationGroups; axioms=[propext,
 Classical.choice,
 Quot.sound]
AXIOM AUDIT theorem: DefiKernel.Metatheory.runGroup_empty; module=DefiKernel.Metatheory.SequentialGroups; axioms=[propext,
 Classical.choice,
 Quot.sound]
AXIOM AUDIT theorem: DefiKernel.Metatheory.runGroup_empty_left; module=DefiKernel.Metatheory.SequentialGroups; axioms=[propext,
 Classical.choice,
 Quot.sound]
AXIOM AUDIT theorem: DefiKernel.Metatheory.runGroup_empty_right; module=DefiKernel.Metatheory.SequentialGroups; axioms=[propext,
 Classical.choice,
 Quot.sound]
AXIOM AUDIT theorem: DefiKernel.Metatheory.runGroup_eq_continueRun; module=DefiKernel.Metatheory.SequentialGroups; axioms=[propext,
 Classical.choice,
 Quot.sound]
AXIOM AUDIT theorem: DefiKernel.Metatheory.runGroup_failed; module=DefiKernel.Metatheory.SequentialGroups; axioms=[propext,
 Classical.choice,
 Quot.sound]
AXIOM AUDIT theorem: DefiKernel.Metatheory.runInterleaving_config_eq; module=DefiKernel.Metatheory.OperatorLifting; axioms=[propext,
 Classical.choice,
 Quot.sound]
AXIOM AUDIT theorem: DefiKernel.Metatheory.runParallel_config_eq; module=DefiKernel.Metatheory.OperatorLifting; axioms=[propext,
 Classical.choice,
 Quot.sound]
AXIOM AUDIT theorem: DefiKernel.Metatheory.runSerialLR_config_eq; module=DefiKernel.Metatheory.OperatorLifting; axioms=[propext,
 Classical.choice,
 Quot.sound]
AXIOM AUDIT theorem: DefiKernel.Metatheory.runSerialRL_config_eq; module=DefiKernel.Metatheory.OperatorLifting; axioms=[propext,
 Classical.choice,
 Quot.sound]
AXIOM AUDIT theorem: DefiKernel.Metatheory.run_config_eq; module=DefiKernel.Metatheory.Configuration; axioms=[propext,
 Classical.choice,
 Quot.sound]
AXIOM AUDIT theorem: DefiKernel.Metatheory.startCursor_config_eq; module=DefiKernel.Metatheory.Configuration; axioms=[propext,
 Quot.sound]
AXIOM AUDIT theorem: DefiKernel.Metatheory.supportedBranch_cons; module=DefiKernel.Metatheory.Configuration; axioms=[propext,
 Quot.sound]
AXIOM AUDIT theorem: DefiKernel.Metatheory.supportedBranch_map; module=DefiKernel.Metatheory.Configuration; axioms=[propext,
 Quot.sound]
AXIOM AUDIT theorem: DefiKernel.Metatheory.supportedBranch_nil; module=DefiKernel.Metatheory.Configuration; axioms=[propext,
 Quot.sound]
AXIOM AUDIT theorem: DefiKernel.Metatheory.supportedGroup_empty; module=DefiKernel.Metatheory.ConfigurationGroups; axioms=[propext,
 Quot.sound]
AXIOM AUDIT theorem: DefiKernel.Metatheory.supportedGroup_seq; module=DefiKernel.Metatheory.ConfigurationGroups; axioms=[propext,
 Quot.sound]
AXIOM AUDIT theorem: DefiKernel.Metatheory.supportedGroup_step; module=DefiKernel.Metatheory.ConfigurationGroups; axioms=[propext,
 Quot.sound]
AXIOM AUDIT theorem: DefiKernel.Metatheory.supportedGroup_union_seq; module=DefiKernel.Metatheory.ConfigurationGroups; axioms=[propext,
 Quot.sound]
AXIOM AUDIT theorem: DefiKernel.Metatheory.supportedList_append; module=DefiKernel.Metatheory.Configuration; axioms=[propext,
 Quot.sound]
AXIOM AUDIT theorem: DefiKernel.Metatheory.supportedList_cons; module=DefiKernel.Metatheory.Configuration; axioms=[propext,
 Quot.sound]
AXIOM AUDIT theorem: DefiKernel.Metatheory.supportedList_nil; module=DefiKernel.Metatheory.Configuration; axioms=[propext,
 Quot.sound]
AXIOM AUDIT theorem: DefiKernel.Metatheory.typed_execute_registry_eq; module=DefiKernel.Metatheory.Configuration; axioms=[propext,
 Classical.choice,
 Quot.sound]
AXIOM AUDIT theorem: DefiKernel.Atomic.admit.eq_1; module=DefiKernel.Metatheory.OperatorLifting; axioms=[propext]
AXIOM AUDIT theorem: DefiKernel.Atomic.runAtomic.eq_1; module=DefiKernel.Metatheory.OperatorLifting; axioms=[propext,
 Classical.choice,
 Quot.sound]
AXIOM AUDIT theorem: DefiKernel.Interleaving.continueRun.eq_1; module=DefiKernel.Metatheory.OperatorLifting; axioms=[propext,
 Classical.choice,
 Quot.sound]
AXIOM AUDIT theorem: DefiKernel.Interleaving.runInterleaving.eq_1; module=DefiKernel.Metatheory.OperatorLifting; axioms=[propext,
 Classical.choice,
 Quot.sound]
AXIOM AUDIT theorem: DefiKernel.Metatheory.ConfigAgreement.domainAdmin; module=DefiKernel.Metatheory.Configuration; axioms=[]
AXIOM AUDIT theorem: DefiKernel.Metatheory.ConfigAgreement.lookup; module=DefiKernel.Metatheory.Configuration; axioms=[]
AXIOM AUDIT theorem: DefiKernel.Metatheory.ConfigAgreement.new_valid; module=DefiKernel.Metatheory.Configuration; axioms=[propext]
AXIOM AUDIT theorem: DefiKernel.Metatheory.ConfigAgreement.old_valid; module=DefiKernel.Metatheory.Configuration; axioms=[propext]
AXIOM AUDIT theorem: DefiKernel.Metatheory.ConfigAgreement.refl; module=DefiKernel.Metatheory.Configuration; axioms=[propext]
AXIOM AUDIT theorem: DefiKernel.Metatheory.ConfigAgreement.registry; module=DefiKernel.Metatheory.Configuration; axioms=[]
AXIOM AUDIT theorem: DefiKernel.Metatheory.ConfigAgreement.restrict; module=DefiKernel.Metatheory.Configuration; axioms=[propext]
AXIOM AUDIT theorem: DefiKernel.Metatheory.ConfigAgreement.symm; module=DefiKernel.Metatheory.Configuration; axioms=[propext]
AXIOM AUDIT theorem: DefiKernel.Metatheory.ConfigAgreement.trans; module=DefiKernel.Metatheory.Configuration; axioms=[propext]
AXIOM AUDIT theorem: DefiKernel.Metatheory.ConfigAgreement.union; module=DefiKernel.Metatheory.Configuration; axioms=[propext]
AXIOM AUDIT theorem: DefiKernel.Metatheory.SupportedBranch.eq_1; module=DefiKernel.Metatheory.Configuration; axioms=[]
AXIOM AUDIT theorem: DefiKernel.Metatheory.SupportedGroup.eq_1; module=DefiKernel.Metatheory.ConfigurationGroups; axioms=[]
AXIOM AUDIT theorem: DefiKernel.Metatheory.SupportedGroup.union_left; module=DefiKernel.Metatheory.ConfigurationGroups; axioms=[]
AXIOM AUDIT theorem: DefiKernel.Metatheory.SupportedGroup.union_right; module=DefiKernel.Metatheory.ConfigurationGroups; axioms=[]
AXIOM AUDIT theorem: DefiKernel.Metatheory.SupportedList.eq_1; module=DefiKernel.Metatheory.Configuration; axioms=[]
AXIOM AUDIT theorem: DefiKernel.Metatheory.SupportedList.union_left; module=DefiKernel.Metatheory.Configuration; axioms=[]
AXIOM AUDIT theorem: DefiKernel.Metatheory.SupportedList.union_right; module=DefiKernel.Metatheory.Configuration; axioms=[]
AXIOM AUDIT theorem: DefiKernel.Metatheory.SupportedStep.union_left; module=DefiKernel.Metatheory.Configuration; axioms=[]
AXIOM AUDIT theorem: DefiKernel.Metatheory.SupportedStep.union_right; module=DefiKernel.Metatheory.Configuration; axioms=[]
AXIOM AUDIT theorem: DefiKernel.Metatheory.flatten.eq_1; module=DefiKernel.Metatheory.SequentialGroups; axioms=[]
AXIOM AUDIT theorem: DefiKernel.Metatheory.flatten.eq_2; module=DefiKernel.Metatheory.SequentialGroups; axioms=[]
AXIOM AUDIT theorem: DefiKernel.Metatheory.flatten.eq_3; module=DefiKernel.Metatheory.SequentialGroups; axioms=[]
AXIOM AUDIT theorem: DefiKernel.Metatheory.flatten.eq_def; module=DefiKernel.Metatheory.SequentialGroups; axioms=[]
AXIOM AUDIT theorem: DefiKernel.Metatheory.runGroup.eq_1; module=DefiKernel.Metatheory.SequentialGroups; axioms=[propext,
 Classical.choice,
 Quot.sound]
AXIOM AUDIT theorem: DefiKernel.Metatheory.runGroup.eq_2; module=DefiKernel.Metatheory.SequentialGroups; axioms=[propext,
 Classical.choice,
 Quot.sound]
AXIOM AUDIT theorem: DefiKernel.Metatheory.runGroup.eq_3; module=DefiKernel.Metatheory.SequentialGroups; axioms=[propext,
 Classical.choice,
 Quot.sound]
AXIOM AUDIT theorem: DefiKernel.Metatheory.runGroup.eq_def; module=DefiKernel.Metatheory.SequentialGroups; axioms=[propext,
 Classical.choice,
 Quot.sound]
AXIOM AUDIT theorem: DefiKernel.Metatheory.supportedBranch_cons._simp_1; module=DefiKernel.Metatheory.Configuration; axioms=[propext,
 Quot.sound]
AXIOM AUDIT theorem: DefiKernel.Metatheory.supportedBranch_map._simp_1; module=DefiKernel.Metatheory.Configuration; axioms=[propext,
 Quot.sound]
AXIOM AUDIT theorem: DefiKernel.Metatheory.supportedBranch_nil._simp_1; module=DefiKernel.Metatheory.Configuration; axioms=[propext,
 Quot.sound]
AXIOM AUDIT theorem: DefiKernel.Metatheory.supportedGroup_empty._simp_1; module=DefiKernel.Metatheory.ConfigurationGroups; axioms=[propext,
 Quot.sound]
AXIOM AUDIT theorem: DefiKernel.Metatheory.supportedGroup_seq._simp_1; module=DefiKernel.Metatheory.ConfigurationGroups; axioms=[propext,
 Quot.sound]
AXIOM AUDIT theorem: DefiKernel.Metatheory.supportedGroup_step._simp_1; module=DefiKernel.Metatheory.ConfigurationGroups; axioms=[propext,
 Quot.sound]
AXIOM AUDIT theorem: DefiKernel.Metatheory.supportedList_append._simp_1; module=DefiKernel.Metatheory.Configuration; axioms=[propext,
 Quot.sound]
AXIOM AUDIT theorem: DefiKernel.Metatheory.supportedList_append._simp_1_2; module=DefiKernel.Metatheory.Configuration; axioms=[propext]
AXIOM AUDIT theorem: DefiKernel.Metatheory.supportedList_append._simp_1_3; module=DefiKernel.Metatheory.Configuration; axioms=[propext]
AXIOM AUDIT theorem: DefiKernel.Metatheory.supportedList_cons._simp_1; module=DefiKernel.Metatheory.Configuration; axioms=[propext,
 Quot.sound]
AXIOM AUDIT theorem: DefiKernel.Metatheory.supportedList_nil._simp_1; module=DefiKernel.Metatheory.Configuration; axioms=[propext,
 Quot.sound]
AXIOM AUDIT theorem: DefiKernel.Parallel.admit.eq_1; module=DefiKernel.Metatheory.OperatorLifting; axioms=[propext]
AXIOM AUDIT theorem: DefiKernel.Parallel.analyzeBranchFrom.eq_1; module=DefiKernel.Metatheory.OperatorLifting; axioms=[propext]
AXIOM AUDIT theorem: DefiKernel.Parallel.analyzeBranchFrom.eq_2; module=DefiKernel.Metatheory.OperatorLifting; axioms=[propext]
AXIOM AUDIT theorem: DefiKernel.Parallel.runSerialLR.eq_1; module=DefiKernel.Metatheory.OperatorLifting; axioms=[propext,
 Classical.choice,
 Quot.sound]
AXIOM AUDIT theorem: DefiKernel.Parallel.runSerialRL.eq_1; module=DefiKernel.Metatheory.OperatorLifting; axioms=[propext,
 Classical.choice,
 Quot.sound]
AXIOM AUDIT theorem: DefiKernel.Typed.issueCapability.eq_1; module=DefiKernel.Metatheory.Configuration; axioms=[]
AXIOM AUDIT theorem: DefiKernel.Typed.registryAuthorityConfig.eq_1; module=DefiKernel.Metatheory.Configuration; axioms=[]
AXIOM AUDIT theorem: DefiKernel.Typed.revokeCapability.eq_1; module=DefiKernel.Metatheory.Configuration; axioms=[propext]
AXIOM AUDIT theorem: _private.DefiKernel.Metatheory.Configuration.0.Except.map.match_1.eq_1; module=DefiKernel.Metatheory.Configuration; axioms=[]
AXIOM AUDIT theorem: _private.DefiKernel.Metatheory.Configuration.0.Except.map.match_1.eq_2; module=DefiKernel.Metatheory.Configuration; axioms=[]
AXIOM AUDIT theorem: DefiKernel.Composition.Config.authority.eq_1; module=DefiKernel.Metatheory.Configuration; axioms=[]
AXIOM AUDIT theorem: DefiKernel.Metatheory.ReferenceSet.mk.inj; module=DefiKernel.Metatheory.Configuration; axioms=[]
AXIOM AUDIT theorem: DefiKernel.Metatheory.ReferenceSet.mk.injEq; module=DefiKernel.Metatheory.Configuration; axioms=[propext]
AXIOM AUDIT theorem: DefiKernel.Metatheory.ReferenceSet.mk.sizeOf_spec; module=DefiKernel.Metatheory.Configuration; axioms=[]
AXIOM AUDIT theorem: DefiKernel.Metatheory.SeqGroup.brecOn.eq; module=DefiKernel.Metatheory.SequentialGroups; axioms=[]
AXIOM AUDIT theorem: DefiKernel.Metatheory.SeqGroup.empty.sizeOf_spec; module=DefiKernel.Metatheory.SequentialGroups; axioms=[]
AXIOM AUDIT theorem: DefiKernel.Metatheory.SeqGroup.seq.inj; module=DefiKernel.Metatheory.SequentialGroups; axioms=[]
AXIOM AUDIT theorem: DefiKernel.Metatheory.SeqGroup.seq.injEq; module=DefiKernel.Metatheory.SequentialGroups; axioms=[propext]
AXIOM AUDIT theorem: DefiKernel.Metatheory.SeqGroup.seq.sizeOf_spec; module=DefiKernel.Metatheory.SequentialGroups; axioms=[]
AXIOM AUDIT theorem: DefiKernel.Metatheory.SeqGroup.step.inj; module=DefiKernel.Metatheory.SequentialGroups; axioms=[]
AXIOM AUDIT theorem: DefiKernel.Metatheory.SeqGroup.step.injEq; module=DefiKernel.Metatheory.SequentialGroups; axioms=[propext]
AXIOM AUDIT theorem: DefiKernel.Metatheory.SeqGroup.step.sizeOf_spec; module=DefiKernel.Metatheory.SequentialGroups; axioms=[]
AXIOM AUDIT theorem: _private.DefiKernel.Metatheory.Configuration.0.DefiKernel.Typed.revokeCapability.match_1.eq_1; module=DefiKernel.Metatheory.Configuration; axioms=[]
AXIOM AUDIT theorem: _private.DefiKernel.Metatheory.Configuration.0.DefiKernel.Typed.revokeCapability.match_1.eq_2; module=DefiKernel.Metatheory.Configuration; axioms=[]
AXIOM AUDIT theorem: _private.DefiKernel.Metatheory.OperatorLifting.0.DefiKernel.Atomic.runAtomic.match_1.eq_1; module=DefiKernel.Metatheory.OperatorLifting; axioms=[]
AXIOM AUDIT theorem: _private.DefiKernel.Metatheory.OperatorLifting.0.DefiKernel.Atomic.runAtomic.match_1.eq_2; module=DefiKernel.Metatheory.OperatorLifting; axioms=[]
AXIOM AUDIT theorem: _private.DefiKernel.Metatheory.OperatorLifting.0.DefiKernel.Interleaving.advance.match_1.eq_1; module=DefiKernel.Metatheory.OperatorLifting; axioms=[]
AXIOM AUDIT theorem: _private.DefiKernel.Metatheory.OperatorLifting.0.DefiKernel.Interleaving.advance.match_1.eq_2; module=DefiKernel.Metatheory.OperatorLifting; axioms=[]
AXIOM AUDIT theorem: _private.DefiKernel.Metatheory.OperatorLifting.0.DefiKernel.Interleaving.advance.match_3.eq_1; module=DefiKernel.Metatheory.OperatorLifting; axioms=[]
AXIOM AUDIT theorem: _private.DefiKernel.Metatheory.OperatorLifting.0.DefiKernel.Interleaving.advance.match_3.eq_2; module=DefiKernel.Metatheory.OperatorLifting; axioms=[]
AXIOM AUDIT theorem: _private.DefiKernel.Metatheory.OperatorLifting.0.DefiKernel.Interleaving.runInterleaving.match_1.eq_1; module=DefiKernel.Metatheory.OperatorLifting; axioms=[]
AXIOM AUDIT theorem: _private.DefiKernel.Metatheory.OperatorLifting.0.DefiKernel.Interleaving.runInterleaving.match_1.eq_2; module=DefiKernel.Metatheory.OperatorLifting; axioms=[]
AXIOM AUDIT theorem: _private.DefiKernel.Metatheory.OperatorLifting.0.DefiKernel.Parallel.analyzeBranchFrom.match_1.eq_1; module=DefiKernel.Metatheory.OperatorLifting; axioms=[]
AXIOM AUDIT theorem: _private.DefiKernel.Metatheory.OperatorLifting.0.DefiKernel.Parallel.analyzeBranchFrom.match_1.eq_2; module=DefiKernel.Metatheory.OperatorLifting; axioms=[]
AXIOM AUDIT theorem: _private.DefiKernel.Metatheory.OperatorLifting.0.DefiKernel.Parallel.runParallel.match_1.eq_1; module=DefiKernel.Metatheory.OperatorLifting; axioms=[]
AXIOM AUDIT theorem: _private.DefiKernel.Metatheory.OperatorLifting.0.DefiKernel.Parallel.runParallel.match_1.eq_2; module=DefiKernel.Metatheory.OperatorLifting; axioms=[]
AXIOM AUDIT theorem: _private.DefiKernel.Metatheory.OperatorLifting.0.DefiKernel.Parallel.runSerialLR.match_1.eq_1; module=DefiKernel.Metatheory.OperatorLifting; axioms=[]
AXIOM AUDIT theorem: _private.DefiKernel.Metatheory.OperatorLifting.0.DefiKernel.Parallel.runSerialLR.match_1.eq_2; module=DefiKernel.Metatheory.OperatorLifting; axioms=[]
AXIOM AUDIT theorem: _private.DefiKernel.Metatheory.SequentialGroups.0.DefiKernel.Metatheory.flatten.match_1.eq_1; module=DefiKernel.Metatheory.SequentialGroups; axioms=[]
AXIOM AUDIT theorem: _private.DefiKernel.Metatheory.SequentialGroups.0.DefiKernel.Metatheory.flatten.match_1.eq_2; module=DefiKernel.Metatheory.SequentialGroups; axioms=[]
AXIOM AUDIT theorem: _private.DefiKernel.Metatheory.SequentialGroups.0.DefiKernel.Metatheory.flatten.match_1.eq_3; module=DefiKernel.Metatheory.SequentialGroups; axioms=[]
AXIOM AUDIT theorem: _private.DefiKernel.Metatheory.OperatorLifting.0.DefiKernel.Interleaving.Attempt.supply.match_1.eq_1; module=DefiKernel.Metatheory.OperatorLifting; axioms=[propext,
 Quot.sound]
AXIOM AUDIT theorem: _private.DefiKernel.Metatheory.OperatorLifting.0.DefiKernel.Interleaving.Attempt.supply.match_1.eq_2; module=DefiKernel.Metatheory.OperatorLifting; axioms=[propext,
 Quot.sound]
AXIOM AUDIT declaration: DefiKernel.Metatheory.SupportedBranch; module=DefiKernel.Metatheory.Configuration; kind=definition; axioms=[]
AXIOM AUDIT declaration: DefiKernel.Metatheory.SupportedGroup; module=DefiKernel.Metatheory.ConfigurationGroups; kind=definition; axioms=[]
AXIOM AUDIT declaration: DefiKernel.Metatheory.SupportedList; module=DefiKernel.Metatheory.Configuration; kind=definition; axioms=[]
AXIOM AUDIT declaration: DefiKernel.Metatheory.SupportedStep; module=DefiKernel.Metatheory.Configuration; kind=definition; axioms=[]
AXIOM AUDIT declaration: DefiKernel.Metatheory.flatten; module=DefiKernel.Metatheory.SequentialGroups; kind=definition; axioms=[]
AXIOM AUDIT declaration: DefiKernel.Metatheory.runGroup; module=DefiKernel.Metatheory.SequentialGroups; kind=definition; axioms=[propext,
 Classical.choice,
 Quot.sound]
AXIOM AUDIT declaration: DefiKernel.Metatheory.ConfigAgreement.casesOn; module=DefiKernel.Metatheory.Configuration; kind=definition; axioms=[propext]
AXIOM AUDIT declaration: DefiKernel.Metatheory.ConfigAgreement.recOn; module=DefiKernel.Metatheory.Configuration; kind=definition; axioms=[propext]
AXIOM AUDIT declaration: DefiKernel.Metatheory.ReferenceSet._sizeOf_1; module=DefiKernel.Metatheory.Configuration; kind=definition; axioms=[]
AXIOM AUDIT declaration: DefiKernel.Metatheory.ReferenceSet._sizeOf_inst; module=DefiKernel.Metatheory.Configuration; kind=definition; axioms=[]
AXIOM AUDIT declaration: DefiKernel.Metatheory.ReferenceSet.calls; module=DefiKernel.Metatheory.Configuration; kind=definition; axioms=[]
AXIOM AUDIT declaration: DefiKernel.Metatheory.ReferenceSet.casesOn; module=DefiKernel.Metatheory.Configuration; kind=definition; axioms=[]
AXIOM AUDIT declaration: DefiKernel.Metatheory.ReferenceSet.ctorIdx; module=DefiKernel.Metatheory.Configuration; kind=definition; axioms=[]
AXIOM AUDIT declaration: DefiKernel.Metatheory.ReferenceSet.noConfusion; module=DefiKernel.Metatheory.Configuration; kind=definition; axioms=[]
AXIOM AUDIT declaration: DefiKernel.Metatheory.ReferenceSet.noConfusionType; module=DefiKernel.Metatheory.Configuration; kind=definition; axioms=[]
AXIOM AUDIT declaration: DefiKernel.Metatheory.ReferenceSet.operations; module=DefiKernel.Metatheory.Configuration; kind=definition; axioms=[]
AXIOM AUDIT declaration: DefiKernel.Metatheory.ReferenceSet.recOn; module=DefiKernel.Metatheory.Configuration; kind=definition; axioms=[]
AXIOM AUDIT declaration: DefiKernel.Metatheory.ReferenceSet.union; module=DefiKernel.Metatheory.Configuration; kind=definition; axioms=[]
AXIOM AUDIT declaration: DefiKernel.Metatheory.SeqGroup._sizeOf_1; module=DefiKernel.Metatheory.SequentialGroups; kind=definition; axioms=[]
AXIOM AUDIT declaration: DefiKernel.Metatheory.SeqGroup._sizeOf_inst; module=DefiKernel.Metatheory.SequentialGroups; kind=definition; axioms=[]
AXIOM AUDIT declaration: DefiKernel.Metatheory.SeqGroup.below; module=DefiKernel.Metatheory.SequentialGroups; kind=definition; axioms=[]
AXIOM AUDIT declaration: DefiKernel.Metatheory.SeqGroup.brecOn; module=DefiKernel.Metatheory.SequentialGroups; kind=definition; axioms=[]
AXIOM AUDIT declaration: DefiKernel.Metatheory.SeqGroup.casesOn; module=DefiKernel.Metatheory.SequentialGroups; kind=definition; axioms=[]
AXIOM AUDIT declaration: DefiKernel.Metatheory.SeqGroup.ctorElim; module=DefiKernel.Metatheory.SequentialGroups; kind=definition; axioms=[]
AXIOM AUDIT declaration: DefiKernel.Metatheory.SeqGroup.ctorElimType; module=DefiKernel.Metatheory.SequentialGroups; kind=definition; axioms=[]
AXIOM AUDIT declaration: DefiKernel.Metatheory.SeqGroup.ctorIdx; module=DefiKernel.Metatheory.SequentialGroups; kind=definition; axioms=[]
AXIOM AUDIT declaration: DefiKernel.Metatheory.SeqGroup.noConfusion; module=DefiKernel.Metatheory.SequentialGroups; kind=definition; axioms=[]
AXIOM AUDIT declaration: DefiKernel.Metatheory.SeqGroup.noConfusionType; module=DefiKernel.Metatheory.SequentialGroups; kind=definition; axioms=[]
AXIOM AUDIT declaration: DefiKernel.Metatheory.SeqGroup.recOn; module=DefiKernel.Metatheory.SequentialGroups; kind=definition; axioms=[]
AXIOM AUDIT declaration: DefiKernel.Metatheory.SupportedStep.match_1; module=DefiKernel.Metatheory.Configuration; kind=definition; axioms=[]
AXIOM AUDIT declaration: DefiKernel.Metatheory.flatten._f; module=DefiKernel.Metatheory.SequentialGroups; kind=definition; axioms=[]
AXIOM AUDIT declaration: DefiKernel.Metatheory.flatten._sunfold; module=DefiKernel.Metatheory.SequentialGroups; kind=definition; axioms=[]
AXIOM AUDIT declaration: DefiKernel.Metatheory.flatten._unsafe_rec; module=DefiKernel.Metatheory.SequentialGroups; kind=definition; axioms=[]
AXIOM AUDIT declaration: DefiKernel.Metatheory.flatten.match_1; module=DefiKernel.Metatheory.SequentialGroups; kind=definition; axioms=[]
AXIOM AUDIT declaration: DefiKernel.Metatheory.runGroup._f; module=DefiKernel.Metatheory.SequentialGroups; kind=definition; axioms=[propext,
 Classical.choice,
 Quot.sound]
AXIOM AUDIT declaration: DefiKernel.Metatheory.runGroup._sunfold; module=DefiKernel.Metatheory.SequentialGroups; kind=definition; axioms=[propext,
 Classical.choice,
 Quot.sound]
AXIOM AUDIT declaration: DefiKernel.Metatheory.runGroup._unsafe_rec; module=DefiKernel.Metatheory.SequentialGroups; kind=definition; axioms=[propext,
 Classical.choice,
 Quot.sound]
AXIOM AUDIT declaration: _private.DefiKernel.Metatheory.Configuration.0.Except.map.match_1.splitter; module=DefiKernel.Metatheory.Configuration; kind=definition; axioms=[]
AXIOM AUDIT declaration: DefiKernel.Metatheory.ConfigAgreement.mk._flat_ctor; module=DefiKernel.Metatheory.Configuration; kind=definition; axioms=[propext]
AXIOM AUDIT declaration: DefiKernel.Metatheory.ReferenceSet.mk._flat_ctor; module=DefiKernel.Metatheory.Configuration; kind=definition; axioms=[]
AXIOM AUDIT declaration: DefiKernel.Metatheory.ReferenceSet.mk.noConfusion; module=DefiKernel.Metatheory.Configuration; kind=definition; axioms=[]
AXIOM AUDIT declaration: DefiKernel.Metatheory.SeqGroup.brecOn.go; module=DefiKernel.Metatheory.SequentialGroups; kind=definition; axioms=[]
AXIOM AUDIT declaration: DefiKernel.Metatheory.SeqGroup.empty.elim; module=DefiKernel.Metatheory.SequentialGroups; kind=definition; axioms=[]
AXIOM AUDIT declaration: DefiKernel.Metatheory.SeqGroup.seq.elim; module=DefiKernel.Metatheory.SequentialGroups; kind=definition; axioms=[]
AXIOM AUDIT declaration: DefiKernel.Metatheory.SeqGroup.seq.noConfusion; module=DefiKernel.Metatheory.SequentialGroups; kind=definition; axioms=[]
AXIOM AUDIT declaration: DefiKernel.Metatheory.SeqGroup.step.elim; module=DefiKernel.Metatheory.SequentialGroups; kind=definition; axioms=[]
AXIOM AUDIT declaration: DefiKernel.Metatheory.SeqGroup.step.noConfusion; module=DefiKernel.Metatheory.SequentialGroups; kind=definition; axioms=[]
AXIOM AUDIT declaration: _private.DefiKernel.Metatheory.Configuration.0.DefiKernel.Typed.revokeCapability.match_1.splitter; module=DefiKernel.Metatheory.Configuration; kind=definition; axioms=[]
AXIOM AUDIT declaration: _private.DefiKernel.Metatheory.OperatorLifting.0.DefiKernel.Atomic.runAtomic.match_1.splitter; module=DefiKernel.Metatheory.OperatorLifting; kind=definition; axioms=[]
AXIOM AUDIT declaration: _private.DefiKernel.Metatheory.OperatorLifting.0.DefiKernel.Interleaving.advance.match_1.splitter; module=DefiKernel.Metatheory.OperatorLifting; kind=definition; axioms=[]
AXIOM AUDIT declaration: _private.DefiKernel.Metatheory.OperatorLifting.0.DefiKernel.Interleaving.advance.match_3.splitter; module=DefiKernel.Metatheory.OperatorLifting; kind=definition; axioms=[]
AXIOM AUDIT declaration: _private.DefiKernel.Metatheory.OperatorLifting.0.DefiKernel.Interleaving.runInterleaving.match_1.splitter; module=DefiKernel.Metatheory.OperatorLifting; kind=definition; axioms=[]
AXIOM AUDIT declaration: _private.DefiKernel.Metatheory.OperatorLifting.0.DefiKernel.Parallel.analyzeBranchFrom.match_1.splitter; module=DefiKernel.Metatheory.OperatorLifting; kind=definition; axioms=[]
AXIOM AUDIT declaration: _private.DefiKernel.Metatheory.OperatorLifting.0.DefiKernel.Parallel.runParallel.match_1.splitter; module=DefiKernel.Metatheory.OperatorLifting; kind=definition; axioms=[]
AXIOM AUDIT declaration: _private.DefiKernel.Metatheory.OperatorLifting.0.DefiKernel.Parallel.runSerialLR.match_1.splitter; module=DefiKernel.Metatheory.OperatorLifting; kind=definition; axioms=[]
AXIOM AUDIT declaration: _private.DefiKernel.Metatheory.SequentialGroups.0.DefiKernel.Metatheory.flatten.match_1.splitter; module=DefiKernel.Metatheory.SequentialGroups; kind=definition; axioms=[]
AXIOM AUDIT declaration: _private.DefiKernel.Metatheory.OperatorLifting.0.DefiKernel.Interleaving.Attempt.supply.match_1.splitter; module=DefiKernel.Metatheory.OperatorLifting; kind=definition; axioms=[propext,
 Quot.sound]
AXIOM AUDIT DECLARATIONS PASSED: 57/57 supplemental declarations; forbidden=0
AXIOM AUDIT PASSED: 130/130 theorems; forbidden=0
'DefiKernel.Metatheory.supportedList_nil' depends on axioms: [propext, Quot.sound]
'DefiKernel.Metatheory.supportedList_cons' depends on axioms: [propext, Quot.sound]
'DefiKernel.Metatheory.supportedList_append' depends on axioms: [propext, Quot.sound]
'DefiKernel.Metatheory.supportedBranch_nil' depends on axioms: [propext, Quot.sound]
'DefiKernel.Metatheory.supportedBranch_cons' depends on axioms: [propext, Quot.sound]
'DefiKernel.Metatheory.supportedBranch_map' depends on axioms: [propext, Quot.sound]
'DefiKernel.Metatheory.SupportedStep.union_left' does not depend on any axioms
'DefiKernel.Metatheory.SupportedStep.union_right' does not depend on any axioms
'DefiKernel.Metatheory.SupportedList.union_left' does not depend on any axioms
'DefiKernel.Metatheory.SupportedList.union_right' does not depend on any axioms
'DefiKernel.Metatheory.ConfigAgreement.refl' depends on axioms: [propext]
'DefiKernel.Metatheory.ConfigAgreement.symm' depends on axioms: [propext]
'DefiKernel.Metatheory.ConfigAgreement.trans' depends on axioms: [propext]
'DefiKernel.Metatheory.ConfigAgreement.union' depends on axioms: [propext]
'DefiKernel.Metatheory.ConfigAgreement.restrict' depends on axioms: [propext]
'DefiKernel.Metatheory.prepareInvocation_config_eq' depends on axioms: [propext]
'DefiKernel.Metatheory.issueCapability_config_eq' does not depend on any axioms
'DefiKernel.Metatheory.revokeCapability_config_eq' depends on axioms: [propext, Quot.sound]
'DefiKernel.Metatheory.typed_execute_registry_eq' depends on axioms: [propext, Classical.choice, Quot.sound]
'DefiKernel.Metatheory.extractReceipt_config_eq' depends on axioms: [propext, Classical.choice, Quot.sound]
'DefiKernel.Metatheory.executeStep_config_eq' depends on axioms: [propext, Classical.choice, Quot.sound]
'DefiKernel.Metatheory.startCursor_config_eq' depends on axioms: [propext, Quot.sound]
'DefiKernel.Metatheory.advance_config_eq' depends on axioms: [propext, Classical.choice, Quot.sound]
'DefiKernel.Metatheory.continueRun_config_eq' depends on axioms: [propext, Classical.choice, Quot.sound]
'DefiKernel.Metatheory.run_config_eq' depends on axioms: [propext, Classical.choice, Quot.sound]
'DefiKernel.Metatheory.supportedGroup_empty' depends on axioms: [propext, Quot.sound]
'DefiKernel.Metatheory.supportedGroup_step' depends on axioms: [propext, Quot.sound]
'DefiKernel.Metatheory.supportedGroup_seq' depends on axioms: [propext, Quot.sound]
'DefiKernel.Metatheory.SupportedGroup.union_left' does not depend on any axioms
'DefiKernel.Metatheory.SupportedGroup.union_right' does not depend on any axioms
'DefiKernel.Metatheory.supportedGroup_union_seq' depends on axioms: [propext, Quot.sound]
'DefiKernel.Metatheory.runGroup_config_eq' depends on axioms: [propext, Classical.choice, Quot.sound]
'DefiKernel.Metatheory.analyzeInvocation_config_eq' depends on axioms: [propext]
'DefiKernel.Metatheory.analyzeBranchFrom_config_eq' depends on axioms: [propext, Quot.sound]
'DefiKernel.Metatheory.analyzeBranch_config_eq' depends on axioms: [propext, Quot.sound]
'DefiKernel.Metatheory.parallel_admit_config_eq' depends on axioms: [propext, Quot.sound]
'DefiKernel.Metatheory.interleaving_admit_config_eq' depends on axioms: [propext, Quot.sound]
'DefiKernel.Metatheory.atomic_admit_config_eq' depends on axioms: [propext, Quot.sound]
'DefiKernel.Metatheory.runBranch_config_eq' depends on axioms: [propext, Classical.choice, Quot.sound]
'DefiKernel.Metatheory.runParallel_config_eq' depends on axioms: [propext, Classical.choice, Quot.sound]
'DefiKernel.Metatheory.runSerialLR_config_eq' depends on axioms: [propext, Classical.choice, Quot.sound]
'DefiKernel.Metatheory.runSerialRL_config_eq' depends on axioms: [propext, Classical.choice, Quot.sound]
'DefiKernel.Metatheory.interleaving_advance_config_eq' depends on axioms: [propext, Classical.choice, Quot.sound]
'DefiKernel.Metatheory.interleaving_continueRun_config_eq' depends on axioms: [propext, Classical.choice, Quot.sound]
'DefiKernel.Metatheory.interleaving_runPrefix_config_eq' depends on axioms: [propext, Classical.choice, Quot.sound]
'DefiKernel.Metatheory.runInterleaving_config_eq' depends on axioms: [propext, Classical.choice, Quot.sound]
'DefiKernel.Metatheory.atomic_advance_config_eq' depends on axioms: [propext, Classical.choice, Quot.sound]
'DefiKernel.Metatheory.atomic_continueRun_config_eq' depends on axioms: [propext, Classical.choice, Quot.sound]
'DefiKernel.Metatheory.atomic_runPrefix_config_eq' depends on axioms: [propext, Classical.choice, Quot.sound]
'DefiKernel.Metatheory.runAtomic_config_eq' depends on axioms: [propext, Classical.choice, Quot.sound]
