'DefiKernel.Parallel.expression_congr_of_region' depends on axioms: [propext, Classical.choice, Quot.sound]
'DefiKernel.Parallel.mapM_congr_on' depends on axioms: [propext, Quot.sound]
'DefiKernel.Parallel.mapM_ok_mem' depends on axioms: [propext, Quot.sound]
'DefiKernel.Parallel.evaluate_congr' depends on axioms: [propext, Classical.choice, Quot.sound]
'DefiKernel.Parallel.evaluated_targets' depends on axioms: [propext, Classical.choice, Quot.sound]
'DefiKernel.Parallel.evaluated_effect_zero_outside' depends on axioms: [propext, Classical.choice, Quot.sound]
'DefiKernel.Parallel.funds_iff' depends on axioms: [propext, Classical.choice, Quot.sound]
'DefiKernel.Parallel.applyEvaluated_congr' depends on axioms: [propext, Classical.choice, Quot.sound]
'DefiKernel.Parallel.execute_congr' depends on axioms: [propext, Classical.choice, Quot.sound]
'DefiKernel.Parallel.execute_refusal_iff' depends on axioms: [propext, Classical.choice, Quot.sound]
'DefiKernel.Parallel.execute_success_congr' depends on axioms: [propext, Classical.choice, Quot.sound]
'DefiKernel.Parallel.execute_target_frame' depends on axioms: [propext, Classical.choice, Quot.sound]
'DefiKernel.Parallel.prepareInvocation_shape' depends on axioms: [propext, Classical.choice, Quot.sound]
'DefiKernel.Parallel.analyzed_dependencies' depends on axioms: [propext, Classical.choice, Quot.sound]
'DefiKernel.Parallel.analyzed_outputs' depends on axioms: [propext, Classical.choice, Quot.sound]
'DefiKernel.Parallel.snapshots_congr' depends on axioms: [propext, Classical.choice, Quot.sound]
'DefiKernel.Parallel.extractReceipt_congr' depends on axioms: [propext, Classical.choice, Quot.sound]
'DefiKernel.Parallel.executeStep_congr' depends on axioms: [propext, Classical.choice, Quot.sound]
'DefiKernel.Parallel.executeStep_target_frame' depends on axioms: [propext, Classical.choice, Quot.sound]
'DefiKernel.Parallel.executeStep_refusal_iff' depends on axioms: [propext, Classical.choice, Quot.sound]
'DefiKernel.Parallel.DependencyFixtures.foreign_agrees' depends on axioms: [propext, Quot.sound]
'DefiKernel.Parallel.DependencyFixtures.foreign_differs' depends on axioms: [propext, Quot.sound]
'DefiKernel.Parallel.DependencyFixtures.malformed_evaluates' depends on axioms: [propext, Classical.choice, Quot.sound]
'DefiKernel.Parallel.DependencyFixtures.malformed_targets' depends on axioms: [propext, Quot.sound]
'DefiKernel.Parallel.DependencyFixtures.malformed_effect_outside' depends on axioms: [propext,
 Classical.choice,
 Quot.sound]
'DefiKernel.Parallel.DependencyFixtures.malformed_writes_fail' depends on axioms: [propext,
 Classical.choice,
 Quot.sound]
'DefiKernel.Parallel.DependencyFixtures.foreign_funds_iff' depends on axioms: [propext, Classical.choice, Quot.sound]
'DefiKernel.Parallel.DependencyFixtures.target_balance_is_needed' depends on axioms: [propext,
 Classical.choice,
 Quot.sound]
'DefiKernel.Parallel.DependencyFixtures.refused_iff' depends on axioms: [propext, Quot.sound]
'DefiKernel.Parallel.DependencyFixtures.funded_malformed_refusal' depends on axioms: [propext,
 Classical.choice,
 Quot.sound]
'DefiKernel.Parallel.DependencyFixtures.foreign_malformed_refusal' depends on axioms: [propext,
 Classical.choice,
 Quot.sound]
'DefiKernel.Parallel.DependencyFixtures.poor_malformed_refusal' depends on axioms: [propext,
 Classical.choice,
 Quot.sound]
'DefiKernel.Parallel.DependencyFixtures.accounting_refusal' depends on axioms: [propext, Classical.choice, Quot.sound]
'DefiKernel.Parallel.DependencyFixtures.division_evaluation' depends on axioms: [propext, Classical.choice, Quot.sound]
'DefiKernel.Parallel.DependencyFixtures.division_execution' depends on axioms: [propext, Classical.choice, Quot.sound]
'DefiKernel.Parallel.DependencyFixtures.observation_error' depends on axioms: [propext, Classical.choice, Quot.sound]
'DefiKernel.Parallel.DependencyFixtures.inactive_evaluation_congr' depends on axioms: [propext,
 Classical.choice,
 Quot.sound]
'DefiKernel.Parallel.DependencyFixtures.foreign_success' depends on axioms: [propext, Classical.choice, Quot.sound]
