'DefiKernel.Parallel.mergeWorld_balance_sum' depends on axioms: [propext, Classical.choice, Quot.sound]
'DefiKernel.Parallel.mergeWorld_accounting' depends on axioms: [propext, Classical.choice, Quot.sound]
'DefiKernel.Parallel.runBranch_accounting' depends on axioms: [propext, Classical.choice, Quot.sound]
'DefiKernel.Parallel.runParallel_accounting' depends on axioms: [propext, Classical.choice, Quot.sound]
'DefiKernel.Parallel.runBranch_events_invoke' depends on axioms: [propext, Classical.choice, Quot.sound]
'DefiKernel.Parallel.trace_invoke_stores' depends on axioms: [propext, Classical.choice, Quot.sound]
'DefiKernel.Parallel.runBranch_authority' depends on axioms: [propext, Classical.choice, Quot.sound]
'DefiKernel.Parallel.runBranch_prefix_nonnegative' depends on axioms: [propext, Classical.choice, Quot.sound]
'DefiKernel.Parallel.mergeWorld_supported_frame' depends on axioms: [propext, Classical.choice, Quot.sound]
'DefiKernel.Parallel.mergeWorld_agrees_left' depends on axioms: [propext, Classical.choice, Quot.sound]
'DefiKernel.Parallel.mergeWorld_agrees_right' depends on axioms: [propext, Classical.choice, Quot.sound]
'DefiKernel.Parallel.mergeWorld_two_invariants' depends on axioms: [propext, Classical.choice, Quot.sound]
'DefiKernel.Parallel.runBranch_invariant' depends on axioms: [propext, Classical.choice, Quot.sound]
'DefiKernel.Parallel.evaluated_supplies_empty' depends on axioms: [propext, Classical.choice, Quot.sound]
'DefiKernel.Parallel.extractReceipt_supplies_empty' depends on axioms: [propext, Classical.choice, Quot.sound]
'DefiKernel.Parallel.step_no_supply' depends on axioms: [propext, Classical.choice, Quot.sound]
'DefiKernel.Parallel.local_total_preservation' depends on axioms: [propext, Classical.choice, Quot.sound]
'DefiKernel.Parallel.supports_total' depends on axioms: [propext, Classical.choice, Quot.sound]
'DefiKernel.Parallel.runParallel_two_invariants' depends on axioms: [propext, Classical.choice, Quot.sound]
'DefiKernel.Parallel.runParallel_executed_accounting' depends on axioms: [propext, Classical.choice, Quot.sound]
'DefiKernel.Parallel.runParallel_executed_authority' depends on axioms: [propext, Classical.choice, Quot.sound]
'DefiKernel.Parallel.runParallel_executed_frame' depends on axioms: [propext, Classical.choice, Quot.sound]
'DefiKernel.Parallel.runParallel_executed_nonnegative' depends on axioms: [propext, Classical.choice, Quot.sound]
'DefiKernel.Parallel.runParallel_executed_supported_frame' depends on axioms: [propext, Classical.choice, Quot.sound]
'DefiKernel.Parallel.runParallel_executed_two_invariants' depends on axioms: [propext, Classical.choice, Quot.sound]
'DefiKernel.Parallel.PreservationFixtures.admitted' depends on axioms: [propext, Quot.sound]
'DefiKernel.Parallel.PreservationFixtures.executed' depends on axioms: [propext, Classical.choice, Quot.sound]
'DefiKernel.Parallel.PreservationFixtures.supply_free' depends on axioms: [propext, Quot.sound]
'DefiKernel.Parallel.PreservationFixtures.initial_totals' depends on axioms: [propext, Classical.choice, Quot.sound]
'DefiKernel.Parallel.PreservationFixtures.initialized_two_invariants' depends on axioms: [propext,
 Classical.choice,
 Quot.sound]
'DefiKernel.Parallel.PreservationFixtures.protected_collateral' depends on axioms: [propext,
 Classical.choice,
 Quot.sound]
'DefiKernel.Parallel.PreservationFixtures.joined_authority' depends on axioms: [propext, Classical.choice, Quot.sound]
'DefiKernel.Parallel.PreservationFixtures.joined_nonnegative' depends on axioms: [propext, Classical.choice, Quot.sound]
'DefiKernel.Parallel.PreservationFixtures.unsupported_counterexample' depends on axioms: [propext,
 Classical.choice,
 Quot.sound]
'DefiKernel.Parallel.PreservationFixtures.unsupported_is_not_supported' depends on axioms: [propext,
 Classical.choice,
 Quot.sound]
'DefiKernel.Parallel.PreservationFixtures.written_support_counterexample' depends on axioms: [propext,
 Classical.choice,
 Quot.sound]
'DefiKernel.Parallel.PreservationFixtures.supply_admitted' depends on axioms: [propext, Quot.sound]
'DefiKernel.Parallel.PreservationFixtures.supply_executed' depends on axioms: [propext, Classical.choice, Quot.sound]
'DefiKernel.Parallel.PreservationFixtures.supply_receipts' depends on axioms: [propext, Classical.choice, Quot.sound]
'DefiKernel.Parallel.PreservationFixtures.supply_totals' depends on axioms: [propext, Classical.choice, Quot.sound]
'DefiKernel.Parallel.PreservationFixtures.prefix_admitted' depends on axioms: [propext, Quot.sound]
'DefiKernel.Parallel.PreservationFixtures.prefix_executed' depends on axioms: [propext, Classical.choice, Quot.sound]
'DefiKernel.Parallel.PreservationFixtures.prefix_refusal_receipts' depends on axioms: [propext,
 Classical.choice,
 Quot.sound]
'DefiKernel.Parallel.PreservationFixtures.prefix_authority' depends on axioms: [propext, Classical.choice, Quot.sound]
'DefiKernel.Parallel.PreservationFixtures.prefix_accounting' depends on axioms: [propext, Classical.choice, Quot.sound]
