⚠ [921/937] Replayed DefiKernel.Typed.Transition
warning: DefiKernel/Typed/Transition.lean:239:20: `simp_all [throw, throwThe]` is a flexible tactic modifying `⊢`. Try `simp_all?` and use the suggested `simp_all only [...]`. Alternatively, use `suffices` to explicitly state the simplified form.

Note: This linter can be disabled with `set_option linter.flexible false`
info: DefiKernel/Typed/Transition.lean:239:20: Try this:
  [apply] simp_all only [or_false, Prod.forall, true_and]
info: DefiKernel/Typed/Transition.lean:244:6: `rename_i args`
modifies the current goal, which was modified by the flexible tactic `simp_all` on line 239!
warning: DefiKernel/Typed/Transition.lean:239:20: `simp_all [throw, throwThe]` is a flexible tactic modifying `⊢`. Try `simp_all?` and use the suggested `simp_all only [...]`. Alternatively, use `suffices` to explicitly state the simplified form.

Note: This linter can be disabled with `set_option linter.flexible false`
info: DefiKernel/Typed/Transition.lean:239:20: Try this:
  [apply] simp_all only [Option.some.injEq, false_or, Prod.forall]
info: DefiKernel/Typed/Transition.lean:244:6: `rename_i args`
modifies the current goal, which was modified by the flexible tactic `simp_all` on line 239!
⚠ [929/937] Replayed DefiKernel.Parallel.Dependency
warning: DefiKernel/Parallel/Dependency.lean:59:44: This simp argument is unused:
  bind

Hint: Omit it from the simp argument list.
  [apply] simp only [ht, Except.bind, pure, Except.pure] at h

Note: This linter can be disabled with `set_option linter.unusedSimpArgs false`
warning: DefiKernel/Parallel/Dependency.lean:59:50: This simp argument is unused:
  Except.bind

Hint: Omit it from the simp argument list.
  [apply] simp only [ht, bind, pure, Except.pure] at h

Note: This linter can be disabled with `set_option linter.unusedSimpArgs false`
warning: DefiKernel/Parallel/Dependency.lean:68:0: automatically included section variable(s) unused in theorem `DefiKernel.Parallel.evaluate_congr`:
  [DecidableEq P]
  [DecidableEq D]
consider restructuring your `variable` declarations so that the variables are not in scope or explicitly omit them:
  omit [DecidableEq P] [DecidableEq D] in theorem ...

Note: This linter can be disabled with `set_option linter.unusedSectionVars false`
warning: DefiKernel/Parallel/Dependency.lean:68:0: `evaluate_congr` does not use the following hypotheses in its type:
  • [DecidableEq P] (#4)
  • [DecidableEq D] (#6)

Consider removing these hypotheses and using `classical` in the proof instead. For terms, consider using `open scoped Classical in` at the term level (not the command level).

Note: This linter can be disabled with `set_option linter.unusedDecidableInType false`
warning: DefiKernel/Parallel/Dependency.lean:115:0: automatically included section variable(s) unused in theorem `DefiKernel.Parallel.evaluated_targets`:
  [DecidableEq P]
  [DecidableEq D]
consider restructuring your `variable` declarations so that the variables are not in scope or explicitly omit them:
  omit [DecidableEq P] [DecidableEq D] in theorem ...

Note: This linter can be disabled with `set_option linter.unusedSectionVars false`
warning: DefiKernel/Parallel/Dependency.lean:140:19: This simp argument is unused:
  bind

Hint: Omit it from the simp argument list.
  [apply] simp only [hc, Except.bind] at hv

Note: This linter can be disabled with `set_option linter.unusedSimpArgs false`
warning: DefiKernel/Parallel/Dependency.lean:140:25: This simp argument is unused:
  Except.bind

Hint: Omit it from the simp argument list.
  [apply] simp only [hc, bind] at hv

Note: This linter can be disabled with `set_option linter.unusedSimpArgs false`
warning: DefiKernel/Parallel/Dependency.lean:142:50: This simp argument is unused:
  bind

Hint: Omit it from the simp argument list.
  [apply] simp only [ha, Except.bind] at hv

Note: This linter can be disabled with `set_option linter.unusedSimpArgs false`
warning: DefiKernel/Parallel/Dependency.lean:142:56: This simp argument is unused:
  Except.bind

Hint: Omit it from the simp argument list.
  [apply] simp only [ha, bind] at hv

Note: This linter can be disabled with `set_option linter.unusedSimpArgs false`
warning: DefiKernel/Parallel/Dependency.lean:115:0: `evaluated_targets` does not use the following hypotheses in its type:
  • [DecidableEq P] (#4)
  • [DecidableEq D] (#6)

Consider removing these hypotheses and using `classical` in the proof instead. For terms, consider using `open scoped Classical in` at the term level (not the command level).

Note: This linter can be disabled with `set_option linter.unusedDecidableInType false`
warning: DefiKernel/Parallel/Dependency.lean:164:0: automatically included section variable(s) unused in theorem `DefiKernel.Parallel.funds_iff`:
  [Fintype P]
  [Fintype A]
  [Fintype D]
consider restructuring your `variable` declarations so that the variables are not in scope or explicitly omit them:
  omit [Fintype P] [Fintype A] [Fintype D] in theorem ...

Note: This linter can be disabled with `set_option linter.unusedSectionVars false`
warning: DefiKernel/Parallel/Dependency.lean:163:0: `funds_iff` does not use the following hypotheses in its type:
  • [Fintype P] (#7)
  • [Fintype A] (#8)
  • [Fintype D] (#9)

Consider replacing these hypotheses with the corresponding instances of `Finite` and using `Fintype.ofFinite` in the proof, or removing them entirely.

Note: This linter can be disabled with `set_option linter.unusedFintypeInType false`
warning: DefiKernel/Parallel/Dependency.lean:224:51: This simp argument is unused:
  bind

Hint: Omit it from the simp argument list.
  [apply] simp only [throw, throwThe, Except.bind]

Note: This linter can be disabled with `set_option linter.unusedSimpArgs false`
warning: DefiKernel/Parallel/Dependency.lean:224:57: This simp argument is unused:
  Except.bind

Hint: Omit it from the simp argument list.
  [apply] simp only [throw, throwThe, bind]

Note: This linter can be disabled with `set_option linter.unusedSimpArgs false`
warning: DefiKernel/Parallel/Dependency.lean:228:36: This simp argument is unused:
  bind

Hint: Omit it from the simp argument list.
  [apply] simp only [Except.mapError, Except.bind]

Note: This linter can be disabled with `set_option linter.unusedSimpArgs false`
warning: DefiKernel/Parallel/Dependency.lean:228:42: This simp argument is unused:
  Except.bind

Hint: Omit it from the simp argument list.
  [apply] simp only [Except.mapError, bind]

Note: This linter can be disabled with `set_option linter.unusedSimpArgs false`
warning: DefiKernel/Parallel/Dependency.lean:237:17: This simp argument is unused:
  Except.mapError

Hint: Omit it from the simp argument list.
  [apply] simp only [bind, Except.bind]

Note: This linter can be disabled with `set_option linter.unusedSimpArgs false`
warning: DefiKernel/Parallel/Dependency.lean:237:34: This simp argument is unused:
  bind

Hint: Omit it from the simp argument list.
  [apply] simp only [Except.mapError, Except.bind]

Note: This linter can be disabled with `set_option linter.unusedSimpArgs false`
warning: DefiKernel/Parallel/Dependency.lean:237:40: This simp argument is unused:
  Except.bind

Hint: Omit it from the simp argument list.
  [apply] simp only [Except.mapError, bind]

Note: This linter can be disabled with `set_option linter.unusedSimpArgs false`
⚠ [930/937] Replayed DefiKernel.Parallel.Dependency.Adapter
warning: DefiKernel/Parallel/Dependency/Adapter.lean:14:0: automatically included section variable(s) unused in theorem `DefiKernel.Parallel.prepareInvocation_shape`:
  [Fintype P]
  [Fintype A]
  [Fintype D]
consider restructuring your `variable` declarations so that the variables are not in scope or explicitly omit them:
  omit [Fintype P] [Fintype A] [Fintype D] in theorem ...

Note: This linter can be disabled with `set_option linter.unusedSectionVars false`
warning: DefiKernel/Parallel/Dependency/Adapter.lean:14:0: `prepareInvocation_shape` does not use the following hypotheses in its type:
  • [Fintype P] (#7)
  • [Fintype A] (#8)
  • [Fintype D] (#9)

Consider replacing these hypotheses with the corresponding instances of `Finite` and using `Fintype.ofFinite` in the proof, or removing them entirely.

Note: This linter can be disabled with `set_option linter.unusedFintypeInType false`
warning: DefiKernel/Parallel/Dependency/Adapter.lean:36:0: automatically included section variable(s) unused in theorem `DefiKernel.Parallel.analyzed_dependencies`:
  [Fintype P]
  [Fintype A]
  [Fintype D]
consider restructuring your `variable` declarations so that the variables are not in scope or explicitly omit them:
  omit [Fintype P] [Fintype A] [Fintype D] in theorem ...

Note: This linter can be disabled with `set_option linter.unusedSectionVars false`
warning: DefiKernel/Parallel/Dependency/Adapter.lean:36:0: `analyzed_dependencies` does not use the following hypotheses in its type:
  • [Fintype P] (#7)
  • [Fintype A] (#8)
  • [Fintype D] (#9)

Consider replacing these hypotheses with the corresponding instances of `Finite` and using `Fintype.ofFinite` in the proof, or removing them entirely.

Note: This linter can be disabled with `set_option linter.unusedFintypeInType false`
warning: DefiKernel/Parallel/Dependency/Adapter.lean:63:0: automatically included section variable(s) unused in theorem `DefiKernel.Parallel.analyzed_outputs`:
  [Fintype P]
  [Fintype A]
  [Fintype D]
consider restructuring your `variable` declarations so that the variables are not in scope or explicitly omit them:
  omit [Fintype P] [Fintype A] [Fintype D] in theorem ...

Note: This linter can be disabled with `set_option linter.unusedSectionVars false`
warning: DefiKernel/Parallel/Dependency/Adapter.lean:63:0: `analyzed_outputs` does not use the following hypotheses in its type:
  • [Fintype P] (#7)
  • [Fintype A] (#8)
  • [Fintype D] (#9)

Consider replacing these hypotheses with the corresponding instances of `Finite` and using `Fintype.ofFinite` in the proof, or removing them entirely.

Note: This linter can be disabled with `set_option linter.unusedFintypeInType false`
warning: DefiKernel/Parallel/Dependency/Adapter.lean:77:0: automatically included section variable(s) unused in theorem `DefiKernel.Parallel.snapshots_congr`:
  [DecidableEq P]
  [DecidableEq A]
  [DecidableEq D]
  [Fintype P]
  [Fintype A]
  [Fintype D]
consider restructuring your `variable` declarations so that the variables are not in scope or explicitly omit them:
  omit [DecidableEq P] [DecidableEq A] [DecidableEq D] [Fintype P] [Fintype A] [Fintype D] in theorem ...

Note: This linter can be disabled with `set_option linter.unusedSectionVars false`
warning: DefiKernel/Parallel/Dependency/Adapter.lean:77:0: `snapshots_congr` does not use the following hypotheses in its type:
  • [DecidableEq P] (#4)
  • [DecidableEq A] (#5)
  • [DecidableEq D] (#6)

Consider removing these hypotheses and using `classical` in the proof instead. For terms, consider using `open scoped Classical in` at the term level (not the command level).

Note: This linter can be disabled with `set_option linter.unusedDecidableInType false`
warning: DefiKernel/Parallel/Dependency/Adapter.lean:77:0: `snapshots_congr` does not use the following hypotheses in its type:
  • [Fintype P] (#7)
  • [Fintype A] (#8)
  • [Fintype D] (#9)

Consider replacing these hypotheses with the corresponding instances of `Finite` and using `Fintype.ofFinite` in the proof, or removing them entirely.

Note: This linter can be disabled with `set_option linter.unusedFintypeInType false`
warning: DefiKernel/Parallel/Dependency/Adapter.lean:86:0: automatically included section variable(s) unused in theorem `DefiKernel.Parallel.extractReceipt_congr`:
  [Fintype P]
  [Fintype A]
  [Fintype D]
consider restructuring your `variable` declarations so that the variables are not in scope or explicitly omit them:
  omit [Fintype P] [Fintype A] [Fintype D] in theorem ...

Note: This linter can be disabled with `set_option linter.unusedSectionVars false`
warning: DefiKernel/Parallel/Dependency/Adapter.lean:99:34: This simp argument is unused:
  bind

Hint: Omit it from the simp argument list.
  [apply] simp only [Except.mapError, Except.bind]

Note: This linter can be disabled with `set_option linter.unusedSimpArgs false`
warning: DefiKernel/Parallel/Dependency/Adapter.lean:99:40: This simp argument is unused:
  Except.bind

Hint: Omit it from the simp argument list.
  [apply] simp only [Except.mapError, bind]

Note: This linter can be disabled with `set_option linter.unusedSimpArgs false`
warning: DefiKernel/Parallel/Dependency/Adapter.lean:86:0: `extractReceipt_congr` does not use the following hypotheses in its type:
  • [DecidableEq P] (#4)
  • [DecidableEq D] (#6)

Consider removing these hypotheses and using `classical` in the proof instead. For terms, consider using `open scoped Classical in` at the term level (not the command level).

Note: This linter can be disabled with `set_option linter.unusedDecidableInType false`
warning: DefiKernel/Parallel/Dependency/Adapter.lean:86:0: `extractReceipt_congr` does not use the following hypotheses in its type:
  • [Fintype P] (#7)
  • [Fintype A] (#8)
  • [Fintype D] (#9)

Consider replacing these hypotheses with the corresponding instances of `Finite` and using `Fintype.ofFinite` in the proof, or removing them entirely.

Note: This linter can be disabled with `set_option linter.unusedFintypeInType false`
warning: DefiKernel/Parallel/Dependency/Adapter.lean:125:17: This simp argument is unused:
  bind

Hint: Omit it from the simp argument list.
  [apply] simp only [Except.bind]

Note: This linter can be disabled with `set_option linter.unusedSimpArgs false`
warning: DefiKernel/Parallel/Dependency/Adapter.lean:125:23: This simp argument is unused:
  Except.bind

Hint: Omit it from the simp argument list.
  [apply] simp only [bind]

Note: This linter can be disabled with `set_option linter.unusedSimpArgs false`
warning: DefiKernel/Parallel/Dependency/Adapter.lean:153:36: This simp argument is unused:
  bind

Hint: Omit it from the simp argument list.
  [apply] simp only [Except.mapError, Except.bind]

Note: This linter can be disabled with `set_option linter.unusedSimpArgs false`
warning: DefiKernel/Parallel/Dependency/Adapter.lean:153:42: This simp argument is unused:
  Except.bind

Hint: Omit it from the simp argument list.
  [apply] simp only [Except.mapError, bind]

Note: This linter can be disabled with `set_option linter.unusedSimpArgs false`
⚠ [933/937] Replayed DefiKernel.Parallel.Preservation
warning: DefiKernel/Parallel/Preservation.lean:18:0: automatically included section variable(s) unused in theorem `DefiKernel.Parallel.mergeWorld_balance_sum`:
  [Fintype P]
  [Fintype A]
  [Fintype D]
consider restructuring your `variable` declarations so that the variables are not in scope or explicitly omit them:
  omit [Fintype P] [Fintype A] [Fintype D] in theorem ...

Note: This linter can be disabled with `set_option linter.unusedSectionVars false`
warning: DefiKernel/Parallel/Preservation.lean:18:0: `mergeWorld_balance_sum` does not use the following hypotheses in its type:
  • [Fintype P] (#7)
  • [Fintype A] (#8)
  • [Fintype D] (#9)

Consider replacing these hypotheses with the corresponding instances of `Finite` and using `Fintype.ofFinite` in the proof, or removing them entirely.

Note: This linter can be disabled with `set_option linter.unusedFintypeInType false`
warning: DefiKernel/Parallel/Preservation.lean:31:0: `mergeWorld_accounting` does not use the following hypotheses in its type:
  • [Fintype A] (#8)
  • [Fintype D] (#9)

Consider replacing these hypotheses with the corresponding instances of `Finite` and using `Fintype.ofFinite` in the proof, or removing them entirely.

Note: This linter can be disabled with `set_option linter.unusedFintypeInType false`
warning: DefiKernel/Parallel/Preservation.lean:131:0: automatically included section variable(s) unused in theorem `DefiKernel.Parallel.mergeWorld_supported_frame`:
  [Fintype P]
  [Fintype A]
  [Fintype D]
consider restructuring your `variable` declarations so that the variables are not in scope or explicitly omit them:
  omit [Fintype P] [Fintype A] [Fintype D] in theorem ...

Note: This linter can be disabled with `set_option linter.unusedSectionVars false`
warning: DefiKernel/Parallel/Preservation.lean:130:0: `mergeWorld_supported_frame` does not use the following hypotheses in its type:
  • [Fintype P] (#7)
  • [Fintype A] (#8)
  • [Fintype D] (#9)

Consider replacing these hypotheses with the corresponding instances of `Finite` and using `Fintype.ofFinite` in the proof, or removing them entirely.

Note: This linter can be disabled with `set_option linter.unusedFintypeInType false`
warning: DefiKernel/Parallel/Preservation.lean:141:0: automatically included section variable(s) unused in theorem `DefiKernel.Parallel.mergeWorld_agrees_left`:
  [Fintype P]
  [Fintype A]
  [Fintype D]
consider restructuring your `variable` declarations so that the variables are not in scope or explicitly omit them:
  omit [Fintype P] [Fintype A] [Fintype D] in theorem ...

Note: This linter can be disabled with `set_option linter.unusedSectionVars false`
warning: DefiKernel/Parallel/Preservation.lean:141:0: `mergeWorld_agrees_left` does not use the following hypotheses in its type:
  • [Fintype P] (#7)
  • [Fintype A] (#8)
  • [Fintype D] (#9)

Consider replacing these hypotheses with the corresponding instances of `Finite` and using `Fintype.ofFinite` in the proof, or removing them entirely.

Note: This linter can be disabled with `set_option linter.unusedFintypeInType false`
warning: DefiKernel/Parallel/Preservation.lean:151:0: automatically included section variable(s) unused in theorem `DefiKernel.Parallel.mergeWorld_agrees_right`:
  [Fintype P]
  [Fintype A]
  [Fintype D]
consider restructuring your `variable` declarations so that the variables are not in scope or explicitly omit them:
  omit [Fintype P] [Fintype A] [Fintype D] in theorem ...

Note: This linter can be disabled with `set_option linter.unusedSectionVars false`
warning: DefiKernel/Parallel/Preservation.lean:151:0: `mergeWorld_agrees_right` does not use the following hypotheses in its type:
  • [Fintype P] (#7)
  • [Fintype A] (#8)
  • [Fintype D] (#9)

Consider replacing these hypotheses with the corresponding instances of `Finite` and using `Fintype.ofFinite` in the proof, or removing them entirely.

Note: This linter can be disabled with `set_option linter.unusedFintypeInType false`
warning: DefiKernel/Parallel/Preservation.lean:161:0: `mergeWorld_two_invariants` does not use the following hypotheses in its type:
  • [Fintype P] (#7)
  • [Fintype A] (#8)
  • [Fintype D] (#9)

Consider replacing these hypotheses with the corresponding instances of `Finite` and using `Fintype.ofFinite` in the proof, or removing them entirely.

Note: This linter can be disabled with `set_option linter.unusedFintypeInType false`
warning: DefiKernel/Parallel/Preservation.lean:186:0: automatically included section variable(s) unused in theorem `DefiKernel.Parallel.evaluated_supplies_empty`:
  [DecidableEq P]
  [DecidableEq D]
  [Fintype P]
  [Fintype A]
  [Fintype D]
consider restructuring your `variable` declarations so that the variables are not in scope or explicitly omit them:
  omit [DecidableEq P] [DecidableEq D] [Fintype P] [Fintype A] [Fintype D] in theorem ...

Note: This linter can be disabled with `set_option linter.unusedSectionVars false`
warning: DefiKernel/Parallel/Preservation.lean:186:0: `evaluated_supplies_empty` does not use the following hypotheses in its type:
  • [DecidableEq P] (#4)
  • [DecidableEq D] (#6)

Consider removing these hypotheses and using `classical` in the proof instead. For terms, consider using `open scoped Classical in` at the term level (not the command level).

Note: This linter can be disabled with `set_option linter.unusedDecidableInType false`
warning: DefiKernel/Parallel/Preservation.lean:186:0: `evaluated_supplies_empty` does not use the following hypotheses in its type:
  • [Fintype P] (#7)
  • [Fintype A] (#8)
  • [Fintype D] (#9)

Consider replacing these hypotheses with the corresponding instances of `Finite` and using `Fintype.ofFinite` in the proof, or removing them entirely.

Note: This linter can be disabled with `set_option linter.unusedFintypeInType false`
warning: DefiKernel/Parallel/Preservation.lean:209:38: This simp argument is unused:
  bind

Hint: Omit it from the simp argument list.
  [apply] simp only [ha, Except.mapError, Except.bind] at he

Note: This linter can be disabled with `set_option linter.unusedSimpArgs false`
warning: DefiKernel/Parallel/Preservation.lean:209:44: This simp argument is unused:
  Except.bind

Hint: Omit it from the simp argument list.
  [apply] simp only [ha, Except.mapError, bind] at he

Note: This linter can be disabled with `set_option linter.unusedSimpArgs false`
warning: DefiKernel/Parallel/Preservation.lean:212:29: This simp argument is unused:
  Except.mapError

Hint: Omit it from the simp argument list.
  [apply] simp only [hv] at he

Note: This linter can be disabled with `set_option linter.unusedSimpArgs false`
warning: DefiKernel/Parallel/Preservation.lean:197:0: `extractReceipt_supplies_empty` does not use the following hypotheses in its type:
  • [DecidableEq P] (#4)
  • [DecidableEq D] (#6)

Consider removing these hypotheses and using `classical` in the proof instead. For terms, consider using `open scoped Classical in` at the term level (not the command level).

Note: This linter can be disabled with `set_option linter.unusedDecidableInType false`
warning: DefiKernel/Parallel/Preservation.lean:197:0: `extractReceipt_supplies_empty` does not use the following hypotheses in its type:
  • [Fintype P] (#7)
  • [Fintype A] (#8)
  • [Fintype D] (#9)

Consider replacing these hypotheses with the corresponding instances of `Finite` and using `Fintype.ofFinite` in the proof, or removing them entirely.

Note: This linter can be disabled with `set_option linter.unusedFintypeInType false`
warning: DefiKernel/Parallel/Preservation.lean:238:0: automatically included section variable(s) unused in theorem `DefiKernel.Parallel.supports_total`:
  [DecidableEq P]
  [DecidableEq A]
  [DecidableEq D]
  [Fintype A]
  [Fintype D]
consider restructuring your `variable` declarations so that the variables are not in scope or explicitly omit them:
  omit [DecidableEq P] [DecidableEq A] [DecidableEq D] [Fintype A] [Fintype D] in theorem ...

Note: This linter can be disabled with `set_option linter.unusedSectionVars false`
warning: DefiKernel/Parallel/Preservation.lean:238:0: `supports_total` does not use the following hypotheses in its type:
  • [DecidableEq P] (#4)
  • [DecidableEq A] (#5)
  • [DecidableEq D] (#6)

Consider removing these hypotheses and using `classical` in the proof instead. For terms, consider using `open scoped Classical in` at the term level (not the command level).

Note: This linter can be disabled with `set_option linter.unusedDecidableInType false`
warning: DefiKernel/Parallel/Preservation.lean:238:0: `supports_total` does not use the following hypotheses in its type:
  • [Fintype A] (#8)
  • [Fintype D] (#9)

Consider replacing these hypotheses with the corresponding instances of `Finite` and using `Fintype.ofFinite` in the proof, or removing them entirely.

Note: This linter can be disabled with `set_option linter.unusedFintypeInType false`
warning: DefiKernel/Parallel/Preservation.lean:317:5: Variable name `hx` is not explicitly referenced.

Hint: The binding can be removed (if unused) or named `_` (if used implicitly). Alternatively, prefix the name with `_` to silence this warning:
  [apply] _hx

Note: This linter can be disabled with `set_option linter.unusedVariables false`
✔ [937/937] Built DefiKernel.Parallel.PreservationFixtures (2.4s)
Build completed successfully (937 jobs).
