{
  "changeName": "concentrated-liquidity-library",
  "schemaName": "spec-driven",
  "planningHome": {
    "kind": "repo",
    "root": "/home/charl/defiformal-wt-liquidity-grok-gpt6-20260908",
    "changesDir": "/home/charl/defiformal-wt-liquidity-grok-gpt6-20260908/openspec/changes",
    "defaultSchema": "spec-driven"
  },
  "changeRoot": "/home/charl/defiformal-wt-liquidity-grok-gpt6-20260908/openspec/changes/concentrated-liquidity-library",
  "artifactPaths": {
    "proposal": {
      "outputPath": "proposal.md",
      "resolvedOutputPath": "/home/charl/defiformal-wt-liquidity-grok-gpt6-20260908/openspec/changes/concentrated-liquidity-library/proposal.md",
      "existingOutputPaths": [
        "/home/charl/defiformal-wt-liquidity-grok-gpt6-20260908/openspec/changes/concentrated-liquidity-library/proposal.md"
      ]
    },
    "specs": {
      "outputPath": "specs/**/*.md",
      "resolvedOutputPath": "/home/charl/defiformal-wt-liquidity-grok-gpt6-20260908/openspec/changes/concentrated-liquidity-library/specs/**/*.md",
      "existingOutputPaths": [
        "/home/charl/defiformal-wt-liquidity-grok-gpt6-20260908/openspec/changes/concentrated-liquidity-library/specs/cl-checked-words-fullmath/spec.md",
        "/home/charl/defiformal-wt-liquidity-grok-gpt6-20260908/openspec/changes/concentrated-liquidity-library/specs/cl-library-evidence/spec.md",
        "/home/charl/defiformal-wt-liquidity-grok-gpt6-20260908/openspec/changes/concentrated-liquidity-library/specs/cl-sqrt-price-swap-step/spec.md",
        "/home/charl/defiformal-wt-liquidity-grok-gpt6-20260908/openspec/changes/concentrated-liquidity-library/specs/cl-tick-bitmap-liquidity/spec.md",
        "/home/charl/defiformal-wt-liquidity-grok-gpt6-20260908/openspec/changes/concentrated-liquidity-library/specs/cl-tick-math/spec.md"
      ]
    },
    "design": {
      "outputPath": "design.md",
      "resolvedOutputPath": "/home/charl/defiformal-wt-liquidity-grok-gpt6-20260908/openspec/changes/concentrated-liquidity-library/design.md",
      "existingOutputPaths": [
        "/home/charl/defiformal-wt-liquidity-grok-gpt6-20260908/openspec/changes/concentrated-liquidity-library/design.md"
      ]
    },
    "tasks": {
      "outputPath": "tasks.md",
      "resolvedOutputPath": "/home/charl/defiformal-wt-liquidity-grok-gpt6-20260908/openspec/changes/concentrated-liquidity-library/tasks.md",
      "existingOutputPaths": [
        "/home/charl/defiformal-wt-liquidity-grok-gpt6-20260908/openspec/changes/concentrated-liquidity-library/tasks.md"
      ]
    }
  },
  "isPlanningComplete": true,
  "isComplete": true,
  "applyRequires": [
    "tasks"
  ],
  "nextSteps": [
    "All planning artifacts are complete. Run openspec instructions apply --change \"concentrated-liquidity-library\" --json to inspect implementation progress."
  ],
  "actionContext": {
    "mode": "repo-local",
    "sourceOfTruth": "repo",
    "planningArtifacts": [
      "proposal",
      "specs",
      "design",
      "tasks"
    ],
    "linkedContext": [],
    "allowedEditRoots": [
      "/home/charl/defiformal-wt-liquidity-grok-gpt6-20260908"
    ],
    "requiresAffectedAreaSelection": false,
    "constraints": [
      "Repo-local change artifacts and implementation edits are scoped to this project."
    ]
  },
  "artifacts": [
    {
      "id": "proposal",
      "outputPath": "proposal.md",
      "status": "done",
      "requires": []
    },
    {
      "id": "specs",
      "outputPath": "specs/**/*.md",
      "status": "done",
      "requires": [
        "proposal"
      ]
    },
    {
      "id": "design",
      "outputPath": "design.md",
      "status": "done",
      "requires": [
        "proposal"
      ]
    },
    {
      "id": "tasks",
      "outputPath": "tasks.md",
      "status": "done",
      "requires": [
        "specs",
        "design"
      ]
    }
  ],
  "root": {
    "path": "/home/charl/defiformal-wt-liquidity-grok-gpt6-20260908",
    "source": "nearest"
  }
}
