'DefiKernel.Arithmetic.Fees.validatedRate_ok_iff' depends on axioms: [propext, Classical.choice, Quot.sound]
'DefiKernel.Arithmetic.Fees.validatedRate_error_iff' depends on axioms: [propext]
'DefiKernel.Arithmetic.Fees.fee_bound' depends on axioms: [propext, Quot.sound]
'DefiKernel.Arithmetic.Fees.feeFromGross_of_round' depends on axioms: [propext, Quot.sound]
'DefiKernel.Arithmetic.Fees.feeFromGross_ok_iff' depends on axioms: [propext, Quot.sound]
'DefiKernel.Arithmetic.Fees.feeFromGross_error_iff' depends on axioms: [propext, Quot.sound]
'DefiKernel.Arithmetic.Fees.feeFromGross_conservation' depends on axioms: [propext, Quot.sound]
'DefiKernel.Arithmetic.Fees.feeOnTop_of_round' depends on axioms: [propext, Quot.sound]
'DefiKernel.Arithmetic.Fees.feeOnTop_overflow_of_round' depends on axioms: [propext, Quot.sound]
'DefiKernel.Arithmetic.Fees.feeOnTop_ok_iff' depends on axioms: [propext, Quot.sound]
'DefiKernel.Arithmetic.Fees.feeOnTop_error_iff' depends on axioms: [propext, Quot.sound]
'DefiKernel.Arithmetic.Fees.feeOnTop_conservation' depends on axioms: [propext, Quot.sound]
'DefiKernel.Arithmetic.Fees.feeFromGross_down_ok_iff' depends on axioms: [propext, Quot.sound]
'DefiKernel.Arithmetic.Fees.feeFromGross_up_ok_iff' depends on axioms: [propext, Quot.sound]
'DefiKernel.Arithmetic.Fees.feeOnTop_down_ok_iff' depends on axioms: [propext, Quot.sound]
'DefiKernel.Arithmetic.Fees.feeOnTop_up_ok_iff' depends on axioms: [propext, Quot.sound]
'DefiKernel.Arithmetic.Fees.feeFromGross_zero_rate' depends on axioms: [propext, Quot.sound]
'DefiKernel.Arithmetic.Fees.feeOnTop_zero_rate' depends on axioms: [propext, Quot.sound]
'DefiKernel.Arithmetic.Fees.feeFromGross_zero_amount' depends on axioms: [propext, Quot.sound]
'DefiKernel.Arithmetic.Fees.feeOnTop_zero_amount' depends on axioms: [propext, Quot.sound]
'DefiKernel.Arithmetic.Fees.feeFromGross_unit_rate' depends on axioms: [propext, Quot.sound]
'DefiKernel.Arithmetic.Fees.feeOnTop_unit_rate' depends on axioms: [propext, Quot.sound]
'DefiKernel.Arithmetic.Fees.feeFromGross_exact_fraction' depends on axioms: [propext, Quot.sound]
'DefiKernel.Arithmetic.Fees.feeOnTop_exact_fraction' depends on axioms: [propext, Quot.sound]
'DefiKernel.Arithmetic.Fees.feeFromGross_exists_iff' depends on axioms: [propext, Quot.sound]
'DefiKernel.Arithmetic.Fees.feeFromGross_fee_le' depends on axioms: [propext, Quot.sound]
'DefiKernel.Arithmetic.Fees.feeOnTop_fee_le' depends on axioms: [propext, Quot.sound]
'DefiKernel.Arithmetic.Fees.feeFromGross_one_down' depends on axioms: [propext, Quot.sound]
'DefiKernel.Arithmetic.Fees.feeFromGross_one_up' depends on axioms: [propext, Quot.sound]
'DefiKernel.Arithmetic.Quantity.toQuantity_amount' depends on axioms: [propext, Classical.choice, Quot.sound]
'DefiKernel.Arithmetic.Quantity.fromRat_ok_iff_div' depends on axioms: [propext, Classical.choice, Quot.sound]
'DefiKernel.Arithmetic.Quantity.fromRat_ok_iff' depends on axioms: [propext, Classical.choice, Quot.sound]
'DefiKernel.Arithmetic.Quantity.fromRat_exists_iff' depends on axioms: [propext, Classical.choice, Quot.sound]
'DefiKernel.Arithmetic.Quantity.fromRat_toQuantity' depends on axioms: [propext, Classical.choice, Quot.sound]
'DefiKernel.Arithmetic.Quantity.toQuantity_fromRat' depends on axioms: [propext, Classical.choice, Quot.sound]
'DefiKernel.Arithmetic.Quantity.fromRat_error_iff' depends on axioms: [propext, Classical.choice, Quot.sound]
'DefiKernel.Arithmetic.Quantity.toQuantity_fromRat_eq' depends on axioms: [propext, Classical.choice, Quot.sound]
