=== prop:joinmeet ===

{Cp,Fl}  in R: true  in W: true  in RnW: true
{Cl,Fl}  in R: true  in W: true  in RnW: true
{Fl}  in R: true  in W: false  in RnW: false   open=[] unwarranted=["Fl"]
  A n B = {Fl};  Delta^w(A n B) = {};  in RnW: true

tested 4000 pairs (|A n B| <= 18, true meet computed exhaustively over subsets)
  Delta^w(A n B) NOT in R n W          : 16
  Delta^w(A n B) != true meet          : 16
  Delta^w(A n B) == true meet          : 3984
  witness (not in RnW): A={Ct,Ex,Gp,Im,Li,Ob,Op,Sb,Sh,Tr} B={At,Au,Ct,Dp,Fd,Oa,Op,Pm,Sb,Sr}
     A n B = {Ct,Op,Sb}
     Delta^w = {Ct,Op,Sb}  open=[["L1a","Ex|Tp|At|Oa|Sv|Cl|Cp|St|Wg"]]
  witness (not the meet): A={Ct,Ex,Gp,Im,Li,Ob,Op,Sb,Sh,Tr} B={At,Au,Ct,Dp,Fd,Oa,Op,Pm,Sb,Sr}
     A n B   = {Ct,Op,Sb}
     Delta^w = {Ct,Op,Sb}
     trueMeet= {Sb}

minimal counterexample search over R n W members of size <= 4:
  A={Cp,Ix,Op,Sh} B={Ix,Op,Sh,Wg} AnB={Ix,Op,Sh} Delta^w={Ix,Op,Sh} trueMeet={Ix,Sh} Delta^w in RnW=false
  A={Cp,Ix,Op,Sh} B={Ix,Op,Sh,St} AnB={Ix,Op,Sh} Delta^w={Ix,Op,Sh} trueMeet={Ix,Sh} Delta^w in RnW=false
  A={Cp,Ix,Op,Sh} B={Cl,Ix,Op,Sh} AnB={Ix,Op,Sh} Delta^w={Ix,Op,Sh} trueMeet={Ix,Sh} Delta^w in RnW=false
  A={Cp,Ix,Op,Sh} B={Ix,Op,Sh,Sv} AnB={Ix,Op,Sh} Delta^w={Ix,Op,Sh} trueMeet={Ix,Sh} Delta^w in RnW=false
  A={Cp,Ix,Op,Sh} B={Ex,Ix,Op,Sh} AnB={Ix,Op,Sh} Delta^w={Ix,Op,Sh} trueMeet={Ix,Sh} Delta^w in RnW=false
