=== cor:oplusclosed + failure attribution ===

(+)-closure of R n W: 96720 pairs, 0 failures

admissible pool: 2500
pairs 96720; union not admissible: 9883 (10.2%)
  attributable to REQUIREMENTS (closure clauses) : 0
  attributable to WARRANTS                       : 0
  attributable to GROUNDING                      : 0
  attributable to PROHIBITIONS (bansCond)        : 9883
  prohibition rows fired (with multiplicity):
      X21      5679
      X2       2747
      X19*     1188
      X18      1118
  failures where that row was the SOLE cause:
      X21      4955
      X2       2100
      X19*     1032
      X18      976

polarity of the shipped bansCond rows (paper calls all of these 'prohibitions'):
  X11a*   Uc & !(Aw & At)            => Uc -> Aw ; Uc -> At                DUAL-HORN (a requirement written negatively): union-closed
  X19*    Aw & Xf & !(At|Fz|Xm)      => !Aw v !Xf v At v Fz v Xm           MIXED, 2 negative literals: neither Horn nor dual-Horn
  X2      Fl & (Cp|Cl) & (Pl|Cd|Im)  => !Fl v !c v !d  for each c,d        PURELY NEGATIVE (Horn): a genuine prohibition
  X18     Oa & Li & !(Ex|Tp)         => !Oa v !Li v Ex v Tp                MIXED, 2 negative literals: neither Horn nor dual-Horn
  X21     Fl & (Xf|Rl|Of)            => !Fl v !Xf ; !Fl v !Rl ; !Fl v !Of  PURELY NEGATIVE (Horn): a genuine prohibition
  listed HAZ_PROJ rows (from the 20-row table), eligible by >=2 named elements and no negation word:
      X2      named=[Fl,Cp,Cl,Pl,Cd]  combo="Fl* + manipulable Cp/Cl price + Pl/Cd, where manipulation cost < position value"

per-row: does the model class of this row alone fail union-closure? (sampled)
   X11a*    union-closure failures      0 / 79800
   X19*     union-closure failures   1008 / 79800
   X2       union-closure failures   1206 / 79800
   X18      union-closure failures   1334 / 79800
   X21      union-closure failures  13505 / 79800
