'DefiKernel.Certificates.hexVal_hexDigit' depends on axioms: [propext, Quot.sound]
'DefiKernel.Certificates.bool_cond_of_lt32' depends on axioms: [propext, Quot.sound]
'DefiKernel.Certificates.lexString_quote' depends on axioms: [propext]
'DefiKernel.Certificates.lexString_slash' depends on axioms: [propext]
'DefiKernel.Certificates.lexString_u00' depends on axioms: [propext, Quot.sound]
'DefiKernel.Certificates.lexString_normal' depends on axioms: [propext]
'DefiKernel.Certificates.lexString_char' depends on axioms: [propext, Quot.sound]
'DefiKernel.Certificates.lexString_escapeChars' depends on axioms: [propext, Quot.sound]
'DefiKernel.Certificates.lexString_escapeJsonString' depends on axioms: [propext, Classical.choice, Quot.sound]
'DefiKernel.Certificates.string_fromUTF8?_toUTF8' depends on axioms: [propext, Classical.choice, Quot.sound]
'DefiKernel.Certificates.structurallyAdmissible_nonempty' depends on axioms: [propext, Classical.choice, Quot.sound]
'DefiKernel.Certificates.decodeBytes_encode_canonical' depends on axioms: [propext, Classical.choice, Quot.sound]
'DefiKernel.Certificates.decode_encode_roundtrip_of_decode' depends on axioms: [propext, Classical.choice, Quot.sound]
'DefiKernel.Certificates.decode_encode_canonical_bytes' depends on axioms: [propext, Classical.choice, Quot.sound]
'DefiKernel.Certificates.decode_error_no_kernel' depends on axioms: [propext, Classical.choice, Quot.sound]
'DefiKernel.Certificates.decode_error_resource_limit' depends on axioms: [propext, Classical.choice, Quot.sound]
'DefiKernel.Certificates.checkBytes_no_kernel_on_error' depends on axioms: [propext, Classical.choice, Quot.sound]
'DefiKernel.Certificates.checkBytes_ok' depends on axioms: [propext, Classical.choice, Quot.sound]
'DefiKernel.Certificates.checkBytes_typed_correspondence' depends on axioms: [propext, Classical.choice, Quot.sound]
'DefiKernel.Certificates.checkBytes_step_correspondence' depends on axioms: [propext, Classical.choice, Quot.sound]
'DefiKernel.Certificates.checkBytes_run_correspondence' depends on axioms: [propext, Classical.choice, Quot.sound]
'DefiKernel.Certificates.rational_decode_canonical' does not depend on any axioms
'DefiKernel.Certificates.rat_fromRat_num_den' does not depend on any axioms
'DefiKernel.Certificates.rational_roundtrip' does not depend on any axioms
'DefiKernel.Certificates.decodeParty_encodeParty' depends on axioms: [propext, Classical.choice, Quot.sound]
'DefiKernel.Certificates.decodeAsset_encodeAsset' depends on axioms: [propext, Classical.choice, Quot.sound]
'DefiKernel.Certificates.decodeDomain_encodeDomain' depends on axioms: [propext, Classical.choice, Quot.sound]
'DefiKernel.Certificates.decodeRight_invoke' depends on axioms: [propext, Classical.choice, Quot.sound]
'DefiKernel.Certificates.decodePartyRef_caller' depends on axioms: [propext, Classical.choice, Quot.sound]
'DefiKernel.Certificates.decodePartyRef_literal' depends on axioms: [propext, Classical.choice, Quot.sound]
'DefiKernel.Certificates.decodeNumericUnit_scalar' depends on axioms: [propext, Classical.choice, Quot.sound]
'DefiKernel.Certificates.decodeNumericUnit_amount' depends on axioms: [propext, Classical.choice, Quot.sound]
'DefiKernel.Certificates.decodeUnit_bool' depends on axioms: [propext, Classical.choice, Quot.sound]
'DefiKernel.Certificates.decodeUnit_scalar' depends on axioms: [propext, Classical.choice, Quot.sound]
'DefiKernel.Certificates.decodeUnit_amount' depends on axioms: [propext, Classical.choice, Quot.sound]
'DefiKernel.Certificates.decodeRegistry_empty' depends on axioms: [propext, Classical.choice, Quot.sound]
'DefiKernel.Certificates.decodeStore_empty' depends on axioms: [propext, Classical.choice, Quot.sound]
'DefiKernel.Certificates.decodeRight_debit' depends on axioms: [propext, Classical.choice, Quot.sound]
'DefiKernel.Certificates.decodeRight_changeSupply' depends on axioms: [propext, Classical.choice, Quot.sound]
'DefiKernel.Certificates.decodePartyRef_argument' depends on axioms: [propext, Classical.choice, Quot.sound]
'DefiKernel.Certificates.decodeNumericUnit_price' depends on axioms: [propext, Classical.choice, Quot.sound]
'DefiKernel.Certificates.decodePackedValue_bool' depends on axioms: [propext, Classical.choice, Quot.sound]
'DefiKernel.Certificates.decodePackedValue_canonical_bool' depends on axioms: [propext, Classical.choice, Quot.sound]
'DefiKernel.Certificates.decodeObservationKey_roundtrip' depends on axioms: [propext, Classical.choice, Quot.sound]
'DefiKernel.Certificates.decodeEnvRead_currentTime' depends on axioms: [propext, Classical.choice, Quot.sound]
'DefiKernel.Certificates.decodeUnaryOp_not' depends on axioms: [propext, Classical.choice, Quot.sound]
'DefiKernel.Certificates.decodeUnaryOp_neg' depends on axioms: [propext, Classical.choice, Quot.sound]
'DefiKernel.Certificates.decodeBinaryOp_and' depends on axioms: [propext, Classical.choice, Quot.sound]
'DefiKernel.Certificates.decodeBinaryOp_or' depends on axioms: [propext, Classical.choice, Quot.sound]
'DefiKernel.Certificates.decodeCellRef_roundtrip' depends on axioms: [propext, Classical.choice, Quot.sound]
'DefiKernel.Certificates.decodeCell_roundtrip' depends on axioms: [propext, Classical.choice, Quot.sound]
'DefiKernel.Certificates.decodeContext_roundtrip' depends on axioms: [propext, Classical.choice, Quot.sound]
'DefiKernel.Certificates.decodeDomainAdmin_roundtrip' depends on axioms: [propext, Classical.choice, Quot.sound]
'DefiKernel.Certificates.decodeQualifiedPort_roundtrip' depends on axioms: [propext, Classical.choice, Quot.sound]
'DefiKernel.Certificates.decodeStep_revoke' depends on axioms: [propext, Classical.choice, Quot.sound]
'DefiKernel.Certificates.decodeExprFuel_now' depends on axioms: [propext, Classical.choice, Quot.sound]
'DefiKernel.Certificates.decodeExprFuel_arg_bool' depends on axioms: [propext, Classical.choice, Quot.sound]
'DefiKernel.Certificates.decodeExprFuel_lit_bool' depends on axioms: [propext, Classical.choice, Quot.sound]
'DefiKernel.Certificates.decodeExpr_now' depends on axioms: [propext, Classical.choice, Quot.sound]
'DefiKernel.Certificates.decodeExpr_lit_bool' depends on axioms: [propext, Classical.choice, Quot.sound]
'DefiKernel.Certificates.decodeObservationRef_roundtrip' depends on axioms: [propext, Classical.choice, Quot.sound]
'DefiKernel.Certificates.decodeRat_zero' depends on axioms: [propext, Classical.choice, Quot.sound]
'DefiKernel.Certificates.decodePackedValue_scalar_zero' depends on axioms: [propext, Classical.choice, Quot.sound]
'DefiKernel.Certificates.decodePackedValue_amount_zero' depends on axioms: [propext, Classical.choice, Quot.sound]
'DefiKernel.Certificates.decodeBinaryOp_add' depends on axioms: [propext, Classical.choice, Quot.sound]
'DefiKernel.Certificates.decodeBinaryOp_convert' depends on axioms: [propext, Classical.choice, Quot.sound]
'DefiKernel.Certificates.decodeBinaryOp_eq' depends on axioms: [propext, Classical.choice, Quot.sound]
'DefiKernel.Certificates.decodeStep_issue' depends on axioms: [propext, Classical.choice, Quot.sound]
'DefiKernel.Certificates.decodePackedCellRef_roundtrip' depends on axioms: [propext, Classical.choice, Quot.sound]
'DefiKernel.Certificates.decodeEnvRead_observation' depends on axioms: [propext, Classical.choice, Quot.sound]
'DefiKernel.Certificates.decodeSourcePin_roundtrip' depends on axioms: [propext, Classical.choice, Quot.sound]
'DefiKernel.Certificates.decodeGrant_roundtrip' depends on axioms: [propext, Classical.choice, Quot.sound]
'DefiKernel.Certificates.decodeTypesEnum_roundtrip' depends on axioms: [propext, Classical.choice, Quot.sound]
'DefiKernel.Certificates.decodeCapability_invoke' depends on axioms: [propext, Classical.choice, Quot.sound]
'DefiKernel.Certificates.decodeExprFuel_balance' depends on axioms: [propext, Classical.choice, Quot.sound]
'DefiKernel.Certificates.decodeExprFuel_timestamp' depends on axioms: [propext, Classical.choice, Quot.sound]
'DefiKernel.Certificates.decodeExprFuel_unary_not' depends on axioms: [propext, Classical.choice, Quot.sound]
'DefiKernel.Certificates.decodeExprFuel_binary_and' depends on axioms: [propext, Classical.choice, Quot.sound]
'DefiKernel.Certificates.decodeExprFuel_ite' depends on axioms: [propext, Classical.choice, Quot.sound]
'DefiKernel.Certificates.decodeExpr_balance' depends on axioms: [propext, Classical.choice, Quot.sound]
'DefiKernel.Certificates.decodeExpr_timestamp' depends on axioms: [propext, Classical.choice, Quot.sound]
'DefiKernel.Certificates.decodeExpr_unary_not' depends on axioms: [propext, Classical.choice, Quot.sound]
'DefiKernel.Certificates.decodeExpr_binary_and' depends on axioms: [propext, Classical.choice, Quot.sound]
'DefiKernel.Certificates.decodeExpr_ite' depends on axioms: [propext, Classical.choice, Quot.sound]
'DefiKernel.Certificates.string_roundtrip' depends on axioms: [propext, Classical.choice, Quot.sound]
'DefiKernel.Certificates.serialized_byte_bound_exceeded_not_supported' depends on axioms: [propext,
 Classical.choice,
 Quot.sound]
'DefiKernel.Certificates.decodeRat_mkObj' depends on axioms: [propext, Classical.choice, Quot.sound]
'DefiKernel.Certificates.decodePackedValue_scalar_val' depends on axioms: [propext, Classical.choice, Quot.sound]
'DefiKernel.Certificates.decodePackedValue_amount_val' depends on axioms: [propext, Classical.choice, Quot.sound]
'DefiKernel.Certificates.decodeParty_partyToJson' depends on axioms: [propext, Classical.choice, Quot.sound]
'DefiKernel.Certificates.decodeAsset_assetToJson' depends on axioms: [propext, Classical.choice, Quot.sound]
'DefiKernel.Certificates.decodeDomain_domainToJson' depends on axioms: [propext, Classical.choice, Quot.sound]
'DefiKernel.Certificates.decodeCell_cellToJson' depends on axioms: [propext, Classical.choice, Quot.sound]
'DefiKernel.Certificates.decodeRight_rightToJson' depends on axioms: [propext, Classical.choice, Quot.sound]
'DefiKernel.Certificates.decodeGrant_grantToJson' depends on axioms: [propext, Classical.choice, Quot.sound]
'DefiKernel.Certificates.decodePartyRef_partyRefToJson' depends on axioms: [propext, Classical.choice, Quot.sound]
'DefiKernel.Certificates.decodeCellRef_cellRefToJson' depends on axioms: [propext, Classical.choice, Quot.sound]
'DefiKernel.Certificates.decodePackedCellRef_packedCellRefToJson' depends on axioms: [propext,
 Classical.choice,
 Quot.sound]
'DefiKernel.Certificates.decodeObservationKey_observationKeyToJson' depends on axioms: [propext,
 Classical.choice,
 Quot.sound]
'DefiKernel.Certificates.decodeNumericUnit_numericUnitToJson' depends on axioms: [propext, Classical.choice, Quot.sound]
'DefiKernel.Certificates.decodeUnit_unitToJson' depends on axioms: [propext, Classical.choice, Quot.sound]
'DefiKernel.Certificates.decodeObservationRef_observationRefToJson' depends on axioms: [propext,
 Classical.choice,
 Quot.sound]
'DefiKernel.Certificates.decodeUnaryOp_unaryOpToJson' depends on axioms: [propext, Classical.choice, Quot.sound]
'DefiKernel.Certificates.decodeBinaryOp_binaryOpToJson' depends on axioms: [propext, Classical.choice, Quot.sound]
'DefiKernel.Certificates.decodeStateCell_canonical' depends on axioms: [propext, Classical.choice, Quot.sound]
'DefiKernel.Certificates.exprToJson_decode_now' depends on axioms: [propext, Classical.choice, Quot.sound]
'DefiKernel.Certificates.exprToJson_decode_timestamp' depends on axioms: [propext, Classical.choice, Quot.sound]
'DefiKernel.Certificates.exprToJson_decode_observe' depends on axioms: [propext, Classical.choice, Quot.sound]
'DefiKernel.Certificates.exprToJson_decode_balance' depends on axioms: [propext, Classical.choice, Quot.sound]
'DefiKernel.Certificates.exprToJson_decode_arg' depends on axioms: [propext, Classical.choice, Quot.sound]
'DefiKernel.Certificates.exprToJson_decode_unary_step' depends on axioms: [propext, Classical.choice, Quot.sound]
'DefiKernel.Certificates.exprToJson_decode_binary_step' depends on axioms: [propext, Classical.choice, Quot.sound]
'DefiKernel.Certificates.exprToJson_decode_ite_step' depends on axioms: [propext, Classical.choice, Quot.sound]
