jsonObj-quoted-key
{"a\"b":1}
quoted-key-jsonparse
true
quoted-key-decode
ok-eq
plain-key-decode
ok-eq
bs-key-jsonparse
true
bs-key-decode
ok-eq
nul-key-decode
ok-eq
lf-key-decode
ok-eq
tab-key-decode
ok-eq
lambda-key-decode
ok-eq
rocket-key-decode
ok-eq
nul-value-decode
ok-eq
lf-value-decode
ok-eq
quote-value-decode
ok-eq
bs-value-decode
ok-eq
lambda-value-decode
ok-eq
rocket-value-decode
ok-eq
unsorted-keys-decode
ok-neq
unsorted-encoded-source-map-prefix
":{"a":"1","b":"2"},"payload":{"registry
dup-keys-decode
{"ctor":"duplicateKey","name":"a"}
space-after-colon-decode
{"ctor":"noncanonicalWhitespace"}
witness-bytes
3427
witness-nest
6
guard56-depth
56
guard56-le55
false
guard56-bytes
5733
guard56-nest
62
guard56-decode
ok-eq
guard58-depth
58
guard58-le55
false
guard58-nest
64
guard58-decode
ok-eq
guard59-depth
59
guard59-nest
65
guard59-decode
{"ctor":"resourceLimit","limit":"maxDepth"}
delta64-guard-depth
1
delta64-amount-depth
64
delta64-guard-le55
true
delta64-amount-le55
false
delta64-bytes
6135
delta64-nest
72
delta64-scan
{"ctor":"resourceLimit","limit":"maxDepth"}
delta64-parse
{"ctor":"resourceLimit","limit":"maxDepth"}
delta64-decode
{"ctor":"resourceLimit","limit":"maxDepth"}
priv4097-len
4097
priv4097-catalog-len
1
priv4097-bytes
200173
priv4097-scan
ok
priv4097-parse
{"ctor":"resourceLimit","limit":"max_array_length"}
priv4097-decode
{"ctor":"notJsonObject"}
ops4097-inputs-len
4097
ops4097-bytes
130564
ops4097-scan
ok
ops4097-parse
{"ctor":"resourceLimit","limit":"max_array_length"}
ops4097-decode
{"ctor":"notJsonObject"}
claimed4097-len
4097
claimed4097-bytes
369468
claimed4097-scan
ok
claimed4097-parse
{"ctor":"resourceLimit","limit":"max_array_length"}
claimed4097-decode
{"ctor":"notJsonObject"}
done
