✔ [819/822] Built DefiKernel.ConcentratedLiquidity.Types (555ms)
⚠ [820/822] Built DefiKernel.ConcentratedLiquidity.FullMath (961ms)
warning: DefiKernel/ConcentratedLiquidity/FullMath.lean:60:71: This simp argument is unused:
  h

Hint: Omit it from the simp argument list.
  [apply] simp

Note: This linter can be disabled with `set_option linter.unusedSimpArgs false`
warning: DefiKernel/ConcentratedLiquidity/FullMath.lean:102:8: try 'simp' instead of 'simpa'

Note: This linter can be disabled with `set_option linter.unnecessarySimpa false`
✔ [821/822] Built DefiKernel.ConcentratedLiquidity.SqrtPriceMath (954ms)
✖ [822/822] Building DefiKernel.ConcentratedLiquidity.Token0Proofs (915ms)
trace: .> LEAN_PATH=/home/charl/.cache/defiformal-program/program-execution-20260908/p16-proof-diagnostic-sandbox/lean/.lake/packages/Cli/.lake/build/lib/lean:/home/charl/.cache/defiformal-program/program-execution-20260908/p16-proof-diagnostic-sandbox/lean/.lake/packages/batteries/.lake/build/lib/lean:/home/charl/.cache/defiformal-program/program-execution-20260908/p16-proof-diagnostic-sandbox/lean/.lake/packages/Qq/.lake/build/lib/lean:/home/charl/.cache/defiformal-program/program-execution-20260908/p16-proof-diagnostic-sandbox/lean/.lake/packages/aesop/.lake/build/lib/lean:/home/charl/.cache/defiformal-program/program-execution-20260908/p16-proof-diagnostic-sandbox/lean/.lake/packages/proofwidgets/.lake/build/lib/lean:/home/charl/.cache/defiformal-program/program-execution-20260908/p16-proof-diagnostic-sandbox/lean/.lake/packages/importGraph/.lake/build/lib/lean:/home/charl/.cache/defiformal-program/program-execution-20260908/p16-proof-diagnostic-sandbox/lean/.lake/packages/LeanSearchClient/.lake/build/lib/lean:/home/charl/.cache/defiformal-program/program-execution-20260908/p16-proof-diagnostic-sandbox/lean/.lake/packages/plausible/.lake/build/lib/lean:/home/charl/.cache/defiformal-program/program-execution-20260908/p16-proof-diagnostic-sandbox/lean/.lake/packages/mathlib/.lake/build/lib/lean:/home/charl/.cache/defiformal-program/program-execution-20260908/p16-proof-diagnostic-sandbox/lean/.lake/build/lib/lean /home/charl/.elan/toolchains/leanprover--lean4---v4.33.0-rc2/bin/lean /home/charl/.cache/defiformal-program/program-execution-20260908/p16-proof-diagnostic-sandbox/lean/DefiKernel/ConcentratedLiquidity/Token0Proofs.lean -o /home/charl/.cache/defiformal-program/program-execution-20260908/p16-proof-diagnostic-sandbox/lean/.lake/build/lib/lean/DefiKernel/ConcentratedLiquidity/Token0Proofs.olean -i /home/charl/.cache/defiformal-program/program-execution-20260908/p16-proof-diagnostic-sandbox/lean/.lake/build/lib/lean/DefiKernel/ConcentratedLiquidity/Token0Proofs.ilean -c /home/charl/.cache/defiformal-program/program-execution-20260908/p16-proof-diagnostic-sandbox/lean/.lake/build/ir/DefiKernel/ConcentratedLiquidity/Token0Proofs.c --setup /home/charl/.cache/defiformal-program/program-execution-20260908/p16-proof-diagnostic-sandbox/lean/.lake/build/ir/DefiKernel/ConcentratedLiquidity/Token0Proofs.setup.json --json
error: DefiKernel/ConcentratedLiquidity/Token0Proofs.lean:7:21: unsolved goals
W a : ℕ
hle : W ≤ a
hlt : a < W + W
ha : a = W + (a - W)
hsmall : a - W < W
⊢ (a - W) % W = W + (a - W) - W
error: Lean exited with code 1
Some required targets logged failures:
- DefiKernel.ConcentratedLiquidity.Token0Proofs
