'DefiKernel.Certificates.structurallyAdmissible_nonempty' depends on axioms: [propext, Classical.choice, Quot.sound]
'DefiKernel.Certificates.decodeBytes_encode_canonical' depends on axioms: [propext, Classical.choice, Quot.sound]
/home/charl/defiformal/review/semantic-kernel/program-execution-20260908/p19-r7-root-verification/Axioms.lean:4:14: error(lean.unknownIdentifier): Unknown constant `DefiKernel.Certificates.decode_encode_roundtrip_of_decode`
'DefiKernel.Certificates.decode_encode_canonical_bytes' depends on axioms: [propext, Classical.choice, Quot.sound]
'DefiKernel.Certificates.decode_error_no_kernel' depends on axioms: [propext, Classical.choice, Quot.sound]
'DefiKernel.Certificates.decode_error_resource_limit' depends on axioms: [propext, Classical.choice, Quot.sound]
'DefiKernel.Certificates.checkBytes_no_kernel_on_error' depends on axioms: [propext, Classical.choice, Quot.sound]
'DefiKernel.Certificates.checkBytes_ok' depends on axioms: [propext, Classical.choice, Quot.sound]
'DefiKernel.Certificates.checkBytes_typed_correspondence' depends on axioms: [propext, Classical.choice, Quot.sound]
'DefiKernel.Certificates.checkBytes_step_correspondence' depends on axioms: [propext, Classical.choice, Quot.sound]
'DefiKernel.Certificates.checkBytes_run_correspondence' depends on axioms: [propext, Classical.choice, Quot.sound]
'DefiKernel.Certificates.rational_decode_canonical' does not depend on any axioms
'DefiKernel.Certificates.rat_fromRat_num_den' does not depend on any axioms
'DefiKernel.Certificates.rational_roundtrip' does not depend on any axioms
'DefiKernel.Certificates.decodeParty_encodeParty' depends on axioms: [propext, Classical.choice, Quot.sound]
'DefiKernel.Certificates.decodeAsset_encodeAsset' depends on axioms: [propext, Classical.choice, Quot.sound]
'DefiKernel.Certificates.decodeDomain_encodeDomain' depends on axioms: [propext, Classical.choice, Quot.sound]
'DefiKernel.Certificates.decodeRight_invoke' depends on axioms: [propext, Classical.choice, Quot.sound]
'DefiKernel.Certificates.decodePartyRef_caller' depends on axioms: [propext, Classical.choice, Quot.sound]
'DefiKernel.Certificates.decodePartyRef_literal' depends on axioms: [propext, Classical.choice, Quot.sound]
'DefiKernel.Certificates.decodeNumericUnit_scalar' depends on axioms: [propext, Classical.choice, Quot.sound]
'DefiKernel.Certificates.decodeNumericUnit_amount' depends on axioms: [propext, Classical.choice, Quot.sound]
'DefiKernel.Certificates.decodeUnit_bool' depends on axioms: [propext, Classical.choice, Quot.sound]
'DefiKernel.Certificates.decodeUnit_scalar' depends on axioms: [propext, Classical.choice, Quot.sound]
'DefiKernel.Certificates.decodeUnit_amount' depends on axioms: [propext, Classical.choice, Quot.sound]
'DefiKernel.Certificates.decodeRegistry_empty' depends on axioms: [propext, Classical.choice, Quot.sound]
'DefiKernel.Certificates.decodeStore_empty' depends on axioms: [propext, Classical.choice, Quot.sound]
'DefiKernel.Certificates.decodeRight_debit' depends on axioms: [propext, Classical.choice, Quot.sound]
'DefiKernel.Certificates.decodeRight_changeSupply' depends on axioms: [propext, Classical.choice, Quot.sound]
'DefiKernel.Certificates.decodePartyRef_argument' depends on axioms: [propext, Classical.choice, Quot.sound]
'DefiKernel.Certificates.decodeNumericUnit_price' depends on axioms: [propext, Classical.choice, Quot.sound]
'DefiKernel.Certificates.decodePackedValue_bool' depends on axioms: [propext, Classical.choice, Quot.sound]
'DefiKernel.Certificates.decodePackedValue_canonical_bool' depends on axioms: [propext, Classical.choice, Quot.sound]
'DefiKernel.Certificates.decodeObservationKey_roundtrip' depends on axioms: [propext, Classical.choice, Quot.sound]
'DefiKernel.Certificates.decodeEnvRead_currentTime' depends on axioms: [propext, Classical.choice, Quot.sound]
'DefiKernel.Certificates.decodeUnaryOp_not' depends on axioms: [propext, Classical.choice, Quot.sound]
'DefiKernel.Certificates.decodeUnaryOp_neg' depends on axioms: [propext, Classical.choice, Quot.sound]
'DefiKernel.Certificates.decodeBinaryOp_and' depends on axioms: [propext, Classical.choice, Quot.sound]
'DefiKernel.Certificates.decodeBinaryOp_or' depends on axioms: [propext, Classical.choice, Quot.sound]
'DefiKernel.Certificates.decodeCellRef_roundtrip' depends on axioms: [propext, Classical.choice, Quot.sound]
'DefiKernel.Certificates.decodeCell_roundtrip' depends on axioms: [propext, Classical.choice, Quot.sound]
'DefiKernel.Certificates.decodeContext_roundtrip' depends on axioms: [propext, Classical.choice, Quot.sound]
'DefiKernel.Certificates.decodeDomainAdmin_roundtrip' depends on axioms: [propext, Classical.choice, Quot.sound]
'DefiKernel.Certificates.decodeQualifiedPort_roundtrip' depends on axioms: [propext, Classical.choice, Quot.sound]
'DefiKernel.Certificates.decodeStep_revoke' depends on axioms: [propext, Classical.choice, Quot.sound]
'DefiKernel.Certificates.decodeExprFuel_now' depends on axioms: [propext, Classical.choice, Quot.sound]
'DefiKernel.Certificates.decodeExprFuel_arg_bool' depends on axioms: [propext, Classical.choice, Quot.sound]
'DefiKernel.Certificates.decodeExprFuel_lit_bool' depends on axioms: [propext, Classical.choice, Quot.sound]
'DefiKernel.Certificates.decodeExpr_now' depends on axioms: [propext, Classical.choice, Quot.sound]
'DefiKernel.Certificates.decodeExpr_lit_bool' depends on axioms: [propext, Classical.choice, Quot.sound]
/home/charl/defiformal/review/semantic-kernel/program-execution-20260908/p19-r7-root-verification/Axioms.lean:52:14: error(lean.unknownIdentifier): Unknown constant `DefiKernel.Certificates.decodeObservationRef_roundtrip`
/home/charl/defiformal/review/semantic-kernel/program-execution-20260908/p19-r7-root-verification/Axioms.lean:53:14: error(lean.unknownIdentifier): Unknown constant `DefiKernel.Certificates.decodeRat_zero`
/home/charl/defiformal/review/semantic-kernel/program-execution-20260908/p19-r7-root-verification/Axioms.lean:54:14: error(lean.unknownIdentifier): Unknown constant `DefiKernel.Certificates.decodePackedValue_scalar_zero`
/home/charl/defiformal/review/semantic-kernel/program-execution-20260908/p19-r7-root-verification/Axioms.lean:55:14: error(lean.unknownIdentifier): Unknown constant `DefiKernel.Certificates.decodePackedValue_amount_zero`
/home/charl/defiformal/review/semantic-kernel/program-execution-20260908/p19-r7-root-verification/Axioms.lean:56:14: error(lean.unknownIdentifier): Unknown constant `DefiKernel.Certificates.decodeBinaryOp_add`
/home/charl/defiformal/review/semantic-kernel/program-execution-20260908/p19-r7-root-verification/Axioms.lean:57:14: error(lean.unknownIdentifier): Unknown constant `DefiKernel.Certificates.decodeBinaryOp_convert`
/home/charl/defiformal/review/semantic-kernel/program-execution-20260908/p19-r7-root-verification/Axioms.lean:58:14: error(lean.unknownIdentifier): Unknown constant `DefiKernel.Certificates.decodeBinaryOp_eq`
/home/charl/defiformal/review/semantic-kernel/program-execution-20260908/p19-r7-root-verification/Axioms.lean:59:14: error(lean.unknownIdentifier): Unknown constant `DefiKernel.Certificates.decodeStep_issue`
/home/charl/defiformal/review/semantic-kernel/program-execution-20260908/p19-r7-root-verification/Axioms.lean:60:14: error(lean.unknownIdentifier): Unknown constant `DefiKernel.Certificates.decodePackedCellRef_roundtrip`
/home/charl/defiformal/review/semantic-kernel/program-execution-20260908/p19-r7-root-verification/Axioms.lean:61:14: error(lean.unknownIdentifier): Unknown constant `DefiKernel.Certificates.decodeEnvRead_observation`
/home/charl/defiformal/review/semantic-kernel/program-execution-20260908/p19-r7-root-verification/Axioms.lean:62:14: error(lean.unknownIdentifier): Unknown constant `DefiKernel.Certificates.decodeSourcePin_roundtrip`
/home/charl/defiformal/review/semantic-kernel/program-execution-20260908/p19-r7-root-verification/Axioms.lean:63:14: error(lean.unknownIdentifier): Unknown constant `DefiKernel.Certificates.decodeGrant_roundtrip`
/home/charl/defiformal/review/semantic-kernel/program-execution-20260908/p19-r7-root-verification/Axioms.lean:64:14: error(lean.unknownIdentifier): Unknown constant `DefiKernel.Certificates.decodeTypesEnum_roundtrip`
/home/charl/defiformal/review/semantic-kernel/program-execution-20260908/p19-r7-root-verification/Axioms.lean:65:14: error(lean.unknownIdentifier): Unknown constant `DefiKernel.Certificates.decodeCapability_invoke`
/home/charl/defiformal/review/semantic-kernel/program-execution-20260908/p19-r7-root-verification/Axioms.lean:66:14: error(lean.unknownIdentifier): Unknown constant `DefiKernel.Certificates.decodeExprFuel_balance`
/home/charl/defiformal/review/semantic-kernel/program-execution-20260908/p19-r7-root-verification/Axioms.lean:67:14: error(lean.unknownIdentifier): Unknown constant `DefiKernel.Certificates.decodeExprFuel_timestamp`
/home/charl/defiformal/review/semantic-kernel/program-execution-20260908/p19-r7-root-verification/Axioms.lean:68:14: error(lean.unknownIdentifier): Unknown constant `DefiKernel.Certificates.decodeExprFuel_unary_not`
/home/charl/defiformal/review/semantic-kernel/program-execution-20260908/p19-r7-root-verification/Axioms.lean:69:14: error(lean.unknownIdentifier): Unknown constant `DefiKernel.Certificates.decodeExprFuel_binary_and`
/home/charl/defiformal/review/semantic-kernel/program-execution-20260908/p19-r7-root-verification/Axioms.lean:70:14: error(lean.unknownIdentifier): Unknown constant `DefiKernel.Certificates.decodeExprFuel_ite`
/home/charl/defiformal/review/semantic-kernel/program-execution-20260908/p19-r7-root-verification/Axioms.lean:71:14: error(lean.unknownIdentifier): Unknown constant `DefiKernel.Certificates.decodeExpr_balance`
/home/charl/defiformal/review/semantic-kernel/program-execution-20260908/p19-r7-root-verification/Axioms.lean:72:14: error(lean.unknownIdentifier): Unknown constant `DefiKernel.Certificates.decodeExpr_timestamp`
/home/charl/defiformal/review/semantic-kernel/program-execution-20260908/p19-r7-root-verification/Axioms.lean:73:14: error(lean.unknownIdentifier): Unknown constant `DefiKernel.Certificates.decodeExpr_unary_not`
/home/charl/defiformal/review/semantic-kernel/program-execution-20260908/p19-r7-root-verification/Axioms.lean:74:14: error(lean.unknownIdentifier): Unknown constant `DefiKernel.Certificates.decodeExpr_binary_and`
/home/charl/defiformal/review/semantic-kernel/program-execution-20260908/p19-r7-root-verification/Axioms.lean:75:14: error(lean.unknownIdentifier): Unknown constant `DefiKernel.Certificates.decodeExpr_ite`
