interleaving.schedule.balanced: true
interleaving.schedule.block-left: true
interleaving.schedule.block-right: true
interleaving.schedule.empty: true
interleaving.schedule.empty-left: true
interleaving.schedule.empty-right: true
interleaving.schedule.missing-right: true
interleaving.schedule.missing-left: true
interleaving.schedule.excess-left: true
interleaving.schedule.excess-right: true
interleaving.schedule.empty-extra-left: true
interleaving.schedule.empty-extra-right: true
interleaving.schedule.both-wrong-counts: true
interleaving.schedule.disjoint-admitted: true
interleaving.schedule.overlap-admitted: true
interleaving.schedule.overlap-left-funded: true
interleaving.schedule.overlap-right-funded: true
interleaving.schedule.unreachable-left-suffix: true
interleaving.schedule.unreachable-right-suffix: true
interleaving.schedule.precedence-configuration: true
interleaving.schedule.precedence-left: true
interleaving.schedule.precedence-right: true
interleaving.schedule.precedence-counts: true
interleaving.schedule.empty-admitted: true
interleaving.fixture.snapshot.both.own: true
interleaving.fixture.shared.lr: true
interleaving.fixture.shared.rl: true
interleaving.fixture.shared.order: true
interleaving.fixture.shared.attempts: true
interleaving.fixture.replenish.funded: true
interleaving.fixture.replenish.halted: false
interleaving.fixture.replenish.attempts: false
interleaving.fixture.live.complete: true
interleaving.fixture.snapshot.own: true
interleaving.fixture.snapshot.distinct: true
interleaving.fixture.history.peer.only: true
interleaving.fixture.history.funded.literal: true
interleaving.fixture.history.own: true
interleaving.fixture.refusal.immediate: false
interleaving.fixture.refusal.middle: false
interleaving.fixture.refusal.dual: false
interleaving.fixture.refusal.skips: false
interleaving.fixture.empty.both: true
interleaving.fixture.empty.left: true
interleaving.fixture.empty.right: true
interleaving.fixture.supply.complete: true
interleaving.fixture.supply.aggregate: true
interleaving.fixture.collateral.protected: true
interleaving.fixture.boundary.local: true
interleaving.fixture.capability.revoked: false
interleaving.fixture.capability.live: true
interleaving.fixture.capability.unauthorized: false
interleaving.fixture.capability.debit: false
interleaving.fixture.history.unit: true
interleaving.fixture.malformed.suffix: true
interleaving.fixture.malformed.schedule: true
interleaving.fixture.disjoint.llrr.complete: true
interleaving.fixture.disjoint.llrr.parallel: true
interleaving.fixture.disjoint.llrr.refused.complete: false
interleaving.fixture.disjoint.llrr.refused.parallel: false
interleaving.fixture.disjoint.lrlr.complete: true
interleaving.fixture.disjoint.lrlr.parallel: true
interleaving.fixture.disjoint.lrlr.refused.complete: false
interleaving.fixture.disjoint.lrlr.refused.parallel: false
interleaving.fixture.disjoint.lrrl.complete: true
interleaving.fixture.disjoint.lrrl.parallel: true
interleaving.fixture.disjoint.lrrl.refused.complete: true
interleaving.fixture.disjoint.lrrl.refused.parallel: true
interleaving.fixture.disjoint.rllr.complete: true
interleaving.fixture.disjoint.rllr.parallel: true
interleaving.fixture.disjoint.rllr.refused.complete: false
interleaving.fixture.disjoint.rllr.refused.parallel: false
interleaving.fixture.disjoint.rlrl.complete: true
interleaving.fixture.disjoint.rlrl.parallel: true
interleaving.fixture.disjoint.rlrl.refused.complete: true
interleaving.fixture.disjoint.rlrl.refused.parallel: true
interleaving.fixture.disjoint.rrll.complete: true
interleaving.fixture.disjoint.rrll.parallel: true
interleaving.fixture.disjoint.rrll.refused.complete: true
interleaving.fixture.disjoint.rrll.refused.parallel: true
interleaving.observe.equal: true
interleaving.observe.failure: true
interleaving.observe.failure.reason: true
interleaving.observe.failure.index: true
interleaving.observe.failure.step: true
interleaving.observe.failure.equal: true
interleaving.observe.successful.index: true
interleaving.observe.history: true
interleaving.observe.events: true
interleaving.observe.peer: true
interleaving.observe.event.index: true
interleaving.observe.event.step: true
interleaving.observe.event.outputs: true
interleaving.observe.output.unit: true
interleaving.observe.output.value: true
interleaving.observe.output.producer: true
interleaving.observe.output.component: true
interleaving.observe.output.port: true
interleaving.observe.ledger: true
interleaving.observe.store: true
interleaving.observe.omitted.context: true
interleaving.observe.receipt.kind: true
interleaving.observe.receipt.request: true
interleaving.observe.receipt.guard: true
interleaving.observe.receipt.deltas: true
interleaving.observe.receipt.supplies: true
interleaving.observe.receipt.required.state: true
interleaving.observe.receipt.required.env: true
interleaving.observe.receipt.declared.state: true
interleaving.observe.receipt.declared.env: true
interleaving.observe.receipt.writes: true
interleaving.observe.request.operation: true
interleaving.observe.request.parties: true
interleaving.observe.request.arguments: true
interleaving.observe.request.capabilities: true
interleaving.observe.request.actor: true
/tmp/sprint7-frozen-mutations-r1/global-cancellation.lean:4125:0: error: Interleaving runtime comparisons failed: 15
