parallel.observe.empty: true
parallel.observe.refusal-reason: true
parallel.observe.refusal-index: true
parallel.observe.refusal-step: true
parallel.observe.local-index: true
parallel.observe.history: true
parallel.observe.event-index: true
parallel.observe.event-step: true
parallel.observe.event-outputs: true
parallel.observe.output-unit: true
parallel.observe.output-value: true
parallel.observe.raw-world-context: true
parallel.observe.final-ledger: true
parallel.observe.final-store: true
parallel.observe.receipt.kind: true
parallel.observe.receipt.request: true
parallel.observe.receipt.guard: true
parallel.observe.receipt.deltas: true
parallel.observe.receipt.supplies: true
parallel.observe.receipt.required-state: true
parallel.observe.receipt.required-env: true
parallel.observe.receipt.declared-state: true
parallel.observe.receipt.declared-env: true
parallel.observe.receipt.writes: true
parallel.empty: true
parallel.empty.lr: true
parallel.empty.rl: true
parallel.refused.catalog-unchanged: true
parallel.refused.conflict-unchanged: true
parallel.refused.structural-unchanged: true
