'DefiKernel.Parallel.observeBranch_failure' depends on axioms: [propext, Quot.sound]
'DefiKernel.Parallel.observeBranch_outputs' depends on axioms: [propext, Quot.sound]
'DefiKernel.Parallel.mergeWorld_store' depends on axioms: [propext, Quot.sound]
'DefiKernel.Parallel.mergeWorld_nonnegative' depends on axioms: [propext, Quot.sound]
'DefiKernel.Parallel.mergeWorld_outside' depends on axioms: [propext, Quot.sound]
'DefiKernel.Parallel.worldEq_iff' depends on axioms: [propext, Classical.choice, Quot.sound]
'DefiKernel.Parallel.observationsEqual_iff' depends on axioms: [propext, Classical.choice, Quot.sound]
'DefiKernel.Parallel.runParallel_refuses' depends on axioms: [propext, Classical.choice, Quot.sound]
'DefiKernel.Parallel.WorldEquivalent.refl' depends on axioms: [propext, Quot.sound]
'DefiKernel.Parallel.WorldEquivalent.symm' depends on axioms: [propext, Quot.sound]
'DefiKernel.Parallel.WorldEquivalent.trans' depends on axioms: [propext, Quot.sound]
'DefiKernel.Parallel.ObservationallyEquivalent.refl' depends on axioms: [propext, Quot.sound]
'DefiKernel.Parallel.ObservationallyEquivalent.symm' depends on axioms: [propext, Quot.sound]
'DefiKernel.Parallel.ObservationallyEquivalent.trans' depends on axioms: [propext, Quot.sound]
'DefiKernel.Parallel.CursorAgrees.observation' depends on axioms: [propext, Quot.sound]
'DefiKernel.Parallel.continueRun_congr' depends on axioms: [propext, Classical.choice, Quot.sound]
'DefiKernel.Parallel.runBranch_congr' depends on axioms: [propext, Classical.choice, Quot.sound]
'DefiKernel.Parallel.continueRun_frame' depends on axioms: [propext, Classical.choice, Quot.sound]
'DefiKernel.Parallel.runBranch_frame' depends on axioms: [propext, Classical.choice, Quot.sound]
'DefiKernel.Parallel.analyzeBranchFrom_writes_read' depends on axioms: [propext, Quot.sound]
'DefiKernel.Parallel.rerun_after_peer' depends on axioms: [propext, Classical.choice, Quot.sound]
'DefiKernel.Parallel.merge_serialLR' depends on axioms: [propext, Classical.choice, Quot.sound]
'DefiKernel.Parallel.runParallel_serialLR' depends on axioms: [propext, Classical.choice, Quot.sound]
'DefiKernel.Parallel.mergeWorld_swap' depends on axioms: [propext, Quot.sound]
'DefiKernel.Parallel.runParallel_serialRL' depends on axioms: [propext, Classical.choice, Quot.sound]
'DefiKernel.Parallel.singleton_commutation' depends on axioms: [propext, Classical.choice, Quot.sound]
'DefiKernel.Parallel.runBranch_empty' depends on axioms: [propext, Classical.choice, Quot.sound]
'DefiKernel.Parallel.runParallel_empty_right' depends on axioms: [propext, Classical.choice, Quot.sound]
'DefiKernel.Parallel.runParallel_empty_left' depends on axioms: [propext, Classical.choice, Quot.sound]
'DefiKernel.Parallel.serial_orders_equivalent' depends on axioms: [propext, Classical.choice, Quot.sound]
