parallel.compat.catalog-positive: true
parallel.compat.invocation-exact-left: false
parallel.compat.invocation-exact-right: false
parallel.compat.funded-left-complete: true
parallel.compat.funded-right-complete: true
parallel.compat.independent: false
parallel.compat.empty: true
parallel.compat.left-empty: false
parallel.compat.common-read: true
parallel.compat.write-write-witness: true
parallel.compat.forward-read: true
parallel.compat.reverse-read: true
parallel.compat.hidden-inactive-guard: true
parallel.compat.hidden-inactive-guard-funded: true
parallel.compat.hidden-delta: true
parallel.compat.hidden-delta-funded: true
parallel.compat.hidden-supply: true
parallel.compat.hidden-supply-funded: true
parallel.compat.output-dependency: true
parallel.compat.output-exact: false
parallel.compat.zero-target: false
parallel.compat.zero-target-funded: true
parallel.compat.zero-target-exact: false
parallel.compat.unreachable-suffix: true
parallel.compat.numeric-input-not-evaluated: false
parallel.compat.prior-output-not-evaluated: false
parallel.compat.capability-not-evaluated: false
parallel.compat.catalog-first: true
parallel.compat.left-before-right: true
parallel.compat.local-order: true
parallel.compat.structural-before-conflict: true
parallel.compat.malformed-reference: true
parallel.compat.access-check: true
parallel.compat.forward-funded: true
parallel.compat.reverse-funded: true
parallel.compat.output-funded: true
parallel.compat.guard-read-exact: false
parallel.compat.delta-read-exact: false
parallel.compat.supply-read-exact: false
parallel.compat.forward-before-reverse: true
parallel.compat.common-read-no-writes: true
parallel.compat.first-list-witness: true
parallel.observe.empty: true
parallel.observe.refusal-reason: true
parallel.observe.refusal-index: true
parallel.observe.refusal-step: true
parallel.observe.local-index: true
parallel.observe.history: true
parallel.observe.event-index: true
parallel.observe.event-step: true
parallel.observe.event-outputs: true
parallel.observe.output-unit: true
parallel.observe.output-value: true
parallel.observe.raw-world-context: true
parallel.observe.final-ledger: true
parallel.observe.final-store: true
parallel.observe.receipt.kind: true
parallel.observe.receipt.request: true
parallel.observe.receipt.guard: true
parallel.observe.receipt.deltas: true
parallel.observe.receipt.supplies: true
parallel.observe.receipt.required-state: true
parallel.observe.receipt.required-env: true
parallel.observe.receipt.declared-state: true
parallel.observe.receipt.declared-env: true
parallel.observe.receipt.writes: true
parallel.empty: true
parallel.empty.lr: true
parallel.empty.rl: true
parallel.refused.catalog-unchanged: true
parallel.refused.conflict-unchanged: true
parallel.refused.structural-unchanged: true
parallel.fixture.catalog: true
parallel.fixture.basic.complete: true
parallel.fixture.same-asset.complete: true
parallel.fixture.refusal.peer-runs: true
parallel.fixture.refusal.prefix-kept: true
parallel.fixture.refusal.dual: true
parallel.fixture.refusal.guard: true
parallel.fixture.refusal.input-unit: true
parallel.fixture.refusal.missing-capability: true
parallel.fixture.empty.right: true
parallel.fixture.empty.left: true
parallel.fixture.empty.both: true
parallel.fixture.routing.peer-only: true
parallel.fixture.routing.funded-literal: true
parallel.fixture.routing.own-history: true
parallel.fixture.routing.both-own-history: true
parallel.fixture.routing.shared-qualified-key: true
parallel.fixture.boundary.local-identity: true
parallel.fixture.capability.revoked: true
parallel.fixture.capability.actual-revoke: true
parallel.fixture.capability.reusable-shared-grant: true
parallel.fixture.supply.complete: true
parallel.fixture.supply.both-receipts: true
parallel.fixture.supply.prefix-refusal: true
parallel.fixture.stateful.prefix: true
parallel.fixture.stateful.supply: true
parallel.fixture.cancelling.admission: false
parallel.fixture.cancelling.funded: true
parallel.fixture.refusal.world-preserved: true
parallel.fixture.refusal.suffix-world-preserved: true
parallel.fixture.raw-context-differs: true
parallel.fixture.basic.lr.complete: true
parallel.fixture.basic.rl.complete: true
parallel.fixture.prefix.lr.complete: true
parallel.fixture.prefix.rl.complete: true
parallel.fixture.routing.lr.complete: true
parallel.fixture.routing.rl.complete: true
parallel.fixture.boundary.lr.complete: true
parallel.fixture.boundary.rl.complete: true
parallel.fixture.supply.lr.complete: true
parallel.fixture.supply.rl.complete: true
parallel.fixture.stateful.lr.complete: true
parallel.fixture.stateful.rl.complete: true
parallel.fixture.revoked.lr.complete: true
parallel.fixture.revoked.rl.complete: true
parallel.fixture.same-asset.lr.complete: true
parallel.fixture.same-asset.rl.complete: true
parallel.fixture.peer-runs.lr.complete: true
parallel.fixture.peer-runs.rl.complete: true
parallel.fixture.dual.lr.complete: true
parallel.fixture.dual.rl.complete: true
parallel.fixture.both-own-history.lr.complete: true
parallel.fixture.both-own-history.rl.complete: true
parallel.fixture.stateful-supply.lr.complete: true
parallel.fixture.stateful-supply.rl.complete: true
parallel.fixture.shared-qualified-key.lr.complete: true
parallel.fixture.shared-qualified-key.rl.complete: true
parallel.fixture.supply-prefix.lr.complete: true
parallel.fixture.supply-prefix.rl.complete: true
/tmp/defiformal-sprint7-regressions-tcn31xv2/parallel-mutations/omit-zero-delta-target.lean:3693:0: error: Parallel runtime comparisons failed: 14
