'DefiKernel.Certificates.hexVal_hexDigit' depends on axioms: [propext, Quot.sound]
'DefiKernel.Certificates.bool_cond_of_lt32' depends on axioms: [propext, Quot.sound]
'DefiKernel.Certificates.lexString_quote' depends on axioms: [propext]
'DefiKernel.Certificates.lexString_slash' depends on axioms: [propext]
'DefiKernel.Certificates.lexString_u00' depends on axioms: [propext, Quot.sound]
'DefiKernel.Certificates.lexString_normal' depends on axioms: [propext]
'DefiKernel.Certificates.lexString_char' depends on axioms: [propext, Quot.sound]
'DefiKernel.Certificates.lexString_escapeChars' depends on axioms: [propext, Quot.sound]
'DefiKernel.Certificates.lexString_escapeJsonString' depends on axioms: [propext, Classical.choice, Quot.sound]
'DefiKernel.Certificates.string_fromUTF8?_toUTF8' depends on axioms: [propext, Classical.choice, Quot.sound]
'DefiKernel.Certificates.tokenizeFuel_string' depends on axioms: [propext, Classical.choice, Quot.sound]
'DefiKernel.Certificates.parseTokens_str' depends on axioms: [propext, Classical.choice, Quot.sound]
'DefiKernel.Certificates.parseTokens_num' depends on axioms: [propext, Classical.choice, Quot.sound]
'DefiKernel.Certificates.parseTokens_bool' depends on axioms: [propext, Classical.choice, Quot.sound]
'DefiKernel.Certificates.parseTokens_null' depends on axioms: [propext, Classical.choice, Quot.sound]
'DefiKernel.Certificates.parseTokens_empty_arr' depends on axioms: [propext, Classical.choice, Quot.sound]
'DefiKernel.Certificates.parseTokens_empty_obj' depends on axioms: [propext, Classical.choice, Quot.sound]
'DefiKernel.Certificates.parseCanonicalJson_true' depends on axioms: [propext, Classical.choice, Quot.sound]
'DefiKernel.Certificates.parseCanonicalJson_false' depends on axioms: [propext, Classical.choice, Quot.sound]
'DefiKernel.Certificates.parseCanonicalJson_null' depends on axioms: [propext, Classical.choice, Quot.sound]
'DefiKernel.Certificates.parseCanonicalJson_empty_arr' depends on axioms: [propext, Classical.choice, Quot.sound]
'DefiKernel.Certificates.parseCanonicalJson_empty_obj' depends on axioms: [propext, Classical.choice, Quot.sound]
'DefiKernel.Certificates.tokenizeFuel_empty' depends on axioms: [propext]
'DefiKernel.Certificates.parseStep_null' depends on axioms: [propext, Classical.choice, Quot.sound]
'DefiKernel.Certificates.parseStep_bool' depends on axioms: [propext, Classical.choice, Quot.sound]
'DefiKernel.Certificates.parseStep_num' depends on axioms: [propext, Classical.choice, Quot.sound]
'DefiKernel.Certificates.parseStep_str_empty' depends on axioms: [propext, Classical.choice, Quot.sound]
'DefiKernel.Certificates.parseStep_str_expectVal' depends on axioms: [propext, Classical.choice, Quot.sound]
'DefiKernel.Certificates.parseStep_str_arr_empty' depends on axioms: [propext, Classical.choice, Quot.sound]
'DefiKernel.Certificates.parseStep_str_arr_val' depends on axioms: [propext, Classical.choice, Quot.sound]
'DefiKernel.Certificates.feedValue_obj_expectVal' depends on axioms: [propext, Classical.choice, Quot.sound]
'DefiKernel.Certificates.feedValue_arr_expectVal' depends on axioms: [propext, Classical.choice, Quot.sound]
'DefiKernel.Certificates.feedValue_arr_emptyOrVal' depends on axioms: [propext, Classical.choice, Quot.sound]
'DefiKernel.Certificates.parseStep_lbrace_empty' depends on axioms: [propext, Classical.choice, Quot.sound]
'DefiKernel.Certificates.parseStep_lbracket_empty' depends on axioms: [propext, Classical.choice, Quot.sound]
'DefiKernel.Certificates.parseStep_lbrace_expectVal' depends on axioms: [propext, Classical.choice, Quot.sound]
'DefiKernel.Certificates.parseStep_str_emptyOrKey' depends on axioms: [propext, Classical.choice, Quot.sound]
'DefiKernel.Certificates.parseStep_str_expectKey' depends on axioms: [propext, Classical.choice, Quot.sound]
'DefiKernel.Certificates.parseStep_colon' depends on axioms: [propext, Classical.choice, Quot.sound]
'DefiKernel.Certificates.parseStep_comma_obj' depends on axioms: [propext, Classical.choice, Quot.sound]
'DefiKernel.Certificates.parseStep_comma_arr' depends on axioms: [propext, Classical.choice, Quot.sound]
'DefiKernel.Certificates.parse_arr_feed_elem' depends on axioms: [propext, Classical.choice, Quot.sound]
'DefiKernel.Certificates.parse_obj_field_step' depends on axioms: [propext, Classical.choice, Quot.sound]
'DefiKernel.Certificates.parse_obj_field_comma' depends on axioms: [propext, Classical.choice, Quot.sound]
'DefiKernel.Certificates.parse_obj_rbrace' depends on axioms: [propext, Classical.choice, Quot.sound]
'DefiKernel.Certificates.parse_arr_rbracket' depends on axioms: [propext, Classical.choice, Quot.sound]
'DefiKernel.Certificates.parseTokens_of_foldlM' depends on axioms: [propext, Classical.choice, Quot.sound]
'DefiKernel.Certificates.parseCanonicalJson_of_tokenize_parseTokens' depends on axioms: [propext,
 Classical.choice,
 Quot.sound]
'DefiKernel.Certificates.tokenizeFuel_lbrace' depends on axioms: [propext]
'DefiKernel.Certificates.tokenizeFuel_rbrace' depends on axioms: [propext]
'DefiKernel.Certificates.tokenizeFuel_colon' depends on axioms: [propext]
'DefiKernel.Certificates.tokenizeFuel_comma' depends on axioms: [propext]
'DefiKernel.Certificates.tokenizeFuel_lbracket' depends on axioms: [propext]
'DefiKernel.Certificates.tokenizeFuel_rbracket' depends on axioms: [propext]
'DefiKernel.Certificates.lexDigits_step_eq' does not depend on any axioms
'DefiKernel.Certificates.lexDigits_of_all_digits' depends on axioms: [propext]
'DefiKernel.Certificates.lexDigits_head_tl' depends on axioms: [propext, Classical.choice, Quot.sound]
'DefiKernel.Certificates.toDigits_nonempty' depends on axioms: [propext]
'DefiKernel.Certificates.tokenizeFuel_digit_step' depends on axioms: [propext]
'DefiKernel.Certificates.tokenizeFuel_nat' depends on axioms: [propext, Classical.choice, Quot.sound]
'DefiKernel.Certificates.tokenizeFuel_int' depends on axioms: [propext, Classical.choice, Quot.sound]
'DefiKernel.Certificates.parseTokens_rat' depends on axioms: [propext, Classical.choice, Quot.sound]
'DefiKernel.Certificates.parse_obj_first_field_step' depends on axioms: [propext, Classical.choice, Quot.sound]
'DefiKernel.Certificates.parse_obj_first_field_comma' depends on axioms: [propext, Classical.choice, Quot.sound]
'DefiKernel.Certificates.parse_field_str_val' depends on axioms: [propext, Classical.choice, Quot.sound]
'DefiKernel.Certificates.parse_field_num_val' depends on axioms: [propext, Classical.choice, Quot.sound]
'DefiKernel.Certificates.parse_field_bool_val' depends on axioms: [propext, Classical.choice, Quot.sound]
'DefiKernel.Certificates.parse_field_null_val' depends on axioms: [propext, Classical.choice, Quot.sound]
'DefiKernel.Certificates.parseStep_foldlM_tokens_null' depends on axioms: [propext, Classical.choice, Quot.sound]
'DefiKernel.Certificates.parseStep_foldlM_tokens_bool' depends on axioms: [propext, Classical.choice, Quot.sound]
'DefiKernel.Certificates.parseStep_foldlM_tokens_num' depends on axioms: [propext, Classical.choice, Quot.sound]
'DefiKernel.Certificates.parseTokensList_nil' depends on axioms: [propext, Classical.choice, Quot.sound]
'DefiKernel.Certificates.parseTokensObj_nil' depends on axioms: [propext, Classical.choice, Quot.sound]
'DefiKernel.Certificates.parseTokens_empty_tree_obj' depends on axioms: [propext, Classical.choice, Quot.sound]
'DefiKernel.Certificates.parseTokens_empty_tree_arr' depends on axioms: [propext, Classical.choice, Quot.sound]
'DefiKernel.Certificates.parseTokens_tree_null' depends on axioms: [propext, Classical.choice, Quot.sound]
'DefiKernel.Certificates.parseTokens_tree_bool' depends on axioms: [propext, Classical.choice, Quot.sound]
'DefiKernel.Certificates.parseTokens_tree_num' depends on axioms: [propext, Classical.choice, Quot.sound]
'DefiKernel.Certificates.parseTokens_tree_str' depends on axioms: [propext, Classical.choice, Quot.sound]
'DefiKernel.Certificates.parseTokens_tree_empty_arr' depends on axioms: [propext, Classical.choice, Quot.sound]
'DefiKernel.Certificates.parseTokens_tree_empty_obj' depends on axioms: [propext, Classical.choice, Quot.sound]
'DefiKernel.Certificates.TreeJson.size_pos' depends on axioms: [propext, Quot.sound]
'DefiKernel.Certificates.TreeJson.mem_sizeList' depends on axioms: [propext, Quot.sound]
'DefiKernel.Certificates.TreeJson.mem_sizeObj' depends on axioms: [propext, Quot.sound]
'DefiKernel.Certificates.TreeJson.valid_of_mem_validList' does not depend on any axioms
'DefiKernel.Certificates.TreeJson.valid_of_mem_validObj' does not depend on any axioms
'DefiKernel.Certificates.parseStep_str_of_isValueContext' depends on axioms: [propext, Classical.choice, Quot.sound]
'DefiKernel.Certificates.parseStep_lbrace_of_isValueContext' depends on axioms: [propext, Classical.choice, Quot.sound]
'DefiKernel.Certificates.parseStep_lbracket_of_isValueContext' depends on axioms: [propext,
 Classical.choice,
 Quot.sound]
'DefiKernel.Certificates.feedValue_arr_emptyOrVal_ok' depends on axioms: [propext, Classical.choice, Quot.sound]
'DefiKernel.Certificates.feedValue_arr_expectVal_ok' depends on axioms: [propext, Classical.choice, Quot.sound]
'DefiKernel.Certificates.feedValue_obj_expectVal_ok' depends on axioms: [propext, Classical.choice, Quot.sound]
'DefiKernel.Certificates.parse_arr_tokensList_cons_nil' depends on axioms: [propext, Classical.choice, Quot.sound]
'DefiKernel.Certificates.parse_arr_tokensList_cons_cons' depends on axioms: [propext, Classical.choice, Quot.sound]
'DefiKernel.Certificates.array_push_eq_append_singleton' depends on axioms: [propext, Classical.choice, Quot.sound]
'DefiKernel.Certificates.array_append_assoc' depends on axioms: [propext, Classical.choice, Quot.sound]
'DefiKernel.Certificates.toArray_cons' depends on axioms: [propext, Classical.choice, Quot.sound]
'DefiKernel.Certificates.parse_arr_tokensList' depends on axioms: [propext, Classical.choice, Quot.sound]
'DefiKernel.Certificates.parse_tokens_arr' depends on axioms: [propext, Classical.choice, Quot.sound]
'DefiKernel.Certificates.parse_obj_tokens_field' depends on axioms: [propext, Classical.choice, Quot.sound]
'DefiKernel.Certificates.parse_obj_tokensObj_cons_nil' depends on axioms: [propext, Classical.choice, Quot.sound]
'DefiKernel.Certificates.parse_obj_tokensObj_cons_cons' depends on axioms: [propext, Classical.choice, Quot.sound]
'DefiKernel.Certificates.parse_obj_tokensObj' depends on axioms: [propext, Classical.choice, Quot.sound]
'DefiKernel.Certificates.parse_tokens_obj' depends on axioms: [propext, Classical.choice, Quot.sound]
'DefiKernel.Certificates.parse_tokens_tree' depends on axioms: [propext, Classical.choice, Quot.sound]
'DefiKernel.Certificates.parseTokens_tree_valid' depends on axioms: [propext, Classical.choice, Quot.sound]
'DefiKernel.Certificates.nonDigitHead_nil' does not depend on any axioms
'DefiKernel.Certificates.nonDigitHead_comma' does not depend on any axioms
'DefiKernel.Certificates.nonDigitHead_colon' does not depend on any axioms
'DefiKernel.Certificates.nonDigitHead_rbracket' does not depend on any axioms
'DefiKernel.Certificates.nonDigitHead_rbrace' does not depend on any axioms
'DefiKernel.Certificates.escapeTreeString_eq' depends on axioms: [propext, Classical.choice, Quot.sound]
'DefiKernel.Certificates.tokenizeFuel_escapeTreeString' depends on axioms: [propext, Classical.choice, Quot.sound]
'DefiKernel.Certificates.toList_comma' depends on axioms: [propext, Classical.choice, Quot.sound]
'DefiKernel.Certificates.toList_colon' depends on axioms: [propext, Classical.choice, Quot.sound]
'DefiKernel.Certificates.toList_lbracket' depends on axioms: [propext, Classical.choice, Quot.sound]
'DefiKernel.Certificates.toList_rbracket' depends on axioms: [propext, Classical.choice, Quot.sound]
'DefiKernel.Certificates.toList_lbrace' depends on axioms: [propext, Classical.choice, Quot.sound]
'DefiKernel.Certificates.toList_rbrace' depends on axioms: [propext, Classical.choice, Quot.sound]
'DefiKernel.Certificates.encode_arr_toList' depends on axioms: [propext, Classical.choice, Quot.sound]
'DefiKernel.Certificates.encode_obj_toList' depends on axioms: [propext, Classical.choice, Quot.sound]
'DefiKernel.Certificates.encodeList_cons_cons_toList' depends on axioms: [propext, Classical.choice, Quot.sound]
'DefiKernel.Certificates.encodeObj_singleton_toList' depends on axioms: [propext, Classical.choice, Quot.sound]
'DefiKernel.Certificates.encodeObj_cons_cons_toList' depends on axioms: [propext, Classical.choice, Quot.sound]
'DefiKernel.Certificates.toDigits_nonempty_length' depends on axioms: [propext, Quot.sound]
'DefiKernel.Certificates.toString_nat_length_ge_one' depends on axioms: [propext, Classical.choice, Quot.sound]
'DefiKernel.Certificates.toString_int_length_ge_one' depends on axioms: [propext, Classical.choice, Quot.sound]
'DefiKernel.Certificates.escapeTreeString_length_ge_two' depends on axioms: [propext, Classical.choice, Quot.sound]
'DefiKernel.Certificates.tokensList_length_le_encodeList_length' depends on axioms: [propext,
 Classical.choice,
 Quot.sound]
'DefiKernel.Certificates.tokensObj_length_le_encodeObj_length' depends on axioms: [propext,
 Classical.choice,
 Quot.sound]
'DefiKernel.Certificates.tokens_length_le_encode_length' depends on axioms: [propext, Classical.choice, Quot.sound]
'DefiKernel.Certificates.tokenizeFuel_encodeList' depends on axioms: [propext, Classical.choice, Quot.sound]
'DefiKernel.Certificates.tokenizeFuel_encodeObj' depends on axioms: [propext, Classical.choice, Quot.sound]
'DefiKernel.Certificates.tokenizeFuel_tree' depends on axioms: [propext, Classical.choice, Quot.sound]
'DefiKernel.Certificates.tokenize_tree' depends on axioms: [propext, Classical.choice, Quot.sound]
'DefiKernel.Certificates.parseCanonicalJson_tree' depends on axioms: [propext, Classical.choice, Quot.sound]
'DefiKernel.Certificates.jsonDepth_scalar' depends on axioms: [propext, Classical.choice, Quot.sound]
'DefiKernel.Certificates.jsonDepthFuel_zero_of_scalar' depends on axioms: [propext, Classical.choice, Quot.sound]
'DefiKernel.Certificates.foldl_max_ge' depends on axioms: [propext]
'DefiKernel.Certificates.mem_le_foldl_max' depends on axioms: [propext]
'DefiKernel.Certificates.foldl_max_congr' does not depend on any axioms
'DefiKernel.Certificates.jsonDepthFuel_stable' depends on axioms: [propext, Classical.choice, Quot.sound]
'DefiKernel.Certificates.jsonMaxArrayLengthFuel_stable' depends on axioms: [propext, Classical.choice, Quot.sound]
'DefiKernel.Certificates.jsonDepth_bound_lt_fuel' depends on axioms: [propext, Classical.choice, Quot.sound]
'DefiKernel.Certificates.jsonDepthFuel_adequate_of_le64' depends on axioms: [propext, Classical.choice, Quot.sound]
'DefiKernel.Certificates.jsonMaxArrayLengthFuel_adequate' depends on axioms: [propext, Classical.choice, Quot.sound]
'DefiKernel.Certificates.jsonDepth_stable_of_le64' depends on axioms: [propext, Classical.choice, Quot.sound]
'DefiKernel.Certificates.jsonMaxArrayLength_stable_of_le64' depends on axioms: [propext, Classical.choice, Quot.sound]
'DefiKernel.Certificates.parser_max_depth_bound' depends on axioms: [propext, Classical.choice, Quot.sound]
'DefiKernel.Certificates.parser_max_array_bound' depends on axioms: [propext, Classical.choice, Quot.sound]
'DefiKernel.Certificates.tokenize_escapeJsonString' depends on axioms: [propext, Classical.choice, Quot.sound]
'DefiKernel.Certificates.parseCanonicalJson_escapeJsonString' depends on axioms: [propext, Classical.choice, Quot.sound]
'DefiKernel.Certificates.structurallyAdmissible_nonempty' depends on axioms: [propext, Classical.choice, Quot.sound]
'DefiKernel.Certificates.escapedKeyCollision_admissible' depends on axioms: [propext, Classical.choice, Quot.sound]
'DefiKernel.Certificates.decodeBytes_encode_canonical' depends on axioms: [propext, Classical.choice, Quot.sound]
'DefiKernel.Certificates.decode_encode_roundtrip_of_decode' depends on axioms: [propext, Classical.choice, Quot.sound]
'DefiKernel.Certificates.decode_encode_canonical_bytes' depends on axioms: [propext, Classical.choice, Quot.sound]
'DefiKernel.Certificates.decode_error_no_kernel' depends on axioms: [propext, Classical.choice, Quot.sound]
'DefiKernel.Certificates.decode_error_resource_limit' depends on axioms: [propext, Classical.choice, Quot.sound]
'DefiKernel.Certificates.checkBytes_no_kernel_on_error' depends on axioms: [propext, Classical.choice, Quot.sound]
'DefiKernel.Certificates.checkBytes_ok' depends on axioms: [propext, Classical.choice, Quot.sound]
'DefiKernel.Certificates.checkBytes_typed_correspondence' depends on axioms: [propext, Classical.choice, Quot.sound]
'DefiKernel.Certificates.checkBytes_step_correspondence' depends on axioms: [propext, Classical.choice, Quot.sound]
'DefiKernel.Certificates.checkBytes_run_correspondence' depends on axioms: [propext, Classical.choice, Quot.sound]
'DefiKernel.Certificates.rational_decode_canonical' does not depend on any axioms
'DefiKernel.Certificates.rat_fromRat_num_den' does not depend on any axioms
'DefiKernel.Certificates.rational_roundtrip' does not depend on any axioms
'DefiKernel.Certificates.decodeParty_encodeParty' depends on axioms: [propext, Classical.choice, Quot.sound]
'DefiKernel.Certificates.decodeAsset_encodeAsset' depends on axioms: [propext, Classical.choice, Quot.sound]
'DefiKernel.Certificates.decodeDomain_encodeDomain' depends on axioms: [propext, Classical.choice, Quot.sound]
'DefiKernel.Certificates.decodeRight_invoke' depends on axioms: [propext, Classical.choice, Quot.sound]
'DefiKernel.Certificates.decodePartyRef_caller' depends on axioms: [propext, Classical.choice, Quot.sound]
'DefiKernel.Certificates.decodePartyRef_literal' depends on axioms: [propext, Classical.choice, Quot.sound]
'DefiKernel.Certificates.decodeNumericUnit_scalar' depends on axioms: [propext, Classical.choice, Quot.sound]
'DefiKernel.Certificates.decodeNumericUnit_amount' depends on axioms: [propext, Classical.choice, Quot.sound]
'DefiKernel.Certificates.decodeUnit_bool' depends on axioms: [propext, Classical.choice, Quot.sound]
'DefiKernel.Certificates.decodeUnit_scalar' depends on axioms: [propext, Classical.choice, Quot.sound]
'DefiKernel.Certificates.decodeUnit_amount' depends on axioms: [propext, Classical.choice, Quot.sound]
'DefiKernel.Certificates.decodeRegistry_empty' depends on axioms: [propext, Classical.choice, Quot.sound]
'DefiKernel.Certificates.decodeStore_empty' depends on axioms: [propext, Classical.choice, Quot.sound]
'DefiKernel.Certificates.decodeRight_debit' depends on axioms: [propext, Classical.choice, Quot.sound]
'DefiKernel.Certificates.decodeRight_changeSupply' depends on axioms: [propext, Classical.choice, Quot.sound]
'DefiKernel.Certificates.decodePartyRef_argument' depends on axioms: [propext, Classical.choice, Quot.sound]
'DefiKernel.Certificates.decodeNumericUnit_price' depends on axioms: [propext, Classical.choice, Quot.sound]
'DefiKernel.Certificates.decodePackedValue_bool' depends on axioms: [propext, Classical.choice, Quot.sound]
'DefiKernel.Certificates.decodePackedValue_canonical_bool' depends on axioms: [propext, Classical.choice, Quot.sound]
'DefiKernel.Certificates.decodeObservationKey_roundtrip' depends on axioms: [propext, Classical.choice, Quot.sound]
'DefiKernel.Certificates.decodeEnvRead_currentTime' depends on axioms: [propext, Classical.choice, Quot.sound]
'DefiKernel.Certificates.decodeUnaryOp_not' depends on axioms: [propext, Classical.choice, Quot.sound]
'DefiKernel.Certificates.decodeUnaryOp_neg' depends on axioms: [propext, Classical.choice, Quot.sound]
'DefiKernel.Certificates.decodeBinaryOp_and' depends on axioms: [propext, Classical.choice, Quot.sound]
'DefiKernel.Certificates.decodeBinaryOp_or' depends on axioms: [propext, Classical.choice, Quot.sound]
'DefiKernel.Certificates.decodeCellRef_roundtrip' depends on axioms: [propext, Classical.choice, Quot.sound]
'DefiKernel.Certificates.decodeCell_roundtrip' depends on axioms: [propext, Classical.choice, Quot.sound]
'DefiKernel.Certificates.decodeContext_roundtrip' depends on axioms: [propext, Classical.choice, Quot.sound]
'DefiKernel.Certificates.decodeDomainAdmin_roundtrip' depends on axioms: [propext, Classical.choice, Quot.sound]
'DefiKernel.Certificates.decodeQualifiedPort_roundtrip' depends on axioms: [propext, Classical.choice, Quot.sound]
'DefiKernel.Certificates.decodeStep_revoke' depends on axioms: [propext, Classical.choice, Quot.sound]
'DefiKernel.Certificates.decodeExprFuel_now' depends on axioms: [propext, Classical.choice, Quot.sound]
'DefiKernel.Certificates.decodeExprFuel_arg_bool' depends on axioms: [propext, Classical.choice, Quot.sound]
'DefiKernel.Certificates.decodeExprFuel_lit_bool' depends on axioms: [propext, Classical.choice, Quot.sound]
'DefiKernel.Certificates.decodeExpr_now' depends on axioms: [propext, Classical.choice, Quot.sound]
'DefiKernel.Certificates.decodeExpr_lit_bool' depends on axioms: [propext, Classical.choice, Quot.sound]
'DefiKernel.Certificates.decodeObservationRef_roundtrip' depends on axioms: [propext, Classical.choice, Quot.sound]
'DefiKernel.Certificates.decodeRat_zero' depends on axioms: [propext, Classical.choice, Quot.sound]
'DefiKernel.Certificates.decodePackedValue_scalar_zero' depends on axioms: [propext, Classical.choice, Quot.sound]
'DefiKernel.Certificates.decodePackedValue_amount_zero' depends on axioms: [propext, Classical.choice, Quot.sound]
'DefiKernel.Certificates.decodeBinaryOp_add' depends on axioms: [propext, Classical.choice, Quot.sound]
'DefiKernel.Certificates.decodeBinaryOp_convert' depends on axioms: [propext, Classical.choice, Quot.sound]
'DefiKernel.Certificates.decodeBinaryOp_eq' depends on axioms: [propext, Classical.choice, Quot.sound]
'DefiKernel.Certificates.decodeStep_issue' depends on axioms: [propext, Classical.choice, Quot.sound]
'DefiKernel.Certificates.decodePackedCellRef_roundtrip' depends on axioms: [propext, Classical.choice, Quot.sound]
'DefiKernel.Certificates.decodeEnvRead_observation' depends on axioms: [propext, Classical.choice, Quot.sound]
'DefiKernel.Certificates.decodeSourcePin_roundtrip' depends on axioms: [propext, Classical.choice, Quot.sound]
'DefiKernel.Certificates.decodeGrant_roundtrip' depends on axioms: [propext, Classical.choice, Quot.sound]
'DefiKernel.Certificates.decodeTypesEnum_roundtrip' depends on axioms: [propext, Classical.choice, Quot.sound]
'DefiKernel.Certificates.decodeCapability_invoke' depends on axioms: [propext, Classical.choice, Quot.sound]
'DefiKernel.Certificates.decodeExprFuel_balance' depends on axioms: [propext, Classical.choice, Quot.sound]
'DefiKernel.Certificates.decodeExprFuel_timestamp' depends on axioms: [propext, Classical.choice, Quot.sound]
'DefiKernel.Certificates.decodeExprFuel_unary_not' depends on axioms: [propext, Classical.choice, Quot.sound]
'DefiKernel.Certificates.decodeExprFuel_binary_and' depends on axioms: [propext, Classical.choice, Quot.sound]
'DefiKernel.Certificates.decodeExprFuel_ite' depends on axioms: [propext, Classical.choice, Quot.sound]
'DefiKernel.Certificates.decodeExpr_balance' depends on axioms: [propext, Classical.choice, Quot.sound]
'DefiKernel.Certificates.decodeExpr_timestamp' depends on axioms: [propext, Classical.choice, Quot.sound]
'DefiKernel.Certificates.decodeExpr_unary_not' depends on axioms: [propext, Classical.choice, Quot.sound]
'DefiKernel.Certificates.decodeExpr_binary_and' depends on axioms: [propext, Classical.choice, Quot.sound]
'DefiKernel.Certificates.decodeExpr_ite' depends on axioms: [propext, Classical.choice, Quot.sound]
'DefiKernel.Certificates.string_roundtrip' depends on axioms: [propext, Classical.choice, Quot.sound]
'DefiKernel.Certificates.serialized_byte_bound_exceeded_not_supported' depends on axioms: [propext,
 Classical.choice,
 Quot.sound]
'DefiKernel.Certificates.decodeRat_mkObj' depends on axioms: [propext, Classical.choice, Quot.sound]
'DefiKernel.Certificates.decodePackedValue_scalar_val' depends on axioms: [propext, Classical.choice, Quot.sound]
'DefiKernel.Certificates.decodePackedValue_amount_val' depends on axioms: [propext, Classical.choice, Quot.sound]
'DefiKernel.Certificates.decodeParty_partyToJson' depends on axioms: [propext, Classical.choice, Quot.sound]
'DefiKernel.Certificates.decodeAsset_assetToJson' depends on axioms: [propext, Classical.choice, Quot.sound]
'DefiKernel.Certificates.decodeDomain_domainToJson' depends on axioms: [propext, Classical.choice, Quot.sound]
'DefiKernel.Certificates.decodeCell_cellToJson' depends on axioms: [propext, Classical.choice, Quot.sound]
'DefiKernel.Certificates.decodeRight_rightToJson' depends on axioms: [propext, Classical.choice, Quot.sound]
'DefiKernel.Certificates.decodeGrant_grantToJson' depends on axioms: [propext, Classical.choice, Quot.sound]
'DefiKernel.Certificates.decodePartyRef_partyRefToJson' depends on axioms: [propext, Classical.choice, Quot.sound]
'DefiKernel.Certificates.decodeCellRef_cellRefToJson' depends on axioms: [propext, Classical.choice, Quot.sound]
'DefiKernel.Certificates.decodePackedCellRef_packedCellRefToJson' depends on axioms: [propext,
 Classical.choice,
 Quot.sound]
'DefiKernel.Certificates.decodeObservationKey_observationKeyToJson' depends on axioms: [propext,
 Classical.choice,
 Quot.sound]
'DefiKernel.Certificates.decodeNumericUnit_numericUnitToJson' depends on axioms: [propext, Classical.choice, Quot.sound]
'DefiKernel.Certificates.decodeUnit_unitToJson' depends on axioms: [propext, Classical.choice, Quot.sound]
'DefiKernel.Certificates.decodeObservationRef_observationRefToJson' depends on axioms: [propext,
 Classical.choice,
 Quot.sound]
'DefiKernel.Certificates.decodeUnaryOp_unaryOpToJson' depends on axioms: [propext, Classical.choice, Quot.sound]
'DefiKernel.Certificates.decodeBinaryOp_binaryOpToJson' depends on axioms: [propext, Classical.choice, Quot.sound]
'DefiKernel.Certificates.decodeStateCell_canonical' depends on axioms: [propext, Classical.choice, Quot.sound]
'DefiKernel.Certificates.exprToJson_decode_now' depends on axioms: [propext, Classical.choice, Quot.sound]
'DefiKernel.Certificates.exprToJson_decode_timestamp' depends on axioms: [propext, Classical.choice, Quot.sound]
'DefiKernel.Certificates.exprToJson_decode_observe' depends on axioms: [propext, Classical.choice, Quot.sound]
'DefiKernel.Certificates.exprToJson_decode_balance' depends on axioms: [propext, Classical.choice, Quot.sound]
'DefiKernel.Certificates.exprToJson_decode_arg' depends on axioms: [propext, Classical.choice, Quot.sound]
'DefiKernel.Certificates.exprToJson_decode_unary_step' depends on axioms: [propext, Classical.choice, Quot.sound]
'DefiKernel.Certificates.exprToJson_decode_binary_step' depends on axioms: [propext, Classical.choice, Quot.sound]
'DefiKernel.Certificates.exprToJson_decode_ite_step' depends on axioms: [propext, Classical.choice, Quot.sound]
'DefiKernel.Certificates.rat_toRat_fromRat' depends on axioms: [propext, Classical.choice, Quot.sound]
'DefiKernel.Certificates.decodeRat_ratToJson' depends on axioms: [propext, Classical.choice, Quot.sound]
'DefiKernel.Certificates.decodeRat_fromRat' depends on axioms: [propext, Classical.choice, Quot.sound]
'DefiKernel.Certificates.decodeExprFuel_lit_canonical' depends on axioms: [propext, Classical.choice, Quot.sound]
'DefiKernel.Certificates.exprDepth_pos' depends on axioms: [propext, Classical.choice, Quot.sound]
'DefiKernel.Certificates.decodeExprFuel_exprToJson' depends on axioms: [propext, Classical.choice, Quot.sound]
'DefiKernel.Certificates.decodeExpr_exprToJson' depends on axioms: [propext, Classical.choice, Quot.sound]
'DefiKernel.Certificates.decodeEnvRead_envReadToJson' depends on axioms: [propext, Classical.choice, Quot.sound]
'DefiKernel.Certificates.decodeCellDelta_cellDeltaToJson' depends on axioms: [propext, Classical.choice, Quot.sound]
'DefiKernel.Certificates.decodeSupplyDelta_supplyDeltaToJson' depends on axioms: [propext, Classical.choice, Quot.sound]
'DefiKernel.Certificates.list_mapM_decode_ok' depends on axioms: [propext, Classical.choice, Quot.sound]
'DefiKernel.Certificates.decodeTemplate_templateToJson' depends on axioms: [propext, Classical.choice, Quot.sound]
'DefiKernel.Certificates.filter_not_beq_of_not_mem' depends on axioms: [propext]
'DefiKernel.Certificates.eraseDups_eq_of_nodup' depends on axioms: [propext, Quot.sound]
'DefiKernel.Certificates.nodup_eraseDups_length' depends on axioms: [propext, Quot.sound]
'DefiKernel.Certificates.decodeRegistryEntry_registryEntryToJson' depends on axioms: [propext,
 Classical.choice,
 Quot.sound]
'DefiKernel.Certificates.decodeRegistry_registryToJson' depends on axioms: [propext, Classical.choice, Quot.sound]
'DefiKernel.Certificates.decodeCapability_capabilityToJson' depends on axioms: [propext, Classical.choice, Quot.sound]
'DefiKernel.Certificates.decodeStore_storeToJson' depends on axioms: [propext, Classical.choice, Quot.sound]
'DefiKernel.Certificates.decodeContext_contextToJson' depends on axioms: [propext, Classical.choice, Quot.sound]
'DefiKernel.Certificates.decodePackedValue_canonical' depends on axioms: [propext, Classical.choice, Quot.sound]
'DefiKernel.Certificates.decodeObservation_observationToJson' depends on axioms: [propext, Classical.choice, Quot.sound]
'DefiKernel.Certificates.decodeEnvironmentEntry_environmentEntryToJson' depends on axioms: [propext,
 Classical.choice,
 Quot.sound]
'DefiKernel.Certificates.decodeEnvironment_environmentToJson' depends on axioms: [propext, Classical.choice, Quot.sound]
'DefiKernel.Certificates.decodeDomainAdmin_domainAdminToJson' depends on axioms: [propext, Classical.choice, Quot.sound]
'DefiKernel.Certificates.decodeInputPort_inputPortToJson' depends on axioms: [propext, Classical.choice, Quot.sound]
'DefiKernel.Certificates.decodeOutputPort_outputPortToJson' depends on axioms: [propext, Classical.choice, Quot.sound]
'DefiKernel.Certificates.decodeResourcePort_resourcePortToJson' depends on axioms: [propext,
 Classical.choice,
 Quot.sound]
'DefiKernel.Certificates.decodeQualifiedPort_qualifiedPortToJson' depends on axioms: [propext,
 Classical.choice,
 Quot.sound]
'DefiKernel.Certificates.decodeResourceImport_resourceImportToJson' depends on axioms: [propext,
 Classical.choice,
 Quot.sound]
'DefiKernel.Certificates.decodeSourcePin_sourcePinToJson' depends on axioms: [propext, Classical.choice, Quot.sound]
'DefiKernel.Certificates.decodeTypesEnum_typesEnumToJson' depends on axioms: [propext, Classical.choice, Quot.sound]
'DefiKernel.Certificates.decodeStateCell_stateCellToJson' depends on axioms: [propext, Classical.choice, Quot.sound]
'DefiKernel.Certificates.decodeLibraryRef_libraryRefToJson' depends on axioms: [propext, Classical.choice, Quot.sound]
'DefiKernel.Certificates.decodeNat_natToJson' depends on axioms: [propext, Classical.choice, Quot.sound]
'DefiKernel.Certificates.decodeNatList_map_num' depends on axioms: [propext, Classical.choice, Quot.sound]
'DefiKernel.Certificates.decodeState_stateToJson' depends on axioms: [propext, Classical.choice, Quot.sound]
'DefiKernel.Certificates.decodeRequest_requestToJson' depends on axioms: [propext, Classical.choice, Quot.sound]
'DefiKernel.Certificates.decodeOperationInterface_operationInterfaceToJson' depends on axioms: [propext,
 Classical.choice,
 Quot.sound]
'DefiKernel.Certificates.decodeComponent_componentToJson' depends on axioms: [propext, Classical.choice, Quot.sound]
'DefiKernel.Certificates.decodeConfig_configToJson' depends on axioms: [propext, Classical.choice, Quot.sound]
'DefiKernel.Certificates.decodeWorld_worldToJson' depends on axioms: [propext, Classical.choice, Quot.sound]
'DefiKernel.Certificates.world_unique_of_canonical' does not depend on any axioms
'DefiKernel.Certificates.world_valid_of_canonical' depends on axioms: [propext, Quot.sound]
'DefiKernel.Certificates.decodeClaimedNextState_none' depends on axioms: [propext, Classical.choice, Quot.sound]
'DefiKernel.Certificates.decodeClaimedNextState_some' depends on axioms: [propext, Classical.choice, Quot.sound]
'DefiKernel.Certificates.decodeClaimedNextState_of_canonical' depends on axioms: [propext, Classical.choice, Quot.sound]
'DefiKernel.Certificates.decodeSourceMap_nil' depends on axioms: [propext, Classical.choice, Quot.sound]
'DefiKernel.Certificates.decodeSourceMap_single' depends on axioms: [propext, Classical.choice, Quot.sound]
'DefiKernel.Certificates.distinct_of_pairwise_lt' does not depend on any axioms
'DefiKernel.Certificates.ofList_toList_eq' depends on axioms: [propext, Classical.choice, Quot.sound]
'DefiKernel.Certificates.compare_lt_of_lt' depends on axioms: [propext, Classical.choice, Quot.sound]
'DefiKernel.Certificates.pairwise_lt_of_isSortedStrictAscending' depends on axioms: [propext,
 Classical.choice,
 Quot.sound]
'DefiKernel.Certificates.list_mapM_sourceMap_entries' depends on axioms: [propext, Classical.choice, Quot.sound]
'DefiKernel.Certificates.decodeSourceMap_sourceMapToJson' depends on axioms: [propext, Classical.choice, Quot.sound]
'DefiKernel.Certificates.decodeBoundary_boundaryToJson' depends on axioms: [propext, Classical.choice, Quot.sound]
'DefiKernel.Certificates.decodeInputSource_inputSourceToJson' depends on axioms: [propext, Classical.choice, Quot.sound]
'DefiKernel.Certificates.decodeInvocation_invocationToJson' depends on axioms: [propext, Classical.choice, Quot.sound]
'DefiKernel.Certificates.decodeStep_stepToJson' depends on axioms: [propext, Classical.choice, Quot.sound]
'DefiKernel.Certificates.decodeOutputObservation_outputObservationToJson' depends on axioms: [propext,
 Classical.choice,
 Quot.sound]
'DefiKernel.Certificates.decodeTypedExecutePayload_typedExecutePayloadToJson' depends on axioms: [propext,
 Classical.choice,
 Quot.sound]
'DefiKernel.Certificates.decodeCompositionStepPayload_compositionStepPayloadToJson' depends on axioms: [propext,
 Classical.choice,
 Quot.sound]
'DefiKernel.Certificates.decodeCompositionRunPayload_compositionRunPayloadToJson' depends on axioms: [propext,
 Classical.choice,
 Quot.sound]
'DefiKernel.Certificates.decodeStringList_ok' depends on axioms: [propext, Classical.choice, Quot.sound]
'DefiKernel.Certificates.decodeLibraries_ok' depends on axioms: [propext, Classical.choice, Quot.sound]
'DefiKernel.Certificates.decodeEnvelope_orderedFields' depends on axioms: [propext, Classical.choice, Quot.sound]
'DefiKernel.Certificates.decodeEnvelope_sortedFields' depends on axioms: [propext, Classical.choice, Quot.sound]
'DefiKernel.Certificates.envelopeSortedFields_no_commands' depends on axioms: [propext, Classical.choice, Quot.sound]
'DefiKernel.Certificates.envelopeToJson_eq_mkObj_sortedFields' depends on axioms: [propext,
 Classical.choice,
 Quot.sound]
'DefiKernel.Certificates.decodeDecodedIR_envelopeToJson_eq' depends on axioms: [propext, Classical.choice, Quot.sound]
'DefiKernel.Certificates.decodeDecodedIR_fields_typed' depends on axioms: [propext, Classical.choice, Quot.sound]
'DefiKernel.Certificates.decodeDecodedIR_fields_step' depends on axioms: [propext, Classical.choice, Quot.sound]
'DefiKernel.Certificates.decodeDecodedIR_fields_run' depends on axioms: [propext, Classical.choice, Quot.sound]
'DefiKernel.Certificates.standard32CellKeys_eraseDups_len' does not depend on any axioms
'DefiKernel.Certificates.all_mem_of_all_eq_true' depends on axioms: [propext, Quot.sound]
'DefiKernel.Certificates.decodeDecodedIR_of_structurallyAdmissible' depends on axioms: [propext,
 Classical.choice,
 Quot.sound]
'DefiKernel.Certificates.encodeModule_eq_toUTF8' depends on axioms: [propext, Classical.choice, Quot.sound]
'DefiKernel.Certificates.string_fromUTF8_encodeModule' depends on axioms: [propext, Classical.choice, Quot.sound]
'DefiKernel.Certificates.decodeBytes_eq_of_steps' depends on axioms: [propext, Classical.choice, Quot.sound]
'DefiKernel.Certificates.decodeBytes_encodeModule_of_lex_and_parse' depends on axioms: [propext,
 Classical.choice,
 Quot.sound]
'DefiKernel.Certificates.envelopeOrderedKeys_nodup' does not depend on any axioms
'DefiKernel.Certificates.typedPayloadKeys_nodup' does not depend on any axioms
'DefiKernel.Certificates.stepPayloadKeys_nodup' does not depend on any axioms
'DefiKernel.Certificates.runPayloadKeys_nodup' does not depend on any axioms
'DefiKernel.Certificates.parseCanonicalJson_encodeParty' depends on axioms: [propext, Classical.choice, Quot.sound]
'DefiKernel.Certificates.parseCanonicalJson_encodeAsset' depends on axioms: [propext, Classical.choice, Quot.sound]
'DefiKernel.Certificates.parseCanonicalJson_encodeDomain' depends on axioms: [propext, Classical.choice, Quot.sound]
'DefiKernel.Certificates.parseCanonicalJson_encodePartyRef_caller' depends on axioms: [propext,
 Classical.choice,
 Quot.sound]
'DefiKernel.Certificates.parseCanonicalJson_encodePartyRef_literal' depends on axioms: [propext,
 Classical.choice,
 Quot.sound]
'DefiKernel.Certificates.parseCanonicalJson_encodeCellRef' depends on axioms: [propext, Classical.choice, Quot.sound]
'DefiKernel.Certificates.parseCanonicalJson_encodeRat_witness' depends on axioms: [propext,
 Classical.choice,
 Quot.sound]
'DefiKernel.Certificates.parseCanonicalJson_encodeCell_witness' depends on axioms: [propext,
 Classical.choice,
 Quot.sound]
'DefiKernel.Certificates.parseCanonicalJson_encodeCell_all' depends on axioms: [propext, Classical.choice, Quot.sound]
'DefiKernel.Certificates.parseCanonicalJson_encodeCellRef_caller' depends on axioms: [propext,
 Classical.choice,
 Quot.sound]
'DefiKernel.Certificates.parseCanonicalJson_encodeRat_0_1' depends on axioms: [propext, Classical.choice, Quot.sound]
'DefiKernel.Certificates.parseCanonicalJson_encodeRat_1_1' depends on axioms: [propext, Classical.choice, Quot.sound]
'DefiKernel.Certificates.parseCanonicalJson_encodeRat_2_1' depends on axioms: [propext, Classical.choice, Quot.sound]
'DefiKernel.Certificates.parseCanonicalJson_encodeRat_4_1' depends on axioms: [propext, Classical.choice, Quot.sound]
'DefiKernel.Certificates.parseCanonicalJson_encodeRat_10_1' depends on axioms: [propext, Classical.choice, Quot.sound]
'DefiKernel.Certificates.parseCanonicalJson_encodeRat_20_1' depends on axioms: [propext, Classical.choice, Quot.sound]
'DefiKernel.Certificates.parseCanonicalJson_encodeRat_100_1' depends on axioms: [propext, Classical.choice, Quot.sound]
'DefiKernel.Certificates.parseCanonicalJson_encodeStateCell_zero' depends on axioms: [propext,
 Classical.choice,
 Quot.sound]
'DefiKernel.Certificates.c1_num' depends on axioms: [propext, Classical.choice, Quot.sound]
'DefiKernel.Certificates.c2_den' depends on axioms: [propext, Classical.choice, Quot.sound]
'DefiKernel.Certificates.c3_rbrace' depends on axioms: [propext, Classical.choice, Quot.sound]
'DefiKernel.Certificates.intercalate_two' depends on axioms: [propext, Quot.sound]
'DefiKernel.Certificates.jsonObj_two' depends on axioms: [propext, Classical.choice, Quot.sound]
'DefiKernel.Certificates.escapeJsonString_num' depends on axioms: [propext, Classical.choice, Quot.sound]
'DefiKernel.Certificates.escapeJsonString_den' depends on axioms: [propext, Classical.choice, Quot.sound]
'DefiKernel.Certificates.encodeRat_eq' depends on axioms: [propext, Classical.choice, Quot.sound]
'DefiKernel.Certificates.encodeRat_chars' depends on axioms: [propext, Classical.choice, Quot.sound]
'DefiKernel.Certificates.tokenizeFuel_num_colon' depends on axioms: [propext]
'DefiKernel.Certificates.tokenizeFuel_den_colon' depends on axioms: [propext]
'DefiKernel.Certificates.tokenizeFuel_encodeRat_chars' depends on axioms: [propext, Classical.choice, Quot.sound]
'DefiKernel.Certificates.tokenize_encodeRat' depends on axioms: [propext, Classical.choice, Quot.sound]
'DefiKernel.Certificates.parseCanonicalJson_encodeRat' depends on axioms: [propext, Classical.choice, Quot.sound]
'DefiKernel.Certificates.rat_end_to_end_universal' depends on axioms: [propext, Classical.choice, Quot.sound]
'DefiKernel.Certificates.parseCanonicalJson_encodeNumericUnit' depends on axioms: [propext,
 Classical.choice,
 Quot.sound]
'DefiKernel.Certificates.parseCanonicalJson_encodeUnit' depends on axioms: [propext, Classical.choice, Quot.sound]
'DefiKernel.Certificates.parseCanonicalJson_encodeUnaryOp' depends on axioms: [propext, Classical.choice, Quot.sound]
'DefiKernel.Certificates.numericUnit_end_to_end_universal' depends on axioms: [propext, Classical.choice, Quot.sound]
'DefiKernel.Certificates.unit_end_to_end_universal' depends on axioms: [propext, Classical.choice, Quot.sound]
'DefiKernel.Certificates.unaryOp_end_to_end_universal' depends on axioms: [propext, Classical.choice, Quot.sound]
'DefiKernel.Certificates.parseCanonicalJson_encodeExpr_now' depends on axioms: [propext, Classical.choice, Quot.sound]
'DefiKernel.Certificates.parseCanonicalJson_encodeExpr_lit_bool' depends on axioms: [propext,
 Classical.choice,
 Quot.sound]
'DefiKernel.Certificates.parseCanonicalJson_encodeExpr_lit_bool_true' depends on axioms: [propext,
 Classical.choice,
 Quot.sound]
'DefiKernel.Certificates.parseCanonicalJson_encodeExpr_lit_bool_false' depends on axioms: [propext,
 Classical.choice,
 Quot.sound]
'DefiKernel.Certificates.parseCanonicalJson_encodeExpr_unary_not_now' depends on axioms: [propext,
 Classical.choice,
 Quot.sound]
'DefiKernel.Certificates.parseCanonicalJson_encodeExpr_binary_and_now' depends on axioms: [propext,
 Classical.choice,
 Quot.sound]
'DefiKernel.Certificates.parseCanonicalJson_encodeExpr_ite_now' depends on axioms: [propext,
 Classical.choice,
 Quot.sound]
'DefiKernel.Certificates.expr_end_to_end_now' depends on axioms: [propext, Classical.choice, Quot.sound]
'DefiKernel.Certificates.expr_end_to_end_lit_bool_true' depends on axioms: [propext, Classical.choice, Quot.sound]
'DefiKernel.Certificates.expr_end_to_end_lit_bool_false' depends on axioms: [propext, Classical.choice, Quot.sound]
'DefiKernel.Certificates.expr_end_to_end_unary_not_now' depends on axioms: [propext, Classical.choice, Quot.sound]
'DefiKernel.Certificates.expr_end_to_end_binary_and_now' depends on axioms: [propext, Classical.choice, Quot.sound]
'DefiKernel.Certificates.expr_end_to_end_ite_now' depends on axioms: [propext, Classical.choice, Quot.sound]
'DefiKernel.Certificates.parseCanonicalJson_encodeExpr_balance_caller' depends on axioms: [propext,
 Classical.choice,
 Quot.sound]
'DefiKernel.Certificates.expr_end_to_end_balance_caller' depends on axioms: [propext, Classical.choice, Quot.sound]
'DefiKernel.Certificates.parseCanonicalJson_encodeExpr_timestamp' depends on axioms: [propext,
 Classical.choice,
 Quot.sound]
'DefiKernel.Certificates.expr_end_to_end_timestamp' depends on axioms: [propext, Classical.choice, Quot.sound]
'DefiKernel.Certificates.parseCanonicalJson_encodeExpr_observe' depends on axioms: [propext,
 Classical.choice,
 Quot.sound]
'DefiKernel.Certificates.expr_end_to_end_observe' depends on axioms: [propext, Classical.choice, Quot.sound]
'DefiKernel.Certificates.escapeTreeString_eq_escapeJsonString' depends on axioms: [propext,
 Classical.choice,
 Quot.sound]
'DefiKernel.Certificates.encodeList_eq_intercalate' depends on axioms: [propext, Classical.choice, Quot.sound]
'DefiKernel.Certificates.encodeObj_eq_intercalate' depends on axioms: [propext, Classical.choice, Quot.sound]
'DefiKernel.Certificates.encode_arr_eq_jsonArr' depends on axioms: [propext, Classical.choice, Quot.sound]
'DefiKernel.Certificates.encode_obj_eq_jsonObj' depends on axioms: [propext, Classical.choice, Quot.sound]
'DefiKernel.Certificates.ratToTreeJson_toJson' depends on axioms: [propext, Classical.choice, Quot.sound]
'DefiKernel.Certificates.ratToTreeJson_encode' depends on axioms: [propext, Classical.choice, Quot.sound]
'DefiKernel.Certificates.partyToTreeJson_toJson' depends on axioms: [propext, Classical.choice, Quot.sound]
'DefiKernel.Certificates.partyToTreeJson_encode' depends on axioms: [propext, Classical.choice, Quot.sound]
'DefiKernel.Certificates.assetToTreeJson_toJson' depends on axioms: [propext, Classical.choice, Quot.sound]
'DefiKernel.Certificates.assetToTreeJson_encode' depends on axioms: [propext, Classical.choice, Quot.sound]
'DefiKernel.Certificates.domainToTreeJson_toJson' depends on axioms: [propext, Classical.choice, Quot.sound]
'DefiKernel.Certificates.domainToTreeJson_encode' depends on axioms: [propext, Classical.choice, Quot.sound]
'DefiKernel.Certificates.partyRefToTreeJson_toJson' depends on axioms: [propext, Classical.choice, Quot.sound]
'DefiKernel.Certificates.partyRefToTreeJson_encode' depends on axioms: [propext, Classical.choice, Quot.sound]
'DefiKernel.Certificates.cellRefToTreeJson_toJson' depends on axioms: [propext, Classical.choice, Quot.sound]
'DefiKernel.Certificates.cellRefToTreeJson_encode' depends on axioms: [propext, Classical.choice, Quot.sound]
'DefiKernel.Certificates.packedCellRefToTreeJson_toJson' depends on axioms: [propext, Classical.choice, Quot.sound]
'DefiKernel.Certificates.packedCellRefToTreeJson_encode' depends on axioms: [propext, Classical.choice, Quot.sound]
'DefiKernel.Certificates.observationKeyToTreeJson_toJson' depends on axioms: [propext, Classical.choice, Quot.sound]
'DefiKernel.Certificates.observationKeyToTreeJson_encode' depends on axioms: [propext, Classical.choice, Quot.sound]
'DefiKernel.Certificates.numericUnitToTreeJson_toJson' depends on axioms: [propext, Classical.choice, Quot.sound]
'DefiKernel.Certificates.numericUnitToTreeJson_encode' depends on axioms: [propext, Classical.choice, Quot.sound]
'DefiKernel.Certificates.unitToTreeJson_toJson' depends on axioms: [propext, Classical.choice, Quot.sound]
'DefiKernel.Certificates.unitToTreeJson_encode' depends on axioms: [propext, Classical.choice, Quot.sound]
'DefiKernel.Certificates.observationRefToTreeJson_toJson' depends on axioms: [propext, Classical.choice, Quot.sound]
'DefiKernel.Certificates.observationRefToTreeJson_encode' depends on axioms: [propext, Classical.choice, Quot.sound]
'DefiKernel.Certificates.unaryOpToTreeJson_toJson' depends on axioms: [propext, Classical.choice, Quot.sound]
'DefiKernel.Certificates.unaryOpToTreeJson_encode' depends on axioms: [propext, Classical.choice, Quot.sound]
'DefiKernel.Certificates.binaryOpToTreeJson_toJson' depends on axioms: [propext, Classical.choice, Quot.sound]
'DefiKernel.Certificates.binaryOpToTreeJson_encode' depends on axioms: [propext, Classical.choice, Quot.sound]
'DefiKernel.Certificates.packedValueToTreeJson_toJson' depends on axioms: [propext, Classical.choice, Quot.sound]
'DefiKernel.Certificates.exprToTreeJson_toJson' depends on axioms: [propext, Classical.choice, Quot.sound]
'DefiKernel.Certificates.exprToTreeJson_encode' depends on axioms: [propext, Classical.choice, Quot.sound]
'DefiKernel.Certificates.ratToTreeJson_valid' does not depend on any axioms
'DefiKernel.Certificates.partyToTreeJson_valid' does not depend on any axioms
'DefiKernel.Certificates.assetToTreeJson_valid' does not depend on any axioms
'DefiKernel.Certificates.domainToTreeJson_valid' does not depend on any axioms
'DefiKernel.Certificates.partyRefToTreeJson_valid' does not depend on any axioms
'DefiKernel.Certificates.cellRefToTreeJson_valid' does not depend on any axioms
'DefiKernel.Certificates.packedCellRefToTreeJson_valid' does not depend on any axioms
'DefiKernel.Certificates.observationKeyToTreeJson_valid' does not depend on any axioms
'DefiKernel.Certificates.numericUnitToTreeJson_valid' does not depend on any axioms
'DefiKernel.Certificates.unitToTreeJson_valid' does not depend on any axioms
'DefiKernel.Certificates.observationRefToTreeJson_valid' does not depend on any axioms
'DefiKernel.Certificates.unaryOpToTreeJson_valid' does not depend on any axioms
'DefiKernel.Certificates.binaryOpToTreeJson_valid' does not depend on any axioms
'DefiKernel.Certificates.exprToTreeJson_valid' does not depend on any axioms
'DefiKernel.Certificates.parseTokens_exprToTreeJson' depends on axioms: [propext, Classical.choice, Quot.sound]
'DefiKernel.Certificates.expr_tokens_end_to_end' depends on axioms: [propext, Classical.choice, Quot.sound]
'DefiKernel.Certificates.toJsonList_map' depends on axioms: [propext, Classical.choice, Quot.sound]
'DefiKernel.Certificates.encodeList_map' depends on axioms: [propext, Classical.choice, Quot.sound]
'DefiKernel.Certificates.encode_arr_map' depends on axioms: [propext, Classical.choice, Quot.sound]
'DefiKernel.Certificates.toJson_arr_map' depends on axioms: [propext, Classical.choice, Quot.sound]
'DefiKernel.Certificates.validList_map' does not depend on any axioms
'DefiKernel.Certificates.valid_arr_map' depends on axioms: [propext]
'DefiKernel.Certificates.encode_arr_str' depends on axioms: [propext, Classical.choice, Quot.sound]
'DefiKernel.Certificates.toJson_arr_str' depends on axioms: [propext, Classical.choice, Quot.sound]
'DefiKernel.Certificates.valid_arr_str' depends on axioms: [propext]
'DefiKernel.Certificates.natToTreeJson_encode' depends on axioms: [propext, Classical.choice, Quot.sound]
'DefiKernel.Certificates.natToTreeJson_toJson' depends on axioms: [propext, Classical.choice, Quot.sound]
'DefiKernel.Certificates.natToTreeJson_valid' does not depend on any axioms
'DefiKernel.Certificates.packedValueFullToTreeJson_toJson' depends on axioms: [propext, Classical.choice, Quot.sound]
'DefiKernel.Certificates.packedValueFullToTreeJson_encode' depends on axioms: [propext, Classical.choice, Quot.sound]
'DefiKernel.Certificates.packedValueFullToTreeJson_valid' does not depend on any axioms
'DefiKernel.Certificates.map_encode_str_pairs' depends on axioms: [propext, Classical.choice, Quot.sound]
'DefiKernel.Certificates.toJsonObj_map_str' depends on axioms: [propext, Classical.choice, Quot.sound]
'DefiKernel.Certificates.sourceMapToTreeJson_toJson' depends on axioms: [propext, Classical.choice, Quot.sound]
'DefiKernel.Certificates.sourceMapToTreeJson_encode' depends on axioms: [propext, Classical.choice, Quot.sound]
'DefiKernel.Certificates.stateCellToTreeJson_toJson' depends on axioms: [propext, Classical.choice, Quot.sound]
'DefiKernel.Certificates.stateCellToTreeJson_encode' depends on axioms: [propext, Classical.choice, Quot.sound]
'DefiKernel.Certificates.stateCellToTreeJson_valid' does not depend on any axioms
'DefiKernel.Certificates.cellToTreeJson_toJson' depends on axioms: [propext, Classical.choice, Quot.sound]
'DefiKernel.Certificates.cellToTreeJson_encode' depends on axioms: [propext, Classical.choice, Quot.sound]
'DefiKernel.Certificates.cellToTreeJson_valid' does not depend on any axioms
'DefiKernel.Certificates.rightToTreeJson_toJson' depends on axioms: [propext, Classical.choice, Quot.sound]
'DefiKernel.Certificates.rightToTreeJson_encode' depends on axioms: [propext, Classical.choice, Quot.sound]
'DefiKernel.Certificates.rightToTreeJson_valid' does not depend on any axioms
'DefiKernel.Certificates.grantToTreeJson_toJson' depends on axioms: [propext, Classical.choice, Quot.sound]
'DefiKernel.Certificates.grantToTreeJson_encode' depends on axioms: [propext, Classical.choice, Quot.sound]
'DefiKernel.Certificates.grantToTreeJson_valid' does not depend on any axioms
'DefiKernel.Certificates.capabilityToTreeJson_toJson' depends on axioms: [propext, Classical.choice, Quot.sound]
'DefiKernel.Certificates.capabilityToTreeJson_encode' depends on axioms: [propext, Classical.choice, Quot.sound]
'DefiKernel.Certificates.capabilityToTreeJson_valid' does not depend on any axioms
'DefiKernel.Certificates.storeToTreeJson_toJson' depends on axioms: [propext, Classical.choice, Quot.sound]
'DefiKernel.Certificates.storeToTreeJson_encode' depends on axioms: [propext, Classical.choice, Quot.sound]
'DefiKernel.Certificates.storeToTreeJson_valid' depends on axioms: [propext]
'DefiKernel.Certificates.stateToTreeJson_toJson' depends on axioms: [propext, Classical.choice, Quot.sound]
'DefiKernel.Certificates.stateToTreeJson_encode' depends on axioms: [propext, Classical.choice, Quot.sound]
'DefiKernel.Certificates.stateToTreeJson_valid' depends on axioms: [propext]
'DefiKernel.Certificates.contextToTreeJson_toJson' depends on axioms: [propext, Classical.choice, Quot.sound]
'DefiKernel.Certificates.contextToTreeJson_encode' depends on axioms: [propext, Classical.choice, Quot.sound]
'DefiKernel.Certificates.contextToTreeJson_valid' does not depend on any axioms
'DefiKernel.Certificates.observationToTreeJson_toJson' depends on axioms: [propext, Classical.choice, Quot.sound]
'DefiKernel.Certificates.observationToTreeJson_encode' depends on axioms: [propext, Classical.choice, Quot.sound]
'DefiKernel.Certificates.observationToTreeJson_valid' does not depend on any axioms
'DefiKernel.Certificates.environmentEntryToTreeJson_toJson' depends on axioms: [propext, Classical.choice, Quot.sound]
'DefiKernel.Certificates.environmentEntryToTreeJson_encode' depends on axioms: [propext, Classical.choice, Quot.sound]
'DefiKernel.Certificates.environmentEntryToTreeJson_valid' does not depend on any axioms
'DefiKernel.Certificates.environmentToTreeJson_toJson' depends on axioms: [propext, Classical.choice, Quot.sound]
'DefiKernel.Certificates.environmentToTreeJson_encode' depends on axioms: [propext, Classical.choice, Quot.sound]
'DefiKernel.Certificates.environmentToTreeJson_valid' depends on axioms: [propext]
'DefiKernel.Certificates.requestToTreeJson_encode' depends on axioms: [propext, Classical.choice, Quot.sound]
'DefiKernel.Certificates.decodeRequest_requestToTreeJson' depends on axioms: [propext, Classical.choice, Quot.sound]
'DefiKernel.Certificates.requestToTreeJson_valid' depends on axioms: [propext]
'DefiKernel.Certificates.sourcePinToTreeJson_toJson' depends on axioms: [propext, Classical.choice, Quot.sound]
'DefiKernel.Certificates.sourcePinToTreeJson_encode' depends on axioms: [propext, Classical.choice, Quot.sound]
'DefiKernel.Certificates.sourcePinToTreeJson_valid' does not depend on any axioms
'DefiKernel.Certificates.typesEnumToTreeJson_toJson' depends on axioms: [propext, Classical.choice, Quot.sound]
'DefiKernel.Certificates.typesEnumToTreeJson_encode' depends on axioms: [propext, Classical.choice, Quot.sound]
'DefiKernel.Certificates.typesEnumToTreeJson_valid' depends on axioms: [propext]
'DefiKernel.Certificates.libraryRefToTreeJson_encode' depends on axioms: [propext, Classical.choice, Quot.sound]
'DefiKernel.Certificates.libraryRefToTreeJson_valid' does not depend on any axioms
'DefiKernel.Certificates.worldToTreeJson_encode' depends on axioms: [propext, Classical.choice, Quot.sound]
'DefiKernel.Certificates.boundaryToTreeJson_encode' depends on axioms: [propext, Classical.choice, Quot.sound]
'DefiKernel.Certificates.envelopeToTreeJson_encode' depends on axioms: [propext, Classical.choice, Quot.sound]
'DefiKernel.Certificates.cellDeltaToTreeJson_encode' depends on axioms: [propext, Classical.choice, Quot.sound]
'DefiKernel.Certificates.cellDeltaToTreeJson_valid' does not depend on any axioms
'DefiKernel.Certificates.supplyDeltaToTreeJson_encode' depends on axioms: [propext, Classical.choice, Quot.sound]
'DefiKernel.Certificates.supplyDeltaToTreeJson_valid' does not depend on any axioms
'DefiKernel.Certificates.envReadToTreeJson_encode' depends on axioms: [propext, Classical.choice, Quot.sound]
'DefiKernel.Certificates.envReadToTreeJson_valid' does not depend on any axioms
'DefiKernel.Certificates.templateToTreeJson_encode' depends on axioms: [propext, Classical.choice, Quot.sound]
'DefiKernel.Certificates.templateToTreeJson_valid' depends on axioms: [propext]
'DefiKernel.Certificates.registryEntryToTreeJson_encode' depends on axioms: [propext, Classical.choice, Quot.sound]
'DefiKernel.Certificates.registryEntryToTreeJson_valid' depends on axioms: [propext]
'DefiKernel.Certificates.registryToTreeJson_encode' depends on axioms: [propext, Classical.choice, Quot.sound]
'DefiKernel.Certificates.domainAdminToTreeJson_encode' depends on axioms: [propext, Classical.choice, Quot.sound]
'DefiKernel.Certificates.domainAdminToTreeJson_valid' does not depend on any axioms
'DefiKernel.Certificates.inputPortToTreeJson_encode' depends on axioms: [propext, Classical.choice, Quot.sound]
'DefiKernel.Certificates.inputPortToTreeJson_valid' does not depend on any axioms
'DefiKernel.Certificates.outputPortToTreeJson_encode' depends on axioms: [propext, Classical.choice, Quot.sound]
'DefiKernel.Certificates.outputPortToTreeJson_valid' does not depend on any axioms
'DefiKernel.Certificates.resourcePortToTreeJson_encode' depends on axioms: [propext, Classical.choice, Quot.sound]
'DefiKernel.Certificates.resourcePortToTreeJson_valid' does not depend on any axioms
'DefiKernel.Certificates.qualifiedPortToTreeJson_encode' depends on axioms: [propext, Classical.choice, Quot.sound]
'DefiKernel.Certificates.qualifiedPortToTreeJson_valid' does not depend on any axioms
'DefiKernel.Certificates.resourceImportToTreeJson_encode' depends on axioms: [propext, Classical.choice, Quot.sound]
'DefiKernel.Certificates.resourceImportToTreeJson_valid' does not depend on any axioms
'DefiKernel.Certificates.operationInterfaceToTreeJson_encode' depends on axioms: [propext, Classical.choice, Quot.sound]
'DefiKernel.Certificates.componentToTreeJson_encode' depends on axioms: [propext, Classical.choice, Quot.sound]
'DefiKernel.Certificates.configToTreeJson_encode' depends on axioms: [propext, Classical.choice, Quot.sound]
'DefiKernel.Certificates.inputSourceToTreeJson_encode' depends on axioms: [propext, Classical.choice, Quot.sound]
'DefiKernel.Certificates.invocationToTreeJson_encode' depends on axioms: [propext, Classical.choice, Quot.sound]
'DefiKernel.Certificates.stepToTreeJson_encode' depends on axioms: [propext, Classical.choice, Quot.sound]
'DefiKernel.Certificates.outputObservationToTreeJson_encode' depends on axioms: [propext, Classical.choice, Quot.sound]
'DefiKernel.Certificates.typedExecutePayloadToTreeJson_encode' depends on axioms: [propext,
 Classical.choice,
 Quot.sound]
'DefiKernel.Certificates.compositionStepPayloadToTreeJson_encode' depends on axioms: [propext,
 Classical.choice,
 Quot.sound]
'DefiKernel.Certificates.compositionRunPayloadToTreeJson_encode' depends on axioms: [propext,
 Classical.choice,
 Quot.sound]
'DefiKernel.Certificates.moduleToTreeJson_encode' depends on axioms: [propext, Classical.choice, Quot.sound]
'DefiKernel.Certificates.cellDeltaToTreeJson_toJson' depends on axioms: [propext, Classical.choice, Quot.sound]
'DefiKernel.Certificates.supplyDeltaToTreeJson_toJson' depends on axioms: [propext, Classical.choice, Quot.sound]
'DefiKernel.Certificates.envReadToTreeJson_toJson' depends on axioms: [propext, Classical.choice, Quot.sound]
'DefiKernel.Certificates.templateToTreeJson_toJson' depends on axioms: [propext, Classical.choice, Quot.sound]
'DefiKernel.Certificates.registryEntryToTreeJson_toJson' depends on axioms: [propext, Classical.choice, Quot.sound]
'DefiKernel.Certificates.registryToTreeJson_toJson' depends on axioms: [propext, Classical.choice, Quot.sound]
'DefiKernel.Certificates.decodeWorld_worldToTreeJson' depends on axioms: [propext, Classical.choice, Quot.sound]
'DefiKernel.Certificates.decodeLibraryRef_libraryRefToTreeJson' depends on axioms: [propext,
 Classical.choice,
 Quot.sound]
'DefiKernel.Certificates.qualifiedPortToTreeJson_toJson' depends on axioms: [propext, Classical.choice, Quot.sound]
'DefiKernel.Certificates.decodeOutputObservation_outputObservationToTreeJson' depends on axioms: [propext,
 Classical.choice,
 Quot.sound]
'DefiKernel.Certificates.decodeTypedExecutePayload_typedExecutePayloadToTreeJson' depends on axioms: [propext,
 Classical.choice,
 Quot.sound]
'DefiKernel.Certificates.nodup_of_pairwise_lt_string' depends on axioms: [propext, Classical.choice, Quot.sound]
'DefiKernel.Certificates.validObj_str_map' does not depend on any axioms
'DefiKernel.Certificates.sourceMapToTreeJson_valid' depends on axioms: [propext, Classical.choice, Quot.sound]
'DefiKernel.Certificates.registryToTreeJson_valid' depends on axioms: [propext]
'DefiKernel.Certificates.worldToTreeJson_valid' depends on axioms: [propext]
'DefiKernel.Certificates.boundaryToTreeJson_valid' depends on axioms: [propext]
'DefiKernel.Certificates.operationInterfaceToTreeJson_valid' depends on axioms: [propext]
'DefiKernel.Certificates.componentToTreeJson_valid' depends on axioms: [propext]
'DefiKernel.Certificates.configToTreeJson_valid' depends on axioms: [propext]
'DefiKernel.Certificates.inputSourceToTreeJson_valid' does not depend on any axioms
'DefiKernel.Certificates.invocationToTreeJson_valid' depends on axioms: [propext]
'DefiKernel.Certificates.stepToTreeJson_valid' depends on axioms: [propext]
'DefiKernel.Certificates.outputObservationToTreeJson_valid' does not depend on any axioms
'DefiKernel.Certificates.typedExecutePayloadToTreeJson_valid' depends on axioms: [propext, Quot.sound]
'DefiKernel.Certificates.compositionStepPayloadToTreeJson_valid' depends on axioms: [propext, Quot.sound]
'DefiKernel.Certificates.compositionRunPayloadToTreeJson_valid' depends on axioms: [propext, Quot.sound]
'DefiKernel.Certificates.envelopeToTreeJson_valid' depends on axioms: [propext, Classical.choice, Quot.sound]
'DefiKernel.Certificates.moduleToTreeJson_valid' depends on axioms: [propext, Classical.choice, Quot.sound]
'DefiKernel.Certificates.parseCanonicalJson_encodeModuleString_tree' depends on axioms: [propext,
 Classical.choice,
 Quot.sound]
'DefiKernel.Certificates.parseCanonicalJson_encodeModuleString_tree_of_depth' depends on axioms: [propext,
 Classical.choice,
 Quot.sound]
'DefiKernel.Certificates.decodeBytes_encodeModule_of_valid_and_depth' depends on axioms: [propext,
 Classical.choice,
 Quot.sound]
'DefiKernel.Certificates.decodeBytes_encodeModule_of_depth' depends on axioms: [propext, Classical.choice, Quot.sound]
