⚠ [921/941] Replayed DefiKernel.Typed.Transition
warning: DefiKernel/Typed/Transition.lean:239:20: `simp_all [throw, throwThe]` is a flexible tactic modifying `⊢`. Try `simp_all?` and use the suggested `simp_all only [...]`. Alternatively, use `suffices` to explicitly state the simplified form.

Note: This linter can be disabled with `set_option linter.flexible false`
info: DefiKernel/Typed/Transition.lean:239:20: Try this:
  [apply] simp_all only [or_false, Prod.forall, true_and]
info: DefiKernel/Typed/Transition.lean:244:6: `rename_i args`
modifies the current goal, which was modified by the flexible tactic `simp_all` on line 239!
warning: DefiKernel/Typed/Transition.lean:239:20: `simp_all [throw, throwThe]` is a flexible tactic modifying `⊢`. Try `simp_all?` and use the suggested `simp_all only [...]`. Alternatively, use `suffices` to explicitly state the simplified form.

Note: This linter can be disabled with `set_option linter.flexible false`
info: DefiKernel/Typed/Transition.lean:239:20: Try this:
  [apply] simp_all only [Option.some.injEq, false_or, Prod.forall]
info: DefiKernel/Typed/Transition.lean:244:6: `rename_i args`
modifies the current goal, which was modified by the flexible tactic `simp_all` on line 239!
✔ [940/941] Built DefiKernel.Metatheory.OperatorFixtures (1.1s)
✖ [941/941] Building DefiKernel.Metatheory.Tests (1.1s)
trace: .> LEAN_PATH=/home/charl/defiformal/lean/.lake/packages/Cli/.lake/build/lib/lean:/home/charl/defiformal/lean/.lake/packages/batteries/.lake/build/lib/lean:/home/charl/defiformal/lean/.lake/packages/Qq/.lake/build/lib/lean:/home/charl/defiformal/lean/.lake/packages/aesop/.lake/build/lib/lean:/home/charl/defiformal/lean/.lake/packages/proofwidgets/.lake/build/lib/lean:/home/charl/defiformal/lean/.lake/packages/importGraph/.lake/build/lib/lean:/home/charl/defiformal/lean/.lake/packages/LeanSearchClient/.lake/build/lib/lean:/home/charl/defiformal/lean/.lake/packages/plausible/.lake/build/lib/lean:/home/charl/defiformal/lean/.lake/packages/mathlib/.lake/build/lib/lean:/home/charl/defiformal/lean/.lake/build/lib/lean /home/charl/.elan/toolchains/leanprover--lean4---v4.33.0-rc2/bin/lean /home/charl/defiformal/lean/DefiKernel/Metatheory/Tests.lean -o /home/charl/defiformal/lean/.lake/build/lib/lean/DefiKernel/Metatheory/Tests.olean -i /home/charl/defiformal/lean/.lake/build/lib/lean/DefiKernel/Metatheory/Tests.ilean -c /home/charl/defiformal/lean/.lake/build/ir/DefiKernel/Metatheory/Tests.c --setup /home/charl/defiformal/lean/.lake/build/ir/DefiKernel/Metatheory/Tests.setup.json --json
error: DefiKernel/Metatheory/Tests.lean:305:41: failed to synthesize instance of type class
  Decidable
    (cfg.registry { value := 10 } = changedOutput.registry { value := 10 } ∧
      cfg.domainAdmin Domain.main = changedOutput.domainAdmin Domain.main)

Hint: Type class instance resolution failures can be inspected with the `set_option trace.Meta.synthInstance true` command.
error: DefiKernel/Metatheory/Tests.lean:308:45: failed to synthesize instance of type class
  Decidable
    (grantOnlyCfg.catalog = grantOnlyChanged.catalog ∧
      grantOnlyCfg.registry { value := 10 } = grantOnlyChanged.registry { value := 10 } ∧
        grantOnlyCfg.domainAdmin Domain.main = grantOnlyChanged.domainAdmin Domain.main)

Hint: Type class instance resolution failures can be inspected with the `set_option trace.Meta.synthInstance true` command.
error: DefiKernel/Metatheory/Tests.lean:312:40: failed to synthesize instance of type class
  Decidable (cfg.catalog = changedAdmin.catalog ∧ cfg.registry { value := 10 } = changedAdmin.registry { value := 10 })

Hint: Type class instance resolution failures can be inspected with the `set_option trace.Meta.synthInstance true` command.
warning: DefiKernel/Metatheory/Tests.lean:320:100: This line exceeds the 100 character limit, please shorten it!

Note: This linter can be disabled with `set_option linter.style.longLine false`
error: Lean exited with code 1
Some required targets logged failures:
- DefiKernel.Metatheory.Tests
error: build failed
