foundation.catalog.empty: true
foundation.catalog.dup: true
foundation.shape.empty.leaves: true
foundation.shape.empty.count: true
foundation.shape.leaf.leaves: true
foundation.shape.leaf.count: true
foundation.shape.fork.leaves: true
foundation.shape.emptyLocals: true
foundation.check.empty-roster: true
foundation.check.unit-leaf: true
foundation.check.unit-empty-tree: true
foundation.check.bool-fork: true
foundation.lookup.empty: true
foundation.lookup.leaf: true
foundation.lookup.duplicate-first-dfs: true
foundation.advanceIn.empty-none: true
foundation.advanceIn.unmatched-leaf: true
foundation.advanceTree.absent-preserves: true
foundation.start.empty.world-store: true
foundation.start.unit.literal: true
foundation.start.empty.literal: true
foundation.skip.consumed-only: true
foundation.duplicate.selected-only: true
foundation.run.empty.executed: true
foundation.run.dup-catalog.base: true
foundation.run.unit-empty-tree: true
foundation.run.unknown-op.base: true
foundation.paths.encode.leaf: true
foundation.paths.encode.left: true
foundation.paths.encode.right: true
foundation.paths.resolve.leaf: true
foundation.paths.resolve.empty: true
foundation.paths.resolve.fork-nil: true
foundation.paths.decode.empty: true
foundation.paths.decode.roundtrip: true
foundation.paths.decode.bad-fullpath: true
foundation.paths.decode.second-offset: true
foundation.paths.run.decode-refused.world: true
foundation.paths.run.empty-decoded: true
foundation.flatten.start.unit: true
foundation.flatten.start.empty: true
foundation.flatten.skip.full: true
foundation.obs.fullMachineEq.refl: true
foundation.obs.canonical.consumed: true
foundation.regroup.empty-unit-shape: true
foundation.regroup.fork-assoc-leaves: true
