⚠ [921/935] Replayed DefiKernel.Typed.Transition
warning: DefiKernel/Typed/Transition.lean:239:20: `simp_all [throw, throwThe]` is a flexible tactic modifying `⊢`. Try `simp_all?` and use the suggested `simp_all only [...]`. Alternatively, use `suffices` to explicitly state the simplified form.

Note: This linter can be disabled with `set_option linter.flexible false`
info: DefiKernel/Typed/Transition.lean:239:20: Try this:
  [apply] simp_all only [or_false, Prod.forall, true_and]
info: DefiKernel/Typed/Transition.lean:244:6: `rename_i args`
modifies the current goal, which was modified by the flexible tactic `simp_all` on line 239!
warning: DefiKernel/Typed/Transition.lean:239:20: `simp_all [throw, throwThe]` is a flexible tactic modifying `⊢`. Try `simp_all?` and use the suggested `simp_all only [...]`. Alternatively, use `suffices` to explicitly state the simplified form.

Note: This linter can be disabled with `set_option linter.flexible false`
info: DefiKernel/Typed/Transition.lean:239:20: Try this:
  [apply] simp_all only [Option.some.injEq, false_or, Prod.forall]
info: DefiKernel/Typed/Transition.lean:244:6: `rename_i args`
modifies the current goal, which was modified by the flexible tactic `simp_all` on line 239!
⚠ [926/935] Replayed DefiKernel.Nary.Schedule
warning: DefiKernel/Nary/Schedule.lean:162:24: This simp argument is unused:
  Nat.add_assoc

Hint: Omit it from the simp argument list.
  [apply] simp [hbeq, hmem, Nat.add_left_comm, Nat.add_comm]

Note: This linter can be disabled with `set_option linter.unusedSimpArgs false`
warning: DefiKernel/Nary/Schedule.lean:263:2: `simp [admit, hv, ha, bind, Except.bind, pure, Except.pure]` is a flexible tactic modifying `⊢`. Try `simp?` and use the suggested `simp only [...]`. Alternatively, use `suffices` to explicitly state the simplified form.

Note: This linter can be disabled with `set_option linter.flexible false`
info: DefiKernel/Nary/Schedule.lean:264:2: `rw [hs']`
modifies the current goal, which was modified by the flexible tactic `simp` on line 263!
⚠ [935/935] Built DefiKernel.Nary.Trace (1.4s)
warning: DefiKernel/Nary/Trace.lean:246:8: `simp [skip_selected] at hf ⊢` is a flexible tactic modifying `⊢`. Try `simp?` and use the suggested `simp only [...]`. Alternatively, use `suffices` to explicitly state the simplified form.

Note: This linter can be disabled with `set_option linter.flexible false`
info: DefiKernel/Nary/Trace.lean:247:8: `exact ih b failure hf`
modifies the current goal, which was modified by the flexible tactic `simp` on line 246!
warning: DefiKernel/Nary/Trace.lean:246:8: `simp [skip_selected] at hf ⊢` is a flexible tactic modifying `hf`. Try `simp?` and use the suggested `simp only [...]`. Alternatively, use `suffices` to explicitly state the simplified form.

Note: This linter can be disabled with `set_option linter.flexible false`
info: DefiKernel/Nary/Trace.lean:247:8: `exact ih b failure hf`
uses `hf`, which was modified by the flexible tactic `simp` on line 246!
warning: DefiKernel/Nary/Trace.lean:253:8: `simp [skip_selected] at hf ⊢` is a flexible tactic modifying `⊢`. Try `simp?` and use the suggested `simp only [...]`. Alternatively, use `suffices` to explicitly state the simplified form.

Note: This linter can be disabled with `set_option linter.flexible false`
info: DefiKernel/Nary/Trace.lean:254:8: `exact ih b failure hf`
modifies the current goal, which was modified by the flexible tactic `simp` on line 253!
warning: DefiKernel/Nary/Trace.lean:253:8: `simp [skip_selected] at hf ⊢` is a flexible tactic modifying `hf`. Try `simp?` and use the suggested `simp only [...]`. Alternatively, use `suffices` to explicitly state the simplified form.

Note: This linter can be disabled with `set_option linter.flexible false`
info: DefiKernel/Nary/Trace.lean:254:8: `exact ih b failure hf`
uses `hf`, which was modified by the flexible tactic `simp` on line 253!
warning: DefiKernel/Nary/Trace.lean:260:8: `simp [refuse_selected] at hf ⊢` is a flexible tactic modifying `hf`. Try `simp?` and use the suggested `simp only [...]`. Alternatively, use `suffices` to explicitly state the simplified form.

Note: This linter can be disabled with `set_option linter.flexible false`
info: DefiKernel/Nary/Trace.lean:261:8: `cases hf`
uses `hf`, which was modified by the flexible tactic `simp` on line 260!
warning: DefiKernel/Nary/Trace.lean:412:8: `simp [List.length_append] at hi_lt` is a flexible tactic modifying `hi_lt`. Try `simp?` and use the suggested `simp only [...]`. Alternatively, use `suffices` to explicitly state the simplified form.

Note: This linter can be disabled with `set_option linter.flexible false`
info: DefiKernel/Nary/Trace.lean:413:8: `exact Nat.eq_of_le_of_lt_succ hge hi_lt`
uses `hi_lt`, which was modified by the flexible tactic `simp` on line 412!
warning: DefiKernel/Nary/Trace.lean:416:6: `simp at hi` is a flexible tactic modifying `hi`. Try `simp?` and use the suggested `simp only [...]`. Alternatively, use `suffices` to explicitly state the simplified form.

Note: This linter can be disabled with `set_option linter.flexible false`
info: DefiKernel/Nary/Trace.lean:416:6: Try this:
  [apply] simp only [List.take_left'] at hi
info: DefiKernel/Nary/Trace.lean:418:6: `rw [List.take_append_length]`
uses `hi`, which was modified by the flexible tactic `simp` on line 416!
warning: DefiKernel/Nary/Trace.lean:416:6: `simp at hi` is a flexible tactic modifying `hi`. Try `simp?` and use the suggested `simp only [...]`. Alternatively, use `suffices` to explicitly state the simplified form.

Note: This linter can be disabled with `set_option linter.flexible false`
info: DefiKernel/Nary/Trace.lean:416:6: Try this:
  [apply] simp only [List.take_left'] at hi
info: DefiKernel/Nary/Trace.lean:419:6: `rwa [before]`
uses `hi`, which was modified by the flexible tactic `simp` on line 416!
warning: DefiKernel/Nary/Trace.lean:429:8: `simp [List.length_append] at hi_lt` is a flexible tactic modifying `hi_lt`. Try `simp?` and use the suggested `simp only [...]`. Alternatively, use `suffices` to explicitly state the simplified form.

Note: This linter can be disabled with `set_option linter.flexible false`
info: DefiKernel/Nary/Trace.lean:430:8: `exact Nat.eq_of_le_of_lt_succ hge hi_lt`
uses `hi_lt`, which was modified by the flexible tactic `simp` on line 429!
warning: DefiKernel/Nary/Trace.lean:433:6: `simp at hi` is a flexible tactic modifying `hi`. Try `simp?` and use the suggested `simp only [...]`. Alternatively, use `suffices` to explicitly state the simplified form.

Note: This linter can be disabled with `set_option linter.flexible false`
info: DefiKernel/Nary/Trace.lean:433:6: Try this:
  [apply] simp only [List.take_left'] at hi
info: DefiKernel/Nary/Trace.lean:435:6: `rw [List.take_append_length]`
uses `hi`, which was modified by the flexible tactic `simp` on line 433!
warning: DefiKernel/Nary/Trace.lean:433:6: `simp at hi` is a flexible tactic modifying `hi`. Try `simp?` and use the suggested `simp only [...]`. Alternatively, use `suffices` to explicitly state the simplified form.

Note: This linter can be disabled with `set_option linter.flexible false`
info: DefiKernel/Nary/Trace.lean:433:6: Try this:
  [apply] simp only [List.take_left'] at hi
info: DefiKernel/Nary/Trace.lean:436:6: `rwa [before]`
uses `hi`, which was modified by the flexible tactic `simp` on line 433!
warning: DefiKernel/Nary/Trace.lean:470:12: `simp [refuse_attempts, List.length_append] at hi_lt` is a flexible tactic modifying `hi_lt`. Try `simp?` and use the suggested `simp only [...]`. Alternatively, use `suffices` to explicitly state the simplified form.

Note: This linter can be disabled with `set_option linter.flexible false`
info: DefiKernel/Nary/Trace.lean:471:12: `exact Nat.eq_of_le_of_lt_succ hge hi_lt`
uses `hi_lt`, which was modified by the flexible tactic `simp` on line 470!
warning: DefiKernel/Nary/Trace.lean:474:10: `simp at hi` is a flexible tactic modifying `hi`. Try `simp?` and use the suggested `simp only [...]`. Alternatively, use `suffices` to explicitly state the simplified form.

Note: This linter can be disabled with `set_option linter.flexible false`
info: DefiKernel/Nary/Trace.lean:476:10: `rw [refuse_attempts, List.take_append_length]`
uses `hi`, which was modified by the flexible tactic `simp` on line 474!
warning: DefiKernel/Nary/Trace.lean:488:12: `simp [accept_attempts, List.length_append] at hi_lt` is a flexible tactic modifying `hi_lt`. Try `simp?` and use the suggested `simp only [...]`. Alternatively, use `suffices` to explicitly state the simplified form.

Note: This linter can be disabled with `set_option linter.flexible false`
info: DefiKernel/Nary/Trace.lean:489:12: `exact Nat.eq_of_le_of_lt_succ hge hi_lt`
uses `hi_lt`, which was modified by the flexible tactic `simp` on line 488!
warning: DefiKernel/Nary/Trace.lean:492:10: `simp at hi` is a flexible tactic modifying `hi`. Try `simp?` and use the suggested `simp only [...]`. Alternatively, use `suffices` to explicitly state the simplified form.

Note: This linter can be disabled with `set_option linter.flexible false`
info: DefiKernel/Nary/Trace.lean:494:10: `rw [accept_attempts, List.take_append_length]`
uses `hi`, which was modified by the flexible tactic `simp` on line 492!
warning: DefiKernel/Nary/Trace.lean:515:12: `simp [refuse_attempts, List.length_append] at hi_lt` is a flexible tactic modifying `hi_lt`. Try `simp?` and use the suggested `simp only [...]`. Alternatively, use `suffices` to explicitly state the simplified form.

Note: This linter can be disabled with `set_option linter.flexible false`
info: DefiKernel/Nary/Trace.lean:516:12: `exact Nat.eq_of_le_of_lt_succ hge hi_lt`
uses `hi_lt`, which was modified by the flexible tactic `simp` on line 515!
warning: DefiKernel/Nary/Trace.lean:519:10: `simp at hi` is a flexible tactic modifying `hi`. Try `simp?` and use the suggested `simp only [...]`. Alternatively, use `suffices` to explicitly state the simplified form.

Note: This linter can be disabled with `set_option linter.flexible false`
info: DefiKernel/Nary/Trace.lean:521:10: `rw [refuse_attempts, List.take_append_length]`
uses `hi`, which was modified by the flexible tactic `simp` on line 519!
warning: DefiKernel/Nary/Trace.lean:534:12: `simp [accept_attempts, List.length_append] at hi_lt` is a flexible tactic modifying `hi_lt`. Try `simp?` and use the suggested `simp only [...]`. Alternatively, use `suffices` to explicitly state the simplified form.

Note: This linter can be disabled with `set_option linter.flexible false`
info: DefiKernel/Nary/Trace.lean:535:12: `exact Nat.eq_of_le_of_lt_succ hge hi_lt`
uses `hi_lt`, which was modified by the flexible tactic `simp` on line 534!
warning: DefiKernel/Nary/Trace.lean:538:10: `simp at hi` is a flexible tactic modifying `hi`. Try `simp?` and use the suggested `simp only [...]`. Alternatively, use `suffices` to explicitly state the simplified form.

Note: This linter can be disabled with `set_option linter.flexible false`
info: DefiKernel/Nary/Trace.lean:540:10: `rw [accept_attempts, List.take_append_length]`
uses `hi`, which was modified by the flexible tactic `simp` on line 538!
Build completed successfully (935 jobs).
