DefiKernel/Nary/Preservation.lean:124:74: warning: This simp argument is unused:
  List.map_singleton

Hint: Omit it from the simp argument list.
  [apply] simp [Machine.supply, refuse_world, refuse_attempts, List.map_append, List.sum_append, List.sum_singleton,
    Attempt.supply]

Note: This linter can be disabled with `set_option linter.unusedSimpArgs false`
DefiKernel/Nary/Preservation.lean:125:23: warning: This simp argument is unused:
  List.sum_singleton

Hint: Omit it from the simp argument list.
  [apply] simp [Machine.supply, refuse_world, refuse_attempts, List.map_append, List.map_singleton, List.sum_append,
    Attempt.supply]

Note: This linter can be disabled with `set_option linter.unusedSimpArgs false`
DefiKernel/Nary/Preservation.lean:154:6: warning: This simp argument is unused:
  List.map_singleton

Hint: Omit it from the simp argument list.
  [apply] simp [Machine.cellEffect, refuse_world, refuse_attempts, List.map_append, List.sum_append, List.sum_singleton,
    Attempt.cellEffect]

Note: This linter can be disabled with `set_option linter.unusedSimpArgs false`
DefiKernel/Nary/Preservation.lean:154:43: warning: This simp argument is unused:
  List.sum_singleton

Hint: Omit it from the simp argument list.
  [apply] simp [Machine.cellEffect, refuse_world, refuse_attempts, List.map_append, List.map_singleton, List.sum_append,
    Attempt.cellEffect]

Note: This linter can be disabled with `set_option linter.unusedSimpArgs false`
