⚠ [921/940] Replayed DefiKernel.Typed.Transition
warning: DefiKernel/Typed/Transition.lean:239:20: `simp_all [throw, throwThe]` is a flexible tactic modifying `⊢`. Try `simp_all?` and use the suggested `simp_all only [...]`. Alternatively, use `suffices` to explicitly state the simplified form.

Note: This linter can be disabled with `set_option linter.flexible false`
info: DefiKernel/Typed/Transition.lean:239:20: Try this:
  [apply] simp_all only [or_false, Prod.forall, true_and]
info: DefiKernel/Typed/Transition.lean:244:6: `rename_i args`
modifies the current goal, which was modified by the flexible tactic `simp_all` on line 239!
warning: DefiKernel/Typed/Transition.lean:239:20: `simp_all [throw, throwThe]` is a flexible tactic modifying `⊢`. Try `simp_all?` and use the suggested `simp_all only [...]`. Alternatively, use `suffices` to explicitly state the simplified form.

Note: This linter can be disabled with `set_option linter.flexible false`
info: DefiKernel/Typed/Transition.lean:239:20: Try this:
  [apply] simp_all only [Option.some.injEq, false_or, Prod.forall]
info: DefiKernel/Typed/Transition.lean:244:6: `rename_i args`
modifies the current goal, which was modified by the flexible tactic `simp_all` on line 239!
⚠ [926/940] Replayed DefiKernel.Nary.Schedule
warning: DefiKernel/Nary/Schedule.lean:162:24: This simp argument is unused:
  Nat.add_assoc

Hint: Omit it from the simp argument list.
  [apply] simp [hbeq, hmem, Nat.add_left_comm, Nat.add_comm]

Note: This linter can be disabled with `set_option linter.unusedSimpArgs false`
warning: DefiKernel/Nary/Schedule.lean:263:2: `simp [admit, hv, ha, bind, Except.bind, pure, Except.pure]` is a flexible tactic modifying `⊢`. Try `simp?` and use the suggested `simp only [...]`. Alternatively, use `suffices` to explicitly state the simplified form.

Note: This linter can be disabled with `set_option linter.flexible false`
info: DefiKernel/Nary/Schedule.lean:264:2: `rw [hs']`
modifies the current goal, which was modified by the flexible tactic `simp` on line 263!
⚠ [940/940] Built DefiKernel.Nary.FundedEnabledness (1.3s)
warning: DefiKernel/Nary/FundedEnabledness.lean:95:2: `simp [Evaluated.Valid, Evaluated.stateReadsOK, Evaluated.envReadsOK, Evaluated.domainOK,
    Evaluated.debitsOK, Evaluated.suppliesOK, Evaluated.accountingOK, Evaluated.writesOK,
    producerEval, evaluated, Evaluated.effect, Evaluated.supply]` is a flexible tactic modifying `⊢`. Try `simp?` and use the suggested `simp only [...]`. Alternatively, use `suffices` to explicitly state the simplified form.

Note: This linter can be disabled with `set_option linter.flexible false`
info: DefiKernel/Nary/FundedEnabledness.lean:98:2: `intro d p a`
modifies the current goal, which was modified by the flexible tactic `simp` on line 95!
warning: DefiKernel/Nary/FundedEnabledness.lean:95:2: `simp [Evaluated.Valid, Evaluated.stateReadsOK, Evaluated.envReadsOK, Evaluated.domainOK,
    Evaluated.debitsOK, Evaluated.suppliesOK, Evaluated.accountingOK, Evaluated.writesOK,
    producerEval, evaluated, Evaluated.effect, Evaluated.supply]` is a flexible tactic modifying `⊢`. Try `simp?` and use the suggested `simp only [...]`. Alternatively, use `suffices` to explicitly state the simplified form.

Note: This linter can be disabled with `set_option linter.flexible false`
info: DefiKernel/Nary/FundedEnabledness.lean:99:2: `exact state.nonneg (d, p, a)`
modifies the current goal, which was modified by the flexible tactic `simp` on line 95!
warning: DefiKernel/Nary/FundedEnabledness.lean:132:4: `simp [producer_effect]` is a flexible tactic modifying `⊢`. Try `simp?` and use the suggested `simp only [...]`. Alternatively, use `suffices` to explicitly state the simplified form.

Note: This linter can be disabled with `set_option linter.flexible false`
info: DefiKernel/Nary/FundedEnabledness.lean:133:4: `exact state.nonneg c`
modifies the current goal, which was modified by the flexible tactic `simp` on line 132!
Build completed successfully (940 jobs).
