⚠ [921/940] Replayed DefiKernel.Typed.Transition
warning: DefiKernel/Typed/Transition.lean:239:20: `simp_all [throw, throwThe]` is a flexible tactic modifying `⊢`. Try `simp_all?` and use the suggested `simp_all only [...]`. Alternatively, use `suffices` to explicitly state the simplified form.

Note: This linter can be disabled with `set_option linter.flexible false`
info: DefiKernel/Typed/Transition.lean:239:20: Try this:
  [apply] simp_all only [or_false, Prod.forall, true_and]
info: DefiKernel/Typed/Transition.lean:244:6: `rename_i args`
modifies the current goal, which was modified by the flexible tactic `simp_all` on line 239!
warning: DefiKernel/Typed/Transition.lean:239:20: `simp_all [throw, throwThe]` is a flexible tactic modifying `⊢`. Try `simp_all?` and use the suggested `simp_all only [...]`. Alternatively, use `suffices` to explicitly state the simplified form.

Note: This linter can be disabled with `set_option linter.flexible false`
info: DefiKernel/Typed/Transition.lean:239:20: Try this:
  [apply] simp_all only [Option.some.injEq, false_or, Prod.forall]
info: DefiKernel/Typed/Transition.lean:244:6: `rename_i args`
modifies the current goal, which was modified by the flexible tactic `simp_all` on line 239!
⚠ [926/940] Replayed DefiKernel.Nary.Schedule
warning: DefiKernel/Nary/Schedule.lean:162:24: This simp argument is unused:
  Nat.add_assoc

Hint: Omit it from the simp argument list.
  [apply] simp [hbeq, hmem, Nat.add_left_comm, Nat.add_comm]

Note: This linter can be disabled with `set_option linter.unusedSimpArgs false`
warning: DefiKernel/Nary/Schedule.lean:263:2: `simp [admit, hv, ha, bind, Except.bind, pure, Except.pure]` is a flexible tactic modifying `⊢`. Try `simp?` and use the suggested `simp only [...]`. Alternatively, use `suffices` to explicitly state the simplified form.

Note: This linter can be disabled with `set_option linter.flexible false`
info: DefiKernel/Nary/Schedule.lean:264:2: `rw [hs']`
modifies the current goal, which was modified by the flexible tactic `simp` on line 263!
✖ [940/940] Building DefiKernel.Nary.FundedEnabledness (1.5s)
trace: .> LEAN_PATH=/home/charl/.cache/defiformal-sprint11-builds/proof/.lake/packages/Cli/.lake/build/lib/lean:/home/charl/.cache/defiformal-sprint11-builds/proof/.lake/packages/batteries/.lake/build/lib/lean:/home/charl/.cache/defiformal-sprint11-builds/proof/.lake/packages/Qq/.lake/build/lib/lean:/home/charl/.cache/defiformal-sprint11-builds/proof/.lake/packages/aesop/.lake/build/lib/lean:/home/charl/.cache/defiformal-sprint11-builds/proof/.lake/packages/proofwidgets/.lake/build/lib/lean:/home/charl/.cache/defiformal-sprint11-builds/proof/.lake/packages/importGraph/.lake/build/lib/lean:/home/charl/.cache/defiformal-sprint11-builds/proof/.lake/packages/LeanSearchClient/.lake/build/lib/lean:/home/charl/.cache/defiformal-sprint11-builds/proof/.lake/packages/plausible/.lake/build/lib/lean:/home/charl/.cache/defiformal-sprint11-builds/proof/.lake/packages/mathlib/.lake/build/lib/lean:/home/charl/.cache/defiformal-sprint11-builds/proof/.lake/build/lib/lean /home/charl/.elan/toolchains/leanprover--lean4---v4.33.0-rc2/bin/lean /home/charl/.cache/defiformal-sprint11-builds/proof/DefiKernel/Nary/FundedEnabledness.lean -o /home/charl/.cache/defiformal-sprint11-builds/proof/.lake/build/lib/lean/DefiKernel/Nary/FundedEnabledness.olean -i /home/charl/.cache/defiformal-sprint11-builds/proof/.lake/build/lib/lean/DefiKernel/Nary/FundedEnabledness.ilean -c /home/charl/.cache/defiformal-sprint11-builds/proof/.lake/build/ir/DefiKernel/Nary/FundedEnabledness.c --setup /home/charl/.cache/defiformal-sprint11-builds/proof/.lake/build/ir/DefiKernel/Nary/FundedEnabledness.setup.json --json
warning: DefiKernel/Nary/FundedEnabledness.lean:95:2: `simp [Evaluated.Valid, Evaluated.stateReadsOK, Evaluated.envReadsOK, Evaluated.domainOK,
    Evaluated.debitsOK, Evaluated.suppliesOK, Evaluated.accountingOK, Evaluated.writesOK,
    producerEval, evaluated, Evaluated.effect, Evaluated.supply]` is a flexible tactic modifying `⊢`. Try `simp?` and use the suggested `simp only [...]`. Alternatively, use `suffices` to explicitly state the simplified form.

Note: This linter can be disabled with `set_option linter.flexible false`
info: DefiKernel/Nary/FundedEnabledness.lean:98:2: `intro d p a`
modifies the current goal, which was modified by the flexible tactic `simp` on line 95!
warning: DefiKernel/Nary/FundedEnabledness.lean:95:2: `simp [Evaluated.Valid, Evaluated.stateReadsOK, Evaluated.envReadsOK, Evaluated.domainOK,
    Evaluated.debitsOK, Evaluated.suppliesOK, Evaluated.accountingOK, Evaluated.writesOK,
    producerEval, evaluated, Evaluated.effect, Evaluated.supply]` is a flexible tactic modifying `⊢`. Try `simp?` and use the suggested `simp only [...]`. Alternatively, use `suffices` to explicitly state the simplified form.

Note: This linter can be disabled with `set_option linter.flexible false`
info: DefiKernel/Nary/FundedEnabledness.lean:99:2: `exact state.nonneg (d, p, a)`
modifies the current goal, which was modified by the flexible tactic `simp` on line 95!
warning: DefiKernel/Nary/FundedEnabledness.lean:132:4: `simp [producer_effect]` is a flexible tactic modifying `⊢`. Try `simp?` and use the suggested `simp only [...]`. Alternatively, use `suffices` to explicitly state the simplified form.

Note: This linter can be disabled with `set_option linter.flexible false`
info: DefiKernel/Nary/FundedEnabledness.lean:133:4: `exact state.nonneg c`
modifies the current goal, which was modified by the flexible tactic `simp` on line 132!
error: DefiKernel/Nary/FundedEnabledness.lean:199:6: Tactic `rewrite` failed: Did not find an occurrence of the pattern
  Expr.eval
    { state := state, env := vaultBound.env, caller := vaultBound.ctx.principal, parties := [],
      args := Args.cons 6 Args.nil, now := vaultBound.now }
    (consumerTransfer Party.recipient).guard
in the target expression
  (match
      List.mapM.loop (fun ref ↦ CellRef.resolve vaultBound.ctx.principal [] ref.snd)
        [⟨Asset.usd, { domain := Domain.home, owner := PartyRef.literal Party.vault }⟩] [] with
    | Except.error err => Except.error err
    | Except.ok v =>
      match
        List.mapM.loop (fun ref ↦ CellRef.resolve vaultBound.ctx.principal [] ref.snd)
          [⟨Asset.usd, { domain := Domain.home, owner := PartyRef.literal Party.vault }⟩] [] with
      | Except.error err => Except.error err
      | Except.ok v_1 =>
        match
          List.mapM.loop (fun ref ↦ CellRef.resolve vaultBound.ctx.principal [] ref.snd)
            [⟨Asset.usd, { domain := Domain.home, owner := PartyRef.literal Party.vault }⟩,
              ⟨Asset.usd, { domain := Domain.home, owner := PartyRef.literal Party.recipient }⟩]
            [] with
        | Except.error err => Except.error err
        | Except.ok v_2 =>
          match
            Expr.eval
              { state := state, env := vaultBound.env, caller := vaultBound.ctx.principal, parties := [],
                args := Args.cons 6 Args.nil, now := vaultBound.now }
              (Expr.binary BinaryOp.and
                (Expr.binary (BinaryOp.le (NumericUnit.amount Asset.usd)) (Expr.lit 0) (Expr.arg Var.here))
                (Expr.binary (BinaryOp.le (NumericUnit.amount Asset.usd)) (Expr.arg Var.here)
                  (Expr.balance { domain := Domain.home, owner := PartyRef.literal Party.vault }))) with
          | Except.error err => Except.error err
          | Except.ok v_3 =>
            match
              List.mapM.loop
                (fun d ↦
                  match CellRef.resolve vaultBound.ctx.principal [] d.target with
                  | Except.error err => Except.error err
                  | Except.ok v =>
                    match
                      Expr.eval
                        { state := state, env := vaultBound.env, caller := vaultBound.ctx.principal, parties := [],
                          args := Args.cons 6 Args.nil, now := vaultBound.now }
                        d.amount with
                    | Except.error err => Except.error err
                    | Except.ok v_4 => Except.ok (v, v_4))
                [{ asset := Asset.usd, target := { domain := Domain.home, owner := PartyRef.literal Party.vault },
                    amount := Expr.unary (UnaryOp.neg (NumericUnit.amount Asset.usd)) (Expr.arg Var.here) },
                  { asset := Asset.usd, target := { domain := Domain.home, owner := PartyRef.literal Party.recipient },
                    amount := Expr.arg Var.here }]
                [] with
            | Except.error err => Except.error err
            | Except.ok v_4 =>
              match
                List.mapM.loop
                  (fun d ↦
                    match
                      Expr.eval
                        { state := state, env := vaultBound.env, caller := vaultBound.ctx.principal, parties := [],
                          args := Args.cons 6 Args.nil, now := vaultBound.now }
                        d.amount with
                    | Except.error err => Except.error err
                    | Except.ok v => Except.ok ((d.domain, d.asset), v))
                  [] [] with
              | Except.error err => Except.error err
              | Except.ok v_5 =>
                Except.ok
                  { guard := v_3, deltas := v_4, supplies := v_5, requiredStateReads := v,
                    requiredEnvReads :=
                      { signature := [Unit.amount Asset.usd], domain := Domain.home, partyArity := 0,
                          guard :=
                            Expr.binary BinaryOp.and
                              (Expr.binary (BinaryOp.le (NumericUnit.amount Asset.usd)) (Expr.lit 0)
                                (Expr.arg Var.here))
                              (Expr.binary (BinaryOp.le (NumericUnit.amount Asset.usd)) (Expr.arg Var.here)
                                (Expr.balance { domain := Domain.home, owner := PartyRef.literal Party.vault })),
                          deltas :=
                            [{ asset := Asset.usd,
                                target := { domain := Domain.home, owner := PartyRef.literal Party.vault },
                                amount := Expr.unary (UnaryOp.neg (NumericUnit.amount Asset.usd)) (Expr.arg Var.here) },
                              { asset := Asset.usd,
                                target := { domain := Domain.home, owner := PartyRef.literal Party.recipient },
                                amount := Expr.arg Var.here }],
                          supplyDeltas := [],
                          stateReads := [⟨Asset.usd, { domain := Domain.home, owner := PartyRef.literal Party.vault }⟩],
                          envReads := [],
                          writes :=
                            [⟨Asset.usd, { domain := Domain.home, owner := PartyRef.literal Party.vault }⟩,
                              ⟨Asset.usd,
                                { domain := Domain.home,
                                  owner := PartyRef.literal Party.recipient }⟩] }.requiredEnvReads,
                    declaredStateReads := v_1, declaredEnvReads := [], writes := v_2 }) =
    Except.ok consumerEval

state : State P A D
h : 6 ≤ state.balance vaultC
hg :
  Expr.eval
      { state := state, env := vaultBound.env, caller := vaultBound.ctx.principal, parties := [],
        args := Args.cons 6 Args.nil, now := vaultBound.now }
      (consumerTransfer Party.recipient).guard =
    Except.ok true
⊢ (match
      List.mapM.loop (fun ref ↦ CellRef.resolve vaultBound.ctx.principal [] ref.snd)
        [⟨Asset.usd, { domain := Domain.home, owner := PartyRef.literal Party.vault }⟩] [] with
    | Except.error err => Except.error err
    | Except.ok v =>
      match
        List.mapM.loop (fun ref ↦ CellRef.resolve vaultBound.ctx.principal [] ref.snd)
          [⟨Asset.usd, { domain := Domain.home, owner := PartyRef.literal Party.vault }⟩] [] with
      | Except.error err => Except.error err
      | Except.ok v_1 =>
        match
          List.mapM.loop (fun ref ↦ CellRef.resolve vaultBound.ctx.principal [] ref.snd)
            [⟨Asset.usd, { domain := Domain.home, owner := PartyRef.literal Party.vault }⟩,
              ⟨Asset.usd, { domain := Domain.home, owner := PartyRef.literal Party.recipient }⟩]
            [] with
        | Except.error err => Except.error err
        | Except.ok v_2 =>
          match
            Expr.eval
              { state := state, env := vaultBound.env, caller := vaultBound.ctx.principal, parties := [],
                args := Args.cons 6 Args.nil, now := vaultBound.now }
              (Expr.binary BinaryOp.and
                (Expr.binary (BinaryOp.le (NumericUnit.amount Asset.usd)) (Expr.lit 0) (Expr.arg Var.here))
                (Expr.binary (BinaryOp.le (NumericUnit.amount Asset.usd)) (Expr.arg Var.here)
                  (Expr.balance { domain := Domain.home, owner := PartyRef.literal Party.vault }))) with
          | Except.error err => Except.error err
          | Except.ok v_3 =>
            match
              List.mapM.loop
                (fun d ↦
                  match CellRef.resolve vaultBound.ctx.principal [] d.target with
                  | Except.error err => Except.error err
                  | Except.ok v =>
                    match
                      Expr.eval
                        { state := state, env := vaultBound.env, caller := vaultBound.ctx.principal, parties := [],
                          args := Args.cons 6 Args.nil, now := vaultBound.now }
                        d.amount with
                    | Except.error err => Except.error err
                    | Except.ok v_4 => Except.ok (v, v_4))
                [{ asset := Asset.usd, target := { domain := Domain.home, owner := PartyRef.literal Party.vault },
                    amount := Expr.unary (UnaryOp.neg (NumericUnit.amount Asset.usd)) (Expr.arg Var.here) },
                  { asset := Asset.usd, target := { domain := Domain.home, owner := PartyRef.literal Party.recipient },
                    amount := Expr.arg Var.here }]
                [] with
            | Except.error err => Except.error err
            | Except.ok v_4 =>
              match
                List.mapM.loop
                  (fun d ↦
                    match
                      Expr.eval
                        { state := state, env := vaultBound.env, caller := vaultBound.ctx.principal, parties := [],
                          args := Args.cons 6 Args.nil, now := vaultBound.now }
                        d.amount with
                    | Except.error err => Except.error err
                    | Except.ok v => Except.ok ((d.domain, d.asset), v))
                  [] [] with
              | Except.error err => Except.error err
              | Except.ok v_5 =>
                Except.ok
                  { guard := v_3, deltas := v_4, supplies := v_5, requiredStateReads := v,
                    requiredEnvReads :=
                      { signature := [Unit.amount Asset.usd], domain := Domain.home, partyArity := 0,
                          guard :=
                            Expr.binary BinaryOp.and
                              (Expr.binary (BinaryOp.le (NumericUnit.amount Asset.usd)) (Expr.lit 0)
                                (Expr.arg Var.here))
                              (Expr.binary (BinaryOp.le (NumericUnit.amount Asset.usd)) (Expr.arg Var.here)
                                (Expr.balance { domain := Domain.home, owner := PartyRef.literal Party.vault })),
                          deltas :=
                            [{ asset := Asset.usd,
                                target := { domain := Domain.home, owner := PartyRef.literal Party.vault },
                                amount := Expr.unary (UnaryOp.neg (NumericUnit.amount Asset.usd)) (Expr.arg Var.here) },
                              { asset := Asset.usd,
                                target := { domain := Domain.home, owner := PartyRef.literal Party.recipient },
                                amount := Expr.arg Var.here }],
                          supplyDeltas := [],
                          stateReads := [⟨Asset.usd, { domain := Domain.home, owner := PartyRef.literal Party.vault }⟩],
                          envReads := [],
                          writes :=
                            [⟨Asset.usd, { domain := Domain.home, owner := PartyRef.literal Party.vault }⟩,
                              ⟨Asset.usd,
                                { domain := Domain.home,
                                  owner := PartyRef.literal Party.recipient }⟩] }.requiredEnvReads,
                    declaredStateReads := v_1, declaredEnvReads := [], writes := v_2 }) =
    Except.ok consumerEval
error: DefiKernel/Nary/FundedEnabledness.lean:208:2: Type mismatch
  consumer_evaluate pre.state h
has type
  (consumerTransfer Party.recipient).evaluate
      { state := pre.state, env := vaultBound.env, caller := vaultBound.ctx.principal, parties := [],
        args := Args.cons 6 Args.nil, now := vaultBound.now } =
    Except.ok consumerEval
but is expected to have type
  (match
      match Args.check (consumerTransfer Party.recipient).signature consumerRequest.arguments with
      | Except.error err => Except.error Failure.internalReceipt
      | Except.ok v => Except.ok v with
    | Except.error err => Except.error err
    | Except.ok v =>
      match
        (consumerTransfer Party.recipient).evaluate
          { state := pre.state, env := vaultBound.env, caller := vaultBound.ctx.principal,
            parties := consumerRequest.parties, args := v, now := vaultBound.now } with
      | Except.error err => Except.error Failure.internalReceipt
      | Except.ok v => Except.ok v) =
    Except.ok consumerEval
warning: DefiKernel/Nary/FundedEnabledness.lean:207:28: This simp argument is unused:
  consumer_args

Hint: Omit it from the simp argument list.
  [apply] simp [extractReceipt, ht, bind, Except.bind, Except.mapError]

Note: This linter can be disabled with `set_option linter.unusedSimpArgs false`
error: DefiKernel/Nary/FundedEnabledness.lean:234:4: Type mismatch
  sub_nonneg.mpr h
has type
  0 ≤ state.balance vaultC - 6
but is expected to have type
  0 ≤ state.balance vaultC + (-6 + if vaultC = recipientC then 6 else 0)
error: DefiKernel/Nary/FundedEnabledness.lean:238:49: Application type mismatch: The argument
  ?m.90
has type
  0 ≤ 6
but is expected to have type
  0 ≤ (if recipientC = vaultC then -6 else 0) + 6
in the application
  add_nonneg (state.nonneg recipientC) ?m.90
error: DefiKernel/Nary/FundedEnabledness.lean:288:38: don't know how to synthesize placeholder for argument `state`
context:
state : State P A D
hvault : 6 ≤ { state := state, capabilities := f10Store }.state.balance vaultC
hvault' : 6 ≤ state.balance vaultC
hn : ∀ (c : Cell P A D), 0 ≤ state.balance c + consumerEval.effect c
post : W := ⋯
hx :
  execute f10Cfg.registry f10Store vaultBound.ctx vaultBound.env vaultBound.now consumerRequest state = Except.ok post
hstep :
  executeStep f10Cfg vaultBound 1 [budgetOut 0] (Step.invoke inv201) { state := state, capabilities := f10Store } =
    Except.ok
      { world := post, receipt := Receipt.invoked consumerRequest consumerEval,
        outputs := snapshots 1 inv201.component consumerIface post.state }
⊢ State P A D
error: DefiKernel/Nary/FundedEnabledness.lean:274:62: unsolved goals
state : State P A D
hvault : 6 ≤ { state := state, capabilities := f10Store }.state.balance vaultC
hvault' : 6 ≤ state.balance vaultC
hn : ∀ (c : Cell P A D), 0 ≤ state.balance c + consumerEval.effect c
post : W := applyWorld state f10Store consumerEval hn
hx :
  execute f10Cfg.registry f10Store vaultBound.ctx vaultBound.env vaultBound.now consumerRequest state = Except.ok post
hstep :
  executeStep f10Cfg vaultBound 1 [budgetOut 0] (Step.invoke inv201) { state := state, capabilities := f10Store } =
    Except.ok
      { world := post, receipt := Receipt.invoked consumerRequest consumerEval,
        outputs := snapshots 1 inv201.component consumerIface post.state }
⊢ executeStep f10Cfg (f10Bounds 0 1) 1 [budgetOut 0] (Step.invoke inv201) { state := state, capabilities := f10Store } =
      Except.ok
        { world := post, receipt := Receipt.invoked consumerRequest consumerEval,
          outputs := snapshots 1 inv201.component consumerIface post.state } ∧
    { world := post, receipt := Receipt.invoked consumerRequest consumerEval,
            outputs := snapshots 1 inv201.component consumerIface post.state }.receipt =
        rec201 ∧
      { world := post, receipt := Receipt.invoked consumerRequest consumerEval,
              outputs := snapshots 1 inv201.component consumerIface post.state }.outputs =
          [] ∧
        { world := post, receipt := Receipt.invoked consumerRequest consumerEval,
                  outputs := snapshots 1 inv201.component consumerIface post.state }.world.capabilities =
            f10Store ∧
          { world := post, receipt := Receipt.invoked consumerRequest consumerEval,
                        outputs := snapshots 1 inv201.component consumerIface post.state }.world.state.balance
                vaultC =
              { state := state, capabilities := f10Store }.state.balance vaultC - 6 ∧
            { world := post, receipt := Receipt.invoked consumerRequest consumerEval,
                          outputs := snapshots 1 inv201.component consumerIface post.state }.world.state.balance
                  recipientC =
                { state := state, capabilities := f10Store }.state.balance recipientC + 6 ∧
              ∀ (c : C),
                c ≠ vaultC →
                  c ≠ recipientC →
                    { world := post, receipt := Receipt.invoked consumerRequest consumerEval,
                                outputs := snapshots 1 inv201.component consumerIface post.state }.world.state.balance
                        c =
                      { state := state, capabilities := f10Store }.state.balance c
error: Lean exited with code 1
Some required targets logged failures:
- DefiKernel.Nary.FundedEnabledness
