⚠ [921/940] Replayed DefiKernel.Typed.Transition
warning: DefiKernel/Typed/Transition.lean:239:20: `simp_all [throw, throwThe]` is a flexible tactic modifying `⊢`. Try `simp_all?` and use the suggested `simp_all only [...]`. Alternatively, use `suffices` to explicitly state the simplified form.

Note: This linter can be disabled with `set_option linter.flexible false`
info: DefiKernel/Typed/Transition.lean:239:20: Try this:
  [apply] simp_all only [or_false, Prod.forall, true_and]
info: DefiKernel/Typed/Transition.lean:244:6: `rename_i args`
modifies the current goal, which was modified by the flexible tactic `simp_all` on line 239!
warning: DefiKernel/Typed/Transition.lean:239:20: `simp_all [throw, throwThe]` is a flexible tactic modifying `⊢`. Try `simp_all?` and use the suggested `simp_all only [...]`. Alternatively, use `suffices` to explicitly state the simplified form.

Note: This linter can be disabled with `set_option linter.flexible false`
info: DefiKernel/Typed/Transition.lean:239:20: Try this:
  [apply] simp_all only [Option.some.injEq, false_or, Prod.forall]
info: DefiKernel/Typed/Transition.lean:244:6: `rename_i args`
modifies the current goal, which was modified by the flexible tactic `simp_all` on line 239!
⚠ [926/940] Replayed DefiKernel.Nary.Schedule
warning: DefiKernel/Nary/Schedule.lean:162:24: This simp argument is unused:
  Nat.add_assoc

Hint: Omit it from the simp argument list.
  [apply] simp [hbeq, hmem, Nat.add_left_comm, Nat.add_comm]

Note: This linter can be disabled with `set_option linter.unusedSimpArgs false`
warning: DefiKernel/Nary/Schedule.lean:263:2: `simp [admit, hv, ha, bind, Except.bind, pure, Except.pure]` is a flexible tactic modifying `⊢`. Try `simp?` and use the suggested `simp only [...]`. Alternatively, use `suffices` to explicitly state the simplified form.

Note: This linter can be disabled with `set_option linter.flexible false`
info: DefiKernel/Nary/Schedule.lean:264:2: `rw [hs']`
modifies the current goal, which was modified by the flexible tactic `simp` on line 263!
✖ [940/940] Building DefiKernel.Nary.FundedEnabledness (1.4s)
trace: .> LEAN_PATH=/home/charl/.cache/defiformal-sprint11-builds/proof/.lake/packages/Cli/.lake/build/lib/lean:/home/charl/.cache/defiformal-sprint11-builds/proof/.lake/packages/batteries/.lake/build/lib/lean:/home/charl/.cache/defiformal-sprint11-builds/proof/.lake/packages/Qq/.lake/build/lib/lean:/home/charl/.cache/defiformal-sprint11-builds/proof/.lake/packages/aesop/.lake/build/lib/lean:/home/charl/.cache/defiformal-sprint11-builds/proof/.lake/packages/proofwidgets/.lake/build/lib/lean:/home/charl/.cache/defiformal-sprint11-builds/proof/.lake/packages/importGraph/.lake/build/lib/lean:/home/charl/.cache/defiformal-sprint11-builds/proof/.lake/packages/LeanSearchClient/.lake/build/lib/lean:/home/charl/.cache/defiformal-sprint11-builds/proof/.lake/packages/plausible/.lake/build/lib/lean:/home/charl/.cache/defiformal-sprint11-builds/proof/.lake/packages/mathlib/.lake/build/lib/lean:/home/charl/.cache/defiformal-sprint11-builds/proof/.lake/build/lib/lean /home/charl/.elan/toolchains/leanprover--lean4---v4.33.0-rc2/bin/lean /home/charl/.cache/defiformal-sprint11-builds/proof/DefiKernel/Nary/FundedEnabledness.lean -o /home/charl/.cache/defiformal-sprint11-builds/proof/.lake/build/lib/lean/DefiKernel/Nary/FundedEnabledness.olean -i /home/charl/.cache/defiformal-sprint11-builds/proof/.lake/build/lib/lean/DefiKernel/Nary/FundedEnabledness.ilean -c /home/charl/.cache/defiformal-sprint11-builds/proof/.lake/build/ir/DefiKernel/Nary/FundedEnabledness.c --setup /home/charl/.cache/defiformal-sprint11-builds/proof/.lake/build/ir/DefiKernel/Nary/FundedEnabledness.setup.json --json
warning: DefiKernel/Nary/FundedEnabledness.lean:95:2: `simp [Evaluated.Valid, Evaluated.stateReadsOK, Evaluated.envReadsOK, Evaluated.domainOK,
    Evaluated.debitsOK, Evaluated.suppliesOK, Evaluated.accountingOK, Evaluated.writesOK,
    producerEval, evaluated, Evaluated.effect, Evaluated.supply]` is a flexible tactic modifying `⊢`. Try `simp?` and use the suggested `simp only [...]`. Alternatively, use `suffices` to explicitly state the simplified form.

Note: This linter can be disabled with `set_option linter.flexible false`
info: DefiKernel/Nary/FundedEnabledness.lean:98:2: `intro d p a`
modifies the current goal, which was modified by the flexible tactic `simp` on line 95!
warning: DefiKernel/Nary/FundedEnabledness.lean:95:2: `simp [Evaluated.Valid, Evaluated.stateReadsOK, Evaluated.envReadsOK, Evaluated.domainOK,
    Evaluated.debitsOK, Evaluated.suppliesOK, Evaluated.accountingOK, Evaluated.writesOK,
    producerEval, evaluated, Evaluated.effect, Evaluated.supply]` is a flexible tactic modifying `⊢`. Try `simp?` and use the suggested `simp only [...]`. Alternatively, use `suffices` to explicitly state the simplified form.

Note: This linter can be disabled with `set_option linter.flexible false`
info: DefiKernel/Nary/FundedEnabledness.lean:99:2: `exact state.nonneg (d, p, a)`
modifies the current goal, which was modified by the flexible tactic `simp` on line 95!
warning: DefiKernel/Nary/FundedEnabledness.lean:132:4: `simp [producer_effect]` is a flexible tactic modifying `⊢`. Try `simp?` and use the suggested `simp only [...]`. Alternatively, use `suffices` to explicitly state the simplified form.

Note: This linter can be disabled with `set_option linter.flexible false`
info: DefiKernel/Nary/FundedEnabledness.lean:133:4: `exact state.nonneg c`
modifies the current goal, which was modified by the flexible tactic `simp` on line 132!
error: DefiKernel/Nary/FundedEnabledness.lean:231:2: `simp` made no progress

Note: The target expression is not type-correct under the `implicit` transparency level, which may have triggered the failure. This is usually caused by unfolding of semireducible definitions in prior tactic steps. Use `set_option linter.tacticCheckInstances true` to investigate the source of the issue.
Full error:
  Application type mismatch: The argument
    Args.cons 6 Args.nil
  has type
    @Args A [Unit.amount Asset.usd]
  but is expected to have type
    @Args A (consumerTransfer Party.recipient).signature
  in the application
    EvalContext.mk state vaultBound.env vaultBound.ctx.principal [] (Args.cons 6 Args.nil)
error: DefiKernel/Nary/FundedEnabledness.lean:243:2: Type mismatch: After simplification, term
  consumer_evaluate pre.state h
 has type
  (consumerTransfer Party.recipient).evaluate
      { state := pre.state, env := vaultBound.env, caller := vaultBound.ctx.principal, parties := [],
        args := Args.cons 6 Args.nil, now := vaultBound.now } =
    Except.ok consumerEval
but is expected to have type
  (match
      (consumerTransfer Party.recipient).evaluate
        { state := pre.state, env := vaultBound.env, caller := vaultBound.ctx.principal,
          parties := consumerRequest.parties, args := Args.cons 6 Args.nil, now := vaultBound.now } with
    | Except.error err => Except.error Failure.internalReceipt
    | Except.ok v => Except.ok v) =
    Except.ok consumerEval
warning: DefiKernel/Nary/FundedEnabledness.lean:241:13: This simp argument is unused:
  bind

Hint: Omit it from the simp argument list.
  [apply] simp only [Except.bind, Except.mapError]

Note: This linter can be disabled with `set_option linter.unusedSimpArgs false`
warning: DefiKernel/Nary/FundedEnabledness.lean:241:19: This simp argument is unused:
  Except.bind

Hint: Omit it from the simp argument list.
  [apply] simp only [bind, Except.mapError]

Note: This linter can be disabled with `set_option linter.unusedSimpArgs false`
warning: DefiKernel/Nary/FundedEnabledness.lean:241:32: This simp argument is unused:
  Except.mapError

Hint: Omit it from the simp argument list.
  [apply] simp only [bind, Except.bind]

Note: This linter can be disabled with `set_option linter.unusedSimpArgs false`
warning: DefiKernel/Nary/FundedEnabledness.lean:242:23: This simp argument is unused:
  Except.mapError

Hint: Omit it from the simp argument list.
  [apply] simp [consumer_args, bind, Except.bind]

Note: This linter can be disabled with `set_option linter.unusedSimpArgs false`
warning: DefiKernel/Nary/FundedEnabledness.lean:242:40: This simp argument is unused:
  bind

Hint: Omit it from the simp argument list.
  [apply] simp [consumer_args, Except.mapError, Except.bind]

Note: This linter can be disabled with `set_option linter.unusedSimpArgs false`
warning: DefiKernel/Nary/FundedEnabledness.lean:242:46: This simp argument is unused:
  Except.bind

Hint: Omit it from the simp argument list.
  [apply] simp [consumer_args, Except.mapError, bind]

Note: This linter can be disabled with `set_option linter.unusedSimpArgs false`
error: DefiKernel/Nary/FundedEnabledness.lean:252:2: unsolved goals
case pos
⊢ ¬recipientC = vaultC
error: DefiKernel/Nary/FundedEnabledness.lean:255:4: unsolved goals
case pos
hv : ¬recipientC = vaultC
⊢ ¬vaultC = recipientC
warning: DefiKernel/Nary/FundedEnabledness.lean:253:10: This simp argument is unused:
  vaultC_ne_recipientC

Hint: Omit it from the simp argument list.
  [apply] simp

Note: This linter can be disabled with `set_option linter.unusedSimpArgs false`
error: DefiKernel/Nary/FundedEnabledness.lean:280:4: Type mismatch
  state.nonneg c
has type
  0 ≤ state.balance c
but is expected to have type
  0 ≤ state.balance c + 0
error: DefiKernel/Nary/FundedEnabledness.lean:329:38: don't know how to synthesize placeholder for argument `state`
context:
state : State P A D
hvault : 6 ≤ { state := state, capabilities := f10Store }.state.balance vaultC
hvault' : 6 ≤ state.balance vaultC
hn : ∀ (c : Cell P A D), 0 ≤ state.balance c + consumerEval.effect c
post : W := ⋯
hx :
  execute f10Cfg.registry f10Store vaultBound.ctx vaultBound.env vaultBound.now consumerRequest state = Except.ok post
hstep :
  executeStep f10Cfg vaultBound 1 [budgetOut 0] (Step.invoke inv201) { state := state, capabilities := f10Store } =
    Except.ok
      { world := post, receipt := Receipt.invoked consumerRequest consumerEval,
        outputs := snapshots 1 inv201.component consumerIface post.state }
⊢ State P A D
error: DefiKernel/Nary/FundedEnabledness.lean:314:62: unsolved goals
state : State P A D
hvault : 6 ≤ { state := state, capabilities := f10Store }.state.balance vaultC
hvault' : 6 ≤ state.balance vaultC
hn : ∀ (c : Cell P A D), 0 ≤ state.balance c + consumerEval.effect c
post : W := applyWorld state f10Store consumerEval hn
hx :
  execute f10Cfg.registry f10Store vaultBound.ctx vaultBound.env vaultBound.now consumerRequest state = Except.ok post
hstep :
  executeStep f10Cfg vaultBound 1 [budgetOut 0] (Step.invoke inv201) { state := state, capabilities := f10Store } =
    Except.ok
      { world := post, receipt := Receipt.invoked consumerRequest consumerEval,
        outputs := snapshots 1 inv201.component consumerIface post.state }
⊢ executeStep f10Cfg (f10Bounds 0 1) 1 [budgetOut 0] (Step.invoke inv201) { state := state, capabilities := f10Store } =
      Except.ok
        { world := post, receipt := Receipt.invoked consumerRequest consumerEval,
          outputs := snapshots 1 inv201.component consumerIface post.state } ∧
    { world := post, receipt := Receipt.invoked consumerRequest consumerEval,
            outputs := snapshots 1 inv201.component consumerIface post.state }.receipt =
        rec201 ∧
      { world := post, receipt := Receipt.invoked consumerRequest consumerEval,
              outputs := snapshots 1 inv201.component consumerIface post.state }.outputs =
          [] ∧
        { world := post, receipt := Receipt.invoked consumerRequest consumerEval,
                  outputs := snapshots 1 inv201.component consumerIface post.state }.world.capabilities =
            f10Store ∧
          { world := post, receipt := Receipt.invoked consumerRequest consumerEval,
                        outputs := snapshots 1 inv201.component consumerIface post.state }.world.state.balance
                vaultC =
              { state := state, capabilities := f10Store }.state.balance vaultC - 6 ∧
            { world := post, receipt := Receipt.invoked consumerRequest consumerEval,
                          outputs := snapshots 1 inv201.component consumerIface post.state }.world.state.balance
                  recipientC =
                { state := state, capabilities := f10Store }.state.balance recipientC + 6 ∧
              ∀ (c : C),
                c ≠ vaultC →
                  c ≠ recipientC →
                    { world := post, receipt := Receipt.invoked consumerRequest consumerEval,
                                outputs := snapshots 1 inv201.component consumerIface post.state }.world.state.balance
                        c =
                      { state := state, capabilities := f10Store }.state.balance c
error: Lean exited with code 1
Some required targets logged failures:
- DefiKernel.Nary.FundedEnabledness
