⚠ [921/940] Replayed DefiKernel.Typed.Transition
warning: DefiKernel/Typed/Transition.lean:239:20: `simp_all [throw, throwThe]` is a flexible tactic modifying `⊢`. Try `simp_all?` and use the suggested `simp_all only [...]`. Alternatively, use `suffices` to explicitly state the simplified form.

Note: This linter can be disabled with `set_option linter.flexible false`
info: DefiKernel/Typed/Transition.lean:239:20: Try this:
  [apply] simp_all only [or_false, Prod.forall, true_and]
info: DefiKernel/Typed/Transition.lean:244:6: `rename_i args`
modifies the current goal, which was modified by the flexible tactic `simp_all` on line 239!
warning: DefiKernel/Typed/Transition.lean:239:20: `simp_all [throw, throwThe]` is a flexible tactic modifying `⊢`. Try `simp_all?` and use the suggested `simp_all only [...]`. Alternatively, use `suffices` to explicitly state the simplified form.

Note: This linter can be disabled with `set_option linter.flexible false`
info: DefiKernel/Typed/Transition.lean:239:20: Try this:
  [apply] simp_all only [Option.some.injEq, false_or, Prod.forall]
info: DefiKernel/Typed/Transition.lean:244:6: `rename_i args`
modifies the current goal, which was modified by the flexible tactic `simp_all` on line 239!
⚠ [926/940] Replayed DefiKernel.Nary.Schedule
warning: DefiKernel/Nary/Schedule.lean:162:24: This simp argument is unused:
  Nat.add_assoc

Hint: Omit it from the simp argument list.
  [apply] simp [hbeq, hmem, Nat.add_left_comm, Nat.add_comm]

Note: This linter can be disabled with `set_option linter.unusedSimpArgs false`
warning: DefiKernel/Nary/Schedule.lean:263:2: `simp [admit, hv, ha, bind, Except.bind, pure, Except.pure]` is a flexible tactic modifying `⊢`. Try `simp?` and use the suggested `simp only [...]`. Alternatively, use `suffices` to explicitly state the simplified form.

Note: This linter can be disabled with `set_option linter.flexible false`
info: DefiKernel/Nary/Schedule.lean:264:2: `rw [hs']`
modifies the current goal, which was modified by the flexible tactic `simp` on line 263!
✖ [940/940] Building DefiKernel.Nary.FundedEnabledness (2.1s)
trace: .> LEAN_PATH=/home/charl/.cache/defiformal-sprint11-builds/proof/.lake/packages/Cli/.lake/build/lib/lean:/home/charl/.cache/defiformal-sprint11-builds/proof/.lake/packages/batteries/.lake/build/lib/lean:/home/charl/.cache/defiformal-sprint11-builds/proof/.lake/packages/Qq/.lake/build/lib/lean:/home/charl/.cache/defiformal-sprint11-builds/proof/.lake/packages/aesop/.lake/build/lib/lean:/home/charl/.cache/defiformal-sprint11-builds/proof/.lake/packages/proofwidgets/.lake/build/lib/lean:/home/charl/.cache/defiformal-sprint11-builds/proof/.lake/packages/importGraph/.lake/build/lib/lean:/home/charl/.cache/defiformal-sprint11-builds/proof/.lake/packages/LeanSearchClient/.lake/build/lib/lean:/home/charl/.cache/defiformal-sprint11-builds/proof/.lake/packages/plausible/.lake/build/lib/lean:/home/charl/.cache/defiformal-sprint11-builds/proof/.lake/packages/mathlib/.lake/build/lib/lean:/home/charl/.cache/defiformal-sprint11-builds/proof/.lake/build/lib/lean /home/charl/.elan/toolchains/leanprover--lean4---v4.33.0-rc2/bin/lean /home/charl/.cache/defiformal-sprint11-builds/proof/DefiKernel/Nary/FundedEnabledness.lean -o /home/charl/.cache/defiformal-sprint11-builds/proof/.lake/build/lib/lean/DefiKernel/Nary/FundedEnabledness.olean -i /home/charl/.cache/defiformal-sprint11-builds/proof/.lake/build/lib/lean/DefiKernel/Nary/FundedEnabledness.ilean -c /home/charl/.cache/defiformal-sprint11-builds/proof/.lake/build/ir/DefiKernel/Nary/FundedEnabledness.c --setup /home/charl/.cache/defiformal-sprint11-builds/proof/.lake/build/ir/DefiKernel/Nary/FundedEnabledness.setup.json --json
warning: DefiKernel/Nary/FundedEnabledness.lean:95:2: `simp [Evaluated.Valid, Evaluated.stateReadsOK, Evaluated.envReadsOK, Evaluated.domainOK,
    Evaluated.debitsOK, Evaluated.suppliesOK, Evaluated.accountingOK, Evaluated.writesOK,
    producerEval, evaluated, Evaluated.effect, Evaluated.supply]` is a flexible tactic modifying `⊢`. Try `simp?` and use the suggested `simp only [...]`. Alternatively, use `suffices` to explicitly state the simplified form.

Note: This linter can be disabled with `set_option linter.flexible false`
info: DefiKernel/Nary/FundedEnabledness.lean:98:2: `intro d p a`
modifies the current goal, which was modified by the flexible tactic `simp` on line 95!
warning: DefiKernel/Nary/FundedEnabledness.lean:95:2: `simp [Evaluated.Valid, Evaluated.stateReadsOK, Evaluated.envReadsOK, Evaluated.domainOK,
    Evaluated.debitsOK, Evaluated.suppliesOK, Evaluated.accountingOK, Evaluated.writesOK,
    producerEval, evaluated, Evaluated.effect, Evaluated.supply]` is a flexible tactic modifying `⊢`. Try `simp?` and use the suggested `simp only [...]`. Alternatively, use `suffices` to explicitly state the simplified form.

Note: This linter can be disabled with `set_option linter.flexible false`
info: DefiKernel/Nary/FundedEnabledness.lean:99:2: `exact state.nonneg (d, p, a)`
modifies the current goal, which was modified by the flexible tactic `simp` on line 95!
warning: DefiKernel/Nary/FundedEnabledness.lean:132:4: `simp [producer_effect]` is a flexible tactic modifying `⊢`. Try `simp?` and use the suggested `simp only [...]`. Alternatively, use `suffices` to explicitly state the simplified form.

Note: This linter can be disabled with `set_option linter.flexible false`
info: DefiKernel/Nary/FundedEnabledness.lean:133:4: `exact state.nonneg c`
modifies the current goal, which was modified by the flexible tactic `simp` on line 132!
warning: DefiKernel/Nary/FundedEnabledness.lean:255:13: This simp argument is unused:
  bind

Hint: Omit it from the simp argument list.
  [apply] simp only [Except.bind, Except.mapError]

Note: This linter can be disabled with `set_option linter.unusedSimpArgs false`
warning: DefiKernel/Nary/FundedEnabledness.lean:255:19: This simp argument is unused:
  Except.bind

Hint: Omit it from the simp argument list.
  [apply] simp only [bind, Except.mapError]

Note: This linter can be disabled with `set_option linter.unusedSimpArgs false`
warning: DefiKernel/Nary/FundedEnabledness.lean:255:32: This simp argument is unused:
  Except.mapError

Hint: Omit it from the simp argument list.
  [apply] simp only [bind, Except.bind]

Note: This linter can be disabled with `set_option linter.unusedSimpArgs false`
warning: DefiKernel/Nary/FundedEnabledness.lean:257:13: This simp argument is unused:
  Except.mapError

Hint: Omit it from the simp argument list.
  [apply] simp only [bind, Except.bind]

Note: This linter can be disabled with `set_option linter.unusedSimpArgs false`
warning: DefiKernel/Nary/FundedEnabledness.lean:257:30: This simp argument is unused:
  bind

Hint: Omit it from the simp argument list.
  [apply] simp only [Except.mapError, Except.bind]

Note: This linter can be disabled with `set_option linter.unusedSimpArgs false`
warning: DefiKernel/Nary/FundedEnabledness.lean:257:36: This simp argument is unused:
  Except.bind

Hint: Omit it from the simp argument list.
  [apply] simp only [Except.mapError, bind]

Note: This linter can be disabled with `set_option linter.unusedSimpArgs false`
warning: DefiKernel/Nary/FundedEnabledness.lean:271:19: This simp argument is unused:
  eq_comm

Hint: Omit it from the simp argument list.
  [apply] simp [vaultC_ne_recipientC.symm]

Note: This linter can be disabled with `set_option linter.unusedSimpArgs false`
warning: DefiKernel/Nary/FundedEnabledness.lean:268:2: `simp [consumerEval, evaluated, Evaluated.effect]` is a flexible tactic modifying `⊢`. Try `simp?` and use the suggested `simp only [...]`. Alternatively, use `suffices` to explicitly state the simplified form.

Note: This linter can be disabled with `set_option linter.flexible false`
info: DefiKernel/Nary/FundedEnabledness.lean:270:4: `exact (vaultC_ne_recipientC (hv.symm.trans hr)).elim`
modifies the current goal, which was modified by the flexible tactic `simp` on line 268!
warning: DefiKernel/Nary/FundedEnabledness.lean:480:13: This simp argument is unused:
  bind

Hint: Omit it from the simp argument list.
  [apply] simp only [Except.bind, Except.mapError]

Note: This linter can be disabled with `set_option linter.unusedSimpArgs false`
warning: DefiKernel/Nary/FundedEnabledness.lean:480:19: This simp argument is unused:
  Except.bind

Hint: Omit it from the simp argument list.
  [apply] simp only [bind, Except.mapError]

Note: This linter can be disabled with `set_option linter.unusedSimpArgs false`
warning: DefiKernel/Nary/FundedEnabledness.lean:480:32: This simp argument is unused:
  Except.mapError

Hint: Omit it from the simp argument list.
  [apply] simp only [bind, Except.bind]

Note: This linter can be disabled with `set_option linter.unusedSimpArgs false`
warning: DefiKernel/Nary/FundedEnabledness.lean:482:13: This simp argument is unused:
  Except.mapError

Hint: Omit it from the simp argument list.
  [apply] simp only [bind, Except.bind]

Note: This linter can be disabled with `set_option linter.unusedSimpArgs false`
warning: DefiKernel/Nary/FundedEnabledness.lean:482:30: This simp argument is unused:
  bind

Hint: Omit it from the simp argument list.
  [apply] simp only [Except.mapError, Except.bind]

Note: This linter can be disabled with `set_option linter.unusedSimpArgs false`
warning: DefiKernel/Nary/FundedEnabledness.lean:482:36: This simp argument is unused:
  Except.bind

Hint: Omit it from the simp argument list.
  [apply] simp only [Except.mapError, bind]

Note: This linter can be disabled with `set_option linter.unusedSimpArgs false`
warning: DefiKernel/Nary/FundedEnabledness.lean:479:100: This line exceeds the 100 character limit, please shorten it!

Note: This linter can be disabled with `set_option linter.style.longLine false`
warning: DefiKernel/Nary/FundedEnabledness.lean:493:13: This simp argument is unused:
  bind

Hint: Omit it from the simp argument list.
  [apply] simp only [Except.bind, Except.mapError]

Note: This linter can be disabled with `set_option linter.unusedSimpArgs false`
warning: DefiKernel/Nary/FundedEnabledness.lean:493:19: This simp argument is unused:
  Except.bind

Hint: Omit it from the simp argument list.
  [apply] simp only [bind, Except.mapError]

Note: This linter can be disabled with `set_option linter.unusedSimpArgs false`
warning: DefiKernel/Nary/FundedEnabledness.lean:493:32: This simp argument is unused:
  Except.mapError

Hint: Omit it from the simp argument list.
  [apply] simp only [bind, Except.bind]

Note: This linter can be disabled with `set_option linter.unusedSimpArgs false`
warning: DefiKernel/Nary/FundedEnabledness.lean:495:13: This simp argument is unused:
  Except.mapError

Hint: Omit it from the simp argument list.
  [apply] simp only [bind, Except.bind]

Note: This linter can be disabled with `set_option linter.unusedSimpArgs false`
warning: DefiKernel/Nary/FundedEnabledness.lean:495:30: This simp argument is unused:
  bind

Hint: Omit it from the simp argument list.
  [apply] simp only [Except.mapError, Except.bind]

Note: This linter can be disabled with `set_option linter.unusedSimpArgs false`
warning: DefiKernel/Nary/FundedEnabledness.lean:495:36: This simp argument is unused:
  Except.bind

Hint: Omit it from the simp argument list.
  [apply] simp only [Except.mapError, bind]

Note: This linter can be disabled with `set_option linter.unusedSimpArgs false`
warning: DefiKernel/Nary/FundedEnabledness.lean:492:100: This line exceeds the 100 character limit, please shorten it!

Note: This linter can be disabled with `set_option linter.style.longLine false`
error: DefiKernel/Nary/FundedEnabledness.lean:512:4: unsolved goals
case pos
h1 : ¬vaultC = donor1C
⊢ vaultC = donor1C → 1 = -1
error: DefiKernel/Nary/FundedEnabledness.lean:524:4: unsolved goals
case pos
h1 : ¬vaultC = donor2C
⊢ vaultC = donor2C → 2 = -2
error: Lean exited with code 1
Some required targets logged failures:
- DefiKernel.Nary.FundedEnabledness
