⚠ [921/929] Replayed DefiKernel.Typed.Transition
warning: DefiKernel/Typed/Transition.lean:239:20: `simp_all [throw, throwThe]` is a flexible tactic modifying `⊢`. Try `simp_all?` and use the suggested `simp_all only [...]`. Alternatively, use `suffices` to explicitly state the simplified form.

Note: This linter can be disabled with `set_option linter.flexible false`
info: DefiKernel/Typed/Transition.lean:239:20: Try this:
  [apply] simp_all only [or_false, Prod.forall, true_and]
info: DefiKernel/Typed/Transition.lean:244:6: `rename_i args`
modifies the current goal, which was modified by the flexible tactic `simp_all` on line 239!
warning: DefiKernel/Typed/Transition.lean:239:20: `simp_all [throw, throwThe]` is a flexible tactic modifying `⊢`. Try `simp_all?` and use the suggested `simp_all only [...]`. Alternatively, use `suffices` to explicitly state the simplified form.

Note: This linter can be disabled with `set_option linter.flexible false`
info: DefiKernel/Typed/Transition.lean:239:20: Try this:
  [apply] simp_all only [Option.some.injEq, false_or, Prod.forall]
info: DefiKernel/Typed/Transition.lean:244:6: `rename_i args`
modifies the current goal, which was modified by the flexible tactic `simp_all` on line 239!
✖ [929/929] Building DefiKernel.CapabilityProvenance.Trace (1.6s)
trace: .> LEAN_PATH=/home/charl/defiformal-wt-lifecycle-grok-gpt6-20260908/lean/.lake/packages/Cli/.lake/build/lib/lean:/home/charl/defiformal-wt-lifecycle-grok-gpt6-20260908/lean/.lake/packages/batteries/.lake/build/lib/lean:/home/charl/defiformal-wt-lifecycle-grok-gpt6-20260908/lean/.lake/packages/Qq/.lake/build/lib/lean:/home/charl/defiformal-wt-lifecycle-grok-gpt6-20260908/lean/.lake/packages/aesop/.lake/build/lib/lean:/home/charl/defiformal-wt-lifecycle-grok-gpt6-20260908/lean/.lake/packages/proofwidgets/.lake/build/lib/lean:/home/charl/defiformal-wt-lifecycle-grok-gpt6-20260908/lean/.lake/packages/importGraph/.lake/build/lib/lean:/home/charl/defiformal-wt-lifecycle-grok-gpt6-20260908/lean/.lake/packages/LeanSearchClient/.lake/build/lib/lean:/home/charl/defiformal-wt-lifecycle-grok-gpt6-20260908/lean/.lake/packages/plausible/.lake/build/lib/lean:/home/charl/defiformal-wt-lifecycle-grok-gpt6-20260908/lean/.lake/packages/mathlib/.lake/build/lib/lean:/home/charl/defiformal-wt-lifecycle-grok-gpt6-20260908/lean/.lake/build/lib/lean /home/charl/.elan/toolchains/leanprover--lean4---v4.33.0-rc2/bin/lean /home/charl/defiformal-wt-lifecycle-grok-gpt6-20260908/lean/DefiKernel/CapabilityProvenance/Trace.lean -o /home/charl/defiformal-wt-lifecycle-grok-gpt6-20260908/lean/.lake/build/lib/lean/DefiKernel/CapabilityProvenance/Trace.olean -i /home/charl/defiformal-wt-lifecycle-grok-gpt6-20260908/lean/.lake/build/lib/lean/DefiKernel/CapabilityProvenance/Trace.ilean -c /home/charl/defiformal-wt-lifecycle-grok-gpt6-20260908/lean/.lake/build/ir/DefiKernel/CapabilityProvenance/Trace.c --setup /home/charl/defiformal-wt-lifecycle-grok-gpt6-20260908/lean/.lake/build/ir/DefiKernel/CapabilityProvenance/Trace.setup.json --json
warning: DefiKernel/CapabilityProvenance/Trace.lean:123:27: This simp argument is unused:
  CapabilityStore.nextId

Hint: Omit it from the simp argument list.
  [apply] simp [eventIssueCount]

Note: This linter can be disabled with `set_option linter.unusedSimpArgs false`
warning: DefiKernel/CapabilityProvenance/Trace.lean:126:27: This simp argument is unused:
  CapabilityStore.nextId

Hint: Omit it from the simp argument list.
  [apply] simp [eventIssueCount, List.length_set]

Note: This linter can be disabled with `set_option linter.unusedSimpArgs false`
warning: DefiKernel/CapabilityProvenance/Trace.lean:419:5: Variable name `roots` is not explicitly referenced.

Hint: The binding can be removed (if unused) or named `_` (if used implicitly). Alternatively, prefix the name with `_` to silence this warning:
  [apply] _roots

Note: This linter can be disabled with `set_option linter.unusedVariables false`
warning: DefiKernel/CapabilityProvenance/Trace.lean:471:10: `simp [CapabilityStore.nextId] at hids` is a flexible tactic modifying `hids`. Try `simp?` and use the suggested `simp only [...]`. Alternatively, use `suffices` to explicitly state the simplified form.

Note: This linter can be disabled with `set_option linter.flexible false`
info: DefiKernel/CapabilityProvenance/Trace.lean:472:10: `exact hids`
uses `hids`, which was modified by the flexible tactic `simp` on line 471!
warning: DefiKernel/CapabilityProvenance/Trace.lean:494:10: `simp [CapabilityStore.nextId] at hids` is a flexible tactic modifying `hids`. Try `simp?` and use the suggested `simp only [...]`. Alternatively, use `suffices` to explicitly state the simplified form.

Note: This linter can be disabled with `set_option linter.flexible false`
info: DefiKernel/CapabilityProvenance/Trace.lean:495:10: `exact hids`
uses `hids`, which was modified by the flexible tactic `simp` on line 494!
warning: DefiKernel/CapabilityProvenance/Trace.lean:508:4: `simp [originOf, hlook] at h` is a flexible tactic modifying `h`. Try `simp?` and use the suggested `simp only [...]`. Alternatively, use `suffices` to explicitly state the simplified form.

Note: This linter can be disabled with `set_option linter.flexible false`
info: DefiKernel/CapabilityProvenance/Trace.lean:509:4: `cases h`
uses `h`, which was modified by the flexible tactic `simp` on line 508!
warning: DefiKernel/CapabilityProvenance/Trace.lean:508:4: `simp [originOf, hlook] at h` is a flexible tactic modifying `h`. Try `simp?` and use the suggested `simp only [...]`. Alternatively, use `suffices` to explicitly state the simplified form.

Note: This linter can be disabled with `set_option linter.flexible false`
info: DefiKernel/CapabilityProvenance/Trace.lean:510:4: `exact ⟨cap, hlook, rfl, roots id cap hlook⟩`
uses `h`, which was modified by the flexible tactic `simp` on line 508!
warning: DefiKernel/CapabilityProvenance/Trace.lean:512:4: `simp [originOf, hlook] at h` is a flexible tactic modifying `h`. Try `simp?` and use the suggested `simp only [...]`. Alternatively, use `suffices` to explicitly state the simplified form.

Note: This linter can be disabled with `set_option linter.flexible false`
info: DefiKernel/CapabilityProvenance/Trace.lean:513:4: `obtain ⟨event, grant, mem, rfl, hs, hr⟩ := issuedOrigin_sound_raw events id origin h`
uses `h`, which was modified by the flexible tactic `simp` on line 512!
warning: DefiKernel/CapabilityProvenance/Trace.lean:542:5: Variable name `hs` is not explicitly referenced.

Hint: The binding can be removed (if unused) or named `_` (if used implicitly). Alternatively, prefix the name with `_` to silence this warning:
  [apply] _hs

Note: This linter can be disabled with `set_option linter.unusedVariables false`
warning: DefiKernel/CapabilityProvenance/Trace.lean:645:10: `simp [issuedOrigin, hs', hr', heq]` is a flexible tactic modifying `⊢`. Try `simp?` and use the suggested `simp only [...]`. Alternatively, use `suffices` to explicitly state the simplified form.

Note: This linter can be disabled with `set_option linter.flexible false`
info: DefiKernel/CapabilityProvenance/Trace.lean:646:10: `exact ih mem (fun e hm hrr ↦ unique e (List.mem_cons.mpr (Or.inr hm)) hrr)`
modifies the current goal, which was modified by the flexible tactic `simp` on line 645!
warning: DefiKernel/CapabilityProvenance/Trace.lean:649:8: `simp [issuedOrigin, hs', hr']` is a flexible tactic modifying `⊢`. Try `simp?` and use the suggested `simp only [...]`. Alternatively, use `suffices` to explicitly state the simplified form.

Note: This linter can be disabled with `set_option linter.flexible false`
info: DefiKernel/CapabilityProvenance/Trace.lean:650:8: `exact ih mem (fun e hm hrr ↦ unique e (List.mem_cons.mpr (Or.inr hm)) hrr)`
modifies the current goal, which was modified by the flexible tactic `simp` on line 649!
warning: DefiKernel/CapabilityProvenance/Trace.lean:652:8: `simp [issuedOrigin, hs', hr']` is a flexible tactic modifying `⊢`. Try `simp?` and use the suggested `simp only [...]`. Alternatively, use `suffices` to explicitly state the simplified form.

Note: This linter can be disabled with `set_option linter.flexible false`
info: DefiKernel/CapabilityProvenance/Trace.lean:653:8: `exact ih mem (fun e hm hrr ↦ unique e (List.mem_cons.mpr (Or.inr hm)) hrr)`
modifies the current goal, which was modified by the flexible tactic `simp` on line 652!
warning: DefiKernel/CapabilityProvenance/Trace.lean:655:8: `simp [issuedOrigin, hs']` is a flexible tactic modifying `⊢`. Try `simp?` and use the suggested `simp only [...]`. Alternatively, use `suffices` to explicitly state the simplified form.

Note: This linter can be disabled with `set_option linter.flexible false`
info: DefiKernel/CapabilityProvenance/Trace.lean:656:8: `exact ih mem (fun e hm hrr ↦ unique e (List.mem_cons.mpr (Or.inr hm)) hrr)`
modifies the current goal, which was modified by the flexible tactic `simp` on line 655!
warning: DefiKernel/CapabilityProvenance/Trace.lean:658:8: `simp [issuedOrigin, hs']` is a flexible tactic modifying `⊢`. Try `simp?` and use the suggested `simp only [...]`. Alternatively, use `suffices` to explicitly state the simplified form.

Note: This linter can be disabled with `set_option linter.flexible false`
info: DefiKernel/CapabilityProvenance/Trace.lean:659:8: `exact ih mem (fun e hm hrr ↦ unique e (List.mem_cons.mpr (Or.inr hm)) hrr)`
modifies the current goal, which was modified by the flexible tactic `simp` on line 658!
error: DefiKernel/CapabilityProvenance/Trace.lean:721:54: Unknown identifier `h`
warning: DefiKernel/CapabilityProvenance/Trace.lean:768:10: `simp [currentAuthorityOrigin, hauth, horig] at h` is a flexible tactic modifying `h`. Try `simp?` and use the suggested `simp only [...]`. Alternatively, use `suffices` to explicitly state the simplified form.

Note: This linter can be disabled with `set_option linter.flexible false`
info: DefiKernel/CapabilityProvenance/Trace.lean:768:10: Try this:
  [apply] simp only [exists_and_right] at h
info: DefiKernel/CapabilityProvenance/Trace.lean:769:10: `obtain ⟨rfl, rfl⟩ := h`
uses `h`, which was modified by the flexible tactic `simp` on line 768!
warning: DefiKernel/CapabilityProvenance/Trace.lean:768:10: `simp [currentAuthorityOrigin, hauth, horig] at h` is a flexible tactic modifying `h`. Try `simp?` and use the suggested `simp only [...]`. Alternatively, use `suffices` to explicitly state the simplified form.

Note: This linter can be disabled with `set_option linter.flexible false`
info: DefiKernel/CapabilityProvenance/Trace.lean:768:10: Try this:
  [apply] simp only [exists_and_right] at h
info: DefiKernel/CapabilityProvenance/Trace.lean:770:10: `refine ⟨[], tail, rfl, ?_, hauth, horig⟩`
uses `h`, which was modified by the flexible tactic `simp` on line 768!
warning: DefiKernel/CapabilityProvenance/Trace.lean:768:10: `simp [currentAuthorityOrigin, hauth, horig] at h` is a flexible tactic modifying `h`. Try `simp?` and use the suggested `simp only [...]`. Alternatively, use `suffices` to explicitly state the simplified form.

Note: This linter can be disabled with `set_option linter.flexible false`
info: DefiKernel/CapabilityProvenance/Trace.lean:768:10: Try this:
  [apply] simp only [exists_and_right] at h
info: DefiKernel/CapabilityProvenance/Trace.lean:771:10: `intro x hx`
uses `h`, which was modified by the flexible tactic `simp` on line 768!
warning: DefiKernel/CapabilityProvenance/Trace.lean:774:8: `simp [currentAuthorityOrigin, hauth] at h` is a flexible tactic modifying `h`. Try `simp?` and use the suggested `simp only [...]`. Alternatively, use `suffices` to explicitly state the simplified form.

Note: This linter can be disabled with `set_option linter.flexible false`
info: DefiKernel/CapabilityProvenance/Trace.lean:774:8: Try this:
  [apply] simp only [exists_and_right] at h
info: DefiKernel/CapabilityProvenance/Trace.lean:775:8: `obtain ⟨pref, rest, hs, hpref, hid, ho⟩ := ih.mp h`
uses `h`, which was modified by the flexible tactic `simp` on line 774!
warning: DefiKernel/CapabilityProvenance/Trace.lean:793:8: `simp [currentAuthorityOrigin, hp]` is a flexible tactic modifying `⊢`. Try `simp?` and use the suggested `simp only [...]`. Alternatively, use `suffices` to explicitly state the simplified form.

Note: This linter can be disabled with `set_option linter.flexible false`
info: DefiKernel/CapabilityProvenance/Trace.lean:794:8: `exact ih.mpr ⟨ps, rest, hs, fun x hx ↦ hpref x (List.mem_cons.mpr (Or.inr hx)), hid, ho⟩`
modifies the current goal, which was modified by the flexible tactic `simp` on line 793!
warning: DefiKernel/CapabilityProvenance/Trace.lean:915:6: `simp [currentAuthorityOrigin, hp]` is a flexible tactic modifying `⊢`. Try `simp?` and use the suggested `simp only [...]`. Alternatively, use `suffices` to explicitly state the simplified form.

Note: This linter can be disabled with `set_option linter.flexible false`
info: DefiKernel/CapabilityProvenance/Trace.lean:916:6: `exact ih (fun id hid ↦ hall id (List.mem_cons.mpr (Or.inr hid)))`
modifies the current goal, which was modified by the flexible tactic `simp` on line 915!
error: Lean exited with code 1
Some required targets logged failures:
- DefiKernel.CapabilityProvenance.Trace
error: build failed
