DiagnosticPrimary.lean:14:2: warning: 'run_tac
  do
    Lean.Core.liftIOCore (IO.eprintln "probe: before unfold")' tactic does nothing

Note: This linter can be disabled with `set_option linter.unusedTactic false`
DiagnosticPrimary.lean:16:2: warning: 'run_tac
  do
    Lean.Core.liftIOCore (IO.eprintln "probe: after unfold")' tactic does nothing

Note: This linter can be disabled with `set_option linter.unusedTactic false`
DiagnosticPrimary.lean:18:2: warning: 'run_tac
  do
    Lean.Core.liftIOCore (IO.eprintln "probe: after amount rw")' tactic does nothing

Note: This linter can be disabled with `set_option linter.unusedTactic false`
DiagnosticPrimary.lean:20:2: warning: 'run_tac
  do
    Lean.Core.liftIOCore (IO.eprintln "probe: after add rw")' tactic does nothing

Note: This linter can be disabled with `set_option linter.unusedTactic false`
DiagnosticPrimary.lean:22:2: warning: 'run_tac
  do
    Lean.Core.liftIOCore (IO.eprintln "probe: after product rw")' tactic does nothing

Note: This linter can be disabled with `set_option linter.unusedTactic false`
DiagnosticPrimary.lean:24:2: warning: 'run_tac
  do
    Lean.Core.liftIOCore (IO.eprintln "probe: after wrap rw")' tactic does nothing

Note: This linter can be disabled with `set_option linter.unusedTactic false`
probe: before unfold
probe: after unfold
probe: after amount rw
probe: after add rw
probe: after product rw
probe: after wrap rw
