DiagnosticSequential.lean:7:11: error: Type mismatch
  Lean.Core.liftIOCore
    (IO.FS.withFile
      {
        toString :=
          "/home/charl/defiformal/review/semantic-kernel/program-execution-20260908/p16-implementation-partial-review/logs/declaration-markers.log" }
      IO.FS.Mode.append fun h => h.putStrLn "command: add_mod_eq_sub")
has type
  Lean.CoreM Unit
but is expected to have type
  Lean.Elab.Command.CommandElabM ?m.2
DiagnosticSequential.lean:25:11: error: Type mismatch
  Lean.Core.liftIOCore
    (IO.FS.withFile
      {
        toString :=
          "/home/charl/defiformal/review/semantic-kernel/program-execution-20260908/p16-implementation-partial-review/logs/declaration-markers.log" }
      IO.FS.Mode.append fun h => h.putStrLn "command: wrap_ge_iff_width")
has type
  Lean.CoreM Unit
but is expected to have type
  Lean.Elab.Command.CommandElabM ?m.2
DiagnosticSequential.lean:46:11: error: Type mismatch
  Lean.Core.liftIOCore
    (IO.FS.withFile
      {
        toString :=
          "/home/charl/defiformal/review/semantic-kernel/program-execution-20260908/p16-implementation-partial-review/logs/declaration-markers.log" }
      IO.FS.Mode.append fun h => h.putStrLn "command: wrap_ge_iff_sum_fit")
has type
  Lean.CoreM Unit
but is expected to have type
  Lean.Elab.Command.CommandElabM ?m.2
DiagnosticSequential.lean:52:11: error: Type mismatch
  Lean.Core.liftIOCore
    (IO.FS.withFile
      {
        toString :=
          "/home/charl/defiformal/review/semantic-kernel/program-execution-20260908/p16-implementation-partial-review/logs/declaration-markers.log" }
      IO.FS.Mode.append fun h => h.putStrLn "command: identity")
has type
  Lean.CoreM Unit
but is expected to have type
  Lean.Elab.Command.CommandElabM ?m.2
DiagnosticSequential.lean:59:11: error: Type mismatch
  Lean.Core.liftIOCore
    (IO.FS.withFile
      {
        toString :=
          "/home/charl/defiformal/review/semantic-kernel/program-execution-20260908/p16-implementation-partial-review/logs/declaration-markers.log" }
      IO.FS.Mode.append fun h => h.putStrLn "command: false_ne_true")
has type
  Lean.CoreM Unit
but is expected to have type
  Lean.Elab.Command.CommandElabM ?m.2
DiagnosticSequential.lean:61:11: error: Type mismatch
  Lean.Core.liftIOCore
    (IO.FS.withFile
      {
        toString :=
          "/home/charl/defiformal/review/semantic-kernel/program-execution-20260908/p16-implementation-partial-review/logs/declaration-markers.log" }
      IO.FS.Mode.append fun h => h.putStrLn "command: true_eq_true")
has type
  Lean.CoreM Unit
but is expected to have type
  Lean.Elab.Command.CommandElabM ?m.2
DiagnosticSequential.lean:64:11: error: Type mismatch
  Lean.Core.liftIOCore
    (IO.FS.withFile
      {
        toString :=
          "/home/charl/defiformal/review/semantic-kernel/program-execution-20260908/p16-implementation-partial-review/logs/declaration-markers.log" }
      IO.FS.Mode.append fun h => h.putStrLn "command: primary_add_select")
has type
  Lean.CoreM Unit
but is expected to have type
  Lean.Elab.Command.CommandElabM ?m.2
DiagnosticSequential.lean:75:11: error: Type mismatch
  Lean.Core.liftIOCore
    (IO.FS.withFile
      {
        toString :=
          "/home/charl/defiformal/review/semantic-kernel/program-execution-20260908/p16-implementation-partial-review/logs/declaration-markers.log" }
      IO.FS.Mode.append fun h => h.putStrLn "command: wrap_fallback_select")
has type
  Lean.CoreM Unit
but is expected to have type
  Lean.Elab.Command.CommandElabM ?m.2
DiagnosticSequential.lean:89:11: error: Type mismatch
  Lean.Core.liftIOCore
    (IO.FS.withFile
      {
        toString :=
          "/home/charl/defiformal/review/semantic-kernel/program-execution-20260908/p16-implementation-partial-review/logs/declaration-markers.log" }
      IO.FS.Mode.append fun h => h.putStrLn "command: prod_fallback_select")
has type
  Lean.CoreM Unit
but is expected to have type
  Lean.Elab.Command.CommandElabM ?m.2
DiagnosticSequential.lean:100:11: error: Type mismatch
  Lean.Core.liftIOCore
    (IO.FS.withFile
      {
        toString