{
  "status": "PASS",
  "checks": 2746,
  "units": 16,
  "targets": 48,
  "attempts": 52,
  "failed_targets": 4,
  "failed_attempts": 8,
  "text_views": 36,
  "claim_locators": 35,
  "commit_pinned_readmes": 8,
  "git_blob_pinned_readmes": 4,
  "capture_categories": {
    "substantive_document_or_readme": 31,
    "repository_commit_metadata_only": 8,
    "navigation_or_short_orientation_only": 4,
    "failed_retrieval_no_credit": 4,
    "repository_title_only": 1
  },
  "protected_paths": 546,
  "S10_protected_inputs": 88
}
