⚠ [921/958] Replayed DefiKernel.Typed.Transition
warning: DefiKernel/Typed/Transition.lean:239:20: `simp_all [throw, throwThe]` is a flexible tactic modifying `⊢`. Try `simp_all?` and use the suggested `simp_all only [...]`. Alternatively, use `suffices` to explicitly state the simplified form.

Note: This linter can be disabled with `set_option linter.flexible false`
info: DefiKernel/Typed/Transition.lean:239:20: Try this:
  [apply] simp_all only [or_false, Prod.forall, true_and]
info: DefiKernel/Typed/Transition.lean:244:6: `rename_i args`
modifies the current goal, which was modified by the flexible tactic `simp_all` on line 239!
warning: DefiKernel/Typed/Transition.lean:239:20: `simp_all [throw, throwThe]` is a flexible tactic modifying `⊢`. Try `simp_all?` and use the suggested `simp_all only [...]`. Alternatively, use `suffices` to explicitly state the simplified form.

Note: This linter can be disabled with `set_option linter.flexible false`
info: DefiKernel/Typed/Transition.lean:239:20: Try this:
  [apply] simp_all only [Option.some.injEq, false_or, Prod.forall]
info: DefiKernel/Typed/Transition.lean:244:6: `rename_i args`
modifies the current goal, which was modified by the flexible tactic `simp_all` on line 239!
⚠ [926/958] Replayed DefiKernel.Nary.Schedule
warning: DefiKernel/Nary/Schedule.lean:162:24: This simp argument is unused:
  Nat.add_assoc

Hint: Omit it from the simp argument list.
  [apply] simp [hbeq, hmem, Nat.add_left_comm, Nat.add_comm]

Note: This linter can be disabled with `set_option linter.unusedSimpArgs false`
warning: DefiKernel/Nary/Schedule.lean:263:2: `simp [admit, hv, ha, bind, Except.bind, pure, Except.pure]` is a flexible tactic modifying `⊢`. Try `simp?` and use the suggested `simp only [...]`. Alternatively, use `suffices` to explicitly state the simplified form.

Note: This linter can be disabled with `set_option linter.flexible false`
info: DefiKernel/Nary/Schedule.lean:264:2: `rw [hs']`
modifies the current goal, which was modified by the flexible tactic `simp` on line 263!
⚠ [933/958] Replayed DefiKernel.Nary.Observation
warning: DefiKernel/Nary/Observation.lean:338:4: `simp [localEq, Bool.and_eq_true, eventsEq_iff] at h` is a flexible tactic modifying `h`. Try `simp?` and use the suggested `simp only [...]`. Alternatively, use `suffices` to explicitly state the simplified form.

Note: This linter can be disabled with `set_option linter.flexible false`
info: DefiKernel/Nary/Observation.lean:338:4: Try this:
  [apply] simp only [Interleaving.LocalState.mk.injEq] at h
info: DefiKernel/Nary/Observation.lean:339:4: `obtain ⟨⟨⟨⟨hc, hi⟩, hf⟩, ho⟩, he⟩ := h`
uses `h`, which was modified by the flexible tactic `simp` on line 338!
warning: DefiKernel/Nary/Observation.lean:342:4: `simp [Interleaving.LocalState.mk.injEq] at h` is a flexible tactic modifying `h`. Try `simp?` and use the suggested `simp only [...]`. Alternatively, use `suffices` to explicitly state the simplified form.

Note: This linter can be disabled with `set_option linter.flexible false`
info: DefiKernel/Nary/Observation.lean:343:4: `obtain ⟨hc, he, ho, hi, hf⟩ := h`
uses `h`, which was modified by the flexible tactic `simp` on line 342!
✔ [954/958] Built DefiKernel.Nary.Soundness (1.7s)
✔ [955/958] Built DefiKernel.Nary.LocalOrder (1.2s)
✔ [956/958] Built DefiKernel.Nary.Interference (1.3s)
✔ [957/958] Built DefiKernel.Nary.Examples (5.1s)
✖ [958/958] Building DefiKernel.Nary.FundedCompanions (5.2s)
trace: .> LEAN_PATH=/home/charl/defiformal-wt-sprint11-grok-gpt6-20260907/lean/.lake/packages/Cli/.lake/build/lib/lean:/home/charl/defiformal-wt-sprint11-grok-gpt6-20260907/lean/.lake/packages/batteries/.lake/build/lib/lean:/home/charl/defiformal-wt-sprint11-grok-gpt6-20260907/lean/.lake/packages/Qq/.lake/build/lib/lean:/home/charl/defiformal-wt-sprint11-grok-gpt6-20260907/lean/.lake/packages/aesop/.lake/build/lib/lean:/home/charl/defiformal-wt-sprint11-grok-gpt6-20260907/lean/.lake/packages/proofwidgets/.lake/build/lib/lean:/home/charl/defiformal-wt-sprint11-grok-gpt6-20260907/lean/.lake/packages/importGraph/.lake/build/lib/lean:/home/charl/defiformal-wt-sprint11-grok-gpt6-20260907/lean/.lake/packages/LeanSearchClient/.lake/build/lib/lean:/home/charl/defiformal-wt-sprint11-grok-gpt6-20260907/lean/.lake/packages/plausible/.lake/build/lib/lean:/home/charl/defiformal-wt-sprint11-grok-gpt6-20260907/lean/.lake/packages/mathlib/.lake/build/lib/lean:/home/charl/defiformal-wt-sprint11-grok-gpt6-20260907/lean/.lake/build/lib/lean /home/charl/.elan/toolchains/leanprover--lean4---v4.33.0-rc2/bin/lean /home/charl/defiformal-wt-sprint11-grok-gpt6-20260907/lean/DefiKernel/Nary/FundedCompanions.lean -o /home/charl/defiformal-wt-sprint11-grok-gpt6-20260907/lean/.lake/build/lib/lean/DefiKernel/Nary/FundedCompanions.olean -i /home/charl/defiformal-wt-sprint11-grok-gpt6-20260907/lean/.lake/build/lib/lean/DefiKernel/Nary/FundedCompanions.ilean -c /home/charl/defiformal-wt-sprint11-grok-gpt6-20260907/lean/.lake/build/ir/DefiKernel/Nary/FundedCompanions.c --setup /home/charl/defiformal-wt-sprint11-grok-gpt6-20260907/lean/.lake/build/ir/DefiKernel/Nary/FundedCompanions.setup.json --json
warning: DefiKernel/Nary/FundedCompanions.lean:121:2: `simp [Template.evaluate, constTransfer, resolveRefs, packed, cellRef, bind, Except.bind,
    pure, Except.pure, litAmt, negAmt] at h` is a flexible tactic modifying `h`. Try `simp?` and use the suggested `simp only [...]`. Alternatively, use `suffices` to explicitly state the simplified form.

Note: This linter can be disabled with `set_option linter.flexible false`
info: DefiKernel/Nary/FundedCompanions.lean:123:2: `cases h`
uses `h`, which was modified by the flexible tactic `simp` on line 121!
warning: DefiKernel/Nary/FundedCompanions.lean:141:4: `simp [extractReceipt, ht, hargs, bind, Except.bind, Except.mapError] at extracted` is a flexible tactic modifying `extracted`. Try `simp?` and use the suggested `simp only [...]`. Alternatively, use `suffices` to explicitly state the simplified form.

Note: This linter can be disabled with `set_option linter.flexible false`
info: DefiKernel/Nary/FundedCompanions.lean:141:4: Try this:
  [apply] simp only [Receipt.invoked.injEq, ↓existsAndEq, and_true, exists_and_right, true_and] at extracted
info: DefiKernel/Nary/FundedCompanions.lean:142:4: `cases hev :
  (constTransfer src dst q).evaluate ⟨pre.state, boundary.env, boundary.ctx.principal, [], .nil, boundary.now⟩ with
| error _ => simp [hev] at extracted
| ok e' =>
  have heq : e' = e := by simpa [hev] using extracted
  exact ⟨_, e, rfl, constTransfer_deltas _ _ _ _ _ (heq ▸ hev)⟩`
uses `extracted`, which was modified by the flexible tactic `simp` on line 141!
warning: DefiKernel/Nary/FundedCompanions.lean:155:2: `simp [readyBudgetBound]` is a flexible tactic modifying `⊢`. Try `simp?` and use the suggested `simp only [...]`. Alternatively, use `suffices` to explicitly state the simplified form.

Note: This linter can be disabled with `set_option linter.flexible false`
info: DefiKernel/Nary/FundedCompanions.lean:156:2: `decide +kernel`
modifies the current goal, which was modified by the flexible tactic `simp` on line 155!
warning: DefiKernel/Nary/FundedCompanions.lean:164:0: Please, add a comment explaining the need for modifying the maxHeartbeat limit, as in
set_option maxHeartbeats 800000 in
-- reason for change
...

Note: This linter can be disabled with `set_option linter.style.maxHeartbeats false`
warning: DefiKernel/Nary/FundedCompanions.lean:171:0: Please, add a comment explaining the need for modifying the maxHeartbeat limit, as in
set_option maxHeartbeats 800000 in
-- reason for change
...

Note: This linter can be disabled with `set_option linter.style.maxHeartbeats false`
warning: DefiKernel/Nary/FundedCompanions.lean:178:0: Please, add a comment explaining the need for modifying the maxHeartbeat limit, as in
set_option maxHeartbeats 800000 in
-- reason for change
...

Note: This linter can be disabled with `set_option linter.style.maxHeartbeats false`
warning: DefiKernel/Nary/FundedCompanions.lean:244:2: `simp [donor1C_ne_vaultC, vaultC_ne_budgetC, donor1C_ne_budgetC] at hv hb` is a flexible tactic modifying `hb`. Try `simp?` and use the suggested `simp only [...]`. Alternatively, use `suffices` to explicitly state the simplified form.

Note: This linter can be disabled with `set_option linter.flexible false`
info: DefiKernel/Nary/FundedCompanions.lean:245:2: `refine ⟨?_, hb⟩`
uses `hb`, which was modified by the flexible tactic `simp` on line 244!
warning: DefiKernel/Nary/FundedCompanions.lean:257:2: `simp [donor2C_ne_vaultC, vaultC_ne_budgetC, donor2C_ne_budgetC] at hv hb` is a flexible tactic modifying `hb`. Try `simp?` and use the suggested `simp only [...]`. Alternatively, use `suffices` to explicitly state the simplified form.

Note: This linter can be disabled with `set_option linter.flexible false`
info: DefiKernel/Nary/FundedCompanions.lean:258:2: `refine ⟨?_, hb⟩`
uses `hb`, which was modified by the flexible tactic `simp` on line 257!
warning: DefiKernel/Nary/FundedCompanions.lean:270:4: `simp [readyBudgetBound]` is a flexible tactic modifying `⊢`. Try `simp?` and use the suggested `simp only [...]`. Alternatively, use `suffices` to explicitly state the simplified form.

Note: This linter can be disabled with `set_option linter.flexible false`
info: DefiKernel/Nary/FundedCompanions.lean:271:4: `decide +kernel`
modifies the current goal, which was modified by the flexible tactic `simp` on line 270!
warning: DefiKernel/Nary/FundedCompanions.lean:283:4: `simp [readyBudgetBound]` is a flexible tactic modifying `⊢`. Try `simp?` and use the suggested `simp only [...]`. Alternatively, use `suffices` to explicitly state the simplified form.

Note: This linter can be disabled with `set_option linter.flexible false`
info: DefiKernel/Nary/FundedCompanions.lean:284:4: `decide +kernel`
modifies the current goal, which was modified by the flexible tactic `simp` on line 283!
warning: DefiKernel/Nary/FundedCompanions.lean:304:4: `simp [start_locals, start_world, f10Bounds]` is a flexible tactic modifying `⊢`. Try `simp?` and use the suggested `simp only [...]`. Alternatively, use `suffices` to explicitly state the simplified form.

Note: This linter can be disabled with `set_option linter.flexible false`
info: DefiKernel/Nary/FundedCompanions.lean:305:4: `exact f10_producer_execute`
modifies the current goal, which was modified by the flexible tactic `simp` on line 304!
error: DefiKernel/Nary/FundedCompanions.lean:322:25: unsolved goals
⊢ (sr f10Initial rec200 [budgetOut 0]).outputs = [budgetOut 0]
warning: DefiKernel/Nary/FundedCompanions.lean:339:4: `simp [readyBudgetBound]` is a flexible tactic modifying `⊢`. Try `simp?` and use the suggested `simp only [...]`. Alternatively, use `suffices` to explicitly state the simplified form.

Note: This linter can be disabled with `set_option linter.flexible false`
info: DefiKernel/Nary/FundedCompanions.lean:340:4: `decide +kernel`
modifies the current goal, which was modified by the flexible tactic `simp` on line 339!
warning: DefiKernel/Nary/FundedCompanions.lean:353:4: `simp [readyBudgetBound]` is a flexible tactic modifying `⊢`. Try `simp?` and use the suggested `simp only [...]`. Alternatively, use `suffices` to explicitly state the simplified form.

Note: This linter can be disabled with `set_option linter.flexible false`
info: DefiKernel/Nary/FundedCompanions.lean:354:4: `decide +kernel`
modifies the current goal, which was modified by the flexible tactic `simp` on line 353!
warning: DefiKernel/Nary/FundedCompanions.lean:384:2: `simp [readyBudgetBound]` is a flexible tactic modifying `⊢`. Try `simp?` and use the suggested `simp only [...]`. Alternatively, use `suffices` to explicitly state the simplified form.

Note: This linter can be disabled with `set_option linter.flexible false`
info: DefiKernel/Nary/FundedCompanions.lean:385:2: `decide +kernel`
modifies the current goal, which was modified by the flexible tactic `simp` on line 384!
warning: DefiKernel/Nary/FundedCompanions.lean:390:2: `simp [readyBudgetBound]` is a flexible tactic modifying `⊢`. Try `simp?` and use the suggested `simp only [...]`. Alternatively, use `suffices` to explicitly state the simplified form.

Note: This linter can be disabled with `set_option linter.flexible false`
info: DefiKernel/Nary/FundedCompanions.lean:391:2: `decide +kernel`
modifies the current goal, which was modified by the flexible tactic `simp` on line 390!
warning: DefiKernel/Nary/FundedCompanions.lean:394:2: `simp [vaultReserve4]` is a flexible tactic modifying `⊢`. Try `simp?` and use the suggested `simp only [...]`. Alternatively, use `suffices` to explicitly state the simplified form.

Note: This linter can be disabled with `set_option linter.flexible false`
info: DefiKernel/Nary/FundedCompanions.lean:395:2: `decide +kernel`
modifies the current goal, which was modified by the flexible tactic `simp` on line 394!
warning: DefiKernel/Nary/FundedCompanions.lean:432:0: Please, add a comment explaining the need for modifying the maxHeartbeat limit, as in
set_option maxHeartbeats 800000 in
-- reason for change
...

Note: This linter can be disabled with `set_option linter.style.maxHeartbeats false`
warning: DefiKernel/Nary/FundedCompanions.lean:439:0: Please, add a comment explaining the need for modifying the maxHeartbeat limit, as in
set_option maxHeartbeats 800000 in
-- reason for change
...

Note: This linter can be disabled with `set_option linter.style.maxHeartbeats false`
warning: DefiKernel/Nary/FundedCompanions.lean:446:0: Please, add a comment explaining the need for modifying the maxHeartbeat limit, as in
set_option maxHeartbeats 800000 in
-- reason for change
...

Note: This linter can be disabled with `set_option linter.style.maxHeartbeats false`
error: DefiKernel/Nary/FundedCompanions.lean:490:19: don't know how to synthesize implicit argument `history`
  @f12_peer_prepare ?m.68 ?m.69 ?m.70
context:
⊢ List (OutputObservation A)
error: DefiKernel/Nary/FundedCompanions.lean:490:19: don't know how to synthesize implicit argument `index`
  @f12_peer_prepare ?m.68 ?m.69 ?m.70
context:
⊢ ℕ
error: DefiKernel/Nary/FundedCompanions.lean:490:19: don't know how to synthesize implicit argument `boundary`
  @f12_peer_prepare ?m.68 ?m.69 ?m.70
context:
⊢ Boundary P A D
error: DefiKernel/Nary/FundedCompanions.lean:490:7: failed to infer `have` declaration type
error: DefiKernel/Nary/FundedCompanions.lean:489:90: unsolved goals
⊢ ∃ component iface request template,
    prepareInvocation f12Cfg vaultBound 0 [] inv16 = Except.ok (iface, request) ∧
      lookupOperation f12Cfg.catalog inv16.component inv16.operation = some (component, iface) ∧
        f12Cfg.registry request.operation = some template ∧
          checkAccess component template vaultBound.ctx request.parties = Except.ok PUnit.unit
error: DefiKernel/Nary/FundedCompanions.lean:528:57: linarith failed to find a contradiction
case h1
boundary : Boundary P A D
index : ℕ
history : List (OutputObservation A)
pre : W
result : StepResult P A D
h : executeStep f12Cfg boundary index history (Step.invoke inv16) pre = Except.ok result
hpre : pre.state.balance vaultC = 10
request : Request P A D
e : Evaluated P A D
hr : result.receipt = Receipt.invoked request e
hd : e.deltas = [(vaultC, -3), (donor1C, 3)]
hv : result.world.state.balance vaultC = pre.state.balance vaultC + (-3 + if donor1C = vaultC then 3 else 0)
hb : result.world.state.balance budgetC = pre.state.balance budgetC
a✝ : result.world.state.balance vaultC < 7
⊢ False
failed
warning: DefiKernel/Nary/FundedCompanions.lean:527:8: This simp argument is unused:
  vaultC_ne_donor1C

Hint: Omit it from the simp argument list.
  [apply] simp [vaultC_ne_budgetC, donor1C_ne_budgetC] at hv hb

Note: This linter can be disabled with `set_option linter.unusedSimpArgs false`
warning: DefiKernel/Nary/FundedCompanions.lean:549:4: `simp [start_locals, start_world, f12Bounds]` is a flexible tactic modifying `⊢`. Try `simp?` and use the suggested `simp only [...]`. Alternatively, use `suffices` to explicitly state the simplified form.

Note: This linter can be disabled with `set_option linter.flexible false`
info: DefiKernel/Nary/FundedCompanions.lean:550:4: `exact f12_producer_execute`
modifies the current goal, which was modified by the flexible tactic `simp` on line 549!
error: DefiKernel/Nary/FundedCompanions.lean:559:38: Expected type must not contain metavariables
  ?m.49 m✝ ≠ ?m.48 m✝
error: DefiKernel/Nary/FundedCompanions.lean:558:50: unsolved goals
⊢ (((start f12Initial).accept 0 inv200 f12ProdResult).locals 1).failure = none
error: DefiKernel/Nary/FundedCompanions.lean:562:38: Expected type must not contain metavariables
  ?m.85 m✝ ≠ ?m.84 m✝
error: DefiKernel/Nary/FundedCompanions.lean:561:74: unsolved goals
hfail : (f12M1.locals 1).failure = none
his : (f12M1.locals 1).failure.isSome = false
⊢ [inv16][(((start f12Initial).accept 0 inv200 f12ProdResult).locals 1).consumed]? = some inv16
error: DefiKernel/Nary/FundedCompanions.lean:566:38: Expected type must not contain metavariables
  ?m.139 m✝ ≠ ?m.138 m✝
warning: DefiKernel/Nary/FundedCompanions.lean:559:17: This simp argument is unused:
  accept_away (h := by decide)

Hint: Omit it from the simp argument list.
  [apply] simp [f12M1, start_locals]

Note: This linter can be disabled with `set_option linter.unusedSimpArgs false`
warning: DefiKernel/Nary/FundedCompanions.lean:559:47: This simp argument is unused:
  start_locals

Hint: Omit it from the simp argument list.
  [apply] simp [f12M1, accept_away (h := by decide)]

Note: This linter can be disabled with `set_option linter.unusedSimpArgs false`
warning: DefiKernel/Nary/FundedCompanions.lean:562:17: This simp argument is unused:
  accept_away (h := by decide)

Hint: Omit it from the simp argument list.
  [apply] simp [f12M1, start_locals, f12Branches]

Note: This linter can be disabled with `set_option linter.unusedSimpArgs false`
warning: DefiKernel/Nary/FundedCompanions.lean:562:47: This simp argument is unused:
  start_locals

Hint: Omit it from the simp argument list.
  [apply] simp [f12M1, accept_away (h := by decide), f12Branches]

Note: This linter can be disabled with `set_option linter.unusedSimpArgs false`
warning: DefiKernel/Nary/FundedCompanions.lean:566:17: This simp argument is unused:
  accept_away (h := by decide)

Hint: Omit it from the simp argument list.
  [apply] simp [f12M1, start_locals, accept_world, f12Bounds]

Note: This linter can be disabled with `set_option linter.unusedSimpArgs false`
warning: DefiKernel/Nary/FundedCompanions.lean:566:47: This simp argument is unused:
  start_locals

Hint: Omit it from the simp argument list.
  [apply] simp [f12M1, accept_away (h := by decide), accept_world, f12Bounds]

Note: This linter can be disabled with `set_option linter.unusedSimpArgs false`
error: DefiKernel/Nary/FundedCompanions.lean:576:38: Expected type must not contain metavariables
  ?m.49 m✝ ≠ ?m.48 m✝
error: DefiKernel/Nary/FundedCompanions.lean:575:50: unsolved goals
⊢ ((((start f12Initial).accept 0 inv200 f12ProdResult).accept 1 inv16 f12PeerResult).locals 0).failure = none
error: DefiKernel/Nary/FundedCompanions.lean:579:38: Expected type must not contain metavariables
  ?m.85 m✝ ≠ ?m.84 m✝
error: DefiKernel/Nary/FundedCompanions.lean:578:75: unsolved goals
hfail : (f12M2.locals 0).failure = none
his : (f12M2.locals 0).failure.isSome = false
⊢ [inv200,
        inv201][((((start f12Initial).accept 0 inv200 f12ProdResult).accept 1 inv16 f12PeerResult).locals
          0).consumed]? =
    some inv201
error: DefiKernel/Nary/FundedCompanions.lean:585:40: Expected type must not contain metavariables
  ?m.156 m✝ ≠ ?m.155 m✝
error: DefiKernel/Nary/FundedCompanions.lean:584:60: unsolved goals
hfail : (f12M2.locals 0).failure = none
his : (f12M2.locals 0).failure.isSome = false
hsel : (f12Branches 0)[(f12M2.locals 0).consumed]? = some inv201
⊢ ((((start f12Initial).accept 0 inv200 f12ProdResult).accept 1 inv16 f12PeerResult).locals 0).outputs = [budgetOut 0]
error: DefiKernel/Nary/FundedCompanions.lean:587:40: Expected type must not contain metavariables
  ?m.172 m✝ ≠ ?m.171 m✝
error: DefiKernel/Nary/FundedCompanions.lean:586:50: unsolved goals
hfail : (f12M2.locals 0).failure = none
his : (f12M2.locals 0).failure.isSome = false
hsel : (f12Branches 0)[(f12M2.locals 0).consumed]? = some inv201
hout : (f12M2.locals 0).outputs = [budgetOut 0]
⊢ ((((start f12Initial).accept 0 inv200 f12ProdResult).accept 1 inv16 f12PeerResult).locals 0).nextIndex = 1
warning: DefiKernel/Nary/FundedCompanions.lean:576:17: This simp argument is unused:
  accept_away (h := by decide)

Hint: Omit it from the simp argument list.
  [apply] simp [f12M2, f12M1, accept_selected, start_locals]

Note: This linter can be disabled with `set_option linter.unusedSimpArgs false`
warning: DefiKernel/Nary/FundedCompanions.lean:576:54: This simp argument is unused:
  accept_selected

Hint: Omit it from the simp argument list.
  [apply] simp [f12M2, accept_away (h := by decide), f12M1, start_locals]

Note: This linter can be disabled with `set_option linter.unusedSimpArgs false`
warning: DefiKernel/Nary/FundedCompanions.lean:576:71: This simp argument is unused:
  start_locals

Hint: Omit it from the simp argument list.
  [apply] simp [f12M2, accept_away (h := by decide), f12M1, accept_selected]

Note: This linter can be disabled with `set_option linter.unusedSimpArgs false`
warning: DefiKernel/Nary/FundedCompanions.lean:579:17: This simp argument is unused:
  accept_away (h := by decide)

Hint: Omit it from the simp argument list.
  [apply] simp [f12M2, f12M1, accept_selected, start_locals, f12Branches]

Note: This linter can be disabled with `set_option linter.unusedSimpArgs false`
warning: DefiKernel/Nary/FundedCompanions.lean:579:54: This simp argument is unused:
  accept_selected

Hint: Omit it from the simp argument list.
  [apply] simp [f12M2, accept_away (h := by decide), f12M1, start_locals, f12Branches]

Note: This linter can be disabled with `set_option linter.unusedSimpArgs false`
warning: DefiKernel/Nary/FundedCompanions.lean:579:71: This simp argument is unused:
  start_locals

Hint: Omit it from the simp argument list.
  [apply] simp [f12M2, accept_away (h := by decide), f12M1, accept_selected, f12Branches]

Note: This linter can be disabled with `set_option linter.unusedSimpArgs false`
warning: DefiKernel/Nary/FundedCompanions.lean:585:19: This simp argument is unused:
  accept_away (h := by decide)

Hint: Omit it from the simp argument list.
  [apply] simp [f12M2, f12M1, accept_selected, start_locals]

Note: This linter can be disabled with `set_option linter.unusedSimpArgs false`
warning: DefiKernel/Nary/FundedCompanions.lean:585:56: This simp argument is unused:
  accept_selected

Hint: Omit it from the simp argument list.
  [apply] simp [f12M2, accept_away (h := by decide), f12M1, start_locals]

Note: This linter can be disabled with `set_option linter.unusedSimpArgs false`
warning: DefiKernel/Nary/FundedCompanions.lean:585:73: This simp argument is unused:
  start_locals

Hint: Omit it from the simp argument list.
  [apply] simp [f12M2, accept_away (h := by decide), f12M1, accept_selected]

Note: This linter can be disabled with `set_option linter.unusedSimpArgs false`
warning: DefiKernel/Nary/FundedCompanions.lean:587:19: This simp argument is unused:
  accept_away (h := by decide)

Hint: Omit it from the simp argument list.
  [apply] simp [f12M2, f12M1, accept_selected, start_locals]

Note: This linter can be disabled with `set_option linter.unusedSimpArgs false`
warning: DefiKernel/Nary/FundedCompanions.lean:587:56: This simp argument is unused:
  accept_selected

Hint: Omit it from the simp argument list.
  [apply] simp [f12M2, accept_away (h := by decide), f12M1, start_locals]

Note: This linter can be disabled with `set_option linter.unusedSimpArgs false`
warning: DefiKernel/Nary/FundedCompanions.lean:587:73: This simp argument is unused:
  start_locals

Hint: Omit it from the simp argument list.
  [apply] simp [f12M2, accept_away (h := by decide), f12M1, accept_selected]

Note: This linter can be disabled with `set_option linter.unusedSimpArgs false`
warning: DefiKernel/Nary/FundedCompanions.lean:588:49: This simp argument is unused:
  hout

Hint: Omit it from the simp argument list.
  [apply] simp [f12M2, accept_world, f12M1, f12Bounds, hidx]

Note: This linter can be disabled with `set_option linter.unusedSimpArgs false`
warning: DefiKernel/Nary/FundedCompanions.lean:588:55: This simp argument is unused:
  hidx

Hint: Omit it from the simp argument list.
  [apply] simp [f12M2, accept_world, f12M1, f12Bounds, hout]

Note: This linter can be disabled with `set_option linter.unusedSimpArgs false`
error: DefiKernel/Nary/FundedCompanions.lean:599:42: Tactic `rewrite` failed: Did not find an occurrence of the pattern
  advance f12Cfg f12Bounds f12Branches f12M2 0
in the target expression
  continueRun f12Cfg f12Bounds f12Branches
      (advance f12Cfg f12Bounds f12Branches (Machine.accept f12M1 1 inv16 f12PeerResult) 0) [] =
    Machine.accept f12M2 0 inv201 f12ConsResult

⊢ continueRun f12Cfg f12Bounds f12Branches
      (advance f12Cfg f12Bounds f12Branches (Machine.accept f12M1 1 inv16 f12PeerResult) 0) [] =
    Machine.accept f12M2 0 inv201 f12ConsResult
warning: DefiKernel/Nary/FundedCompanions.lean:601:0: Please, add a comment explaining the need for modifying the maxHeartbeat limit, as in
set_option maxHeartbeats 800000 in
-- reason for change
...

Note: This linter can be disabled with `set_option linter.style.maxHeartbeats false`
error: DefiKernel/Nary/FundedCompanions.lean:656:2: unsolved goals
case refine_5
⊢ (mkWorld 1 0 3 0 6 0 6 0 f12Store).capabilities = f12Store
error: DefiKernel/Nary/FundedCompanions.lean:657:2: unsolved goals
case refine_6
⊢ (locals3
        (localSucc
          [ev 0 inv200 f12Initial (sr f12AfterProd rec200 [budgetOut 0]),
            ev 1 inv201 f12AfterPeer (sr f12AfterCons rec201)]
          [budgetOut 0])
        (localSucc [ev 0 inv16 f12AfterProd (sr f12AfterPeer rec16s)]) emptyLocal 0).outputs =
    [budgetOut 0]
error: DefiKernel/Nary/FundedCompanions.lean:658:2: unsolved goals
case refine_7
⊢ (locals3
        (localSucc
          [ev 0 inv200 f12Initial (sr f12AfterProd rec200 [budgetOut 0]),
            ev 1 inv201 f12AfterPeer (sr f12AfterCons rec201)]
          [budgetOut 0])
        (localSucc [ev 0 inv16 f12AfterProd (sr f12AfterPeer rec16s)]) emptyLocal 0).nextIndex =
    2
error: DefiKernel/Nary/FundedCompanions.lean:659:2: unsolved goals
case refine_8
⊢ (locals3
        (localSucc
          [ev 0 inv200 f12Initial (sr f12AfterProd rec200 [budgetOut 0]),
            ev 1 inv201 f12AfterPeer (sr f12AfterCons rec201)]
          [budgetOut 0])
        (localSucc [ev 0 inv16 f12AfterProd (sr f12AfterPeer rec16s)]) emptyLocal 1).nextIndex =
    1
error: DefiKernel/Nary/FundedCompanions.lean:691:4: unsolved goals
⊢ (locals3
        (localSucc
          [ev 0 inv200 f12Initial (sr f12AfterProd rec200 [budgetOut 0]),
            ev 1 inv201 f12AfterPeer (sr f12AfterCons rec201)]
          [budgetOut 0])
        (localSucc [ev 0 inv16 f12AfterProd (sr f12AfterPeer rec16s)]) emptyLocal 0).outputs =
    [budgetOut 0]
warning: DefiKernel/Nary/FundedCompanions.lean:727:0: Please, add a comment explaining the need for modifying the maxHeartbeat limit, as in
set_option maxHeartbeats 800000 in
-- reason for change
...

Note: This linter can be disabled with `set_option linter.style.maxHeartbeats false`
warning: DefiKernel/Nary/FundedCompanions.lean:742:0: Please, add a comment explaining the need for modifying the maxHeartbeat limit, as in
set_option maxHeartbeats 800000 in
-- reason for change
...

Note: This linter can be disabled with `set_option linter.style.maxHeartbeats false`
warning: DefiKernel/Nary/FundedCompanions.lean:768:4: `simp [start_locals, start_world, f16Bounds]` is a flexible tactic modifying `⊢`. Try `simp?` and use the suggested `simp only [...]`. Alternatively, use `suffices` to explicitly state the simplified form.

Note: This linter can be disabled with `set_option linter.flexible false`
info: DefiKernel/Nary/FundedCompanions.lean:769:4: `exact f16_producer_execute`
modifies the current goal, which was modified by the flexible tactic `simp` on line 768!
error: DefiKernel/Nary/FundedCompanions.lean:788:36: Expected type must not contain metavariables
  ?m.49 m✝ ≠ ?m.48 m✝
error: DefiKernel/Nary/FundedCompanions.lean:788:73: Expected type must not contain metavariables
  ?m.49 m✝ ≠ ?m.48 m✝
error: DefiKernel/Nary/FundedCompanions.lean:787:50: unsolved goals
⊢ ((((start f16Initial).refuse 0 inv210 (Failure.kernel Refusal.guard)).skip 0).locals 1).failure = none
error: DefiKernel/Nary/FundedCompanions.lean:792:36: Expected type must not contain metavariables
  ?m.85 m✝ ≠ ?m.84 m✝
error: DefiKernel/Nary/FundedCompanions.lean:792:73: Expected type must not contain metavariables
  ?m.85 m✝ ≠ ?m.84 m✝
error: DefiKernel/Nary/FundedCompanions.lean:791:75: unsolved goals
hfail : (f16M2.locals 1).failure = none
his : (f16M2.locals 1).failure.isSome = false
⊢ [inv202][((((start f16Initial).refuse 0 inv210 (Failure.kernel Refusal.guard)).skip 0).locals 1).consumed]? =
    some inv202
error: DefiKernel/Nary/FundedCompanions.lean:797:82: Expected type must not contain metavariables
  ?m.139 m✝ ≠ ?m.138 m✝
error: DefiKernel/Nary/FundedCompanions.lean:798:27: Expected type must not contain metavariables
  ?m.139 m✝ ≠ ?m.138 m✝
warning: DefiKernel/Nary/FundedCompanions.lean:788:17: This simp argument is unused:
  skip_away (h := by decide)

Hint: Omit it from the simp argument list.
  [apply] simp [f16M2, f16M1, refuse_away (h := by decide), start_locals]

Note: This linter can be disabled with `set_option linter.unusedSimpArgs false`
warning: DefiKernel/Nary/FundedCompanions.lean:788:52: This simp argument is unused:
  refuse_away (h := by decide)

Hint: Omit it from the simp argument list.
  [apply] simp [f16M2, skip_away (h := by decide), f16M1, start_locals]

Note: This linter can be disabled with `set_option linter.unusedSimpArgs false`
warning: DefiKernel/Nary/FundedCompanions.lean:789:6: This simp argument is unused:
  start_locals

Hint: Omit it from the simp argument list.
  [apply] simp [f16M2, skip_away (h := by decide), f16M1, refuse_away (h := by decide)]

Note: This linter can be disabled with `set_option linter.unusedSimpArgs false`
warning: DefiKernel/Nary/FundedCompanions.lean:792:17: This simp argument is unused:
  skip_away (h := by decide)

Hint: Omit it from the simp argument list.
  [apply] simp [f16M2, f16M1, refuse_away (h := by decide), start_locals, f16Branches]

Note: This linter can be disabled with `set_option linter.unusedSimpArgs false`
warning: DefiKernel/Nary/FundedCompanions.lean:792:52: This simp argument is unused:
  refuse_away (h := by decide)

Hint: Omit it from the simp argument list.
  [apply] simp [f16M2, skip_away (h := by decide), f16M1, start_locals, f16Branches]

Note: This linter can be disabled with `set_option linter.unusedSimpArgs false`
warning: DefiKernel/Nary/FundedCompanions.lean:793:6: This simp argument is unused:
  start_locals

Hint: Omit it from the simp argument list.
  [apply] simp [f16M2, skip_away (h := by decide), f16M1, refuse_away (h := by decide), f16Branches]

Note: This linter can be disabled with `set_option linter.unusedSimpArgs false`
warning: DefiKernel/Nary/FundedCompanions.lean:797:63: This simp argument is unused:
  skip_away (h := by decide)

Hint: Omit it from the simp argument list.
  [apply] simp [f16M2, skip_world, f16M1, refuse_world, start_world, refuse_away (h := by decide), start_locals,
    f16Bounds]

Note: This linter can be disabled with `set_option linter.unusedSimpArgs false`
warning: DefiKernel/Nary/FundedCompanions.lean:798:6: This simp argument is unused:
  refuse_away (h := by decide)

Hint: Omit it from the simp argument list.
  [apply] simp [f16M2, skip_world, f16M1, refuse_world, start_world, skip_away (h := by decide), start_locals,
    f16Bounds]

Note: This linter can be disabled with `set_option linter.unusedSimpArgs false`
warning: DefiKernel/Nary/FundedCompanions.lean:798:36: This simp argument is unused:
  start_locals

Hint: Omit it from the simp argument list.
  [apply] simp [f16M2, skip_world, f16M1, refuse_world, start_world, skip_away (h := by decide),
    refuse_away (h := by decide), f16Bounds]

Note: This linter can be disabled with `set_option linter.unusedSimpArgs false`
error: DefiKernel/Nary/FundedCompanions.lean:809:43: Tactic `rewrite` failed: Did not find an occurrence of the pattern
  advance f16Cfg f16Bounds f16Branches f16M2 1
in the target expression
  continueRun f16Cfg f16Bounds f16Branches (advance f16Cfg f16Bounds f16Branches (Machine.skip f16M1 0) 1) [] =
    Machine.accept f16M2 1 inv202 f16PeerResult

⊢ continueRun f16Cfg f16Bounds f16Branches (advance f16Cfg f16Bounds f16Branches (Machine.skip f16M1 0) 1) [] =
    Machine.accept f16M2 1 inv202 f16PeerResult
warning: DefiKernel/Nary/FundedCompanions.lean:811:0: Please, add a comment explaining the need for modifying the maxHeartbeat limit, as in
set_option maxHeartbeats 800000 in
-- reason for change
...

Note: This linter can be disabled with `set_option linter.style.maxHeartbeats false`
warning: DefiKernel/Nary/FundedCompanions.lean:860:2: `simp [f16Expected, f16AfterPeer, f16Fail]` is a flexible tactic modifying `⊢`. Try `simp?` and use the suggested `simp only [...]`. Alternatively, use `suffices` to explicitly state the simplified form.

Note: This linter can be disabled with `set_option linter.flexible false`
info: DefiKernel/Nary/FundedCompanions.lean:860:2: Try this:
  [apply] simp only [Fin.isValue, true_and]
info: DefiKernel/Nary/FundedCompanions.lean:861:2: `decide +kernel`
modifies the current goal, which was modified by the flexible tactic `simp` on line 860!
error: DefiKernel/Nary/FundedCompanions.lean:882:74: unsolved goals
hadv :
  advance f16Cfg f16Bounds f16Branches (start f16Initial) 0 =
    (start f16Initial).refuse 0 inv210 (Failure.kernel Refusal.guard)
hphase :
  reserveUpdate ReservePhase.awaiting
      { participant := 0, boundary := f16Bounds 0 ((start f16Initial).locals 0).nextIndex, before := start f16Initial,
        after := (start f16Initial).refuse 0 inv210 (Failure.kernel Refusal.guard),
        attempt :=
          some
            { participant := 0, index := 0, invocation := inv210, before := f16Initial,
              outcome := Except.error (Failure.kernel Refusal.guard) } } =
    ReservePhase.awaiting
⊢ reserveUpdate ReservePhase.awaiting
      { participant := 0, boundary := f16Bounds 0 0, before := start f16Initial,
        after := (start f16Initial).refuse 0 inv210 (Failure.kernel Refusal.guard),
        attempt :=
          some
            { participant := 0, index := 0, invocation := inv210, before := f16Initial,
              outcome := Except.error (Failure.kernel Refusal.guard) } } =
    ReservePhase.awaiting
warning: DefiKernel/Nary/FundedCompanions.lean:893:4: This simp argument is unused:
  hphase

Hint: Omit it from the simp argument list.
  [apply] simp [advanceMonitored, hadv, refuse_attempts, start_attempts, start_locals, start_world]

Note: This linter can be disabled with `set_option linter.unusedSimpArgs false`
warning: DefiKernel/Nary/FundedCompanions.lean:895:0: Please, add a comment explaining the need for modifying the maxHeartbeat limit, as in
set_option maxHeartbeats 800000 in
-- reason for change
...

Note: This linter can be disabled with `set_option linter.style.maxHeartbeats false`
error: DefiKernel/Nary/FundedCompanions.lean:903:12: unsolved goals
⊢ (locals3 (localFail 2 0 [] [] f16Fail) (localSucc [ev 0 inv202 f16Initial (sr f16AfterPeer rec202s)]) emptyLocal
        0).outputs =
    []
warning: DefiKernel/Nary/FundedCompanions.lean:920:0: Please, add a comment explaining the need for modifying the maxHeartbeat limit, as in
set_option maxHeartbeats 800000 in
-- reason for change
...

Note: This linter can be disabled with `set_option linter.style.maxHeartbeats false`
error: DefiKernel/Nary/FundedCompanions.lean:929:20: Invalid field `index`: The environment does not contain `DefiKernel.Composition.OutputObservation.index`, so it is not possible to project the field `index` from an expression
  budgetOut 0
of type `OutputObservation A`
error: DefiKernel/Nary/FundedCompanions.lean:932:40: unsolved goals
⊢ (sr f10Initial rec200
          [{ step := 0, port := { component := { value := 0 }, port := { value := 7 } },
              value := ⟨Unit.amount Asset.usd, 6⟩ }]).outputs =
      [{ step := 0, port := { component := { value := 0 }, port := { value := 7 } },
          value := ⟨Unit.amount Asset.usd, 6⟩ }] ∧
    sorry () = 0 ∧
      (sr f10Initial rec200
            [{ step := 0, port := { component := { value := 0 }, port := { value := 7 } },
                value := ⟨Unit.amount Asset.usd, 6⟩ }]).receipt =
        rec200
error: DefiKernel/Nary/FundedCompanions.lean:943:76: unsolved goals
⊢ decide
      ((sr f10Initial rec200 [budgetOut 0]).outputs = [budgetOut 0] ∧
        (sr f10Initial rec200 [budgetOut 0]).receipt = rec200) =
    true
warning: DefiKernel/Nary/FundedCompanions.lean:961:4: `simp [start_locals, start_world, f17Bounds]` is a flexible tactic modifying `⊢`. Try `simp?` and use the suggested `simp only [...]`. Alternatively, use `suffices` to explicitly state the simplified form.

Note: This linter can be disabled with `set_option linter.flexible false`
info: DefiKernel/Nary/FundedCompanions.lean:962:4: `exact f17_peer_execute`
modifies the current goal, which was modified by the flexible tactic `simp` on line 961!
warning: DefiKernel/Nary/FundedCompanions.lean:970:0: Please, add a comment explaining the need for modifying the maxHeartbeat limit, as in
set_option maxHeartbeats 800000 in
-- reason for change
...

Note: This linter can be disabled with `set_option linter.style.maxHeartbeats false`
error: DefiKernel/Nary/FundedCompanions.lean:999:20: unsolved goals
⊢ (locals3 emptyLocal
          (localSucc
            [ev 0 inv200 (mkWorld 10 0 2 3 0 0 6 0 f10Store)
                (sr (mkWorld 10 0 2 3 0 0 6 0 f10Store) rec200 [budgetOut 0])]
            [budgetOut 0])
          emptyLocal 1).outputs =
      [budgetOut 0] ∧
    (locals3 emptyLocal
            (localSucc
              [ev 0 inv200 (mkWorld 10 0 2 3 0 0 6 0 f10Store)
                  (sr (mkWorld 10 0 2 3 0 0 6 0 f10Store) rec200 [budgetOut 0])]
              [budgetOut 0])
            emptyLocal 1).nextIndex =
        1 ∧
      (locals3 emptyLocal
              (localSucc
                [ev 0 inv200 (mkWorld 10 0 2 3 0 0 6 0 f10Store)
                    (sr (mkWorld 10 0 2 3 0 0 6 0 f10Store) rec200 [budgetOut 0])]
                [budgetOut 0])
              emptyLocal 0).outputs =
          [] ∧
        (locals3 emptyLocal
                (localSucc
                  [ev 0 inv200 (mkWorld 10 0 2 3 0 0 6 0 f10Store)
                      (sr (mkWorld 10 0 2 3 0 0 6 0 f10Store) rec200 [budgetOut 0])]
                  [budgetOut 0])
                emptyLocal 0).nextIndex =
            0 ∧
          (mkWorld 10 0 2 3 0 0 6 0 f10Store).capabilities = f10Store
error: DefiKernel/Nary/FundedCompanions.lean:1012:71: unsolved goals
hadv : advance f10Cfg f17Bounds f17Branches (start f10Initial) 1 = (start f10Initial).accept 1 inv200 f17PeerResult
hphase :
  reserveUpdate ReservePhase.awaiting
      { participant := 1, boundary := f17Bounds 1 ((start f10Initial).locals 1).nextIndex, before := start f10Initial,
        after := (start f10Initial).accept 1 inv200 f17PeerResult,
        attempt :=
          some
            { participant := 1, index := 0, invocation := inv200, before := f10Initial,
              outcome := Except.ok f17PeerResult } } =
    ReservePhase.awaiting
⊢ reserveUpdate ReservePhase.awaiting
      { participant := 1, boundary := f17Bounds 1 0, before := start f10Initial,
        after := (start f10Initial).accept 1 inv200 f17PeerResult,
        attempt :=
          some
            { participant := 1, index := 0, invocation := inv200, before := f10Initial,
              outcome := Except.ok f17PeerResult } } =
    ReservePhase.awaiting
warning: DefiKernel/Nary/FundedCompanions.lean:1022:4: This simp argument is unused:
  hphase

Hint: Omit it from the simp argument list.
  [apply] simp [advanceMonitored, hadv, accept_attempts, start_attempts, start_locals, start_world]

Note: This linter can be disabled with `set_option linter.unusedSimpArgs false`
warning: DefiKernel/Nary/FundedCompanions.lean:1024:0: Please, add a comment explaining the need for modifying the maxHeartbeat limit, as in
set_option maxHeartbeats 800000 in
-- reason for change
...

Note: This linter can be disabled with `set_option linter.style.maxHeartbeats false`
error: Lean exited with code 1
Some required targets logged failures:
- DefiKernel.Nary.FundedCompanions
