⚠ [921/958] Replayed DefiKernel.Typed.Transition
warning: DefiKernel/Typed/Transition.lean:239:20: `simp_all [throw, throwThe]` is a flexible tactic modifying `⊢`. Try `simp_all?` and use the suggested `simp_all only [...]`. Alternatively, use `suffices` to explicitly state the simplified form.

Note: This linter can be disabled with `set_option linter.flexible false`
info: DefiKernel/Typed/Transition.lean:239:20: Try this:
  [apply] simp_all only [or_false, Prod.forall, true_and]
info: DefiKernel/Typed/Transition.lean:244:6: `rename_i args`
modifies the current goal, which was modified by the flexible tactic `simp_all` on line 239!
warning: DefiKernel/Typed/Transition.lean:239:20: `simp_all [throw, throwThe]` is a flexible tactic modifying `⊢`. Try `simp_all?` and use the suggested `simp_all only [...]`. Alternatively, use `suffices` to explicitly state the simplified form.

Note: This linter can be disabled with `set_option linter.flexible false`
info: DefiKernel/Typed/Transition.lean:239:20: Try this:
  [apply] simp_all only [Option.some.injEq, false_or, Prod.forall]
info: DefiKernel/Typed/Transition.lean:244:6: `rename_i args`
modifies the current goal, which was modified by the flexible tactic `simp_all` on line 239!
⚠ [926/958] Replayed DefiKernel.Nary.Schedule
warning: DefiKernel/Nary/Schedule.lean:162:24: This simp argument is unused:
  Nat.add_assoc

Hint: Omit it from the simp argument list.
  [apply] simp [hbeq, hmem, Nat.add_left_comm, Nat.add_comm]

Note: This linter can be disabled with `set_option linter.unusedSimpArgs false`
warning: DefiKernel/Nary/Schedule.lean:263:2: `simp [admit, hv, ha, bind, Except.bind, pure, Except.pure]` is a flexible tactic modifying `⊢`. Try `simp?` and use the suggested `simp only [...]`. Alternatively, use `suffices` to explicitly state the simplified form.

Note: This linter can be disabled with `set_option linter.flexible false`
info: DefiKernel/Nary/Schedule.lean:264:2: `rw [hs']`
modifies the current goal, which was modified by the flexible tactic `simp` on line 263!
⚠ [936/958] Replayed DefiKernel.Nary.Observation
warning: DefiKernel/Nary/Observation.lean:338:4: `simp [localEq, Bool.and_eq_true, eventsEq_iff] at h` is a flexible tactic modifying `h`. Try `simp?` and use the suggested `simp only [...]`. Alternatively, use `suffices` to explicitly state the simplified form.

Note: This linter can be disabled with `set_option linter.flexible false`
info: DefiKernel/Nary/Observation.lean:338:4: Try this:
  [apply] simp only [Interleaving.LocalState.mk.injEq] at h
info: DefiKernel/Nary/Observation.lean:339:4: `obtain ⟨⟨⟨⟨hc, hi⟩, hf⟩, ho⟩, he⟩ := h`
uses `h`, which was modified by the flexible tactic `simp` on line 338!
warning: DefiKernel/Nary/Observation.lean:342:4: `simp [Interleaving.LocalState.mk.injEq] at h` is a flexible tactic modifying `h`. Try `simp?` and use the suggested `simp only [...]`. Alternatively, use `suffices` to explicitly state the simplified form.

Note: This linter can be disabled with `set_option linter.flexible false`
info: DefiKernel/Nary/Observation.lean:343:4: `obtain ⟨hc, he, ho, hi, hf⟩ := h`
uses `h`, which was modified by the flexible tactic `simp` on line 342!
✖ [958/958] Building DefiKernel.Nary.FundedCompanions (4.6s)
trace: .> LEAN_PATH=/home/charl/defiformal-wt-sprint11-grok-gpt6-20260907/lean/.lake/packages/Cli/.lake/build/lib/lean:/home/charl/defiformal-wt-sprint11-grok-gpt6-20260907/lean/.lake/packages/batteries/.lake/build/lib/lean:/home/charl/defiformal-wt-sprint11-grok-gpt6-20260907/lean/.lake/packages/Qq/.lake/build/lib/lean:/home/charl/defiformal-wt-sprint11-grok-gpt6-20260907/lean/.lake/packages/aesop/.lake/build/lib/lean:/home/charl/defiformal-wt-sprint11-grok-gpt6-20260907/lean/.lake/packages/proofwidgets/.lake/build/lib/lean:/home/charl/defiformal-wt-sprint11-grok-gpt6-20260907/lean/.lake/packages/importGraph/.lake/build/lib/lean:/home/charl/defiformal-wt-sprint11-grok-gpt6-20260907/lean/.lake/packages/LeanSearchClient/.lake/build/lib/lean:/home/charl/defiformal-wt-sprint11-grok-gpt6-20260907/lean/.lake/packages/plausible/.lake/build/lib/lean:/home/charl/defiformal-wt-sprint11-grok-gpt6-20260907/lean/.lake/packages/mathlib/.lake/build/lib/lean:/home/charl/defiformal-wt-sprint11-grok-gpt6-20260907/lean/.lake/build/lib/lean /home/charl/.elan/toolchains/leanprover--lean4---v4.33.0-rc2/bin/lean /home/charl/defiformal-wt-sprint11-grok-gpt6-20260907/lean/DefiKernel/Nary/FundedCompanions.lean -o /home/charl/defiformal-wt-sprint11-grok-gpt6-20260907/lean/.lake/build/lib/lean/DefiKernel/Nary/FundedCompanions.olean -i /home/charl/defiformal-wt-sprint11-grok-gpt6-20260907/lean/.lake/build/lib/lean/DefiKernel/Nary/FundedCompanions.ilean -c /home/charl/defiformal-wt-sprint11-grok-gpt6-20260907/lean/.lake/build/ir/DefiKernel/Nary/FundedCompanions.c --setup /home/charl/defiformal-wt-sprint11-grok-gpt6-20260907/lean/.lake/build/ir/DefiKernel/Nary/FundedCompanions.setup.json --json
warning: DefiKernel/Nary/FundedCompanions.lean:49:0: Unscoped option linter.flexible is not allowed:
Please scope this to individual declarations, as in
```
set_option linter.flexible in
-- comment explaining why this is necessary
example : ... := ...
```

Note: This linter can be disabled with `set_option linter.style.setOption false`
warning: DefiKernel/Nary/FundedCompanions.lean:50:0: Unscoped option linter.style.maxHeartbeats is not allowed:
Please scope this to individual declarations, as in
```
set_option linter.style.maxHeartbeats in
-- comment explaining why this is necessary
example : ... := ...
```

Note: This linter can be disabled with `set_option linter.style.setOption false`
error: DefiKernel/Nary/FundedCompanions.lean:602:60: unsolved goals
haway : f12M2.locals 0 = f12M1.locals 0
hfail : (f12M2.locals 0).failure = none
his : (f12M2.locals 0).failure.isSome = false
hsel : (f12Branches 0)[(f12M2.locals 0).consumed]? = some inv201
⊢ f12ProdResult.outputs = [budgetOut 0]
error: DefiKernel/Nary/FundedCompanions.lean:924:6: Tactic `rewrite` failed: Did not find an occurrence of the pattern
  advance f16Cfg f16Bounds f16Branches (start f16Initial) 0
in the target expression
  (have pre := (ReservePhase.awaiting, start f16Initial).2;
    have post := advance f16Cfg f16Bounds f16Branches pre 0;
    have appended := post.attempts[pre.attempts.length]?;
    (reserveUpdate (ReservePhase.awaiting, start f16Initial).1
        { participant := 0, boundary := f16Bounds 0 (pre.locals 0).nextIndex, before := pre, after := post,
          attempt := appended },
      post)) =
    (ReservePhase.awaiting, (start f16Initial).refuse 0 inv210 (Failure.kernel Refusal.guard))

hadv :
  advance f16Cfg f16Bounds f16Branches (start f16Initial) 0 =
    (start f16Initial).refuse 0 inv210 (Failure.kernel Refusal.guard)
hbnd : f16Bounds 0 ((start f16Initial).locals 0).nextIndex = f16Bounds 0 0
hphase :
  reserveUpdate ReservePhase.awaiting
      { participant := 0, boundary := f16Bounds 0 0, before := start f16Initial,
        after := (start f16Initial).refuse 0 inv210 (Failure.kernel Refusal.guard),
        attempt :=
          some
            { participant := 0, index := 0, invocation := inv210, before := f16Initial,
              outcome := Except.error (Failure.kernel Refusal.guard) } } =
    ReservePhase.awaiting
⊢ (have pre := (ReservePhase.awaiting, start f16Initial).2;
    have post := advance f16Cfg f16Bounds f16Branches pre 0;
    have appended := post.attempts[pre.attempts.length]?;
    (reserveUpdate (ReservePhase.awaiting, start f16Initial).1
        { participant := 0, boundary := f16Bounds 0 (pre.locals 0).nextIndex, before := pre, after := post,
          attempt := appended },
      post)) =
    (ReservePhase.awaiting, (start f16Initial).refuse 0 inv210 (Failure.kernel Refusal.guard))
error: DefiKernel/Nary/FundedCompanions.lean:1039:2: unsolved goals
case refine_6
⊢ f10Initial.capabilities = f10Store
error: DefiKernel/Nary/FundedCompanions.lean:1063:6: Tactic `rewrite` failed: Did not find an occurrence of the pattern
  advance f10Cfg f17Bounds f17Branches (start f10Initial) 1
in the target expression
  (have pre := (ReservePhase.awaiting, start f10Initial).2;
    have post := advance f10Cfg f17Bounds f17Branches pre 1;
    have appended := post.attempts[pre.attempts.length]?;
    (reserveUpdate (ReservePhase.awaiting, start f10Initial).1
        { participant := 1, boundary := f17Bounds 1 (pre.locals 1).nextIndex, before := pre, after := post,
          attempt := appended },
      post)) =
    (ReservePhase.awaiting, (start f10Initial).accept 1 inv200 f17PeerResult)

hadv : advance f10Cfg f17Bounds f17Branches (start f10Initial) 1 = (start f10Initial).accept 1 inv200 f17PeerResult
hbnd : f17Bounds 1 ((start f10Initial).locals 1).nextIndex = f17Bounds 1 0
hphase :
  reserveUpdate ReservePhase.awaiting
      { participant := 1, boundary := f17Bounds 1 0, before := start f10Initial,
        after := (start f10Initial).accept 1 inv200 f17PeerResult,
        attempt :=
          some
            { participant := 1, index := 0, invocation := inv200, before := f10Initial,
              outcome := Except.ok f17PeerResult } } =
    ReservePhase.awaiting
⊢ (have pre := (ReservePhase.awaiting, start f10Initial).2;
    have post := advance f10Cfg f17Bounds f17Branches pre 1;
    have appended := post.attempts[pre.attempts.length]?;
    (reserveUpdate (ReservePhase.awaiting, start f10Initial).1
        { participant := 1, boundary := f17Bounds 1 (pre.locals 1).nextIndex, before := pre, after := post,
          attempt := appended },
      post)) =
    (ReservePhase.awaiting, (start f10Initial).accept 1 inv200 f17PeerResult)
error: Lean exited with code 1
Some required targets logged failures:
- DefiKernel.Nary.FundedCompanions
