⚠ [921/958] Replayed DefiKernel.Typed.Transition
warning: DefiKernel/Typed/Transition.lean:239:20: `simp_all [throw, throwThe]` is a flexible tactic modifying `⊢`. Try `simp_all?` and use the suggested `simp_all only [...]`. Alternatively, use `suffices` to explicitly state the simplified form.

Note: This linter can be disabled with `set_option linter.flexible false`
info: DefiKernel/Typed/Transition.lean:239:20: Try this:
  [apply] simp_all only [or_false, Prod.forall, true_and]
info: DefiKernel/Typed/Transition.lean:244:6: `rename_i args`
modifies the current goal, which was modified by the flexible tactic `simp_all` on line 239!
warning: DefiKernel/Typed/Transition.lean:239:20: `simp_all [throw, throwThe]` is a flexible tactic modifying `⊢`. Try `simp_all?` and use the suggested `simp_all only [...]`. Alternatively, use `suffices` to explicitly state the simplified form.

Note: This linter can be disabled with `set_option linter.flexible false`
info: DefiKernel/Typed/Transition.lean:239:20: Try this:
  [apply] simp_all only [Option.some.injEq, false_or, Prod.forall]
info: DefiKernel/Typed/Transition.lean:244:6: `rename_i args`
modifies the current goal, which was modified by the flexible tactic `simp_all` on line 239!
⚠ [926/958] Replayed DefiKernel.Nary.Schedule
warning: DefiKernel/Nary/Schedule.lean:162:24: This simp argument is unused:
  Nat.add_assoc

Hint: Omit it from the simp argument list.
  [apply] simp [hbeq, hmem, Nat.add_left_comm, Nat.add_comm]

Note: This linter can be disabled with `set_option linter.unusedSimpArgs false`
warning: DefiKernel/Nary/Schedule.lean:263:2: `simp [admit, hv, ha, bind, Except.bind, pure, Except.pure]` is a flexible tactic modifying `⊢`. Try `simp?` and use the suggested `simp only [...]`. Alternatively, use `suffices` to explicitly state the simplified form.

Note: This linter can be disabled with `set_option linter.flexible false`
info: DefiKernel/Nary/Schedule.lean:264:2: `rw [hs']`
modifies the current goal, which was modified by the flexible tactic `simp` on line 263!
⚠ [936/958] Replayed DefiKernel.Nary.Observation
warning: DefiKernel/Nary/Observation.lean:338:4: `simp [localEq, Bool.and_eq_true, eventsEq_iff] at h` is a flexible tactic modifying `h`. Try `simp?` and use the suggested `simp only [...]`. Alternatively, use `suffices` to explicitly state the simplified form.

Note: This linter can be disabled with `set_option linter.flexible false`
info: DefiKernel/Nary/Observation.lean:338:4: Try this:
  [apply] simp only [Interleaving.LocalState.mk.injEq] at h
info: DefiKernel/Nary/Observation.lean:339:4: `obtain ⟨⟨⟨⟨hc, hi⟩, hf⟩, ho⟩, he⟩ := h`
uses `h`, which was modified by the flexible tactic `simp` on line 338!
warning: DefiKernel/Nary/Observation.lean:342:4: `simp [Interleaving.LocalState.mk.injEq] at h` is a flexible tactic modifying `h`. Try `simp?` and use the suggested `simp only [...]`. Alternatively, use `suffices` to explicitly state the simplified form.

Note: This linter can be disabled with `set_option linter.flexible false`
info: DefiKernel/Nary/Observation.lean:343:4: `obtain ⟨hc, he, ho, hi, hf⟩ := h`
uses `h`, which was modified by the flexible tactic `simp` on line 342!
⚠ [958/958] Built DefiKernel.Nary.FundedCompanions (7.3s)
warning: DefiKernel/Nary/FundedCompanions.lean:135:2: `simp [Template.evaluate, constTransfer, resolveRefs, packed, cellRef, bind, Except.bind,
    pure, Except.pure, litAmt, negAmt] at h` is a flexible tactic modifying `h`. Try `simp?` and use the suggested `simp only [...]`. Alternatively, use `suffices` to explicitly state the simplified form.

Note: This linter can be disabled with `set_option linter.flexible false`
info: DefiKernel/Nary/FundedCompanions.lean:137:2: `cases h`
uses `h`, which was modified by the flexible tactic `simp` on line 135!
warning: DefiKernel/Nary/FundedCompanions.lean:155:4: `simp [extractReceipt, ht, hargs, bind, Except.bind, Except.mapError] at extracted` is a flexible tactic modifying `extracted`. Try `simp?` and use the suggested `simp only [...]`. Alternatively, use `suffices` to explicitly state the simplified form.

Note: This linter can be disabled with `set_option linter.flexible false`
info: DefiKernel/Nary/FundedCompanions.lean:155:4: Try this:
  [apply] simp only [Receipt.invoked.injEq, ↓existsAndEq, and_true, exists_and_right, true_and] at extracted
info: DefiKernel/Nary/FundedCompanions.lean:156:4: `cases hev :
  (constTransfer src dst q).evaluate ⟨pre.state, boundary.env, boundary.ctx.principal, [], .nil, boundary.now⟩ with
| error _ => simp [hev] at extracted
| ok e' =>
  have heq : e' = e := by simpa [hev] using extracted
  exact ⟨_, e, rfl, constTransfer_deltas _ _ _ _ _ (heq ▸ hev)⟩`
uses `extracted`, which was modified by the flexible tactic `simp` on line 155!
warning: DefiKernel/Nary/FundedCompanions.lean:169:2: `simp [readyBudgetBound]` is a flexible tactic modifying `⊢`. Try `simp?` and use the suggested `simp only [...]`. Alternatively, use `suffices` to explicitly state the simplified form.

Note: This linter can be disabled with `set_option linter.flexible false`
info: DefiKernel/Nary/FundedCompanions.lean:170:2: `decide +kernel`
modifies the current goal, which was modified by the flexible tactic `simp` on line 169!
warning: DefiKernel/Nary/FundedCompanions.lean:264:2: `simp [donor1C_ne_vaultC, vaultC_ne_budgetC, donor1C_ne_budgetC] at hv hb` is a flexible tactic modifying `hb`. Try `simp?` and use the suggested `simp only [...]`. Alternatively, use `suffices` to explicitly state the simplified form.

Note: This linter can be disabled with `set_option linter.flexible false`
info: DefiKernel/Nary/FundedCompanions.lean:265:2: `refine ⟨?_, hb⟩`
uses `hb`, which was modified by the flexible tactic `simp` on line 264!
warning: DefiKernel/Nary/FundedCompanions.lean:277:2: `simp [donor2C_ne_vaultC, vaultC_ne_budgetC, donor2C_ne_budgetC] at hv hb` is a flexible tactic modifying `hb`. Try `simp?` and use the suggested `simp only [...]`. Alternatively, use `suffices` to explicitly state the simplified form.

Note: This linter can be disabled with `set_option linter.flexible false`
info: DefiKernel/Nary/FundedCompanions.lean:278:2: `refine ⟨?_, hb⟩`
uses `hb`, which was modified by the flexible tactic `simp` on line 277!
warning: DefiKernel/Nary/FundedCompanions.lean:290:4: `simp [readyBudgetBound]` is a flexible tactic modifying `⊢`. Try `simp?` and use the suggested `simp only [...]`. Alternatively, use `suffices` to explicitly state the simplified form.

Note: This linter can be disabled with `set_option linter.flexible false`
info: DefiKernel/Nary/FundedCompanions.lean:291:4: `decide +kernel`
modifies the current goal, which was modified by the flexible tactic `simp` on line 290!
warning: DefiKernel/Nary/FundedCompanions.lean:303:4: `simp [readyBudgetBound]` is a flexible tactic modifying `⊢`. Try `simp?` and use the suggested `simp only [...]`. Alternatively, use `suffices` to explicitly state the simplified form.

Note: This linter can be disabled with `set_option linter.flexible false`
info: DefiKernel/Nary/FundedCompanions.lean:304:4: `decide +kernel`
modifies the current goal, which was modified by the flexible tactic `simp` on line 303!
warning: DefiKernel/Nary/FundedCompanions.lean:324:4: `simp [start_locals, start_world, f10Bounds]` is a flexible tactic modifying `⊢`. Try `simp?` and use the suggested `simp only [...]`. Alternatively, use `suffices` to explicitly state the simplified form.

Note: This linter can be disabled with `set_option linter.flexible false`
info: DefiKernel/Nary/FundedCompanions.lean:325:4: `exact f10_producer_execute`
modifies the current goal, which was modified by the flexible tactic `simp` on line 324!
warning: DefiKernel/Nary/FundedCompanions.lean:359:4: `simp [readyBudgetBound]` is a flexible tactic modifying `⊢`. Try `simp?` and use the suggested `simp only [...]`. Alternatively, use `suffices` to explicitly state the simplified form.

Note: This linter can be disabled with `set_option linter.flexible false`
info: DefiKernel/Nary/FundedCompanions.lean:360:4: `decide +kernel`
modifies the current goal, which was modified by the flexible tactic `simp` on line 359!
warning: DefiKernel/Nary/FundedCompanions.lean:373:4: `simp [readyBudgetBound]` is a flexible tactic modifying `⊢`. Try `simp?` and use the suggested `simp only [...]`. Alternatively, use `suffices` to explicitly state the simplified form.

Note: This linter can be disabled with `set_option linter.flexible false`
info: DefiKernel/Nary/FundedCompanions.lean:374:4: `decide +kernel`
modifies the current goal, which was modified by the flexible tactic `simp` on line 373!
warning: DefiKernel/Nary/FundedCompanions.lean:404:2: `simp [readyBudgetBound]` is a flexible tactic modifying `⊢`. Try `simp?` and use the suggested `simp only [...]`. Alternatively, use `suffices` to explicitly state the simplified form.

Note: This linter can be disabled with `set_option linter.flexible false`
info: DefiKernel/Nary/FundedCompanions.lean:405:2: `decide +kernel`
modifies the current goal, which was modified by the flexible tactic `simp` on line 404!
warning: DefiKernel/Nary/FundedCompanions.lean:410:2: `simp [readyBudgetBound]` is a flexible tactic modifying `⊢`. Try `simp?` and use the suggested `simp only [...]`. Alternatively, use `suffices` to explicitly state the simplified form.

Note: This linter can be disabled with `set_option linter.flexible false`
info: DefiKernel/Nary/FundedCompanions.lean:411:2: `decide +kernel`
modifies the current goal, which was modified by the flexible tactic `simp` on line 410!
warning: DefiKernel/Nary/FundedCompanions.lean:414:2: `simp [vaultReserve4]` is a flexible tactic modifying `⊢`. Try `simp?` and use the suggested `simp only [...]`. Alternatively, use `suffices` to explicitly state the simplified form.

Note: This linter can be disabled with `set_option linter.flexible false`
info: DefiKernel/Nary/FundedCompanions.lean:415:2: `decide +kernel`
modifies the current goal, which was modified by the flexible tactic `simp` on line 414!
warning: DefiKernel/Nary/FundedCompanions.lean:553:2: `simp [donor1C_ne_vaultC, vaultC_ne_budgetC, donor1C_ne_budgetC] at hv hb` is a flexible tactic modifying `hb`. Try `simp?` and use the suggested `simp only [...]`. Alternatively, use `suffices` to explicitly state the simplified form.

Note: This linter can be disabled with `set_option linter.flexible false`
info: DefiKernel/Nary/FundedCompanions.lean:555:2: `refine ⟨hv7, ?_, hb⟩`
uses `hb`, which was modified by the flexible tactic `simp` on line 553!
warning: DefiKernel/Nary/FundedCompanions.lean:575:4: `simp [start_locals, start_world, f12Bounds]` is a flexible tactic modifying `⊢`. Try `simp?` and use the suggested `simp only [...]`. Alternatively, use `suffices` to explicitly state the simplified form.

Note: This linter can be disabled with `set_option linter.flexible false`
info: DefiKernel/Nary/FundedCompanions.lean:576:4: `exact f12_producer_execute`
modifies the current goal, which was modified by the flexible tactic `simp` on line 575!
warning: DefiKernel/Nary/FundedCompanions.lean:594:4: `simp [haway, start_locals, f12M1, accept_world, f12Bounds]` is a flexible tactic modifying `⊢`. Try `simp?` and use the suggested `simp only [...]`. Alternatively, use `suffices` to explicitly state the simplified form.

Note: This linter can be disabled with `set_option linter.flexible false`
info: DefiKernel/Nary/FundedCompanions.lean:595:4: `exact f12_peer_execute`
modifies the current goal, which was modified by the flexible tactic `simp` on line 594!
warning: DefiKernel/Nary/FundedCompanions.lean:617:4: `simp [f12M2, accept_world, f12M1, f12Bounds, hout, hidx]` is a flexible tactic modifying `⊢`. Try `simp?` and use the suggested `simp only [...]`. Alternatively, use `suffices` to explicitly state the simplified form.

Note: This linter can be disabled with `set_option linter.flexible false`
info: DefiKernel/Nary/FundedCompanions.lean:618:4: `exact f12_consumer_execute`
modifies the current goal, which was modified by the flexible tactic `simp` on line 617!
warning: DefiKernel/Nary/FundedCompanions.lean:802:4: `simp [start_locals, start_world, f16Bounds]` is a flexible tactic modifying `⊢`. Try `simp?` and use the suggested `simp only [...]`. Alternatively, use `suffices` to explicitly state the simplified form.

Note: This linter can be disabled with `set_option linter.flexible false`
info: DefiKernel/Nary/FundedCompanions.lean:803:4: `exact f16_producer_execute`
modifies the current goal, which was modified by the flexible tactic `simp` on line 802!
warning: DefiKernel/Nary/FundedCompanions.lean:833:4: `simp [hskip, haway, start_locals, f16M2, skip_world, f16M1, refuse_world, start_world,
      f16Bounds]` is a flexible tactic modifying `⊢`. Try `simp?` and use the suggested `simp only [...]`. Alternatively, use `suffices` to explicitly state the simplified form.

Note: This linter can be disabled with `set_option linter.flexible false`
info: DefiKernel/Nary/FundedCompanions.lean:835:4: `exact f16_peer_execute`
modifies the current goal, which was modified by the flexible tactic `simp` on line 833!
warning: DefiKernel/Nary/FundedCompanions.lean:900:4: `simp [f16Expected]` is a flexible tactic modifying `⊢`. Try `simp?` and use the suggested `simp only [...]`. Alternatively, use `suffices` to explicitly state the simplified form.

Note: This linter can be disabled with `set_option linter.flexible false`
info: DefiKernel/Nary/FundedCompanions.lean:901:4: `decide +kernel`
modifies the current goal, which was modified by the flexible tactic `simp` on line 900!
warning: DefiKernel/Nary/FundedCompanions.lean:1016:4: `simp [start_locals, start_world, f17Bounds]` is a flexible tactic modifying `⊢`. Try `simp?` and use the suggested `simp only [...]`. Alternatively, use `suffices` to explicitly state the simplified form.

Note: This linter can be disabled with `set_option linter.flexible false`
info: DefiKernel/Nary/FundedCompanions.lean:1017:4: `exact f17_peer_execute`
modifies the current goal, which was modified by the flexible tactic `simp` on line 1016!
Build completed successfully (958 jobs).
