jsonDepth-str
0
jsonDepth-num
0
jsonDepth-null
0
jsonDepth-bool
0
jsonDepth-empty-obj
1
jsonDepth-empty-arr
1
jsonDepth-nestJson0
0
jsonDepth-nestJson1
1
jsonDepth-nestJson63
63
jsonDepth-nestJson64
64
jsonDepth-nestJson65
65
jsonDepth-le64-nestJson63
true
jsonDepth-le64-nestJson64
true
jsonDepthFuel0-nestJson5
0
jsonDepthFuel64-nestJson64
64
jsonDepthFuel64-nestJson65
64
jsonDepthFuel100-nestJson100
100
jsonDepthFuel100-nestJson101
100
fuel-jsonDepth
100
fuel-jsonMaxArrayLength
100
guard58-ast
58
guard58-encode-nest
64
guard58-decode
ok-eq
guard58-helper-jsonDepth
64
guard58-helper-le64
true
guard58-prod-parseDepth
ok depth=64 arr=32
witness-helper-jsonDepth
6
witness-encode-nest
6
sourcePin-helper-keys-none
audit_record,checker_candidate,compiler_record,git,lean_toolchain,mathlib_rev
sourcePin-helper-keys-some
audit_record,checker_candidate,compiler_record,git,lean_toolchain,mathlib_rev
sourcePin-prod-none
{"git":"g","lean_toolchain":"t","mathlib_rev":"m","checker_candidate":"c","compiler_record":null,"audit_record":null}
sourcePin-prod-some
{"git":"g","lean_toolchain":"t","mathlib_rev":"m","checker_candidate":"c","compiler_record":"cr","audit_record":"ar"}
sourcePin-decode-helper-none
ok cr=none ar=none
sourcePin-decode-helper-some
ok cr=some:cr ar=some:ar
libraryRef-helper-none
STR
libraryRef-prod-none
{"theorem":"T"}
libraryRef-helper-some
module,theorem
libraryRef-prod-some
{"theorem":"T","module":"M"}
libraryRef-decode-helper-none
ok thm=T mod=none
libraryRef-decode-prod-none
ok thm=T mod=none
decodeEnvelope-sorted-empty-sm
ok sm=0 cns=none
decodeEnvelope-sorted-nonempty-sm
ok sm=1 cns=none
decodeEnvelope-sorted-cns-some
ok sm=0 cns=some
decodeDecodedIR-helper-witness
ok
decodeDecodedIR-helper-eq-witness
ok-eq
decodeBytes-encode-witness
ok-eq
arr4095
  scan=ok
  parse=ok
  parseDepth=ok depth=2 arr=4095
  decode={"ctor":"schemaVersion"}
  check=malformed:{"ctor":"schemaVersion"}
arr4096
  scan=ok
  parse=ok
  parseDepth=ok depth=2 arr=4096
  decode={"ctor":"schemaVersion"}
  check=malformed:{"ctor":"schemaVersion"}
arr4097
  scan=ok
  parse={"ctor":"resourceLimit","limit":"max_array_length"}
  parseDepth={"ctor":"resourceLimit","limit":"max_array_length"}
  decode={"ctor":"resourceLimit","limit":"max_array_length"}
  check=blocked:max_array_length
nest63
  scan=ok
  parse=ok
  parseDepth=ok depth=63 arr=0
  decode={"ctor":"schemaVersion"}
  check=malformed:{"ctor":"schemaVersion"}
nest64
  scan=ok
  parse=ok
  parseDepth=ok depth=64 arr=0
  decode={"ctor":"schemaVersion"}
  check=malformed:{"ctor":"schemaVersion"}
nest65
  scan={"ctor":"resourceLimit","limit":"maxDepth"}
  parse={"ctor":"resourceLimit","limit":"maxDepth"}
  parseDepth={"ctor":"resourceLimit","limit":"maxDepth"}
  decode={"ctor":"resourceLimit","limit":"maxDepth"}
  check=blocked:maxDepth
done
