⚠ [921/933] Replayed DefiKernel.Typed.Transition
warning: DefiKernel/Typed/Transition.lean:239:20: `simp_all [throw, throwThe]` is a flexible tactic modifying `⊢`. Try `simp_all?` and use the suggested `simp_all only [...]`. Alternatively, use `suffices` to explicitly state the simplified form.

Note: This linter can be disabled with `set_option linter.flexible false`
info: DefiKernel/Typed/Transition.lean:239:20: Try this:
  [apply] simp_all only [or_false, Prod.forall, true_and]
info: DefiKernel/Typed/Transition.lean:244:6: `rename_i args`
modifies the current goal, which was modified by the flexible tactic `simp_all` on line 239!
warning: DefiKernel/Typed/Transition.lean:239:20: `simp_all [throw, throwThe]` is a flexible tactic modifying `⊢`. Try `simp_all?` and use the suggested `simp_all only [...]`. Alternatively, use `suffices` to explicitly state the simplified form.

Note: This linter can be disabled with `set_option linter.flexible false`
info: DefiKernel/Typed/Transition.lean:239:20: Try this:
  [apply] simp_all only [Option.some.injEq, false_or, Prod.forall]
info: DefiKernel/Typed/Transition.lean:244:6: `rename_i args`
modifies the current goal, which was modified by the flexible tactic `simp_all` on line 239!
✖ [931/933] Building DefiKernel.Nary.Schedule (1.7s)
trace: .> LEAN_PATH=/home/charl/.cache/defiformal-sprint11-builds/proof/.lake/packages/Cli/.lake/build/lib/lean:/home/charl/.cache/defiformal-sprint11-builds/proof/.lake/packages/batteries/.lake/build/lib/lean:/home/charl/.cache/defiformal-sprint11-builds/proof/.lake/packages/Qq/.lake/build/lib/lean:/home/charl/.cache/defiformal-sprint11-builds/proof/.lake/packages/aesop/.lake/build/lib/lean:/home/charl/.cache/defiformal-sprint11-builds/proof/.lake/packages/proofwidgets/.lake/build/lib/lean:/home/charl/.cache/defiformal-sprint11-builds/proof/.lake/packages/importGraph/.lake/build/lib/lean:/home/charl/.cache/defiformal-sprint11-builds/proof/.lake/packages/LeanSearchClient/.lake/build/lib/lean:/home/charl/.cache/defiformal-sprint11-builds/proof/.lake/packages/plausible/.lake/build/lib/lean:/home/charl/.cache/defiformal-sprint11-builds/proof/.lake/packages/mathlib/.lake/build/lib/lean:/home/charl/.cache/defiformal-sprint11-builds/proof/.lake/build/lib/lean /home/charl/.elan/toolchains/leanprover--lean4---v4.33.0-rc2/bin/lean /home/charl/.cache/defiformal-sprint11-builds/proof/DefiKernel/Nary/Schedule.lean -o /home/charl/.cache/defiformal-sprint11-builds/proof/.lake/build/lib/lean/DefiKernel/Nary/Schedule.olean -i /home/charl/.cache/defiformal-sprint11-builds/proof/.lake/build/lib/lean/DefiKernel/Nary/Schedule.ilean -c /home/charl/.cache/defiformal-sprint11-builds/proof/.lake/build/ir/DefiKernel/Nary/Schedule.c --setup /home/charl/.cache/defiformal-sprint11-builds/proof/.lake/build/ir/DefiKernel/Nary/Schedule.setup.json --json
error: DefiKernel/Nary/Schedule.lean:155:4: unsolved goals
case pos
B : Type
inst✝ : DecidableEq B
tail : Schedule B
x : B
xs : List B
h : (x :: xs).Nodup
hx : x ∉ xs
hxs : xs.Nodup
ih :
  xs.Nodup →
    (List.map (fun b ↦ List.count b (x :: tail)) xs).sum =
      (List.map (fun b ↦ List.count b tail) xs).sum + if x ∈ xs then 1 else 0
hbeq : (x == x) = true
⊢ List.count x tail + 1 +
      ((List.map (fun i ↦ List.count i tail) xs).sum + (List.map (fun i ↦ if x = i then 1 else 0) xs).sum) =
    List.count x tail + (List.map (fun i ↦ List.count i tail) xs).sum + 1
error: DefiKernel/Nary/Schedule.lean:159:8: Tactic `simp` failed with a nested error:
maximum recursion depth has been reached
use `set_option maxRecDepth <num>` to increase limit
use `set_option diagnostics true` to get diagnostic information
error: DefiKernel/Nary/Schedule.lean:160:48: unsolved goals
B : Type
inst✝ : DecidableEq B
head : B
tail : Schedule B
x : B
xs : List B
ih :
  xs.Nodup →
    (List.map (fun b ↦ List.count b (head :: tail)) xs).sum =
      (List.map (fun b ↦ List.count b tail) xs).sum + if head ∈ xs then 1 else 0
h : (x :: xs).Nodup
hx : x ∉ xs
hxs : xs.Nodup
hxeq : ¬x = head
hbeq : (head == x) = false
⊢ head = x → head ∈ xs
error: DefiKernel/Nary/Schedule.lean:162:6: `simp` made no progress
warning: DefiKernel/Nary/Schedule.lean:153:27: This simp argument is unused:
  ih hxs

Hint: Omit it from the simp argument list.
  [apply] simp [List.count_cons]

Note: This linter can be disabled with `set_option linter.unusedSimpArgs false`
warning: DefiKernel/Nary/Schedule.lean:157:16: This simp argument is unused:
  hbeq

Hint: Omit it from the simp argument list.
  [apply] simp [hx]

Note: This linter can be disabled with `set_option linter.unusedSimpArgs false`
warning: DefiKernel/Nary/Schedule.lean:161:14: This simp argument is unused:
  hxeq

Hint: Omit it from the simp argument list.
  [apply] simp [eq_comm (a := x)]

Note: This linter can be disabled with `set_option linter.unusedSimpArgs false`
warning: DefiKernel/Nary/Schedule.lean:161:20: This simp argument is unused:
  eq_comm (a := x)

Hint: Omit it from the simp argument list.
  [apply] simp [hxeq]

Note: This linter can be disabled with `set_option linter.unusedSimpArgs false`
warning: DefiKernel/Nary/Schedule.lean:263:2: `simp [admit, hv, ha, bind, Except.bind, pure, Except.pure]` is a flexible tactic modifying `⊢`. Try `simp?` and use the suggested `simp only [...]`. Alternatively, use `suffices` to explicitly state the simplified form.

Note: This linter can be disabled with `set_option linter.flexible false`
info: DefiKernel/Nary/Schedule.lean:264:2: `rw [hs']`
modifies the current goal, which was modified by the flexible tactic `simp` on line 263!
error: Lean exited with code 1
Some required targets logged failures:
- DefiKernel.Nary.Schedule
