⚠ [921/935] Replayed DefiKernel.Typed.Transition
warning: DefiKernel/Typed/Transition.lean:239:20: `simp_all [throw, throwThe]` is a flexible tactic modifying `⊢`. Try `simp_all?` and use the suggested `simp_all only [...]`. Alternatively, use `suffices` to explicitly state the simplified form.

Note: This linter can be disabled with `set_option linter.flexible false`
info: DefiKernel/Typed/Transition.lean:239:20: Try this:
  [apply] simp_all only [or_false, Prod.forall, true_and]
info: DefiKernel/Typed/Transition.lean:244:6: `rename_i args`
modifies the current goal, which was modified by the flexible tactic `simp_all` on line 239!
warning: DefiKernel/Typed/Transition.lean:239:20: `simp_all [throw, throwThe]` is a flexible tactic modifying `⊢`. Try `simp_all?` and use the suggested `simp_all only [...]`. Alternatively, use `suffices` to explicitly state the simplified form.

Note: This linter can be disabled with `set_option linter.flexible false`
info: DefiKernel/Typed/Transition.lean:239:20: Try this:
  [apply] simp_all only [Option.some.injEq, false_or, Prod.forall]
info: DefiKernel/Typed/Transition.lean:244:6: `rename_i args`
modifies the current goal, which was modified by the flexible tactic `simp_all` on line 239!
⚠ [926/935] Replayed DefiKernel.Nary.Schedule
warning: DefiKernel/Nary/Schedule.lean:162:24: This simp argument is unused:
  Nat.add_assoc

Hint: Omit it from the simp argument list.
  [apply] simp [hbeq, hmem, Nat.add_left_comm, Nat.add_comm]

Note: This linter can be disabled with `set_option linter.unusedSimpArgs false`
warning: DefiKernel/Nary/Schedule.lean:263:2: `simp [admit, hv, ha, bind, Except.bind, pure, Except.pure]` is a flexible tactic modifying `⊢`. Try `simp?` and use the suggested `simp only [...]`. Alternatively, use `suffices` to explicitly state the simplified form.

Note: This linter can be disabled with `set_option linter.flexible false`
info: DefiKernel/Nary/Schedule.lean:264:2: `rw [hs']`
modifies the current goal, which was modified by the flexible tactic `simp` on line 263!
✔ [934/935] Built DefiKernel.Nary.LocalOrder (988ms)
✖ [935/935] Building DefiKernel.Nary.Trace (1.0s)
trace: .> LEAN_PATH=/home/charl/.cache/defiformal-sprint11-builds/proof/.lake/packages/Cli/.lake/build/lib/lean:/home/charl/.cache/defiformal-sprint11-builds/proof/.lake/packages/batteries/.lake/build/lib/lean:/home/charl/.cache/defiformal-sprint11-builds/proof/.lake/packages/Qq/.lake/build/lib/lean:/home/charl/.cache/defiformal-sprint11-builds/proof/.lake/packages/aesop/.lake/build/lib/lean:/home/charl/.cache/defiformal-sprint11-builds/proof/.lake/packages/proofwidgets/.lake/build/lib/lean:/home/charl/.cache/defiformal-sprint11-builds/proof/.lake/packages/importGraph/.lake/build/lib/lean:/home/charl/.cache/defiformal-sprint11-builds/proof/.lake/packages/LeanSearchClient/.lake/build/lib/lean:/home/charl/.cache/defiformal-sprint11-builds/proof/.lake/packages/plausible/.lake/build/lib/lean:/home/charl/.cache/defiformal-sprint11-builds/proof/.lake/packages/mathlib/.lake/build/lib/lean:/home/charl/.cache/defiformal-sprint11-builds/proof/.lake/build/lib/lean /home/charl/.elan/toolchains/leanprover--lean4---v4.33.0-rc2/bin/lean /home/charl/.cache/defiformal-sprint11-builds/proof/DefiKernel/Nary/Trace.lean -o /home/charl/.cache/defiformal-sprint11-builds/proof/.lake/build/lib/lean/DefiKernel/Nary/Trace.olean -i /home/charl/.cache/defiformal-sprint11-builds/proof/.lake/build/lib/lean/DefiKernel/Nary/Trace.ilean -c /home/charl/.cache/defiformal-sprint11-builds/proof/.lake/build/ir/DefiKernel/Nary/Trace.c --setup /home/charl/.cache/defiformal-sprint11-builds/proof/.lake/build/ir/DefiKernel/Nary/Trace.setup.json --json
error: DefiKernel/Nary/Trace.lean:86:8: Type mismatch: After simplification, term
  ih own
 has type
  (pre✝.locals own).events = List.filterMap (successfulEvent own) pre✝.attempts
but is expected to have type
  ((pre✝.skip b).locals own).events = List.filterMap (successfulEvent own) pre✝.attempts
error: DefiKernel/Nary/Trace.lean:91:8: Type mismatch: After simplification, term
  ih own
 has type
  (pre✝.locals own).events = List.filterMap (successfulEvent own) pre✝.attempts
but is expected to have type
  ((pre✝.skip b).locals own).events = List.filterMap (successfulEvent own) pre✝.attempts
error: DefiKernel/Nary/Trace.lean:97:6: unsolved goals
case neg
B P A D : Type
inst✝⁶ : DecidableEq B
inst✝⁵ : DecidableEq P
inst✝⁴ : DecidableEq A
inst✝³ : DecidableEq D
inst✝² : Fintype P
inst✝¹ : Fintype A
inst✝ : Fintype D
cfg : Config P A D
boundaries : Boundaries B P A D
branches : Branches B P A D
initial : World P A D
m pre✝ : Machine B P A D
b : B
previous : Reachable cfg boundaries branches initial pre✝
ih : ∀ (b : B), (pre✝.locals b).events = List.filterMap (successfulEvent b) pre✝.attempts
own : B
inv : Invocation P A D
reason : Failure
active : (pre✝.locals b).failure = none
selected : (branches b)[(pre✝.locals b).consumed]? = some inv
rejected :
  executeStep cfg (boundaries b (pre✝.locals b).nextIndex) (pre✝.locals b).nextIndex (pre✝.locals b).outputs
      (Step.invoke inv) pre✝.world =
    Except.error reason
ho : ¬own = b
⊢ ((pre✝.refuse b inv reason).locals own).events = List.filterMap (successfulEvent own) pre✝.attempts
error: DefiKernel/Nary/Trace.lean:104:6: unsolved goals
case neg
B P A D : Type
inst✝⁶ : DecidableEq B
inst✝⁵ : DecidableEq P
inst✝⁴ : DecidableEq A
inst✝³ : DecidableEq D
inst✝² : Fintype P
inst✝¹ : Fintype A
inst✝ : Fintype D
cfg : Config P A D
boundaries : Boundaries B P A D
branches : Branches B P A D
initial : World P A D
m pre✝ : Machine B P A D
b : B
previous : Reachable cfg boundaries branches initial pre✝
ih : ∀ (b : B), (pre✝.locals b).events = List.filterMap (successfulEvent b) pre✝.attempts
own : B
inv : Invocation P A D
result : StepResult P A D
active : (pre✝.locals b).failure = none
selected : (branches b)[(pre✝.locals b).consumed]? = some inv
executed :
  executeStep cfg (boundaries b (pre✝.locals b).nextIndex) (pre✝.locals b).nextIndex (pre✝.locals b).outputs
      (Step.invoke inv) pre✝.world =
    Except.ok result
ho : ¬own = b
⊢ ((pre✝.accept b inv result).locals own).events = List.filterMap (successfulEvent own) pre✝.attempts
warning: DefiKernel/Nary/Trace.lean:97:14: This simp argument is unused:
  refuse_away m b own inv reason ho

Hint: Omit it from the simp argument list.
  [apply] simp [refuse_attempts, List.filterMap_append, ih own, successfulEvent, Ne.symm ho]

Note: This linter can be disabled with `set_option linter.unusedSimpArgs false`
warning: DefiKernel/Nary/Trace.lean:98:10: This simp argument is unused:
  ih own

Hint: Omit it from the simp argument list.
  [apply] simp [refuse_away m b own inv reason ho, refuse_attempts, List.filterMap_append, successfulEvent, Ne.symm ho]

Note: This linter can be disabled with `set_option linter.unusedSimpArgs false`
warning: DefiKernel/Nary/Trace.lean:104:14: This simp argument is unused:
  accept_away m b own inv result ho

Hint: Omit it from the simp argument list.
  [apply] simp [accept_attempts, List.filterMap_append, ih own, successfulEvent, Ne.symm ho]

Note: This linter can be disabled with `set_option linter.unusedSimpArgs false`
warning: DefiKernel/Nary/Trace.lean:105:10: This simp argument is unused:
  ih own

Hint: Omit it from the simp argument list.
  [apply] simp [accept_away m b own inv result ho, accept_attempts, List.filterMap_append, successfulEvent, Ne.symm ho]

Note: This linter can be disabled with `set_option linter.unusedSimpArgs false`
error: DefiKernel/Nary/Trace.lean:123:8: Type mismatch: After simplification, term
  ih own
 has type
  (pre✝.locals own).outputs = List.flatMap (fun event ↦ event.result.outputs) (pre✝.locals own).events
but is expected to have type
  ((pre✝.skip b).locals own).outputs = List.flatMap (fun event ↦ event.result.outputs) ((pre✝.skip b).locals own).events
error: DefiKernel/Nary/Trace.lean:128:8: Type mismatch: After simplification, term
  ih own
 has type
  (pre✝.locals own).outputs = List.flatMap (fun event ↦ event.result.outputs) (pre✝.locals own).events
but is expected to have type
  ((pre✝.skip b).locals own).outputs = List.flatMap (fun event ↦ event.result.outputs) ((pre✝.skip b).locals own).events
error: DefiKernel/Nary/Trace.lean:133:8: Type mismatch: After simplification, term
  ih own
 has type
  (pre✝.locals own).outputs = List.flatMap (fun event ↦ event.result.outputs) (pre✝.locals own).events
but is expected to have type
  ((pre✝.refuse b inv reason).locals own).outputs =
    List.flatMap (fun event ↦ event.result.outputs) ((pre✝.refuse b inv reason).locals own).events
error: DefiKernel/Nary/Trace.lean:138:8: Type mismatch: After simplification, term
  ih own
 has type
  (pre✝.locals own).outputs = List.flatMap (fun event ↦ event.result.outputs) (pre✝.locals own).events
but is expected to have type
  ((pre✝.accept b inv result).locals own).outputs =
    List.flatMap (fun event ↦ event.result.outputs) ((pre✝.accept b inv result).locals own).events
error: DefiKernel/Nary/Trace.lean:156:8: Type mismatch: After simplification, term
  ih own
 has type
  (pre✝.locals own).nextIndex = (pre✝.locals own).events.length
but is expected to have type
  ((pre✝.skip b).locals own).nextIndex = ((pre✝.skip b).locals own).events.length
error: DefiKernel/Nary/Trace.lean:161:8: Type mismatch: After simplification, term
  ih own
 has type
  (pre✝.locals own).nextIndex = (pre✝.locals own).events.length
but is expected to have type
  ((pre✝.skip b).locals own).nextIndex = ((pre✝.skip b).locals own).events.length
error: DefiKernel/Nary/Trace.lean:166:8: Type mismatch: After simplification, term
  ih own
 has type
  (pre✝.locals own).nextIndex = (pre✝.locals own).events.length
but is expected to have type
  ((pre✝.refuse b inv reason).locals own).nextIndex = ((pre✝.refuse b inv reason).locals own).events.length
error: DefiKernel/Nary/Trace.lean:171:8: Type mismatch: After simplification, term
  ih own
 has type
  (pre✝.locals own).nextIndex = (pre✝.locals own).events.length
but is expected to have type
  ((pre✝.accept b inv result).locals own).nextIndex = ((pre✝.accept b inv result).locals own).events.length
error: DefiKernel/Nary/Trace.lean:228:12: Tactic `rewrite` failed: Did not find an occurrence of the pattern
  (m.skip b).locals own
in the target expression
  ((pre✝.skip b).locals own).failure = some failure

case neg
B P A D : Type
inst✝⁶ : DecidableEq B
inst✝⁵ : DecidableEq P
inst✝⁴ : DecidableEq A
inst✝³ : DecidableEq D
inst✝² : Fintype P
inst✝¹ : Fintype A
inst✝ : Fintype D
cfg : Config P A D
boundaries : Boundaries B P A D
branches : Branches B P A D
initial : World P A D
m pre✝ : Machine B P A D
b : B
previous : Reachable cfg boundaries branches initial pre✝
ih :
  ∀ (b : B) (failure : LocatedFailure P A D),
    (pre✝.locals b).failure = some failure → failure.index = (pre✝.locals b).nextIndex
own : B
failure failure✝ : LocatedFailure P A D
failed✝ : (pre✝.locals b).failure = some failure✝
hf : ((pre✝.skip b).locals own).failure = some failure
ho : ¬own = b
⊢ failure.index = ((pre✝.skip b).locals own).nextIndex
error: DefiKernel/Nary/Trace.lean:235:12: Tactic `rewrite` failed: Did not find an occurrence of the pattern
  (m.skip b).locals own
in the target expression
  ((pre✝.skip b).locals own).failure = some failure

case neg
B P A D : Type
inst✝⁶ : DecidableEq B
inst✝⁵ : DecidableEq P
inst✝⁴ : DecidableEq A
inst✝³ : DecidableEq D
inst✝² : Fintype P
inst✝¹ : Fintype A
inst✝ : Fintype D
cfg : Config P A D
boundaries : Boundaries B P A D
branches : Branches B P A D
initial : World P A D
m pre✝ : Machine B P A D
b : B
previous : Reachable cfg boundaries branches initial pre✝
ih :
  ∀ (b : B) (failure : LocatedFailure P A D),
    (pre✝.locals b).failure = some failure → failure.index = (pre✝.locals b).nextIndex
own : B
failure : LocatedFailure P A D
active✝ : (pre✝.locals b).failure = none
absent✝ : (branches b)[(pre✝.locals b).consumed]? = none
hf : ((pre✝.skip b).locals own).failure = some failure
ho : ¬own = b
⊢ failure.index = ((pre✝.skip b).locals own).nextIndex
error: DefiKernel/Nary/Trace.lean:243:12: Tactic `rewrite` failed: Did not find an occurrence of the pattern
  (m.refuse b inv reason).locals own
in the target expression
  ((pre✝.refuse b inv reason).locals own).failure = some failure

case neg
B P A D : Type
inst✝⁶ : DecidableEq B
inst✝⁵ : DecidableEq P
inst✝⁴ : DecidableEq A
inst✝³ : DecidableEq D
inst✝² : Fintype P
inst✝¹ : Fintype A
inst✝ : Fintype D
cfg : Config P A D
boundaries : Boundaries B P A D
branches : Branches B P A D
initial : World P A D
m pre✝ : Machine B P A D
b : B
previous : Reachable cfg boundaries branches initial pre✝
ih :
  ∀ (b : B) (failure : LocatedFailure P A D),
    (pre✝.locals b).failure = some failure → failure.index = (pre✝.locals b).nextIndex
own : B
failure : LocatedFailure P A D
inv : Invocation P A D
reason : Failure
active : (pre✝.locals b).failure = none
selected : (branches b)[(pre✝.locals b).consumed]? = some inv
rejected :
  executeStep cfg (boundaries b (pre✝.locals b).nextIndex) (pre✝.locals b).nextIndex (pre✝.locals b).outputs
      (Step.invoke inv) pre✝.world =
    Except.error reason
hf : ((pre✝.refuse b inv reason).locals own).failure = some failure
ho : ¬own = b
⊢ failure.index = ((pre✝.refuse b inv reason).locals own).nextIndex
error: DefiKernel/Nary/Trace.lean:249:12: Tactic `rewrite` failed: Did not find an occurrence of the pattern
  (m.accept b inv result).locals own
in the target expression
  ((pre✝.accept b inv result).locals own).failure = some failure

case neg
B P A D : Type
inst✝⁶ : DecidableEq B
inst✝⁵ : DecidableEq P
inst✝⁴ : DecidableEq A
inst✝³ : DecidableEq D
inst✝² : Fintype P
inst✝¹ : Fintype A
inst✝ : Fintype D
cfg : Config P A D
boundaries : Boundaries B P A D
branches : Branches B P A D
initial : World P A D
m pre✝ : Machine B P A D
b : B
previous : Reachable cfg boundaries branches initial pre✝
ih :
  ∀ (b : B) (failure : LocatedFailure P A D),
    (pre✝.locals b).failure = some failure → failure.index = (pre✝.locals b).nextIndex
own : B
failure : LocatedFailure P A D
inv : Invocation P A D
result : StepResult P A D
active : (pre✝.locals b).failure = none
selected : (branches b)[(pre✝.locals b).consumed]? = some inv
executed :
  executeStep cfg (boundaries b (pre✝.locals b).nextIndex) (pre✝.locals b).nextIndex (pre✝.locals b).outputs
      (Step.invoke inv) pre✝.world =
    Except.ok result
hf : ((pre✝.accept b inv result).locals own).failure = some failure
ho : ¬own = b
⊢ failure.index = ((pre✝.accept b inv result).locals own).nextIndex
error: Lean exited with code 1
Some required targets logged failures:
- DefiKernel.Nary.Trace
