⚠ [921/938] Replayed DefiKernel.Typed.Transition
warning: DefiKernel/Typed/Transition.lean:239:20: `simp_all [throw, throwThe]` is a flexible tactic modifying `⊢`. Try `simp_all?` and use the suggested `simp_all only [...]`. Alternatively, use `suffices` to explicitly state the simplified form.

Note: This linter can be disabled with `set_option linter.flexible false`
info: DefiKernel/Typed/Transition.lean:239:20: Try this:
  [apply] simp_all only [or_false, Prod.forall, true_and]
info: DefiKernel/Typed/Transition.lean:244:6: `rename_i args`
modifies the current goal, which was modified by the flexible tactic `simp_all` on line 239!
warning: DefiKernel/Typed/Transition.lean:239:20: `simp_all [throw, throwThe]` is a flexible tactic modifying `⊢`. Try `simp_all?` and use the suggested `simp_all only [...]`. Alternatively, use `suffices` to explicitly state the simplified form.

Note: This linter can be disabled with `set_option linter.flexible false`
info: DefiKernel/Typed/Transition.lean:239:20: Try this:
  [apply] simp_all only [Option.some.injEq, false_or, Prod.forall]
info: DefiKernel/Typed/Transition.lean:244:6: `rename_i args`
modifies the current goal, which was modified by the flexible tactic `simp_all` on line 239!
⚠ [926/938] Replayed DefiKernel.Nary.Schedule
warning: DefiKernel/Nary/Schedule.lean:162:24: This simp argument is unused:
  Nat.add_assoc

Hint: Omit it from the simp argument list.
  [apply] simp [hbeq, hmem, Nat.add_left_comm, Nat.add_comm]

Note: This linter can be disabled with `set_option linter.unusedSimpArgs false`
warning: DefiKernel/Nary/Schedule.lean:263:2: `simp [admit, hv, ha, bind, Except.bind, pure, Except.pure]` is a flexible tactic modifying `⊢`. Try `simp?` and use the suggested `simp only [...]`. Alternatively, use `suffices` to explicitly state the simplified form.

Note: This linter can be disabled with `set_option linter.flexible false`
info: DefiKernel/Nary/Schedule.lean:264:2: `rw [hs']`
modifies the current goal, which was modified by the flexible tactic `simp` on line 263!
⚠ [936/938] Replayed DefiKernel.Parallel.Dependency
warning: DefiKernel/Parallel/Dependency.lean:59:44: This simp argument is unused:
  bind

Hint: Omit it from the simp argument list.
  [apply] simp only [ht, Except.bind, pure, Except.pure] at h

Note: This linter can be disabled with `set_option linter.unusedSimpArgs false`
warning: DefiKernel/Parallel/Dependency.lean:59:50: This simp argument is unused:
  Except.bind

Hint: Omit it from the simp argument list.
  [apply] simp only [ht, bind, pure, Except.pure] at h

Note: This linter can be disabled with `set_option linter.unusedSimpArgs false`
warning: DefiKernel/Parallel/Dependency.lean:68:0: automatically included section variable(s) unused in theorem `DefiKernel.Parallel.evaluate_congr`:
  [DecidableEq P]
  [DecidableEq D]
consider restructuring your `variable` declarations so that the variables are not in scope or explicitly omit them:
  omit [DecidableEq P] [DecidableEq D] in theorem ...

Note: This linter can be disabled with `set_option linter.unusedSectionVars false`
warning: DefiKernel/Parallel/Dependency.lean:68:0: `evaluate_congr` does not use the following hypotheses in its type:
  • [DecidableEq P] (#4)
  • [DecidableEq D] (#6)

Consider removing these hypotheses and using `classical` in the proof instead. For terms, consider using `open scoped Classical in` at the term level (not the command level).

Note: This linter can be disabled with `set_option linter.unusedDecidableInType false`
warning: DefiKernel/Parallel/Dependency.lean:115:0: automatically included section variable(s) unused in theorem `DefiKernel.Parallel.evaluated_targets`:
  [DecidableEq P]
  [DecidableEq D]
consider restructuring your `variable` declarations so that the variables are not in scope or explicitly omit them:
  omit [DecidableEq P] [DecidableEq D] in theorem ...

Note: This linter can be disabled with `set_option linter.unusedSectionVars false`
warning: DefiKernel/Parallel/Dependency.lean:140:19: This simp argument is unused:
  bind

Hint: Omit it from the simp argument list.
  [apply] simp only [hc, Except.bind] at hv

Note: This linter can be disabled with `set_option linter.unusedSimpArgs false`
warning: DefiKernel/Parallel/Dependency.lean:140:25: This simp argument is unused:
  Except.bind

Hint: Omit it from the simp argument list.
  [apply] simp only [hc, bind] at hv

Note: This linter can be disabled with `set_option linter.unusedSimpArgs false`
warning: DefiKernel/Parallel/Dependency.lean:142:50: This simp argument is unused:
  bind

Hint: Omit it from the simp argument list.
  [apply] simp only [ha, Except.bind] at hv

Note: This linter can be disabled with `set_option linter.unusedSimpArgs false`
warning: DefiKernel/Parallel/Dependency.lean:142:56: This simp argument is unused:
  Except.bind

Hint: Omit it from the simp argument list.
  [apply] simp only [ha, bind] at hv

Note: This linter can be disabled with `set_option linter.unusedSimpArgs false`
warning: DefiKernel/Parallel/Dependency.lean:115:0: `evaluated_targets` does not use the following hypotheses in its type:
  • [DecidableEq P] (#4)
  • [DecidableEq D] (#6)

Consider removing these hypotheses and using `classical` in the proof instead. For terms, consider using `open scoped Classical in` at the term level (not the command level).

Note: This linter can be disabled with `set_option linter.unusedDecidableInType false`
warning: DefiKernel/Parallel/Dependency.lean:164:0: automatically included section variable(s) unused in theorem `DefiKernel.Parallel.funds_iff`:
  [Fintype P]
  [Fintype A]
  [Fintype D]
consider restructuring your `variable` declarations so that the variables are not in scope or explicitly omit them:
  omit [Fintype P] [Fintype A] [Fintype D] in theorem ...

Note: This linter can be disabled with `set_option linter.unusedSectionVars false`
warning: DefiKernel/Parallel/Dependency.lean:163:0: `funds_iff` does not use the following hypotheses in its type:
  • [Fintype P] (#7)
  • [Fintype A] (#8)
  • [Fintype D] (#9)

Consider replacing these hypotheses with the corresponding instances of `Finite` and using `Fintype.ofFinite` in the proof, or removing them entirely.

Note: This linter can be disabled with `set_option linter.unusedFintypeInType false`
warning: DefiKernel/Parallel/Dependency.lean:224:51: This simp argument is unused:
  bind

Hint: Omit it from the simp argument list.
  [apply] simp only [throw, throwThe, Except.bind]

Note: This linter can be disabled with `set_option linter.unusedSimpArgs false`
warning: DefiKernel/Parallel/Dependency.lean:224:57: This simp argument is unused:
  Except.bind

Hint: Omit it from the simp argument list.
  [apply] simp only [throw, throwThe, bind]

Note: This linter can be disabled with `set_option linter.unusedSimpArgs false`
warning: DefiKernel/Parallel/Dependency.lean:228:36: This simp argument is unused:
  bind

Hint: Omit it from the simp argument list.
  [apply] simp only [Except.mapError, Except.bind]

Note: This linter can be disabled with `set_option linter.unusedSimpArgs false`
warning: DefiKernel/Parallel/Dependency.lean:228:42: This simp argument is unused:
  Except.bind

Hint: Omit it from the simp argument list.
  [apply] simp only [Except.mapError, bind]

Note: This linter can be disabled with `set_option linter.unusedSimpArgs false`
warning: DefiKernel/Parallel/Dependency.lean:237:17: This simp argument is unused:
  Except.mapError

Hint: Omit it from the simp argument list.
  [apply] simp only [bind, Except.bind]

Note: This linter can be disabled with `set_option linter.unusedSimpArgs false`
warning: DefiKernel/Parallel/Dependency.lean:237:34: This simp argument is unused:
  bind

Hint: Omit it from the simp argument list.
  [apply] simp only [Except.mapError, Except.bind]

Note: This linter can be disabled with `set_option linter.unusedSimpArgs false`
warning: DefiKernel/Parallel/Dependency.lean:237:40: This simp argument is unused:
  Except.bind

Hint: Omit it from the simp argument list.
  [apply] simp only [Except.mapError, bind]

Note: This linter can be disabled with `set_option linter.unusedSimpArgs false`
⚠ [937/938] Replayed DefiKernel.Parallel.Dependency.Adapter
warning: DefiKernel/Parallel/Dependency/Adapter.lean:14:0: automatically included section variable(s) unused in theorem `DefiKernel.Parallel.prepareInvocation_shape`:
  [Fintype P]
  [Fintype A]
  [Fintype D]
consider restructuring your `variable` declarations so that the variables are not in scope or explicitly omit them:
  omit [Fintype P] [Fintype A] [Fintype D] in theorem ...

Note: This linter can be disabled with `set_option linter.unusedSectionVars false`
warning: DefiKernel/Parallel/Dependency/Adapter.lean:14:0: `prepareInvocation_shape` does not use the following hypotheses in its type:
  • [Fintype P] (#7)
  • [Fintype A] (#8)
  • [Fintype D] (#9)

Consider replacing these hypotheses with the corresponding instances of `Finite` and using `Fintype.ofFinite` in the proof, or removing them entirely.

Note: This linter can be disabled with `set_option linter.unusedFintypeInType false`
warning: DefiKernel/Parallel/Dependency/Adapter.lean:36:0: automatically included section variable(s) unused in theorem `DefiKernel.Parallel.analyzed_dependencies`:
  [Fintype P]
  [Fintype A]
  [Fintype D]
consider restructuring your `variable` declarations so that the variables are not in scope or explicitly omit them:
  omit [Fintype P] [Fintype A] [Fintype D] in theorem ...

Note: This linter can be disabled with `set_option linter.unusedSectionVars false`
warning: DefiKernel/Parallel/Dependency/Adapter.lean:36:0: `analyzed_dependencies` does not use the following hypotheses in its type:
  • [Fintype P] (#7)
  • [Fintype A] (#8)
  • [Fintype D] (#9)

Consider replacing these hypotheses with the corresponding instances of `Finite` and using `Fintype.ofFinite` in the proof, or removing them entirely.

Note: This linter can be disabled with `set_option linter.unusedFintypeInType false`
warning: DefiKernel/Parallel/Dependency/Adapter.lean:63:0: automatically included section variable(s) unused in theorem `DefiKernel.Parallel.analyzed_outputs`:
  [Fintype P]
  [Fintype A]
  [Fintype D]
consider restructuring your `variable` declarations so that the variables are not in scope or explicitly omit them:
  omit [Fintype P] [Fintype A] [Fintype D] in theorem ...

Note: This linter can be disabled with `set_option linter.unusedSectionVars false`
warning: DefiKernel/Parallel/Dependency/Adapter.lean:63:0: `analyzed_outputs` does not use the following hypotheses in its type:
  • [Fintype P] (#7)
  • [Fintype A] (#8)
  • [Fintype D] (#9)

Consider replacing these hypotheses with the corresponding instances of `Finite` and using `Fintype.ofFinite` in the proof, or removing them entirely.

Note: This linter can be disabled with `set_option linter.unusedFintypeInType false`
warning: DefiKernel/Parallel/Dependency/Adapter.lean:77:0: automatically included section variable(s) unused in theorem `DefiKernel.Parallel.snapshots_congr`:
  [DecidableEq P]
  [DecidableEq A]
  [DecidableEq D]
  [Fintype P]
  [Fintype A]
  [Fintype D]
consider restructuring your `variable` declarations so that the variables are not in scope or explicitly omit them:
  omit [DecidableEq P] [DecidableEq A] [DecidableEq D] [Fintype P] [Fintype A] [Fintype D] in theorem ...

Note: This linter can be disabled with `set_option linter.unusedSectionVars false`
warning: DefiKernel/Parallel/Dependency/Adapter.lean:77:0: `snapshots_congr` does not use the following hypotheses in its type:
  • [DecidableEq P] (#4)
  • [DecidableEq A] (#5)
  • [DecidableEq D] (#6)

Consider removing these hypotheses and using `classical` in the proof instead. For terms, consider using `open scoped Classical in` at the term level (not the command level).

Note: This linter can be disabled with `set_option linter.unusedDecidableInType false`
warning: DefiKernel/Parallel/Dependency/Adapter.lean:77:0: `snapshots_congr` does not use the following hypotheses in its type:
  • [Fintype P] (#7)
  • [Fintype A] (#8)
  • [Fintype D] (#9)

Consider replacing these hypotheses with the corresponding instances of `Finite` and using `Fintype.ofFinite` in the proof, or removing them entirely.

Note: This linter can be disabled with `set_option linter.unusedFintypeInType false`
warning: DefiKernel/Parallel/Dependency/Adapter.lean:86:0: automatically included section variable(s) unused in theorem `DefiKernel.Parallel.extractReceipt_congr`:
  [Fintype P]
  [Fintype A]
  [Fintype D]
consider restructuring your `variable` declarations so that the variables are not in scope or explicitly omit them:
  omit [Fintype P] [Fintype A] [Fintype D] in theorem ...

Note: This linter can be disabled with `set_option linter.unusedSectionVars false`
warning: DefiKernel/Parallel/Dependency/Adapter.lean:99:34: This simp argument is unused:
  bind

Hint: Omit it from the simp argument list.
  [apply] simp only [Except.mapError, Except.bind]

Note: This linter can be disabled with `set_option linter.unusedSimpArgs false`
warning: DefiKernel/Parallel/Dependency/Adapter.lean:99:40: This simp argument is unused:
  Except.bind

Hint: Omit it from the simp argument list.
  [apply] simp only [Except.mapError, bind]

Note: This linter can be disabled with `set_option linter.unusedSimpArgs false`
warning: DefiKernel/Parallel/Dependency/Adapter.lean:86:0: `extractReceipt_congr` does not use the following hypotheses in its type:
  • [DecidableEq P] (#4)
  • [DecidableEq D] (#6)

Consider removing these hypotheses and using `classical` in the proof instead. For terms, consider using `open scoped Classical in` at the term level (not the command level).

Note: This linter can be disabled with `set_option linter.unusedDecidableInType false`
warning: DefiKernel/Parallel/Dependency/Adapter.lean:86:0: `extractReceipt_congr` does not use the following hypotheses in its type:
  • [Fintype P] (#7)
  • [Fintype A] (#8)
  • [Fintype D] (#9)

Consider replacing these hypotheses with the corresponding instances of `Finite` and using `Fintype.ofFinite` in the proof, or removing them entirely.

Note: This linter can be disabled with `set_option linter.unusedFintypeInType false`
warning: DefiKernel/Parallel/Dependency/Adapter.lean:125:17: This simp argument is unused:
  bind

Hint: Omit it from the simp argument list.
  [apply] simp only [Except.bind]

Note: This linter can be disabled with `set_option linter.unusedSimpArgs false`
warning: DefiKernel/Parallel/Dependency/Adapter.lean:125:23: This simp argument is unused:
  Except.bind

Hint: Omit it from the simp argument list.
  [apply] simp only [bind]

Note: This linter can be disabled with `set_option linter.unusedSimpArgs false`
warning: DefiKernel/Parallel/Dependency/Adapter.lean:153:36: This simp argument is unused:
  bind

Hint: Omit it from the simp argument list.
  [apply] simp only [Except.mapError, Except.bind]

Note: This linter can be disabled with `set_option linter.unusedSimpArgs false`
warning: DefiKernel/Parallel/Dependency/Adapter.lean:153:42: This simp argument is unused:
  Except.bind

Hint: Omit it from the simp argument list.
  [apply] simp only [Except.mapError, bind]

Note: This linter can be disabled with `set_option linter.unusedSimpArgs false`
✖ [938/938] Building DefiKernel.Nary.Preservation (1.3s)
trace: .> LEAN_PATH=/home/charl/.cache/defiformal-sprint11-builds/proof/.lake/packages/Cli/.lake/build/lib/lean:/home/charl/.cache/defiformal-sprint11-builds/proof/.lake/packages/batteries/.lake/build/lib/lean:/home/charl/.cache/defiformal-sprint11-builds/proof/.lake/packages/Qq/.lake/build/lib/lean:/home/charl/.cache/defiformal-sprint11-builds/proof/.lake/packages/aesop/.lake/build/lib/lean:/home/charl/.cache/defiformal-sprint11-builds/proof/.lake/packages/proofwidgets/.lake/build/lib/lean:/home/charl/.cache/defiformal-sprint11-builds/proof/.lake/packages/importGraph/.lake/build/lib/lean:/home/charl/.cache/defiformal-sprint11-builds/proof/.lake/packages/LeanSearchClient/.lake/build/lib/lean:/home/charl/.cache/defiformal-sprint11-builds/proof/.lake/packages/plausible/.lake/build/lib/lean:/home/charl/.cache/defiformal-sprint11-builds/proof/.lake/packages/mathlib/.lake/build/lib/lean:/home/charl/.cache/defiformal-sprint11-builds/proof/.lake/build/lib/lean /home/charl/.elan/toolchains/leanprover--lean4---v4.33.0-rc2/bin/lean /home/charl/.cache/defiformal-sprint11-builds/proof/DefiKernel/Nary/Preservation.lean -o /home/charl/.cache/defiformal-sprint11-builds/proof/.lake/build/lib/lean/DefiKernel/Nary/Preservation.olean -i /home/charl/.cache/defiformal-sprint11-builds/proof/.lake/build/lib/lean/DefiKernel/Nary/Preservation.ilean -c /home/charl/.cache/defiformal-sprint11-builds/proof/.lake/build/ir/DefiKernel/Nary/Preservation.c --setup /home/charl/.cache/defiformal-sprint11-builds/proof/.lake/build/ir/DefiKernel/Nary/Preservation.setup.json --json
error: DefiKernel/Nary/Preservation.lean:55:19: unsolved goals
case cons.error
B P A D : Type
inst✝³ : DecidableEq B
inst✝² : DecidableEq P
inst✝¹ : DecidableEq A
inst✝ : DecidableEq D
cfg : Config P A D
boundaries : Boundaries B P A D
branches : Branches B P A D
x : B
rest : List B
ih :
  ∀ (fps : List (B × Parallel.Footprint P A D)),
    analyzeAll cfg boundaries branches rest = Except.ok fps →
      ∀ b ∈ rest, ∃ fp, (b, fp) ∈ fps ∧ Parallel.analyzeBranch cfg (boundaries b) (branches b) = Except.ok fp
fps : List (B × Parallel.Footprint P A D)
h :
  (match Except.mapError (AdmissionFailure.structural x) (Parallel.analyzeBranch cfg (boundaries x) (branches x)) with
    | Except.error reason => Except.error reason
    | Except.ok footprint =>
      match analyzeAll cfg boundaries branches rest with
      | Except.error reason => Except.error reason
      | Except.ok footprints => Except.ok ((x, footprint) :: footprints)) =
    Except.ok fps
b : B
hb : b ∈ x :: rest
reason : AdmissionFailure B ?m.100 ?m.101 ?m.102
hx :
  Except.mapError (AdmissionFailure.structural x) (Parallel.analyzeBranch cfg (boundaries x) (branches x)) =
    Except.error reason
⊢ ∃ fp, (b, fp) ∈ fps ∧ Parallel.analyzeBranch cfg (boundaries b) (branches b) = Except.ok fp
error: DefiKernel/Nary/Preservation.lean:60:21: unsolved goals
case cons.ok.error
B P A D : Type
inst✝³ : DecidableEq B
inst✝² : DecidableEq P
inst✝¹ : DecidableEq A
inst✝ : DecidableEq D
cfg : Config P A D
boundaries : Boundaries B P A D
branches : Branches B P A D
x : B
rest : List B
ih :
  ∀ (fps : List (B × Parallel.Footprint P A D)),
    analyzeAll cfg boundaries branches rest = Except.ok fps →
      ∀ b ∈ rest, ∃ fp, (b, fp) ∈ fps ∧ Parallel.analyzeBranch cfg (boundaries b) (branches b) = Except.ok fp
fps : List (B × Parallel.Footprint P A D)
h✝ : analyzeAll cfg boundaries branches (x :: rest) = Except.ok fps
b : B
hb : b ∈ x :: rest
fp : Parallel.Footprint P A D
hx :
  Except.mapError (AdmissionFailure.structural x) (Parallel.analyzeBranch cfg (boundaries x) (branches x)) =
    Except.ok fp
hxok : Parallel.analyzeBranch cfg (boundaries x) (branches x) = Except.ok fp
reason : AdmissionFailure B P A D
hr : analyzeAll cfg boundaries branches rest = Except.error reason
h :
  (match Except.mapError (AdmissionFailure.structural x) (Parallel.analyzeBranch cfg (boundaries x) (branches x)) with
    | Except.error reason => Except.error reason
    | Except.ok footprint => Except.error reason) =
    Except.ok fps
⊢ ∃ fp, (b, fp) ∈ fps ∧ Parallel.analyzeBranch cfg (boundaries b) (branches b) = Except.ok fp
error: DefiKernel/Nary/Preservation.lean:63:8: Tactic `subst` failed: did not find equation for eliminating 'fps'

case cons.ok.ok
B P A D : Type
inst✝³ : DecidableEq B
inst✝² : DecidableEq P
inst✝¹ : DecidableEq A
inst✝ : DecidableEq D
cfg : Config P A D
boundaries : Boundaries B P A D
branches : Branches B P A D
x : B
rest : List B
ih :
  ∀ (fps : List (B × Parallel.Footprint P A D)),
    analyzeAll cfg boundaries branches rest = Except.ok fps →
      ∀ b ∈ rest, ∃ fp, (b, fp) ∈ fps ∧ Parallel.analyzeBranch cfg (boundaries b) (branches b) = Except.ok fp
fps : List (B × Parallel.Footprint P A D)
h✝ : analyzeAll cfg boundaries branches (x :: rest) = Except.ok fps
b : B
hb : b ∈ x :: rest
fp : Parallel.Footprint P A D
hx :
  Except.mapError (AdmissionFailure.structural x) (Parallel.analyzeBranch cfg (boundaries x) (branches x)) =
    Except.ok fp
hxok : Parallel.analyzeBranch cfg (boundaries x) (branches x) = Except.ok fp
tail : List (B × Parallel.Footprint P A D)
hr : analyzeAll cfg boundaries branches rest = Except.ok tail
h :
  (match Except.mapError (AdmissionFailure.structural x) (Parallel.analyzeBranch cfg (boundaries x) (branches x)) with
    | Except.error reason => Except.error reason
    | Except.ok footprint => Except.ok ((x, footprint) :: tail)) =
    Except.ok fps
⊢ ∃ fp, (b, fp) ∈ fps ∧ Parallel.analyzeBranch cfg (boundaries b) (branches b) = Except.ok fp
warning: DefiKernel/Nary/Preservation.lean:55:40: This simp argument is unused:
  hx

Hint: Omit it from the simp argument list.
  [apply] simp [analyzeAll] at h

Note: This linter can be disabled with `set_option linter.unusedSimpArgs false`
warning: DefiKernel/Nary/Preservation.lean:60:42: This simp argument is unused:
  hx

Hint: Omit it from the simp argument list.
  [apply] simp [analyzeAll, hr] at h

Note: This linter can be disabled with `set_option linter.unusedSimpArgs false`
warning: DefiKernel/Nary/Preservation.lean:62:26: This simp argument is unused:
  hx

Hint: Omit it from the simp argument list.
  [apply] simp [analyzeAll, hr] at h

Note: This linter can be disabled with `set_option linter.unusedSimpArgs false`
error: DefiKernel/Nary/Preservation.lean:76:9: Invalid `⟨...⟩` notation: The expected type `B` is not an inductive type

Note: This notation can only be used when the expected type is an inductive type with a single constructor
warning: DefiKernel/Nary/Preservation.lean:102:74: This simp argument is unused:
  List.map_singleton

Hint: Omit it from the simp argument list.
  [apply] simp [Machine.supply, refuse_world, refuse_attempts, List.map_append, List.sum_append, List.sum_singleton,
    Attempt.supply]

Note: This linter can be disabled with `set_option linter.unusedSimpArgs false`
warning: DefiKernel/Nary/Preservation.lean:103:23: This simp argument is unused:
  List.sum_singleton

Hint: Omit it from the simp argument list.
  [apply] simp [Machine.supply, refuse_world, refuse_attempts, List.map_append, List.map_singleton, List.sum_append,
    Attempt.supply]

Note: This linter can be disabled with `set_option linter.unusedSimpArgs false`
error: Lean exited with code 1
Some required targets logged failures:
- DefiKernel.Nary.Preservation
