⚠ [921/938] Replayed DefiKernel.Typed.Transition
warning: DefiKernel/Typed/Transition.lean:239:20: `simp_all [throw, throwThe]` is a flexible tactic modifying `⊢`. Try `simp_all?` and use the suggested `simp_all only [...]`. Alternatively, use `suffices` to explicitly state the simplified form.

Note: This linter can be disabled with `set_option linter.flexible false`
info: DefiKernel/Typed/Transition.lean:239:20: Try this:
  [apply] simp_all only [or_false, Prod.forall, true_and]
info: DefiKernel/Typed/Transition.lean:244:6: `rename_i args`
modifies the current goal, which was modified by the flexible tactic `simp_all` on line 239!
warning: DefiKernel/Typed/Transition.lean:239:20: `simp_all [throw, throwThe]` is a flexible tactic modifying `⊢`. Try `simp_all?` and use the suggested `simp_all only [...]`. Alternatively, use `suffices` to explicitly state the simplified form.

Note: This linter can be disabled with `set_option linter.flexible false`
info: DefiKernel/Typed/Transition.lean:239:20: Try this:
  [apply] simp_all only [Option.some.injEq, false_or, Prod.forall]
info: DefiKernel/Typed/Transition.lean:244:6: `rename_i args`
modifies the current goal, which was modified by the flexible tactic `simp_all` on line 239!
⚠ [926/938] Replayed DefiKernel.Nary.Schedule
warning: DefiKernel/Nary/Schedule.lean:162:24: This simp argument is unused:
  Nat.add_assoc

Hint: Omit it from the simp argument list.
  [apply] simp [hbeq, hmem, Nat.add_left_comm, Nat.add_comm]

Note: This linter can be disabled with `set_option linter.unusedSimpArgs false`
warning: DefiKernel/Nary/Schedule.lean:263:2: `simp [admit, hv, ha, bind, Except.bind, pure, Except.pure]` is a flexible tactic modifying `⊢`. Try `simp?` and use the suggested `simp only [...]`. Alternatively, use `suffices` to explicitly state the simplified form.

Note: This linter can be disabled with `set_option linter.flexible false`
info: DefiKernel/Nary/Schedule.lean:264:2: `rw [hs']`
modifies the current goal, which was modified by the flexible tactic `simp` on line 263!
⚠ [936/938] Replayed DefiKernel.Parallel.Dependency
warning: DefiKernel/Parallel/Dependency.lean:59:44: This simp argument is unused:
  bind

Hint: Omit it from the simp argument list.
  [apply] simp only [ht, Except.bind, pure, Except.pure] at h

Note: This linter can be disabled with `set_option linter.unusedSimpArgs false`
warning: DefiKernel/Parallel/Dependency.lean:59:50: This simp argument is unused:
  Except.bind

Hint: Omit it from the simp argument list.
  [apply] simp only [ht, bind, pure, Except.pure] at h

Note: This linter can be disabled with `set_option linter.unusedSimpArgs false`
warning: DefiKernel/Parallel/Dependency.lean:68:0: automatically included section variable(s) unused in theorem `DefiKernel.Parallel.evaluate_congr`:
  [DecidableEq P]
  [DecidableEq D]
consider restructuring your `variable` declarations so that the variables are not in scope or explicitly omit them:
  omit [DecidableEq P] [DecidableEq D] in theorem ...

Note: This linter can be disabled with `set_option linter.unusedSectionVars false`
warning: DefiKernel/Parallel/Dependency.lean:68:0: `evaluate_congr` does not use the following hypotheses in its type:
  • [DecidableEq P] (#4)
  • [DecidableEq D] (#6)

Consider removing these hypotheses and using `classical` in the proof instead. For terms, consider using `open scoped Classical in` at the term level (not the command level).

Note: This linter can be disabled with `set_option linter.unusedDecidableInType false`
warning: DefiKernel/Parallel/Dependency.lean:115:0: automatically included section variable(s) unused in theorem `DefiKernel.Parallel.evaluated_targets`:
  [DecidableEq P]
  [DecidableEq D]
consider restructuring your `variable` declarations so that the variables are not in scope or explicitly omit them:
  omit [DecidableEq P] [DecidableEq D] in theorem ...

Note: This linter can be disabled with `set_option linter.unusedSectionVars false`
warning: DefiKernel/Parallel/Dependency.lean:140:19: This simp argument is unused:
  bind

Hint: Omit it from the simp argument list.
  [apply] simp only [hc, Except.bind] at hv

Note: This linter can be disabled with `set_option linter.unusedSimpArgs false`
warning: DefiKernel/Parallel/Dependency.lean:140:25: This simp argument is unused:
  Except.bind

Hint: Omit it from the simp argument list.
  [apply] simp only [hc, bind] at hv

Note: This linter can be disabled with `set_option linter.unusedSimpArgs false`
warning: DefiKernel/Parallel/Dependency.lean:142:50: This simp argument is unused:
  bind

Hint: Omit it from the simp argument list.
  [apply] simp only [ha, Except.bind] at hv

Note: This linter can be disabled with `set_option linter.unusedSimpArgs false`
warning: DefiKernel/Parallel/Dependency.lean:142:56: This simp argument is unused:
  Except.bind

Hint: Omit it from the simp argument list.
  [apply] simp only [ha, bind] at hv

Note: This linter can be disabled with `set_option linter.unusedSimpArgs false`
warning: DefiKernel/Parallel/Dependency.lean:115:0: `evaluated_targets` does not use the following hypotheses in its type:
  • [DecidableEq P] (#4)
  • [DecidableEq D] (#6)

Consider removing these hypotheses and using `classical` in the proof instead. For terms, consider using `open scoped Classical in` at the term level (not the command level).

Note: This linter can be disabled with `set_option linter.unusedDecidableInType false`
warning: DefiKernel/Parallel/Dependency.lean:164:0: automatically included section variable(s) unused in theorem `DefiKernel.Parallel.funds_iff`:
  [Fintype P]
  [Fintype A]
  [Fintype D]
consider restructuring your `variable` declarations so that the variables are not in scope or explicitly omit them:
  omit [Fintype P] [Fintype A] [Fintype D] in theorem ...

Note: This linter can be disabled with `set_option linter.unusedSectionVars false`
warning: DefiKernel/Parallel/Dependency.lean:163:0: `funds_iff` does not use the following hypotheses in its type:
  • [Fintype P] (#7)
  • [Fintype A] (#8)
  • [Fintype D] (#9)

Consider replacing these hypotheses with the corresponding instances of `Finite` and using `Fintype.ofFinite` in the proof, or removing them entirely.

Note: This linter can be disabled with `set_option linter.unusedFintypeInType false`
warning: DefiKernel/Parallel/Dependency.lean:224:51: This simp argument is unused:
  bind

Hint: Omit it from the simp argument list.
  [apply] simp only [throw, throwThe, Except.bind]

Note: This linter can be disabled with `set_option linter.unusedSimpArgs false`
warning: DefiKernel/Parallel/Dependency.lean:224:57: This simp argument is unused:
  Except.bind

Hint: Omit it from the simp argument list.
  [apply] simp only [throw, throwThe, bind]

Note: This linter can be disabled with `set_option linter.unusedSimpArgs false`
warning: DefiKernel/Parallel/Dependency.lean:228:36: This simp argument is unused:
  bind

Hint: Omit it from the simp argument list.
  [apply] simp only [Except.mapError, Except.bind]

Note: This linter can be disabled with `set_option linter.unusedSimpArgs false`
warning: DefiKernel/Parallel/Dependency.lean:228:42: This simp argument is unused:
  Except.bind

Hint: Omit it from the simp argument list.
  [apply] simp only [Except.mapError, bind]

Note: This linter can be disabled with `set_option linter.unusedSimpArgs false`
warning: DefiKernel/Parallel/Dependency.lean:237:17: This simp argument is unused:
  Except.mapError

Hint: Omit it from the simp argument list.
  [apply] simp only [bind, Except.bind]

Note: This linter can be disabled with `set_option linter.unusedSimpArgs false`
warning: DefiKernel/Parallel/Dependency.lean:237:34: This simp argument is unused:
  bind

Hint: Omit it from the simp argument list.
  [apply] simp only [Except.mapError, Except.bind]

Note: This linter can be disabled with `set_option linter.unusedSimpArgs false`
warning: DefiKernel/Parallel/Dependency.lean:237:40: This simp argument is unused:
  Except.bind

Hint: Omit it from the simp argument list.
  [apply] simp only [Except.mapError, bind]

Note: This linter can be disabled with `set_option linter.unusedSimpArgs false`
⚠ [937/938] Replayed DefiKernel.Parallel.Dependency.Adapter
warning: DefiKernel/Parallel/Dependency/Adapter.lean:14:0: automatically included section variable(s) unused in theorem `DefiKernel.Parallel.prepareInvocation_shape`:
  [Fintype P]
  [Fintype A]
  [Fintype D]
consider restructuring your `variable` declarations so that the variables are not in scope or explicitly omit them:
  omit [Fintype P] [Fintype A] [Fintype D] in theorem ...

Note: This linter can be disabled with `set_option linter.unusedSectionVars false`
warning: DefiKernel/Parallel/Dependency/Adapter.lean:14:0: `prepareInvocation_shape` does not use the following hypotheses in its type:
  • [Fintype P] (#7)
  • [Fintype A] (#8)
  • [Fintype D] (#9)

Consider replacing these hypotheses with the corresponding instances of `Finite` and using `Fintype.ofFinite` in the proof, or removing them entirely.

Note: This linter can be disabled with `set_option linter.unusedFintypeInType false`
warning: DefiKernel/Parallel/Dependency/Adapter.lean:36:0: automatically included section variable(s) unused in theorem `DefiKernel.Parallel.analyzed_dependencies`:
  [Fintype P]
  [Fintype A]
  [Fintype D]
consider restructuring your `variable` declarations so that the variables are not in scope or explicitly omit them:
  omit [Fintype P] [Fintype A] [Fintype D] in theorem ...

Note: This linter can be disabled with `set_option linter.unusedSectionVars false`
warning: DefiKernel/Parallel/Dependency/Adapter.lean:36:0: `analyzed_dependencies` does not use the following hypotheses in its type:
  • [Fintype P] (#7)
  • [Fintype A] (#8)
  • [Fintype D] (#9)

Consider replacing these hypotheses with the corresponding instances of `Finite` and using `Fintype.ofFinite` in the proof, or removing them entirely.

Note: This linter can be disabled with `set_option linter.unusedFintypeInType false`
warning: DefiKernel/Parallel/Dependency/Adapter.lean:63:0: automatically included section variable(s) unused in theorem `DefiKernel.Parallel.analyzed_outputs`:
  [Fintype P]
  [Fintype A]
  [Fintype D]
consider restructuring your `variable` declarations so that the variables are not in scope or explicitly omit them:
  omit [Fintype P] [Fintype A] [Fintype D] in theorem ...

Note: This linter can be disabled with `set_option linter.unusedSectionVars false`
warning: DefiKernel/Parallel/Dependency/Adapter.lean:63:0: `analyzed_outputs` does not use the following hypotheses in its type:
  • [Fintype P] (#7)
  • [Fintype A] (#8)
  • [Fintype D] (#9)

Consider replacing these hypotheses with the corresponding instances of `Finite` and using `Fintype.ofFinite` in the proof, or removing them entirely.

Note: This linter can be disabled with `set_option linter.unusedFintypeInType false`
warning: DefiKernel/Parallel/Dependency/Adapter.lean:77:0: automatically included section variable(s) unused in theorem `DefiKernel.Parallel.snapshots_congr`:
  [DecidableEq P]
  [DecidableEq A]
  [DecidableEq D]
  [Fintype P]
  [Fintype A]
  [Fintype D]
consider restructuring your `variable` declarations so that the variables are not in scope or explicitly omit them:
  omit [DecidableEq P] [DecidableEq A] [DecidableEq D] [Fintype P] [Fintype A] [Fintype D] in theorem ...

Note: This linter can be disabled with `set_option linter.unusedSectionVars false`
warning: DefiKernel/Parallel/Dependency/Adapter.lean:77:0: `snapshots_congr` does not use the following hypotheses in its type:
  • [DecidableEq P] (#4)
  • [DecidableEq A] (#5)
  • [DecidableEq D] (#6)

Consider removing these hypotheses and using `classical` in the proof instead. For terms, consider using `open scoped Classical in` at the term level (not the command level).

Note: This linter can be disabled with `set_option linter.unusedDecidableInType false`
warning: DefiKernel/Parallel/Dependency/Adapter.lean:77:0: `snapshots_congr` does not use the following hypotheses in its type:
  • [Fintype P] (#7)
  • [Fintype A] (#8)
  • [Fintype D] (#9)

Consider replacing these hypotheses with the corresponding instances of `Finite` and using `Fintype.ofFinite` in the proof, or removing them entirely.

Note: This linter can be disabled with `set_option linter.unusedFintypeInType false`
warning: DefiKernel/Parallel/Dependency/Adapter.lean:86:0: automatically included section variable(s) unused in theorem `DefiKernel.Parallel.extractReceipt_congr`:
  [Fintype P]
  [Fintype A]
  [Fintype D]
consider restructuring your `variable` declarations so that the variables are not in scope or explicitly omit them:
  omit [Fintype P] [Fintype A] [Fintype D] in theorem ...

Note: This linter can be disabled with `set_option linter.unusedSectionVars false`
warning: DefiKernel/Parallel/Dependency/Adapter.lean:99:34: This simp argument is unused:
  bind

Hint: Omit it from the simp argument list.
  [apply] simp only [Except.mapError, Except.bind]

Note: This linter can be disabled with `set_option linter.unusedSimpArgs false`
warning: DefiKernel/Parallel/Dependency/Adapter.lean:99:40: This simp argument is unused:
  Except.bind

Hint: Omit it from the simp argument list.
  [apply] simp only [Except.mapError, bind]

Note: This linter can be disabled with `set_option linter.unusedSimpArgs false`
warning: DefiKernel/Parallel/Dependency/Adapter.lean:86:0: `extractReceipt_congr` does not use the following hypotheses in its type:
  • [DecidableEq P] (#4)
  • [DecidableEq D] (#6)

Consider removing these hypotheses and using `classical` in the proof instead. For terms, consider using `open scoped Classical in` at the term level (not the command level).

Note: This linter can be disabled with `set_option linter.unusedDecidableInType false`
warning: DefiKernel/Parallel/Dependency/Adapter.lean:86:0: `extractReceipt_congr` does not use the following hypotheses in its type:
  • [Fintype P] (#7)
  • [Fintype A] (#8)
  • [Fintype D] (#9)

Consider replacing these hypotheses with the corresponding instances of `Finite` and using `Fintype.ofFinite` in the proof, or removing them entirely.

Note: This linter can be disabled with `set_option linter.unusedFintypeInType false`
warning: DefiKernel/Parallel/Dependency/Adapter.lean:125:17: This simp argument is unused:
  bind

Hint: Omit it from the simp argument list.
  [apply] simp only [Except.bind]

Note: This linter can be disabled with `set_option linter.unusedSimpArgs false`
warning: DefiKernel/Parallel/Dependency/Adapter.lean:125:23: This simp argument is unused:
  Except.bind

Hint: Omit it from the simp argument list.
  [apply] simp only [bind]

Note: This linter can be disabled with `set_option linter.unusedSimpArgs false`
warning: DefiKernel/Parallel/Dependency/Adapter.lean:153:36: This simp argument is unused:
  bind

Hint: Omit it from the simp argument list.
  [apply] simp only [Except.mapError, Except.bind]

Note: This linter can be disabled with `set_option linter.unusedSimpArgs false`
warning: DefiKernel/Parallel/Dependency/Adapter.lean:153:42: This simp argument is unused:
  Except.bind

Hint: Omit it from the simp argument list.
  [apply] simp only [Except.mapError, bind]

Note: This linter can be disabled with `set_option linter.unusedSimpArgs false`
✖ [938/938] Building DefiKernel.Nary.Preservation (1.3s)
trace: .> LEAN_PATH=/home/charl/.cache/defiformal-sprint11-builds/proof/.lake/packages/Cli/.lake/build/lib/lean:/home/charl/.cache/defiformal-sprint11-builds/proof/.lake/packages/batteries/.lake/build/lib/lean:/home/charl/.cache/defiformal-sprint11-builds/proof/.lake/packages/Qq/.lake/build/lib/lean:/home/charl/.cache/defiformal-sprint11-builds/proof/.lake/packages/aesop/.lake/build/lib/lean:/home/charl/.cache/defiformal-sprint11-builds/proof/.lake/packages/proofwidgets/.lake/build/lib/lean:/home/charl/.cache/defiformal-sprint11-builds/proof/.lake/packages/importGraph/.lake/build/lib/lean:/home/charl/.cache/defiformal-sprint11-builds/proof/.lake/packages/LeanSearchClient/.lake/build/lib/lean:/home/charl/.cache/defiformal-sprint11-builds/proof/.lake/packages/plausible/.lake/build/lib/lean:/home/charl/.cache/defiformal-sprint11-builds/proof/.lake/packages/mathlib/.lake/build/lib/lean:/home/charl/.cache/defiformal-sprint11-builds/proof/.lake/build/lib/lean /home/charl/.elan/toolchains/leanprover--lean4---v4.33.0-rc2/bin/lean /home/charl/.cache/defiformal-sprint11-builds/proof/DefiKernel/Nary/Preservation.lean -o /home/charl/.cache/defiformal-sprint11-builds/proof/.lake/build/lib/lean/DefiKernel/Nary/Preservation.olean -i /home/charl/.cache/defiformal-sprint11-builds/proof/.lake/build/lib/lean/DefiKernel/Nary/Preservation.ilean -c /home/charl/.cache/defiformal-sprint11-builds/proof/.lake/build/ir/DefiKernel/Nary/Preservation.c --setup /home/charl/.cache/defiformal-sprint11-builds/proof/.lake/build/ir/DefiKernel/Nary/Preservation.setup.json --json
error: DefiKernel/Nary/Preservation.lean:78:21: Function expected at
  List.mem_cons_self
but this term has type
  ?m.358 ∈ ?m.358 :: ?m.359

Note: Expected a function because this term is being applied to the argument
  _
warning: DefiKernel/Nary/Preservation.lean:113:74: This simp argument is unused:
  List.map_singleton

Hint: Omit it from the simp argument list.
  [apply] simp [Machine.supply, refuse_world, refuse_attempts, List.map_append, List.sum_append, List.sum_singleton,
    Attempt.supply]

Note: This linter can be disabled with `set_option linter.unusedSimpArgs false`
warning: DefiKernel/Nary/Preservation.lean:114:23: This simp argument is unused:
  List.sum_singleton

Hint: Omit it from the simp argument list.
  [apply] simp [Machine.supply, refuse_world, refuse_attempts, List.map_append, List.map_singleton, List.sum_append,
    Attempt.supply]

Note: This linter can be disabled with `set_option linter.unusedSimpArgs false`
error: Lean exited with code 1
Some required targets logged failures:
- DefiKernel.Nary.Preservation
