INVENTORY|DefiKernel.Certificates.notExpectKey._sparseCasesOn_2|definition
INVENTORY|DefiKernel.Certificates.scanLexicalFuel_n|theorem
INVENTORY|DefiKernel.Certificates.scanLexicalFuel_encode_obj_nil._proof_1_1|theorem
INVENTORY|DefiKernel.Certificates.scanLexicalFuel_encode._proof_1_7|theorem
INVENTORY|DefiKernel.Certificates.scanCostObj_le_encodeObj_length|theorem
INVENTORY|DefiKernel.Certificates.scanLexicalFuel_encodeList._proof_1_14|theorem
INVENTORY|_private.DefiKernel.Certificates.Lexical.0.DefiKernel.Certificates.scanLexicalFuel.match_3.splitter|definition
INVENTORY|DefiKernel.Certificates.scanCostList_le_encodeList_length._proof_1_2|theorem
INVENTORY|DefiKernel.Certificates.scanLexicalFuel_u|theorem
INVENTORY|DefiKernel.Certificates.lastNumBufList._sunfold|definition
INVENTORY|DefiKernel.Certificates.scanCost|definition
INVENTORY|DefiKernel.Certificates.scanLexicalFuel_true|theorem
INVENTORY|_private.DefiKernel.Certificates.Lexical.0.DefiKernel.Certificates.afterObj.match_1.splitter|definition
INVENTORY|DefiKernel.Certificates.scanLexicalFuel_null|theorem
INVENTORY|DefiKernel.Certificates.scanLexicalFuel_encodeList._proof_1_19|theorem
INVENTORY|DefiKernel.Certificates.scanLexicalFuel_encode._proof_1_10|theorem
INVENTORY|DefiKernel.Certificates.numBuf|definition
INVENTORY|DefiKernel.Certificates.scanLexicalFuel_encodeObj|theorem
INVENTORY|DefiKernel.Certificates.scanLexicalFuel_encode._proof_1_15|theorem
INVENTORY|DefiKernel.Certificates.scanLexicalFuel_nat|theorem
INVENTORY|DefiKernel.Certificates.minus_num_start|theorem
INVENTORY|DefiKernel.Certificates.scanLexicalCheckNum_lastNumBufList|theorem
INVENTORY|DefiKernel.Certificates.depthList_tail_le._proof_1_1|theorem
INVENTORY|DefiKernel.Certificates.scanLexicalFuel_encodeList._proof_1_17|theorem
INVENTORY|DefiKernel.Certificates.scanCostObj._unsafe_rec|definition
INVENTORY|DefiKernel.Certificates.contains_eq_false_of_not_mem|theorem
INVENTORY|DefiKernel.Certificates.scanCost_arr|theorem
INVENTORY|_private.DefiKernel.Certificates.Lexical.0.DefiKernel.Certificates.scanCostObj.match_1.eq_1|theorem
INVENTORY|DefiKernel.Certificates.scanLexicalFuel_str_key|theorem
INVENTORY|DefiKernel.Certificates.scanLexicalCheckNum_lastNumBufObj|theorem
INVENTORY|DefiKernel.Certificates.scanLexicalFuel_encodeObj._proof_1_18|theorem
INVENTORY|DefiKernel.Certificates.scanLexicalFuel_encodeList._proof_1_20|theorem
INVENTORY|DefiKernel.Certificates.notExpectKey_arr|theorem
INVENTORY|DefiKernel.Certificates.scanLexicalFuel_encodeObj._proof_1_19|theorem
INVENTORY|DefiKernel.Certificates.scanLexicalCheckNum_nat|theorem
INVENTORY|DefiKernel.Certificates.scanCost_arr_nil|theorem
INVENTORY|DefiKernel.Certificates.lastNumBufList.eq_2|theorem
INVENTORY|_private.DefiKernel.Certificates.Lexical.0.DefiKernel.Certificates.TreeJson.tokensList.match_1.splitter|definition
INVENTORY|DefiKernel.Certificates.numBuf._sparseCasesOn_1|definition
INVENTORY|DefiKernel.Certificates.scanLexicalFuel_minus|theorem
INVENTORY|DefiKernel.Certificates.scanLexicalFuel_encode_to_ok|theorem
INVENTORY|DefiKernel.Certificates.scanLexicalFuel_encode_to_ok._proof_1_1|theorem
INVENTORY|DefiKernel.Certificates.scanLexicalFuel_comma_obj_flush|theorem
INVENTORY|DefiKernel.Certificates.TreeJson.encodeList.eq_def|theorem
INVENTORY|DefiKernel.Certificates.afterObj.eq_2|theorem
INVENTORY|DefiKernel.Certificates.scanLexicalFuel_encodeObj._proof_1_16|theorem
INVENTORY|DefiKernel.Certificates.encode_bool_false_toList|theorem
INVENTORY|DefiKernel.Certificates.scanCostList_cons_cons|theorem
INVENTORY|DefiKernel.Certificates.scanLexicalFuel_comma_arr_flush._proof_1_1|theorem
INVENTORY|DefiKernel.Certificates.lastNumBufObj._unsafe_rec|definition
INVENTORY|DefiKernel.Certificates.numBuf_arr|theorem
INVENTORY|DefiKernel.Certificates.disjoint_tail_cons_visited|theorem
INVENTORY|DefiKernel.Certificates.ScanEncodeIH|definition
INVENTORY|_private.DefiKernel.Certificates.Lexical.0.DefiKernel.Certificates.scanCostObj.match_1.eq_2|theorem
INVENTORY|DefiKernel.Certificates.TreeJson.encodeObj.eq_1|theorem
INVENTORY|DefiKernel.Certificates.lastNumBufObj.eq_def|theorem
INVENTORY|DefiKernel.Certificates.afterObj_nil|theorem
INVENTORY|_private.DefiKernel.Certificates.Lexical.0.DefiKernel.Certificates.scanCostList.match_1.eq_3|theorem
INVENTORY|DefiKernel.Certificates.scanCostList._f|definition
INVENTORY|DefiKernel.Certificates.scanCostList._unsafe_rec|definition
INVENTORY|_private.DefiKernel.Certificates.Lexical.0.DefiKernel.Certificates.scanLexicalFuel.match_3.splitter._sparseCasesOn_2|definition
INVENTORY|DefiKernel.Certificates.scanCost_le_encode_length|theorem
INVENTORY|DefiKernel.Certificates.TreeJson.encodeObj.eq_2|theorem
INVENTORY|DefiKernel.Certificates.toDigits_not_mem_dot_e|theorem
INVENTORY|DefiKernel.Certificates.scanLexicalFuel_encode.match_1_1|definition
INVENTORY|DefiKernel.Certificates.scanLexicalFuel_str_value|theorem
INVENTORY|DefiKernel.Certificates.lastNumBufObj._sunfold|definition
INVENTORY|DefiKernel.Certificates.scanCostList.eq_2|theorem
INVENTORY|DefiKernel.Certificates.TreeJson.encodeObj.eq_3|theorem
INVENTORY|DefiKernel.Certificates.lastNumBufObj_singleton|theorem
INVENTORY|DefiKernel.Certificates.scanLexicalFuel_a|theorem
INVENTORY|DefiKernel.Certificates.scanLexical_encode_tree_obj|theorem
INVENTORY|DefiKernel.Certificates.scanCostList.match_1|definition
INVENTORY|DefiKernel.Certificates.scanLexicalFuel_f|theorem
INVENTORY|DefiKernel.Certificates.lastNumBufObj_cons_cons|theorem
INVENTORY|DefiKernel.Certificates.scanCostObj_le_encodeObj_length._proof_1_1|theorem
INVENTORY|DefiKernel.Certificates.numBuf._sparseCasesOn_1.else_eq|theorem
INVENTORY|DefiKernel.Certificates.scanLexicalFuel_encode_scalar|theorem
INVENTORY|DefiKernel.Certificates.depth_le_depthList._proof_1_2|theorem
INVENTORY|DefiKernel.Certificates.depth_le_depthObj._proof_1_2|theorem
INVENTORY|DefiKernel.Certificates.minus_not_struct|theorem
INVENTORY|_private.DefiKernel.Certificates.Lexical.0.DefiKernel.Certificates.lastNumBufObj.match_1.eq_3|theorem
INVENTORY|DefiKernel.Certificates.scanCost_le_encode_length._proof_1_5|theorem
INVENTORY|DefiKernel.Certificates.scanCostObj_singleton|theorem
INVENTORY|DefiKernel.Certificates.ScanEncodeObjIH|definition
INVENTORY|DefiKernel.Certificates.isSpace_lbrace|theorem
INVENTORY|DefiKernel.Certificates.scanLexicalFuel_s|theorem
INVENTORY|DefiKernel.Certificates.encodeList_singleton_toList|theorem
INVENTORY|DefiKernel.Certificates.notExpectKey|definition
INVENTORY|DefiKernel.Certificates.scanLexicalFuel_e|theorem
INVENTORY|DefiKernel.Certificates.scanLexicalFuel_encode._proof_1_11|theorem
INVENTORY|DefiKernel.Certificates.scanLexicalFuel_encode_to_ok._proof_1_2|theorem
INVENTORY|DefiKernel.Certificates.scanLexicalFuel_false|theorem
INVENTORY|DefiKernel.Certificates.lastNumBufObj_nil|theorem
INVENTORY|DefiKernel.Certificates.lastNumBufList|definition
INVENTORY|Nat.digitChar.eq_1|theorem
INVENTORY|DefiKernel.Certificates.depth_le_depthList|theorem
INVENTORY|DefiKernel.Certificates.isDigit_not_struct|theorem
INVENTORY|DefiKernel.Certificates.encode_decode_roundtrip|theorem
INVENTORY|DefiKernel.Certificates.scanCostList._sparseCasesOn_1|definition
INVENTORY|DefiKernel.Certificates.scanLexicalFuel_encodeObj._proof_1_20|theorem
INVENTORY|DefiKernel.Certificates.scanLexicalFuel_encode._proof_1_12|theorem
INVENTORY|_private.DefiKernel.Certificates.Lexical.0.DefiKernel.Certificates.scanCostObj.match_1.splitter|definition
INVENTORY|DefiKernel.Certificates.encodeObj_nil_toList|theorem
INVENTORY|DefiKernel.Certificates.scanCostObj.match_1|definition
INVENTORY|DefiKernel.Certificates.depthList_tail_le|theorem
INVENTORY|_private.DefiKernel.Certificates.Lexical.0.DefiKernel.Certificates.scanLexicalFuel.match_1.eq_2|theorem
INVENTORY|DefiKernel.Certificates.scanLexicalFuel_t|theorem
INVENTORY|DefiKernel.Certificates.checkBytes_encodeModule_step|theorem
INVENTORY|_private.DefiKernel.Certificates.Lexical.0.DefiKernel.Certificates.numBuf.match_1.eq_2|theorem
INVENTORY|DefiKernel.Certificates.scanCost_le_encode_length._proof_1_7|theorem
INVENTORY|_private.DefiKernel.Certificates.Lexical.0.DefiKernel.Certificates.scanCostList.match_1.eq_2|theorem
INVENTORY|_private.DefiKernel.Certificates.Lexical.0.DefiKernel.Certificates.afterObj.match_1.eq_1|theorem
INVENTORY|DefiKernel.Certificates.scanLexicalFuel_encode_num|theorem
INVENTORY|DefiKernel.Certificates.TreeJson.encodeList.eq_2|theorem
INVENTORY|DefiKernel.Certificates.scanLexicalCheckNum_int.match_1_1|definition
INVENTORY|DefiKernel.Certificates.moduleToTreeJson_is_obj|theorem
INVENTORY|_private.DefiKernel.Certificates.Lexical.0.DefiKernel.Certificates.TreeJson.tokensObj.match_1.splitter|definition
INVENTORY|DefiKernel.Certificates.ScanEncodeIH_tail|theorem
INVENTORY|DefiKernel.Certificates.scanLexicalFuel_other|theorem
INVENTORY|_private.DefiKernel.Certificates.Lexical.0.DefiKernel.Certificates.scanLexicalFuel.match_1.splitter|definition
INVENTORY|DefiKernel.Certificates.scanLexicalFuel_encode_null|theorem
INVENTORY|DefiKernel.Certificates.isSpace.eq_1|theorem
INVENTORY|DefiKernel.Certificates.scanLexicalFuel_encode._unary|theorem
INVENTORY|DefiKernel.Certificates.lastNumBufList.eq_def|theorem
INVENTORY|DefiKernel.Certificates.scanCost_le_encode_length._proof_1_3|theorem
INVENTORY|DefiKernel.Certificates.scanLexicalFuel_encode|theorem
INVENTORY|_private.DefiKernel.Certificates.Lexical.0.DefiKernel.Certificates.numBuf.match_1.eq_1|theorem
INVENTORY|DefiKernel.Certificates.depthObj_tail_le|theorem
INVENTORY|DefiKernel.Certificates.ScanEncodeObjIH_tail|theorem
INVENTORY|DefiKernel.Certificates.scanLexicalFuel_l|theorem
INVENTORY|_private.DefiKernel.Certificates.Lexical.0.DefiKernel.Certificates.TreeJson.tokensList.match_1.eq_2|theorem
INVENTORY|DefiKernel.Certificates.scanLexicalFuel_encode_arr_nil|theorem
INVENTORY|DefiKernel.Certificates.scanLexicalFuel_encode_obj_nil|theorem
INVENTORY|_private.DefiKernel.Certificates.Lexical.0.DefiKernel.Certificates.afterObj.match_1.eq_2|theorem
INVENTORY|DefiKernel.Certificates.scanLexical_encode_tree_obj._proof_1_1|theorem
INVENTORY|DefiKernel.Certificates.lastNumBufList._f|definition
INVENTORY|DefiKernel.Certificates.scanLexicalFuel_digit_cont|theorem
INVENTORY|DefiKernel.Certificates.numBuf.eq_1|theorem
INVENTORY|_private.DefiKernel.Certificates.Lexical.0.DefiKernel.Certificates.scanLexicalFuel.match_3.splitter._sparseCasesOn_4|definition
INVENTORY|_private.DefiKernel.Certificates.Lexical.0.DefiKernel.Certificates.TreeJson.tokensList.match_1.eq_1|theorem
INVENTORY|DefiKernel.Certificates.scanCostObj.eq_1|theorem
INVENTORY|_private.DefiKernel.Certificates.Lexical.0.DefiKernel.Certificates.scanLexicalFuel.match_3.splitter._sparseCasesOn_3|definition
INVENTORY|DefiKernel.Certificates.lastNumBufList._unsafe_rec|definition
INVENTORY|DefiKernel.Certificates.scanLexicalFuel_encode._proof_1_14|theorem
INVENTORY|_private.DefiKernel.Certificates.Lexical.0.DefiKernel.Certificates.lastNumBufObj.match_1.splitter|definition
INVENTORY|DefiKernel.Certificates.encode_null_toList|theorem
INVENTORY|DefiKernel.Certificates.isDigit_num_cont|theorem
INVENTORY|DefiKernel.Certificates.scanCostObj|definition
INVENTORY|DefiKernel.Certificates.scanLexicalFuel_encodeList._proof_1_15|theorem
INVENTORY|DefiKernel.Certificates.scanLexicalFuel_encode._proof_1_6|theorem
INVENTORY|DefiKernel.Certificates.lastNumBufObj|definition
INVENTORY|DefiKernel.Certificates.scanCostObj_le_encodeObj_length._proof_1_3|theorem
INVENTORY|DefiKernel.Certificates.scanCostObj.eq_2|theorem
INVENTORY|DefiKernel.Certificates.not_isSpace_lbrace|theorem
INVENTORY|DefiKernel.Certificates.scanLexicalFuel_encodeObj._proof_1_21|theorem
INVENTORY|_private.DefiKernel.Certificates.Lexical.0.DefiKernel.Certificates.scanCostObj.match_1.eq_3|theorem
INVENTORY|DefiKernel.Certificates.scanLexicalFuel_encode_scalar._proof_1_5|theorem
INVENTORY|DefiKernel.Certificates.numBuf_obj|theorem
INVENTORY|DefiKernel.Certificates.scanLexicalFuel_encode_bool|theorem
INVENTORY|DefiKernel.Certificates.scanCostObj_nil|theorem
INVENTORY|DefiKernel.Certificates.scanCost._unsafe_rec|definition
INVENTORY|DefiKernel.Certificates.scanLexicalFuel_digit_start|theorem
INVENTORY|_private.DefiKernel.Certificates.Lexical.0.DefiKernel.Certificates.lastNumBufObj.match_1.eq_2|theorem
INVENTORY|DefiKernel.Certificates.TreeJson.encodeObj.eq_def|theorem
INVENTORY|DefiKernel.Certificates.notExpectKey_obj_val|theorem
INVENTORY|_private.DefiKernel.Certificates.Lexical.0.DefiKernel.Certificates.scanLexicalFuel.match_3.eq_1|theorem
INVENTORY|DefiKernel.Certificates.digitChar_lt_10_isDigit|theorem
INVENTORY|DefiKernel.Certificates.lastNumBufObj.eq_2|theorem
INVENTORY|DefiKernel.Certificates.scanLexicalFuel_r|theorem
INVENTORY|DefiKernel.Certificates.scanLexicalFuel_encode_str|theorem
INVENTORY|DefiKernel.Certificates.isDigit_ne_nondigit._simp_1_1|theorem
INVENTORY|DefiKernel.Certificates.scanLexicalFuel_encodeList._proof_1_13|theorem
INVENTORY|DefiKernel.Certificates.scanLexicalFuel_encodeList|theorem
INVENTORY|DefiKernel.Certificates.scanCostObj.eq_3|theorem
INVENTORY|DefiKernel.Certificates.scanCostObj_le_encodeObj_length._proof_1_2|theorem
INVENTORY|DefiKernel.Certificates.scanCostObj.eq_def|theorem
INVENTORY|DefiKernel.Certificates.numBuf.eq_2|theorem
INVENTORY|DefiKernel.Certificates.disjoint_tail_cons_visited._simp_1_1|theorem
INVENTORY|DefiKernel.Certificates.scanLexical_encodeModule|theorem
INVENTORY|DefiKernel.Certificates.scanLexicalFuel_encodeObj._proof_1_17|theorem
INVENTORY|DefiKernel.Certificates.isDigit_ne_nondigit|theorem
INVENTORY|DefiKernel.Certificates.scanLexicalCheckNum_int|theorem
INVENTORY|DefiKernel.Certificates.scanLexicalFuel_encodeList._proof_1_18|theorem
INVENTORY|DefiKernel.Certificates.encodeList_nil_toList|theorem
INVENTORY|DefiKernel.Certificates.lastNumBufList_nil|theorem
INVENTORY|DefiKernel.Certificates.scanCost_obj|theorem
INVENTORY|DefiKernel.Certificates.TreeJson.encodeList.eq_3|theorem
INVENTORY|DefiKernel.Certificates.afterObj.eq_1|theorem
INVENTORY|DefiKernel.Certificates.depthObj_tail_le._proof_1_1|theorem
INVENTORY|DefiKernel.Certificates.afterObj.match_1|definition
INVENTORY|DefiKernel.Certificates.checkBytes_encodeModule_typed|theorem
INVENTORY|_private.DefiKernel.Certificates.Lexical.0.DefiKernel.Certificates.TreeJson.tokensList.match_1.eq_3|theorem
INVENTORY|DefiKernel.Certificates.notExpectKey._sparseCasesOn_1|definition
INVENTORY|DefiKernel.Certificates.depth_le_depthList._proof_1_1|theorem
INVENTORY|DefiKernel.Certificates.checkBytes_encodeModule|theorem
INVENTORY|DefiKernel.Certificates.scanCostList.eq_1|theorem
INVENTORY|DefiKernel.Certificates.scanCostList.eq_def|theorem
INVENTORY|DefiKernel.Certificates.lastNumBufList_cons_cons|theorem
INVENTORY|DefiKernel.Certificates.scanCostObj._f|definition
INVENTORY|DefiKernel.Certificates.scanLexicalFuel_encodeList._proof_1_16|theorem
INVENTORY|_private.DefiKernel.Certificates.Lexical.0.DefiKernel.Certificates.TreeJson.tokensObj.match_1.eq_1|theorem
INVENTORY|DefiKernel.Certificates.afterObj|definition
INVENTORY|DefiKernel.Certificates.scanCostList_nil|theorem
INVENTORY|DefiKernel.Certificates.scanLexicalFuel_rbracket_flush|theorem
INVENTORY|DefiKernel.Certificates.scanCost_le_encode_length._proof_1_4|theorem
INVENTORY|DefiKernel.Certificates.scanCostList._sunfold|definition
INVENTORY|DefiKernel.Certificates.scanLexical_encode_tree_obj._proof_1_3|theorem
INVENTORY|DefiKernel.Certificates.lastNumBufObj.match_1|definition
INVENTORY|_private.DefiKernel.Certificates.Lexical.0.DefiKernel.Certificates.TreeJson.tokensObj.match_1.splitter._sparseCasesOn_3|definition
INVENTORY|DefiKernel.Certificates.lastNumBufObj.eq_1|theorem
INVENTORY|_private.DefiKernel.Certificates.Lexical.0.DefiKernel.Certificates.lastNumBufObj.match_1.eq_1|theorem
INVENTORY|DefiKernel.Certificates.depth_le_depthObj._proof_1_1|theorem
INVENTORY|DefiKernel.Certificates.isDigit_num_start|theorem
INVENTORY|DefiKernel.Certificates.scanLexicalFuel_encode._proof_1_13|theorem
INVENTORY|DefiKernel.Certificates.lastNumBufList.eq_1|theorem
INVENTORY|DefiKernel.Certificates.lastNumBufList.eq_3|theorem
INVENTORY|DefiKernel.Certificates.scanLexicalFuel_encode_scalar.match_1|definition
INVENTORY|DefiKernel.Certificates.lastNumBufObj._f|definition
INVENTORY|DefiKernel.Certificates.ofList_contains_false_of_not_mem|theorem
INVENTORY|DefiKernel.Certificates.lastNumBufList_singleton|theorem
INVENTORY|DefiKernel.Certificates.scanCost._f|definition
INVENTORY|DefiKernel.Certificates.scanLexicalFuel_digits_cont|theorem
INVENTORY|DefiKernel.Certificates.isDigit_ge_le|theorem
INVENTORY|_private.DefiKernel.Certificates.Lexical.0.DefiKernel.Certificates.scanLexicalFuel.match_1.eq_1|theorem
INVENTORY|DefiKernel.Certificates.notExpectKey._sparseCasesOn_3|definition
INVENTORY|DefiKernel.Certificates.notExpectKey.match_1|definition
INVENTORY|_private.DefiKernel.Certificates.Lexical.0.DefiKernel.Certificates.scanLexicalFuel.match_3.eq_2|theorem
INVENTORY|DefiKernel.Certificates.depth_le_depthObj|theorem
INVENTORY|DefiKernel.Certificates.scanCost_le_encode_length.match_1_1|definition
INVENTORY|DefiKernel.Certificates.scanLexicalFuel_comma_arr_flush|theorem
INVENTORY|DefiKernel.Certificates.scanCost.match_1|definition
INVENTORY|DefiKernel.Certificates.checkBytes_encodeModule_run|theorem
INVENTORY|DefiKernel.Certificates.scanCostList._sparseCasesOn_1.else_eq|theorem
INVENTORY|DefiKernel.Certificates.scanLexicalFuel_encode._proof_1_9|theorem
INVENTORY|DefiKernel.Certificates.encode_obj_chars|theorem
INVENTORY|DefiKernel.Certificates.scanLexicalCheckNum.eq_1|theorem
INVENTORY|_private.DefiKernel.Certificates.Lexical.0.DefiKernel.Certificates.TreeJson.tokensObj.match_1.eq_3|theorem
INVENTORY|DefiKernel.Certificates.notExpectKey_nil|theorem
INVENTORY|_private.DefiKernel.Certificates.Lexical.0.DefiKernel.Certificates.scanCostList.match_1.eq_1|theorem
INVENTORY|DefiKernel.Certificates.scanLexicalFuel_num_start|theorem
INVENTORY|DefiKernel.Certificates.scanLexicalFuel_encode_arr_nil._proof_1_1|theorem
INVENTORY|DefiKernel.Certificates.numBuf.match_1|definition
INVENTORY|DefiKernel.Certificates.scanCostList|definition
INVENTORY|_private.DefiKernel.Certificates.Lexical.0.DefiKernel.Certificates.numBuf.match_1.splitter|definition
INVENTORY|DefiKernel.Certificates.scanCost_obj_nil|theorem
INVENTORY|DefiKernel.Certificates.scanLexicalFuel_rbrace_flush|theorem
INVENTORY|DefiKernel.Certificates.scanCost._sunfold|definition
INVENTORY|DefiKernel.Certificates.lastNumBufObj.eq_3|theorem
INVENTORY|DefiKernel.Certificates.TreeJson.encodeList.eq_1|theorem
INVENTORY|DefiKernel.Certificates.scanLexicalCheckNum_nat.match_1_1|definition
INVENTORY|_private.DefiKernel.Certificates.Lexical.0.DefiKernel.Certificates.TreeJson.tokensObj.match_1.eq_2|theorem
INVENTORY|_private.DefiKernel.Certificates.Lexical.0.DefiKernel.Certificates.TreeJson.tokensList.match_1.splitter._sparseCasesOn_3|definition
INVENTORY|DefiKernel.Certificates.scanLexicalFuel_encode_scalar._sparseCasesOn_1|definition
INVENTORY|DefiKernel.Certificates.scanCost_le_encode_length._proof_1_6|theorem
INVENTORY|DefiKernel.Certificates.afterObj_cons_cons|theorem
INVENTORY|DefiKernel.Certificates.scanLexicalCheckNum_numBuf|theorem
INVENTORY|DefiKernel.Certificates.scanCostList_le_encodeList_length._proof_1_1|theorem
INVENTORY|DefiKernel.Certificates.scanLexicalFuel_int|theorem
INVENTORY|DefiKernel.Certificates.scanLexicalFuel_encode._proof_1_8|theorem
INVENTORY|DefiKernel.Certificates.encode_bool_true_toList|theorem
INVENTORY|DefiKernel.Certificates.afterObj_singleton|theorem
INVENTORY|_private.DefiKernel.Certificates.Lexical.0.DefiKernel.Certificates.scanCostList.match_1.splitter|definition
INVENTORY|DefiKernel.Certificates.scanCostObj_cons_cons|theorem
INVENTORY|DefiKernel.Certificates.scanCostList_le_encodeList_length|theorem
INVENTORY|DefiKernel.Certificates.scanCostList.eq_3|theorem
INVENTORY|DefiKernel.Certificates.scanCostObj._sunfold|definition
INVENTORY|DefiKernel.Certificates.scanCostList_singleton|theorem
INVENTORY|DefiKernel.Certificates.contains_eq_false_of_not_mem._simp_1_1|theorem
INVENTORY|DefiKernel.Certificates.scanLexicalFuel_encode_scalar._proof_1_4|theorem
INVENTORY|DefiKernel.Certificates.scanLexicalFuel_num_cont|theorem
INVENTORY|DefiKernel.Certificates.key_not_mem_visited|theorem
