'DefiKernel.Certificates.ScanEncodeIH' depends on axioms: [propext, Classical.choice, Quot.sound]
'DefiKernel.Certificates.ScanEncodeIH_tail' depends on axioms: [propext, Classical.choice, Quot.sound]
'DefiKernel.Certificates.ScanEncodeObjIH' depends on axioms: [propext, Classical.choice, Quot.sound]
'DefiKernel.Certificates.ScanEncodeObjIH_tail' depends on axioms: [propext, Classical.choice, Quot.sound]
'DefiKernel.Certificates.TreeJson.encodeList.eq_1' depends on axioms: [propext, Classical.choice, Quot.sound]
'DefiKernel.Certificates.TreeJson.encodeList.eq_2' depends on axioms: [propext, Classical.choice, Quot.sound]
'DefiKernel.Certificates.TreeJson.encodeList.eq_3' depends on axioms: [propext, Classical.choice, Quot.sound]
'DefiKernel.Certificates.TreeJson.encodeList.eq_def' depends on axioms: [propext, Classical.choice, Quot.sound]
'DefiKernel.Certificates.TreeJson.encodeObj.eq_1' depends on axioms: [propext, Classical.choice, Quot.sound]
'DefiKernel.Certificates.TreeJson.encodeObj.eq_2' depends on axioms: [propext, Classical.choice, Quot.sound]
'DefiKernel.Certificates.TreeJson.encodeObj.eq_3' depends on axioms: [propext, Classical.choice, Quot.sound]
'DefiKernel.Certificates.TreeJson.encodeObj.eq_def' depends on axioms: [propext, Classical.choice, Quot.sound]
'DefiKernel.Certificates.afterObj' depends on axioms: [propext]
'DefiKernel.Certificates.afterObj.eq_1' depends on axioms: [propext]
'DefiKernel.Certificates.afterObj.eq_2' depends on axioms: [propext]
'DefiKernel.Certificates.afterObj.match_1' depends on axioms: [propext]
'DefiKernel.Certificates.afterObj_cons_cons' depends on axioms: [propext]
'DefiKernel.Certificates.afterObj_nil' depends on axioms: [propext]
'DefiKernel.Certificates.afterObj_singleton' depends on axioms: [propext]
'DefiKernel.Certificates.checkBytes_encodeModule' depends on axioms: [propext, Classical.choice, Quot.sound]
'DefiKernel.Certificates.checkBytes_encodeModule_run' depends on axioms: [propext, Classical.choice, Quot.sound]
'DefiKernel.Certificates.checkBytes_encodeModule_step' depends on axioms: [propext, Classical.choice, Quot.sound]
'DefiKernel.Certificates.checkBytes_encodeModule_typed' depends on axioms: [propext, Classical.choice, Quot.sound]
'DefiKernel.Certificates.contains_eq_false_of_not_mem' depends on axioms: [propext]
'DefiKernel.Certificates.contains_eq_false_of_not_mem._simp_1_1' depends on axioms: [propext]
'DefiKernel.Certificates.depthList_tail_le' depends on axioms: [propext, Quot.sound]
'DefiKernel.Certificates.depthList_tail_le._proof_1_1' depends on axioms: [propext, Quot.sound]
'DefiKernel.Certificates.depthObj_tail_le' depends on axioms: [propext, Quot.sound]
'DefiKernel.Certificates.depthObj_tail_le._proof_1_1' depends on axioms: [propext, Quot.sound]
'DefiKernel.Certificates.depth_le_depthList' depends on axioms: [propext, Quot.sound]
'DefiKernel.Certificates.depth_le_depthList._proof_1_1' depends on axioms: [propext, Quot.sound]
'DefiKernel.Certificates.depth_le_depthList._proof_1_2' depends on axioms: [propext, Quot.sound]
'DefiKernel.Certificates.depth_le_depthObj' depends on axioms: [propext, Quot.sound]
'DefiKernel.Certificates.depth_le_depthObj._proof_1_1' depends on axioms: [propext, Quot.sound]
'DefiKernel.Certificates.depth_le_depthObj._proof_1_2' depends on axioms: [propext, Quot.sound]
'DefiKernel.Certificates.digitChar_lt_10_isDigit' depends on axioms: [propext]
'DefiKernel.Certificates.disjoint_tail_cons_visited' depends on axioms: [propext]
'DefiKernel.Certificates.disjoint_tail_cons_visited._simp_1_1' depends on axioms: [propext]
'DefiKernel.Certificates.encodeList_nil_toList' depends on axioms: [propext, Classical.choice, Quot.sound]
'DefiKernel.Certificates.encodeList_singleton_toList' depends on axioms: [propext, Classical.choice, Quot.sound]
'DefiKernel.Certificates.encodeObj_nil_toList' depends on axioms: [propext, Classical.choice, Quot.sound]
'DefiKernel.Certificates.encode_bool_false_toList' depends on axioms: [propext, Classical.choice, Quot.sound]
'DefiKernel.Certificates.encode_bool_true_toList' depends on axioms: [propext, Classical.choice, Quot.sound]
'DefiKernel.Certificates.encode_decode_roundtrip' depends on axioms: [propext, Classical.choice, Quot.sound]
'DefiKernel.Certificates.encode_null_toList' depends on axioms: [propext, Classical.choice, Quot.sound]
'DefiKernel.Certificates.encode_obj_chars' depends on axioms: [propext, Classical.choice, Quot.sound]
'DefiKernel.Certificates.isDigit_ge_le' depends on axioms: [propext]
'DefiKernel.Certificates.isDigit_ne_nondigit' depends on axioms: [propext]
'DefiKernel.Certificates.isDigit_ne_nondigit._simp_1_1' depends on axioms: [propext]
'DefiKernel.Certificates.isDigit_not_struct' depends on axioms: [propext]
'DefiKernel.Certificates.isDigit_num_cont' depends on axioms: [propext]
'DefiKernel.Certificates.isDigit_num_start' depends on axioms: [propext]
'DefiKernel.Certificates.isSpace.eq_1' does not depend on any axioms
'DefiKernel.Certificates.isSpace_lbrace' does not depend on any axioms
'DefiKernel.Certificates.key_not_mem_visited' depends on axioms: [propext, Quot.sound]
'DefiKernel.Certificates.lastNumBufList' depends on axioms: [propext, Classical.choice, Quot.sound]
'DefiKernel.Certificates.lastNumBufList._f' depends on axioms: [propext, Classical.choice, Quot.sound]
'DefiKernel.Certificates.lastNumBufList._sunfold' depends on axioms: [propext, Classical.choice, Quot.sound]
'DefiKernel.Certificates.lastNumBufList._unsafe_rec' depends on axioms: [propext, Classical.choice, Quot.sound]
'DefiKernel.Certificates.lastNumBufList.eq_1' depends on axioms: [propext, Classical.choice, Quot.sound]
'DefiKernel.Certificates.lastNumBufList.eq_2' depends on axioms: [propext, Classical.choice, Quot.sound]
'DefiKernel.Certificates.lastNumBufList.eq_3' depends on axioms: [propext, Classical.choice, Quot.sound]
'DefiKernel.Certificates.lastNumBufList.eq_def' depends on axioms: [propext, Classical.choice, Quot.sound]
'DefiKernel.Certificates.lastNumBufList_cons_cons' depends on axioms: [propext, Classical.choice, Quot.sound]
'DefiKernel.Certificates.lastNumBufList_nil' depends on axioms: [propext, Classical.choice, Quot.sound]
'DefiKernel.Certificates.lastNumBufList_singleton' depends on axioms: [propext, Classical.choice, Quot.sound]
'DefiKernel.Certificates.lastNumBufObj' depends on axioms: [propext, Classical.choice, Quot.sound]
'DefiKernel.Certificates.lastNumBufObj._f' depends on axioms: [propext, Classical.choice, Quot.sound]
'DefiKernel.Certificates.lastNumBufObj._sunfold' depends on axioms: [propext, Classical.choice, Quot.sound]
'DefiKernel.Certificates.lastNumBufObj._unsafe_rec' depends on axioms: [propext, Classical.choice, Quot.sound]
'DefiKernel.Certificates.lastNumBufObj.eq_1' depends on axioms: [propext, Classical.choice, Quot.sound]
'DefiKernel.Certificates.lastNumBufObj.eq_2' depends on axioms: [propext, Classical.choice, Quot.sound]
'DefiKernel.Certificates.lastNumBufObj.eq_3' depends on axioms: [propext, Classical.choice, Quot.sound]
'DefiKernel.Certificates.lastNumBufObj.eq_def' depends on axioms: [propext, Classical.choice, Quot.sound]
'DefiKernel.Certificates.lastNumBufObj.match_1' depends on axioms: [propext]
'DefiKernel.Certificates.lastNumBufObj_cons_cons' depends on axioms: [propext, Classical.choice, Quot.sound]
'DefiKernel.Certificates.lastNumBufObj_nil' depends on axioms: [propext, Classical.choice, Quot.sound]
'DefiKernel.Certificates.lastNumBufObj_singleton' depends on axioms: [propext, Classical.choice, Quot.sound]
'DefiKernel.Certificates.minus_not_struct' does not depend on any axioms
'DefiKernel.Certificates.minus_num_start' does not depend on any axioms
'DefiKernel.Certificates.moduleToTreeJson_is_obj' depends on axioms: [propext, Classical.choice, Quot.sound]
'DefiKernel.Certificates.notExpectKey' depends on axioms: [propext]
'DefiKernel.Certificates.notExpectKey._sparseCasesOn_1' depends on axioms: [propext]
'DefiKernel.Certificates.notExpectKey._sparseCasesOn_2' depends on axioms: [propext]
'DefiKernel.Certificates.notExpectKey._sparseCasesOn_3' depends on axioms: [propext]
'DefiKernel.Certificates.notExpectKey.match_1' depends on axioms: [propext]
'DefiKernel.Certificates.notExpectKey_arr' depends on axioms: [propext]
'DefiKernel.Certificates.notExpectKey_nil' depends on axioms: [propext]
'DefiKernel.Certificates.notExpectKey_obj_val' depends on axioms: [propext]
'DefiKernel.Certificates.not_isSpace_lbrace' does not depend on any axioms
'DefiKernel.Certificates.numBuf' depends on axioms: [propext, Classical.choice, Quot.sound]
'DefiKernel.Certificates.numBuf._sparseCasesOn_1' depends on axioms: [propext]
'DefiKernel.Certificates.numBuf._sparseCasesOn_1.else_eq' depends on axioms: [propext]
'DefiKernel.Certificates.numBuf.eq_1' depends on axioms: [propext, Classical.choice, Quot.sound]
'DefiKernel.Certificates.numBuf.eq_2' depends on axioms: [propext, Classical.choice, Quot.sound]
'DefiKernel.Certificates.numBuf.match_1' depends on axioms: [propext]
'DefiKernel.Certificates.numBuf_arr' depends on axioms: [propext, Classical.choice, Quot.sound]
'DefiKernel.Certificates.numBuf_obj' depends on axioms: [propext, Classical.choice, Quot.sound]
'DefiKernel.Certificates.ofList_contains_false_of_not_mem' depends on axioms: [propext, Classical.choice, Quot.sound]
'DefiKernel.Certificates.scanCost' depends on axioms: [propext, Classical.choice, Quot.sound]
'DefiKernel.Certificates.scanCost._f' depends on axioms: [propext, Classical.choice, Quot.sound]
'DefiKernel.Certificates.scanCost._sunfold' depends on axioms: [propext, Classical.choice, Quot.sound]
'DefiKernel.Certificates.scanCost._unsafe_rec' depends on axioms: [propext, Classical.choice, Quot.sound]
'DefiKernel.Certificates.scanCost.match_1' does not depend on any axioms
'DefiKernel.Certificates.scanCostList' depends on axioms: [propext, Classical.choice, Quot.sound]
'DefiKernel.Certificates.scanCostList._f' depends on axioms: [propext]
'DefiKernel.Certificates.scanCostList._sparseCasesOn_1' depends on axioms: [propext]
'DefiKernel.Certificates.scanCostList._sparseCasesOn_1.else_eq' depends on axioms: [propext]
'DefiKernel.Certificates.scanCostList._sunfold' depends on axioms: [propext, Classical.choice, Quot.sound]
'DefiKernel.Certificates.scanCostList._unsafe_rec' depends on axioms: [propext, Classical.choice, Quot.sound]
'DefiKernel.Certificates.scanCostList.eq_1' depends on axioms: [propext, Classical.choice, Quot.sound]
'DefiKernel.Certificates.scanCostList.eq_2' depends on axioms: [propext, Classical.choice, Quot.sound]
'DefiKernel.Certificates.scanCostList.eq_3' depends on axioms: [propext, Classical.choice, Quot.sound]
'DefiKernel.Certificates.scanCostList.eq_def' depends on axioms: [propext, Classical.choice, Quot.sound]
'DefiKernel.Certificates.scanCostList.match_1' depends on axioms: [propext]
'DefiKernel.Certificates.scanCostList_cons_cons' depends on axioms: [propext, Classical.choice, Quot.sound]
'DefiKernel.Certificates.scanCostList_le_encodeList_length' depends on axioms: [propext, Classical.choice, Quot.sound]
'DefiKernel.Certificates.scanCostList_le_encodeList_length._proof_1_1' depends on axioms: [propext, Quot.sound]
'DefiKernel.Certificates.scanCostList_le_encodeList_length._proof_1_2' depends on axioms: [propext,
 Classical.choice,
 Quot.sound]
'DefiKernel.Certificates.scanCostList_nil' depends on axioms: [propext, Classical.choice, Quot.sound]
'DefiKernel.Certificates.scanCostList_singleton' depends on axioms: [propext, Classical.choice, Quot.sound]
'DefiKernel.Certificates.scanCostObj' depends on axioms: [propext, Classical.choice, Quot.sound]
'DefiKernel.Certificates.scanCostObj._f' depends on axioms: [propext]
'DefiKernel.Certificates.scanCostObj._sunfold' depends on axioms: [propext, Classical.choice, Quot.sound]
'DefiKernel.Certificates.scanCostObj._unsafe_rec' depends on axioms: [propext]
'DefiKernel.Certificates.scanCostObj.eq_1' depends on axioms: [propext, Classical.choice, Quot.sound]
'DefiKernel.Certificates.scanCostObj.eq_2' depends on axioms: [propext, Classical.choice, Quot.sound]
'DefiKernel.Certificates.scanCostObj.eq_3' depends on axioms: [propext, Classical.choice, Quot.sound]
'DefiKernel.Certificates.scanCostObj.eq_def' depends on axioms: [propext, Classical.choice, Quot.sound]
'DefiKernel.Certificates.scanCostObj.match_1' depends on axioms: [propext]
'DefiKernel.Certificates.scanCostObj_cons_cons' depends on axioms: [propext, Classical.choice, Quot.sound]
'DefiKernel.Certificates.scanCostObj_le_encodeObj_length' depends on axioms: [propext, Classical.choice, Quot.sound]
'DefiKernel.Certificates.scanCostObj_le_encodeObj_length._proof_1_1' depends on axioms: [propext, Quot.sound]
'DefiKernel.Certificates.scanCostObj_le_encodeObj_length._proof_1_2' depends on axioms: [propext,
 Classical.choice,
 Quot.sound]
'DefiKernel.Certificates.scanCostObj_le_encodeObj_length._proof_1_3' depends on axioms: [propext,
 Classical.choice,
 Quot.sound]
'DefiKernel.Certificates.scanCostObj_nil' depends on axioms: [propext, Classical.choice, Quot.sound]
'DefiKernel.Certificates.scanCostObj_singleton' depends on axioms: [propext, Classical.choice, Quot.sound]
'DefiKernel.Certificates.scanCost_arr' depends on axioms: [propext, Classical.choice, Quot.sound]
'DefiKernel.Certificates.scanCost_arr_nil' depends on axioms: [propext, Classical.choice, Quot.sound]
'DefiKernel.Certificates.scanCost_le_encode_length' depends on axioms: [propext, Classical.choice, Quot.sound]
'DefiKernel.Certificates.scanCost_le_encode_length._proof_1_3' depends on axioms: [propext,
 Classical.choice,
 Quot.sound]
'DefiKernel.Certificates.scanCost_le_encode_length._proof_1_4' depends on axioms: [propext, Quot.sound]
'DefiKernel.Certificates.scanCost_le_encode_length._proof_1_5' depends on axioms: [propext,
 Classical.choice,
 Quot.sound]
'DefiKernel.Certificates.scanCost_le_encode_length._proof_1_6' depends on axioms: [propext, Quot.sound]
'DefiKernel.Certificates.scanCost_le_encode_length._proof_1_7' depends on axioms: [propext,
 Classical.choice,
 Quot.sound]
'DefiKernel.Certificates.scanCost_le_encode_length.match_1_1' does not depend on any axioms
'DefiKernel.Certificates.scanCost_obj' depends on axioms: [propext, Classical.choice, Quot.sound]
'DefiKernel.Certificates.scanCost_obj_nil' depends on axioms: [propext, Classical.choice, Quot.sound]
'DefiKernel.Certificates.scanLexicalCheckNum.eq_1' depends on axioms: [propext, Classical.choice, Quot.sound]
'DefiKernel.Certificates.scanLexicalCheckNum_int' depends on axioms: [propext, Classical.choice, Quot.sound]
'DefiKernel.Certificates.scanLexicalCheckNum_int.match_1_1' does not depend on any axioms
'DefiKernel.Certificates.scanLexicalCheckNum_lastNumBufList' depends on axioms: [propext, Classical.choice, Quot.sound]
'DefiKernel.Certificates.scanLexicalCheckNum_lastNumBufObj' depends on axioms: [propext, Classical.choice, Quot.sound]
'DefiKernel.Certificates.scanLexicalCheckNum_nat' depends on axioms: [propext, Classical.choice, Quot.sound]
'DefiKernel.Certificates.scanLexicalCheckNum_nat.match_1_1' does not depend on any axioms
'DefiKernel.Certificates.scanLexicalCheckNum_numBuf' depends on axioms: [propext, Classical.choice, Quot.sound]
'DefiKernel.Certificates.scanLexicalFuel_a' depends on axioms: [propext, Classical.choice, Quot.sound]
'DefiKernel.Certificates.scanLexicalFuel_comma_arr_flush' depends on axioms: [propext, Classical.choice, Quot.sound]
'DefiKernel.Certificates.scanLexicalFuel_comma_arr_flush._proof_1_1' depends on axioms: [propext, Quot.sound]
'DefiKernel.Certificates.scanLexicalFuel_comma_obj_flush' depends on axioms: [propext, Classical.choice, Quot.sound]
'DefiKernel.Certificates.scanLexicalFuel_digit_cont' depends on axioms: [propext, Classical.choice, Quot.sound]
'DefiKernel.Certificates.scanLexicalFuel_digit_start' depends on axioms: [propext, Classical.choice, Quot.sound]
'DefiKernel.Certificates.scanLexicalFuel_digits_cont' depends on axioms: [propext, Classical.choice, Quot.sound]
'DefiKernel.Certificates.scanLexicalFuel_e' depends on axioms: [propext, Classical.choice, Quot.sound]
'DefiKernel.Certificates.scanLexicalFuel_encode' depends on axioms: [propext, Classical.choice, Quot.sound]
'DefiKernel.Certificates.scanLexicalFuel_encode._proof_1_10' depends on axioms: [propext, Classical.choice, Quot.sound]
'DefiKernel.Certificates.scanLexicalFuel_encode._proof_1_11' depends on axioms: [propext, Classical.choice, Quot.sound]
'DefiKernel.Certificates.scanLexicalFuel_encode._proof_1_12' depends on axioms: [propext, Classical.choice, Quot.sound]
'DefiKernel.Certificates.scanLexicalFuel_encode._proof_1_13' depends on axioms: [propext, Classical.choice, Quot.sound]
'DefiKernel.Certificates.scanLexicalFuel_encode._proof_1_14' depends on axioms: [propext, Classical.choice, Quot.sound]
'DefiKernel.Certificates.scanLexicalFuel_encode._proof_1_15' depends on axioms: [propext, Classical.choice, Quot.sound]
'DefiKernel.Certificates.scanLexicalFuel_encode._proof_1_6' depends on axioms: [propext, Classical.choice, Quot.sound]
'DefiKernel.Certificates.scanLexicalFuel_encode._proof_1_7' depends on axioms: [propext, Classical.choice, Quot.sound]
'DefiKernel.Certificates.scanLexicalFuel_encode._proof_1_8' depends on axioms: [propext, Classical.choice, Quot.sound]
'DefiKernel.Certificates.scanLexicalFuel_encode._proof_1_9' depends on axioms: [propext, Classical.choice, Quot.sound]
'DefiKernel.Certificates.scanLexicalFuel_encode._unary' depends on axioms: [propext, Classical.choice, Quot.sound]
'DefiKernel.Certificates.scanLexicalFuel_encode.match_1_1' does not depend on any axioms
'DefiKernel.Certificates.scanLexicalFuel_encodeList' depends on axioms: [propext, Classical.choice, Quot.sound]
'DefiKernel.Certificates.scanLexicalFuel_encodeList._proof_1_13' depends on axioms: [propext, Quot.sound]
'DefiKernel.Certificates.scanLexicalFuel_encodeList._proof_1_14' depends on axioms: [propext,
 Classical.choice,
 Quot.sound]
'DefiKernel.Certificates.scanLexicalFuel_encodeList._proof_1_15' depends on axioms: [propext,
 Classical.choice,
 Quot.sound]
'DefiKernel.Certificates.scanLexicalFuel_encodeList._proof_1_16' depends on axioms: [propext,
 Classical.choice,
 Quot.sound]
'DefiKernel.Certificates.scanLexicalFuel_encodeList._proof_1_17' depends on axioms: [propext,
 Classical.choice,
 Quot.sound]
'DefiKernel.Certificates.scanLexicalFuel_encodeList._proof_1_18' depends on axioms: [propext,
 Classical.choice,
 Quot.sound]
'DefiKernel.Certificates.scanLexicalFuel_encodeList._proof_1_19' depends on axioms: [propext,
 Classical.choice,
 Quot.sound]
'DefiKernel.Certificates.scanLexicalFuel_encodeList._proof_1_20' depends on axioms: [propext,
 Classical.choice,
 Quot.sound]
'DefiKernel.Certificates.scanLexicalFuel_encodeObj' depends on axioms: [propext, Classical.choice, Quot.sound]
'DefiKernel.Certificates.scanLexicalFuel_encodeObj._proof_1_16' depends on axioms: [propext,
 Classical.choice,
 Quot.sound]
'DefiKernel.Certificates.scanLexicalFuel_encodeObj._proof_1_17' depends on axioms: [propext,
 Classical.choice,
 Quot.sound]
'DefiKernel.Certificates.scanLexicalFuel_encodeObj._proof_1_18' depends on axioms: [propext,
 Classical.choice,
 Quot.sound]
'DefiKernel.Certificates.scanLexicalFuel_encodeObj._proof_1_19' depends on axioms: [propext,
 Classical.choice,
 Quot.sound]
'DefiKernel.Certificates.scanLexicalFuel_encodeObj._proof_1_20' depends on axioms: [propext,
 Classical.choice,
 Quot.sound]
'DefiKernel.Certificates.scanLexicalFuel_encodeObj._proof_1_21' depends on axioms: [propext,
 Classical.choice,
 Quot.sound]
'DefiKernel.Certificates.scanLexicalFuel_encode_arr_nil' depends on axioms: [propext, Classical.choice, Quot.sound]
'DefiKernel.Certificates.scanLexicalFuel_encode_arr_nil._proof_1_1' depends on axioms: [propext, Quot.sound]
'DefiKernel.Certificates.scanLexicalFuel_encode_bool' depends on axioms: [propext, Classical.choice, Quot.sound]
'DefiKernel.Certificates.scanLexicalFuel_encode_null' depends on axioms: [propext, Classical.choice, Quot.sound]
'DefiKernel.Certificates.scanLexicalFuel_encode_num' depends on axioms: [propext, Classical.choice, Quot.sound]
'DefiKernel.Certificates.scanLexicalFuel_encode_obj_nil' depends on axioms: [propext, Classical.choice, Quot.sound]
'DefiKernel.Certificates.scanLexicalFuel_encode_obj_nil._proof_1_1' depends on axioms: [propext, Quot.sound]
'DefiKernel.Certificates.scanLexicalFuel_encode_scalar' depends on axioms: [propext, Classical.choice, Quot.sound]
'DefiKernel.Certificates.scanLexicalFuel_encode_scalar._proof_1_4' depends on axioms: [propext, Quot.sound]
'DefiKernel.Certificates.scanLexicalFuel_encode_scalar._proof_1_5' depends on axioms: [propext, Quot.sound]
'DefiKernel.Certificates.scanLexicalFuel_encode_scalar._sparseCasesOn_1' depends on axioms: [propext]
'DefiKernel.Certificates.scanLexicalFuel_encode_scalar.match_1' depends on axioms: [propext]
'DefiKernel.Certificates.scanLexicalFuel_encode_str' depends on axioms: [propext, Classical.choice, Quot.sound]
'DefiKernel.Certificates.scanLexicalFuel_encode_to_ok' depends on axioms: [propext, Classical.choice, Quot.sound]
'DefiKernel.Certificates.scanLexicalFuel_encode_to_ok._proof_1_1' depends on axioms: [propext,
 Classical.choice,
 Quot.sound]
'DefiKernel.Certificates.scanLexicalFuel_encode_to_ok._proof_1_2' depends on axioms: [propext,
 Classical.choice,
 Quot.sound]
'DefiKernel.Certificates.scanLexicalFuel_f' depends on axioms: [propext, Classical.choice, Quot.sound]
'DefiKernel.Certificates.scanLexicalFuel_false' depends on axioms: [propext, Classical.choice, Quot.sound]
'DefiKernel.Certificates.scanLexicalFuel_int' depends on axioms: [propext, Classical.choice, Quot.sound]
'DefiKernel.Certificates.scanLexicalFuel_l' depends on axioms: [propext, Classical.choice, Quot.sound]
'DefiKernel.Certificates.scanLexicalFuel_minus' depends on axioms: [propext, Classical.choice, Quot.sound]
'DefiKernel.Certificates.scanLexicalFuel_n' depends on axioms: [propext, Classical.choice, Quot.sound]
'DefiKernel.Certificates.scanLexicalFuel_nat' depends on axioms: [propext, Classical.choice, Quot.sound]
'DefiKernel.Certificates.scanLexicalFuel_null' depends on axioms: [propext, Classical.choice, Quot.sound]
'DefiKernel.Certificates.scanLexicalFuel_num_cont' depends on axioms: [propext, Classical.choice, Quot.sound]
'DefiKernel.Certificates.scanLexicalFuel_num_start' depends on axioms: [propext, Classical.choice, Quot.sound]
'DefiKernel.Certificates.scanLexicalFuel_other' depends on axioms: [propext, Classical.choice, Quot.sound]
'DefiKernel.Certificates.scanLexicalFuel_r' depends on axioms: [propext, Classical.choice, Quot.sound]
'DefiKernel.Certificates.scanLexicalFuel_rbrace_flush' depends on axioms: [propext, Classical.choice, Quot.sound]
'DefiKernel.Certificates.scanLexicalFuel_rbracket_flush' depends on axioms: [propext, Classical.choice, Quot.sound]
'DefiKernel.Certificates.scanLexicalFuel_s' depends on axioms: [propext, Classical.choice, Quot.sound]
'DefiKernel.Certificates.scanLexicalFuel_str_key' depends on axioms: [propext, Classical.choice, Quot.sound]
'DefiKernel.Certificates.scanLexicalFuel_str_value' depends on axioms: [propext, Classical.choice, Quot.sound]
'DefiKernel.Certificates.scanLexicalFuel_t' depends on axioms: [propext, Classical.choice, Quot.sound]
'DefiKernel.Certificates.scanLexicalFuel_true' depends on axioms: [propext, Classical.choice, Quot.sound]
'DefiKernel.Certificates.scanLexicalFuel_u' depends on axioms: [propext, Classical.choice, Quot.sound]
'DefiKernel.Certificates.scanLexical_encodeModule' depends on axioms: [propext, Classical.choice, Quot.sound]
'DefiKernel.Certificates.scanLexical_encode_tree_obj' depends on axioms: [propext, Classical.choice, Quot.sound]
'DefiKernel.Certificates.scanLexical_encode_tree_obj._proof_1_1' depends on axioms: [propext,
 Classical.choice,
 Quot.sound]
'DefiKernel.Certificates.scanLexical_encode_tree_obj._proof_1_3' depends on axioms: [propext,
 Classical.choice,
 Quot.sound]
'DefiKernel.Certificates.toDigits_not_mem_dot_e' depends on axioms: [propext]
'Nat.digitChar.eq_1' does not depend on any axioms
'_private.DefiKernel.Certificates.Lexical.0.DefiKernel.Certificates.TreeJson.tokensList.match_1.eq_1' depends on axioms: [propext]
'_private.DefiKernel.Certificates.Lexical.0.DefiKernel.Certificates.TreeJson.tokensList.match_1.eq_2' depends on axioms: [propext]
'_private.DefiKernel.Certificates.Lexical.0.DefiKernel.Certificates.TreeJson.tokensList.match_1.eq_3' depends on axioms: [propext]
'_private.DefiKernel.Certificates.Lexical.0.DefiKernel.Certificates.TreeJson.tokensList.match_1.splitter' depends on axioms: [propext]
'_private.DefiKernel.Certificates.Lexical.0.DefiKernel.Certificates.TreeJson.tokensList.match_1.splitter._sparseCasesOn_3' depends on axioms: [propext]
'_private.DefiKernel.Certificates.Lexical.0.DefiKernel.Certificates.TreeJson.tokensObj.match_1.eq_1' depends on axioms: [propext]
'_private.DefiKernel.Certificates.Lexical.0.DefiKernel.Certificates.TreeJson.tokensObj.match_1.eq_2' depends on axioms: [propext]
'_private.DefiKernel.Certificates.Lexical.0.DefiKernel.Certificates.TreeJson.tokensObj.match_1.eq_3' depends on axioms: [propext]
'_private.DefiKernel.Certificates.Lexical.0.DefiKernel.Certificates.TreeJson.tokensObj.match_1.splitter' depends on axioms: [propext]
'_private.DefiKernel.Certificates.Lexical.0.DefiKernel.Certificates.TreeJson.tokensObj.match_1.splitter._sparseCasesOn_3' depends on axioms: [propext]
'_private.DefiKernel.Certificates.Lexical.0.DefiKernel.Certificates.afterObj.match_1.eq_1' depends on axioms: [propext]
'_private.DefiKernel.Certificates.Lexical.0.DefiKernel.Certificates.afterObj.match_1.eq_2' depends on axioms: [propext]
'_private.DefiKernel.Certificates.Lexical.0.DefiKernel.Certificates.afterObj.match_1.splitter' depends on axioms: [propext]
'_private.DefiKernel.Certificates.Lexical.0.DefiKernel.Certificates.lastNumBufObj.match_1.eq_1' depends on axioms: [propext]
'_private.DefiKernel.Certificates.Lexical.0.DefiKernel.Certificates.lastNumBufObj.match_1.eq_2' depends on axioms: [propext]
'_private.DefiKernel.Certificates.Lexical.0.DefiKernel.Certificates.lastNumBufObj.match_1.eq_3' depends on axioms: [propext]
'_private.DefiKernel.Certificates.Lexical.0.DefiKernel.Certificates.lastNumBufObj.match_1.splitter' depends on axioms: [propext]
'_private.DefiKernel.Certificates.Lexical.0.DefiKernel.Certificates.numBuf.match_1.eq_1' depends on axioms: [propext]
'_private.DefiKernel.Certificates.Lexical.0.DefiKernel.Certificates.numBuf.match_1.eq_2' depends on axioms: [propext]
'_private.DefiKernel.Certificates.Lexical.0.DefiKernel.Certificates.numBuf.match_1.splitter' depends on axioms: [propext]
'_private.DefiKernel.Certificates.Lexical.0.DefiKernel.Certificates.scanCostList.match_1.eq_1' depends on axioms: [propext]
'_private.DefiKernel.Certificates.Lexical.0.DefiKernel.Certificates.scanCostList.match_1.eq_2' depends on axioms: [propext]
'_private.DefiKernel.Certificates.Lexical.0.DefiKernel.Certificates.scanCostList.match_1.eq_3' depends on axioms: [propext]
'_private.DefiKernel.Certificates.Lexical.0.DefiKernel.Certificates.scanCostList.match_1.splitter' depends on axioms: [propext]
'_private.DefiKernel.Certificates.Lexical.0.DefiKernel.Certificates.scanCostObj.match_1.eq_1' depends on axioms: [propext]
'_private.DefiKernel.Certificates.Lexical.0.DefiKernel.Certificates.scanCostObj.match_1.eq_2' depends on axioms: [propext]
'_private.DefiKernel.Certificates.Lexical.0.DefiKernel.Certificates.scanCostObj.match_1.eq_3' depends on axioms: [propext]
'_private.DefiKernel.Certificates.Lexical.0.DefiKernel.Certificates.scanCostObj.match_1.splitter' depends on axioms: [propext]
'_private.DefiKernel.Certificates.Lexical.0.DefiKernel.Certificates.scanLexicalFuel.match_1.eq_1' does not depend on any axioms
'_private.DefiKernel.Certificates.Lexical.0.DefiKernel.Certificates.scanLexicalFuel.match_1.eq_2' does not depend on any axioms
'_private.DefiKernel.Certificates.Lexical.0.DefiKernel.Certificates.scanLexicalFuel.match_1.splitter' does not depend on any axioms
'_private.DefiKernel.Certificates.Lexical.0.DefiKernel.Certificates.scanLexicalFuel.match_3.eq_1' depends on axioms: [propext]
'_private.DefiKernel.Certificates.Lexical.0.DefiKernel.Certificates.scanLexicalFuel.match_3.eq_2' depends on axioms: [propext]
'_private.DefiKernel.Certificates.Lexical.0.DefiKernel.Certificates.scanLexicalFuel.match_3.splitter' depends on axioms: [propext]
'_private.DefiKernel.Certificates.Lexical.0.DefiKernel.Certificates.scanLexicalFuel.match_3.splitter._sparseCasesOn_2' depends on axioms: [propext]
'_private.DefiKernel.Certificates.Lexical.0.DefiKernel.Certificates.scanLexicalFuel.match_3.splitter._sparseCasesOn_3' depends on axioms: [propext]
'_private.DefiKernel.Certificates.Lexical.0.DefiKernel.Certificates.scanLexicalFuel.match_3.splitter._sparseCasesOn_4' depends on axioms: [propext]
