{
  "schema": "defiformal-independent-verification/v1",
  "frozen_files_before_after": 475,
  "source_integrity": true,
  "explicit_name_safe_axiom_queries": 272,
  "resolved_queries": 272,
  "compiled_counts": {
    "definition": 57,
    "theorem": 215
  },
  "allowed_axioms_observed": [
    "Classical.choice",
    "Quot.sound",
    "propext"
  ],
  "forbidden_axioms": [],
  "authored_counts": {
    "def": 10,
    "theorem": 106
  },
  "new_authored_counts": {
    "theorem": 48,
    "def": 5
  },
  "independent_contract_probes": 7,
  "fresh_built_modules": [
    "DefiKernel.Certificates.Lexical",
    "DefiKernel.Certificates.Verify"
  ],
  "verify_scopes": {
    "Certificates": {
      "theorems": 2509,
      "supplemental": 2832
    },
    "Typed": {
      "theorems": 420,
      "supplemental": 677
    },
    "Composition": {
      "theorems": 287,
      "supplemental": 408
    }
  },
  "campaigns_rerun": false,
  "reviewer_failures_preserved": {
    "build": "wrong DefiKernel.Verify target; Lexical rebuilt successfully in same command",
    "read-contracts": "nonexistent Codec.lean search path; corrected by contracts command"
  }
}
