⚠ [921/963] Replayed DefiKernel.Typed.Transition
warning: DefiKernel/Typed/Transition.lean:239:20: `simp_all [throw, throwThe]` is a flexible tactic modifying `⊢`. Try `simp_all?` and use the suggested `simp_all only [...]`. Alternatively, use `suffices` to explicitly state the simplified form.

Note: This linter can be disabled with `set_option linter.flexible false`
info: DefiKernel/Typed/Transition.lean:239:20: Try this:
  [apply] simp_all only [or_false, Prod.forall, true_and]
info: DefiKernel/Typed/Transition.lean:244:6: `rename_i args`
modifies the current goal, which was modified by the flexible tactic `simp_all` on line 239!
warning: DefiKernel/Typed/Transition.lean:239:20: `simp_all [throw, throwThe]` is a flexible tactic modifying `⊢`. Try `simp_all?` and use the suggested `simp_all only [...]`. Alternatively, use `suffices` to explicitly state the simplified form.

Note: This linter can be disabled with `set_option linter.flexible false`
info: DefiKernel/Typed/Transition.lean:239:20: Try this:
  [apply] simp_all only [Option.some.injEq, false_or, Prod.forall]
info: DefiKernel/Typed/Transition.lean:244:6: `rename_i args`
modifies the current goal, which was modified by the flexible tactic `simp_all` on line 239!
⚠ [926/963] Replayed DefiKernel.Nary.Schedule
warning: DefiKernel/Nary/Schedule.lean:162:24: This simp argument is unused:
  Nat.add_assoc

Hint: Omit it from the simp argument list.
  [apply] simp [hbeq, hmem, Nat.add_left_comm, Nat.add_comm]

Note: This linter can be disabled with `set_option linter.unusedSimpArgs false`
warning: DefiKernel/Nary/Schedule.lean:263:2: `simp [admit, hv, ha, bind, Except.bind, pure, Except.pure]` is a flexible tactic modifying `⊢`. Try `simp?` and use the suggested `simp only [...]`. Alternatively, use `suffices` to explicitly state the simplified form.

Note: This linter can be disabled with `set_option linter.flexible false`
info: DefiKernel/Nary/Schedule.lean:264:2: `rw [hs']`
modifies the current goal, which was modified by the flexible tactic `simp` on line 263!
⚠ [936/963] Replayed DefiKernel.Nary.Observation
warning: DefiKernel/Nary/Observation.lean:338:4: `simp [localEq, Bool.and_eq_true, eventsEq_iff] at h` is a flexible tactic modifying `h`. Try `simp?` and use the suggested `simp only [...]`. Alternatively, use `suffices` to explicitly state the simplified form.

Note: This linter can be disabled with `set_option linter.flexible false`
info: DefiKernel/Nary/Observation.lean:338:4: Try this:
  [apply] simp only [Interleaving.LocalState.mk.injEq] at h
info: DefiKernel/Nary/Observation.lean:339:4: `obtain ⟨⟨⟨⟨hc, hi⟩, hf⟩, ho⟩, he⟩ := h`
uses `h`, which was modified by the flexible tactic `simp` on line 338!
warning: DefiKernel/Nary/Observation.lean:342:4: `simp [Interleaving.LocalState.mk.injEq] at h` is a flexible tactic modifying `h`. Try `simp?` and use the suggested `simp only [...]`. Alternatively, use `suffices` to explicitly state the simplified form.

Note: This linter can be disabled with `set_option linter.flexible false`
info: DefiKernel/Nary/Observation.lean:343:4: `obtain ⟨hc, he, ho, hi, hf⟩ := h`
uses `h`, which was modified by the flexible tactic `simp` on line 342!
⚠ [959/963] Replayed DefiKernel.Interface.BindingResolution
warning: DefiKernel/Interface/BindingResolution.lean:143:4: try 'simp' instead of 'simpa'

Note: This linter can be disabled with `set_option linter.unnecessarySimpa false`
✖ [963/963] Building DefiKernel.Nary.InterfaceInstances (7.6s)
trace: .> LEAN_PATH=/home/charl/.cache/defiformal-sprint11-builds/fixture/.lake/packages/Cli/.lake/build/lib/lean:/home/charl/.cache/defiformal-sprint11-builds/fixture/.lake/packages/batteries/.lake/build/lib/lean:/home/charl/.cache/defiformal-sprint11-builds/fixture/.lake/packages/Qq/.lake/build/lib/lean:/home/charl/.cache/defiformal-sprint11-builds/fixture/.lake/packages/aesop/.lake/build/lib/lean:/home/charl/.cache/defiformal-sprint11-builds/fixture/.lake/packages/proofwidgets/.lake/build/lib/lean:/home/charl/.cache/defiformal-sprint11-builds/fixture/.lake/packages/importGraph/.lake/build/lib/lean:/home/charl/.cache/defiformal-sprint11-builds/fixture/.lake/packages/LeanSearchClient/.lake/build/lib/lean:/home/charl/.cache/defiformal-sprint11-builds/fixture/.lake/packages/plausible/.lake/build/lib/lean:/home/charl/.cache/defiformal-sprint11-builds/fixture/.lake/packages/mathlib/.lake/build/lib/lean:/home/charl/.cache/defiformal-sprint11-builds/fixture/.lake/build/lib/lean /home/charl/.elan/toolchains/leanprover--lean4---v4.33.0-rc2/bin/lean /home/charl/.cache/defiformal-sprint11-builds/fixture/DefiKernel/Nary/InterfaceInstances.lean -o /home/charl/.cache/defiformal-sprint11-builds/fixture/.lake/build/lib/lean/DefiKernel/Nary/InterfaceInstances.olean -i /home/charl/.cache/defiformal-sprint11-builds/fixture/.lake/build/lib/lean/DefiKernel/Nary/InterfaceInstances.ilean -c /home/charl/.cache/defiformal-sprint11-builds/fixture/.lake/build/ir/DefiKernel/Nary/InterfaceInstances.c --setup /home/charl/.cache/defiformal-sprint11-builds/fixture/.lake/build/ir/DefiKernel/Nary/InterfaceInstances.setup.json --json
warning: DefiKernel/Nary/InterfaceInstances.lean:65:8: This simp argument is unused:
  Region.WellFormed

Hint: Omit it from the simp argument list.
  [apply] simp [f18Region, alice, bob, carol] at hc ⊢

Note: This linter can be disabled with `set_option linter.unusedSimpArgs false`
warning: DefiKernel/Nary/InterfaceInstances.lean:66:49: This simp argument is unused:
  alice

Hint: Omit it from the simp argument list.
  [apply] simp [bob, carol]

Note: This linter can be disabled with `set_option linter.unusedSimpArgs false`
warning: DefiKernel/Nary/InterfaceInstances.lean:66:56: This simp argument is unused:
  bob

Hint: Omit it from the simp argument list.
  [apply] simp [alice, carol]

Note: This linter can be disabled with `set_option linter.unusedSimpArgs false`
warning: DefiKernel/Nary/InterfaceInstances.lean:66:61: This simp argument is unused:
  carol

Hint: Omit it from the simp argument list.
  [apply] simp [alice, bob]

Note: This linter can be disabled with `set_option linter.unusedSimpArgs false`
warning: DefiKernel/Nary/InterfaceInstances.lean:65:2: `simp [Region.WellFormed, f18Region, alice, bob, carol] at hc ⊢` is a flexible tactic modifying `⊢`. Try `simp?` and use the suggested `simp only [...]`. Alternatively, use `suffices` to explicitly state the simplified form.

Note: This linter can be disabled with `set_option linter.flexible false`
info: DefiKernel/Nary/InterfaceInstances.lean:66:2: `rcases hc with h | h | h`
modifies the current goal, which was modified by the flexible tactic `simp` on line 65!
warning: DefiKernel/Nary/InterfaceInstances.lean:65:2: `simp [Region.WellFormed, f18Region, alice, bob, carol] at hc ⊢` is a flexible tactic modifying `hc`. Try `simp?` and use the suggested `simp only [...]`. Alternatively, use `suffices` to explicitly state the simplified form.

Note: This linter can be disabled with `set_option linter.flexible false`
info: DefiKernel/Nary/InterfaceInstances.lean:66:2: `rcases hc with h | h | h`
uses `hc`, which was modified by the flexible tactic `simp` on line 65!
warning: DefiKernel/Nary/InterfaceInstances.lean:247:2: `simp at hs` is a flexible tactic modifying `hs`. Try `simp?` and use the suggested `simp only [...]`. Alternatively, use `suffices` to explicitly state the simplified form.

Note: This linter can be disabled with `set_option linter.flexible false`
info: DefiKernel/Nary/InterfaceInstances.lean:248:2: `rcases hs with h | h | h | h | h | h`
uses `hs`, which was modified by the flexible tactic `simp` on line 247!
warning: DefiKernel/Nary/InterfaceInstances.lean:247:2: `simp at hs` is a flexible tactic modifying `hs`. Try `simp?` and use the suggested `simp only [...]`. Alternatively, use `suffices` to explicitly state the simplified form.

Note: This linter can be disabled with `set_option linter.flexible false`
info: DefiKernel/Nary/InterfaceInstances.lean:251:4: `refine ⟨rfl, ?_, by decide⟩`
uses `hs`, which was modified by the flexible tactic `simp` on line 247!
warning: DefiKernel/Nary/InterfaceInstances.lean:247:2: `simp at hs` is a flexible tactic modifying `hs`. Try `simp?` and use the suggested `simp only [...]`. Alternatively, use `suffices` to explicitly state the simplified form.

Note: This linter can be disabled with `set_option linter.flexible false`
info: DefiKernel/Nary/InterfaceInstances.lean:252:4: `intro b`
uses `hs`, which was modified by the flexible tactic `simp` on line 247!
warning: DefiKernel/Nary/InterfaceInstances.lean:247:2: `simp at hs` is a flexible tactic modifying `hs`. Try `simp?` and use the suggested `simp only [...]`. Alternatively, use `suffices` to explicitly state the simplified form.

Note: This linter can be disabled with `set_option linter.flexible false`
info: DefiKernel/Nary/InterfaceInstances.lean:253:4: `match b with
| ⟨0, _⟩ => simp [f18Branches]
| ⟨1, _⟩ => simp [f18Branches]
| ⟨2, _⟩ => simp [f18Branches]`
uses `hs`, which was modified by the flexible tactic `simp` on line 247!
warning: DefiKernel/Nary/InterfaceInstances.lean:247:2: `simp at hs` is a flexible tactic modifying `hs`. Try `simp?` and use the suggested `simp only [...]`. Alternatively, use `suffices` to explicitly state the simplified form.

Note: This linter can be disabled with `set_option linter.flexible false`
info: DefiKernel/Nary/InterfaceInstances.lean:251:4: `refine ⟨rfl, ?_, by decide⟩`
uses `hs`, which was modified by the flexible tactic `simp` on line 247!
warning: DefiKernel/Nary/InterfaceInstances.lean:247:2: `simp at hs` is a flexible tactic modifying `hs`. Try `simp?` and use the suggested `simp only [...]`. Alternatively, use `suffices` to explicitly state the simplified form.

Note: This linter can be disabled with `set_option linter.flexible false`
info: DefiKernel/Nary/InterfaceInstances.lean:252:4: `intro b`
uses `hs`, which was modified by the flexible tactic `simp` on line 247!
warning: DefiKernel/Nary/InterfaceInstances.lean:247:2: `simp at hs` is a flexible tactic modifying `hs`. Try `simp?` and use the suggested `simp only [...]`. Alternatively, use `suffices` to explicitly state the simplified form.

Note: This linter can be disabled with `set_option linter.flexible false`
info: DefiKernel/Nary/InterfaceInstances.lean:253:4: `match b with
| ⟨0, _⟩ => simp [f18Branches]
| ⟨1, _⟩ => simp [f18Branches]
| ⟨2, _⟩ => simp [f18Branches]`
uses `hs`, which was modified by the flexible tactic `simp` on line 247!
warning: DefiKernel/Nary/InterfaceInstances.lean:247:2: `simp at hs` is a flexible tactic modifying `hs`. Try `simp?` and use the suggested `simp only [...]`. Alternatively, use `suffices` to explicitly state the simplified form.

Note: This linter can be disabled with `set_option linter.flexible false`
info: DefiKernel/Nary/InterfaceInstances.lean:251:4: `refine ⟨rfl, ?_, by decide⟩`
uses `hs`, which was modified by the flexible tactic `simp` on line 247!
warning: DefiKernel/Nary/InterfaceInstances.lean:247:2: `simp at hs` is a flexible tactic modifying `hs`. Try `simp?` and use the suggested `simp only [...]`. Alternatively, use `suffices` to explicitly state the simplified form.

Note: This linter can be disabled with `set_option linter.flexible false`
info: DefiKernel/Nary/InterfaceInstances.lean:252:4: `intro b`
uses `hs`, which was modified by the flexible tactic `simp` on line 247!
warning: DefiKernel/Nary/InterfaceInstances.lean:247:2: `simp at hs` is a flexible tactic modifying `hs`. Try `simp?` and use the suggested `simp only [...]`. Alternatively, use `suffices` to explicitly state the simplified form.

Note: This linter can be disabled with `set_option linter.flexible false`
info: DefiKernel/Nary/InterfaceInstances.lean:253:4: `match b with
| ⟨0, _⟩ => simp [f18Branches]
| ⟨1, _⟩ => simp [f18Branches]
| ⟨2, _⟩ => simp [f18Branches]`
uses `hs`, which was modified by the flexible tactic `simp` on line 247!
warning: DefiKernel/Nary/InterfaceInstances.lean:247:2: `simp at hs` is a flexible tactic modifying `hs`. Try `simp?` and use the suggested `simp only [...]`. Alternatively, use `suffices` to explicitly state the simplified form.

Note: This linter can be disabled with `set_option linter.flexible false`
info: DefiKernel/Nary/InterfaceInstances.lean:251:4: `refine ⟨rfl, ?_, by decide⟩`
uses `hs`, which was modified by the flexible tactic `simp` on line 247!
warning: DefiKernel/Nary/InterfaceInstances.lean:247:2: `simp at hs` is a flexible tactic modifying `hs`. Try `simp?` and use the suggested `simp only [...]`. Alternatively, use `suffices` to explicitly state the simplified form.

Note: This linter can be disabled with `set_option linter.flexible false`
info: DefiKernel/Nary/InterfaceInstances.lean:252:4: `intro b`
uses `hs`, which was modified by the flexible tactic `simp` on line 247!
warning: DefiKernel/Nary/InterfaceInstances.lean:247:2: `simp at hs` is a flexible tactic modifying `hs`. Try `simp?` and use the suggested `simp only [...]`. Alternatively, use `suffices` to explicitly state the simplified form.

Note: This linter can be disabled with `set_option linter.flexible false`
info: DefiKernel/Nary/InterfaceInstances.lean:253:4: `match b with
| ⟨0, _⟩ => simp [f18Branches]
| ⟨1, _⟩ => simp [f18Branches]
| ⟨2, _⟩ => simp [f18Branches]`
uses `hs`, which was modified by the flexible tactic `simp` on line 247!
warning: DefiKernel/Nary/InterfaceInstances.lean:247:2: `simp at hs` is a flexible tactic modifying `hs`. Try `simp?` and use the suggested `simp only [...]`. Alternatively, use `suffices` to explicitly state the simplified form.

Note: This linter can be disabled with `set_option linter.flexible false`
info: DefiKernel/Nary/InterfaceInstances.lean:251:4: `refine ⟨rfl, ?_, by decide⟩`
uses `hs`, which was modified by the flexible tactic `simp` on line 247!
warning: DefiKernel/Nary/InterfaceInstances.lean:247:2: `simp at hs` is a flexible tactic modifying `hs`. Try `simp?` and use the suggested `simp only [...]`. Alternatively, use `suffices` to explicitly state the simplified form.

Note: This linter can be disabled with `set_option linter.flexible false`
info: DefiKernel/Nary/InterfaceInstances.lean:252:4: `intro b`
uses `hs`, which was modified by the flexible tactic `simp` on line 247!
warning: DefiKernel/Nary/InterfaceInstances.lean:247:2: `simp at hs` is a flexible tactic modifying `hs`. Try `simp?` and use the suggested `simp only [...]`. Alternatively, use `suffices` to explicitly state the simplified form.

Note: This linter can be disabled with `set_option linter.flexible false`
info: DefiKernel/Nary/InterfaceInstances.lean:253:4: `match b with
| ⟨0, _⟩ => simp [f18Branches]
| ⟨1, _⟩ => simp [f18Branches]
| ⟨2, _⟩ => simp [f18Branches]`
uses `hs`, which was modified by the flexible tactic `simp` on line 247!
warning: DefiKernel/Nary/InterfaceInstances.lean:247:2: `simp at hs` is a flexible tactic modifying `hs`. Try `simp?` and use the suggested `simp only [...]`. Alternatively, use `suffices` to explicitly state the simplified form.

Note: This linter can be disabled with `set_option linter.flexible false`
info: DefiKernel/Nary/InterfaceInstances.lean:251:4: `refine ⟨rfl, ?_, by decide⟩`
uses `hs`, which was modified by the flexible tactic `simp` on line 247!
warning: DefiKernel/Nary/InterfaceInstances.lean:247:2: `simp at hs` is a flexible tactic modifying `hs`. Try `simp?` and use the suggested `simp only [...]`. Alternatively, use `suffices` to explicitly state the simplified form.

Note: This linter can be disabled with `set_option linter.flexible false`
info: DefiKernel/Nary/InterfaceInstances.lean:252:4: `intro b`
uses `hs`, which was modified by the flexible tactic `simp` on line 247!
warning: DefiKernel/Nary/InterfaceInstances.lean:247:2: `simp at hs` is a flexible tactic modifying `hs`. Try `simp?` and use the suggested `simp only [...]`. Alternatively, use `suffices` to explicitly state the simplified form.

Note: This linter can be disabled with `set_option linter.flexible false`
info: DefiKernel/Nary/InterfaceInstances.lean:253:4: `match b with
| ⟨0, _⟩ => simp [f18Branches]
| ⟨1, _⟩ => simp [f18Branches]
| ⟨2, _⟩ => simp [f18Branches]`
uses `hs`, which was modified by the flexible tactic `simp` on line 247!
warning: DefiKernel/Nary/InterfaceInstances.lean:264:0: Please, add a comment explaining the need for modifying the maxHeartbeat limit, as in
set_option maxHeartbeats 800000 in
-- reason for change
...

Note: This linter can be disabled with `set_option linter.style.maxHeartbeats false`
warning: DefiKernel/Nary/InterfaceInstances.lean:272:0: Please, add a comment explaining the need for modifying the maxHeartbeat limit, as in
set_option maxHeartbeats 800000 in
-- reason for change
...

Note: This linter can be disabled with `set_option linter.style.maxHeartbeats false`
warning: DefiKernel/Nary/InterfaceInstances.lean:280:0: Please, add a comment explaining the need for modifying the maxHeartbeat limit, as in
set_option maxHeartbeats 800000 in
-- reason for change
...

Note: This linter can be disabled with `set_option linter.style.maxHeartbeats false`
warning: DefiKernel/Nary/InterfaceInstances.lean:304:4: `simp [start_locals, start_world, f18Bounds]` is a flexible tactic modifying `⊢`. Try `simp?` and use the suggested `simp only [...]`. Alternatively, use `suffices` to explicitly state the simplified form.

Note: This linter can be disabled with `set_option linter.flexible false`
info: DefiKernel/Nary/InterfaceInstances.lean:305:4: `exact f18_execute_initial`
modifies the current goal, which was modified by the flexible tactic `simp` on line 304!
warning: DefiKernel/Nary/InterfaceInstances.lean:324:4: `simp [hl, hw, f18Bounds]` is a flexible tactic modifying `⊢`. Try `simp?` and use the suggested `simp only [...]`. Alternatively, use `suffices` to explicitly state the simplified form.

Note: This linter can be disabled with `set_option linter.flexible false`
info: DefiKernel/Nary/InterfaceInstances.lean:325:4: `exact f18_execute_after1`
modifies the current goal, which was modified by the flexible tactic `simp` on line 324!
warning: DefiKernel/Nary/InterfaceInstances.lean:362:4: `simp [hl2, hw, f18Bounds]` is a flexible tactic modifying `⊢`. Try `simp?` and use the suggested `simp only [...]`. Alternatively, use `suffices` to explicitly state the simplified form.

Note: This linter can be disabled with `set_option linter.flexible false`
info: DefiKernel/Nary/InterfaceInstances.lean:363:4: `exact f18_execute_after2`
modifies the current goal, which was modified by the flexible tactic `simp` on line 362!
warning: DefiKernel/Nary/InterfaceInstances.lean:543:0: Please, add a comment explaining the need for modifying the maxHeartbeat limit, as in
set_option maxHeartbeats 800000 in
-- reason for change
...

Note: This linter can be disabled with `set_option linter.style.maxHeartbeats false`
warning: DefiKernel/Nary/InterfaceInstances.lean:612:4: `simp [start_locals, start_world, f18Bounds]` is a flexible tactic modifying `⊢`. Try `simp?` and use the suggested `simp only [...]`. Alternatively, use `suffices` to explicitly state the simplified form.

Note: This linter can be disabled with `set_option linter.flexible false`
info: DefiKernel/Nary/InterfaceInstances.lean:613:4: `exact f19_execute`
modifies the current goal, which was modified by the flexible tactic `simp` on line 612!
warning: DefiKernel/Nary/InterfaceInstances.lean:647:0: Please, add a comment explaining the need for modifying the maxHeartbeat limit, as in
set_option maxHeartbeats 800000 in
-- reason for change
...

Note: This linter can be disabled with `set_option linter.style.maxHeartbeats false`
warning: DefiKernel/Nary/InterfaceInstances.lean:655:0: Please, add a comment explaining the need for modifying the maxHeartbeat limit, as in
set_option maxHeartbeats 800000 in
-- reason for change
...

Note: This linter can be disabled with `set_option linter.style.maxHeartbeats false`
warning: DefiKernel/Nary/InterfaceInstances.lean:663:0: Please, add a comment explaining the need for modifying the maxHeartbeat limit, as in
set_option maxHeartbeats 800000 in
-- reason for change
...

Note: This linter can be disabled with `set_option linter.style.maxHeartbeats false`
warning: DefiKernel/Nary/InterfaceInstances.lean:706:4: `simp [start_locals, start_world, f11Bounds]` is a flexible tactic modifying `⊢`. Try `simp?` and use the suggested `simp only [...]`. Alternatively, use `suffices` to explicitly state the simplified form.

Note: This linter can be disabled with `set_option linter.flexible false`
info: DefiKernel/Nary/InterfaceInstances.lean:707:4: `exact f11_execute`
modifies the current goal, which was modified by the flexible tactic `simp` on line 706!
warning: DefiKernel/Nary/InterfaceInstances.lean:763:4: `simp [start_locals, start_world, f13Bounds]` is a flexible tactic modifying `⊢`. Try `simp?` and use the suggested `simp only [...]`. Alternatively, use `suffices` to explicitly state the simplified form.

Note: This linter can be disabled with `set_option linter.flexible false`
info: DefiKernel/Nary/InterfaceInstances.lean:764:4: `exact f13_execute`
modifies the current goal, which was modified by the flexible tactic `simp` on line 763!
warning: DefiKernel/Nary/InterfaceInstances.lean:872:4: `simp [start_locals, start_world, f14Bounds]` is a flexible tactic modifying `⊢`. Try `simp?` and use the suggested `simp only [...]`. Alternatively, use `suffices` to explicitly state the simplified form.

Note: This linter can be disabled with `set_option linter.flexible false`
info: DefiKernel/Nary/InterfaceInstances.lean:873:4: `exact f14_execute`
modifies the current goal, which was modified by the flexible tactic `simp` on line 872!
error: DefiKernel/Nary/InterfaceInstances.lean:919:12: unsolved goals
case error
Q R S : Type
inst✝⁵ : DecidableEq Q
inst✝⁴ : DecidableEq R
inst✝³ : DecidableEq S
inst✝² : Fintype Q
inst✝¹ : Fintype R
inst✝ : Fintype S
cfg : Config Q R S
roster : Roster (Fin 3)
boundaries : Boundaries (Fin 3) Q R S
branches : Branches (Fin 3) Q R S
schedule : Schedule (Fin 3)
a✝ : AdmissionFailure (Fin 3) Q R S
ha : admit cfg roster boundaries branches schedule = Except.error a✝
h : (Except.error a✝).isOk = true
⊢ ∃ fps, Except.error a✝ = Except.ok fps
warning: DefiKernel/Nary/InterfaceInstances.lean:939:2: `simp at hs` is a flexible tactic modifying `hs`. Try `simp?` and use the suggested `simp only [...]`. Alternatively, use `suffices` to explicitly state the simplified form.

Note: This linter can be disabled with `set_option linter.flexible false`
info: DefiKernel/Nary/InterfaceInstances.lean:940:2: `rcases hs with h | h | h | h | h | h`
uses `hs`, which was modified by the flexible tactic `simp` on line 939!
warning: DefiKernel/Nary/InterfaceInstances.lean:939:2: `simp at hs` is a flexible tactic modifying `hs`. Try `simp?` and use the suggested `simp only [...]`. Alternatively, use `suffices` to explicitly state the simplified form.

Note: This linter can be disabled with `set_option linter.flexible false`
info: DefiKernel/Nary/InterfaceInstances.lean:941:12: `(subst s; decide)`
uses `hs`, which was modified by the flexible tactic `simp` on line 939!
warning: DefiKernel/Nary/InterfaceInstances.lean:939:2: `simp at hs` is a flexible tactic modifying `hs`. Try `simp?` and use the suggested `simp only [...]`. Alternatively, use `suffices` to explicitly state the simplified form.

Note: This linter can be disabled with `set_option linter.flexible false`
info: DefiKernel/Nary/InterfaceInstances.lean:941:12: `(subst s; decide)`
uses `hs`, which was modified by the flexible tactic `simp` on line 939!
warning: DefiKernel/Nary/InterfaceInstances.lean:939:2: `simp at hs` is a flexible tactic modifying `hs`. Try `simp?` and use the suggested `simp only [...]`. Alternatively, use `suffices` to explicitly state the simplified form.

Note: This linter can be disabled with `set_option linter.flexible false`
info: DefiKernel/Nary/InterfaceInstances.lean:941:12: `(subst s; decide)`
uses `hs`, which was modified by the flexible tactic `simp` on line 939!
warning: DefiKernel/Nary/InterfaceInstances.lean:939:2: `simp at hs` is a flexible tactic modifying `hs`. Try `simp?` and use the suggested `simp only [...]`. Alternatively, use `suffices` to explicitly state the simplified form.

Note: This linter can be disabled with `set_option linter.flexible false`
info: DefiKernel/Nary/InterfaceInstances.lean:941:12: `(subst s; decide)`
uses `hs`, which was modified by the flexible tactic `simp` on line 939!
warning: DefiKernel/Nary/InterfaceInstances.lean:939:2: `simp at hs` is a flexible tactic modifying `hs`. Try `simp?` and use the suggested `simp only [...]`. Alternatively, use `suffices` to explicitly state the simplified form.

Note: This linter can be disabled with `set_option linter.flexible false`
info: DefiKernel/Nary/InterfaceInstances.lean:941:12: `(subst s; decide)`
uses `hs`, which was modified by the flexible tactic `simp` on line 939!
warning: DefiKernel/Nary/InterfaceInstances.lean:939:2: `simp at hs` is a flexible tactic modifying `hs`. Try `simp?` and use the suggested `simp only [...]`. Alternatively, use `suffices` to explicitly state the simplified form.

Note: This linter can be disabled with `set_option linter.flexible false`
info: DefiKernel/Nary/InterfaceInstances.lean:941:12: `(subst s; decide)`
uses `hs`, which was modified by the flexible tactic `simp` on line 939!
warning: DefiKernel/Nary/InterfaceInstances.lean:956:0: Please, add a comment explaining the need for modifying the maxHeartbeat limit, as in
set_option maxHeartbeats 800000 in
-- reason for change
...

Note: This linter can be disabled with `set_option linter.style.maxHeartbeats false`
warning: DefiKernel/Nary/InterfaceInstances.lean:963:2: `simp at hs` is a flexible tactic modifying `hs`. Try `simp?` and use the suggested `simp only [...]`. Alternatively, use `suffices` to explicitly state the simplified form.

Note: This linter can be disabled with `set_option linter.flexible false`
info: DefiKernel/Nary/InterfaceInstances.lean:964:2: `rcases hs with h | h | h | h | h | h`
uses `hs`, which was modified by the flexible tactic `simp` on line 963!
warning: DefiKernel/Nary/InterfaceInstances.lean:963:2: `simp at hs` is a flexible tactic modifying `hs`. Try `simp?` and use the suggested `simp only [...]`. Alternatively, use `suffices` to explicitly state the simplified form.

Note: This linter can be disabled with `set_option linter.flexible false`
info: DefiKernel/Nary/InterfaceInstances.lean:967:4: `apply (machineEq_iff f18Roster _ _).mp`
uses `hs`, which was modified by the flexible tactic `simp` on line 963!
warning: DefiKernel/Nary/InterfaceInstances.lean:963:2: `simp at hs` is a flexible tactic modifying `hs`. Try `simp?` and use the suggested `simp only [...]`. Alternatively, use `suffices` to explicitly state the simplified form.

Note: This linter can be disabled with `set_option linter.flexible false`
info: DefiKernel/Nary/InterfaceInstances.lean:968:4: `decide +kernel`
uses `hs`, which was modified by the flexible tactic `simp` on line 963!
warning: DefiKernel/Nary/InterfaceInstances.lean:963:2: `simp at hs` is a flexible tactic modifying `hs`. Try `simp?` and use the suggested `simp only [...]`. Alternatively, use `suffices` to explicitly state the simplified form.

Note: This linter can be disabled with `set_option linter.flexible false`
info: DefiKernel/Nary/InterfaceInstances.lean:967:4: `apply (machineEq_iff f18Roster _ _).mp`
uses `hs`, which was modified by the flexible tactic `simp` on line 963!
warning: DefiKernel/Nary/InterfaceInstances.lean:963:2: `simp at hs` is a flexible tactic modifying `hs`. Try `simp?` and use the suggested `simp only [...]`. Alternatively, use `suffices` to explicitly state the simplified form.

Note: This linter can be disabled with `set_option linter.flexible false`
info: DefiKernel/Nary/InterfaceInstances.lean:968:4: `decide +kernel`
uses `hs`, which was modified by the flexible tactic `simp` on line 963!
warning: DefiKernel/Nary/InterfaceInstances.lean:963:2: `simp at hs` is a flexible tactic modifying `hs`. Try `simp?` and use the suggested `simp only [...]`. Alternatively, use `suffices` to explicitly state the simplified form.

Note: This linter can be disabled with `set_option linter.flexible false`
info: DefiKernel/Nary/InterfaceInstances.lean:967:4: `apply (machineEq_iff f18Roster _ _).mp`
uses `hs`, which was modified by the flexible tactic `simp` on line 963!
warning: DefiKernel/Nary/InterfaceInstances.lean:963:2: `simp at hs` is a flexible tactic modifying `hs`. Try `simp?` and use the suggested `simp only [...]`. Alternatively, use `suffices` to explicitly state the simplified form.

Note: This linter can be disabled with `set_option linter.flexible false`
info: DefiKernel/Nary/InterfaceInstances.lean:968:4: `decide +kernel`
uses `hs`, which was modified by the flexible tactic `simp` on line 963!
warning: DefiKernel/Nary/InterfaceInstances.lean:963:2: `simp at hs` is a flexible tactic modifying `hs`. Try `simp?` and use the suggested `simp only [...]`. Alternatively, use `suffices` to explicitly state the simplified form.

Note: This linter can be disabled with `set_option linter.flexible false`
info: DefiKernel/Nary/InterfaceInstances.lean:967:4: `apply (machineEq_iff f18Roster _ _).mp`
uses `hs`, which was modified by the flexible tactic `simp` on line 963!
warning: DefiKernel/Nary/InterfaceInstances.lean:963:2: `simp at hs` is a flexible tactic modifying `hs`. Try `simp?` and use the suggested `simp only [...]`. Alternatively, use `suffices` to explicitly state the simplified form.

Note: This linter can be disabled with `set_option linter.flexible false`
info: DefiKernel/Nary/InterfaceInstances.lean:968:4: `decide +kernel`
uses `hs`, which was modified by the flexible tactic `simp` on line 963!
warning: DefiKernel/Nary/InterfaceInstances.lean:963:2: `simp at hs` is a flexible tactic modifying `hs`. Try `simp?` and use the suggested `simp only [...]`. Alternatively, use `suffices` to explicitly state the simplified form.

Note: This linter can be disabled with `set_option linter.flexible false`
info: DefiKernel/Nary/InterfaceInstances.lean:967:4: `apply (machineEq_iff f18Roster _ _).mp`
uses `hs`, which was modified by the flexible tactic `simp` on line 963!
warning: DefiKernel/Nary/InterfaceInstances.lean:963:2: `simp at hs` is a flexible tactic modifying `hs`. Try `simp?` and use the suggested `simp only [...]`. Alternatively, use `suffices` to explicitly state the simplified form.

Note: This linter can be disabled with `set_option linter.flexible false`
info: DefiKernel/Nary/InterfaceInstances.lean:968:4: `decide +kernel`
uses `hs`, which was modified by the flexible tactic `simp` on line 963!
warning: DefiKernel/Nary/InterfaceInstances.lean:963:2: `simp at hs` is a flexible tactic modifying `hs`. Try `simp?` and use the suggested `simp only [...]`. Alternatively, use `suffices` to explicitly state the simplified form.

Note: This linter can be disabled with `set_option linter.flexible false`
info: DefiKernel/Nary/InterfaceInstances.lean:967:4: `apply (machineEq_iff f18Roster _ _).mp`
uses `hs`, which was modified by the flexible tactic `simp` on line 963!
warning: DefiKernel/Nary/InterfaceInstances.lean:963:2: `simp at hs` is a flexible tactic modifying `hs`. Try `simp?` and use the suggested `simp only [...]`. Alternatively, use `suffices` to explicitly state the simplified form.

Note: This linter can be disabled with `set_option linter.flexible false`
info: DefiKernel/Nary/InterfaceInstances.lean:968:4: `decide +kernel`
uses `hs`, which was modified by the flexible tactic `simp` on line 963!
warning: DefiKernel/Nary/InterfaceInstances.lean:987:4: `simp at hs` is a flexible tactic modifying `hs`. Try `simp?` and use the suggested `simp only [...]`. Alternatively, use `suffices` to explicitly state the simplified form.

Note: This linter can be disabled with `set_option linter.flexible false`
info: DefiKernel/Nary/InterfaceInstances.lean:988:4: `rcases hs with h | h | h | h | h | h`
uses `hs`, which was modified by the flexible tactic `simp` on line 987!
warning: DefiKernel/Nary/InterfaceInstances.lean:987:4: `simp at hs` is a flexible tactic modifying `hs`. Try `simp?` and use the suggested `simp only [...]`. Alternatively, use `suffices` to explicitly state the simplified form.

Note: This linter can be disabled with `set_option linter.flexible false`
info: DefiKernel/Nary/InterfaceInstances.lean:989:15: `exact f18_schedule_012.1`
uses `hs`, which was modified by the flexible tactic `simp` on line 987!
warning: DefiKernel/Nary/InterfaceInstances.lean:987:4: `simp at hs` is a flexible tactic modifying `hs`. Try `simp?` and use the suggested `simp only [...]`. Alternatively, use `suffices` to explicitly state the simplified form.

Note: This linter can be disabled with `set_option linter.flexible false`
info: DefiKernel/Nary/InterfaceInstances.lean:990:15: `exact f18_schedule_021.1`
uses `hs`, which was modified by the flexible tactic `simp` on line 987!
warning: DefiKernel/Nary/InterfaceInstances.lean:987:4: `simp at hs` is a flexible tactic modifying `hs`. Try `simp?` and use the suggested `simp only [...]`. Alternatively, use `suffices` to explicitly state the simplified form.

Note: This linter can be disabled with `set_option linter.flexible false`
info: DefiKernel/Nary/InterfaceInstances.lean:991:15: `exact f18_schedule_102.1`
uses `hs`, which was modified by the flexible tactic `simp` on line 987!
warning: DefiKernel/Nary/InterfaceInstances.lean:987:4: `simp at hs` is a flexible tactic modifying `hs`. Try `simp?` and use the suggested `simp only [...]`. Alternatively, use `suffices` to explicitly state the simplified form.

Note: This linter can be disabled with `set_option linter.flexible false`
info: DefiKernel/Nary/InterfaceInstances.lean:992:15: `exact f18_schedule_120.1`
uses `hs`, which was modified by the flexible tactic `simp` on line 987!
warning: DefiKernel/Nary/InterfaceInstances.lean:987:4: `simp at hs` is a flexible tactic modifying `hs`. Try `simp?` and use the suggested `simp only [...]`. Alternatively, use `suffices` to explicitly state the simplified form.

Note: This linter can be disabled with `set_option linter.flexible false`
info: DefiKernel/Nary/InterfaceInstances.lean:993:15: `exact f18_schedule_201.1`
uses `hs`, which was modified by the flexible tactic `simp` on line 987!
warning: DefiKernel/Nary/InterfaceInstances.lean:987:4: `simp at hs` is a flexible tactic modifying `hs`. Try `simp?` and use the suggested `simp only [...]`. Alternatively, use `suffices` to explicitly state the simplified form.

Note: This linter can be disabled with `set_option linter.flexible false`
info: DefiKernel/Nary/InterfaceInstances.lean:994:15: `exact f18_schedule_210.1`
uses `hs`, which was modified by the flexible tactic `simp` on line 987!
warning: DefiKernel/Nary/InterfaceInstances.lean:1014:0: Please, add a comment explaining the need for modifying the maxHeartbeat limit, as in
set_option maxHeartbeats 800000 in
-- reason for change
...

Note: This linter can be disabled with `set_option linter.style.maxHeartbeats false`
warning: DefiKernel/Nary/InterfaceInstances.lean:1055:0: Please, add a comment explaining the need for modifying the maxHeartbeat limit, as in
set_option maxHeartbeats 800000 in
-- reason for change
...

Note: This linter can be disabled with `set_option linter.style.maxHeartbeats false`
error: DefiKernel/Nary/InterfaceInstances.lean:1085:2: Dependent elimination failed: Failed to solve equation
  [] =
    List.map
      (fun o ↦
        { step := 0, port := { component := inv21.component, port := o.id },
          value := ⟨Unit.amount o.cell.2.2, f13After.state.balance o.cell⟩ })
      iface.outputs
error: DefiKernel/Nary/InterfaceInstances.lean:1147:35: unexpected token ']'; expected ':=' or '|'
error: DefiKernel/Nary/InterfaceInstances.lean:1146:14: failed to synthesize instance of type class
  GetElem (Parallel.Branch P A D) (Interleaving.LocalState P A D) ?m.177 ?m.178

Hint: Type class instance resolution failures can be inspected with the `set_option trace.Meta.synthInstance true` command.
error: DefiKernel/Nary/InterfaceInstances.lean:1146:14: failed to prove index is valid, possible solutions:
  - Use `have`-expressions to prove the index is valid
  - Use `a[i]!` notation instead, runtime check is performed, and 'Panic' error message is produced if index is not valid
  - Use `a[i]?` notation instead, result is an `Option` type
  - Use `a[i]'h` notation instead, where `h` is a proof that index is valid
a b : Fin 3
hab : a ≠ b
hfail : (((start f14Initial).accept a inv17 f14Result).locals b).failure = none
his : (((start f14Initial).accept a inv17 f14Result).locals b).failure.isSome = false
hl : ((start f14Initial).accept a inv17 f14Result).locals b = { }
⊢ ?m.178 (f14Branches b) (((start f14Initial).accept a inv17 f14Result).locals b)
error: DefiKernel/Nary/InterfaceInstances.lean:1146:7: Missing cases:
error: DefiKernel/Nary/InterfaceInstances.lean:1134:80: unsolved goals
a b : Fin 3
hab : a ≠ b
hfail : (((start f14Initial).accept a inv17 f14Result).locals b).failure = none
his : (((start f14Initial).accept a inv17 f14Result).locals b).failure.isSome = false
hl : ((start f14Initial).accept a inv17 f14Result).locals b = { }
hsel : sorry
⊢ advance fundedCfg f14Bounds f14Branches ((start f14Initial).accept a inv17 f14Result) b =
    ((start f14Initial).accept a inv17 f14Result).accept b inv17 f14Result
error: DefiKernel/Nary/InterfaceInstances.lean:1163:29: unsolved goals
a b c : Fin 3
_hab : a ≠ b
hac : a ≠ c
hbc : b ≠ c
hl1 : ((start f14Initial).accept a inv17 f14Result).locals c = { }
hl2 : (((start f14Initial).accept a inv17 f14Result).accept b inv17 f14Result).locals c = { }
hfail : ((((start f14Initial).accept a inv17 f14Result).accept b inv17 f14Result).locals c).failure = none
his : ((((start f14Initial).accept a inv17 f14Result).accept b inv17 f14Result).locals c).failure.isSome = false
hsel :
  (f14Branches c)[((((start f14Initial).accept a inv17 f14Result).accept b inv17 f14Result).locals c).consumed]? =
    some inv17
hex :
  executeStep fundedCfg
      (f14Bounds c ((((start f14Initial).accept a inv17 f14Result).accept b inv17 f14Result).locals c).nextIndex)
      ((((start f14Initial).accept a inv17 f14Result).accept b inv17 f14Result).locals c).nextIndex
      ((((start f14Initial).accept a inv17 f14Result).accept b inv17 f14Result).locals c).outputs (Step.invoke inv17)
      (((start f14Initial).accept a inv17 f14Result).accept b inv17 f14Result).world =
    Except.ok f14Result
⊢ (if
        ((((start f14Initial).accept a inv17 (sr f14Initial rec17)).accept b inv17 (sr f14Initial rec17)).locals
                c).failure.isSome =
          true then
      (((start f14Initial).accept a inv17 (sr f14Initial rec17)).accept b inv17 (sr f14Initial rec17)).skip c
    else
      match
        (f14Branches
            c)[((((start f14Initial).accept a inv17 (sr f14Initial rec17)).accept b inv17 (sr f14Initial rec17)).locals
              c).consumed]? with
      | none => (((start f14Initial).accept a inv17 (sr f14Initial rec17)).accept b inv17 (sr f14Initial rec17)).skip c
      | some inv =>
        match
          executeStep fundedCfg
            (f14Bounds c
              ((((start f14Initial).accept a inv17 (sr f14Initial rec17)).accept b inv17 (sr f14Initial rec17)).locals
                  c).nextIndex)
            ((((start f14Initial).accept a inv17 (sr f14Initial rec17)).accept b inv17 (sr f14Initial rec17)).locals
                c).nextIndex
            ((((start f14Initial).accept a inv17 (sr f14Initial rec17)).accept b inv17 (sr f14Initial rec17)).locals
                c).outputs
            (Step.invoke inv)
            (((start f14Initial).accept a inv17 (sr f14Initial rec17)).accept b inv17 (sr f14Initial rec17)).world with
        | Except.error reason =>
          (((start f14Initial).accept a inv17 (sr f14Initial rec17)).accept b inv17 (sr f14Initial rec17)).refuse c inv
            reason
        | Except.ok result =>
          (((start f14Initial).accept a inv17 (sr f14Initial rec17)).accept b inv17 (sr f14Initial rec17)).accept c inv
            result) =
    (((start f14Initial).accept a inv17 (sr f14Initial rec17)).accept b inv17 (sr f14Initial rec17)).accept c inv17
      (sr f14Initial rec17)
warning: DefiKernel/Nary/InterfaceInstances.lean:1194:10: This simp argument is unused:
  hl2

Hint: Omit it from the simp argument list.
  [apply] simp [accept_world, f14Bounds, f14Result]

Note: This linter can be disabled with `set_option linter.unusedSimpArgs false`
warning: DefiKernel/Nary/InterfaceInstances.lean:1196:17: This simp argument is unused:
  his

Hint: Omit it from the simp argument list.
  [apply] simp [advance, hsel, hex, f14Result]

Note: This linter can be disabled with `set_option linter.unusedSimpArgs false`
warning: DefiKernel/Nary/InterfaceInstances.lean:1196:22: This simp argument is unused:
  hsel

Hint: Omit it from the simp argument list.
  [apply] simp [advance, his, hex, f14Result]

Note: This linter can be disabled with `set_option linter.unusedSimpArgs false`
warning: DefiKernel/Nary/InterfaceInstances.lean:1196:28: This simp argument is unused:
  hex

Hint: Omit it from the simp argument list.
  [apply] simp [advance, his, hsel, f14Result]

Note: This linter can be disabled with `set_option linter.unusedSimpArgs false`
error: DefiKernel/Nary/InterfaceInstances.lean:1203:4: Tactic `rewrite` failed: Did not find an occurrence of the pattern
  advance fundedCfg f14Bounds f14Branches ((start f14Initial).accept 0 inv17 f14Result) 1
in the target expression
  continueRun fundedCfg f14Bounds f14Branches
      (advance fundedCfg f14Bounds f14Branches ((start f14Initial).accept 0 inv17 (sr f14Initial rec17)) 1) [2] =
    (((start f14Initial).accept 0 inv17 f14Result).accept 1 inv17 f14Result).accept 2 inv17 f14Result

⊢ continueRun fundedCfg f14Bounds f14Branches
      (advance fundedCfg f14Bounds f14Branches ((start f14Initial).accept 0 inv17 (sr f14Initial rec17)) 1) [2] =
    (((start f14Initial).accept 0 inv17 f14Result).accept 1 inv17 f14Result).accept 2 inv17 f14Result
error: DefiKernel/Nary/InterfaceInstances.lean:1224:20: unsolved goals
hm :
  runPrefix fundedCfg f14Bounds f14Initial f14Branches [0, 1, 2] =
    (((start f14Initial).accept 0 inv17 f14Result).accept 1 inv17 f14Result).accept 2 inv17 f14Result
⊢ (sr f14Initial rec17).world = f14Initial
warning: DefiKernel/Nary/InterfaceInstances.lean:1285:0: Please, add a comment explaining the need for modifying the maxHeartbeat limit, as in
set_option maxHeartbeats 800000 in
-- reason for change
...

Note: This linter can be disabled with `set_option linter.style.maxHeartbeats false`
warning: DefiKernel/Nary/InterfaceInstances.lean:1350:0: Please, add a comment explaining the need for modifying the maxHeartbeat limit, as in
set_option maxHeartbeats 800000 in
-- reason for change
...

Note: This linter can be disabled with `set_option linter.style.maxHeartbeats false`
error: Lean exited with code 1
Some required targets logged failures:
- DefiKernel.Nary.InterfaceInstances
