⚠ [921/963] Replayed DefiKernel.Typed.Transition
warning: DefiKernel/Typed/Transition.lean:239:20: `simp_all [throw, throwThe]` is a flexible tactic modifying `⊢`. Try `simp_all?` and use the suggested `simp_all only [...]`. Alternatively, use `suffices` to explicitly state the simplified form.

Note: This linter can be disabled with `set_option linter.flexible false`
info: DefiKernel/Typed/Transition.lean:239:20: Try this:
  [apply] simp_all only [or_false, Prod.forall, true_and]
info: DefiKernel/Typed/Transition.lean:244:6: `rename_i args`
modifies the current goal, which was modified by the flexible tactic `simp_all` on line 239!
warning: DefiKernel/Typed/Transition.lean:239:20: `simp_all [throw, throwThe]` is a flexible tactic modifying `⊢`. Try `simp_all?` and use the suggested `simp_all only [...]`. Alternatively, use `suffices` to explicitly state the simplified form.

Note: This linter can be disabled with `set_option linter.flexible false`
info: DefiKernel/Typed/Transition.lean:239:20: Try this:
  [apply] simp_all only [Option.some.injEq, false_or, Prod.forall]
info: DefiKernel/Typed/Transition.lean:244:6: `rename_i args`
modifies the current goal, which was modified by the flexible tactic `simp_all` on line 239!
⚠ [926/963] Replayed DefiKernel.Nary.Schedule
warning: DefiKernel/Nary/Schedule.lean:162:24: This simp argument is unused:
  Nat.add_assoc

Hint: Omit it from the simp argument list.
  [apply] simp [hbeq, hmem, Nat.add_left_comm, Nat.add_comm]

Note: This linter can be disabled with `set_option linter.unusedSimpArgs false`
warning: DefiKernel/Nary/Schedule.lean:263:2: `simp [admit, hv, ha, bind, Except.bind, pure, Except.pure]` is a flexible tactic modifying `⊢`. Try `simp?` and use the suggested `simp only [...]`. Alternatively, use `suffices` to explicitly state the simplified form.

Note: This linter can be disabled with `set_option linter.flexible false`
info: DefiKernel/Nary/Schedule.lean:264:2: `rw [hs']`
modifies the current goal, which was modified by the flexible tactic `simp` on line 263!
⚠ [936/963] Replayed DefiKernel.Nary.Observation
warning: DefiKernel/Nary/Observation.lean:338:4: `simp [localEq, Bool.and_eq_true, eventsEq_iff] at h` is a flexible tactic modifying `h`. Try `simp?` and use the suggested `simp only [...]`. Alternatively, use `suffices` to explicitly state the simplified form.

Note: This linter can be disabled with `set_option linter.flexible false`
info: DefiKernel/Nary/Observation.lean:338:4: Try this:
  [apply] simp only [Interleaving.LocalState.mk.injEq] at h
info: DefiKernel/Nary/Observation.lean:339:4: `obtain ⟨⟨⟨⟨hc, hi⟩, hf⟩, ho⟩, he⟩ := h`
uses `h`, which was modified by the flexible tactic `simp` on line 338!
warning: DefiKernel/Nary/Observation.lean:342:4: `simp [Interleaving.LocalState.mk.injEq] at h` is a flexible tactic modifying `h`. Try `simp?` and use the suggested `simp only [...]`. Alternatively, use `suffices` to explicitly state the simplified form.

Note: This linter can be disabled with `set_option linter.flexible false`
info: DefiKernel/Nary/Observation.lean:343:4: `obtain ⟨hc, he, ho, hi, hf⟩ := h`
uses `h`, which was modified by the flexible tactic `simp` on line 342!
⚠ [959/963] Replayed DefiKernel.Interface.BindingResolution
warning: DefiKernel/Interface/BindingResolution.lean:143:4: try 'simp' instead of 'simpa'

Note: This linter can be disabled with `set_option linter.unnecessarySimpa false`
✖ [963/963] Building DefiKernel.Nary.InterfaceInstances (6.2s)
trace: .> LEAN_PATH=/home/charl/.cache/defiformal-sprint11-builds/fixture/.lake/packages/Cli/.lake/build/lib/lean:/home/charl/.cache/defiformal-sprint11-builds/fixture/.lake/packages/batteries/.lake/build/lib/lean:/home/charl/.cache/defiformal-sprint11-builds/fixture/.lake/packages/Qq/.lake/build/lib/lean:/home/charl/.cache/defiformal-sprint11-builds/fixture/.lake/packages/aesop/.lake/build/lib/lean:/home/charl/.cache/defiformal-sprint11-builds/fixture/.lake/packages/proofwidgets/.lake/build/lib/lean:/home/charl/.cache/defiformal-sprint11-builds/fixture/.lake/packages/importGraph/.lake/build/lib/lean:/home/charl/.cache/defiformal-sprint11-builds/fixture/.lake/packages/LeanSearchClient/.lake/build/lib/lean:/home/charl/.cache/defiformal-sprint11-builds/fixture/.lake/packages/plausible/.lake/build/lib/lean:/home/charl/.cache/defiformal-sprint11-builds/fixture/.lake/packages/mathlib/.lake/build/lib/lean:/home/charl/.cache/defiformal-sprint11-builds/fixture/.lake/build/lib/lean /home/charl/.elan/toolchains/leanprover--lean4---v4.33.0-rc2/bin/lean /home/charl/.cache/defiformal-sprint11-builds/fixture/DefiKernel/Nary/InterfaceInstances.lean -o /home/charl/.cache/defiformal-sprint11-builds/fixture/.lake/build/lib/lean/DefiKernel/Nary/InterfaceInstances.olean -i /home/charl/.cache/defiformal-sprint11-builds/fixture/.lake/build/lib/lean/DefiKernel/Nary/InterfaceInstances.ilean -c /home/charl/.cache/defiformal-sprint11-builds/fixture/.lake/build/ir/DefiKernel/Nary/InterfaceInstances.c --setup /home/charl/.cache/defiformal-sprint11-builds/fixture/.lake/build/ir/DefiKernel/Nary/InterfaceInstances.setup.json --json
warning: DefiKernel/Nary/InterfaceInstances.lean:65:8: This simp argument is unused:
  Region.WellFormed

Hint: Omit it from the simp argument list.
  [apply] simp [f18Region, alice, bob, carol] at hc ⊢

Note: This linter can be disabled with `set_option linter.unusedSimpArgs false`
warning: DefiKernel/Nary/InterfaceInstances.lean:66:49: This simp argument is unused:
  alice

Hint: Omit it from the simp argument list.
  [apply] simp [bob, carol]

Note: This linter can be disabled with `set_option linter.unusedSimpArgs false`
warning: DefiKernel/Nary/InterfaceInstances.lean:66:56: This simp argument is unused:
  bob

Hint: Omit it from the simp argument list.
  [apply] simp [alice, carol]

Note: This linter can be disabled with `set_option linter.unusedSimpArgs false`
warning: DefiKernel/Nary/InterfaceInstances.lean:66:61: This simp argument is unused:
  carol

Hint: Omit it from the simp argument list.
  [apply] simp [alice, bob]

Note: This linter can be disabled with `set_option linter.unusedSimpArgs false`
warning: DefiKernel/Nary/InterfaceInstances.lean:65:2: `simp [Region.WellFormed, f18Region, alice, bob, carol] at hc ⊢` is a flexible tactic modifying `⊢`. Try `simp?` and use the suggested `simp only [...]`. Alternatively, use `suffices` to explicitly state the simplified form.

Note: This linter can be disabled with `set_option linter.flexible false`
info: DefiKernel/Nary/InterfaceInstances.lean:66:2: `rcases hc with h | h | h`
modifies the current goal, which was modified by the flexible tactic `simp` on line 65!
warning: DefiKernel/Nary/InterfaceInstances.lean:65:2: `simp [Region.WellFormed, f18Region, alice, bob, carol] at hc ⊢` is a flexible tactic modifying `hc`. Try `simp?` and use the suggested `simp only [...]`. Alternatively, use `suffices` to explicitly state the simplified form.

Note: This linter can be disabled with `set_option linter.flexible false`
info: DefiKernel/Nary/InterfaceInstances.lean:66:2: `rcases hc with h | h | h`
uses `hc`, which was modified by the flexible tactic `simp` on line 65!
warning: DefiKernel/Nary/InterfaceInstances.lean:247:2: `simp at hs` is a flexible tactic modifying `hs`. Try `simp?` and use the suggested `simp only [...]`. Alternatively, use `suffices` to explicitly state the simplified form.

Note: This linter can be disabled with `set_option linter.flexible false`
info: DefiKernel/Nary/InterfaceInstances.lean:248:2: `rcases hs with h | h | h | h | h | h`
uses `hs`, which was modified by the flexible tactic `simp` on line 247!
warning: DefiKernel/Nary/InterfaceInstances.lean:247:2: `simp at hs` is a flexible tactic modifying `hs`. Try `simp?` and use the suggested `simp only [...]`. Alternatively, use `suffices` to explicitly state the simplified form.

Note: This linter can be disabled with `set_option linter.flexible false`
info: DefiKernel/Nary/InterfaceInstances.lean:251:4: `refine ⟨rfl, ?_, by decide⟩`
uses `hs`, which was modified by the flexible tactic `simp` on line 247!
warning: DefiKernel/Nary/InterfaceInstances.lean:247:2: `simp at hs` is a flexible tactic modifying `hs`. Try `simp?` and use the suggested `simp only [...]`. Alternatively, use `suffices` to explicitly state the simplified form.

Note: This linter can be disabled with `set_option linter.flexible false`
info: DefiKernel/Nary/InterfaceInstances.lean:252:4: `intro b`
uses `hs`, which was modified by the flexible tactic `simp` on line 247!
warning: DefiKernel/Nary/InterfaceInstances.lean:247:2: `simp at hs` is a flexible tactic modifying `hs`. Try `simp?` and use the suggested `simp only [...]`. Alternatively, use `suffices` to explicitly state the simplified form.

Note: This linter can be disabled with `set_option linter.flexible false`
info: DefiKernel/Nary/InterfaceInstances.lean:253:4: `match b with
| ⟨0, _⟩ => simp [f18Branches]
| ⟨1, _⟩ => simp [f18Branches]
| ⟨2, _⟩ => simp [f18Branches]`
uses `hs`, which was modified by the flexible tactic `simp` on line 247!
warning: DefiKernel/Nary/InterfaceInstances.lean:247:2: `simp at hs` is a flexible tactic modifying `hs`. Try `simp?` and use the suggested `simp only [...]`. Alternatively, use `suffices` to explicitly state the simplified form.

Note: This linter can be disabled with `set_option linter.flexible false`
info: DefiKernel/Nary/InterfaceInstances.lean:251:4: `refine ⟨rfl, ?_, by decide⟩`
uses `hs`, which was modified by the flexible tactic `simp` on line 247!
warning: DefiKernel/Nary/InterfaceInstances.lean:247:2: `simp at hs` is a flexible tactic modifying `hs`. Try `simp?` and use the suggested `simp only [...]`. Alternatively, use `suffices` to explicitly state the simplified form.

Note: This linter can be disabled with `set_option linter.flexible false`
info: DefiKernel/Nary/InterfaceInstances.lean:252:4: `intro b`
uses `hs`, which was modified by the flexible tactic `simp` on line 247!
warning: DefiKernel/Nary/InterfaceInstances.lean:247:2: `simp at hs` is a flexible tactic modifying `hs`. Try `simp?` and use the suggested `simp only [...]`. Alternatively, use `suffices` to explicitly state the simplified form.

Note: This linter can be disabled with `set_option linter.flexible false`
info: DefiKernel/Nary/InterfaceInstances.lean:253:4: `match b with
| ⟨0, _⟩ => simp [f18Branches]
| ⟨1, _⟩ => simp [f18Branches]
| ⟨2, _⟩ => simp [f18Branches]`
uses `hs`, which was modified by the flexible tactic `simp` on line 247!
warning: DefiKernel/Nary/InterfaceInstances.lean:247:2: `simp at hs` is a flexible tactic modifying `hs`. Try `simp?` and use the suggested `simp only [...]`. Alternatively, use `suffices` to explicitly state the simplified form.

Note: This linter can be disabled with `set_option linter.flexible false`
info: DefiKernel/Nary/InterfaceInstances.lean:251:4: `refine ⟨rfl, ?_, by decide⟩`
uses `hs`, which was modified by the flexible tactic `simp` on line 247!
warning: DefiKernel/Nary/InterfaceInstances.lean:247:2: `simp at hs` is a flexible tactic modifying `hs`. Try `simp?` and use the suggested `simp only [...]`. Alternatively, use `suffices` to explicitly state the simplified form.

Note: This linter can be disabled with `set_option linter.flexible false`
info: DefiKernel/Nary/InterfaceInstances.lean:252:4: `intro b`
uses `hs`, which was modified by the flexible tactic `simp` on line 247!
warning: DefiKernel/Nary/InterfaceInstances.lean:247:2: `simp at hs` is a flexible tactic modifying `hs`. Try `simp?` and use the suggested `simp only [...]`. Alternatively, use `suffices` to explicitly state the simplified form.

Note: This linter can be disabled with `set_option linter.flexible false`
info: DefiKernel/Nary/InterfaceInstances.lean:253:4: `match b with
| ⟨0, _⟩ => simp [f18Branches]
| ⟨1, _⟩ => simp [f18Branches]
| ⟨2, _⟩ => simp [f18Branches]`
uses `hs`, which was modified by the flexible tactic `simp` on line 247!
warning: DefiKernel/Nary/InterfaceInstances.lean:247:2: `simp at hs` is a flexible tactic modifying `hs`. Try `simp?` and use the suggested `simp only [...]`. Alternatively, use `suffices` to explicitly state the simplified form.

Note: This linter can be disabled with `set_option linter.flexible false`
info: DefiKernel/Nary/InterfaceInstances.lean:251:4: `refine ⟨rfl, ?_, by decide⟩`
uses `hs`, which was modified by the flexible tactic `simp` on line 247!
warning: DefiKernel/Nary/InterfaceInstances.lean:247:2: `simp at hs` is a flexible tactic modifying `hs`. Try `simp?` and use the suggested `simp only [...]`. Alternatively, use `suffices` to explicitly state the simplified form.

Note: This linter can be disabled with `set_option linter.flexible false`
info: DefiKernel/Nary/InterfaceInstances.lean:252:4: `intro b`
uses `hs`, which was modified by the flexible tactic `simp` on line 247!
warning: DefiKernel/Nary/InterfaceInstances.lean:247:2: `simp at hs` is a flexible tactic modifying `hs`. Try `simp?` and use the suggested `simp only [...]`. Alternatively, use `suffices` to explicitly state the simplified form.

Note: This linter can be disabled with `set_option linter.flexible false`
info: DefiKernel/Nary/InterfaceInstances.lean:253:4: `match b with
| ⟨0, _⟩ => simp [f18Branches]
| ⟨1, _⟩ => simp [f18Branches]
| ⟨2, _⟩ => simp [f18Branches]`
uses `hs`, which was modified by the flexible tactic `simp` on line 247!
warning: DefiKernel/Nary/InterfaceInstances.lean:247:2: `simp at hs` is a flexible tactic modifying `hs`. Try `simp?` and use the suggested `simp only [...]`. Alternatively, use `suffices` to explicitly state the simplified form.

Note: This linter can be disabled with `set_option linter.flexible false`
info: DefiKernel/Nary/InterfaceInstances.lean:251:4: `refine ⟨rfl, ?_, by decide⟩`
uses `hs`, which was modified by the flexible tactic `simp` on line 247!
warning: DefiKernel/Nary/InterfaceInstances.lean:247:2: `simp at hs` is a flexible tactic modifying `hs`. Try `simp?` and use the suggested `simp only [...]`. Alternatively, use `suffices` to explicitly state the simplified form.

Note: This linter can be disabled with `set_option linter.flexible false`
info: DefiKernel/Nary/InterfaceInstances.lean:252:4: `intro b`
uses `hs`, which was modified by the flexible tactic `simp` on line 247!
warning: DefiKernel/Nary/InterfaceInstances.lean:247:2: `simp at hs` is a flexible tactic modifying `hs`. Try `simp?` and use the suggested `simp only [...]`. Alternatively, use `suffices` to explicitly state the simplified form.

Note: This linter can be disabled with `set_option linter.flexible false`
info: DefiKernel/Nary/InterfaceInstances.lean:253:4: `match b with
| ⟨0, _⟩ => simp [f18Branches]
| ⟨1, _⟩ => simp [f18Branches]
| ⟨2, _⟩ => simp [f18Branches]`
uses `hs`, which was modified by the flexible tactic `simp` on line 247!
warning: DefiKernel/Nary/InterfaceInstances.lean:247:2: `simp at hs` is a flexible tactic modifying `hs`. Try `simp?` and use the suggested `simp only [...]`. Alternatively, use `suffices` to explicitly state the simplified form.

Note: This linter can be disabled with `set_option linter.flexible false`
info: DefiKernel/Nary/InterfaceInstances.lean:251:4: `refine ⟨rfl, ?_, by decide⟩`
uses `hs`, which was modified by the flexible tactic `simp` on line 247!
warning: DefiKernel/Nary/InterfaceInstances.lean:247:2: `simp at hs` is a flexible tactic modifying `hs`. Try `simp?` and use the suggested `simp only [...]`. Alternatively, use `suffices` to explicitly state the simplified form.

Note: This linter can be disabled with `set_option linter.flexible false`
info: DefiKernel/Nary/InterfaceInstances.lean:252:4: `intro b`
uses `hs`, which was modified by the flexible tactic `simp` on line 247!
warning: DefiKernel/Nary/InterfaceInstances.lean:247:2: `simp at hs` is a flexible tactic modifying `hs`. Try `simp?` and use the suggested `simp only [...]`. Alternatively, use `suffices` to explicitly state the simplified form.

Note: This linter can be disabled with `set_option linter.flexible false`
info: DefiKernel/Nary/InterfaceInstances.lean:253:4: `match b with
| ⟨0, _⟩ => simp [f18Branches]
| ⟨1, _⟩ => simp [f18Branches]
| ⟨2, _⟩ => simp [f18Branches]`
uses `hs`, which was modified by the flexible tactic `simp` on line 247!
warning: DefiKernel/Nary/InterfaceInstances.lean:264:0: Please, add a comment explaining the need for modifying the maxHeartbeat limit, as in
set_option maxHeartbeats 800000 in
-- reason for change
...

Note: This linter can be disabled with `set_option linter.style.maxHeartbeats false`
warning: DefiKernel/Nary/InterfaceInstances.lean:272:0: Please, add a comment explaining the need for modifying the maxHeartbeat limit, as in
set_option maxHeartbeats 800000 in
-- reason for change
...

Note: This linter can be disabled with `set_option linter.style.maxHeartbeats false`
warning: DefiKernel/Nary/InterfaceInstances.lean:280:0: Please, add a comment explaining the need for modifying the maxHeartbeat limit, as in
set_option maxHeartbeats 800000 in
-- reason for change
...

Note: This linter can be disabled with `set_option linter.style.maxHeartbeats false`
warning: DefiKernel/Nary/InterfaceInstances.lean:304:4: `simp [start_locals, start_world, f18Bounds]` is a flexible tactic modifying `⊢`. Try `simp?` and use the suggested `simp only [...]`. Alternatively, use `suffices` to explicitly state the simplified form.

Note: This linter can be disabled with `set_option linter.flexible false`
info: DefiKernel/Nary/InterfaceInstances.lean:305:4: `exact f18_execute_initial`
modifies the current goal, which was modified by the flexible tactic `simp` on line 304!
warning: DefiKernel/Nary/InterfaceInstances.lean:324:4: `simp [hl, hw, f18Bounds]` is a flexible tactic modifying `⊢`. Try `simp?` and use the suggested `simp only [...]`. Alternatively, use `suffices` to explicitly state the simplified form.

Note: This linter can be disabled with `set_option linter.flexible false`
info: DefiKernel/Nary/InterfaceInstances.lean:325:4: `exact f18_execute_after1`
modifies the current goal, which was modified by the flexible tactic `simp` on line 324!
warning: DefiKernel/Nary/InterfaceInstances.lean:362:4: `simp [hl2, hw, f18Bounds]` is a flexible tactic modifying `⊢`. Try `simp?` and use the suggested `simp only [...]`. Alternatively, use `suffices` to explicitly state the simplified form.

Note: This linter can be disabled with `set_option linter.flexible false`
info: DefiKernel/Nary/InterfaceInstances.lean:363:4: `exact f18_execute_after2`
modifies the current goal, which was modified by the flexible tactic `simp` on line 362!
warning: DefiKernel/Nary/InterfaceInstances.lean:543:0: Please, add a comment explaining the need for modifying the maxHeartbeat limit, as in
set_option maxHeartbeats 800000 in
-- reason for change
...

Note: This linter can be disabled with `set_option linter.style.maxHeartbeats false`
warning: DefiKernel/Nary/InterfaceInstances.lean:612:4: `simp [start_locals, start_world, f18Bounds]` is a flexible tactic modifying `⊢`. Try `simp?` and use the suggested `simp only [...]`. Alternatively, use `suffices` to explicitly state the simplified form.

Note: This linter can be disabled with `set_option linter.flexible false`
info: DefiKernel/Nary/InterfaceInstances.lean:613:4: `exact f19_execute`
modifies the current goal, which was modified by the flexible tactic `simp` on line 612!
warning: DefiKernel/Nary/InterfaceInstances.lean:647:0: Please, add a comment explaining the need for modifying the maxHeartbeat limit, as in
set_option maxHeartbeats 800000 in
-- reason for change
...

Note: This linter can be disabled with `set_option linter.style.maxHeartbeats false`
warning: DefiKernel/Nary/InterfaceInstances.lean:655:0: Please, add a comment explaining the need for modifying the maxHeartbeat limit, as in
set_option maxHeartbeats 800000 in
-- reason for change
...

Note: This linter can be disabled with `set_option linter.style.maxHeartbeats false`
warning: DefiKernel/Nary/InterfaceInstances.lean:663:0: Please, add a comment explaining the need for modifying the maxHeartbeat limit, as in
set_option maxHeartbeats 800000 in
-- reason for change
...

Note: This linter can be disabled with `set_option linter.style.maxHeartbeats false`
warning: DefiKernel/Nary/InterfaceInstances.lean:706:4: `simp [start_locals, start_world, f11Bounds]` is a flexible tactic modifying `⊢`. Try `simp?` and use the suggested `simp only [...]`. Alternatively, use `suffices` to explicitly state the simplified form.

Note: This linter can be disabled with `set_option linter.flexible false`
info: DefiKernel/Nary/InterfaceInstances.lean:707:4: `exact f11_execute`
modifies the current goal, which was modified by the flexible tactic `simp` on line 706!
warning: DefiKernel/Nary/InterfaceInstances.lean:763:4: `simp [start_locals, start_world, f13Bounds]` is a flexible tactic modifying `⊢`. Try `simp?` and use the suggested `simp only [...]`. Alternatively, use `suffices` to explicitly state the simplified form.

Note: This linter can be disabled with `set_option linter.flexible false`
info: DefiKernel/Nary/InterfaceInstances.lean:764:4: `exact f13_execute`
modifies the current goal, which was modified by the flexible tactic `simp` on line 763!
warning: DefiKernel/Nary/InterfaceInstances.lean:872:4: `simp [start_locals, start_world, f14Bounds]` is a flexible tactic modifying `⊢`. Try `simp?` and use the suggested `simp only [...]`. Alternatively, use `suffices` to explicitly state the simplified form.

Note: This linter can be disabled with `set_option linter.flexible false`
info: DefiKernel/Nary/InterfaceInstances.lean:873:4: `exact f14_execute`
modifies the current goal, which was modified by the flexible tactic `simp` on line 872!
error: DefiKernel/Nary/InterfaceInstances.lean:919:12: unsolved goals
case error
Q R S : Type
inst✝⁵ : DecidableEq Q
inst✝⁴ : DecidableEq R
inst✝³ : DecidableEq S
inst✝² : Fintype Q
inst✝¹ : Fintype R
inst✝ : Fintype S
cfg : Config Q R S
roster : Roster (Fin 3)
boundaries : Boundaries (Fin 3) Q R S
branches : Branches (Fin 3) Q R S
schedule : Schedule (Fin 3)
a✝ : AdmissionFailure (Fin 3) Q R S
h : (Except.error a✝).toBool = true
ha : admit cfg roster boundaries branches schedule = Except.error a✝
⊢ ∃ fps, Except.error a✝ = Except.ok fps
warning: DefiKernel/Nary/InterfaceInstances.lean:941:2: `simp at hs` is a flexible tactic modifying `hs`. Try `simp?` and use the suggested `simp only [...]`. Alternatively, use `suffices` to explicitly state the simplified form.

Note: This linter can be disabled with `set_option linter.flexible false`
info: DefiKernel/Nary/InterfaceInstances.lean:942:2: `rcases hs with h | h | h | h | h | h`
uses `hs`, which was modified by the flexible tactic `simp` on line 941!
warning: DefiKernel/Nary/InterfaceInstances.lean:941:2: `simp at hs` is a flexible tactic modifying `hs`. Try `simp?` and use the suggested `simp only [...]`. Alternatively, use `suffices` to explicitly state the simplified form.

Note: This linter can be disabled with `set_option linter.flexible false`
info: DefiKernel/Nary/InterfaceInstances.lean:943:12: `(subst s; decide)`
uses `hs`, which was modified by the flexible tactic `simp` on line 941!
warning: DefiKernel/Nary/InterfaceInstances.lean:941:2: `simp at hs` is a flexible tactic modifying `hs`. Try `simp?` and use the suggested `simp only [...]`. Alternatively, use `suffices` to explicitly state the simplified form.

Note: This linter can be disabled with `set_option linter.flexible false`
info: DefiKernel/Nary/InterfaceInstances.lean:943:12: `(subst s; decide)`
uses `hs`, which was modified by the flexible tactic `simp` on line 941!
warning: DefiKernel/Nary/InterfaceInstances.lean:941:2: `simp at hs` is a flexible tactic modifying `hs`. Try `simp?` and use the suggested `simp only [...]`. Alternatively, use `suffices` to explicitly state the simplified form.

Note: This linter can be disabled with `set_option linter.flexible false`
info: DefiKernel/Nary/InterfaceInstances.lean:943:12: `(subst s; decide)`
uses `hs`, which was modified by the flexible tactic `simp` on line 941!
warning: DefiKernel/Nary/InterfaceInstances.lean:941:2: `simp at hs` is a flexible tactic modifying `hs`. Try `simp?` and use the suggested `simp only [...]`. Alternatively, use `suffices` to explicitly state the simplified form.

Note: This linter can be disabled with `set_option linter.flexible false`
info: DefiKernel/Nary/InterfaceInstances.lean:943:12: `(subst s; decide)`
uses `hs`, which was modified by the flexible tactic `simp` on line 941!
warning: DefiKernel/Nary/InterfaceInstances.lean:941:2: `simp at hs` is a flexible tactic modifying `hs`. Try `simp?` and use the suggested `simp only [...]`. Alternatively, use `suffices` to explicitly state the simplified form.

Note: This linter can be disabled with `set_option linter.flexible false`
info: DefiKernel/Nary/InterfaceInstances.lean:943:12: `(subst s; decide)`
uses `hs`, which was modified by the flexible tactic `simp` on line 941!
warning: DefiKernel/Nary/InterfaceInstances.lean:941:2: `simp at hs` is a flexible tactic modifying `hs`. Try `simp?` and use the suggested `simp only [...]`. Alternatively, use `suffices` to explicitly state the simplified form.

Note: This linter can be disabled with `set_option linter.flexible false`
info: DefiKernel/Nary/InterfaceInstances.lean:943:12: `(subst s; decide)`
uses `hs`, which was modified by the flexible tactic `simp` on line 941!
warning: DefiKernel/Nary/InterfaceInstances.lean:958:0: Please, add a comment explaining the need for modifying the maxHeartbeat limit, as in
set_option maxHeartbeats 800000 in
-- reason for change
...

Note: This linter can be disabled with `set_option linter.style.maxHeartbeats false`
warning: DefiKernel/Nary/InterfaceInstances.lean:965:2: `simp at hs` is a flexible tactic modifying `hs`. Try `simp?` and use the suggested `simp only [...]`. Alternatively, use `suffices` to explicitly state the simplified form.

Note: This linter can be disabled with `set_option linter.flexible false`
info: DefiKernel/Nary/InterfaceInstances.lean:966:2: `rcases hs with h | h | h | h | h | h`
uses `hs`, which was modified by the flexible tactic `simp` on line 965!
warning: DefiKernel/Nary/InterfaceInstances.lean:965:2: `simp at hs` is a flexible tactic modifying `hs`. Try `simp?` and use the suggested `simp only [...]`. Alternatively, use `suffices` to explicitly state the simplified form.

Note: This linter can be disabled with `set_option linter.flexible false`
info: DefiKernel/Nary/InterfaceInstances.lean:969:4: `apply (machineEq_iff f18Roster _ _).mp`
uses `hs`, which was modified by the flexible tactic `simp` on line 965!
warning: DefiKernel/Nary/InterfaceInstances.lean:965:2: `simp at hs` is a flexible tactic modifying `hs`. Try `simp?` and use the suggested `simp only [...]`. Alternatively, use `suffices` to explicitly state the simplified form.

Note: This linter can be disabled with `set_option linter.flexible false`
info: DefiKernel/Nary/InterfaceInstances.lean:970:4: `decide +kernel`
uses `hs`, which was modified by the flexible tactic `simp` on line 965!
warning: DefiKernel/Nary/InterfaceInstances.lean:965:2: `simp at hs` is a flexible tactic modifying `hs`. Try `simp?` and use the suggested `simp only [...]`. Alternatively, use `suffices` to explicitly state the simplified form.

Note: This linter can be disabled with `set_option linter.flexible false`
info: DefiKernel/Nary/InterfaceInstances.lean:969:4: `apply (machineEq_iff f18Roster _ _).mp`
uses `hs`, which was modified by the flexible tactic `simp` on line 965!
warning: DefiKernel/Nary/InterfaceInstances.lean:965:2: `simp at hs` is a flexible tactic modifying `hs`. Try `simp?` and use the suggested `simp only [...]`. Alternatively, use `suffices` to explicitly state the simplified form.

Note: This linter can be disabled with `set_option linter.flexible false`
info: DefiKernel/Nary/InterfaceInstances.lean:970:4: `decide +kernel`
uses `hs`, which was modified by the flexible tactic `simp` on line 965!
warning: DefiKernel/Nary/InterfaceInstances.lean:965:2: `simp at hs` is a flexible tactic modifying `hs`. Try `simp?` and use the suggested `simp only [...]`. Alternatively, use `suffices` to explicitly state the simplified form.

Note: This linter can be disabled with `set_option linter.flexible false`
info: DefiKernel/Nary/InterfaceInstances.lean:969:4: `apply (machineEq_iff f18Roster _ _).mp`
uses `hs`, which was modified by the flexible tactic `simp` on line 965!
warning: DefiKernel/Nary/InterfaceInstances.lean:965:2: `simp at hs` is a flexible tactic modifying `hs`. Try `simp?` and use the suggested `simp only [...]`. Alternatively, use `suffices` to explicitly state the simplified form.

Note: This linter can be disabled with `set_option linter.flexible false`
info: DefiKernel/Nary/InterfaceInstances.lean:970:4: `decide +kernel`
uses `hs`, which was modified by the flexible tactic `simp` on line 965!
warning: DefiKernel/Nary/InterfaceInstances.lean:965:2: `simp at hs` is a flexible tactic modifying `hs`. Try `simp?` and use the suggested `simp only [...]`. Alternatively, use `suffices` to explicitly state the simplified form.

Note: This linter can be disabled with `set_option linter.flexible false`
info: DefiKernel/Nary/InterfaceInstances.lean:969:4: `apply (machineEq_iff f18Roster _ _).mp`
uses `hs`, which was modified by the flexible tactic `simp` on line 965!
warning: DefiKernel/Nary/InterfaceInstances.lean:965:2: `simp at hs` is a flexible tactic modifying `hs`. Try `simp?` and use the suggested `simp only [...]`. Alternatively, use `suffices` to explicitly state the simplified form.

Note: This linter can be disabled with `set_option linter.flexible false`
info: DefiKernel/Nary/InterfaceInstances.lean:970:4: `decide +kernel`
uses `hs`, which was modified by the flexible tactic `simp` on line 965!
warning: DefiKernel/Nary/InterfaceInstances.lean:965:2: `simp at hs` is a flexible tactic modifying `hs`. Try `simp?` and use the suggested `simp only [...]`. Alternatively, use `suffices` to explicitly state the simplified form.

Note: This linter can be disabled with `set_option linter.flexible false`
info: DefiKernel/Nary/InterfaceInstances.lean:969:4: `apply (machineEq_iff f18Roster _ _).mp`
uses `hs`, which was modified by the flexible tactic `simp` on line 965!
warning: DefiKernel/Nary/InterfaceInstances.lean:965:2: `simp at hs` is a flexible tactic modifying `hs`. Try `simp?` and use the suggested `simp only [...]`. Alternatively, use `suffices` to explicitly state the simplified form.

Note: This linter can be disabled with `set_option linter.flexible false`
info: DefiKernel/Nary/InterfaceInstances.lean:970:4: `decide +kernel`
uses `hs`, which was modified by the flexible tactic `simp` on line 965!
warning: DefiKernel/Nary/InterfaceInstances.lean:965:2: `simp at hs` is a flexible tactic modifying `hs`. Try `simp?` and use the suggested `simp only [...]`. Alternatively, use `suffices` to explicitly state the simplified form.

Note: This linter can be disabled with `set_option linter.flexible false`
info: DefiKernel/Nary/InterfaceInstances.lean:969:4: `apply (machineEq_iff f18Roster _ _).mp`
uses `hs`, which was modified by the flexible tactic `simp` on line 965!
warning: DefiKernel/Nary/InterfaceInstances.lean:965:2: `simp at hs` is a flexible tactic modifying `hs`. Try `simp?` and use the suggested `simp only [...]`. Alternatively, use `suffices` to explicitly state the simplified form.

Note: This linter can be disabled with `set_option linter.flexible false`
info: DefiKernel/Nary/InterfaceInstances.lean:970:4: `decide +kernel`
uses `hs`, which was modified by the flexible tactic `simp` on line 965!
warning: DefiKernel/Nary/InterfaceInstances.lean:989:4: `simp at hs` is a flexible tactic modifying `hs`. Try `simp?` and use the suggested `simp only [...]`. Alternatively, use `suffices` to explicitly state the simplified form.

Note: This linter can be disabled with `set_option linter.flexible false`
info: DefiKernel/Nary/InterfaceInstances.lean:990:4: `rcases hs with h | h | h | h | h | h`
uses `hs`, which was modified by the flexible tactic `simp` on line 989!
warning: DefiKernel/Nary/InterfaceInstances.lean:989:4: `simp at hs` is a flexible tactic modifying `hs`. Try `simp?` and use the suggested `simp only [...]`. Alternatively, use `suffices` to explicitly state the simplified form.

Note: This linter can be disabled with `set_option linter.flexible false`
info: DefiKernel/Nary/InterfaceInstances.lean:991:15: `exact f18_schedule_012.1`
uses `hs`, which was modified by the flexible tactic `simp` on line 989!
warning: DefiKernel/Nary/InterfaceInstances.lean:989:4: `simp at hs` is a flexible tactic modifying `hs`. Try `simp?` and use the suggested `simp only [...]`. Alternatively, use `suffices` to explicitly state the simplified form.

Note: This linter can be disabled with `set_option linter.flexible false`
info: DefiKernel/Nary/InterfaceInstances.lean:992:15: `exact f18_schedule_021.1`
uses `hs`, which was modified by the flexible tactic `simp` on line 989!
warning: DefiKernel/Nary/InterfaceInstances.lean:989:4: `simp at hs` is a flexible tactic modifying `hs`. Try `simp?` and use the suggested `simp only [...]`. Alternatively, use `suffices` to explicitly state the simplified form.

Note: This linter can be disabled with `set_option linter.flexible false`
info: DefiKernel/Nary/InterfaceInstances.lean:993:15: `exact f18_schedule_102.1`
uses `hs`, which was modified by the flexible tactic `simp` on line 989!
warning: DefiKernel/Nary/InterfaceInstances.lean:989:4: `simp at hs` is a flexible tactic modifying `hs`. Try `simp?` and use the suggested `simp only [...]`. Alternatively, use `suffices` to explicitly state the simplified form.

Note: This linter can be disabled with `set_option linter.flexible false`
info: DefiKernel/Nary/InterfaceInstances.lean:994:15: `exact f18_schedule_120.1`
uses `hs`, which was modified by the flexible tactic `simp` on line 989!
warning: DefiKernel/Nary/InterfaceInstances.lean:989:4: `simp at hs` is a flexible tactic modifying `hs`. Try `simp?` and use the suggested `simp only [...]`. Alternatively, use `suffices` to explicitly state the simplified form.

Note: This linter can be disabled with `set_option linter.flexible false`
info: DefiKernel/Nary/InterfaceInstances.lean:995:15: `exact f18_schedule_201.1`
uses `hs`, which was modified by the flexible tactic `simp` on line 989!
warning: DefiKernel/Nary/InterfaceInstances.lean:989:4: `simp at hs` is a flexible tactic modifying `hs`. Try `simp?` and use the suggested `simp only [...]`. Alternatively, use `suffices` to explicitly state the simplified form.

Note: This linter can be disabled with `set_option linter.flexible false`
info: DefiKernel/Nary/InterfaceInstances.lean:996:15: `exact f18_schedule_210.1`
uses `hs`, which was modified by the flexible tactic `simp` on line 989!
warning: DefiKernel/Nary/InterfaceInstances.lean:1016:0: Please, add a comment explaining the need for modifying the maxHeartbeat limit, as in
set_option maxHeartbeats 800000 in
-- reason for change
...

Note: This linter can be disabled with `set_option linter.style.maxHeartbeats false`
warning: DefiKernel/Nary/InterfaceInstances.lean:1057:0: Please, add a comment explaining the need for modifying the maxHeartbeat limit, as in
set_option maxHeartbeats 800000 in
-- reason for change
...

Note: This linter can be disabled with `set_option linter.style.maxHeartbeats false`
warning: DefiKernel/Nary/InterfaceInstances.lean:1166:4: `simp [hl, accept_world, f14Bounds]` is a flexible tactic modifying `⊢`. Try `simp?` and use the suggested `simp only [...]`. Alternatively, use `suffices` to explicitly state the simplified form.

Note: This linter can be disabled with `set_option linter.flexible false`
info: DefiKernel/Nary/InterfaceInstances.lean:1167:4: `exact f14_execute`
modifies the current goal, which was modified by the flexible tactic `simp` on line 1166!
warning: DefiKernel/Nary/InterfaceInstances.lean:1207:4: `simp [hl2, accept_world, f14Bounds]` is a flexible tactic modifying `⊢`. Try `simp?` and use the suggested `simp only [...]`. Alternatively, use `suffices` to explicitly state the simplified form.

Note: This linter can be disabled with `set_option linter.flexible false`
info: DefiKernel/Nary/InterfaceInstances.lean:1208:4: `exact f14_execute`
modifies the current goal, which was modified by the flexible tactic `simp` on line 1207!
error: DefiKernel/Nary/InterfaceInstances.lean:1238:2: unsolved goals
case refine_1
hm :
  runPrefix fundedCfg f14Bounds f14Initial f14Branches [0, 1, 2] =
    (((start f14Initial).accept 0 inv17 (sr f14Initial rec17)).accept 1 inv17 (sr f14Initial rec17)).accept 2 inv17
      (sr f14Initial rec17)
hw : (runPrefix fundedCfg f14Bounds f14Initial f14Branches [0, 1, 2]).world = f14Initial
ha :
  ((start f14Initial).accept 0 inv17 f14Result).locals 0 =
    { consumed := ((start f14Initial).locals 0).consumed + 1,
      events :=
        ((start f14Initial).locals 0).events ++
          [{ index := ((start f14Initial).locals 0).nextIndex, step := Step.invoke inv17,
              before := (start f14Initial).world, result := f14Result }],
      outputs := ((start f14Initial).locals 0).outputs ++ f14Result.outputs,
      nextIndex := ((start f14Initial).locals 0).nextIndex + 1 }
h1 :
  (((start f14Initial).accept 0 inv17 f14Result).accept 1 inv17 f14Result).locals 0 =
    ((start f14Initial).accept 0 inv17 f14Result).locals 0
h2 :
  ((((start f14Initial).accept 0 inv17 f14Result).accept 1 inv17 f14Result).accept 2 inv17 f14Result).locals 0 =
    (((start f14Initial).accept 0 inv17 f14Result).accept 1 inv17 f14Result).locals 0
⊢ (((((start f14Initial).accept 0 inv17 (sr f14Initial rec17)).accept 1 inv17 (sr f14Initial rec17)).accept 2 inv17
            (sr f14Initial rec17)).locals
        0).nextIndex =
    1
error: DefiKernel/Nary/InterfaceInstances.lean:1245:2: unsolved goals
case refine_2
hm :
  runPrefix fundedCfg f14Bounds f14Initial f14Branches [0, 1, 2] =
    (((start f14Initial).accept 0 inv17 (sr f14Initial rec17)).accept 1 inv17 (sr f14Initial rec17)).accept 2 inv17
      (sr f14Initial rec17)
hw : (runPrefix fundedCfg f14Bounds f14Initial f14Branches [0, 1, 2]).world = f14Initial
hb0 : ((start f14Initial).accept 0 inv17 f14Result).locals 1 = (start f14Initial).locals 1
hb : ((start f14Initial).accept 0 inv17 f14Result).locals 1 = { }
hbsel :
  (((start f14Initial).accept 0 inv17 f14Result).accept 1 inv17 f14Result).locals 1 =
    { consumed := (((start f14Initial).accept 0 inv17 f14Result).locals 1).consumed + 1,
      events :=
        (((start f14Initial).accept 0 inv17 f14Result).locals 1).events ++
          [{ index := (((start f14Initial).accept 0 inv17 f14Result).locals 1).nextIndex, step := Step.invoke inv17,
              before := ((start f14Initial).accept 0 inv17 f14Result).world, result := f14Result }],
      outputs := (((start f14Initial).accept 0 inv17 f14Result).locals 1).outputs ++ f14Result.outputs,
      nextIndex := (((start f14Initial).accept 0 inv17 f14Result).locals 1).nextIndex + 1 }
h2 :
  ((((start f14Initial).accept 0 inv17 f14Result).accept 1 inv17 f14Result).accept 2 inv17 f14Result).locals 1 =
    (((start f14Initial).accept 0 inv17 f14Result).accept 1 inv17 f14Result).locals 1
⊢ (((((start f14Initial).accept 0 inv17 (sr f14Initial rec17)).accept 1 inv17 (sr f14Initial rec17)).accept 2 inv17
            (sr f14Initial rec17)).locals
        1).nextIndex =
    1
error: DefiKernel/Nary/InterfaceInstances.lean:1254:2: unsolved goals
case refine_3
hm :
  runPrefix fundedCfg f14Bounds f14Initial f14Branches [0, 1, 2] =
    (((start f14Initial).accept 0 inv17 (sr f14Initial rec17)).accept 1 inv17 (sr f14Initial rec17)).accept 2 inv17
      (sr f14Initial rec17)
hw : (runPrefix fundedCfg f14Bounds f14Initial f14Branches [0, 1, 2]).world = f14Initial
hc0 : ((start f14Initial).accept 0 inv17 f14Result).locals 2 = (start f14Initial).locals 2
hc1 : ((start f14Initial).accept 0 inv17 f14Result).locals 2 = { }
hc2 :
  (((start f14Initial).accept 0 inv17 f14Result).accept 1 inv17 f14Result).locals 2 =
    ((start f14Initial).accept 0 inv17 f14Result).locals 2
hc : (((start f14Initial).accept 0 inv17 f14Result).accept 1 inv17 f14Result).locals 2 = { }
hcsel :
  ((((start f14Initial).accept 0 inv17 f14Result).accept 1 inv17 f14Result).accept 2 inv17 f14Result).locals 2 =
    { consumed := ((((start f14Initial).accept 0 inv17 f14Result).accept 1 inv17 f14Result).locals 2).consumed + 1,
      events :=
        ((((start f14Initial).accept 0 inv17 f14Result).accept 1 inv17 f14Result).locals 2).events ++
          [{ index := ((((start f14Initial).accept 0 inv17 f14Result).accept 1 inv17 f14Result).locals 2).nextIndex,
              step := Step.invoke inv17,
              before := (((start f14Initial).accept 0 inv17 f14Result).accept 1 inv17 f14Result).world,
              result := f14Result }],
      outputs :=
        ((((start f14Initial).accept 0 inv17 f14Result).accept 1 inv17 f14Result).locals 2).outputs ++
          f14Result.outputs,
      nextIndex := ((((start f14Initial).accept 0 inv17 f14Result).accept 1 inv17 f14Result).locals 2).nextIndex + 1 }
⊢ (((((start f14Initial).accept 0 inv17 (sr f14Initial rec17)).accept 1 inv17 (sr f14Initial rec17)).accept 2 inv17
            (sr f14Initial rec17)).locals
        2).nextIndex =
    1
error: DefiKernel/Nary/InterfaceInstances.lean:1266:2: unsolved goals
case refine_4
hm :
  runPrefix fundedCfg f14Bounds f14Initial f14Branches [0, 1, 2] =
    (((start f14Initial).accept 0 inv17 (sr f14Initial rec17)).accept 1 inv17 (sr f14Initial rec17)).accept 2 inv17
      (sr f14Initial rec17)
hw : (runPrefix fundedCfg f14Bounds f14Initial f14Branches [0, 1, 2]).world = f14Initial
ha :
  ((start f14Initial).accept 0 inv17 f14Result).locals 0 =
    { consumed := ((start f14Initial).locals 0).consumed + 1,
      events :=
        ((start f14Initial).locals 0).events ++
          [{ index := ((start f14Initial).locals 0).nextIndex, step := Step.invoke inv17,
              before := (start f14Initial).world, result := f14Result }],
      outputs := ((start f14Initial).locals 0).outputs ++ f14Result.outputs,
      nextIndex := ((start f14Initial).locals 0).nextIndex + 1 }
h1 :
  (((start f14Initial).accept 0 inv17 f14Result).accept 1 inv17 f14Result).locals 0 =
    ((start f14Initial).accept 0 inv17 f14Result).locals 0
h2 :
  ((((start f14Initial).accept 0 inv17 f14Result).accept 1 inv17 f14Result).accept 2 inv17 f14Result).locals 0 =
    (((start f14Initial).accept 0 inv17 f14Result).accept 1 inv17 f14Result).locals 0
⊢ ∃ a,
    (((((start f14Initial).accept 0 inv17 (sr f14Initial rec17)).accept 1 inv17 (sr f14Initial rec17)).accept 2 inv17
                  (sr f14Initial rec17)).locals
              0).events.head? =
        some a ∧
      a.index = 0
error: DefiKernel/Nary/InterfaceInstances.lean:1273:2: unsolved goals
case refine_5
hm :
  runPrefix fundedCfg f14Bounds f14Initial f14Branches [0, 1, 2] =
    (((start f14Initial).accept 0 inv17 (sr f14Initial rec17)).accept 1 inv17 (sr f14Initial rec17)).accept 2 inv17
      (sr f14Initial rec17)
hw : (runPrefix fundedCfg f14Bounds f14Initial f14Branches [0, 1, 2]).world = f14Initial
hb0 : ((start f14Initial).accept 0 inv17 f14Result).locals 1 = (start f14Initial).locals 1
hb : ((start f14Initial).accept 0 inv17 f14Result).locals 1 = { }
hbsel :
  (((start f14Initial).accept 0 inv17 f14Result).accept 1 inv17 f14Result).locals 1 =
    { consumed := (((start f14Initial).accept 0 inv17 f14Result).locals 1).consumed + 1,
      events :=
        (((start f14Initial).accept 0 inv17 f14Result).locals 1).events ++
          [{ index := (((start f14Initial).accept 0 inv17 f14Result).locals 1).nextIndex, step := Step.invoke inv17,
              before := ((start f14Initial).accept 0 inv17 f14Result).world, result := f14Result }],
      outputs := (((start f14Initial).accept 0 inv17 f14Result).locals 1).outputs ++ f14Result.outputs,
      nextIndex := (((start f14Initial).accept 0 inv17 f14Result).locals 1).nextIndex + 1 }
h2 :
  ((((start f14Initial).accept 0 inv17 f14Result).accept 1 inv17 f14Result).accept 2 inv17 f14Result).locals 1 =
    (((start f14Initial).accept 0 inv17 f14Result).accept 1 inv17 f14Result).locals 1
⊢ ∃ a,
    (((((start f14Initial).accept 0 inv17 (sr f14Initial rec17)).accept 1 inv17 (sr f14Initial rec17)).accept 2 inv17
                  (sr f14Initial rec17)).locals
              1).events.head? =
        some a ∧
      a.index = 0
error: DefiKernel/Nary/InterfaceInstances.lean:1282:2: unsolved goals
case refine_6
hm :
  runPrefix fundedCfg f14Bounds f14Initial f14Branches [0, 1, 2] =
    (((start f14Initial).accept 0 inv17 (sr f14Initial rec17)).accept 1 inv17 (sr f14Initial rec17)).accept 2 inv17
      (sr f14Initial rec17)
hw : (runPrefix fundedCfg f14Bounds f14Initial f14Branches [0, 1, 2]).world = f14Initial
hc0 : ((start f14Initial).accept 0 inv17 f14Result).locals 2 = (start f14Initial).locals 2
hc1 : ((start f14Initial).accept 0 inv17 f14Result).locals 2 = { }
hc2 :
  (((start f14Initial).accept 0 inv17 f14Result).accept 1 inv17 f14Result).locals 2 =
    ((start f14Initial).accept 0 inv17 f14Result).locals 2
hc : (((start f14Initial).accept 0 inv17 f14Result).accept 1 inv17 f14Result).locals 2 = { }
hcsel :
  ((((start f14Initial).accept 0 inv17 f14Result).accept 1 inv17 f14Result).accept 2 inv17 f14Result).locals 2 =
    { consumed := ((((start f14Initial).accept 0 inv17 f14Result).accept 1 inv17 f14Result).locals 2).consumed + 1,
      events :=
        ((((start f14Initial).accept 0 inv17 f14Result).accept 1 inv17 f14Result).locals 2).events ++
          [{ index := ((((start f14Initial).accept 0 inv17 f14Result).accept 1 inv17 f14Result).locals 2).nextIndex,
              step := Step.invoke inv17,
              before := (((start f14Initial).accept 0 inv17 f14Result).accept 1 inv17 f14Result).world,
              result := f14Result }],
      outputs :=
        ((((start f14Initial).accept 0 inv17 f14Result).accept 1 inv17 f14Result).locals 2).outputs ++
          f14Result.outputs,
      nextIndex := ((((start f14Initial).accept 0 inv17 f14Result).accept 1 inv17 f14Result).locals 2).nextIndex + 1 }
⊢ ∃ a,
    (((((start f14Initial).accept 0 inv17 (sr f14Initial rec17)).accept 1 inv17 (sr f14Initial rec17)).accept 2 inv17
                  (sr f14Initial rec17)).locals
              2).events.head? =
        some a ∧
      a.index = 0
warning: DefiKernel/Nary/InterfaceInstances.lean:1244:14: This simp argument is unused:
  h2

Hint: Omit it from the simp argument list.
  [apply] simp [hm, h1, ha, start_locals]

Note: This linter can be disabled with `set_option linter.unusedSimpArgs false`
warning: DefiKernel/Nary/InterfaceInstances.lean:1244:18: This simp argument is unused:
  h1

Hint: Omit it from the simp argument list.
  [apply] simp [hm, h2, ha, start_locals]

Note: This linter can be disabled with `set_option linter.unusedSimpArgs false`
warning: DefiKernel/Nary/InterfaceInstances.lean:1244:22: This simp argument is unused:
  ha

Hint: Omit it from the simp argument list.
  [apply] simp [hm, h2, h1, start_locals]

Note: This linter can be disabled with `set_option linter.unusedSimpArgs false`
warning: DefiKernel/Nary/InterfaceInstances.lean:1244:26: This simp argument is unused:
  start_locals

Hint: Omit it from the simp argument list.
  [apply] simp [hm, h2, h1, ha]

Note: This linter can be disabled with `set_option linter.unusedSimpArgs false`
warning: DefiKernel/Nary/InterfaceInstances.lean:1253:14: This simp argument is unused:
  h2

Hint: Omit it from the simp argument list.
  [apply] simp [hm, hbsel, hb]

Note: This linter can be disabled with `set_option linter.unusedSimpArgs false`
warning: DefiKernel/Nary/InterfaceInstances.lean:1253:18: This simp argument is unused:
  hbsel

Hint: Omit it from the simp argument list.
  [apply] simp [hm, h2, hb]

Note: This linter can be disabled with `set_option linter.unusedSimpArgs false`
warning: DefiKernel/Nary/InterfaceInstances.lean:1253:25: This simp argument is unused:
  hb

Hint: Omit it from the simp argument list.
  [apply] simp [hm, h2, hbsel]

Note: This linter can be disabled with `set_option linter.unusedSimpArgs false`
warning: DefiKernel/Nary/InterfaceInstances.lean:1265:14: This simp argument is unused:
  hcsel

Hint: Omit it from the simp argument list.
  [apply] simp [hm, hc]

Note: This linter can be disabled with `set_option linter.unusedSimpArgs false`
warning: DefiKernel/Nary/InterfaceInstances.lean:1265:21: This simp argument is unused:
  hc

Hint: Omit it from the simp argument list.
  [apply] simp [hm, hcsel]

Note: This linter can be disabled with `set_option linter.unusedSimpArgs false`
warning: DefiKernel/Nary/InterfaceInstances.lean:1272:14: This simp argument is unused:
  h2

Hint: Omit it from the simp argument list.
  [apply] simp [hm, h1, ha, start_locals, start_world]

Note: This linter can be disabled with `set_option linter.unusedSimpArgs false`
warning: DefiKernel/Nary/InterfaceInstances.lean:1272:18: This simp argument is unused:
  h1

Hint: Omit it from the simp argument list.
  [apply] simp [hm, h2, ha, start_locals, start_world]

Note: This linter can be disabled with `set_option linter.unusedSimpArgs false`
warning: DefiKernel/Nary/InterfaceInstances.lean:1272:22: This simp argument is unused:
  ha

Hint: Omit it from the simp argument list.
  [apply] simp [hm, h2, h1, start_locals, start_world]

Note: This linter can be disabled with `set_option linter.unusedSimpArgs false`
warning: DefiKernel/Nary/InterfaceInstances.lean:1272:26: This simp argument is unused:
  start_locals

Hint: Omit it from the simp argument list.
  [apply] simp [hm, h2, h1, ha, start_world]

Note: This linter can be disabled with `set_option linter.unusedSimpArgs false`
warning: DefiKernel/Nary/InterfaceInstances.lean:1272:40: This simp argument is unused:
  start_world

Hint: Omit it from the simp argument list.
  [apply] simp [hm, h2, h1, ha, start_locals]

Note: This linter can be disabled with `set_option linter.unusedSimpArgs false`
warning: DefiKernel/Nary/InterfaceInstances.lean:1281:14: This simp argument is unused:
  h2

Hint: Omit it from the simp argument list.
  [apply] simp [hm, hbsel, hb]

Note: This linter can be disabled with `set_option linter.unusedSimpArgs false`
warning: DefiKernel/Nary/InterfaceInstances.lean:1281:18: This simp argument is unused:
  hbsel

Hint: Omit it from the simp argument list.
  [apply] simp [hm, h2, hb]

Note: This linter can be disabled with `set_option linter.unusedSimpArgs false`
warning: DefiKernel/Nary/InterfaceInstances.lean:1281:25: This simp argument is unused:
  hb

Hint: Omit it from the simp argument list.
  [apply] simp [hm, h2, hbsel]

Note: This linter can be disabled with `set_option linter.unusedSimpArgs false`
warning: DefiKernel/Nary/InterfaceInstances.lean:1293:14: This simp argument is unused:
  hcsel

Hint: Omit it from the simp argument list.
  [apply] simp [hm, hc]

Note: This linter can be disabled with `set_option linter.unusedSimpArgs false`
warning: DefiKernel/Nary/InterfaceInstances.lean:1293:21: This simp argument is unused:
  hc

Hint: Omit it from the simp argument list.
  [apply] simp [hm, hcsel]

Note: This linter can be disabled with `set_option linter.unusedSimpArgs false`
warning: DefiKernel/Nary/InterfaceInstances.lean:1296:0: Please, add a comment explaining the need for modifying the maxHeartbeat limit, as in
set_option maxHeartbeats 800000 in
-- reason for change
...

Note: This linter can be disabled with `set_option linter.style.maxHeartbeats false`
warning: DefiKernel/Nary/InterfaceInstances.lean:1361:0: Please, add a comment explaining the need for modifying the maxHeartbeat limit, as in
set_option maxHeartbeats 800000 in
-- reason for change
...

Note: This linter can be disabled with `set_option linter.style.maxHeartbeats false`
error: Lean exited with code 1
Some required targets logged failures:
- DefiKernel.Nary.InterfaceInstances
