DefiKernel/Nary/InterfaceInstances.lean:65:8: warning: This simp argument is unused:
  Region.WellFormed

Hint: Omit it from the simp argument list.
  [apply] simp [f18Region, alice, bob, carol] at hc ⊢

Note: This linter can be disabled with `set_option linter.unusedSimpArgs false`
DefiKernel/Nary/InterfaceInstances.lean:66:49: warning: This simp argument is unused:
  alice

Hint: Omit it from the simp argument list.
  [apply] simp [bob, carol]

Note: This linter can be disabled with `set_option linter.unusedSimpArgs false`
DefiKernel/Nary/InterfaceInstances.lean:66:56: warning: This simp argument is unused:
  bob

Hint: Omit it from the simp argument list.
  [apply] simp [alice, carol]

Note: This linter can be disabled with `set_option linter.unusedSimpArgs false`
DefiKernel/Nary/InterfaceInstances.lean:66:61: warning: This simp argument is unused:
  carol

Hint: Omit it from the simp argument list.
  [apply] simp [alice, bob]

Note: This linter can be disabled with `set_option linter.unusedSimpArgs false`
