[
  {
    "folder": "rysk-v12-curator",
    "unit_id": "unit:lane3:c1:p1",
    "dispute_ids": [
      "dispute-25"
    ],
    "label": "curator",
    "proposed_disposition": "supported",
    "accepted": 0,
    "response_bodies": 2,
    "substantive_bodies": 2,
    "redirect_bodies": 0,
    "bytes": 437349,
    "locators": 4
  },
  {
    "folder": "tether-chain-swap",
    "unit_id": "unit:lane3:c2:p0",
    "dispute_ids": [
      "dispute-26"
    ],
    "label": "async_cross_domain",
    "proposed_disposition": "supported",
    "accepted": 0,
    "response_bodies": 3,
    "substantive_bodies": 1,
    "redirect_bodies": 2,
    "bytes": 43092,
    "locators": 3
  },
  {
    "folder": "kalshi-exchange",
    "unit_id": "unit:lane3:c3:p0",
    "dispute_ids": [
      "dispute-27"
    ],
    "label": "exchange",
    "proposed_disposition": "supported",
    "accepted": 0,
    "response_bodies": 2,
    "substantive_bodies": 2,
    "redirect_bodies": 0,
    "bytes": 924964,
    "locators": 5
  },
  {
    "folder": "polymarket-exchange",
    "unit_id": "unit:lane3:c3:p1",
    "dispute_ids": [
      "dispute-28"
    ],
    "label": "exchange",
    "proposed_disposition": "supported",
    "accepted": 0,
    "response_bodies": 2,
    "substantive_bodies": 2,
    "redirect_bodies": 0,
    "bytes": 1109911,
    "locators": 5
  },
  {
    "folder": "grove-fund-share",
    "unit_id": "unit:lane3:c3:p4",
    "dispute_ids": [
      "dispute-29"
    ],
    "label": "fund_share",
    "proposed_disposition": "not_evidenced",
    "accepted": 0,
    "response_bodies": 2,
    "substantive_bodies": 2,
    "redirect_bodies": 0,
    "bytes": 259168,
    "locators": 5
  }
]
