⚠ [729/730] Replayed Defialgebra.ConvexGeometry
warning: Defialgebra/ConvexGeometry.lean:2:18: * '. Released under Apache 2.0 license.':
'Copyright (c) YYYY' should be followed by a space


Note: This linter can be disabled with `set_option linter.style.header false`
warning: Defialgebra/ConvexGeometry.lean:2:32: * 'er Apache 2.0 license.':
Copyright line should end with '. All rights reserved.'


Note: This linter can be disabled with `set_option linter.style.header false`
warning: Defialgebra/ConvexGeometry.lean:4:0: * '-/':
Copyright too short!


Note: This linter can be disabled with `set_option linter.style.header false`
info: Defialgebra/ConvexGeometry.lean:357:0: 'Defialgebra.ConvexGeometry.mem_ex' depends on axioms: [propext, Classical.choice, Quot.sound]
info: Defialgebra/ConvexGeometry.lean:358:0: 'Defialgebra.ConvexGeometry.ex_subset' depends on axioms: [propext, Classical.choice, Quot.sound]
info: Defialgebra/ConvexGeometry.lean:359:0: 'Defialgebra.ConvexGeometry.cl_mono' depends on axioms: [propext, Classical.choice, Quot.sound]
info: Defialgebra/ConvexGeometry.lean:360:0: 'Defialgebra.ConvexGeometry.subset_cl' depends on axioms: [propext, Classical.choice, Quot.sound]
info: Defialgebra/ConvexGeometry.lean:361:0: 'Defialgebra.ConvexGeometry.ex_subset_of_generates' depends on axioms: [propext, Classical.choice, Quot.sound]
info: Defialgebra/ConvexGeometry.lean:362:0: 'Defialgebra.ConvexGeometry.maximal_closed_gap' depends on axioms: [propext, Classical.choice, Quot.sound]
info: Defialgebra/ConvexGeometry.lean:363:0: 'Defialgebra.ConvexGeometry.maximal_closed_gap'' depends on axioms: [propext, Classical.choice, Quot.sound]
info: Defialgebra/ConvexGeometry.lean:364:0: 'Defialgebra.ConvexGeometry.closure_ex' depends on axioms: [propext, Classical.choice, Quot.sound]
info: Defialgebra/ConvexGeometry.lean:365:0: 'Defialgebra.ConvexGeometry.unique_minimum_generator' depends on axioms: [propext, Classical.choice, Quot.sound]
info: Defialgebra/ConvexGeometry.lean:366:0: 'Defialgebra.ConvexGeometry.ex_isMinimumGenerator' depends on axioms: [propext, Classical.choice, Quot.sound]
info: Defialgebra/ConvexGeometry.lean:367:0: 'Defialgebra.ConvexGeometry.mem_reachSet' depends on axioms: [propext, Classical.choice, Quot.sound]
info: Defialgebra/ConvexGeometry.lean:368:0: 'Defialgebra.ConvexGeometry.reachSet_mono' depends on axioms: [propext, Classical.choice, Quot.sound]
info: Defialgebra/ConvexGeometry.lean:369:0: 'Defialgebra.ConvexGeometry.subset_reachSet' depends on axioms: [propext, Classical.choice, Quot.sound]
info: Defialgebra/ConvexGeometry.lean:370:0: 'Defialgebra.ConvexGeometry.reachSet_idem' depends on axioms: [propext, Classical.choice, Quot.sound]
info: Defialgebra/ConvexGeometry.lean:371:0: 'Defialgebra.ConvexGeometry.reachCl' depends on axioms: [propext, Classical.choice, Quot.sound]
info: Defialgebra/ConvexGeometry.lean:372:0: 'Defialgebra.ConvexGeometry.reachCl_apply' depends on axioms: [propext, Classical.choice, Quot.sound]
info: Defialgebra/ConvexGeometry.lean:373:0: 'Defialgebra.ConvexGeometry.reachSet_empty' depends on axioms: [propext, Classical.choice, Quot.sound]
info: Defialgebra/ConvexGeometry.lean:374:0: 'Defialgebra.ConvexGeometry.reachSet_insert' depends on axioms: [propext, Classical.choice, Quot.sound]
info: Defialgebra/ConvexGeometry.lean:375:0: 'Defialgebra.ConvexGeometry.mem_reachSet_insert_of_closed' depends on axioms: [propext, Classical.choice, Quot.sound]
info: Defialgebra/ConvexGeometry.lean:376:0: 'Defialgebra.ConvexGeometry.reachCl_antiExchange_of_antisymm' depends on axioms: [propext, Classical.choice, Quot.sound]
info: Defialgebra/ConvexGeometry.lean:377:0: 'Defialgebra.ConvexGeometry.antisymm_of_reachCl_antiExchange' depends on axioms: [propext, Classical.choice, Quot.sound]
info: Defialgebra/ConvexGeometry.lean:378:0: 'Defialgebra.ConvexGeometry.reachCl_antiExchange_iff' depends on axioms: [propext, Classical.choice, Quot.sound]
info: Defialgebra/ConvexGeometry.lean:379:0: 'Defialgebra.ConvexGeometry.ex_reachCl' depends on axioms: [propext, Classical.choice, Quot.sound]
info: Defialgebra/ConvexGeometry.lean:380:0: 'Defialgebra.ConvexGeometry.ex_reachCl_union' depends on axioms: [propext, Classical.choice, Quot.sound]
warning: Defialgebra/ConvexGeometry.lean:476:6: `push_neg` has been deprecated. Prefer using `push Not` instead.
If you'd rather continue using `push_neg` in your project, you can implement it as follows:
```
open Lean.Parser.Tactic in
macro "push_neg" cfg:optConfig loc:(location)? : tactic =>
  `(tactic| push $cfg:optConfig Not $[$loc]?)
```
info: Defialgebra/ConvexGeometry.lean:564:0: 'Defialgebra.ConvexGeometry.reachSet_union' depends on axioms: [propext, Classical.choice, Quot.sound]
info: Defialgebra/ConvexGeometry.lean:565:0: 'Defialgebra.ConvexGeometry.reachCl_union' depends on axioms: [propext, Classical.choice, Quot.sound]
info: Defialgebra/ConvexGeometry.lean:566:0: 'Defialgebra.ConvexGeometry.reachCl_union_of_closed' depends on axioms: [propext, Classical.choice, Quot.sound]
info: Defialgebra/ConvexGeometry.lean:567:0: 'Defialgebra.ConvexGeometry.reachSet_eq_self_iff' depends on axioms: [propext, Classical.choice, Quot.sound]
info: Defialgebra/ConvexGeometry.lean:568:0: 'Defialgebra.ConvexGeometry.thm_convex' depends on axioms: [propext, Classical.choice, Quot.sound]
info: Defialgebra/ConvexGeometry.lean:569:0: 'Defialgebra.ConvexGeometry.exists_ex_reach_aux' depends on axioms: [propext, Classical.choice, Quot.sound]
info: Defialgebra/ConvexGeometry.lean:570:0: 'Defialgebra.ConvexGeometry.exists_ex_reach' depends on axioms: [propext, Classical.choice, Quot.sound]
info: Defialgebra/ConvexGeometry.lean:571:0: 'Defialgebra.ConvexGeometry.ex_reachCl_union_ex' depends on axioms: [propext, Classical.choice, Quot.sound]
info: Defialgebra/ConvexGeometry.lean:572:0: 'Defialgebra.ConvexGeometry.ex_oplus' depends on axioms: [propext, Classical.choice, Quot.sound]
⚠ [730/730] Built DefiHistorical.Convex.Saturation (1.2s)
warning: DefiHistorical/Convex/Saturation.lean:68:21: try 'simp' instead of 'simpa'

Note: This linter can be disabled with `set_option linter.unnecessarySimpa false`
warning: DefiHistorical/Convex/Saturation.lean:70:23: try 'simp' instead of 'simpa'

Note: This linter can be disabled with `set_option linter.unnecessarySimpa false`
warning: DefiHistorical/Convex/Saturation.lean:138:0: automatically included section variable(s) unused in theorem `DefiHistorical.Convex.reachSet_decider_independent`:
  [DecidableRel r]
consider restructuring your `variable` declarations so that the variables are not in scope or explicitly omit them:
  omit [DecidableRel r] in theorem ...

Note: This linter can be disabled with `set_option linter.unusedSectionVars false`
warning: DefiHistorical/Convex/Saturation.lean:137:0: `reachSet_decider_independent` does not use the following hypotheses in its type:
  • [DecidableEq E] (#3)
  • [DecidableRel r] (#5)

Consider removing these hypotheses and using `classical` in the proof instead. For terms, consider using `open scoped Classical in` at the term level (not the command level).

Note: This linter can be disabled with `set_option linter.unusedDecidableInType false`
warning: DefiHistorical/Convex/Saturation.lean:150:0: `remove_loops_reachable` does not use the following hypothesis in its type:
  • [DecidableEq E] (#2)

Consider removing this hypothesis and using `classical` in the proof instead. For terms, consider using `open scoped Classical in` at the term level (not the command level).

Note: This linter can be disabled with `set_option linter.unusedDecidableInType false`
Build completed successfully (730 jobs).
