nary.catalog.funded: true
nary.catalog.f10: true
nary.catalog.f05: true
nary.catalog.invalid: true
nary.labels.false-sixteen: true
nary.labels.protected: true
nary.f01.ids: true
nary.f01.class: true
nary.f01.configuration: true
nary.admission.suffix_precedence: true
nary.schedule.final_participant: true
nary.f01.four-nats: true
nary.f02.class: true
nary.f02.complete: true
nary.world.exact: true
nary.store.exact: true
nary.routing.locals: true
nary.success.index: true
nary.receipt.evaluated: true
nary.no_failure.exact: true
nary.f02.donors: true
nary.f02.attempts: true
nary.f03.class: true
nary.f03.lr: true
nary.f03.rl: true
nary.f03.lr.vault3: true
nary.f03.rl.vault4: true
nary.f03.both-count: true
nary.f03.independent-counts: true
nary.f03.both-count-projection: true
nary.f03.both-count-direct: true
nary.f03.malformed-suffix: true
nary.f03.malformed-suffix-direct: true
nary.f03.failed-prefix: true
nary.f03.failed-prefix-direct: true
nary.f03.exhausted-prefix: true
nary.f03.exhausted-prefix-direct: true
nary.f03.lr-direct: true
nary.f03.rl-direct: true
nary.f04.class: true
nary.empty.exact: true
nary.f04.invalid-empty: true
nary.f04.singleton: true
nary.f04.missing: true
nary.f04.singleton.vault9: true
nary.f05.class: true
nary.f05.catalog-one-producer: true
nary.history.own_input: true
nary.f05.final: true
nary.f05.outputs-6-2: true
nary.f05.shared-principal: true
nary.f06.class: true
nary.boundary.index1: true
nary.f06.peer-success: true
nary.f07.class: true
nary.refusal.peer_continues: true
nary.refusal.attempt: true
nary.f07.skip-no-attempt: true
nary.f07.three-chunk.concat: true
nary.f07.three-chunk.left: true
nary.f07.three-chunk.right: true
nary.f07.three-chunk.assoc: true
nary.f07.three-chunk.first: true
nary.f07.three-chunk.middle: true
nary.f07.three-chunk.middle-attempt: true
nary.f07.three-chunk.peer: true
nary.f07.three-chunk.monitor.concat: true
nary.f07.three-chunk.monitor.middle: true
nary.f07.three-chunk.monitor.chunked: true
nary.f07.three-chunk.monitor.erase: true
nary.f08.class: true
nary.skip.consumed: true
nary.monitor.skip_no_replay: true
nary.f08.vault-unchanged: true
nary.f09.class.entry: true
nary.f09.class.synthetic: true
nary.f09.continuation: true
nary.f09.chunked: true
nary.f09.raw-worlds-retained: true
nary.f09.history-consumed: true
nary.f09.monitor.entry: true
nary.f09.monitor.chunked: true
nary.f09.candidate.equal: true
nary.f09.independent.equal: true
nary.f09.candidate.world: true
nary.f09.independent.world: true
nary.f09.candidate.store: true
nary.f09.independent.store: true
nary.f09.candidate.consumed: true
nary.f09.independent.consumed: true
nary.f09.candidate.next_index: true
nary.f09.independent.next_index: true
nary.f09.candidate.local_outputs: true
nary.f09.independent.local_outputs: true
nary.f09.candidate.local_failure: true
nary.f09.independent.local_failure: true
nary.f09.candidate.event_index: true
nary.f09.independent.event_index: true
nary.f09.candidate.event_step: true
nary.f09.independent.event_step: true
nary.f09.candidate.event_before: true
nary.f09.independent.event_before: true
nary.f09.candidate.result_world: true
nary.f09.independent.result_world: true
nary.f09.candidate.result_outputs: true
nary.f09.independent.result_outputs: true
nary.f09.candidate.ev_guard: true
nary.f09.independent.ev_guard: true
nary.f09.candidate.ev_deltas: true
nary.f09.independent.ev_deltas: true
nary.f09.candidate.ev_supplies: true
nary.f09.independent.ev_supplies: true
nary.f09.candidate.ev_req_reads: true
nary.f09.independent.ev_req_reads: true
nary.f09.candidate.ev_req_env: true
nary.f09.independent.ev_req_env: true
nary.f09.candidate.ev_decl_reads: true
nary.f09.independent.ev_decl_reads: true
nary.f09.candidate.ev_decl_env: true
nary.f09.independent.ev_decl_env: true
nary.f09.candidate.ev_writes: true
nary.f09.independent.ev_writes: true
nary.f09.candidate.req_op: true
nary.f09.independent.req_op: true
nary.f09.candidate.req_parties: true
nary.f09.independent.req_parties: true
nary.f09.candidate.req_args: true
nary.f09.independent.req_args: true
nary.f09.candidate.req_caps: true
nary.f09.independent.req_caps: true
nary.f09.candidate.req_actor: true
nary.f09.independent.req_actor: true
nary.f09.candidate.receipt_ctor: true
nary.f09.independent.receipt_ctor: true
nary.f09.candidate.loc_out_step: true
nary.f09.independent.loc_out_step: true
nary.f09.candidate.loc_out_port: true
nary.f09.independent.loc_out_port: true
nary.f09.candidate.loc_out_value: true
nary.f09.independent.loc_out_value: true
nary.f09.candidate.ev_out_step: true
nary.f09.independent.ev_out_step: true
nary.f09.candidate.ev_out_port: true
nary.f09.independent.ev_out_port: true
nary.f09.candidate.ev_out_value: true
nary.f09.independent.ev_out_value: true
nary.f09.candidate.fail_index: true
nary.f09.independent.fail_index: true
nary.f09.candidate.fail_step: true
nary.f09.independent.fail_step: true
nary.f09.candidate.fail_reason: true
nary.f09.independent.fail_reason: true
nary.f09.candidate.at_participant: true
nary.f09.independent.at_participant: true
nary.f09.candidate.at_index: true
nary.f09.independent.at_index: true
nary.f09.candidate.at_inv: true
nary.f09.independent.at_inv: true
nary.f09.candidate.at_before: true
nary.f09.independent.at_before: true
nary.f09.candidate.at_outcome_ctor: true
nary.f09.independent.at_outcome_ctor: true
nary.f09.candidate.at_ok_world: true
nary.f09.independent.at_ok_world: true
nary.f09.candidate.at_ok_outputs: true
nary.f09.independent.at_ok_outputs: true
nary.f09.candidate.at_ok_guard: true
nary.f09.independent.at_ok_guard: true
nary.f10.class: true
nary.f10.twelve: true
nary.f10.catalog: true
nary.monitor.actual_producer: true
nary.monitor.success_input: true
nary.monitor.retained_phase: true
nary.f10.extra-skip-consumed: true
nary.f10.overschedule.refused: true
nary.f10.sched.s0012.final: true
nary.f10.sched.s0021.final: true
nary.f10.sched.s0102.final: true
nary.f10.sched.s0120.final: true
nary.f10.sched.s0201.final: true
nary.f10.sched.s0210.final: true
nary.f10.sched.s1002.final: true
nary.f10.sched.s1020.final: true
nary.f10.sched.s1200.final: true
nary.f10.sched.s2001.final: true
nary.f10.sched.s2010.final: true
nary.f10.sched.s2100.final: true
nary.f10.sched.s0012.reserve: true
nary.f10.sched.s0021.reserve: true
nary.f10.sched.s0102.reserve: true
nary.f10.sched.s0120.reserve: true
nary.f10.sched.s0201.reserve: true
nary.f10.sched.s0210.reserve: true
nary.f10.sched.s1002.reserve: true
nary.f10.sched.s1020.reserve: true
nary.f10.sched.s1200.reserve: true
nary.f10.sched.s2001.reserve: true
nary.f10.sched.s2010.reserve: true
nary.f10.sched.s2100.reserve: true
nary.f10.sched.s0012.prefix0: true
nary.f10.sched.s0012.prefix1: true
nary.f10.sched.s0012.prefix2: true
nary.f10.sched.s0012.prefix3: true
nary.f10.sched.s0012.prefix4: true
nary.f10.sched.s0021.prefix0: true
nary.f10.sched.s0021.prefix1: true
nary.f10.sched.s0021.prefix2: true
nary.f10.sched.s0021.prefix3: true
nary.f10.sched.s0021.prefix4: true
nary.f10.sched.s0102.prefix0: true
nary.f10.sched.s0102.prefix1: true
nary.f10.sched.s0102.prefix2: true
nary.f10.sched.s0102.prefix3: true
nary.f10.sched.s0102.prefix4: true
nary.f10.sched.s0120.prefix0: true
nary.f10.sched.s0120.prefix1: true
nary.f10.sched.s0120.prefix2: true
nary.f10.sched.s0120.prefix3: true
nary.f10.sched.s0120.prefix4: true
nary.f10.sched.s0201.prefix0: true
nary.f10.sched.s0201.prefix1: true
nary.f10.sched.s0201.prefix2: true
nary.f10.sched.s0201.prefix3: true
nary.f10.sched.s0201.prefix4: true
nary.f10.sched.s0210.prefix0: true
nary.f10.sched.s0210.prefix1: true
nary.f10.sched.s0210.prefix2: true
nary.f10.sched.s0210.prefix3: true
nary.f10.sched.s0210.prefix4: true
nary.f10.sched.s1002.prefix0: true
nary.f10.sched.s1002.prefix1: true
nary.f10.sched.s1002.prefix2: true
nary.f10.sched.s1002.prefix3: true
nary.f10.sched.s1002.prefix4: true
nary.f10.sched.s1020.prefix0: true
nary.f10.sched.s1020.prefix1: true
nary.f10.sched.s1020.prefix2: true
nary.f10.sched.s1020.prefix3: true
nary.f10.sched.s1020.prefix4: true
nary.f10.sched.s1200.prefix0: true
nary.f10.sched.s1200.prefix1: true
nary.f10.sched.s1200.prefix2: true
nary.f10.sched.s1200.prefix3: true
nary.f10.sched.s1200.prefix4: true
nary.f10.sched.s2001.prefix0: true
nary.f10.sched.s2001.prefix1: true
nary.f10.sched.s2001.prefix2: true
nary.f10.sched.s2001.prefix3: true
nary.f10.sched.s2001.prefix4: true
nary.f10.sched.s2010.prefix0: true
nary.f10.sched.s2010.prefix1: true
nary.f10.sched.s2010.prefix2: true
nary.f10.sched.s2010.prefix3: true
nary.f10.sched.s2010.prefix4: true
nary.f10.sched.s2100.prefix0: true
nary.f10.sched.s2100.prefix1: true
nary.f10.sched.s2100.prefix2: true
nary.f10.sched.s2100.prefix3: true
nary.f10.sched.s2100.prefix4: true
nary.f10.sched.s0012.monitor: true
nary.f10.sched.s0021.monitor: true
nary.f10.sched.s0102.monitor: true
nary.f10.sched.s0120.monitor: true
nary.f10.sched.s0201.monitor: true
nary.f10.sched.s0210.monitor: true
nary.f10.sched.s1002.monitor: true
nary.f10.sched.s1020.monitor: true
nary.f10.sched.s1200.monitor: true
nary.f10.sched.s2001.monitor: true
nary.f10.sched.s2010.monitor: true
nary.f10.sched.s2100.monitor: true
nary.f11.class: true
nary.f11.success: true
nary.f11.vault3: true
nary.f12.class: true
nary.f12.complete: true
nary.f12.vault1: true
nary.f13.class: true
nary.f13.peer7: true
nary.f13.vault3: true
nary.f14.class: true
nary.f14.identity: true
nary.f14.uninitialized: true
nary.f15.class: true
nary.f15.circular: true
nary.f16.class: true
nary.f16.refused-producer: true
nary.f16.awaiting: true
nary.f16.peer-deposit: true
nary.f17.class: true
nary.f17.lookalike: true
nary.f17.awaiting: true
nary.f17.peer-output: true
nary.f18.class: true
nary.f18.six: true
nary.f18.op102: true
nary.f18.receipt102: true
nary.f18.sched.s012: true
nary.f18.sched.s021: true
nary.f18.sched.s102: true
nary.f18.sched.s120: true
nary.f18.sched.s201: true
nary.f18.sched.s210: true
nary.f19.class: true
nary.f19.complete: true
nary.f19.receipt103: true
nary.f19.balances: true
nary.f19.empty-edges: true
nary.f19.global-edge: true
