start_utc=2026-09-10T09:45:15Z
cwd=/home/charl/defiformal/review/semantic-kernel/program-execution-20260908/p19-resource-depth-grok-r1/private-lean
argv=lake env lean ProbeR9.lean
lean=Lean (version 4.33.0-rc2, x86_64-unknown-linux-gnu, commit d8b18978322de05a8f3dba51ef03cf5461676c17, Release)
jsonObj-quoted-key
{"a\"b":1}
quoted-key-jsonparse
true
quoted-key-decode
ok-eq
plain-key-decode
ok-eq
bs-key-jsonparse
true
bs-key-decode
ok-eq
nul-key-decode
ok-eq
lf-key-decode
ok-eq
tab-key-decode
ok-eq
lambda-key-decode
ok-eq
rocket-key-decode
ok-eq
nul-value-decode
ok-eq
lf-value-decode
ok-eq
quote-value-decode
ok-eq
bs-value-decode
ok-eq
lambda-value-decode
ok-eq
rocket-value-decode
ok-eq
unsorted-keys-decode
ok-neq
unsorted-encoded-has-a-before-b
ProbeR9.lean:201:18: error: Function expected at
  toString
    (((utf8! (encodeModule (withKeys [("b", "2"), ("a", "1")]))).splitOn "source_map").getD 1 "missing").startsWith
but this term has type
  String

Note: Expected a function because this term is being applied to the argument
  ":{\"a\":\"1\",\"b\":\"2\"}"
ProbeR9.lean:201:168: error: unexpected token ')'; expected command
dup-keys-decode
{"ctor":"duplicateKey","name":"a"}
space-after-colon-decode
{"ctor":"noncanonicalWhitespace"}
witness-bytes
3427
witness-nest
6
guard56-depth
56
guard56-bounded
ProbeR9.lean:213:28: error(lean.synthInstanceFailed): failed to synthesize instance of type class
  Decidable (ExprDepthBounded (wrapNow 55))

Hint: Type class instance resolution failures can be inspected with the `set_option trace.Meta.synthInstance true` command.
guard56-bytes
5733
guard56-nest
62
guard56-decode
ok-eq
guard58-depth
58
guard58-bounded
ProbeR9.lean:223:28: error(lean.synthInstanceFailed): failed to synthesize instance of type class
  Decidable (ExprDepthBounded (wrapNow 57))

Hint: Type class instance resolution failures can be inspected with the `set_option trace.Meta.synthInstance true` command.
guard58-nest
64
guard58-decode
ok
guard59-depth
59
guard59-nest
65
guard59-decode
{"ctor":"resourceLimit","limit":"maxDepth"}
delta64-guard-depth
1
delta64-amount-depth
64
delta64-template-depth-bounded
ProbeR9.lean:239:28: error(lean.synthInstanceFailed): failed to synthesize instance of type class
  Decidable (TemplateDepthBounded (emptyTpl ExprEnc.now [usdDelta (wrapNow 63)]))

Hint: Type class instance resolution failures can be inspected with the `set_option trace.Meta.synthInstance true` command.
delta64-bytes
6135
delta64-nest
72
delta64-scan
{"ctor":"resourceLimit","limit":"maxDepth"}
delta64-parse
{"ctor":"resourceLimit","limit":"maxDepth"}
delta64-decode
{"ctor":"resourceLimit","limit":"maxDepth"}
priv4097-len
4097
priv4097-catalog-len
1
priv4097-bytes
200173
priv4097-scan
ok
priv4097-parse
{"ctor":"resourceLimit","limit":"max_array_length"}
priv4097-decode
{"ctor":"notJsonObject"}
ops4097-inputs-len
4097
ops4097-bytes
130564
ops4097-scan
ok
ops4097-parse
{"ctor":"resourceLimit","limit":"max_array_length"}
ops4097-decode
{"ctor":"notJsonObject"}
claimed4097-len
4097
claimed4097-bytes
369468
claimed4097-scan
ok
claimed4097-parse
{"ctor":"resourceLimit","limit":"max_array_length"}
claimed4097-decode
{"ctor":"notJsonObject"}
done
exit=1
end_utc=2026-09-10T09:45:23Z
