⚠ [921/959] Replayed DefiKernel.Typed.Transition
warning: DefiKernel/Typed/Transition.lean:239:20: `simp_all [throw, throwThe]` is a flexible tactic modifying `⊢`. Try `simp_all?` and use the suggested `simp_all only [...]`. Alternatively, use `suffices` to explicitly state the simplified form.

Note: This linter can be disabled with `set_option linter.flexible false`
info: DefiKernel/Typed/Transition.lean:239:20: Try this:
  [apply] simp_all only [or_false, Prod.forall, true_and]
info: DefiKernel/Typed/Transition.lean:244:6: `rename_i args`
modifies the current goal, which was modified by the flexible tactic `simp_all` on line 239!
warning: DefiKernel/Typed/Transition.lean:239:20: `simp_all [throw, throwThe]` is a flexible tactic modifying `⊢`. Try `simp_all?` and use the suggested `simp_all only [...]`. Alternatively, use `suffices` to explicitly state the simplified form.

Note: This linter can be disabled with `set_option linter.flexible false`
info: DefiKernel/Typed/Transition.lean:239:20: Try this:
  [apply] simp_all only [Option.some.injEq, false_or, Prod.forall]
info: DefiKernel/Typed/Transition.lean:244:6: `rename_i args`
modifies the current goal, which was modified by the flexible tactic `simp_all` on line 239!
⚠ [926/959] Replayed DefiKernel.Nary.Schedule
warning: DefiKernel/Nary/Schedule.lean:162:24: This simp argument is unused:
  Nat.add_assoc

Hint: Omit it from the simp argument list.
  [apply] simp [hbeq, hmem, Nat.add_left_comm, Nat.add_comm]

Note: This linter can be disabled with `set_option linter.unusedSimpArgs false`
warning: DefiKernel/Nary/Schedule.lean:263:2: `simp [admit, hv, ha, bind, Except.bind, pure, Except.pure]` is a flexible tactic modifying `⊢`. Try `simp?` and use the suggested `simp only [...]`. Alternatively, use `suffices` to explicitly state the simplified form.

Note: This linter can be disabled with `set_option linter.flexible false`
info: DefiKernel/Nary/Schedule.lean:264:2: `rw [hs']`
modifies the current goal, which was modified by the flexible tactic `simp` on line 263!
⚠ [943/959] Replayed DefiKernel.Nary.Observation
warning: DefiKernel/Nary/Observation.lean:338:4: `simp [localEq, Bool.and_eq_true, eventsEq_iff] at h` is a flexible tactic modifying `h`. Try `simp?` and use the suggested `simp only [...]`. Alternatively, use `suffices` to explicitly state the simplified form.

Note: This linter can be disabled with `set_option linter.flexible false`
info: DefiKernel/Nary/Observation.lean:338:4: Try this:
  [apply] simp only [Interleaving.LocalState.mk.injEq] at h
info: DefiKernel/Nary/Observation.lean:339:4: `obtain ⟨⟨⟨⟨hc, hi⟩, hf⟩, ho⟩, he⟩ := h`
uses `h`, which was modified by the flexible tactic `simp` on line 338!
warning: DefiKernel/Nary/Observation.lean:342:4: `simp [Interleaving.LocalState.mk.injEq] at h` is a flexible tactic modifying `h`. Try `simp?` and use the suggested `simp only [...]`. Alternatively, use `suffices` to explicitly state the simplified form.

Note: This linter can be disabled with `set_option linter.flexible false`
info: DefiKernel/Nary/Observation.lean:343:4: `obtain ⟨hc, he, ho, hi, hf⟩ := h`
uses `h`, which was modified by the flexible tactic `simp` on line 342!
⚠ [958/959] Built DefiKernel.Nary.FundedEnabledness (3.6s)
warning: DefiKernel/Nary/FundedEnabledness.lean:95:2: `simp [Evaluated.Valid, Evaluated.stateReadsOK, Evaluated.envReadsOK, Evaluated.domainOK,
    Evaluated.debitsOK, Evaluated.suppliesOK, Evaluated.accountingOK, Evaluated.writesOK,
    producerEval, evaluated, Evaluated.effect, Evaluated.supply]` is a flexible tactic modifying `⊢`. Try `simp?` and use the suggested `simp only [...]`. Alternatively, use `suffices` to explicitly state the simplified form.

Note: This linter can be disabled with `set_option linter.flexible false`
info: DefiKernel/Nary/FundedEnabledness.lean:98:2: `intro d p a`
modifies the current goal, which was modified by the flexible tactic `simp` on line 95!
warning: DefiKernel/Nary/FundedEnabledness.lean:95:2: `simp [Evaluated.Valid, Evaluated.stateReadsOK, Evaluated.envReadsOK, Evaluated.domainOK,
    Evaluated.debitsOK, Evaluated.suppliesOK, Evaluated.accountingOK, Evaluated.writesOK,
    producerEval, evaluated, Evaluated.effect, Evaluated.supply]` is a flexible tactic modifying `⊢`. Try `simp?` and use the suggested `simp only [...]`. Alternatively, use `suffices` to explicitly state the simplified form.

Note: This linter can be disabled with `set_option linter.flexible false`
info: DefiKernel/Nary/FundedEnabledness.lean:99:2: `exact state.nonneg (d, p, a)`
modifies the current goal, which was modified by the flexible tactic `simp` on line 95!
warning: DefiKernel/Nary/FundedEnabledness.lean:132:4: `simp [producer_effect]` is a flexible tactic modifying `⊢`. Try `simp?` and use the suggested `simp only [...]`. Alternatively, use `suffices` to explicitly state the simplified form.

Note: This linter can be disabled with `set_option linter.flexible false`
info: DefiKernel/Nary/FundedEnabledness.lean:133:4: `exact state.nonneg c`
modifies the current goal, which was modified by the flexible tactic `simp` on line 132!
warning: DefiKernel/Nary/FundedEnabledness.lean:255:13: This simp argument is unused:
  bind

Hint: Omit it from the simp argument list.
  [apply] simp only [Except.bind, Except.mapError]

Note: This linter can be disabled with `set_option linter.unusedSimpArgs false`
warning: DefiKernel/Nary/FundedEnabledness.lean:255:19: This simp argument is unused:
  Except.bind

Hint: Omit it from the simp argument list.
  [apply] simp only [bind, Except.mapError]

Note: This linter can be disabled with `set_option linter.unusedSimpArgs false`
warning: DefiKernel/Nary/FundedEnabledness.lean:255:32: This simp argument is unused:
  Except.mapError

Hint: Omit it from the simp argument list.
  [apply] simp only [bind, Except.bind]

Note: This linter can be disabled with `set_option linter.unusedSimpArgs false`
warning: DefiKernel/Nary/FundedEnabledness.lean:257:13: This simp argument is unused:
  Except.mapError

Hint: Omit it from the simp argument list.
  [apply] simp only [bind, Except.bind]

Note: This linter can be disabled with `set_option linter.unusedSimpArgs false`
warning: DefiKernel/Nary/FundedEnabledness.lean:257:30: This simp argument is unused:
  bind

Hint: Omit it from the simp argument list.
  [apply] simp only [Except.mapError, Except.bind]

Note: This linter can be disabled with `set_option linter.unusedSimpArgs false`
warning: DefiKernel/Nary/FundedEnabledness.lean:257:36: This simp argument is unused:
  Except.bind

Hint: Omit it from the simp argument list.
  [apply] simp only [Except.mapError, bind]

Note: This linter can be disabled with `set_option linter.unusedSimpArgs false`
warning: DefiKernel/Nary/FundedEnabledness.lean:271:19: This simp argument is unused:
  eq_comm

Hint: Omit it from the simp argument list.
  [apply] simp [vaultC_ne_recipientC.symm]

Note: This linter can be disabled with `set_option linter.unusedSimpArgs false`
warning: DefiKernel/Nary/FundedEnabledness.lean:268:2: `simp [consumerEval, evaluated, Evaluated.effect]` is a flexible tactic modifying `⊢`. Try `simp?` and use the suggested `simp only [...]`. Alternatively, use `suffices` to explicitly state the simplified form.

Note: This linter can be disabled with `set_option linter.flexible false`
info: DefiKernel/Nary/FundedEnabledness.lean:270:4: `exact (vaultC_ne_recipientC (hv.symm.trans hr)).elim`
modifies the current goal, which was modified by the flexible tactic `simp` on line 268!
warning: DefiKernel/Nary/FundedEnabledness.lean:480:13: This simp argument is unused:
  bind

Hint: Omit it from the simp argument list.
  [apply] simp only [Except.bind, Except.mapError]

Note: This linter can be disabled with `set_option linter.unusedSimpArgs false`
warning: DefiKernel/Nary/FundedEnabledness.lean:480:19: This simp argument is unused:
  Except.bind

Hint: Omit it from the simp argument list.
  [apply] simp only [bind, Except.mapError]

Note: This linter can be disabled with `set_option linter.unusedSimpArgs false`
warning: DefiKernel/Nary/FundedEnabledness.lean:480:32: This simp argument is unused:
  Except.mapError

Hint: Omit it from the simp argument list.
  [apply] simp only [bind, Except.bind]

Note: This linter can be disabled with `set_option linter.unusedSimpArgs false`
warning: DefiKernel/Nary/FundedEnabledness.lean:482:13: This simp argument is unused:
  Except.mapError

Hint: Omit it from the simp argument list.
  [apply] simp only [bind, Except.bind]

Note: This linter can be disabled with `set_option linter.unusedSimpArgs false`
warning: DefiKernel/Nary/FundedEnabledness.lean:482:30: This simp argument is unused:
  bind

Hint: Omit it from the simp argument list.
  [apply] simp only [Except.mapError, Except.bind]

Note: This linter can be disabled with `set_option linter.unusedSimpArgs false`
warning: DefiKernel/Nary/FundedEnabledness.lean:482:36: This simp argument is unused:
  Except.bind

Hint: Omit it from the simp argument list.
  [apply] simp only [Except.mapError, bind]

Note: This linter can be disabled with `set_option linter.unusedSimpArgs false`
warning: DefiKernel/Nary/FundedEnabledness.lean:479:100: This line exceeds the 100 character limit, please shorten it!

Note: This linter can be disabled with `set_option linter.style.longLine false`
warning: DefiKernel/Nary/FundedEnabledness.lean:493:13: This simp argument is unused:
  bind

Hint: Omit it from the simp argument list.
  [apply] simp only [Except.bind, Except.mapError]

Note: This linter can be disabled with `set_option linter.unusedSimpArgs false`
warning: DefiKernel/Nary/FundedEnabledness.lean:493:19: This simp argument is unused:
  Except.bind

Hint: Omit it from the simp argument list.
  [apply] simp only [bind, Except.mapError]

Note: This linter can be disabled with `set_option linter.unusedSimpArgs false`
warning: DefiKernel/Nary/FundedEnabledness.lean:493:32: This simp argument is unused:
  Except.mapError

Hint: Omit it from the simp argument list.
  [apply] simp only [bind, Except.bind]

Note: This linter can be disabled with `set_option linter.unusedSimpArgs false`
warning: DefiKernel/Nary/FundedEnabledness.lean:495:13: This simp argument is unused:
  Except.mapError

Hint: Omit it from the simp argument list.
  [apply] simp only [bind, Except.bind]

Note: This linter can be disabled with `set_option linter.unusedSimpArgs false`
warning: DefiKernel/Nary/FundedEnabledness.lean:495:30: This simp argument is unused:
  bind

Hint: Omit it from the simp argument list.
  [apply] simp only [Except.mapError, Except.bind]

Note: This linter can be disabled with `set_option linter.unusedSimpArgs false`
warning: DefiKernel/Nary/FundedEnabledness.lean:495:36: This simp argument is unused:
  Except.bind

Hint: Omit it from the simp argument list.
  [apply] simp only [Except.mapError, bind]

Note: This linter can be disabled with `set_option linter.unusedSimpArgs false`
warning: DefiKernel/Nary/FundedEnabledness.lean:492:100: This line exceeds the 100 character limit, please shorten it!

Note: This linter can be disabled with `set_option linter.style.longLine false`
⚠ [959/959] Built DefiKernel.Nary.FundedCausal (15s)
warning: DefiKernel/Nary/FundedCausal.lean:140:5: Variable name `h0` is not explicitly referenced.

Hint: The binding can be removed (if unused) or named `_` (if used implicitly). Alternatively, prefix the name with `_` to silence this warning:
  [apply] _h0

Note: This linter can be disabled with `set_option linter.unusedVariables false`
warning: DefiKernel/Nary/FundedCausal.lean:230:48: This simp argument is unused:
  litAmt

Hint: Omit it from the simp argument list.
  [apply] simp [Template.evaluate, consumerTransfer, resolveRefs, packed, cellRef, bind, Except.bind, pure, Except.pure,
    usdArg] at hev'

Note: This linter can be disabled with `set_option linter.unusedSimpArgs false`
warning: DefiKernel/Nary/FundedCausal.lean:218:4: `simp [extractReceipt, ht, hargs, bind, Except.bind, Except.mapError] at extracted` is a flexible tactic modifying `extracted`. Try `simp?` and use the suggested `simp only [...]`. Alternatively, use `suffices` to explicitly state the simplified form.

Note: This linter can be disabled with `set_option linter.flexible false`
info: DefiKernel/Nary/FundedCausal.lean:218:4: Try this:
  [apply] simp only [Receipt.invoked.injEq, ↓existsAndEq, and_true, exists_and_right, true_and] at extracted
info: DefiKernel/Nary/FundedCausal.lean:219:4: `cases hev :
  (consumerTransfer .recipient).evaluate
    ⟨pre.state, boundary.env, boundary.ctx.principal, [], .cons (6 : ℚ) .nil, boundary.now⟩ with
| error _ => simp [hev] at extracted
| ok e' =>
  have heq : e' = e := by simpa [hev] using extracted
  refine ⟨_, e, rfl, ?_⟩
  have hev' :
    (consumerTransfer .recipient).evaluate
        ⟨pre.state, boundary.env, boundary.ctx.principal, [], .cons (6 : ℚ) .nil, boundary.now⟩ =
      .ok e :=
    heq ▸ hev
  simp [Template.evaluate, consumerTransfer, resolveRefs, packed, cellRef, bind, Except.bind, pure, Except.pure, usdArg,
    litAmt] at hev'
  cases hev'
  rfl`
uses `extracted`, which was modified by the flexible tactic `simp` on line 218!
warning: DefiKernel/Nary/FundedCausal.lean:229:6: `simp [Template.evaluate, consumerTransfer, resolveRefs, packed, cellRef, bind,
        Except.bind, pure, Except.pure, usdArg, litAmt] at hev'` is a flexible tactic modifying `hev'`. Try `simp?` and use the suggested `simp only [...]`. Alternatively, use `suffices` to explicitly state the simplified form.

Note: This linter can be disabled with `set_option linter.flexible false`
info: DefiKernel/Nary/FundedCausal.lean:231:6: `cases hev'`
uses `hev'`, which was modified by the flexible tactic `simp` on line 229!
warning: DefiKernel/Nary/FundedCausal.lean:238:2: `simp [Template.evaluate, constTransfer, resolveRefs, packed, cellRef, bind, Except.bind,
    pure, Except.pure, litAmt, negAmt] at h` is a flexible tactic modifying `h`. Try `simp?` and use the suggested `simp only [...]`. Alternatively, use `suffices` to explicitly state the simplified form.

Note: This linter can be disabled with `set_option linter.flexible false`
info: DefiKernel/Nary/FundedCausal.lean:240:2: `cases h`
uses `h`, which was modified by the flexible tactic `simp` on line 238!
warning: DefiKernel/Nary/FundedCausal.lean:257:4: `simp [extractReceipt, ht, hargs, bind, Except.bind, Except.mapError] at extracted` is a flexible tactic modifying `extracted`. Try `simp?` and use the suggested `simp only [...]`. Alternatively, use `suffices` to explicitly state the simplified form.

Note: This linter can be disabled with `set_option linter.flexible false`
info: DefiKernel/Nary/FundedCausal.lean:257:4: Try this:
  [apply] simp only [Receipt.invoked.injEq, ↓existsAndEq, and_true, exists_and_right, true_and] at extracted
info: DefiKernel/Nary/FundedCausal.lean:258:4: `cases hev :
  (constTransfer .donor1 .vault 1).evaluate
    ⟨pre.state, boundary.env, boundary.ctx.principal, [], .nil, boundary.now⟩ with
| error _ => simp [hev] at extracted
| ok e' =>
  have heq : e' = e := by simpa [hev] using extracted
  exact ⟨_, e, rfl, constTransfer_deltas _ _ _ _ _ (heq ▸ hev)⟩`
uses `extracted`, which was modified by the flexible tactic `simp` on line 257!
warning: DefiKernel/Nary/FundedCausal.lean:279:4: `simp [extractReceipt, ht, hargs, bind, Except.bind, Except.mapError] at extracted` is a flexible tactic modifying `extracted`. Try `simp?` and use the suggested `simp only [...]`. Alternatively, use `suffices` to explicitly state the simplified form.

Note: This linter can be disabled with `set_option linter.flexible false`
info: DefiKernel/Nary/FundedCausal.lean:279:4: Try this:
  [apply] simp only [Receipt.invoked.injEq, ↓existsAndEq, and_true, exists_and_right, true_and] at extracted
info: DefiKernel/Nary/FundedCausal.lean:280:4: `cases hev :
  (constTransfer .donor2 .vault 2).evaluate
    ⟨pre.state, boundary.env, boundary.ctx.principal, [], .nil, boundary.now⟩ with
| error _ => simp [hev] at extracted
| ok e' =>
  have heq : e' = e := by simpa [hev] using extracted
  exact ⟨_, e, rfl, constTransfer_deltas _ _ _ _ _ (heq ▸ hev)⟩`
uses `extracted`, which was modified by the flexible tactic `simp` on line 279!
warning: DefiKernel/Nary/FundedCausal.lean:328:8: try 'simp' instead of 'simpa'

Note: This linter can be disabled with `set_option linter.unnecessarySimpa false`
warning: DefiKernel/Nary/FundedCausal.lean:538:4: `simp [snapshots, inv200, invoke, budgetOut, name]` is a flexible tactic modifying `⊢`. Try `simp?` and use the suggested `simp only [...]`. Alternatively, use `suffices` to explicitly state the simplified form.

Note: This linter can be disabled with `set_option linter.flexible false`
info: DefiKernel/Nary/FundedCausal.lean:539:4: `exact ⟨rfl, hbal⟩`
modifies the current goal, which was modified by the flexible tactic `simp` on line 538!
warning: DefiKernel/Nary/FundedCausal.lean:648:12: This simp argument is unused:
  fundedGuarantee

Hint: Omit it from the simp argument list.
  [apply] simp

Note: This linter can be disabled with `set_option linter.unusedSimpArgs false`
warning: DefiKernel/Nary/FundedCausal.lean:648:6: `simp [fundedGuarantee]` is a flexible tactic modifying `⊢`. Try `simp?` and use the suggested `simp only [...]`. Alternatively, use `suffices` to explicitly state the simplified form.

Note: This linter can be disabled with `set_option linter.flexible false`
info: DefiKernel/Nary/FundedCausal.lean:649:6: `refine ⟨hcell donor1C, hcell donor2C, hcell budgetC, hcell sentinelC, Or.inl ⟨?_, ?_⟩⟩`
modifies the current goal, which was modified by the flexible tactic `simp` on line 648!
warning: DefiKernel/Nary/FundedCausal.lean:648:6: `simp [fundedGuarantee]` is a flexible tactic modifying `⊢`. Try `simp?` and use the suggested `simp only [...]`. Alternatively, use `suffices` to explicitly state the simplified form.

Note: This linter can be disabled with `set_option linter.flexible false`
info: DefiKernel/Nary/FundedCausal.lean:650:8: `exact hcell vaultC`
modifies the current goal, which was modified by the flexible tactic `simp` on line 648!
warning: DefiKernel/Nary/FundedCausal.lean:648:6: `simp [fundedGuarantee]` is a flexible tactic modifying `⊢`. Try `simp?` and use the suggested `simp only [...]`. Alternatively, use `suffices` to explicitly state the simplified form.

Note: This linter can be disabled with `set_option linter.flexible false`
info: DefiKernel/Nary/FundedCausal.lean:651:8: `exact hcell recipientC`
modifies the current goal, which was modified by the flexible tactic `simp` on line 648!
warning: DefiKernel/Nary/FundedCausal.lean:655:8: `simp at ha` is a flexible tactic modifying `ha`. Try `simp?` and use the suggested `simp only [...]`. Alternatively, use `suffices` to explicitly state the simplified form.

Note: This linter can be disabled with `set_option linter.flexible false`
info: DefiKernel/Nary/FundedCausal.lean:656:8: `rcases ha with hne | ⟨_, ho, _⟩`
uses `ha`, which was modified by the flexible tactic `simp` on line 655!
warning: DefiKernel/Nary/FundedCausal.lean:655:8: `simp at ha` is a flexible tactic modifying `ha`. Try `simp?` and use the suggested `simp only [...]`. Alternatively, use `suffices` to explicitly state the simplified form.

Note: This linter can be disabled with `set_option linter.flexible false`
info: DefiKernel/Nary/FundedCausal.lean:657:10: `exact (hne hn0).elim`
uses `ha`, which was modified by the flexible tactic `simp` on line 655!
warning: DefiKernel/Nary/FundedCausal.lean:655:8: `simp at ha` is a flexible tactic modifying `ha`. Try `simp?` and use the suggested `simp only [...]`. Alternatively, use `suffices` to explicitly state the simplified form.

Note: This linter can be disabled with `set_option linter.flexible false`
info: DefiKernel/Nary/FundedCausal.lean:658:10: `exact ho`
uses `ha`, which was modified by the flexible tactic `simp` on line 655!
warning: DefiKernel/Nary/FundedCausal.lean:661:8: `simp at ha` is a flexible tactic modifying `ha`. Try `simp?` and use the suggested `simp only [...]`. Alternatively, use `suffices` to explicitly state the simplified form.

Note: This linter can be disabled with `set_option linter.flexible false`
info: DefiKernel/Nary/FundedCausal.lean:661:8: Try this:
  [apply] simp only [ge_iff_le] at ha
info: DefiKernel/Nary/FundedCausal.lean:662:8: `rcases ha with hne | ⟨_, _, hv⟩`
uses `ha`, which was modified by the flexible tactic `simp` on line 661!
warning: DefiKernel/Nary/FundedCausal.lean:661:8: `simp at ha` is a flexible tactic modifying `ha`. Try `simp?` and use the suggested `simp only [...]`. Alternatively, use `suffices` to explicitly state the simplified form.

Note: This linter can be disabled with `set_option linter.flexible false`
info: DefiKernel/Nary/FundedCausal.lean:661:8: Try this:
  [apply] simp only [ge_iff_le] at ha
info: DefiKernel/Nary/FundedCausal.lean:663:10: `exact (hne hn0).elim`
uses `ha`, which was modified by the flexible tactic `simp` on line 661!
warning: DefiKernel/Nary/FundedCausal.lean:661:8: `simp at ha` is a flexible tactic modifying `ha`. Try `simp?` and use the suggested `simp only [...]`. Alternatively, use `suffices` to explicitly state the simplified form.

Note: This linter can be disabled with `set_option linter.flexible false`
info: DefiKernel/Nary/FundedCausal.lean:661:8: Try this:
  [apply] simp only [ge_iff_le] at ha
info: DefiKernel/Nary/FundedCausal.lean:664:10: `exact hv`
uses `ha`, which was modified by the flexible tactic `simp` on line 661!
warning: DefiKernel/Nary/FundedCausal.lean:687:6: `simp at ha` is a flexible tactic modifying `ha`. Try `simp?` and use the suggested `simp only [...]`. Alternatively, use `suffices` to explicitly state the simplified form.

Note: This linter can be disabled with `set_option linter.flexible false`
info: DefiKernel/Nary/FundedCausal.lean:687:6: Try this:
  [apply] simp only [ge_iff_le] at ha
info: DefiKernel/Nary/FundedCausal.lean:688:6: `exact ha hn1`
uses `ha`, which was modified by the flexible tactic `simp` on line 687!
warning: DefiKernel/Nary/FundedCausal.lean:708:6: `simp at ha` is a flexible tactic modifying `ha`. Try `simp?` and use the suggested `simp only [...]`. Alternatively, use `suffices` to explicitly state the simplified form.

Note: This linter can be disabled with `set_option linter.flexible false`
info: DefiKernel/Nary/FundedCausal.lean:708:6: Try this:
  [apply] simp only [ge_iff_le] at ha
info: DefiKernel/Nary/FundedCausal.lean:709:6: `exact ha hn2`
uses `ha`, which was modified by the flexible tactic `simp` on line 708!
warning: DefiKernel/Nary/FundedCausal.lean:794:4: `simp [extractReceipt, ht, hargs, bind, Except.bind, Except.mapError] at extracted` is a flexible tactic modifying `extracted`. Try `simp?` and use the suggested `simp only [...]`. Alternatively, use `suffices` to explicitly state the simplified form.

Note: This linter can be disabled with `set_option linter.flexible false`
info: DefiKernel/Nary/FundedCausal.lean:795:4: `cases hev :
  (consumerTransfer .recipient).evaluate
    ⟨pre.state, boundary.env, boundary.ctx.principal, [], .cons (6 : ℚ) .nil, boundary.now⟩ with
| error _ => simp [hev] at extracted
| ok e' =>
  have heq : e' = e := by simpa [hev] using extracted
  have hvalid := (applyEvaluated_ok_iff _ _ _ _ _ _).mp applied
  have hguard : e.guard = true := hvalid.1.1
  have hev' :
    (consumerTransfer .recipient).evaluate
        ⟨pre.state, boundary.env, boundary.ctx.principal, [], .cons (6 : ℚ) .nil, boundary.now⟩ =
      .ok e :=
    heq ▸ hev
  simp [Template.evaluate, consumerTransfer, resolveRefs, packed, cellRef, bind, Except.bind, pure, Except.pure,
    usdArg] at hev'
  cases hev'
  simp only [rec201, recConsumer, evaluated]
  rw [← hguard]
  rfl`
uses `extracted`, which was modified by the flexible tactic `simp` on line 794!
warning: DefiKernel/Nary/FundedCausal.lean:806:6: `simp [Template.evaluate, consumerTransfer, resolveRefs, packed, cellRef, bind,
        Except.bind, pure, Except.pure, usdArg] at hev'` is a flexible tactic modifying `hev'`. Try `simp?` and use the suggested `simp only [...]`. Alternatively, use `suffices` to explicitly state the simplified form.

Note: This linter can be disabled with `set_option linter.flexible false`
info: DefiKernel/Nary/FundedCausal.lean:808:6: `cases hev'`
uses `hev'`, which was modified by the flexible tactic `simp` on line 806!
warning: DefiKernel/Nary/FundedCausal.lean:806:6: `simp [Template.evaluate, consumerTransfer, resolveRefs, packed, cellRef, bind,
        Except.bind, pure, Except.pure, usdArg] at hev'` is a flexible tactic modifying `hev'`. Try `simp?` and use the suggested `simp only [...]`. Alternatively, use `suffices` to explicitly state the simplified form.

Note: This linter can be disabled with `set_option linter.flexible false`
info: DefiKernel/Nary/FundedCausal.lean:810:6: `rw [← hguard]`
uses `hev'`, which was modified by the flexible tactic `simp` on line 806!
warning: DefiKernel/Nary/FundedCausal.lean:898:8: `simp at ha` is a flexible tactic modifying `ha`. Try `simp?` and use the suggested `simp only [...]`. Alternatively, use `suffices` to explicitly state the simplified form.

Note: This linter can be disabled with `set_option linter.flexible false`
info: DefiKernel/Nary/FundedCausal.lean:899:8: `rcases ha with hne | ⟨_, ho, _⟩`
uses `ha`, which was modified by the flexible tactic `simp` on line 898!
warning: DefiKernel/Nary/FundedCausal.lean:898:8: `simp at ha` is a flexible tactic modifying `ha`. Try `simp?` and use the suggested `simp only [...]`. Alternatively, use `suffices` to explicitly state the simplified form.

Note: This linter can be disabled with `set_option linter.flexible false`
info: DefiKernel/Nary/FundedCausal.lean:900:10: `exact (hne hn0).elim`
uses `ha`, which was modified by the flexible tactic `simp` on line 898!
warning: DefiKernel/Nary/FundedCausal.lean:898:8: `simp at ha` is a flexible tactic modifying `ha`. Try `simp?` and use the suggested `simp only [...]`. Alternatively, use `suffices` to explicitly state the simplified form.

Note: This linter can be disabled with `set_option linter.flexible false`
info: DefiKernel/Nary/FundedCausal.lean:901:10: `exact ho`
uses `ha`, which was modified by the flexible tactic `simp` on line 898!
warning: DefiKernel/Nary/FundedCausal.lean:918:8: `simp [fundedBalances, accept_world, hn0', hn1', hn2', consumedFlag]` is a flexible tactic modifying `⊢`. Try `simp?` and use the suggested `simp only [...]`. Alternatively, use `suffices` to explicitly state the simplified form.

Note: This linter can be disabled with `set_option linter.flexible false`
info: DefiKernel/Nary/FundedCausal.lean:919:8: `refine ⟨?_, ?_, ?_, ?_, ?_, ?_⟩`
modifies the current goal, which was modified by the flexible tactic `simp` on line 918!
warning: DefiKernel/Nary/FundedCausal.lean:955:6: `simp [fundedBalances, accept_world, hn0', hn1', hn2']` is a flexible tactic modifying `⊢`. Try `simp?` and use the suggested `simp only [...]`. Alternatively, use `suffices` to explicitly state the simplified form.

Note: This linter can be disabled with `set_option linter.flexible false`
info: DefiKernel/Nary/FundedCausal.lean:956:6: `refine ⟨?_, ?_, ?_, ?_, ?_, ?_⟩`
modifies the current goal, which was modified by the flexible tactic `simp` on line 955!
warning: DefiKernel/Nary/FundedCausal.lean:1001:6: `simp [fundedBalances, accept_world, hn0', hn1', hn2']` is a flexible tactic modifying `⊢`. Try `simp?` and use the suggested `simp only [...]`. Alternatively, use `suffices` to explicitly state the simplified form.

Note: This linter can be disabled with `set_option linter.flexible false`
info: DefiKernel/Nary/FundedCausal.lean:1002:6: `refine ⟨?_, ?_, ?_, ?_, ?_, ?_⟩`
modifies the current goal, which was modified by the flexible tactic `simp` on line 1001!
warning: DefiKernel/Nary/FundedCausal.lean:1071:64: This simp argument is unused:
  List.count_cons

Hint: Omit it from the simp argument list.
  [apply] simp [ih]

Note: This linter can be disabled with `set_option linter.unusedSimpArgs false`
warning: DefiKernel/Nary/FundedCausal.lean:1071:81: This simp argument is unused:
  ih

Hint: Omit it from the simp argument list.
  [apply] simp [List.count_cons]

Note: This linter can be disabled with `set_option linter.unusedSimpArgs false`
warning: DefiKernel/Nary/FundedCausal.lean:1105:12: This simp argument is unused:
  List.count_cons

Hint: Omit it from the simp argument list.
  [apply] simp [List.count_nil, f10Schedules] at h0 h1 h2 ⊢

Note: This linter can be disabled with `set_option linter.unusedSimpArgs false`
warning: DefiKernel/Nary/FundedCausal.lean:1107:0: Please, add a comment explaining the need for modifying the maxHeartbeat limit, as in
set_option maxHeartbeats 1200000 in
-- reason for change
...

Note: This linter can be disabled with `set_option linter.style.maxHeartbeats false`
warning: DefiKernel/Nary/FundedCausal.lean:1111:2: `simp [f10Schedules] at hs` is a flexible tactic modifying `hs`. Try `simp?` and use the suggested `simp only [...]`. Alternatively, use `suffices` to explicitly state the simplified form.

Note: This linter can be disabled with `set_option linter.flexible false`
info: DefiKernel/Nary/FundedCausal.lean:1112:2: `rcases hs with h | h | h | h | h | h | h | h | h | h | h | h`
uses `hs`, which was modified by the flexible tactic `simp` on line 1111!
warning: DefiKernel/Nary/FundedCausal.lean:1111:2: `simp [f10Schedules] at hs` is a flexible tactic modifying `hs`. Try `simp?` and use the suggested `simp only [...]`. Alternatively, use `suffices` to explicitly state the simplified form.

Note: This linter can be disabled with `set_option linter.flexible false`
info: DefiKernel/Nary/FundedCausal.lean:1116:4: `decide +kernel`
uses `hs`, which was modified by the flexible tactic `simp` on line 1111!
warning: DefiKernel/Nary/FundedCausal.lean:1111:2: `simp [f10Schedules] at hs` is a flexible tactic modifying `hs`. Try `simp?` and use the suggested `simp only [...]`. Alternatively, use `suffices` to explicitly state the simplified form.

Note: This linter can be disabled with `set_option linter.flexible false`
info: DefiKernel/Nary/FundedCausal.lean:1116:4: `decide +kernel`
uses `hs`, which was modified by the flexible tactic `simp` on line 1111!
warning: DefiKernel/Nary/FundedCausal.lean:1111:2: `simp [f10Schedules] at hs` is a flexible tactic modifying `hs`. Try `simp?` and use the suggested `simp only [...]`. Alternatively, use `suffices` to explicitly state the simplified form.

Note: This linter can be disabled with `set_option linter.flexible false`
info: DefiKernel/Nary/FundedCausal.lean:1116:4: `decide +kernel`
uses `hs`, which was modified by the flexible tactic `simp` on line 1111!
warning: DefiKernel/Nary/FundedCausal.lean:1111:2: `simp [f10Schedules] at hs` is a flexible tactic modifying `hs`. Try `simp?` and use the suggested `simp only [...]`. Alternatively, use `suffices` to explicitly state the simplified form.

Note: This linter can be disabled with `set_option linter.flexible false`
info: DefiKernel/Nary/FundedCausal.lean:1116:4: `decide +kernel`
uses `hs`, which was modified by the flexible tactic `simp` on line 1111!
warning: DefiKernel/Nary/FundedCausal.lean:1111:2: `simp [f10Schedules] at hs` is a flexible tactic modifying `hs`. Try `simp?` and use the suggested `simp only [...]`. Alternatively, use `suffices` to explicitly state the simplified form.

Note: This linter can be disabled with `set_option linter.flexible false`
info: DefiKernel/Nary/FundedCausal.lean:1116:4: `decide +kernel`
uses `hs`, which was modified by the flexible tactic `simp` on line 1111!
warning: DefiKernel/Nary/FundedCausal.lean:1111:2: `simp [f10Schedules] at hs` is a flexible tactic modifying `hs`. Try `simp?` and use the suggested `simp only [...]`. Alternatively, use `suffices` to explicitly state the simplified form.

Note: This linter can be disabled with `set_option linter.flexible false`
info: DefiKernel/Nary/FundedCausal.lean:1116:4: `decide +kernel`
uses `hs`, which was modified by the flexible tactic `simp` on line 1111!
warning: DefiKernel/Nary/FundedCausal.lean:1111:2: `simp [f10Schedules] at hs` is a flexible tactic modifying `hs`. Try `simp?` and use the suggested `simp only [...]`. Alternatively, use `suffices` to explicitly state the simplified form.

Note: This linter can be disabled with `set_option linter.flexible false`
info: DefiKernel/Nary/FundedCausal.lean:1116:4: `decide +kernel`
uses `hs`, which was modified by the flexible tactic `simp` on line 1111!
warning: DefiKernel/Nary/FundedCausal.lean:1111:2: `simp [f10Schedules] at hs` is a flexible tactic modifying `hs`. Try `simp?` and use the suggested `simp only [...]`. Alternatively, use `suffices` to explicitly state the simplified form.

Note: This linter can be disabled with `set_option linter.flexible false`
info: DefiKernel/Nary/FundedCausal.lean:1116:4: `decide +kernel`
uses `hs`, which was modified by the flexible tactic `simp` on line 1111!
warning: DefiKernel/Nary/FundedCausal.lean:1111:2: `simp [f10Schedules] at hs` is a flexible tactic modifying `hs`. Try `simp?` and use the suggested `simp only [...]`. Alternatively, use `suffices` to explicitly state the simplified form.

Note: This linter can be disabled with `set_option linter.flexible false`
info: DefiKernel/Nary/FundedCausal.lean:1116:4: `decide +kernel`
uses `hs`, which was modified by the flexible tactic `simp` on line 1111!
warning: DefiKernel/Nary/FundedCausal.lean:1111:2: `simp [f10Schedules] at hs` is a flexible tactic modifying `hs`. Try `simp?` and use the suggested `simp only [...]`. Alternatively, use `suffices` to explicitly state the simplified form.

Note: This linter can be disabled with `set_option linter.flexible false`
info: DefiKernel/Nary/FundedCausal.lean:1116:4: `decide +kernel`
uses `hs`, which was modified by the flexible tactic `simp` on line 1111!
warning: DefiKernel/Nary/FundedCausal.lean:1111:2: `simp [f10Schedules] at hs` is a flexible tactic modifying `hs`. Try `simp?` and use the suggested `simp only [...]`. Alternatively, use `suffices` to explicitly state the simplified form.

Note: This linter can be disabled with `set_option linter.flexible false`
info: DefiKernel/Nary/FundedCausal.lean:1116:4: `decide +kernel`
uses `hs`, which was modified by the flexible tactic `simp` on line 1111!
warning: DefiKernel/Nary/FundedCausal.lean:1111:2: `simp [f10Schedules] at hs` is a flexible tactic modifying `hs`. Try `simp?` and use the suggested `simp only [...]`. Alternatively, use `suffices` to explicitly state the simplified form.

Note: This linter can be disabled with `set_option linter.flexible false`
info: DefiKernel/Nary/FundedCausal.lean:1116:4: `decide +kernel`
uses `hs`, which was modified by the flexible tactic `simp` on line 1111!
warning: DefiKernel/Nary/FundedCausal.lean:1133:2: `simp [f10Schedules] at hs` is a flexible tactic modifying `hs`. Try `simp?` and use the suggested `simp only [...]`. Alternatively, use `suffices` to explicitly state the simplified form.

Note: This linter can be disabled with `set_option linter.flexible false`
info: DefiKernel/Nary/FundedCausal.lean:1133:2: Try this:
  [apply] simp only [Fin.isValue] at hs
info: DefiKernel/Nary/FundedCausal.lean:1134:2: `rcases hs with h | h | h | h | h | h | h | h | h | h | h | h`
uses `hs`, which was modified by the flexible tactic `simp` on line 1133!
warning: DefiKernel/Nary/FundedCausal.lean:1133:2: `simp [f10Schedules] at hs` is a flexible tactic modifying `hs`. Try `simp?` and use the suggested `simp only [...]`. Alternatively, use `suffices` to explicitly state the simplified form.

Note: This linter can be disabled with `set_option linter.flexible false`
info: DefiKernel/Nary/FundedCausal.lean:1133:2: Try this:
  [apply] simp only [Fin.isValue] at hs
info: DefiKernel/Nary/FundedCausal.lean:1138:4: `decide +kernel`
uses `hs`, which was modified by the flexible tactic `simp` on line 1133!
warning: DefiKernel/Nary/FundedCausal.lean:1133:2: `simp [f10Schedules] at hs` is a flexible tactic modifying `hs`. Try `simp?` and use the suggested `simp only [...]`. Alternatively, use `suffices` to explicitly state the simplified form.

Note: This linter can be disabled with `set_option linter.flexible false`
info: DefiKernel/Nary/FundedCausal.lean:1133:2: Try this:
  [apply] simp only [Fin.isValue] at hs
info: DefiKernel/Nary/FundedCausal.lean:1138:4: `decide +kernel`
uses `hs`, which was modified by the flexible tactic `simp` on line 1133!
warning: DefiKernel/Nary/FundedCausal.lean:1133:2: `simp [f10Schedules] at hs` is a flexible tactic modifying `hs`. Try `simp?` and use the suggested `simp only [...]`. Alternatively, use `suffices` to explicitly state the simplified form.

Note: This linter can be disabled with `set_option linter.flexible false`
info: DefiKernel/Nary/FundedCausal.lean:1133:2: Try this:
  [apply] simp only [Fin.isValue] at hs
info: DefiKernel/Nary/FundedCausal.lean:1138:4: `decide +kernel`
uses `hs`, which was modified by the flexible tactic `simp` on line 1133!
warning: DefiKernel/Nary/FundedCausal.lean:1133:2: `simp [f10Schedules] at hs` is a flexible tactic modifying `hs`. Try `simp?` and use the suggested `simp only [...]`. Alternatively, use `suffices` to explicitly state the simplified form.

Note: This linter can be disabled with `set_option linter.flexible false`
info: DefiKernel/Nary/FundedCausal.lean:1133:2: Try this:
  [apply] simp only [Fin.isValue] at hs
info: DefiKernel/Nary/FundedCausal.lean:1138:4: `decide +kernel`
uses `hs`, which was modified by the flexible tactic `simp` on line 1133!
warning: DefiKernel/Nary/FundedCausal.lean:1133:2: `simp [f10Schedules] at hs` is a flexible tactic modifying `hs`. Try `simp?` and use the suggested `simp only [...]`. Alternatively, use `suffices` to explicitly state the simplified form.

Note: This linter can be disabled with `set_option linter.flexible false`
info: DefiKernel/Nary/FundedCausal.lean:1133:2: Try this:
  [apply] simp only [Fin.isValue] at hs
info: DefiKernel/Nary/FundedCausal.lean:1138:4: `decide +kernel`
uses `hs`, which was modified by the flexible tactic `simp` on line 1133!
warning: DefiKernel/Nary/FundedCausal.lean:1133:2: `simp [f10Schedules] at hs` is a flexible tactic modifying `hs`. Try `simp?` and use the suggested `simp only [...]`. Alternatively, use `suffices` to explicitly state the simplified form.

Note: This linter can be disabled with `set_option linter.flexible false`
info: DefiKernel/Nary/FundedCausal.lean:1133:2: Try this:
  [apply] simp only [Fin.isValue] at hs
info: DefiKernel/Nary/FundedCausal.lean:1138:4: `decide +kernel`
uses `hs`, which was modified by the flexible tactic `simp` on line 1133!
warning: DefiKernel/Nary/FundedCausal.lean:1133:2: `simp [f10Schedules] at hs` is a flexible tactic modifying `hs`. Try `simp?` and use the suggested `simp only [...]`. Alternatively, use `suffices` to explicitly state the simplified form.

Note: This linter can be disabled with `set_option linter.flexible false`
info: DefiKernel/Nary/FundedCausal.lean:1133:2: Try this:
  [apply] simp only [Fin.isValue] at hs
info: DefiKernel/Nary/FundedCausal.lean:1138:4: `decide +kernel`
uses `hs`, which was modified by the flexible tactic `simp` on line 1133!
warning: DefiKernel/Nary/FundedCausal.lean:1133:2: `simp [f10Schedules] at hs` is a flexible tactic modifying `hs`. Try `simp?` and use the suggested `simp only [...]`. Alternatively, use `suffices` to explicitly state the simplified form.

Note: This linter can be disabled with `set_option linter.flexible false`
info: DefiKernel/Nary/FundedCausal.lean:1133:2: Try this:
  [apply] simp only [Fin.isValue] at hs
info: DefiKernel/Nary/FundedCausal.lean:1138:4: `decide +kernel`
uses `hs`, which was modified by the flexible tactic `simp` on line 1133!
warning: DefiKernel/Nary/FundedCausal.lean:1133:2: `simp [f10Schedules] at hs` is a flexible tactic modifying `hs`. Try `simp?` and use the suggested `simp only [...]`. Alternatively, use `suffices` to explicitly state the simplified form.

Note: This linter can be disabled with `set_option linter.flexible false`
info: DefiKernel/Nary/FundedCausal.lean:1133:2: Try this:
  [apply] simp only [Fin.isValue] at hs
info: DefiKernel/Nary/FundedCausal.lean:1138:4: `decide +kernel`
uses `hs`, which was modified by the flexible tactic `simp` on line 1133!
warning: DefiKernel/Nary/FundedCausal.lean:1133:2: `simp [f10Schedules] at hs` is a flexible tactic modifying `hs`. Try `simp?` and use the suggested `simp only [...]`. Alternatively, use `suffices` to explicitly state the simplified form.

Note: This linter can be disabled with `set_option linter.flexible false`
info: DefiKernel/Nary/FundedCausal.lean:1133:2: Try this:
  [apply] simp only [Fin.isValue] at hs
info: DefiKernel/Nary/FundedCausal.lean:1138:4: `decide +kernel`
uses `hs`, which was modified by the flexible tactic `simp` on line 1133!
warning: DefiKernel/Nary/FundedCausal.lean:1133:2: `simp [f10Schedules] at hs` is a flexible tactic modifying `hs`. Try `simp?` and use the suggested `simp only [...]`. Alternatively, use `suffices` to explicitly state the simplified form.

Note: This linter can be disabled with `set_option linter.flexible false`
info: DefiKernel/Nary/FundedCausal.lean:1133:2: Try this:
  [apply] simp only [Fin.isValue] at hs
info: DefiKernel/Nary/FundedCausal.lean:1138:4: `decide +kernel`
uses `hs`, which was modified by the flexible tactic `simp` on line 1133!
warning: DefiKernel/Nary/FundedCausal.lean:1133:2: `simp [f10Schedules] at hs` is a flexible tactic modifying `hs`. Try `simp?` and use the suggested `simp only [...]`. Alternatively, use `suffices` to explicitly state the simplified form.

Note: This linter can be disabled with `set_option linter.flexible false`
info: DefiKernel/Nary/FundedCausal.lean:1133:2: Try this:
  [apply] simp only [Fin.isValue] at hs
info: DefiKernel/Nary/FundedCausal.lean:1138:4: `decide +kernel`
uses `hs`, which was modified by the flexible tactic `simp` on line 1133!
warning: DefiKernel/Nary/FundedCausal.lean:1192:6: `simp at ha` is a flexible tactic modifying `ha`. Try `simp?` and use the suggested `simp only [...]`. Alternatively, use `suffices` to explicitly state the simplified form.

Note: This linter can be disabled with `set_option linter.flexible false`
info: DefiKernel/Nary/FundedCausal.lean:1192:6: Try this:
  [apply] simp only [Fin.isValue, true_and, Fin.zero_eq_one_iff, OfNat.ofNat_ne_one, false_and, Fin.reduceEq, or_self,
    or_false] at ha
info: DefiKernel/Nary/FundedCausal.lean:1193:6: `rcases ha with hne | ⟨_, hout, hvault⟩`
uses `ha`, which was modified by the flexible tactic `simp` on line 1192!
warning: DefiKernel/Nary/FundedCausal.lean:1192:6: `simp at ha` is a flexible tactic modifying `ha`. Try `simp?` and use the suggested `simp only [...]`. Alternatively, use `suffices` to explicitly state the simplified form.

Note: This linter can be disabled with `set_option linter.flexible false`
info: DefiKernel/Nary/FundedCausal.lean:1192:6: Try this:
  [apply] simp only [Fin.isValue, true_and, Fin.zero_eq_one_iff, OfNat.ofNat_ne_one, false_and, Fin.reduceEq, or_self,
    or_false] at ha
info: DefiKernel/Nary/FundedCausal.lean:1194:8: `exact (hne hn0).elim`
uses `ha`, which was modified by the flexible tactic `simp` on line 1192!
warning: DefiKernel/Nary/FundedCausal.lean:1192:6: `simp at ha` is a flexible tactic modifying `ha`. Try `simp?` and use the suggested `simp only [...]`. Alternatively, use `suffices` to explicitly state the simplified form.

Note: This linter can be disabled with `set_option linter.flexible false`
info: DefiKernel/Nary/FundedCausal.lean:1192:6: Try this:
  [apply] simp only [Fin.isValue, true_and, Fin.zero_eq_one_iff, OfNat.ofNat_ne_one, false_and, Fin.reduceEq, or_self,
    or_false] at ha
info: DefiKernel/Nary/FundedCausal.lean:1195:8: `refine Or.inr (Or.inl ⟨rfl, hinv0, hn0, hout, ?_⟩)`
uses `ha`, which was modified by the flexible tactic `simp` on line 1192!
warning: DefiKernel/Nary/FundedCausal.lean:1200:4: `simp at ha` is a flexible tactic modifying `ha`. Try `simp?` and use the suggested `simp only [...]`. Alternatively, use `suffices` to explicitly state the simplified form.

Note: This linter can be disabled with `set_option linter.flexible false`
info: DefiKernel/Nary/FundedCausal.lean:1200:4: Try this:
  [apply] simp only [Fin.isValue, Fin.one_eq_zero_iff, OfNat.ofNat_ne_one, false_and, true_and, Fin.reduceEq, or_false,
    false_or] at ha
info: DefiKernel/Nary/FundedCausal.lean:1201:4: `exact Or.inr (Or.inr (Or.inl ⟨rfl, rfl, hn1, ha hn1⟩))`
uses `ha`, which was modified by the flexible tactic `simp` on line 1200!
warning: DefiKernel/Nary/FundedCausal.lean:1205:4: `simp at ha` is a flexible tactic modifying `ha`. Try `simp?` and use the suggested `simp only [...]`. Alternatively, use `suffices` to explicitly state the simplified form.

Note: This linter can be disabled with `set_option linter.flexible false`
info: DefiKernel/Nary/FundedCausal.lean:1205:4: Try this:
  [apply] simp only [Fin.isValue, Fin.reduceEq, false_and, true_and, false_or] at ha
info: DefiKernel/Nary/FundedCausal.lean:1206:4: `exact Or.inr (Or.inr (Or.inr ⟨rfl, rfl, hn2, ha hn2⟩))`
uses `ha`, which was modified by the flexible tactic `simp` on line 1205!
Build completed successfully (959 jobs).
