'DefiKernel.Nary.FundedCausal.f10_monitored_initialized' depends on axioms: [propext, Classical.choice, Quot.sound]
'DefiKernel.Nary.FundedCausal.f10_every_prefix_reserve' depends on axioms: [propext, Classical.choice, Quot.sound]
'DefiKernel.Nary.FundedCausal.f10_complete_success' depends on axioms: [propext, Classical.choice, Quot.sound]
'DefiKernel.Nary.FundedCausal.f10_selected_success' depends on axioms: [propext, Classical.choice, Quot.sound]
'DefiKernel.Nary.FundedCausal.f10_success_update' depends on axioms: [propext, Classical.choice, Quot.sound]
'DefiKernel.Nary.FundedCausal.f10_selected_guards' depends on axioms: [propext, Classical.choice, Quot.sound]
'DefiKernel.Nary.FundedCausal.f10_reachable_empty_outputs' depends on axioms: [propext, Classical.choice, Quot.sound]
'DefiKernel.Nary.FundedCausal.f10_live_selected_enabled_details' depends on axioms: [propext,
 Classical.choice,
 Quot.sound]
'DefiKernel.Nary.FundedCausal.f10_live_selected_enabled' depends on axioms: [propext, Classical.choice, Quot.sound]
'DefiKernel.Nary.FundedCausal.f10_initialized_prefix_enabled' depends on axioms: [propext, Classical.choice, Quot.sound]
'DefiKernel.Nary.FundedCausal.f10_store_preserved' depends on axioms: [propext, Classical.choice, Quot.sound]
'DefiKernel.Nary.FundedCausal.f10_budget_initialized' depends on axioms: [propext, Classical.choice, Quot.sound]
'DefiKernel.Nary.FundedCausal.f10_own_output_provenance' depends on axioms: [propext, Classical.choice, Quot.sound]
'DefiKernel.Nary.FundedCausal.f10_skip_update' depends on axioms: [propext, Classical.choice, Quot.sound]
'DefiKernel.Nary.FundedCausal.f10_refusal_update' depends on axioms: [propext, Classical.choice, Quot.sound]
'DefiKernel.Nary.FundedCausal.f10_cross' depends on axioms: [propext, Classical.choice, Quot.sound]
'DefiKernel.Nary.FundedCausal.f10_stable' depends on axioms: [propext, Quot.sound]
'DefiKernel.Nary.FundedCausal.f12_vault_final' depends on axioms: [propext, Classical.choice, Quot.sound]
'DefiKernel.Nary.FundedCausal.f12_deposit_only_rely_false' depends on axioms: [propext, Classical.choice, Quot.sound]
'DefiKernel.Nary.FundedCausal.f16_monitor_awaiting' depends on axioms: [propext, Classical.choice, Quot.sound]
'DefiKernel.Nary.FundedCausal.f17_monitor_awaiting' depends on axioms: [propext, Classical.choice, Quot.sound]
'DefiKernel.Nary.FundedEnabledness.f10_producer_enabled' depends on axioms: [propext, Classical.choice, Quot.sound]
'DefiKernel.Nary.FundedEnabledness.f10_consumer_enabled' depends on axioms: [propext, Classical.choice, Quot.sound]
'DefiKernel.Nary.FundedEnabledness.f10_deposit1_enabled' depends on axioms: [propext, Classical.choice, Quot.sound]
'DefiKernel.Nary.FundedEnabledness.f10_deposit2_enabled' depends on axioms: [propext, Classical.choice, Quot.sound]
