theorem DefiKernel.Nary.FundedCausal.f10_reachable_empty_outputs : ∀ {m : DefiKernel.Nary.Examples.M3},
  DefiKernel.Nary.Reachable DefiKernel.Nary.Examples.f10Cfg DefiKernel.Nary.Examples.f10Bounds
      DefiKernel.Nary.Examples.f10Branches DefiKernel.Nary.Examples.f10Initial m →
    ∀ (b : Fin 3), (m.locals b).nextIndex = 0 → (m.locals b).outputs = [] :=
fun {m} h =>
  DefiKernel.Nary.Reachable.rec (motive := fun {m} h =>
    ∀ (b : Fin 3), (m.locals b).nextIndex = 0 → (m.locals b).outputs = []) (fun b hidx => of_eq_true (eq_self []))
    (fun {pre post} sel previous step ih own hidx =>
      DefiKernel.Nary.AdvanceSound.casesOn (motive := fun a t => post = a → step ≍ t → (post.locals own).outputs = [])
        step
        (fun failure failed h =>
          Eq.ndrec (motive := fun {post} =>
            ∀
              (step :
                DefiKernel.Nary.AdvanceSound DefiKernel.Nary.Examples.f10Cfg DefiKernel.Nary.Examples.f10Bounds
                  DefiKernel.Nary.Examples.f10Branches pre sel post),
              (post.locals own).nextIndex = 0 →
                step ≍ DefiKernel.Nary.AdvanceSound.halted failure failed → (post.locals own).outputs = [])
            (fun step hidx h =>
              Eq.mpr (id (congrArg (fun _a => _a = []) (DefiKernel.Nary.FundedCausal.skip_outputs pre sel own)))
                (ih own
                  (Eq.mp (congrArg (fun _a => _a = 0) (DefiKernel.Nary.FundedCausal.skip_nextIndex pre sel own)) hidx)))
            (Eq.symm h) step hidx)
        (fun active absent h =>
          Eq.ndrec (motive := fun {post} =>
            ∀
              (step :
                DefiKernel.Nary.AdvanceSound DefiKernel.Nary.Examples.f10Cfg DefiKernel.Nary.Examples.f10Bounds
                  DefiKernel.Nary.Examples.f10Branches pre sel post),
              (post.locals own).nextIndex = 0 →
                step ≍ DefiKernel.Nary.AdvanceSound.exhausted active absent → (post.locals own).outputs = [])
            (fun step hidx h =>
              Eq.mpr (id (congrArg (fun _a => _a = []) (DefiKernel.Nary.FundedCausal.skip_outputs pre sel own)))
                (ih own
                  (Eq.mp (congrArg (fun _a => _a = 0) (DefiKernel.Nary.FundedCausal.skip_nextIndex pre sel own)) hidx)))
            (Eq.symm h) step hidx)
        (fun inv reason active selected rejected h =>
          Eq.ndrec (motive := fun {post} =>
            ∀
              (step :
                DefiKernel.Nary.AdvanceSound DefiKernel.Nary.Examples.f10Cfg DefiKernel.Nary.Examples.f10Bounds
                  DefiKernel.Nary.Examples.f10Branches pre sel post),
              (post.locals own).nextIndex = 0 →
                step ≍ DefiKernel.Nary.AdvanceSound.refused inv reason active selected rejected →
                  (post.locals own).outputs = [])
            (fun step hidx h =>
              Eq.mpr
                (id (congrArg (fun _a => _a = []) (DefiKernel.Nary.FundedCausal.refuse_outputs pre sel own inv reason)))
                (ih own
                  (Eq.mp
                    (congrArg (fun _a => _a = 0) (DefiKernel.Nary.FundedCausal.refuse_nextIndex pre sel own inv reason))
                    hidx)))
            (Eq.symm h) step hidx)
        (fun inv result active selected executed h =>
          Eq.ndrec (motive := fun {post} =>
            ∀
              (step :
                DefiKernel.Nary.AdvanceSound DefiKernel.Nary.Examples.f10Cfg DefiKernel.Nary.Examples.f10Bounds
                  DefiKernel.Nary.Examples.f10Branches pre sel post),
              (post.locals own).nextIndex = 0 →
                step ≍ DefiKernel.Nary.AdvanceSound.accepted inv result active selected executed →
                  (post.locals own).outputs = [])
            (fun step hidx h =>
              if ho : own = sel then
                Eq.ndrec (motive := fun own =>
                  ((pre.accept sel inv result).locals own).nextIndex = 0 →
                    ((pre.accept sel inv result).locals own).outputs = [])
                  (fun hidx =>
                    Decidable.byContradiction fun a =>
                      DefiKernel.Nary.FundedCausal.f10_reachable_empty_outputs._proof_1_1 sel
                        (Eq.mp
                          (congrArg (fun _a => _a = 0)
                            (DefiKernel.Nary.FundedCausal.accept_nextIndex_sel pre sel inv result))
                          hidx))
                  (Eq.symm ho) hidx
              else
                Eq.mpr
                  (id
                    (congrArg (fun _a => _a = [])
                      (DefiKernel.Nary.FundedCausal.accept_outputs_away pre sel own inv result ho)))
                  (ih own
                    (Eq.mp
                      (congrArg (fun _a => _a = 0)
                        (DefiKernel.Nary.FundedCausal.accept_nextIndex_away pre sel own inv result ho))
                      hidx)))
            (Eq.symm h) step hidx)
        (Eq.refl post) (HEq.refl step))
    h
theorem DefiKernel.Nary.FundedCausal.f10_live_selected_enabled_details : ∀ {q : DefiKernel.Nary.Examples.ReservePhase}
  {m : DefiKernel.Nary.Examples.M3} {b : Fin 3}
  {inv :
    DefiKernel.Composition.Invocation DefiKernel.Nary.Examples.P DefiKernel.Nary.Examples.A DefiKernel.Nary.Examples.D},
  DefiKernel.Nary.FundedCausal.FundedK q m →
    (m.locals b).failure = none →
      (DefiKernel.Nary.Examples.f10Branches b)[(m.locals b).consumed]? = some inv →
        ∃ result,
          DefiKernel.Composition.executeStep DefiKernel.Nary.Examples.f10Cfg
                (DefiKernel.Nary.Examples.f10Bounds b (m.locals b).nextIndex) (m.locals b).nextIndex
                (m.locals b).outputs (DefiKernel.Composition.Step.invoke inv) m.world =
              Except.ok result ∧
            result.world.capabilities = DefiKernel.Nary.Examples.f10Store ∧
              ((b = 0 ∧
                  inv = DefiKernel.Nary.Examples.inv200 ∧
                    result.receipt = DefiKernel.Nary.Examples.rec200 ∧
                      result.outputs = [DefiKernel.Nary.Examples.budgetOut 0] ∧
                        ∀
                          (c :
                            DefiKernel.Typed.Cell DefiKernel.Nary.Examples.P DefiKernel.Nary.Examples.A
                              DefiKernel.Nary.Examples.D),
                          result.world.state.balance c = m.world.state.balance c) ∨
                (b = 0 ∧
                    inv = DefiKernel.Nary.Examples.inv201 ∧
                      result.receipt = DefiKernel.Nary.Examples.rec201 ∧
                        result.outputs = [] ∧
                          result.world.state.balance DefiKernel.Nary.Examples.vaultC =
                              m.world.state.balance DefiKernel.Nary.Examples.vaultC + -6 ∧
                            result.world.state.balance DefiKernel.Nary.Examples.recipientC =
                                m.world.state.balance DefiKernel.Nary.Examples.recipientC + 6 ∧
                              ∀ (c : DefiKernel.Nary.Examples.C),
                                c ≠ DefiKernel.Nary.Examples.vaultC →
                                  c ≠ DefiKernel.Nary.Examples.recipientC →
                                    result.world.state.balance c = m.world.state.balance c) ∨
                  (b = 1 ∧
                      inv = DefiKernel.Nary.Examples.inv202 ∧
                        result.receipt = DefiKernel.Nary.Examples.rec202 ∧
                          result.outputs = [] ∧
                            result.world.state.balance DefiKernel.Nary.Examples.donor1C =
                                m.world.state.balance DefiKernel.Nary.Examples.donor1C + -1 ∧
                              result.world.state.balance DefiKernel.Nary.Examples.vaultC =
                                  m.world.state.balance DefiKernel.Nary.Examples.vaultC + 1 ∧
                                ∀ (c : DefiKernel.Nary.Examples.C),
                                  c ≠ DefiKernel.Nary.Examples.donor1C →
                                    c ≠ DefiKernel.Nary.Examples.vaultC →
                                      result.world.state.balance c = m.world.state.balance c) ∨
                    b = 2 ∧
                      inv = DefiKernel.Nary.Examples.inv203 ∧
                        result.receipt = DefiKernel.Nary.Examples.rec203 ∧
                          result.outputs = [] ∧
                            result.world.state.balance DefiKernel.Nary.Examples.donor2C =
                                m.world.state.balance DefiKernel.Nary.Examples.donor2C + -2 ∧
                              result.world.state.balance DefiKernel.Nary.Examples.vaultC =
                                  m.world.state.balance DefiKernel.Nary.Examples.vaultC + 2 ∧
                                ∀ (c : DefiKernel.Nary.Examples.C),
                                  c ≠ DefiKernel.Nary.Examples.donor2C →
                                    c ≠ DefiKernel.Nary.Examples.vaultC →
                                      result.world.state.balance c = m.world.state.balance c) :=
fun {q} {m} {b} {inv} hk hf hs =>
  have hstore := DefiKernel.Nary.FundedCausal.f10_store_preserved hk;
  have hbudget := DefiKernel.Nary.FundedCausal.f10_budget_initialized hk;
  Or.casesOn (DefiKernel.Nary.FundedCausal.f10_selected_guards hk hf hs)
    (fun hprod =>
      And.casesOn hprod fun hb right =>
        And.casesOn right fun hinv right =>
          And.casesOn right fun hn0 hout =>
            Eq.ndrec (motive := fun {b} =>
              (m.locals b).failure = none →
                (DefiKernel.Nary.Examples.f10Branches b)[(m.locals b).consumed]? = some inv →
                  ∃ result,
                    DefiKernel.Composition.executeStep DefiKernel.Nary.Examples.f10Cfg
                          (DefiKernel.Nary.Examples.f10Bounds b (m.locals b).nextIndex) (m.locals b).nextIndex
                          (m.locals b).outputs (DefiKernel.Composition.Step.invoke inv) m.world =
                        Except.ok result ∧
                      result.world.capabilities = DefiKernel.Nary.Examples.f10Store ∧
                        ((b = 0 ∧
                            inv = DefiKernel.Nary.Examples.inv200 ∧
                              result.receipt = DefiKernel.Nary.Examples.rec200 ∧
                                result.outputs = [DefiKernel.Nary.Examples.budgetOut 0] ∧
                                  ∀
                                    (c :
                                      DefiKernel.Typed.Cell DefiKernel.Nary.Examples.P DefiKernel.Nary.Examples.A
                                        DefiKernel.Nary.Examples.D),
                                    result.world.state.balance c = m.world.state.balance c) ∨
                          (b = 0 ∧
                              inv = DefiKernel.Nary.Examples.inv201 ∧
                                result.receipt = DefiKernel.Nary.Examples.rec201 ∧
                                  result.outputs = [] ∧
                                    result.world.state.balance DefiKernel.Nary.Examples.vaultC =
                                        m.world.state.balance DefiKernel.Nary.Examples.vaultC + -6 ∧
                                      result.world.state.balance DefiKernel.Nary.Examples.recipientC =
                                          m.world.state.balance DefiKernel.Nary.Examples.recipientC + 6 ∧
                                        ∀ (c : DefiKernel.Nary.Examples.C),
                                          c ≠ DefiKernel.Nary.Examples.vaultC →
                                            c ≠ DefiKernel.Nary.Examples.recipientC →
                                              result.world.state.balance c = m.world.state.balance c) ∨
                            (b = 1 ∧
                                inv = DefiKernel.Nary.Examples.inv202 ∧
                                  result.receipt = DefiKernel.Nary.Examples.rec202 ∧
                                    result.outputs = [] ∧
                                      result.world.state.balance DefiKernel.Nary.Examples.donor1C =
                                          m.world.state.balance DefiKernel.Nary.Examples.donor1C + -1 ∧
                                        result.world.state.balance DefiKernel.Nary.Examples.vaultC =
                                            m.world.state.balance DefiKernel.Nary.Examples.vaultC + 1 ∧
                                          ∀ (c : DefiKernel.Nary.Examples.C),
                                            c ≠ DefiKernel.Nary.Examples.donor1C →
                                              c ≠ DefiKernel.Nary.Examples.vaultC →
                                                result.world.state.balance c = m.world.state.balance c) ∨
                              b = 2 ∧
                                inv = DefiKernel.Nary.Examples.inv203 ∧
                                  result.receipt = DefiKernel.Nary.Examples.rec203 ∧
                                    result.outputs = [] ∧
                                      result.world.state.balance DefiKernel.Nary.Examples.donor2C =
                                          m.world.state.balance DefiKernel.Nary.Examples.donor2C + -2 ∧
                                        result.world.state.balance DefiKernel.Nary.Examples.vaultC =
                                            m.world.state.balance DefiKernel.Nary.Examples.vaultC + 2 ∧
                                          ∀ (c : DefiKernel.Nary.Examples.C),
                                            c ≠ DefiKernel.Nary.Examples.donor2C →
                                              c ≠ DefiKernel.Nary.Examples.vaultC →
                                                result.world.state.balance c = m.world.state.balance c))
              (fun hf hs =>
                Eq.ndrec (motive := fun {inv} =>
                  (DefiKernel.Nary.Examples.f10Branches 0)[(m.locals 0).consumed]? = some inv →
                    ∃ result,
                      DefiKernel.Composition.executeStep DefiKernel.Nary.Examples.f10Cfg
                            (DefiKernel.Nary.Examples.f10Bounds 0 (m.locals 0).nextIndex) (m.locals 0).nextIndex
                            (m.locals 0).outputs (DefiKernel.Composition.Step.invoke inv) m.world =
                          Except.ok result ∧
                        result.world.capabilities = DefiKernel.Nary.Examples.f10Store ∧
                          ((0 = 0 ∧
                              inv = DefiKernel.Nary.Examples.inv200 ∧
                                result.receipt = DefiKernel.Nary.Examples.rec200 ∧
                                  result.outputs = [DefiKernel.Nary.Examples.budgetOut 0] ∧
                                    ∀
                                      (c :
                                        DefiKernel.Typed.Cell DefiKernel.Nary.Examples.P DefiKernel.Nary.Examples.A
                                          DefiKernel.Nary.Examples.D),
                                      result.world.state.balance c = m.world.state.balance c) ∨
                            (0 = 0 ∧
                                inv = DefiKernel.Nary.Examples.inv201 ∧
                                  result.receipt = DefiKernel.Nary.Examples.rec201 ∧
                                    result.outputs = [] ∧
                                      result.world.state.balance DefiKernel.Nary.Examples.vaultC =
                                          m.world.state.balance DefiKernel.Nary.Examples.vaultC + -6 ∧
                                        result.world.state.balance DefiKernel.Nary.Examples.recipientC =
                                            m.world.state.balance DefiKernel.Nary.Examples.recipientC + 6 ∧
                                          ∀ (c : DefiKernel.Nary.Examples.C),
                                            c ≠ DefiKernel.Nary.Examples.vaultC →
                                              c ≠ DefiKernel.Nary.Examples.recipientC →
                                                result.world.state.balance c = m.world.state.balance c) ∨
                              (0 = 1 ∧
                                  inv = DefiKernel.Nary.Examples.inv202 ∧
                                    result.receipt = DefiKernel.Nary.Examples.rec202 ∧
                                      result.outputs = [] ∧
                                        result.world.state.balance DefiKernel.Nary.Examples.donor1C =
                                            m.world.state.balance DefiKernel.Nary.Examples.donor1C + -1 ∧
                                          result.world.state.balance DefiKernel.Nary.Examples.vaultC =
                                              m.world.state.balance DefiKernel.Nary.Examples.vaultC + 1 ∧
                                            ∀ (c : DefiKernel.Nary.Examples.C),
                                              c ≠ DefiKernel.Nary.Examples.donor1C →
                                                c ≠ DefiKernel.Nary.Examples.vaultC →
                                                  result.world.state.balance c = m.world.state.balance c) ∨
                                0 = 2 ∧
                                  inv = DefiKernel.Nary.Examples.inv203 ∧
                                    result.receipt = DefiKernel.Nary.Examples.rec203 ∧
                                      result.outputs = [] ∧
                                        result.world.state.balance DefiKernel.Nary.Examples.donor2C =
                                            m.world.state.balance DefiKernel.Nary.Examples.donor2C + -2 ∧
                                          result.world.state.balance DefiKernel.Nary.Examples.vaultC =
                                              m.world.state.balance DefiKernel.Nary.Examples.vaultC + 2 ∧
                                            ∀ (c : DefiKernel.Nary.Examples.C),
                                              c ≠ DefiKernel.Nary.Examples.donor2C →
                                                c ≠ DefiKernel.Nary.Examples.vaultC →
                                                  result.world.state.balance c = m.world.state.balance c))
                  (fun hs =>
                    Exists.casesOn (DefiKernel.Nary.FundedEnabledness.f10_producer_enabled m.world hstore hbudget)
                      fun result h =>
                      And.casesOn h fun hstep right =>
                        And.casesOn right fun hrec right =>
                          And.casesOn right fun houts right =>
                            And.casesOn right fun hcap hbal =>
                              Exists.intro result
                                ⟨Eq.mpr
                                    (id
                                      (congrFun'
                                        (congrArg Eq
                                          (congrFun'
                                            (congrFun'
                                              (congr
                                                (congr
                                                  (congrArg
                                                    (DefiKernel.Composition.executeStep DefiKernel.Nary.Examples.f10Cfg)
                                                    (congrArg (DefiKernel.Nary.Examples.f10Bounds 0) hn0))
                                                  hn0)
                                                hout)
                                              (DefiKernel.Composition.Step.invoke DefiKernel.Nary.Examples.inv200))
                                            m.world))
                                        (Except.ok result)))
                                    hstep,
                                  ⟨hcap, Or.inl ⟨rfl, ⟨rfl, ⟨hrec, ⟨houts, hbal⟩⟩⟩⟩⟩⟩)
                  (Eq.symm hinv) hs)
              (Eq.symm hb) hf hs)
    fun h =>
    Or.casesOn h
      (fun hcons =>
        And.casesOn hcons fun hb right =>
          And.casesOn right fun hinv right =>
            And.casesOn right fun hn0 right =>
              And.casesOn right fun hout hvault =>
                Eq.ndrec (motive := fun {b} =>
                  (m.locals b).failure = none →
                    (DefiKernel.Nary.Examples.f10Branches b)[(m.locals b).consumed]? = some inv →
                      ∃ result,
                        DefiKernel.Composition.executeStep DefiKernel.Nary.Examples.f10Cfg
                              (DefiKernel.Nary.Examples.f10Bounds b (m.locals b).nextIndex) (m.locals b).nextIndex
                              (m.locals b).outputs (DefiKernel.Composition.Step.invoke inv) m.world =
                            Except.ok result ∧
                          result.world.capabilities = DefiKernel.Nary.Examples.f10Store ∧
                            ((b = 0 ∧
                                inv = DefiKernel.Nary.Examples.inv200 ∧
                                  result.receipt = DefiKernel.Nary.Examples.rec200 ∧
                                    result.outputs = [DefiKernel.Nary.Examples.budgetOut 0] ∧
                                      ∀
                                        (c :
                                          DefiKernel.Typed.Cell DefiKernel.Nary.Examples.P DefiKernel.Nary.Examples.A
                                            DefiKernel.Nary.Examples.D),
                                        result.world.state.balance c = m.world.state.balance c) ∨
                              (b = 0 ∧
                                  inv = DefiKernel.Nary.Examples.inv201 ∧
                                    result.receipt = DefiKernel.Nary.Examples.rec201 ∧
                                      result.outputs = [] ∧
                                        result.world.state.balance DefiKernel.Nary.Examples.vaultC =
                                            m.world.state.balance DefiKernel.Nary.Examples.vaultC + -6 ∧
                                          result.world.state.balance DefiKernel.Nary.Examples.recipientC =
                                              m.world.state.balance DefiKernel.Nary.Examples.recipientC + 6 ∧
                                            ∀ (c : DefiKernel.Nary.Examples.C),
                                              c ≠ DefiKernel.Nary.Examples.vaultC →
                                                c ≠ DefiKernel.Nary.Examples.recipientC →
                                                  result.world.state.balance c = m.world.state.balance c) ∨
                                (b = 1 ∧
                                    inv = DefiKernel.Nary.Examples.inv202 ∧
                                      result.receipt = DefiKernel.Nary.Examples.rec202 ∧
                                        result.outputs = [] ∧
                                          result.world.state.balance DefiKernel.Nary.Examples.donor1C =
                                              m.world.state.balance DefiKernel.Nary.Examples.donor1C + -1 ∧
                                            result.world.state.balance DefiKernel.Nary.Examples.vaultC =
                                                m.world.state.balance DefiKernel.Nary.Examples.vaultC + 1 ∧
                                              ∀ (c : DefiKernel.Nary.Examples.C),
                                                c ≠ DefiKernel.Nary.Examples.donor1C →
                                                  c ≠ DefiKernel.Nary.Examples.vaultC →
                                                    result.world.state.balance c = m.world.state.balance c) ∨
                                  b = 2 ∧
                                    inv = DefiKernel.Nary.Examples.inv203 ∧
                                      result.receipt = DefiKernel.Nary.Examples.rec203 ∧
                                        result.outputs = [] ∧
                                          result.world.state.balance DefiKernel.Nary.Examples.donor2C =
                                              m.world.state.balance DefiKernel.Nary.Examples.donor2C + -2 ∧
                                            result.world.state.balance DefiKernel.Nary.Examples.vaultC =
                                                m.world.state.balance DefiKernel.Nary.Examples.vaultC + 2 ∧
                                              ∀ (c : DefiKernel.Nary.Examples.C),
                                                c ≠ DefiKernel.Nary.Examples.donor2C →
                                                  c ≠ DefiKernel.Nary.Examples.vaultC →
                                                    result.world.state.balance c = m.world.state.balance c))
                  (fun hf hs =>
                    Eq.ndrec (motive := fun {inv} =>
                      (DefiKernel.Nary.Examples.f10Branches 0)[(m.locals 0).consumed]? = some inv →
                        ∃ result,
                          DefiKernel.Composition.executeStep DefiKernel.Nary.Examples.f10Cfg
                                (DefiKernel.Nary.Examples.f10Bounds 0 (m.locals 0).nextIndex) (m.locals 0).nextIndex
                                (m.locals 0).outputs (DefiKernel.Composition.Step.invoke inv) m.world =
                              Except.ok result ∧
                            result.world.capabilities = DefiKernel.Nary.Examples.f10Store ∧
                              ((0 = 0 ∧
                                  inv = DefiKernel.Nary.Examples.inv200 ∧
                                    result.receipt = DefiKernel.Nary.Examples.rec200 ∧
                                      result.outputs = [DefiKernel.Nary.Examples.budgetOut 0] ∧
                                        ∀
                                          (c :
                                            DefiKernel.Typed.Cell DefiKernel.Nary.Examples.P DefiKernel.Nary.Examples.A
                                              DefiKernel.Nary.Examples.D),
                                          result.world.state.balance c = m.world.state.balance c) ∨
                                (0 = 0 ∧
                                    inv = DefiKernel.Nary.Examples.inv201 ∧
                                      result.receipt = DefiKernel.Nary.Examples.rec201 ∧
                                        result.outputs = [] ∧
                                          result.world.state.balance DefiKernel.Nary.Examples.vaultC =
                                              m.world.state.balance DefiKernel.Nary.Examples.vaultC + -6 ∧
                                            result.world.state.balance DefiKernel.Nary.Examples.recipientC =
                                                m.world.state.balance DefiKernel.Nary.Examples.recipientC + 6 ∧
                                              ∀ (c : DefiKernel.Nary.Examples.C),
                                                c ≠ DefiKernel.Nary.Examples.vaultC →
                                                  c ≠ DefiKernel.Nary.Examples.recipientC →
                                                    result.world.state.balance c = m.world.state.balance c) ∨
                                  (0 = 1 ∧
                                      inv = DefiKernel.Nary.Examples.inv202 ∧
                                        result.receipt = DefiKernel.Nary.Examples.rec202 ∧
                                          result.outputs = [] ∧
                                            result.world.state.balance DefiKernel.Nary.Examples.donor1C =
                                                m.world.state.balance DefiKernel.Nary.Examples.donor1C + -1 ∧
                                              result.world.state.balance DefiKernel.Nary.Examples.vaultC =
                                                  m.world.state.balance DefiKernel.Nary.Examples.vaultC + 1 ∧
                                                ∀ (c : DefiKernel.Nary.Examples.C),
                                                  c ≠ DefiKernel.Nary.Examples.donor1C →
                                                    c ≠ DefiKernel.Nary.Examples.vaultC →
                                                      result.world.state.balance c = m.world.state.balance c) ∨
                                    0 = 2 ∧
                                      inv = DefiKernel.Nary.Examples.inv203 ∧
                                        result.receipt = DefiKernel.Nary.Examples.rec203 ∧
                                          result.outputs = [] ∧
                                            result.world.state.balance DefiKernel.Nary.Examples.donor2C =
                                                m.world.state.balance DefiKernel.Nary.Examples.donor2C + -2 ∧
                                              result.world.state.balance DefiKernel.Nary.Examples.vaultC =
                                                  m.world.state.balance DefiKernel.Nary.Examples.vaultC + 2 ∧
                                                ∀ (c : DefiKernel.Nary.Examples.C),
                                                  c ≠ DefiKernel.Nary.Examples.donor2C →
                                                    c ≠ DefiKernel.Nary.Examples.vaultC →
                                                      result.world.state.balance c = m.world.state.balance c))
                      (fun hs =>
                        Exists.casesOn (DefiKernel.Nary.FundedEnabledness.f10_consumer_enabled m.world hstore hvault)
                          fun result h =>
                          And.casesOn h fun hstep right =>
                            And.casesOn right fun hrec right =>
                              And.casesOn right fun houts right =>
                                And.casesOn right fun hcap right =>
                                  And.casesOn right fun hv right =>
                                    And.casesOn right fun hr hfr =>
                                      Exists.intro result
                                        ⟨Eq.mpr
                                            (id
                                              (congrFun'
                                                (congrArg Eq
                                                  (congrFun'
                                                    (congrFun'
                                                      (congr
                                                        (congr
                                                          (congrArg
                                                            (DefiKernel.Composition.executeStep
                                                              DefiKernel.Nary.Examples.f10Cfg)
                                                            (congrArg (DefiKernel.Nary.Examples.f10Bounds 0) hn0))
                                                          hn0)
                                                        hout)
                                                      (DefiKernel.Composition.Step.invoke
                                                        DefiKernel.Nary.Examples.inv201))
                                                    m.world))
                                                (Except.ok result)))
                                            hstep,
                                          ⟨hcap, Or.inr (Or.inl ⟨rfl, ⟨rfl, ⟨hrec, ⟨houts, ⟨hv, ⟨hr, hfr⟩⟩⟩⟩⟩⟩)⟩⟩)
                      (Eq.symm hinv) hs)
                  (Eq.symm hb) hf hs)
      fun h =>
      Or.casesOn h
        (fun hd1 =>
          And.casesOn hd1 fun hb right =>
            And.casesOn right fun hinv right =>
              And.casesOn right fun hn1 hfund =>
                Eq.ndrec (motive := fun {b} =>
                  (m.locals b).failure = none →
                    (DefiKernel.Nary.Examples.f10Branches b)[(m.locals b).consumed]? = some inv →
                      ∃ result,
                        DefiKernel.Composition.executeStep DefiKernel.Nary.Examples.f10Cfg
                              (DefiKernel.Nary.Examples.f10Bounds b (m.locals b).nextIndex) (m.locals b).nextIndex
                              (m.locals b).outputs (DefiKernel.Composition.Step.invoke inv) m.world =
                            Except.ok result ∧
                          result.world.capabilities = DefiKernel.Nary.Examples.f10Store ∧
                            ((b = 0 ∧
                                inv = DefiKernel.Nary.Examples.inv200 ∧
                                  result.receipt = DefiKernel.Nary.Examples.rec200 ∧
                                    result.outputs = [DefiKernel.Nary.Examples.budgetOut 0] ∧
                                      ∀
                                        (c :
                                          DefiKernel.Typed.Cell DefiKernel.Nary.Examples.P DefiKernel.Nary.Examples.A
                                            DefiKernel.Nary.Examples.D),
                                        result.world.state.balance c = m.world.state.balance c) ∨
                              (b = 0 ∧
                                  inv = DefiKernel.Nary.Examples.inv201 ∧
                                    result.receipt = DefiKernel.Nary.Examples.rec201 ∧
                                      result.outputs = [] ∧
                                        result.world.state.balance DefiKernel.Nary.Examples.vaultC =
                                            m.world.state.balance DefiKernel.Nary.Examples.vaultC + -6 ∧
                                          result.world.state.balance DefiKernel.Nary.Examples.recipientC =
                                              m.world.state.balance DefiKernel.Nary.Examples.recipientC + 6 ∧
                                            ∀ (c : DefiKernel.Nary.Examples.C),
                                              c ≠ DefiKernel.Nary.Examples.vaultC →
                                                c ≠ DefiKernel.Nary.Examples.recipientC →
                                                  result.world.state.balance c = m.world.state.balance c) ∨
                                (b = 1 ∧
                                    inv = DefiKernel.Nary.Examples.inv202 ∧
                                      result.receipt = DefiKernel.Nary.Examples.rec202 ∧
                                        result.outputs = [] ∧
                                          result.world.state.balance DefiKernel.Nary.Examples.donor1C =
                                              m.world.state.balance DefiKernel.Nary.Examples.donor1C + -1 ∧
                                            result.world.state.balance DefiKernel.Nary.Examples.vaultC =
                                                m.world.state.balance DefiKernel.Nary.Examples.vaultC + 1 ∧
                                              ∀ (c : DefiKernel.Nary.Examples.C),
                                                c ≠ DefiKernel.Nary.Examples.donor1C →
                                                  c ≠ DefiKernel.Nary.Examples.vaultC →
                                                    result.world.state.balance c = m.world.state.balance c) ∨
                                  b = 2 ∧
                                    inv = DefiKernel.Nary.Examples.inv203 ∧
                                      result.receipt = DefiKernel.Nary.Examples.rec203 ∧
                                        result.outputs = [] ∧
                                          result.world.state.balance DefiKernel.Nary.Examples.donor2C =
                                              m.world.state.balance DefiKernel.Nary.Examples.donor2C + -2 ∧
                                            result.world.state.balance DefiKernel.Nary.Examples.vaultC =
                                                m.world.state.balance DefiKernel.Nary.Examples.vaultC + 2 ∧
                                              ∀ (c : DefiKernel.Nary.Examples.C),
                                                c ≠ DefiKernel.Nary.Examples.donor2C →
                                                  c ≠ DefiKernel.Nary.Examples.vaultC →
                                                    result.world.state.balance c = m.world.state.balance c))
                  (fun hf hs =>
                    Eq.ndrec (motive := fun {inv} =>
                      (DefiKernel.Nary.Examples.f10Branches 1)[(m.locals 1).consumed]? = some inv →
                        ∃ result,
                          DefiKernel.Composition.executeStep DefiKernel.Nary.Examples.f10Cfg
                                (DefiKernel.Nary.Examples.f10Bounds 1 (m.locals 1).nextIndex) (m.locals 1).nextIndex
                                (m.locals 1).outputs (DefiKernel.Composition.Step.invoke inv) m.world =
                              Except.ok result ∧
                            result.world.capabilities = DefiKernel.Nary.Examples.f10Store ∧
                              ((1 = 0 ∧
                                  inv = DefiKernel.Nary.Examples.inv200 ∧
                                    result.receipt = DefiKernel.Nary.Examples.rec200 ∧
                                      result.outputs = [DefiKernel.Nary.Examples.budgetOut 0] ∧
                                        ∀
                                          (c :
                                            DefiKernel.Typed.Cell DefiKernel.Nary.Examples.P DefiKernel.Nary.Examples.A
                                              DefiKernel.Nary.Examples.D),
                                          result.world.state.balance c = m.world.state.balance c) ∨
                                (1 = 0 ∧
                                    inv = DefiKernel.Nary.Examples.inv201 ∧
                                      result.receipt = DefiKernel.Nary.Examples.rec201 ∧
                                        result.outputs = [] ∧
                                          result.world.state.balance DefiKernel.Nary.Examples.vaultC =
                                              m.world.state.balance DefiKernel.Nary.Examples.vaultC + -6 ∧
                                            result.world.state.balance DefiKernel.Nary.Examples.recipientC =
                                                m.world.state.balance DefiKernel.Nary.Examples.recipientC + 6 ∧
                                              ∀ (c : DefiKernel.Nary.Examples.C),
                                                c ≠ DefiKernel.Nary.Examples.vaultC →
                                                  c ≠ DefiKernel.Nary.Examples.recipientC →
                                                    result.world.state.balance c = m.world.state.balance c) ∨
                                  (1 = 1 ∧
                                      inv = DefiKernel.Nary.Examples.inv202 ∧
                                        result.receipt = DefiKernel.Nary.Examples.rec202 ∧
                                          result.outputs = [] ∧
                                            result.world.state.balance DefiKernel.Nary.Examples.donor1C =
                                                m.world.state.balance DefiKernel.Nary.Examples.donor1C + -1 ∧
                                              result.world.state.balance DefiKernel.Nary.Examples.vaultC =
                                                  m.world.state.balance DefiKernel.Nary.Examples.vaultC + 1 ∧
                                                ∀ (c : DefiKernel.Nary.Examples.C),
                                                  c ≠ DefiKernel.Nary.Examples.donor1C →
                                                    c ≠ DefiKernel.Nary.Examples.vaultC →
                                                      result.world.state.balance c = m.world.state.balance c) ∨
                                    1 = 2 ∧
                                      inv = DefiKernel.Nary.Examples.inv203 ∧
                                        result.receipt = DefiKernel.Nary.Examples.rec203 ∧
                                          result.outputs = [] ∧
                                            result.world.state.balance DefiKernel.Nary.Examples.donor2C =
                                                m.world.state.balance DefiKernel.Nary.Examples.donor2C + -2 ∧
                                              result.world.state.balance DefiKernel.Nary.Examples.vaultC =
                                                  m.world.state.balance DefiKernel.Nary.Examples.vaultC + 2 ∧
                                                ∀ (c : DefiKernel.Nary.Examples.C),
                                                  c ≠ DefiKernel.Nary.Examples.donor2C →
                                                    c ≠ DefiKernel.Nary.Examples.vaultC →
                                                      result.world.state.balance c = m.world.state.balance c))
                      (fun hs =>
                        have hout := DefiKernel.Nary.FundedCausal.f10_reachable_empty_outputs hk.left 1 hn1;
                        Exists.casesOn (DefiKernel.Nary.FundedEnabledness.f10_deposit1_enabled m.world hstore hfund)
                          fun result h =>
                          And.casesOn h fun hstep right =>
                            And.casesOn right fun hrec right =>
                              And.casesOn right fun houts right =>
                                And.casesOn right fun hcap right =>
                                  And.casesOn right fun hd right =>
                                    And.casesOn right fun hv hfr =>
                                      Exists.intro result
                                        ⟨Eq.mpr
                                            (id
                                              (congrFun'
                                                (congrArg Eq
                                                  (congrFun'
                                                    (congrFun'
                                                      (congr
                                                        (congr
                                                          (congrArg
                                                            (DefiKernel.Composition.executeStep
                                                              DefiKernel.Nary.Examples.f10Cfg)
                                                            (congrArg (DefiKernel.Nary.Examples.f10Bounds 1) hn1))
                                                          hn1)
                                                        hout)
                                                      (DefiKernel.Composition.Step.invoke
                                                        DefiKernel.Nary.Examples.inv202))
                                                    m.world))
                                                (Except.ok result)))
                                            hstep,
                                          ⟨hcap,
                                            Or.inr (Or.inr (Or.inl ⟨rfl, ⟨rfl, ⟨hrec, ⟨houts, ⟨hd, ⟨hv, hfr⟩⟩⟩⟩⟩⟩))⟩⟩)
                      (Eq.symm hinv) hs)
                  (Eq.symm hb) hf hs)
        fun hd2 =>
        And.casesOn hd2 fun hb right =>
          And.casesOn right fun hinv right =>
            And.casesOn right fun hn2 hfund =>
              Eq.ndrec (motive := fun {b} =>
                (m.locals b).failure = none →
                  (DefiKernel.Nary.Examples.f10Branches b)[(m.locals b).consumed]? = some inv →
                    ∃ result,
                      DefiKernel.Composition.executeStep DefiKernel.Nary.Examples.f10Cfg
                            (DefiKernel.Nary.Examples.f10Bounds b (m.locals b).nextIndex) (m.locals b).nextIndex
                            (m.locals b).outputs (DefiKernel.Composition.Step.invoke inv) m.world =
                          Except.ok result ∧
                        result.world.capabilities = DefiKernel.Nary.Examples.f10Store ∧
                          ((b = 0 ∧
                              inv = DefiKernel.Nary.Examples.inv200 ∧
                                result.receipt = DefiKernel.Nary.Examples.rec200 ∧
                                  result.outputs = [DefiKernel.Nary.Examples.budgetOut 0] ∧
                                    ∀
                                      (c :
                                        DefiKernel.Typed.Cell DefiKernel.Nary.Examples.P DefiKernel.Nary.Examples.A
                                          DefiKernel.Nary.Examples.D),
                                      result.world.state.balance c = m.world.state.balance c) ∨
                            (b = 0 ∧
                                inv = DefiKernel.Nary.Examples.inv201 ∧
                                  result.receipt = DefiKernel.Nary.Examples.rec201 ∧
                                    result.outputs = [] ∧
                                      result.world.state.balance DefiKernel.Nary.Examples.vaultC =
                                          m.world.state.balance DefiKernel.Nary.Examples.vaultC + -6 ∧
                                        result.world.state.balance DefiKernel.Nary.Examples.recipientC =
                                            m.world.state.balance DefiKernel.Nary.Examples.recipientC + 6 ∧
                                          ∀ (c : DefiKernel.Nary.Examples.C),
                                            c ≠ DefiKernel.Nary.Examples.vaultC →
                                              c ≠ DefiKernel.Nary.Examples.recipientC →
                                                result.world.state.balance c = m.world.state.balance c) ∨
                              (b = 1 ∧
                                  inv = DefiKernel.Nary.Examples.inv202 ∧
                                    result.receipt = DefiKernel.Nary.Examples.rec202 ∧
                                      result.outputs = [] ∧
                                        result.world.state.balance DefiKernel.Nary.Examples.donor1C =
                                            m.world.state.balance DefiKernel.Nary.Examples.donor1C + -1 ∧
                                          result.world.state.balance DefiKernel.Nary.Examples.vaultC =
                                              m.world.state.balance DefiKernel.Nary.Examples.vaultC + 1 ∧
                                            ∀ (c : DefiKernel.Nary.Examples.C),
                                              c ≠ DefiKernel.Nary.Examples.donor1C →
                                                c ≠ DefiKernel.Nary.Examples.vaultC →
                                                  result.world.state.balance c = m.world.state.balance c) ∨
                                b = 2 ∧
                                  inv = DefiKernel.Nary.Examples.inv203 ∧
                                    result.receipt = DefiKernel.Nary.Examples.rec203 ∧
                                      result.outputs = [] ∧
                                        result.world.state.balance DefiKernel.Nary.Examples.donor2C =
                                            m.world.state.balance DefiKernel.Nary.Examples.donor2C + -2 ∧
                                          result.world.state.balance DefiKernel.Nary.Examples.vaultC =
                                              m.world.state.balance DefiKernel.Nary.Examples.vaultC + 2 ∧
                                            ∀ (c : DefiKernel.Nary.Examples.C),
                                              c ≠ DefiKernel.Nary.Examples.donor2C →
                                                c ≠ DefiKernel.Nary.Examples.vaultC →
                                                  result.world.state.balance c = m.world.state.balance c))
                (fun hf hs =>
                  Eq.ndrec (motive := fun {inv} =>
                    (DefiKernel.Nary.Examples.f10Branches 2)[(m.locals 2).consumed]? = some inv →
                      ∃ result,
                        DefiKernel.Composition.executeStep DefiKernel.Nary.Examples.f10Cfg
                              (DefiKernel.Nary.Examples.f10Bounds 2 (m.locals 2).nextIndex) (m.locals 2).nextIndex
                              (m.locals 2).outputs (DefiKernel.Composition.Step.invoke inv) m.world =
                            Except.ok result ∧
                          result.world.capabilities = DefiKernel.Nary.Examples.f10Store ∧
                            ((2 = 0 ∧
                                inv = DefiKernel.Nary.Examples.inv200 ∧
                                  result.receipt = DefiKernel.Nary.Examples.rec200 ∧
                                    result.outputs = [DefiKernel.Nary.Examples.budgetOut 0] ∧
                                      ∀
                                        (c :
                                          DefiKernel.Typed.Cell DefiKernel.Nary.Examples.P DefiKernel.Nary.Examples.A
                                            DefiKernel.Nary.Examples.D),
                                        result.world.state.balance c = m.world.state.balance c) ∨
                              (2 = 0 ∧
                                  inv = DefiKernel.Nary.Examples.inv201 ∧
                                    result.receipt = DefiKernel.Nary.Examples.rec201 ∧
                                      result.outputs = [] ∧
                                        result.world.state.balance DefiKernel.Nary.Examples.vaultC =
                                            m.world.state.balance DefiKernel.Nary.Examples.vaultC + -6 ∧
                                          result.world.state.balance DefiKernel.Nary.Examples.recipientC =
                                              m.world.state.balance DefiKernel.Nary.Examples.recipientC + 6 ∧
                                            ∀ (c : DefiKernel.Nary.Examples.C),
                                              c ≠ DefiKernel.Nary.Examples.vaultC →
                                                c ≠ DefiKernel.Nary.Examples.recipientC →
                                                  result.world.state.balance c = m.world.state.balance c) ∨
                                (2 = 1 ∧
                                    inv = DefiKernel.Nary.Examples.inv202 ∧
                                      result.receipt = DefiKernel.Nary.Examples.rec202 ∧
                                        result.outputs = [] ∧
                                          result.world.state.balance DefiKernel.Nary.Examples.donor1C =
                                              m.world.state.balance DefiKernel.Nary.Examples.donor1C + -1 ∧
                                            result.world.state.balance DefiKernel.Nary.Examples.vaultC =
                                                m.world.state.balance DefiKernel.Nary.Examples.vaultC + 1 ∧
                                              ∀ (c : DefiKernel.Nary.Examples.C),
                                                c ≠ DefiKernel.Nary.Examples.donor1C →
                                                  c ≠ DefiKernel.Nary.Examples.vaultC →
                                                    result.world.state.balance c = m.world.state.balance c) ∨
                                  2 = 2 ∧
                                    inv = DefiKernel.Nary.Examples.inv203 ∧
                                      result.receipt = DefiKernel.Nary.Examples.rec203 ∧
                                        result.outputs = [] ∧
                                          result.world.state.balance DefiKernel.Nary.Examples.donor2C =
                                              m.world.state.balance DefiKernel.Nary.Examples.donor2C + -2 ∧
                                            result.world.state.balance DefiKernel.Nary.Examples.vaultC =
                                                m.world.state.balance DefiKernel.Nary.Examples.vaultC + 2 ∧
                                              ∀ (c : DefiKernel.Nary.Examples.C),
                                                c ≠ DefiKernel.Nary.Examples.donor2C →
                                                  c ≠ DefiKernel.Nary.Examples.vaultC →
                                                    result.world.state.balance c = m.world.state.balance c))
                    (fun hs =>
                      have hout := DefiKernel.Nary.FundedCausal.f10_reachable_empty_outputs hk.left 2 hn2;
                      Exists.casesOn (DefiKernel.Nary.FundedEnabledness.f10_deposit2_enabled m.world hstore hfund)
                        fun result h =>
                        And.casesOn h fun hstep right =>
                          And.casesOn right fun hrec right =>
                            And.casesOn right fun houts right =>
                              And.casesOn right fun hcap right =>
                                And.casesOn right fun hd right =>
                                  And.casesOn right fun hv hfr =>
                                    Exists.intro result
                                      ⟨Eq.mpr
                                          (id
                                            (congrFun'
                                              (congrArg Eq
                                                (congrFun'
                                                  (congrFun'
                                                    (congr
                                                      (congr
                                                        (congrArg
                                                          (DefiKernel.Composition.executeStep
                                                            DefiKernel.Nary.Examples.f10Cfg)
                                                          (congrArg (DefiKernel.Nary.Examples.f10Bounds 2) hn2))
                                                        hn2)
                                                      hout)
                                                    (DefiKernel.Composition.Step.invoke
                                                      DefiKernel.Nary.Examples.inv203))
                                                  m.world))
                                              (Except.ok result)))
                                          hstep,
                                        ⟨hcap,
                                          Or.inr (Or.inr (Or.inr ⟨rfl, ⟨rfl, ⟨hrec, ⟨houts, ⟨hd, ⟨hv, hfr⟩⟩⟩⟩⟩⟩))⟩⟩)
                    (Eq.symm hinv) hs)
                (Eq.symm hb) hf hs
theorem DefiKernel.Nary.FundedCausal.f10_live_selected_enabled : ∀ {q : DefiKernel.Nary.Examples.ReservePhase}
  {m : DefiKernel.Nary.Examples.M3} {b : Fin 3}
  {inv :
    DefiKernel.Composition.Invocation DefiKernel.Nary.Examples.P DefiKernel.Nary.Examples.A DefiKernel.Nary.Examples.D},
  DefiKernel.Nary.FundedCausal.FundedK q m →
    (m.locals b).failure = none →
      (DefiKernel.Nary.Examples.f10Branches b)[(m.locals b).consumed]? = some inv →
        ∃ result,
          DefiKernel.Composition.executeStep DefiKernel.Nary.Examples.f10Cfg
              (DefiKernel.Nary.Examples.f10Bounds b (m.locals b).nextIndex) (m.locals b).nextIndex (m.locals b).outputs
              (DefiKernel.Composition.Step.invoke inv) m.world =
            Except.ok result :=
fun {q} {m} {b} {inv} hk hf hs =>
  Exists.casesOn (DefiKernel.Nary.FundedCausal.f10_live_selected_enabled_details hk hf hs) fun result h =>
    And.casesOn h fun hstep right => Exists.intro result hstep
theorem DefiKernel.Nary.FundedCausal.f10_initialized_prefix_enabled : ∀ (schedule : DefiKernel.Nary.Schedule (Fin 3))
  (n : ℕ) {b : Fin 3}
  {inv :
    DefiKernel.Composition.Invocation DefiKernel.Nary.Examples.P DefiKernel.Nary.Examples.A DefiKernel.Nary.Examples.D},
  have m :=
    (DefiKernel.Nary.continueMonitored DefiKernel.Nary.Examples.f10Cfg DefiKernel.Nary.Examples.f10Bounds
        DefiKernel.Nary.Examples.f10Branches DefiKernel.Nary.Examples.reserveUpdate
        (DefiKernel.Nary.Examples.ReservePhase.awaiting, DefiKernel.Nary.start DefiKernel.Nary.Examples.f10Initial)
        (List.take n schedule)).2;
  (m.locals b).failure = none →
    (DefiKernel.Nary.Examples.f10Branches b)[(m.locals b).consumed]? = some inv →
      ∃ result,
        DefiKernel.Composition.executeStep DefiKernel.Nary.Examples.f10Cfg
            (DefiKernel.Nary.Examples.f10Bounds b (m.locals b).nextIndex) (m.locals b).nextIndex (m.locals b).outputs
            (DefiKernel.Composition.Step.invoke inv) m.world =
          Except.ok result :=
fun schedule n {b} {inv} hf hs =>
  DefiKernel.Nary.FundedCausal.f10_live_selected_enabled
    (DefiKernel.Nary.FundedCausal.f10_monitored_initialized (List.take n schedule)).left hf hs
theorem DefiKernel.Nary.FundedCausal.f10_selected_guards : ∀ {q : DefiKernel.Nary.Examples.ReservePhase}
  {m : DefiKernel.Nary.Examples.M3} {b : Fin 3}
  {inv :
    DefiKernel.Composition.Invocation DefiKernel.Nary.Examples.P DefiKernel.Nary.Examples.A DefiKernel.Nary.Examples.D},
  DefiKernel.Nary.FundedCausal.FundedK q m →
    (m.locals b).failure = none →
      (DefiKernel.Nary.Examples.f10Branches b)[(m.locals b).consumed]? = some inv →
        b = 0 ∧ inv = DefiKernel.Nary.Examples.inv200 ∧ (m.locals 0).nextIndex = 0 ∧ (m.locals 0).outputs = [] ∨
          b = 0 ∧
              inv = DefiKernel.Nary.Examples.inv201 ∧
                (m.locals 0).nextIndex = 1 ∧
                  (m.locals 0).outputs = [DefiKernel.Nary.Examples.budgetOut 0] ∧
                    6 ≤ m.world.state.balance DefiKernel.Nary.Examples.vaultC ∨
            b = 1 ∧
                inv = DefiKernel.Nary.Examples.inv202 ∧
                  (m.locals 1).nextIndex = 0 ∧ 1 ≤ m.world.state.balance DefiKernel.Nary.Examples.donor1C ∨
              b = 2 ∧
                inv = DefiKernel.Nary.Examples.inv203 ∧
                  (m.locals 2).nextIndex = 0 ∧ 2 ≤ m.world.state.balance DefiKernel.Nary.Examples.donor2C :=
fun {q} {m} {b} {inv} hk hf hs =>
  have hA :=
    DefiKernel.Nary.FundedCausal.f10_assumption_derivation q m b hk
      (DefiKernel.Nary.FundedCausal.f10_present_external q m b hk);
  have hsel := DefiKernel.Nary.FundedCausal.f10_selected_cases (hA.left hf) hs;
  Or.casesOn hsel.right
    (fun h =>
      And.casesOn h fun hb0 hop =>
        Eq.ndrec (motive := fun {b} =>
          (m.locals b).failure = none →
            (DefiKernel.Nary.Examples.f10Branches b)[(m.locals b).consumed]? = some inv →
              DefiKernel.Nary.FundedCausal.fundedAssumption b q m →
                (m.locals b).nextIndex = (m.locals b).consumed ∧
                    (b = 0 ∧
                        ((m.locals 0).nextIndex = 0 ∧ inv = DefiKernel.Nary.Examples.inv200 ∨
                          (m.locals 0).nextIndex = 1 ∧ inv = DefiKernel.Nary.Examples.inv201) ∨
                      b = 1 ∧ (m.locals 1).nextIndex = 0 ∧ inv = DefiKernel.Nary.Examples.inv202 ∨
                        b = 2 ∧ (m.locals 2).nextIndex = 0 ∧ inv = DefiKernel.Nary.Examples.inv203) →
                  b = 0 ∧
                      inv = DefiKernel.Nary.Examples.inv200 ∧ (m.locals 0).nextIndex = 0 ∧ (m.locals 0).outputs = [] ∨
                    b = 0 ∧
                        inv = DefiKernel.Nary.Examples.inv201 ∧
                          (m.locals 0).nextIndex = 1 ∧
                            (m.locals 0).outputs = [DefiKernel.Nary.Examples.budgetOut 0] ∧
                              6 ≤ m.world.state.balance DefiKernel.Nary.Examples.vaultC ∨
                      b = 1 ∧
                          inv = DefiKernel.Nary.Examples.inv202 ∧
                            (m.locals 1).nextIndex = 0 ∧ 1 ≤ m.world.state.balance DefiKernel.Nary.Examples.donor1C ∨
                        b = 2 ∧
                          inv = DefiKernel.Nary.Examples.inv203 ∧
                            (m.locals 2).nextIndex = 0 ∧ 2 ≤ m.world.state.balance DefiKernel.Nary.Examples.donor2C)
          (fun hf hs hA hsel =>
            Or.casesOn hop
              (fun h =>
                And.casesOn h fun hn0 hinv0 =>
                  Or.inl ⟨rfl, ⟨hinv0, ⟨hn0, hk.right.right.right.right.right.right.right.left hn0⟩⟩⟩)
              fun h =>
              And.casesOn h fun hn0 hinv0 =>
                have ha := hA.right;
                Or.casesOn ha (fun hne => False.elim (hne hn0)) fun h =>
                  And.casesOn h fun left right =>
                    And.casesOn right fun hout hvault =>
                      Or.inr
                        (Or.inl
                          ⟨rfl,
                            ⟨hinv0,
                              ⟨hn0,
                                ⟨hout,
                                  le_of_not_gt fun a =>
                                    Mathlib.Tactic.Linarith.lt_irrefl
                                      (Eq.mp
                                        (congrArg (fun _a => _a < 0)
                                          (Mathlib.Tactic.Ring.of_eq
                                            (Mathlib.Tactic.Ring.Common.add_congr
                                              (Mathlib.Tactic.Ring.Common.add_congr
                                                (Mathlib.Tactic.Ring.Common.mul_congr
                                                  (Mathlib.Tactic.Ring.cast_pos
                                                    (Mathlib.Meta.NormNum.isNat_ofNat ℚ (Eq.refl 4)))
                                                  (Mathlib.Tactic.Ring.Common.neg_congr
                                                    (Mathlib.Tactic.Ring.cast_pos
                                                      (Mathlib.Meta.NormNum.isNat_ofNat ℚ (Eq.refl 1)))
                                                    (Mathlib.Tactic.Ring.Common.neg_add
                                                      (Mathlib.Meta.NormNum.IsInt.to_raw_eq
                                                        (Mathlib.Meta.NormNum.isInt_neg (Eq.refl Neg.neg)
                                                          (Mathlib.Meta.NormNum.IsNat.to_isInt
                                                            (Mathlib.Meta.NormNum.IsNat.of_raw ℚ 1))
                                                          (Eq.refl (Int.negOfNat 1))))
                                                      Mathlib.Tactic.Ring.Common.neg_zero))
                                                  (Mathlib.Tactic.Ring.Common.add_mul
                                                    (Mathlib.Tactic.Ring.Common.mul_add
                                                      (Mathlib.Meta.NormNum.IsInt.to_raw_eq
                                                        (Mathlib.Meta.NormNum.isInt_mul (Eq.refl HMul.hMul)
                                                          (Mathlib.Meta.NormNum.IsNat.to_isInt
                                                            (Mathlib.Meta.NormNum.IsNat.of_raw ℚ 4))
                                                          (Mathlib.Meta.NormNum.IsInt.of_raw ℚ (Int.negOfNat 1))
                                                          (Eq.refl (Int.negOfNat 4))))
                                                      (Mathlib.Tactic.Ring.Common.mul_zero (Nat.rawCast 4))
                                                      (Mathlib.Tactic.Ring.Common.add_pf_add_zero
                                                        ((Int.negOfNat 4).rawCast + 0)))
                                                    (Mathlib.Tactic.Ring.Common.zero_mul ((Int.negOfNat 1).rawCast + 0))
                                                    (Mathlib.Tactic.Ring.Common.add_pf_add_zero
                                                      ((Int.negOfNat 4).rawCast + 0))))
                                                (Mathlib.Tactic.Ring.Common.sub_congr
                                                  (Mathlib.Tactic.Ring.cast_pos
                                                    (Mathlib.Meta.NormNum.isNat_ofNat ℚ (Eq.refl 6)))
                                                  (Mathlib.Tactic.Ring.Common.sub_congr
                                                    (Mathlib.Tactic.Ring.Common.atom_pf
                                                      (m.world.state.balance DefiKernel.Nary.Examples.vaultC) rfl
                                                      (Eq.mpr
                                                        (id
                                                          (congrArg
                                                            (fun _a =>
                                                              m.world.state.balance DefiKernel.Nary.Examples.vaultC ^
                                                                    Nat.rawCast 1 *
                                                                  Nat.rawCast 1 =
                                                                m.world.state.balance DefiKernel.Nary.Examples.vaultC ^
                                                                    Nat.rawCast 1 *
                                                                  _a)
                                                            (Eq.symm rfl)))
                                                        (Eq.refl
                                                          (m.world.state.balance DefiKernel.Nary.Examples.vaultC ^
                                                              Nat.rawCast 1 *
                                                            Nat.rawCast 1))))
                                                    (Mathlib.Tactic.Ring.cast_pos
                                                      (Mathlib.Meta.NormNum.isNat_ofNat ℚ (Eq.refl 4)))
                                                    (Mathlib.Tactic.Ring.Common.sub_pf
                                                      (Mathlib.Tactic.Ring.Common.neg_add
                                                        (Mathlib.Meta.NormNum.IsInt.to_raw_eq
                                                          (Mathlib.Meta.NormNum.isInt_neg (Eq.refl Neg.neg)
                                                            (Mathlib.Meta.NormNum.IsNat.to_isInt
                                                              (Mathlib.Meta.NormNum.IsNat.of_raw ℚ 4))
                                                            (Eq.refl (Int.negOfNat 4))))
                                                        Mathlib.Tactic.Ring.Common.neg_zero)
                                                      (Mathlib.Tactic.Ring.Common.add_pf_add_gt (Int.negOfNat 4).rawCast
                                                        (Mathlib.Tactic.Ring.Common.add_pf_add_zero
                                                          (m.world.state.balance DefiKernel.Nary.Examples.vaultC ^
                                                                Nat.rawCast 1 *
                                                              Nat.rawCast 1 +
                                                            0)))))
                                                  (Mathlib.Tactic.Ring.Common.sub_pf
                                                    (Mathlib.Tactic.Ring.Common.neg_add
                                                      (Mathlib.Meta.NormNum.IsNat.to_raw_eq
                                                        (Mathlib.Meta.NormNum.IsInt.to_isNat
                                                          (Mathlib.Meta.NormNum.isInt_neg (Eq.refl Neg.neg)
                                                            (Mathlib.Meta.NormNum.IsInt.of_raw ℚ (Int.negOfNat 4))
                                                            (Eq.refl (Int.ofNat 4)))))
                                                      (Mathlib.Tactic.Ring.Common.neg_add
                                                        (Mathlib.Tactic.Ring.Common.neg_mul
                                                          (m.world.state.balance DefiKernel.Nary.Examples.vaultC)
                                                          (Nat.rawCast 1)
                                                          (Mathlib.Meta.NormNum.IsInt.to_raw_eq
                                                            (Mathlib.Meta.NormNum.isInt_neg (Eq.refl Neg.neg)
                                                              (Mathlib.Meta.NormNum.IsNat.to_isInt
                                                                (Mathlib.Meta.NormNum.IsNat.of_raw ℚ 1))
                                                              (Eq.refl (Int.negOfNat 1)))))
                                                        Mathlib.Tactic.Ring.Common.neg_zero))
                                                    (Mathlib.Tactic.Ring.Common.add_pf_add_overlap
                                                      (Mathlib.Meta.NormNum.IsNat.to_raw_eq
                                                        (Mathlib.Meta.NormNum.isNat_add (Eq.refl HAdd.hAdd)
                                                          (Mathlib.Meta.NormNum.IsNat.of_raw ℚ 6)
                                                          (Mathlib.Meta.NormNum.IsNat.of_raw ℚ 4) (Eq.refl 10)))
                                                      (Mathlib.Tactic.Ring.Common.add_pf_zero_add
                                                        (m.world.state.balance DefiKernel.Nary.Examples.vaultC ^
                                                              Nat.rawCast 1 *
                                                            (Int.negOfNat 1).rawCast +
                                                          0)))))
                                                (Mathlib.Tactic.Ring.Common.add_pf_add_overlap
                                                  (Mathlib.Meta.NormNum.IsNat.to_raw_eq
                                                    (Mathlib.Meta.NormNum.IsInt.to_isNat
                                                      (Mathlib.Meta.NormNum.isInt_add (Eq.refl HAdd.hAdd)
                                                        (Mathlib.Meta.NormNum.IsInt.of_raw ℚ (Int.negOfNat 4))
                                                        (Mathlib.Meta.NormNum.IsNat.to_isInt
                                                          (Mathlib.Meta.NormNum.IsNat.of_raw ℚ 10))
                                                        (Eq.refl (Int.ofNat 6)))))
                                                  (Mathlib.Tactic.Ring.Common.add_pf_zero_add
                                                    (m.world.state.balance DefiKernel.Nary.Examples.vaultC ^
                                                          Nat.rawCast 1 *
                                                        (Int.negOfNat 1).rawCast +
                                                      0))))
                                              (Mathlib.Tactic.Ring.Common.sub_congr
                                                (Mathlib.Tactic.Ring.Common.atom_pf
                                                  (m.world.state.balance DefiKernel.Nary.Examples.vaultC) rfl
                                                  (Eq.mpr
                                                    (id
                                                      (congrArg
                                                        (fun _a =>
                                                          m.world.state.balance DefiKernel.Nary.Examples.vaultC ^
                                                                Nat.rawCast 1 *
                                                              Nat.rawCast 1 =
                                                            m.world.state.balance DefiKernel.Nary.Examples.vaultC ^
                                                                Nat.rawCast 1 *
                                                              _a)
                                                        (Eq.symm rfl)))
                                                    (Eq.refl
                                                      (m.world.state.balance DefiKernel.Nary.Examples.vaultC ^
                                                          Nat.rawCast 1 *
                                                        Nat.rawCast 1))))
                                                (Mathlib.Tactic.Ring.cast_pos
                                                  (Mathlib.Meta.NormNum.isNat_ofNat ℚ (Eq.refl 6)))
                                                (Mathlib.Tactic.Ring.Common.sub_pf
                                                  (Mathlib.Tactic.Ring.Common.neg_add
                                                    (Mathlib.Meta.NormNum.IsInt.to_raw_eq
                                                      (Mathlib.Meta.NormNum.isInt_neg (Eq.refl Neg.neg)
                                                        (Mathlib.Meta.NormNum.IsNat.to_isInt
                                                          (Mathlib.Meta.NormNum.IsNat.of_raw ℚ 6))
                                                        (Eq.refl (Int.negOfNat 6))))
                                                    Mathlib.Tactic.Ring.Common.neg_zero)
                                                  (Mathlib.Tactic.Ring.Common.add_pf_add_gt (Int.negOfNat 6).rawCast
                                                    (Mathlib.Tactic.Ring.Common.add_pf_add_zero
                                                      (m.world.state.balance DefiKernel.Nary.Examples.vaultC ^
                                                            Nat.rawCast 1 *
                                                          Nat.rawCast 1 +
                                                        0)))))
                                              (Mathlib.Tactic.Ring.Common.add_pf_add_overlap_zero
                                                (Mathlib.Meta.NormNum.IsInt.to_isNat
                                                  (Mathlib.Meta.NormNum.isInt_add (Eq.refl HAdd.hAdd)
                                                    (Mathlib.Meta.NormNum.IsNat.to_isInt
                                                      (Mathlib.Meta.NormNum.IsNat.of_raw ℚ 6))
                                                    (Mathlib.Meta.NormNum.IsInt.of_raw ℚ (Int.negOfNat 6))
                                                    (Eq.refl (Int.ofNat 0))))
                                                (Mathlib.Tactic.Ring.Common.add_pf_add_overlap_zero
                                                  (Mathlib.Tactic.Ring.Common.add_overlap_pf_zero
                                                    (m.world.state.balance DefiKernel.Nary.Examples.vaultC)
                                                    (Nat.rawCast 1)
                                                    (Mathlib.Meta.NormNum.IsInt.to_isNat
                                                      (Mathlib.Meta.NormNum.isInt_add (Eq.refl HAdd.hAdd)
                                                        (Mathlib.Meta.NormNum.IsInt.of_raw ℚ (Int.negOfNat 1))
                                                        (Mathlib.Meta.NormNum.IsNat.to_isInt
                                                          (Mathlib.Meta.NormNum.IsNat.of_raw ℚ 1))
                                                        (Eq.refl (Int.ofNat 0)))))
                                                  (Mathlib.Tactic.Ring.Common.add_pf_zero_add 0))))
                                            (Mathlib.Tactic.Ring.cast_zero
                                              (Mathlib.Meta.NormNum.isNat_ofNat ℚ (Eq.refl 0)))))
                                        (Mathlib.Tactic.Linarith.add_neg
                                          (Mathlib.Tactic.Linarith.add_lt_of_neg_of_le
                                            (Mathlib.Tactic.Linarith.mul_neg
                                              (neg_neg_of_pos Mathlib.Tactic.Linarith.zero_lt_one)
                                              (Mathlib.Meta.NormNum.isNat_lt_true
                                                (Mathlib.Meta.NormNum.isNat_ofNat ℚ (Eq.refl 0))
                                                (Mathlib.Meta.NormNum.isNat_ofNat ℚ (Eq.refl 4)) (Eq.refl false)))
                                            (Mathlib.Tactic.Linarith.sub_nonpos_of_le hvault))
                                          (Mathlib.Tactic.Linarith.sub_neg_of_lt a)))⟩⟩⟩⟩))
          (Eq.symm hb0) hf hs hA hsel)
    fun h =>
    Or.casesOn h
      (fun h =>
        And.casesOn h fun hb1 right =>
          And.casesOn right fun hn1 hinv1 =>
            Eq.ndrec (motive := fun {b} =>
              (m.locals b).failure = none →
                (DefiKernel.Nary.Examples.f10Branches b)[(m.locals b).consumed]? = some inv →
                  DefiKernel.Nary.FundedCausal.fundedAssumption b q m →
                    (m.locals b).nextIndex = (m.locals b).consumed ∧
                        (b = 0 ∧
                            ((m.locals 0).nextIndex = 0 ∧ inv = DefiKernel.Nary.Examples.inv200 ∨
                              (m.locals 0).nextIndex = 1 ∧ inv = DefiKernel.Nary.Examples.inv201) ∨
                          b = 1 ∧ (m.locals 1).nextIndex = 0 ∧ inv = DefiKernel.Nary.Examples.inv202 ∨
                            b = 2 ∧ (m.locals 2).nextIndex = 0 ∧ inv = DefiKernel.Nary.Examples.inv203) →
                      b = 0 ∧
                          inv = DefiKernel.Nary.Examples.inv200 ∧
                            (m.locals 0).nextIndex = 0 ∧ (m.locals 0).outputs = [] ∨
                        b = 0 ∧
                            inv = DefiKernel.Nary.Examples.inv201 ∧
                              (m.locals 0).nextIndex = 1 ∧
                                (m.locals 0).outputs = [DefiKernel.Nary.Examples.budgetOut 0] ∧
                                  6 ≤ m.world.state.balance DefiKernel.Nary.Examples.vaultC ∨
                          b = 1 ∧
                              inv = DefiKernel.Nary.Examples.inv202 ∧
                                (m.locals 1).nextIndex = 0 ∧
                                  1 ≤ m.world.state.balance DefiKernel.Nary.Examples.donor1C ∨
                            b = 2 ∧
                              inv = DefiKernel.Nary.Examples.inv203 ∧
                                (m.locals 2).nextIndex = 0 ∧ 2 ≤ m.world.state.balance DefiKernel.Nary.Examples.donor2C)
              (fun hf hs hA hsel =>
                Eq.ndrec (motive := fun {inv} =>
                  (DefiKernel.Nary.Examples.f10Branches 1)[(m.locals 1).consumed]? = some inv →
                    (m.locals 1).nextIndex = (m.locals 1).consumed ∧
                        (1 = 0 ∧
                            ((m.locals 0).nextIndex = 0 ∧ inv = DefiKernel.Nary.Examples.inv200 ∨
                              (m.locals 0).nextIndex = 1 ∧ inv = DefiKernel.Nary.Examples.inv201) ∨
                          1 = 1 ∧ (m.locals 1).nextIndex = 0 ∧ inv = DefiKernel.Nary.Examples.inv202 ∨
                            1 = 2 ∧ (m.locals 2).nextIndex = 0 ∧ inv = DefiKernel.Nary.Examples.inv203) →
                      1 = 0 ∧
                          inv = DefiKernel.Nary.Examples.inv200 ∧
                            (m.locals 0).nextIndex = 0 ∧ (m.locals 0).outputs = [] ∨
                        1 = 0 ∧
                            inv = DefiKernel.Nary.Examples.inv201 ∧
                              (m.locals 0).nextIndex = 1 ∧
                                (m.locals 0).outputs = [DefiKernel.Nary.Examples.budgetOut 0] ∧
                                  6 ≤ m.world.state.balance DefiKernel.Nary.Examples.vaultC ∨
                          1 = 1 ∧
                              inv = DefiKernel.Nary.Examples.inv202 ∧
                                (m.locals 1).nextIndex = 0 ∧
                                  1 ≤ m.world.state.balance DefiKernel.Nary.Examples.donor1C ∨
                            1 = 2 ∧
                              inv = DefiKernel.Nary.Examples.inv203 ∧
                                (m.locals 2).nextIndex = 0 ∧ 2 ≤ m.world.state.balance DefiKernel.Nary.Examples.donor2C)
                  (fun hs hsel =>
                    have ha := hA.right;
                    Or.inr (Or.inr (Or.inl ⟨rfl, ⟨rfl, ⟨hn1, ha hn1⟩⟩⟩)))
                  (Eq.symm hinv1) hs hsel)
              (Eq.symm hb1) hf hs hA hsel)
      fun h =>
      And.casesOn h fun hb2 right =>
        And.casesOn right fun hn2 hinv2 =>
          Eq.ndrec (motive := fun {b} =>
            (m.locals b).failure = none →
              (DefiKernel.Nary.Examples.f10Branches b)[(m.locals b).consumed]? = some inv →
                DefiKernel.Nary.FundedCausal.fundedAssumption b q m →
                  (m.locals b).nextIndex = (m.locals b).consumed ∧
                      (b = 0 ∧
                          ((m.locals 0).nextIndex = 0 ∧ inv = DefiKernel.Nary.Examples.inv200 ∨
                            (m.locals 0).nextIndex = 1 ∧ inv = DefiKernel.Nary.Examples.inv201) ∨
                        b = 1 ∧ (m.locals 1).nextIndex = 0 ∧ inv = DefiKernel.Nary.Examples.inv202 ∨
                          b = 2 ∧ (m.locals 2).nextIndex = 0 ∧ inv = DefiKernel.Nary.Examples.inv203) →
                    b = 0 ∧
                        inv = DefiKernel.Nary.Examples.inv200 ∧ (m.locals 0).nextIndex = 0 ∧ (m.locals 0).outputs = [] ∨
                      b = 0 ∧
                          inv = DefiKernel.Nary.Examples.inv201 ∧
                            (m.locals 0).nextIndex = 1 ∧
                              (m.locals 0).outputs = [DefiKernel.Nary.Examples.budgetOut 0] ∧
                                6 ≤ m.world.state.balance DefiKernel.Nary.Examples.vaultC ∨
                        b = 1 ∧
                            inv = DefiKernel.Nary.Examples.inv202 ∧
                              (m.locals 1).nextIndex = 0 ∧ 1 ≤ m.world.state.balance DefiKernel.Nary.Examples.donor1C ∨
                          b = 2 ∧
                            inv = DefiKernel.Nary.Examples.inv203 ∧
                              (m.locals 2).nextIndex = 0 ∧ 2 ≤ m.world.state.balance DefiKernel.Nary.Examples.donor2C)
            (fun hf hs hA hsel =>
              Eq.ndrec (motive := fun {inv} =>
                (DefiKernel.Nary.Examples.f10Branches 2)[(m.locals 2).consumed]? = some inv →
                  (m.locals 2).nextIndex = (m.locals 2).consumed ∧
                      (2 = 0 ∧
                          ((m.locals 0).nextIndex = 0 ∧ inv = DefiKernel.Nary.Examples.inv200 ∨
                            (m.locals 0).nextIndex = 1 ∧ inv = DefiKernel.Nary.Examples.inv201) ∨
                        2 = 1 ∧ (m.locals 1).nextIndex = 0 ∧ inv = DefiKernel.Nary.Examples.inv202 ∨
                          2 = 2 ∧ (m.locals 2).nextIndex = 0 ∧ inv = DefiKernel.Nary.Examples.inv203) →
                    2 = 0 ∧
                        inv = DefiKernel.Nary.Examples.inv200 ∧ (m.locals 0).nextIndex = 0 ∧ (m.locals 0).outputs = [] ∨
                      2 = 0 ∧
                          inv = DefiKernel.Nary.Examples.inv201 ∧
                            (m.locals 0).nextIndex = 1 ∧
                              (m.locals 0).outputs = [DefiKernel.Nary.Examples.budgetOut 0] ∧
                                6 ≤ m.world.state.balance DefiKernel.Nary.Examples.vaultC ∨
                        2 = 1 ∧
                            inv = DefiKernel.Nary.Examples.inv202 ∧
                              (m.locals 1).nextIndex = 0 ∧ 1 ≤ m.world.state.balance DefiKernel.Nary.Examples.donor1C ∨
                          2 = 2 ∧
                            inv = DefiKernel.Nary.Examples.inv203 ∧
                              (m.locals 2).nextIndex = 0 ∧ 2 ≤ m.world.state.balance DefiKernel.Nary.Examples.donor2C)
                (fun hs hsel =>
                  have ha := hA.right;
                  Or.inr (Or.inr (Or.inr ⟨rfl, ⟨rfl, ⟨hn2, ha hn2⟩⟩⟩)))
                (Eq.symm hinv2) hs hsel)
            (Eq.symm hb2) hf hs hA hsel
def DefiKernel.Nary.FundedCausal.fundedRely : Fin 3 →
  DefiKernel.Typed.State DefiKernel.Nary.Examples.P DefiKernel.Nary.Examples.A DefiKernel.Nary.Examples.D →
    DefiKernel.Typed.State DefiKernel.Nary.Examples.P DefiKernel.Nary.Examples.A DefiKernel.Nary.Examples.D → Prop :=
fun _b _pre post => DefiKernel.Nary.FundedCausal.fundedInv post
def DefiKernel.Nary.FundedCausal.depositOnlyRely : DefiKernel.Typed.State DefiKernel.Nary.Examples.P
    DefiKernel.Nary.Examples.A DefiKernel.Nary.Examples.D →
  DefiKernel.Typed.State DefiKernel.Nary.Examples.P DefiKernel.Nary.Examples.A DefiKernel.Nary.Examples.D → Prop :=
fun pre post => pre.balance DefiKernel.Nary.Examples.vaultC ≤ post.balance DefiKernel.Nary.Examples.vaultC
