⚠ [921/933] Replayed DefiKernel.Typed.Transition
warning: DefiKernel/Typed/Transition.lean:239:20: `simp_all [throw, throwThe]` is a flexible tactic modifying `⊢`. Try `simp_all?` and use the suggested `simp_all only [...]`. Alternatively, use `suffices` to explicitly state the simplified form.

Note: This linter can be disabled with `set_option linter.flexible false`
info: DefiKernel/Typed/Transition.lean:239:20: Try this:
  [apply] simp_all only [or_false, Prod.forall, true_and]
info: DefiKernel/Typed/Transition.lean:244:6: `rename_i args`
modifies the current goal, which was modified by the flexible tactic `simp_all` on line 239!
warning: DefiKernel/Typed/Transition.lean:239:20: `simp_all [throw, throwThe]` is a flexible tactic modifying `⊢`. Try `simp_all?` and use the suggested `simp_all only [...]`. Alternatively, use `suffices` to explicitly state the simplified form.

Note: This linter can be disabled with `set_option linter.flexible false`
info: DefiKernel/Typed/Transition.lean:239:20: Try this:
  [apply] simp_all only [Option.some.injEq, false_or, Prod.forall]
info: DefiKernel/Typed/Transition.lean:244:6: `rename_i args`
modifies the current goal, which was modified by the flexible tactic `simp_all` on line 239!
⚠ [926/933] Replayed DefiKernel.Nary.Schedule
warning: DefiKernel/Nary/Schedule.lean:207:2: `simp [admit, hv, ha, bind, Except.bind, pure, Except.pure]` is a flexible tactic modifying `⊢`. Try `simp?` and use the suggested `simp only [...]`. Alternatively, use `suffices` to explicitly state the simplified form.

Note: This linter can be disabled with `set_option linter.flexible false`
info: DefiKernel/Nary/Schedule.lean:208:2: `rw [hs']`
modifies the current goal, which was modified by the flexible tactic `simp` on line 207!
⚠ [933/933] Built DefiKernel.Nary.CausalRuntime (937ms)
warning: DefiKernel/Nary/CausalRuntime.lean:114:5: Variable name `h` is not explicitly referenced.

Hint: The binding can be removed (if unused) or named `_` (if used implicitly). Alternatively, prefix the name with `_` to silence this warning:
  [apply] _h

Note: This linter can be disabled with `set_option linter.unusedVariables false`
warning: DefiKernel/Nary/CausalRuntime.lean:122:5: Variable name `active` is not explicitly referenced.

Hint: The binding can be removed (if unused) or named `_` (if used implicitly). Alternatively, prefix the name with `_` to silence this warning:
  [apply] _active

Note: This linter can be disabled with `set_option linter.unusedVariables false`
warning: DefiKernel/Nary/CausalRuntime.lean:123:5: Variable name `selected` is not explicitly referenced.

Hint: The binding can be removed (if unused) or named `_` (if used implicitly). Alternatively, prefix the name with `_` to silence this warning:
  [apply] _selected

Note: This linter can be disabled with `set_option linter.unusedVariables false`
warning: DefiKernel/Nary/CausalRuntime.lean:124:5: Variable name `rejected` is not explicitly referenced.

Hint: The binding can be removed (if unused) or named `_` (if used implicitly). Alternatively, prefix the name with `_` to silence this warning:
  [apply] _rejected

Note: This linter can be disabled with `set_option linter.unusedVariables false`
warning: DefiKernel/Nary/CausalRuntime.lean:133:5: Variable name `active` is not explicitly referenced.

Hint: The binding can be removed (if unused) or named `_` (if used implicitly). Alternatively, prefix the name with `_` to silence this warning:
  [apply] _active

Note: This linter can be disabled with `set_option linter.unusedVariables false`
warning: DefiKernel/Nary/CausalRuntime.lean:134:5: Variable name `selected` is not explicitly referenced.

Hint: The binding can be removed (if unused) or named `_` (if used implicitly). Alternatively, prefix the name with `_` to silence this warning:
  [apply] _selected

Note: This linter can be disabled with `set_option linter.unusedVariables false`
warning: DefiKernel/Nary/CausalRuntime.lean:135:5: Variable name `executed` is not explicitly referenced.

Hint: The binding can be removed (if unused) or named `_` (if used implicitly). Alternatively, prefix the name with `_` to silence this warning:
  [apply] _executed

Note: This linter can be disabled with `set_option linter.unusedVariables false`
Build completed successfully (933 jobs).
