DefiKernel/Nary/CausalRuntime.lean:114:5: warning: Variable name `h` is not explicitly referenced.

Hint: The binding can be removed (if unused) or named `_` (if used implicitly). Alternatively, prefix the name with `_` to silence this warning:
  [apply] _h

Note: This linter can be disabled with `set_option linter.unusedVariables false`
DefiKernel/Nary/CausalRuntime.lean:122:5: warning: Variable name `active` is not explicitly referenced.

Hint: The binding can be removed (if unused) or named `_` (if used implicitly). Alternatively, prefix the name with `_` to silence this warning:
  [apply] _active

Note: This linter can be disabled with `set_option linter.unusedVariables false`
DefiKernel/Nary/CausalRuntime.lean:123:5: warning: Variable name `selected` is not explicitly referenced.

Hint: The binding can be removed (if unused) or named `_` (if used implicitly). Alternatively, prefix the name with `_` to silence this warning:
  [apply] _selected

Note: This linter can be disabled with `set_option linter.unusedVariables false`
DefiKernel/Nary/CausalRuntime.lean:124:5: warning: Variable name `rejected` is not explicitly referenced.

Hint: The binding can be removed (if unused) or named `_` (if used implicitly). Alternatively, prefix the name with `_` to silence this warning:
  [apply] _rejected

Note: This linter can be disabled with `set_option linter.unusedVariables false`
DefiKernel/Nary/CausalRuntime.lean:133:5: warning: Variable name `active` is not explicitly referenced.

Hint: The binding can be removed (if unused) or named `_` (if used implicitly). Alternatively, prefix the name with `_` to silence this warning:
  [apply] _active

Note: This linter can be disabled with `set_option linter.unusedVariables false`
DefiKernel/Nary/CausalRuntime.lean:134:5: warning: Variable name `selected` is not explicitly referenced.

Hint: The binding can be removed (if unused) or named `_` (if used implicitly). Alternatively, prefix the name with `_` to silence this warning:
  [apply] _selected

Note: This linter can be disabled with `set_option linter.unusedVariables false`
DefiKernel/Nary/CausalRuntime.lean:135:5: warning: Variable name `executed` is not explicitly referenced.

Hint: The binding can be removed (if unused) or named `_` (if used implicitly). Alternatively, prefix the name with `_` to silence this warning:
  [apply] _executed

Note: This linter can be disabled with `set_option linter.unusedVariables false`
