Graph: graphify-out/graph.json (814 nodes) | Traversal: BFS depth=2 | Start: ['get_D()', 'curveD', 'curve_refused.py', 'd', 'cross_invariants.py', 'Targeted search for the closure witnesses that pin down where Valid sits inside…', 'Pretty-print an IR expression back to quint-ish source.', 'Integer StableSwap D for n=2. Returns (D, iters, converged).'] | 28 nodes found

[i] Complete answer over budget: all 28 nodes and 23 edges shown (~1905 tokens vs the requested ~1500-token budget). Edges are never dropped once every node fits, so this is already the full answer — raising --budget further will not shrink it. Narrow with context_filter=['call'] or use get_node for a specific symbol to reduce size instead.

NODE get_D() [src=research/positive-program/evidence/curve_k.py loc=L12 community=57]
NODE curveD [src=research/positive-program/phase2/kernel/curveD.qnt loc=/root/DefiElements/research/positive-program/phase2/kernel/curveD.qnt community=177]
NODE curve_refused.py [src=research/positive-program/evidence/curve_refused.py loc=L1 community=37]
NODE d [src=audit/a4-confirm.mjs loc=L6 community=4]
NODE cross_invariants.py [src=research/positive-program/basis/cross_invariants.py loc=L1 community=54]
NODE Targeted search for the closure witnesses that pin down where Valid sits inside… [src=algebra/solvers/OP-LOG/witness.py loc=L1 community=2]
NODE Pretty-print an IR expression back to quint-ish source. [src=research/positive-program/basis/generate.py loc=L39 community=20]
NODE Integer StableSwap D for n=2. Returns (D, iters, converged). [src=research/positive-program/evidence/curve_reconcile.py loc=L20 community=36]
NODE a4-confirm.mjs [src=audit/a4-confirm.mjs loc=L1 community=4]
NODE witness.py [src=algebra/solvers/OP-LOG/witness.py loc=L1 community=2]
NODE get_D() [src=research/positive-program/evidence/curve_reconcile.py loc=L19 community=36]
NODE newton_d_full() [src=research/positive-program/evidence/curve_refused.py loc=L16 community=37]
NODE pp() [src=research/positive-program/basis/generate.py loc=L38 community=20]
NODE curve_k.py [src=research/positive-program/evidence/curve_k.py loc=L1 community=57]
NODE sweep() [src=research/positive-program/evidence/curve_refused.py loc=L41 community=37]
NODE body_of() [src=research/positive-program/basis/cross_invariants.py loc=L26 community=54]
NODE Which invariants does the corpus hand-write that composition should have… [src=research/positive-program/basis/cross_invariants.py loc=L1 community=54]
NODE How many pairs does curve.qnt's K=8 guard actually REFUSE? curve.qnt:78-80… [src=research/positive-program/evidence/curve_refused.py loc=L1 community=37]
NODE theory.py [src=algebra/solvers/OP-LOG/theory.py loc=L1 community=2]
NODE algebra.py [src=algebra/solvers/OP-LOG/algebra.py loc=L1 community=2]
NODE generate.py [src=research/positive-program/basis/generate.py loc=L1 community=20]
NODE curve_reconcile.py [src=research/positive-program/evidence/curve_reconcile.py loc=L1 community=36]
NODE S [src=audit/a4-confirm.mjs loc=L2 community=4]
NODE sweep() [src=research/positive-program/evidence/curve_reconcile.py loc=L46 community=36]
NODE w2 [src=audit/a4-confirm.mjs loc=L23 community=4]
NODE ws [src=audit/a4-confirm.mjs loc=L15 community=4]
NODE Is K=8 sufficient across the 10^6 domain recommended for curve? W1 measured K=8… [src=research/positive-program/evidence/curve_k.py loc=L1 community=57]
NODE Mirrors curve.qnt newtonDFull: exactly k folds carrying a done flag. [src=research/positive-program/evidence/curve_refused.py loc=L17 community=37]
EDGE cross_invariants.py --contains [EXTRACTED]--> body_of() at=research/positive-program/basis/cross_invariants.py:L26
EDGE Which invariants does the corpus hand-write that composition should have… --rationale_for [EXTRACTED]--> cross_invariants.py at=research/positive-program/basis/cross_invariants.py:L1
EDGE a4-confirm.mjs --contains [EXTRACTED]--> d at=audit/a4-confirm.mjs:L6
EDGE Pretty-print an IR expression back to quint-ish source. --rationale_for [EXTRACTED]--> pp() at=research/positive-program/basis/generate.py:L39
EDGE Integer StableSwap D for n=2. Returns (D, iters, converged). --rationale_for [EXTRACTED]--> get_D() at=research/positive-program/evidence/curve_reconcile.py:L20
EDGE curve_k.py --contains [EXTRACTED]--> get_D() at=research/positive-program/evidence/curve_k.py:L12
EDGE Targeted search for the closure witnesses that pin down where Valid sits inside… --rationale_for [EXTRACTED]--> witness.py at=algebra/solvers/OP-LOG/witness.py:L1
EDGE curve_refused.py --contains [EXTRACTED]--> newton_d_full() at=research/positive-program/evidence/curve_refused.py:L16
EDGE curve_refused.py --contains [EXTRACTED]--> sweep() at=research/positive-program/evidence/curve_refused.py:L41
EDGE How many pairs does curve.qnt's K=8 guard actually REFUSE? curve.qnt:78-80… --rationale_for [EXTRACTED]--> curve_refused.py at=research/positive-program/evidence/curve_refused.py:L1
EDGE a4-confirm.mjs --contains [EXTRACTED]--> S at=audit/a4-confirm.mjs:L2
EDGE a4-confirm.mjs --contains [EXTRACTED]--> w2 at=audit/a4-confirm.mjs:L23
EDGE a4-confirm.mjs --contains [EXTRACTED]--> ws at=audit/a4-confirm.mjs:L15
EDGE Mirrors curve.qnt newtonDFull: exactly k folds carrying a done flag. --rationale_for [EXTRACTED]--> newton_d_full() at=research/positive-program/evidence/curve_refused.py:L17
EDGE generate.py --contains [EXTRACTED]--> pp() at=research/positive-program/basis/generate.py:L38
EDGE curve_reconcile.py --contains [EXTRACTED]--> get_D() at=research/positive-program/evidence/curve_reconcile.py:L19
EDGE sweep() --calls [EXTRACTED context=call]--> get_D() at=research/positive-program/evidence/curve_reconcile.py:L53
EDGE Is K=8 sufficient across the 10^6 domain recommended for curve? W1 measured K=8… --rationale_for [EXTRACTED]--> curve_k.py at=research/positive-program/evidence/curve_k.py:L1
EDGE witness.py --imports [EXTRACTED context=import]--> algebra.py at=algebra/solvers/OP-LOG/witness.py:L4
EDGE witness.py --imports [EXTRACTED context=import]--> theory.py at=algebra/solvers/OP-LOG/witness.py:L4
EDGE algebra.py --imports [EXTRACTED context=import]--> theory.py at=algebra/solvers/OP-LOG/algebra.py:L15
EDGE curve_reconcile.py --contains [EXTRACTED]--> sweep() at=research/positive-program/evidence/curve_reconcile.py:L46
EDGE sweep() --calls [EXTRACTED context=call]--> newton_d_full() at=research/positive-program/evidence/curve_refused.py:L47
