foundation.catalog.valid: true
foundation.empty.origin.none: true
foundation.nonempty.live.initial: true
foundation.nonempty.dead.initial: true
foundation.issue.id.zero: true
foundation.issue.origin.issued: true
foundation.revoke.keeps.id: true
foundation.current.authority.first-valid: true
foundation.current.skips.dead: true
foundation.forged.query.reads.without.certificate: true
foundation.auditRun.delegates: true
foundation.rejected.admin.prefix: true
foundation.capEq.equal: true
foundation.capEq.holder.negative: true
foundation.capEq.domain.negative: true
foundation.capEq.operation.negative: true
foundation.capEq.right.negative: true
foundation.capEq.live.negative: true
foundation.viewEq.equal: true
foundation.viewEq.live.negative: true
foundation.viewEq.nextId.hidden.ignores.allocation: true
foundation.viewEq.nextId.observed.differs: true
foundation.selected.not.full.store: true
foundation.origin.duplicate-grant.distinct-ids: true
foundation.origin.duplicate-grant.issued-query: true
foundation.authority.current-none-revoked-id: true
foundation.authority.origin-issued-after-revoke: true
foundation.authority.reissue-first-fresh: true
foundation.revoke.old-dead-new-live: true
foundation.revoke.inert-suffix: true
