Traceback (most recent call last):
  File "/home/charl/.cache/defiformal-program/program-execution-20260908/p16-proof-diagnostic-sandbox/scripts/token0_p16/record_cmd.py", line 275, in <module>
    raise SystemExit(main())
                     ~~~~^^
  File "/home/charl/.cache/defiformal-program/program-execution-20260908/p16-proof-diagnostic-sandbox/scripts/token0_p16/record_cmd.py", line 230, in main
    timed_out, cancelled, exit_code, stdout, stderr, pgid = run_owned(
                                                            ~~~~~~~~~^
        cmd, cwd, env, args.timeout
        ^^^^^^^^^^^^^^^^^^^^^^^^^^^
    )
    ^
  File "/home/charl/.cache/defiformal-program/program-execution-20260908/p16-proof-diagnostic-sandbox/scripts/token0_p16/record_cmd.py", line 130, in run_owned
    proc = subprocess.Popen(
        cmd,
    ...<4 lines>...
        start_new_session=True,
    )
  File "/usr/lib/python3.14/subprocess.py", line 1039, in __init__
    self._execute_child(args, executable, preexec_fn, close_fds,
    ~~~~~~~~~~~~~~~~~~~^^^^^^^^^^^^^^^^^^^^^^^^^^^^^^^^^^^^^^^^^
                        pass_fds, cwd, env,
                        ^^^^^^^^^^^^^^^^^^^
    ...<5 lines>...
                        gid, gids, uid, umask,
                        ^^^^^^^^^^^^^^^^^^^^^^
                        start_new_session, process_group)
                        ^^^^^^^^^^^^^^^^^^^^^^^^^^^^^^^^^
  File "/usr/lib/python3.14/subprocess.py", line 1990, in _execute_child
    raise child_exception_type(errno_num, err_msg, err_filename)
FileNotFoundError: [Errno 2] No such file or directory: '/home/charl/defiformal/review/semantic-kernel/program-execution-20260908/p16-proof-recorder-r2-review/logs/nonexistent-program'
