review/semantic-kernel/sprint8/integration-final/00.combined.log:857: trailing whitespace.
+  
review/semantic-kernel/sprint8/integration-final/00.combined.log:867: trailing whitespace.
+    
review/semantic-kernel/sprint8/integration-final/00.stdout.log:857: trailing whitespace.
+  
review/semantic-kernel/sprint8/integration-final/00.stdout.log:867: trailing whitespace.
+    
review/semantic-kernel/sprint8/integration-r1/00.combined.log:857: trailing whitespace.
+  
review/semantic-kernel/sprint8/integration-r1/00.combined.log:867: trailing whitespace.
+    
review/semantic-kernel/sprint8/integration-r1/00.stdout.log:857: trailing whitespace.
+  
review/semantic-kernel/sprint8/integration-r1/00.stdout.log:867: trailing whitespace.
+    
review/semantic-kernel/sprint8/regressions/corpus-controls-help.log:26: new blank line at EOF.
review/semantic-kernel/sprint8/scenario-draft-r1/inputs/review/semantic-kernel/sprint8/integration-r1/00.combined.log:857: trailing whitespace.
+  
review/semantic-kernel/sprint8/scenario-draft-r1/inputs/review/semantic-kernel/sprint8/integration-r1/00.combined.log:867: trailing whitespace.
+    
review/semantic-kernel/sprint8/scenario-draft-r1/inputs/review/semantic-kernel/sprint8/integration-r1/00.stdout.log:857: trailing whitespace.
+  
review/semantic-kernel/sprint8/scenario-draft-r1/inputs/review/semantic-kernel/sprint8/integration-r1/00.stdout.log:867: trailing whitespace.
+    
review/semantic-kernel/sprint8/scenario-draft-r2/inputs/review/semantic-kernel/sprint8/integration-final/00.combined.log:857: trailing whitespace.
+  
review/semantic-kernel/sprint8/scenario-draft-r2/inputs/review/semantic-kernel/sprint8/integration-final/00.combined.log:867: trailing whitespace.
+    
review/semantic-kernel/sprint8/scenario-draft-r2/inputs/review/semantic-kernel/sprint8/integration-final/00.stdout.log:857: trailing whitespace.
+  
review/semantic-kernel/sprint8/scenario-draft-r2/inputs/review/semantic-kernel/sprint8/integration-final/00.stdout.log:867: trailing whitespace.
+    
review/semantic-kernel/sprint8/scenario-draft-r3/inputs/review/semantic-kernel/sprint8/integration-final/00.combined.log:857: trailing whitespace.
+  
review/semantic-kernel/sprint8/scenario-draft-r3/inputs/review/semantic-kernel/sprint8/integration-final/00.combined.log:867: trailing whitespace.
+    
review/semantic-kernel/sprint8/scenario-draft-r3/inputs/review/semantic-kernel/sprint8/integration-final/00.stdout.log:857: trailing whitespace.
+  
review/semantic-kernel/sprint8/scenario-draft-r3/inputs/review/semantic-kernel/sprint8/integration-final/00.stdout.log:867: trailing whitespace.
+    
