Graph: graphify-out/graph.json (814 nodes) | Traversal: BFS depth=2 | Start: ['INTERFACE-COUNCIL', 'composition defect', 'Which invariants does the corpus hand-write that composition should have…', 'cross_invariants.py', 'M3 nary binding'] | 15 nodes found

NODE INTERFACE-COUNCIL [src=research/positive-program/sigma/INTERFACE-COUNCIL.md loc=/root/DefiElements/research/positive-program/sigma/INTERFACE-COUNCIL.md community=205]
NODE composition defect [src=research/positive-program/AGENDA.md loc=AGENDA.md community=17]
NODE Which invariants does the corpus hand-write that composition should have… [src=research/positive-program/basis/cross_invariants.py loc=L1 community=54]
NODE cross_invariants.py [src=research/positive-program/basis/cross_invariants.py loc=L1 community=54]
NODE M3 nary binding [src=research/positive-program/AGENDA.md loc=AGENDA.md community=17]
NODE M1 interface [src=research/positive-program/AGENDA.md loc=AGENDA.md community=17]
NODE M2 polarity [src=research/positive-program/AGENDA.md loc=AGENDA.md community=17]
NODE M4 corpus adequacy [src=research/positive-program/AGENDA.md loc=AGENDA.md community=17]
NODE Binding union assoc [src=research/positive-program/AGENDA.md loc=AGENDA.md community=17]
NODE pairLocal excludes skip [src=research/positive-program/AGENDA.md loc=AGENDA.md community=17]
NODE body_of() [src=research/positive-program/basis/cross_invariants.py loc=L26 community=54]
NODE DirectedEdge [src=research/positive-program/AGENDA.md loc=AGENDA.md community=17]
NODE Pendle backing fix [src=research/positive-program/AGENDA.md loc=AGENDA.md community=17]
NODE cross carrier invariants [src=research/positive-program/AGENDA.md loc=AGENDA.md community=17]
NODE sup not port [src=research/positive-program/AGENDA.md loc=AGENDA.md community=17]
EDGE M2 polarity --precedes [EXTRACTED]--> M3 nary binding at=research/positive-program/AGENDA.md:AGENDA.md
EDGE Binding union assoc --precedes [EXTRACTED]--> M3 nary binding at=research/positive-program/AGENDA.md:AGENDA.md
EDGE M3 nary binding --precedes [EXTRACTED]--> M4 corpus adequacy at=research/positive-program/AGENDA.md:AGENDA.md
EDGE pairLocal excludes skip --precedes [EXTRACTED]--> M3 nary binding at=research/positive-program/AGENDA.md:AGENDA.md
EDGE cross_invariants.py --contains [EXTRACTED]--> body_of() at=research/positive-program/basis/cross_invariants.py:L26
EDGE composition defect --precedes [EXTRACTED]--> M1 interface at=research/positive-program/AGENDA.md:AGENDA.md
EDGE Pendle backing fix --precedes [EXTRACTED]--> M4 corpus adequacy at=research/positive-program/AGENDA.md:AGENDA.md
EDGE cross carrier invariants --precedes [EXTRACTED]--> M4 corpus adequacy at=research/positive-program/AGENDA.md:AGENDA.md
EDGE DirectedEdge --precedes [EXTRACTED]--> M2 polarity at=research/positive-program/AGENDA.md:AGENDA.md
EDGE sup not port --precedes [EXTRACTED]--> M1 interface at=research/positive-program/AGENDA.md:AGENDA.md
EDGE M1 interface --precedes [EXTRACTED]--> M2 polarity at=research/positive-program/AGENDA.md:AGENDA.md
EDGE Which invariants does the corpus hand-write that composition should have… --rationale_for [EXTRACTED]--> cross_invariants.py at=research/positive-program/basis/cross_invariants.py:L1
