{
  "changeName": "finite-participant-causal-composition",
  "schemaName": "spec-driven",
  "planningHome": {
    "kind": "repo",
    "root": "/home/charl/defiformal",
    "changesDir": "/home/charl/defiformal/openspec/changes",
    "defaultSchema": "spec-driven"
  },
  "changeRoot": "/home/charl/defiformal/openspec/changes/finite-participant-causal-composition",
  "artifactPaths": {
    "proposal": {
      "outputPath": "proposal.md",
      "resolvedOutputPath": "/home/charl/defiformal/openspec/changes/finite-participant-causal-composition/proposal.md",
      "existingOutputPaths": [
        "/home/charl/defiformal/openspec/changes/finite-participant-causal-composition/proposal.md"
      ]
    },
    "specs": {
      "outputPath": "specs/**/*.md",
      "resolvedOutputPath": "/home/charl/defiformal/openspec/changes/finite-participant-causal-composition/specs/**/*.md",
      "existingOutputPaths": [
        "/home/charl/defiformal/openspec/changes/finite-participant-causal-composition/specs/causal-prefix-evidence/spec.md",
        "/home/charl/defiformal/openspec/changes/finite-participant-causal-composition/specs/finite-binary-continuation-correspondence/spec.md",
        "/home/charl/defiformal/openspec/changes/finite-participant-causal-composition/specs/finite-initialized-interference/spec.md",
        "/home/charl/defiformal/openspec/changes/finite-participant-causal-composition/specs/finite-participant-execution/spec.md",
        "/home/charl/defiformal/openspec/changes/finite-participant-causal-composition/specs/finite-participant-regression-evidence/spec.md"
      ]
    },
    "design": {
      "outputPath": "design.md",
      "resolvedOutputPath": "/home/charl/defiformal/openspec/changes/finite-participant-causal-composition/design.md",
      "existingOutputPaths": [
        "/home/charl/defiformal/openspec/changes/finite-participant-causal-composition/design.md"
      ]
    },
    "tasks": {
      "outputPath": "tasks.md",
      "resolvedOutputPath": "/home/charl/defiformal/openspec/changes/finite-participant-causal-composition/tasks.md",
      "existingOutputPaths": [
        "/home/charl/defiformal/openspec/changes/finite-participant-causal-composition/tasks.md"
      ]
    }
  },
  "isPlanningComplete": true,
  "isComplete": true,
  "applyRequires": [
    "tasks"
  ],
  "nextSteps": [
    "All planning artifacts are complete. Run openspec instructions apply --change \"finite-participant-causal-composition\" --json to inspect implementation progress."
  ],
  "actionContext": {
    "mode": "repo-local",
    "sourceOfTruth": "repo",
    "planningArtifacts": [
      "proposal",
      "specs",
      "design",
      "tasks"
    ],
    "linkedContext": [],
    "allowedEditRoots": [
      "/home/charl/defiformal"
    ],
    "requiresAffectedAreaSelection": false,
    "constraints": [
      "Repo-local change artifacts and implementation edits are scoped to this project."
    ]
  },
  "artifacts": [
    {
      "id": "proposal",
      "outputPath": "proposal.md",
      "status": "done",
      "requires": []
    },
    {
      "id": "specs",
      "outputPath": "specs/**/*.md",
      "status": "done",
      "requires": [
        "proposal"
      ]
    },
    {
      "id": "design",
      "outputPath": "design.md",
      "status": "done",
      "requires": [
        "proposal"
      ]
    },
    {
      "id": "tasks",
      "outputPath": "tasks.md",
      "status": "done",
      "requires": [
        "specs",
        "design"
      ]
    }
  ],
  "root": {
    "path": "/home/charl/defiformal",
    "source": "nearest"
  }
}
