=== CALL return without dump ===
EXIT:0
STDOUT:
0x000000000000000000000000000000000000000000000000000000000000002a
STDERR:
=== CALL with dump ===
EXIT:0
STDOUT_HEAD:
{
    "root": "05d2c99ac7774c40d66ecd44fd6b35cf1c1fa9aebdc80afe39195ffabe014d5b",
    "accounts": {
        "0x2000000000000000000000000000000000000002": {
            "balance": "0",
            "nonce": 0,
            "root": "0x56e81f171bcc55a6ff8345e692c0f86e5b48e01b996cadc001622fb5e363b421",
            "codeHash": "0x98e3a357b0a9519e7773d42cf7912a620a18c8f53cd8e1525ce5344917d07e76",
        
STDERR:
INFO [09-09|11:27:27.815] Trie dumping started                     root=05d2c9..014d5b
INFO [09-09|11:27:27.815] Trie dumping complete                    accounts=1 elapsed="55.543µs"
=== CREATE dump ===
EXIT:0
CREATE dump keys ['root', 'accounts']
acct 0x1000000000000000000000000000000000000001 {'balance': '0', 'nonce': 1, 'root': '0x56e81f171bcc55a6ff8345e692c0f86e5b48e01b996cadc001622fb5e363b421', 'codeHash': '0xc5d2460186f7233c927e7db2dcc703c0e500b653ca82273b7bfad8045d85a470', 'address': '0x1000000000000000000000000000000000000001', 'key': '0x3ed02be1e351ddbcc2bf3ffafc25fb42a533df024b33c85f9805e17b60f7230c'}
acct 0x5DDDfCe53EE040D9EB21AFbC0aE1BB4Dbb0BA643 {'balance': '0', 'nonce': 1, 'root': '0x56e81f171bcc55a6ff8345e692c0f86e5b48e01b996cadc001622fb5e363b421', 'codeHash': '0xc5d2460186f7233c927e7db2dcc703c0e500b653ca82273b7bfad8045d85a470', 'address': '0x5dddfce53ee040d9eb21afbc0ae1bb4dbb0ba643', 'key': '0x7fabf37f83e5ce21bcdc53ab1f529d1ae238c2ca99bb4f5b08cb37234c2af6bc'}
=== CREATE without dump ===
EXIT:0
STDOUT:

=== t8n shanghai forks ===
                      ParisToShanghaiAtTime15k
                      Prague
                     
--
                      Shanghai
                      ShanghaiToCancunAtTime15k
                  Available
                extra eips:
=== trace callTracer ===
TRACE_EXIT:0
total 44
drwx------  3 charl charl  320 Sep  9 11:27 .
drwxrwxrwt 18 root  root  1220 Sep  9 11:27 ..
-rw-r--r--  1 charl charl    0 Sep  9 11:27 call.err
-rw-r--r--  1 charl charl   67 Sep  9 11:27 call.out
-rw-r--r--  1 charl charl  185 Sep  9 11:27 calldump.err
-rw-r--r--  1 charl charl  680 Sep  9 11:27 calldump.out
-rw-r--r--  1 charl charl    0 Sep  9 11:27 create.err
-rw-r--r--  1 charl charl   13 Sep  9 11:27 create.hex
-rw-r--r--  1 charl charl    1 Sep  9 11:27 create.out
-rw-r--r--  1 charl charl  185 Sep  9 11:27 createdump.err
-rw-r--r--  1 charl charl 1028 Sep  9 11:27 createdump.out
-rw-r--r--  1 charl charl  705 Sep  9 11:27 genesis.json
-rw-r--r--  1 charl charl   21 Sep  9 11:27 ret.hex
-rw-r--r--  1 charl charl 1005 Sep  9 11:27 tracedump.err
-rw-r--r--  1 charl charl  613 Sep  9 11:27 tracedump.out
drwxr-xr-x  2 charl charl   40 Sep  9 11:27 traces
TRACE_ERR_HEAD:
{"pc":0,"op":96,"gas":"0x2540be400","gasCost":"0x3","memSize":0,"stack":[],"depth":1,"refund":0,"opName":"PUSH1"}
{"pc":2,"op":96,"gas":"0x2540be3fd","gasCost":"0x3","memSize":0,"stack":["0x2a"],"depth":1,"refund":0,"opName":"PUSH1"}
{"pc":4,"op":82,"gas":"0x2540be3fa","gasCost":"0x6","memSize":0,"stack":["0x2a","0x0"],"depth":1,"refund":0,"opName":"MSTORE"}
{"pc":5,"op":96,"gas":"0x2540be3f4","ga
TRACE_OUT_HEAD:
{
    "root": "05d2c99ac7774c40d66ecd44fd6b35cf1c1fa9aebdc80afe39195ffabe014d5b",
    "accounts": {
        "0x2000000000000000000000000000000000000002": {
            "balance": "0",
            "non
./tracedump.err
./tracedump.out
./traces
