Token0Probe.sol
p16_common.py
p16_compile.py
p16_evm.py
p16_mutants.py
record_cmd.py
rehash_pins.py
source_campaign.py
test_record_cmd.py
timeout_descendant.py
p16
./review/semantic-kernel/program-execution-20260908/p16-source-r5-review/receipt-faults/unknown-error-output/compiler/baseline/overlay/SqrtPriceMath.sol
./review/semantic-kernel/program-execution-20260908/p16-source-r5-review/receipt-faults/unknown-error-output/compiler/mutants/T0-WRAP-SKIP/overlay/SqrtPriceMath.sol
./review/semantic-kernel/program-execution-20260908/p16-source-r5-review/receipt-faults/unknown-error-output/compiler/mutants/T0-PROD-SKIP/overlay/SqrtPriceMath.sol
./review/semantic-kernel/program-execution-20260908/p16-source-r5-review/receipt-faults/unknown-error-output/compiler/mutants/T0-CHECKED-ADD/overlay/SqrtPriceMath.sol
./review/semantic-kernel/program-execution-20260908/p16-source-r5-review/receipt-faults/unknown-error-output/compiler/mutants/T0-REQ-SKIP/overlay/SqrtPriceMath.sol
./review/semantic-kernel/program-execution-20260908/p16-source-r5-review/receipt-faults/unknown-error-output/compiler/mutants/T0-FLOOR/overlay/SqrtPriceMath.sol
./review/semantic-kernel/program-execution-20260908/p16-source-r5-review/receipt-faults/unknown-error-output/compiler/mutants/T0-ID-SKIP/overlay/SqrtPriceMath.sol
./review/semantic-kernel/program-execution-20260908/p16-source-r5-review/receipt-faults/wrong-argv/compiler/baseline/overlay/SqrtPriceMath.sol
./review/semantic-kernel/program-execution-20260908/p16-source-r5-review/receipt-faults/wrong-argv/compiler/mutants/T0-WRAP-SKIP/overlay/SqrtPriceMath.sol
./review/semantic-kernel/program-execution-20260908/p16-source-r5-review/receipt-faults/wrong-argv/compiler/mutants/T0-PROD-SKIP/overlay/SqrtPriceMath.sol
./scripts/token0_p16/Token0Probe.sol
./review/semantic-kernel/program-execution-20260908/p16-source-r5-review/receipt-faults/unknown-error-output/compiler/baseline/overlay/Token0Probe.sol
./review/semantic-kernel/program-execution-20260908/p16-source-r5-review/receipt-faults/unknown-error-output/compiler/mutants/T0-WRAP-SKIP/overlay/Token0Probe.sol
./review/semantic-kernel/program-execution-20260908/p16-source-r5-review/receipt-faults/unknown-error-output/compiler/mutants/T0-PROD-SKIP/overlay/Token0Probe.sol
./review/semantic-kernel/program-execution-20260908/p16-source-r5-review/receipt-faults/unknown-error-output/compiler/mutants/T0-CHECKED-ADD/overlay/Token0Probe.sol
./review/semantic-kernel/program-execution-20260908/p16-source-r5-review/receipt-faults/unknown-error-output/compiler/mutants/T0-REQ-SKIP/overlay/Token0Probe.sol
./review/semantic-kernel/program-execution-20260908/p16-source-r5-review/receipt-faults/unknown-error-output/compiler/mutants/T0-FLOOR/overlay/Token0Probe.sol
./review/semantic-kernel/program-execution-20260908/p16-source-r5-review/receipt-faults/unknown-error-output/compiler/mutants/T0-ID-SKIP/overlay/Token0Probe.sol
./review/semantic-kernel/program-execution-20260908/p16-source-r5-review/receipt-faults/wrong-argv/compiler/baseline/overlay/Token0Probe.sol
./review/semantic-kernel/program-execution-20260908/p16-source-r5-review/receipt-faults/wrong-argv/compiler/mutants/T0-WRAP-SKIP/overlay/Token0Probe.sol
./review/semantic-kernel/program-execution-20260908/p16-source-r5-review/receipt-faults/wrong-argv/compiler/mutants/T0-PROD-SKIP/overlay/Token0Probe.sol
./review/semantic-kernel/program-execution-20260908/p16-source-r5-review/receipt-faults/wrong-argv/compiler/mutants/T0-CHECKED-ADD/overlay/Token0Probe.sol
./review/semantic-kernel/program-execution-20260908/p16-source-r5-review/receipt-faults/wrong-argv/compiler/mutants/T0-REQ-SKIP/overlay/Token0Probe.sol
./review/semantic-kernel/program-execution-20260908/p16-source-r5-review/receipt-faults/wrong-argv/compiler/mutants/T0-FLOOR/overlay/Token0Probe.sol
./review/semantic-kernel/program-execution-20260908/p16-source-r5-review/receipt-faults/wrong-argv/compiler/mutants/T0-ID-SKIP/overlay/Token0Probe.sol
./review/semantic-kernel/program-execution-20260908/p16-source-r5-review/receipt-faults/wrong-hash/compiler/baseline/overlay/Token0Probe.sol
./review/semantic-kernel/program-execution-20260908/p16-source-r5-review/receipt-faults/wrong-hash/compiler/mutants/T0-WRAP-SKIP/overlay/Token0Probe.sol
./review/semantic-kernel/program-execution-20260908/p16-source-r5-review/receipt-faults/wrong-hash/compiler/mutants/T0-PROD-SKIP/overlay/Token0Probe.sol
./review/semantic-kernel/program-execution-20260908/p16-source-r5-review/receipt-faults/wrong-hash/compiler/mutants/T0-CHECKED-ADD/overlay/Token0Probe.sol
./review/semantic-kernel/program-execution-20260908/p16-source-r5-review/receipt-faults/wrong-hash/compiler/mutants/T0-REQ-SKIP/overlay/Token0Probe.sol
./review/semantic-kernel/program-execution-20260908/p16-source-r5-review/receipt-faults/wrong-hash/compiler/mutants/T0-FLOOR/overlay/Token0Probe.sol
./review/semantic-kernel/program-execution-20260908/p16-source-r5-review/receipt-faults/wrong-hash/compiler/mutants/T0-ID-SKIP/overlay/Token0Probe.sol
./review/semantic-kernel/program-execution-20260908/p16-source-r5-review/receipt-faults/wrong-cwd/compiler/baseline/overlay/Token0Probe.sol
./review/semantic-kernel/program-execution-20260908/p16-source-r5-review/receipt-faults/wrong-cwd/compiler/mutants/T0-WRAP-SKIP/overlay/Token0Probe.sol
./review/semantic-kernel/program-execution-20260908/p16-source-r5-review/receipt-faults/wrong-cwd/compiler/mutants/T0-PROD-SKIP/overlay/Token0Probe.sol
./review/semantic-kernel/program-execution-20260908/p16-source-r5-review/receipt-faults/wrong-cwd/compiler/mutants/T0-CHECKED-ADD/overlay/Token0Probe.sol
./review/semantic-kernel/program-execution-20260908/p16-source-r5-review/receipt-faults/wrong-cwd/compiler/mutants/T0-REQ-SKIP/overlay/Token0Probe.sol
./review/semantic-kernel/program-execution-20260908/p16-source-r5-review/receipt-faults/wrong-cwd/compiler/mutants/T0-FLOOR/overlay/Token0Probe.sol
./review/semantic-kernel/program-execution-20260908/p16-source-r5-review/receipt-faults/wrong-cwd/compiler/mutants/T0-ID-SKIP/overlay/Token0Probe.sol
./review/semantic-kernel/program-execution-20260908/p16-source-r5-review/receipt-faults/wrong-type/compiler/baseline/overlay/Token0Probe.sol
./review/semantic-kernel/program-execution-20260908/p16-source-r5-review/receipt-faults/wrong-type/compiler/mutants/T0-WRAP-SKIP/overlay/Token0Probe.sol
./review/semantic-kernel/program-execution-20260908/p16-source-r5-review/receipt-faults/wrong-type/compiler/mutants/T0-PROD-SKIP/overlay/Token0Probe.sol
./review/semantic-kernel/program-execution-20260908/p16-source-r5-review/receipt-faults/wrong-type/compiler/mutants/T0-CHECKED-ADD/overlay/Token0Probe.sol
./review/semantic-kernel/program-execution-20260908/p16-source-r5-review/receipt-faults/wrong-type/compiler/mutants/T0-REQ-SKIP/overlay/Token0Probe.sol
./review/semantic-kernel/program-execution-20260908/p16-source-r5-review/receipt-faults/wrong-type/compiler/mutants/T0-FLOOR/overlay/Token0Probe.sol
./review/semantic-kernel/program-execution-20260908/p16-source-r5-review/receipt-faults/wrong-type/compiler/mutants/T0-ID-SKIP/overlay/Token0Probe.sol
./review/semantic-kernel/program-execution-20260908/p16-source-r5-review/receipt-faults/wrong-status/compiler/baseline/overlay/Token0Probe.sol
./review/semantic-kernel/program-execution-20260908/p16-source-r5-review/receipt-faults/wrong-status/compiler/mutants/T0-WRAP-SKIP/overlay/Token0Probe.sol
./review/semantic-kernel/program-execution-20260908/p16-source-r5-review/receipt-faults/wrong-status/compiler/mutants/T0-PROD-SKIP/overlay/Token0Probe.sol
./review/semantic-kernel/program-execution-20260908/p16-source-r5-review/receipt-faults/wrong-status/compiler/mutants/T0-CHECKED-ADD/overlay/Token0Probe.sol
./review/semantic-kernel/program-execution-20260908/p16-source-r5-review/receipt-faults/wrong-status/compiler/mutants/T0-REQ-SKIP/overlay/Token0Probe.sol
./review/semantic-kernel/program-execution-20260908/p16-source-r5-review/receipt-faults/wrong-status/compiler/mutants/T0-FLOOR/overlay/Token0Probe.sol
./review/semantic-kernel/program-execution-20260908/p16-source-r5-review/receipt-faults/wrong-status/compiler/mutants/T0-ID-SKIP/overlay/Token0Probe.sol
./review/semantic-kernel/program-execution-20260908/p16-source-r5-review/grammar-faults/duplicate-empty-payload/compiler/baseline/overlay/Token0Probe.sol
./review/semantic-kernel/program-execution-20260908/p16-source-r5-review/grammar-faults/duplicate-empty-payload/compiler/mutants/T0-WRAP-SKIP/overlay/Token0Probe.sol
./review/semantic-kernel/program-execution-20260908/p16-source-r5-review/grammar-faults/duplicate-empty-payload/compiler/mutants/T0-PROD-SKIP/overlay/Token0Probe.sol
./review/semantic-kernel/program-execution-20260908/p16-source-r5-review/grammar-faults/duplicate-empty-payload/compiler/mutants/T0-CHECKED-ADD/overlay/Token0Probe.sol
./review/semantic-kernel/program-execution-20260908/p16-source-r5-review/grammar-faults/duplicate-empty-payload/compiler/mutants/T0-REQ-SKIP/overlay/Token0Probe.sol
./review/semantic-kernel/program-execution-20260908/p16-source-r5-review/grammar-faults/duplicate-empty-payload/compiler/mutants/T0-FLOOR/overlay/Token0Probe.sol
./review/semantic-kernel/program-execution-20260908/p16-source-r5-review/grammar-faults/duplicate-empty-payload/compiler/mutants/T0-ID-SKIP/overlay/Token0Probe.sol
./review/semantic-kernel/program-execution-20260908/p16-source-r5-review/faults/lean-false/compiler/baseline/overlay/Token0Probe.sol
./review/semantic-kernel/program-execution-20260908/p16-source-r5-review/faults/lean-false/compiler/mutants/T0-WRAP-SKIP/overlay/Token0Probe.sol
./review/semantic-kernel/program-execution-20260908/p16-source-r5-review/faults/lean-false/compiler/mutants/T0-PROD-SKIP/overlay/Token0Probe.sol
./review/semantic-kernel/program-execution-20260908/p16-source-r5-review/faults/lean-false/compiler/mutants/T0-CHECKED-ADD/overlay/Token0Probe.sol
./review/semantic-kernel/program-execution-20260908/p16-source-r5-review/faults/lean-false/compiler/mutants/T0-REQ-SKIP/overlay/Token0Probe.sol
./review/semantic-kernel/program-execution-20260908/p16-source-r5-review/faults/lean-false/compiler/mutants/T0-FLOOR/overlay/Token0Probe.sol
./review/semantic-kernel/program-execution-20260908/p16-source-r5-review/faults/lean-false/compiler/mutants/T0-ID-SKIP/overlay/Token0Probe.sol
./review/semantic-kernel/program-execution-20260908/p16-source-r5-review/faults/malformed-extra/compiler/baseline/overlay/Token0Probe.sol
./review/semantic-kernel/program-execution-20260908/p16-source-r5-review/faults/malformed-extra/compiler/mutants/T0-WRAP-SKIP/overlay/Token0Probe.sol
./review/semantic-kernel/program-execution-20260908/p16-source-r5-review/faults/malformed-extra/compiler/mutants/T0-PROD-SKIP/overlay/Token0Probe.sol
./review/semantic-kernel/program-execution-20260908/p16-source-r5-review/faults/malformed-extra/compiler/mutants/T0-CHECKED-ADD/overlay/Token0Probe.sol
./review/semantic-kernel/program-execution-20260908/p16-source-r5-review/faults/malformed-extra/compiler/mutants/T0-REQ-SKIP/overlay/Token0Probe.sol
./review/semantic-kernel/program-execution-20260908/p16-source-r5-review/faults/malformed-extra/compiler/mutants/T0-FLOOR/overlay/Token0Probe.sol
./review/semantic-kernel/program-execution-20260908/p16-source-r5-review/faults/malformed-extra/compiler/mutants/T0-ID-SKIP/overlay/Token0Probe.sol
./review/semantic-kernel/program-execution-20260908/p16-source-r5-review/faults/compiler-nonzero/compiler/baseline/overlay/Token0Probe.sol
./review/semantic-kernel/program-execution-20260908/p16-source-r5-review/faults/compiler-nonzero/compiler/mutants/T0-WRAP-SKIP/overlay/Token0Probe.sol
./review/semantic-kernel/program-execution-20260908/p16-source-r5-review/faults/compiler-nonzero/compiler/mutants/T0-PROD-SKIP/overlay/Token0Probe.sol
./review/semantic-kernel/program-execution-20260908/p16-source-r5-review/faults/compiler-nonzero/compiler/mutants/T0-CHECKED-ADD/overlay/Token0Probe.sol
./review/semantic-kernel/program-execution-20260908/p16-source-r5-review/faults/compiler-nonzero/compiler/mutants/T0-REQ-SKIP/overlay/Token0Probe.sol
./review/semantic-kernel/program-execution-20260908/p16-source-r5-review/faults/compiler-nonzero/compiler/mutants/T0-FLOOR/overlay/Token0Probe.sol
./review/semantic-kernel/program-execution-20260908/p16-source-r5-review/faults/compiler-nonzero/compiler/mutants/T0-ID-SKIP/overlay/Token0Probe.sol
./review/semantic-kernel/program-execution-20260908/p16-source-r5-review/fresh/missing-tool/controls/missing-tool/overlay/Token0Probe.sol
./review/semantic-kernel/program-execution-20260908/p16-source-r5-review/fresh/intact/compiler/baseline/overlay/Token0Probe.sol
./review/semantic-kernel/program-execution-20260908/p16-source-r5-review/fresh/intact/compiler/mutants/T0-WRAP-SKIP/overlay/Token0Probe.sol
./review/semantic-kernel/program-execution-20260908/p16-source-r5-review/fresh/intact/compiler/mutants/T0-PROD-SKIP/overlay/Token0Probe.sol
./review/semantic-kernel/program-execution-20260908/p16-source-r5-review/fresh/intact/compiler/mutants/T0-CHECKED-ADD/overlay/Token0Probe.sol
./review/semantic-kernel/program-execution-20260908/p16-source-r5-review/fresh/intact/compiler/mutants/T0-REQ-SKIP/overlay/Token0Probe.sol
./review/semantic-kernel/program-execution-20260908/p16-source-r5-review/fresh/intact/compiler/mutants/T0-FLOOR/overlay/Token0Probe.sol
./review/semantic-kernel/program-execution-20260908/p16-source-r5-review/fresh/intact/compiler/mutants/T0-ID-SKIP/overlay/Token0Probe.sol
./review/semantic-kernel/program-execution-20260908/p16-source-r4-review/fresh2/missing-tool/controls/missing-tool/overlay/Token0Probe.sol
./review/semantic-kernel/program-execution-20260908/p16-source-r4-review/fresh2/intact/compiler/baseline/overlay/Token0Probe.sol
./review/semantic-kernel/program-execution-20260908/p16-source-r4-review/fresh2/intact/compiler/mutants/T0-WRAP-SKIP/overlay/Token0Probe.sol
./review/semantic-kernel/program-execution-20260908/p16-source-r4-review/fresh2/intact/compiler/mutants/T0-PROD-SKIP/overlay/Token0Probe.sol
./review/semantic-kernel/program-execution-20260908/p16-source-r4-review/fresh2/intact/compiler/mutants/T0-CHECKED-ADD/overlay/Token0Probe.sol
./review/semantic-kernel/program-execution-20260908/p16-source-r4-review/fresh2/intact/compiler/mutants/T0-REQ-SKIP/overlay/Token0Probe.sol
./review/semantic-kernel/program-execution-20260908/p16-source-r4-review/fresh2/intact/compiler/mutants/T0-FLOOR/overlay/Token0Probe.sol
./review/semantic-kernel/program-execution-20260908/p16-source-r4-review/fresh2/intact/compiler/mutants/T0-ID-SKIP/overlay/Token0Probe.sol
./review/semantic-kernel/program-execution-20260908/p16-source-r4-review/receipt-faults/unknown-error-output/compiler/baseline/overlay/Token0Probe.sol
./review/semantic-kernel/program-execution-20260908/p16-source-r4-review/receipt-faults/unknown-error-output/compiler/mutants/T0-WRAP-SKIP/overlay/Token0Probe.sol
./review/semantic-kernel/program-execution-20260908/p16-source-r4-review/receipt-faults/unknown-error-output/compiler/mutants/T0-PROD-SKIP/overlay/Token0Probe.sol
./review/semantic-kernel/program-execution-20260908/p16-source-r4-review/receipt-faults/unknown-error-output/compiler/mutants/T0-CHECKED-ADD/overlay/Token0Probe.sol
./review/semantic-kernel/program-execution-20260908/p16-source-r4-review/receipt-faults/unknown-error-output/compiler/mutants/T0-REQ-SKIP/overlay/Token0Probe.sol
./review/semantic-kernel/program-execution-20260908/p16-source-r4-review/receipt-faults/unknown-error-output/compiler/mutants/T0-FLOOR/overlay/Token0Probe.sol
./review/semantic-kernel/program-execution-20260908/p16-source-r4-review/receipt-faults/unknown-error-output/compiler/mutants/T0-ID-SKIP/overlay/Token0Probe.sol
./review/semantic-kernel/program-execution-20260908/p16-source-r4-review/receipt-faults/wrong-argv/compiler/baseline/overlay/Token0Probe.sol
./review/semantic-kernel/program-execution-20260908/p16-source-r4-review/receipt-faults/wrong-argv/compiler/mutants/T0-WRAP-SKIP/overlay/Token0Probe.sol
./review/semantic-kernel/program-execution-20260908/p16-source-r4-review/receipt-faults/wrong-argv/compiler/mutants/T0-PROD-SKIP/overlay/Token0Probe.sol
./review/semantic-kernel/program-execution-20260908/p16-source-r4-review/receipt-faults/wrong-argv/compiler/mutants/T0-CHECKED-ADD/overlay/Token0Probe.sol
./review/semantic-kernel/program-execution-20260908/p16-source-r4-review/receipt-faults/wrong-argv/compiler/mutants/T0-REQ-SKIP/overlay/Token0Probe.sol
./review/semantic-kernel/program-execution-20260908/p16-source-r4-review/receipt-faults/wrong-argv/compiler/mutants/T0-FLOOR/overlay/Token0Probe.sol
./review/semantic-kernel/program-execution-20260908/p16-source-r4-review/receipt-faults/wrong-argv/compiler/mutants/T0-ID-SKIP/overlay/Token0Probe.sol
./review/semantic-kernel/program-execution-20260908/p16-source-r4-review/receipt-faults/wrong-hash/compiler/baseline/overlay/Token0Probe.sol
./review/semantic-kernel/program-execution-20260908/p16-source-r4-review/receipt-faults/wrong-hash/compiler/mutants/T0-WRAP-SKIP/overlay/Token0Probe.sol
./review/semantic-kernel/program-execution-20260908/p16-source-r4-review/receipt-faults/wrong-hash/compiler/mutants/T0-PROD-SKIP/overlay/Token0Probe.sol
./review/semantic-kernel/program-execution-20260908/p16-source-r4-review/receipt-faults/wrong-hash/compiler/mutants/T0-CHECKED-ADD/overlay/Token0Probe.sol
./review/semantic-kernel/program-execution-20260908/p16-source-r4-review/receipt-faults/wrong-hash/compiler/mutants/T0-REQ-SKIP/overlay/Token0Probe.sol
./review/semantic-kernel/program-execution-20260908/p16-source-r4-review/receipt-faults/wrong-hash/compiler/mutants/T0-FLOOR/overlay/Token0Probe.sol
./review/semantic-kernel/program-execution-20260908/p16-source-r4-review/receipt-faults/wrong-hash/compiler/mutants/T0-ID-SKIP/overlay/Token0Probe.sol
./review/semantic-kernel/program-execution-20260908/p16-source-r4-review/receipt-faults/wrong-cwd/compiler/baseline/overlay/Token0Probe.sol
./review/semantic-kernel/program-execution-20260908/p16-source-r4-review/receipt-faults/wrong-cwd/compiler/mutants/T0-WRAP-SKIP/overlay/Token0Probe.sol
./review/semantic-kernel/program-execution-20260908/p16-source-r4-review/receipt-faults/wrong-cwd/compiler/mutants/T0-PROD-SKIP/overlay/Token0Probe.sol
./review/semantic-kernel/program-execution-20260908/p16-source-r4-review/receipt-faults/wrong-cwd/compiler/mutants/T0-CHECKED-ADD/overlay/Token0Probe.sol
./review/semantic-kernel/program-execution-20260908/p16-source-r4-review/receipt-faults/wrong-cwd/compiler/mutants/T0-REQ-SKIP/overlay/Token0Probe.sol
./review/semantic-kernel/program-execution-20260908/p16-source-r4-review/receipt-faults/wrong-cwd/compiler/mutants/T0-FLOOR/overlay/Token0Probe.sol
./review/semantic-kernel/program-execution-20260908/p16-source-r4-review/receipt-faults/wrong-cwd/compiler/mutants/T0-ID-SKIP/overlay/Token0Probe.sol
./review/semantic-kernel/program-execution-20260908/p16-source-r4-review/receipt-faults/wrong-type/compiler/baseline/overlay/Token0Probe.sol
./review/semantic-kernel/program-execution-20260908/p16-source-r4-review/receipt-faults/wrong-type/compiler/mutants/T0-WRAP-SKIP/overlay/Token0Probe.sol
./review/semantic-kernel/program-execution-20260908/p16-source-r4-review/receipt-faults/wrong-type/compiler/mutants/T0-PROD-SKIP/overlay/Token0Probe.sol
./review/semantic-kernel/program-execution-20260908/p16-source-r4-review/receipt-faults/wrong-type/compiler/mutants/T0-CHECKED-ADD/overlay/Token0Probe.sol
./review/semantic-kernel/program-execution-20260908/p16-source-r4-review/receipt-faults/wrong-type/compiler/mutants/T0-REQ-SKIP/overlay/Token0Probe.sol
./review/semantic-kernel/program-execution-20260908/p16-source-r4-review/receipt-faults/wrong-type/compiler/mutants/T0-FLOOR/overlay/Token0Probe.sol
./review/semantic-kernel/program-execution-20260908/p16-source-r4-review/receipt-faults/wrong-type/compiler/mutants/T0-ID-SKIP/overlay/Token0Probe.sol
./review/semantic-kernel/program-execution-20260908/p16-source-r4-review/receipt-faults/wrong-status/compiler/baseline/overlay/Token0Probe.sol
./review/semantic-kernel/program-execution-20260908/p16-source-r4-review/receipt-faults/wrong-status/compiler/mutants/T0-WRAP-SKIP/overlay/Token0Probe.sol
./review/semantic-kernel/program-execution-20260908/p16-source-r4-review/receipt-faults/wrong-status/compiler/mutants/T0-PROD-SKIP/overlay/Token0Probe.sol
./review/semantic-kernel/program-execution-20260908/p16-source-r4-review/receipt-faults/wrong-status/compiler/mutants/T0-CHECKED-ADD/overlay/Token0Probe.sol
./review/semantic-kernel/program-execution-20260908/p16-source-r4-review/receipt-faults/wrong-status/compiler/mutants/T0-REQ-SKIP/overlay/Token0Probe.sol
./review/semantic-kernel/program-execution-20260908/p16-source-r4-review/receipt-faults/wrong-status/compiler/mutants/T0-FLOOR/overlay/Token0Probe.sol
./review/semantic-kernel/program-execution-20260908/p16-source-r4-review/receipt-faults/wrong-status/compiler/mutants/T0-ID-SKIP/overlay/Token0Probe.sol
./review/semantic-kernel/program-execution-20260908/p16-source-r4-review/author-control-replay/missing-receipt/compiler/baseline/overlay/Token0Probe.sol
./review/semantic-kernel/program-execution-20260908/p16-source-r4-review/author-control-replay/missing-receipt/compiler/mutants/T0-WRAP-SKIP/overlay/Token0Probe.sol
./review/semantic-kernel/program-execution-20260908/p16-source-r4-review/author-control-replay/missing-receipt/compiler/mutants/T0-PROD-SKIP/overlay/Token0Probe.sol
./review/semantic-kernel/program-execution-20260908/p16-source-r4-review/author-control-replay/missing-receipt/compiler/mutants/T0-CHECKED-ADD/overlay/Token0Probe.sol
./review/semantic-kernel/program-execution-20260908/p16-source-r4-review/author-control-replay/missing-receipt/compiler/mutants/T0-REQ-SKIP/overlay/Token0Probe.sol
./review/semantic-kernel/program-execution-20260908/p16-source-r4-review/author-control-replay/missing-receipt/compiler/mutants/T0-FLOOR/overlay/Token0Probe.sol
./review/semantic-kernel/program-execution-20260908/p16-source-r4-review/author-control-replay/missing-receipt/compiler/mutants/T0-ID-SKIP/overlay/Token0Probe.sol
./review/semantic-kernel/program-execution-20260908/p16-source-r4-review/author-control-replay/lean-false/compiler/baseline/overlay/Token0Probe.sol
./review/semantic-kernel/program-execution-20260908/p16-source-r4-review/author-control-replay/lean-false/compiler/mutants/T0-WRAP-SKIP/overlay/Token0Probe.sol
./review/semantic-kernel/program-execution-20260908/p16-source-r4-review/author-control-replay/lean-false/compiler/mutants/T0-PROD-SKIP/overlay/Token0Probe.sol
./review/semantic-kernel/program-execution-20260908/p16-source-r4-review/author-control-replay/lean-false/compiler/mutants/T0-CHECKED-ADD/overlay/Token0Probe.sol
./review/semantic-kernel/program-execution-20260908/p16-source-r4-review/author-control-replay/lean-false/compiler/mutants/T0-REQ-SKIP/overlay/Token0Probe.sol
./review/semantic-kernel/program-execution-20260908/p16-source-r4-review/author-control-replay/lean-false/compiler/mutants/T0-FLOOR/overlay/Token0Probe.sol
./review/semantic-kernel/program-execution-20260908/p16-source-r4-review/author-control-replay/lean-false/compiler/mutants/T0-ID-SKIP/overlay/Token0Probe.sol
./review/semantic-kernel/program-execution-20260908/p16-source-r4-review/author-control-replay/crash-partial/compiler/baseline/overlay/Token0Probe.sol
./review/semantic-kernel/program-execution-20260908/p16-source-r4-review/author-control-replay/crash-partial/compiler/mutants/T0-WRAP-SKIP/overlay/Token0Probe.sol
./review/semantic-kernel/program-execution-20260908/p16-source-r4-review/author-control-replay/crash-partial/compiler/mutants/T0-PROD-SKIP/overlay/Token0Probe.sol
./review/semantic-kernel/program-execution-20260908/p16-source-r4-review/author-control-replay/crash-partial/compiler/mutants/T0-CHECKED-ADD/overlay/Token0Probe.sol
./review/semantic-kernel/program-execution-20260908/p16-source-r4-review/author-control-replay/crash-partial/compiler/mutants/T0-REQ-SKIP/overlay/Token0Probe.sol
./review/semantic-kernel/program-execution-20260908/p16-source-r4-review/author-control-replay/crash-partial/compiler/mutants/T0-FLOOR/overlay/Token0Probe.sol
./review/semantic-kernel/program-execution-20260908/p16-source-r4-review/author-control-replay/crash-partial/compiler/mutants/T0-ID-SKIP/overlay/Token0Probe.sol
./review/semantic-kernel/program-execution-20260908/p16-source-r4-review/author-control-replay/timeout/compiler/baseline/overlay/Token0Probe.sol
./review/semantic-kernel/program-execution-20260908/p16-source-r4-review/author-control-replay/timeout/compiler/mutants/T0-WRAP-SKIP/overlay/Token0Probe.sol
./review/semantic-kernel/program-execution-20260908/p16-source-r4-review/author-control-replay/timeout/compiler/mutants/T0-PROD-SKIP/overlay/Token0Probe.sol
./review/semantic-kernel/program-execution-20260908/p16-source-r4-review/author-control-replay/timeout/compiler/mutants/T0-CHECKED-ADD/overlay/Token0Probe.sol
./review/semantic-kernel/program-execution-20260908/p16-source-r4-review/author-control-replay/timeout/compiler/mutants/T0-REQ-SKIP/overlay/Token0Probe.sol
./review/semantic-kernel/program-execution-20260908/p16-source-r4-review/author-control-replay/timeout/compiler/mutants/T0-FLOOR/overlay/Token0Probe.sol
./review/semantic-kernel/program-execution-20260908/p16-source-r4-review/author-control-replay/timeout/compiler/mutants/T0-ID-SKIP/overlay/Token0Probe.sol
./review/semantic-kernel/program-execution-20260908/p16-source-r4-review/faults2/malformed-extra/compiler/baseline/overlay/Token0Probe.sol
./review/semantic-kernel/program-execution-20260908/p16-source-r4-review/faults2/malformed-extra/compiler/mutants/T0-WRAP-SKIP/overlay/Token0Probe.sol
./review/semantic-kernel/program-execution-20260908/p16-source-r4-review/faults2/malformed-extra/compiler/mutants/T0-PROD-SKIP/overlay/Token0Probe.sol
./review/semantic-kernel/program-execution-20260908/p16-source-r4-review/faults2/malformed-extra/compiler/mutants/T0-CHECKED-ADD/overlay/Token0Probe.sol
./review/semantic-kernel/program-execution-20260908/p16-source-r4-review/faults2/malformed-extra/compiler/mutants/T0-REQ-SKIP/overlay/Token0Probe.sol
./review/semantic-kernel/program-execution-20260908/p16-source-r4-review/faults2/malformed-extra/compiler/mutants/T0-FLOOR/overlay/Token0Probe.sol
./review/semantic-kernel/program-execution-20260908/p16-source-r4-review/faults2/malformed-extra/compiler/mutants/T0-ID-SKIP/overlay/Token0Probe.sol
./review/semantic-kernel/program-execution-20260908/p16-source-r4-review/faults2/compiler-nonzero/compiler/baseline/overlay/Token0Probe.sol
./review/semantic-kernel/program-execution-20260908/p16-source-r4-review/faults2/compiler-nonzero/compiler/mutants/T0-WRAP-SKIP/overlay/Token0Probe.sol
./review/semantic-kernel/program-execution-20260908/p16-source-r4-review/faults2/compiler-nonzero/compiler/mutants/T0-PROD-SKIP/overlay/Token0Probe.sol
./review/semantic-kernel/program-execution-20260908/p16-source-r4-review/faults2/compiler-nonzero/compiler/mutants/T0-CHECKED-ADD/overlay/Token0Probe.sol
./review/semantic-kernel/program-execution-20260908/p16-source-r4-review/faults2/compiler-nonzero/compiler/mutants/T0-REQ-SKIP/overlay/Token0Probe.sol
./review/semantic-kernel/program-execution-20260908/p16-source-r4-review/faults2/compiler-nonzero/compiler/mutants/T0-FLOOR/overlay/Token0Probe.sol
./review/semantic-kernel/program-execution-20260908/p16-source-r4-review/faults2/compiler-nonzero/compiler/mutants/T0-ID-SKIP/overlay/Token0Probe.sol
./review/semantic-kernel/program-execution-20260908/p16-source-r4-review/fresh/missing-tool/controls/missing-tool/overlay/Token0Probe.sol
./review/semantic-kernel/program-execution-20260908/p16-source-r6-review/execution/intact/compiler/baseline/overlay/Token0Probe.sol
./review/semantic-kernel/program-execution-20260908/p16-source-r6-review/execution/intact/compiler/mutants/T0-WRAP-SKIP/overlay/Token0Probe.sol
./review/semantic-kernel/program-execution-20260908/p16-source-r6-review/execution/intact/compiler/mutants/T0-PROD-SKIP/overlay/Token0Probe.sol
./review/semantic-kernel/program-execution-20260908/p16-source-r6-review/execution/intact/compiler/mutants/T0-CHECKED-ADD/overlay/Token0Probe.sol
./review/semantic-kernel/program-execution-20260908/p16-source-r6-review/execution/intact/compiler/mutants/T0-REQ-SKIP/overlay/Token0Probe.sol
./review/semantic-kernel/program-execution-20260908/p16-source-r6-review/execution/intact/compiler/mutants/T0-FLOOR/overlay/Token0Probe.sol
./review/semantic-kernel/program-execution-20260908/p16-source-r6-review/execution/intact/compiler/mutants/T0-ID-SKIP/overlay/Token0Probe.sol
./review/semantic-kernel/program-execution-20260908/p16-source-r6-review/execution/duplicate-empty-revert/compiler/baseline/overlay/Token0Probe.sol
./review/semantic-kernel/program-execution-20260908/p16-source-r6-review/execution/duplicate-empty-revert/compiler/mutants/T0-WRAP-SKIP/overlay/Token0Probe.sol
./review/semantic-kernel/program-execution-20260908/p16-source-r6-review/execution/duplicate-empty-revert/compiler/mutants/T0-PROD-SKIP/overlay/Token0Probe.sol
./review/semantic-kernel/program-execution-20260908/p16-source-r6-review/execution/duplicate-empty-revert/compiler/mutants/T0-CHECKED-ADD/overlay/Token0Probe.sol
./review/semantic-kernel/program-execution-20260908/p16-source-r6-review/execution/duplicate-empty-revert/compiler/mutants/T0-REQ-SKIP/overlay/Token0Probe.sol
./review/semantic-kernel/program-execution-20260908/p16-source-r6-review/execution/duplicate-empty-revert/compiler/mutants/T0-FLOOR/overlay/Token0Probe.sol
./review/semantic-kernel/program-execution-20260908/p16-source-r6-review/execution/duplicate-empty-revert/compiler/mutants/T0-ID-SKIP/overlay/Token0Probe.sol
./review/semantic-kernel/program-execution-20260908/p16-source-r6-review/execution/duplicate-empty-invalid/compiler/baseline/overlay/Token0Probe.sol
./review/semantic-kernel/program-execution-20260908/p16-source-r6-review/execution/duplicate-empty-invalid/compiler/mutants/T0-WRAP-SKIP/overlay/Token0Probe.sol
./review/semantic-kernel/program-execution-20260908/p16-source-r6-review/execution/duplicate-empty-invalid/compiler/mutants/T0-PROD-SKIP/overlay/Token0Probe.sol
./review/semantic-kernel/program-execution-20260908/p16-source-r6-review/execution/duplicate-empty-invalid/compiler/mutants/T0-CHECKED-ADD/overlay/Token0Probe.sol
./review/semantic-kernel/program-execution-20260908/p16-source-r6-review/execution/duplicate-empty-invalid/compiler/mutants/T0-REQ-SKIP/overlay/Token0Probe.sol
./review/semantic-kernel/program-execution-20260908/p16-source-r6-review/execution/duplicate-empty-invalid/compiler/mutants/T0-FLOOR/overlay/Token0Probe.sol
./review/semantic-kernel/program-execution-20260908/p16-source-r6-review/execution/duplicate-empty-invalid/compiler/mutants/T0-ID-SKIP/overlay/Token0Probe.sol
./review/semantic-kernel/program-execution-20260908/p16-source-r3-review/faults/missing-receipt/compiler/baseline/overlay/Token0Probe.sol
./review/semantic-kernel/program-execution-20260908/p16-source-r3-review/faults/missing-receipt/compiler/mutants/T0-WRAP-SKIP/overlay/Token0Probe.sol
./review/semantic-kernel/program-execution-20260908/p16-source-r3-review/faults/missing-receipt/compiler/mutants/T0-PROD-SKIP/overlay/Token0Probe.sol
./review/semantic-kernel/program-execution-20260908/p16-source-r3-review/faults/missing-receipt/compiler/mutants/T0-CHECKED-ADD/overlay/Token0Probe.sol
./review/semantic-kernel/program-execution-20260908/p16-source-r3-review/faults/missing-receipt/compiler/mutants/T0-REQ-SKIP/overlay/Token0Probe.sol
./review/semantic-kernel/program-execution-20260908/p16-source-r3-review/faults/missing-receipt/compiler/mutants/T0-FLOOR/overlay/Token0Probe.sol
./review/semantic-kernel/program-execution-20260908/p16-source-r3-review/faults/missing-receipt/compiler/mutants/T0-ID-SKIP/overlay/Token0Probe.sol
./review/semantic-kernel/program-execution-20260908/p16-source-r3-review/faults/unknown-stdout/compiler/baseline/overlay/Token0Probe.sol
./review/semantic-kernel/program-execution-20260908/p16-source-r3-review/faults/unknown-stdout/compiler/mutants/T0-WRAP-SKIP/overlay/Token0Probe.sol
./review/semantic-kernel/program-execution-20260908/p16-source-r3-review/faults/unknown-stdout/compiler/mutants/T0-PROD-SKIP/overlay/Token0Probe.sol
./review/semantic-kernel/program-execution-20260908/p16-source-r3-review/faults/unknown-stdout/compiler/mutants/T0-CHECKED-ADD/overlay/Token0Probe.sol
./review/semantic-kernel/program-execution-20260908/p16-source-r3-review/faults/unknown-stdout/compiler/mutants/T0-REQ-SKIP/overlay/Token0Probe.sol
./review/semantic-kernel/program-execution-20260908/p16-source-r3-review/faults/unknown-stdout/compiler/mutants/T0-FLOOR/overlay/Token0Probe.sol
./review/semantic-kernel/program-execution-20260908/p16-source-r3-review/faults/unknown-stdout/compiler/mutants/T0-ID-SKIP/overlay/Token0Probe.sol
./review/semantic-kernel/program-execution-20260908/p16-source-r3-review/faults/stale-receipt/compiler/baseline/overlay/Token0Probe.sol
./review/semantic-kernel/program-execution-20260908/p16-source-r3-review/faults/stale-receipt/compiler/mutants/T0-WRAP-SKIP/overlay/Token0Probe.sol
./review/semantic-kernel/program-execution-20260908/p16-source-r3-review/faults/stale-receipt/compiler/mutants/T0-PROD-SKIP/overlay/Token0Probe.sol
./review/semantic-kernel/program-execution-20260908/p16-source-r3-review/faults/stale-receipt/compiler/mutants/T0-CHECKED-ADD/overlay/Token0Probe.sol
./review/semantic-kernel/program-execution-20260908/p16-source-r3-review/faults/stale-receipt/compiler/mutants/T0-REQ-SKIP/overlay/Token0Probe.sol
./review/semantic-kernel/program-execution-20260908/p16-source-r3-review/faults/stale-receipt/compiler/mutants/T0-FLOOR/overlay/Token0Probe.sol
./review/semantic-kernel/program-execution-20260908/p16-source-r3-review/faults/stale-receipt/compiler/mutants/T0-ID-SKIP/overlay/Token0Probe.sol
./review/semantic-kernel/program-execution-20260908/p16-source-r3-review/faults/lean-false/compiler/baseline/overlay/Token0Probe.sol
./review/semantic-kernel/program-execution-20260908/p16-source-r3-review/faults/lean-false/compiler/mutants/T0-WRAP-SKIP/overlay/Token0Probe.sol
./review/semantic-kernel/program-execution-20260908/p16-source-r3-review/faults/lean-false/compiler/mutants/T0-PROD-SKIP/overlay/Token0Probe.sol
./review/semantic-kernel/program-execution-20260908/p16-source-r3-review/faults/lean-false/compiler/mutants/T0-CHECKED-ADD/overlay/Token0Probe.sol
./review/semantic-kernel/program-execution-20260908/p16-source-r3-review/faults/lean-false/compiler/mutants/T0-REQ-SKIP/overlay/Token0Probe.sol
./review/semantic-kernel/program-execution-20260908/p16-source-r3-review/faults/lean-false/compiler/mutants/T0-FLOOR/overlay/Token0Probe.sol
./review/semantic-kernel/program-execution-20260908/p16-source-r3-review/faults/lean-false/compiler/mutants/T0-ID-SKIP/overlay/Token0Probe.sol
./review/semantic-kernel/program-execution-20260908/p16-source-r3-review/faults/missing-fixture-file/compiler/baseline/overlay/Token0Probe.sol
./review/semantic-kernel/program-execution-20260908/p16-source-r3-review/faults/missing-fixture-file/compiler/mutants/T0-WRAP-SKIP/overlay/Token0Probe.sol
./review/semantic-kernel/program-execution-20260908/p16-source-r3-review/faults/missing-fixture-file/compiler/mutants/T0-PROD-SKIP/overlay/Token0Probe.sol
./review/semantic-kernel/program-execution-20260908/p16-source-r3-review/faults/missing-fixture-file/compiler/mutants/T0-CHECKED-ADD/overlay/Token0Probe.sol
./review/semantic-kernel/program-execution-20260908/p16-source-r3-review/faults/missing-fixture-file/compiler/mutants/T0-REQ-SKIP/overlay/Token0Probe.sol
./review/semantic-kernel/program-execution-20260908/p16-source-r3-review/faults/missing-fixture-file/compiler/mutants/T0-FLOOR/overlay/Token0Probe.sol
./review/semantic-kernel/program-execution-20260908/p16-source-r3-review/faults/missing-fixture-file/compiler/mutants/T0-ID-SKIP/overlay/Token0Probe.sol
./review/semantic-kernel/program-execution-20260908/p16-source-r3-review/faults/missing-fixture/compiler/baseline/overlay/Token0Probe.sol
./review/semantic-kernel/program-execution-20260908/p16-source-r3-review/faults/missing-fixture/compiler/mutants/T0-WRAP-SKIP/overlay/Token0Probe.sol
./review/semantic-kernel/program-execution-20260908/p16-source-r3-review/faults/missing-fixture/compiler/mutants/T0-PROD-SKIP/overlay/Token0Probe.sol
./review/semantic-kernel/program-execution-20260908/p16-source-r3-review/faults/missing-fixture/compiler/mutants/T0-CHECKED-ADD/overlay/Token0Probe.sol
./review/semantic-kernel/program-execution-20260908/p16-source-r3-review/faults/missing-fixture/compiler/mutants/T0-REQ-SKIP/overlay/Token0Probe.sol
./review/semantic-kernel/program-execution-20260908/p16-source-r3-review/faults/missing-fixture/compiler/mutants/T0-FLOOR/overlay/Token0Probe.sol
./review/semantic-kernel/program-execution-20260908/p16-source-r3-review/faults/missing-fixture/compiler/mutants/T0-ID-SKIP/overlay/Token0Probe.sol
./review/semantic-kernel/program-execution-20260908/p16-source-r3-review/faults/crash-partial/compiler/baseline/overlay/Token0Probe.sol
./review/semantic-kernel/program-execution-20260908/p16-source-r3-review/faults/crash-partial/compiler/mutants/T0-WRAP-SKIP/overlay/Token0Probe.sol
./review/semantic-kernel/program-execution-20260908/p16-source-r3-review/faults/crash-partial/compiler/mutants/T0-PROD-SKIP/overlay/Token0Probe.sol
./review/semantic-kernel/program-execution-20260908/p16-source-r3-review/faults/crash-partial/compiler/mutants/T0-CHECKED-ADD/overlay/Token0Probe.sol
./review/semantic-kernel/program-execution-20260908/p16-source-r3-review/faults/crash-partial/compiler/mutants/T0-REQ-SKIP/overlay/Token0Probe.sol
./review/semantic-kernel/program-execution-20260908/p16-source-r3-review/faults/crash-partial/compiler/mutants/T0-FLOOR/overlay/Token0Probe.sol
./review/semantic-kernel/program-execution-20260908/p16-source-r3-review/faults/crash-partial/compiler/mutants/T0-ID-SKIP/overlay/Token0Probe.sol
./review/semantic-kernel/program-execution-20260908/p16-source-r3-review/faults/malformed-receipt/compiler/baseline/overlay/Token0Probe.sol
./review/semantic-kernel/program-execution-20260908/p16-source-r3-review/faults/malformed-receipt/compiler/mutants/T0-ID-SKIP/overlay/Token0Probe.sol
./review/semantic-kernel/program-execution-20260908/p16-source-r3-review/faults/crash-partial-corrected/compiler/baseline/overlay/Token0Probe.sol
./review/semantic-kernel/program-execution-20260908/p16-source-r3-review/faults/crash-partial-corrected/compiler/mutants/T0-WRAP-SKIP/overlay/Token0Probe.sol
./review/semantic-kernel/program-execution-20260908/p16-source-r3-review/faults/crash-partial-corrected/compiler/mutants/T0-PROD-SKIP/overlay/Token0Probe.sol
./review/semantic-kernel/program-execution-20260908/p16-source-r3-review/faults/crash-partial-corrected/compiler/mutants/T0-CHECKED-ADD/overlay/Token0Probe.sol
./review/semantic-kernel/program-execution-20260908/p16-source-r3-review/faults/crash-partial-corrected/compiler/mutants/T0-REQ-SKIP/overlay/Token0Probe.sol
./review/semantic-kernel/program-execution-20260908/p16-source-r3-review/faults/crash-partial-corrected/compiler/mutants/T0-FLOOR/overlay/Token0Probe.sol
./review/semantic-kernel/program-execution-20260908/p16-source-r3-review/faults/crash-partial-corrected/compiler/mutants/T0-ID-SKIP/overlay/Token0Probe.sol
./review/semantic-kernel/program-execution-20260908/p16-source-r3-review/faults/timeout/compiler/baseline/overlay/Token0Probe.sol
./review/semantic-kernel/program-execution-20260908/p16-source-r3-review/faults/timeout/compiler/mutants/T0-WRAP-SKIP/overlay/Token0Probe.sol
./review/semantic-kernel/program-execution-20260908/p16-source-r3-review/faults/timeout/compiler/mutants/T0-PROD-SKIP/overlay/Token0Probe.sol
./review/semantic-kernel/program-execution-20260908/p16-source-r3-review/faults/timeout/compiler/mutants/T0-CHECKED-ADD/overlay/Token0Probe.sol
./review/semantic-kernel/program-execution-20260908/p16-source-r3-review/faults/timeout/compiler/mutants/T0-REQ-SKIP/overlay/Token0Probe.sol
./review/semantic-kernel/program-execution-20260908/p16-source-r3-review/faults/timeout/compiler/mutants/T0-FLOOR/overlay/Token0Probe.sol
./review/semantic-kernel/program-execution-20260908/p16-source-r3-review/faults/timeout/compiler/mutants/T0-ID-SKIP/overlay/Token0Probe.sol
./review/semantic-kernel/program-execution-20260908/p16-source-r3-review/fresh/missing-tool/controls/missing-tool/overlay/Token0Probe.sol
./review/semantic-kernel/program-execution-20260908/p16-source-r3-review/fresh/intact/compiler/baseline/overlay/Token0Probe.sol
./review/semantic-kernel/program-execution-20260908/p16-source-r3-review/fresh/intact/compiler/mutants/T0-WRAP-SKIP/overlay/Token0Probe.sol
./review/semantic-kernel/program-execution-20260908/p16-source-r3-review/fresh/intact/compiler/mutants/T0-PROD-SKIP/overlay/Token0Probe.sol
./review/semantic-kernel/program-execution-20260908/p16-source-r3-review/fresh/intact/compiler/mutants/T0-CHECKED-ADD/overlay/Token0Probe.sol
./review/semantic-kernel/program-execution-20260908/p16-source-r3-review/fresh/intact/compiler/mutants/T0-REQ-SKIP/overlay/Token0Probe.sol
./review/semantic-kernel/program-execution-20260908/p16-source-r3-review/fresh/intact/compiler/mutants/T0-FLOOR/overlay/Token0Probe.sol
./review/semantic-kernel/program-execution-20260908/p16-source-r3-review/fresh/intact/compiler/mutants/T0-ID-SKIP/overlay/Token0Probe.sol
./review/semantic-kernel/program-execution-20260908/p16-source-r3-review/fresh/compiler-error/overlay/Token0Probe.sol
./review/semantic-kernel/uniswap-token0/p16/implementation/grok-r5/compiler/baseline/overlay/Token0Probe.sol
./review/semantic-kernel/uniswap-token0/p16/implementation/grok-r5/compiler/mutants/T0-WRAP-SKIP/overlay/Token0Probe.sol
./review/semantic-kernel/uniswap-token0/p16/implementation/grok-r5/compiler/mutants/T0-PROD-SKIP/overlay/Token0Probe.sol
./review/semantic-kernel/uniswap-token0/p16/implementation/grok-r5/compiler/mutants/T0-CHECKED-ADD/overlay/Token0Probe.sol
./review/semantic-kernel/uniswap-token0/p16/implementation/grok-r5/compiler/mutants/T0-REQ-SKIP/overlay/Token0Probe.sol
./review/semantic-kernel/uniswap-token0/p16/implementation/grok-r5/compiler/mutants/T0-FLOOR/overlay/Token0Probe.sol
./review/semantic-kernel/uniswap-token0/p16/implementation/grok-r5/compiler/mutants/T0-ID-SKIP/overlay/Token0Probe.sol
./review/semantic-kernel/uniswap-token0/p16/implementation/grok-r5/controls/unknown-error-output/compiler/baseline/overlay/Token0Probe.sol
./review/semantic-kernel/uniswap-token0/p16/implementation/grok-r5/controls/unknown-error-output/compiler/mutants/T0-WRAP-SKIP/overlay/Token0Probe.sol
./review/semantic-kernel/uniswap-token0/p16/implementation/grok-r5/controls/unknown-error-output/compiler/mutants/T0-PROD-SKIP/overlay/Token0Probe.sol
./review/semantic-kernel/uniswap-token0/p16/implementation/grok-r5/controls/unknown-error-output/compiler/mutants/T0-CHECKED-ADD/overlay/Token0Probe.sol
./review/semantic-kernel/uniswap-token0/p16/implementation/grok-r5/controls/unknown-error-output/compiler/mutants/T0-REQ-SKIP/overlay/Token0Probe.sol
./review/semantic-kernel/uniswap-token0/p16/implementation/grok-r5/controls/unknown-error-output/compiler/mutants/T0-FLOOR/overlay/Token0Probe.sol
./review/semantic-kernel/uniswap-token0/p16/implementation/grok-r5/controls/unknown-error-output/compiler/mutants/T0-ID-SKIP/overlay/Token0Probe.sol
./review/semantic-kernel/uniswap-token0/p16/implementation/grok-r5/controls/missing-tool/overlay/Token0Probe.sol
./review/semantic-kernel/uniswap-token0/p16/implementation/grok-r5/controls/lean-false/compiler/baseline/overlay/Token0Probe.sol
./review/semantic-kernel/uniswap-token0/p16/implementation/grok-r5/controls/lean-false/compiler/mutants/T0-WRAP-SKIP/overlay/Token0Probe.sol
./review/semantic-kernel/uniswap-token0/p16/implementation/grok-r5/controls/lean-false/compiler/mutants/T0-PROD-SKIP/overlay/Token0Probe.sol
./review/semantic-kernel/uniswap-token0/p16/implementation/grok-r5/controls/lean-false/compiler/mutants/T0-CHECKED-ADD/overlay/Token0Probe.sol
./review/semantic-kernel/uniswap-token0/p16/implementation/grok-r5/controls/lean-false/compiler/mutants/T0-REQ-SKIP/overlay/Token0Probe.sol
./review/semantic-kernel/uniswap-token0/p16/implementation/grok-r5/controls/lean-false/compiler/mutants/T0-FLOOR/overlay/Token0Probe.sol
./review/semantic-kernel/uniswap-token0/p16/implementation/grok-r5/controls/lean-false/compiler/mutants/T0-ID-SKIP/overlay/Token0Probe.sol
./review/semantic-kernel/uniswap-token0/p16/implementation/grok-r5/controls/malformed-extra/compiler/baseline/overlay/Token0Probe.sol
./review/semantic-kernel/uniswap-token0/p16/implementation/grok-r5/controls/malformed-extra/compiler/mutants/T0-WRAP-SKIP/overlay/Token0Probe.sol
./review/semantic-kernel/uniswap-token0/p16/implementation/grok-r5/controls/malformed-extra/compiler/mutants/T0-PROD-SKIP/overlay/Token0Probe.sol
./review/semantic-kernel/uniswap-token0/p16/implementation/grok-r5/controls/malformed-extra/compiler/mutants/T0-CHECKED-ADD/overlay/Token0Probe.sol
./review/semantic-kernel/uniswap-token0/p16/implementation/grok-r5/controls/malformed-extra/compiler/mutants/T0-REQ-SKIP/overlay/Token0Probe.sol
./review/semantic-kernel/uniswap-token0/p16/implementation/grok-r5/controls/malformed-extra/compiler/mutants/T0-FLOOR/overlay/Token0Probe.sol
./review/semantic-kernel/uniswap-token0/p16/implementation/grok-r5/controls/malformed-extra/compiler/mutants/T0-ID-SKIP/overlay/Token0Probe.sol
./review/semantic-kernel/uniswap-token0/p16/implementation/grok-r5/controls/wrong-status/compiler/baseline/overlay/Token0Probe.sol
./review/semantic-kernel/uniswap-token0/p16/implementation/grok-r5/controls/wrong-status/compiler/mutants/T0-WRAP-SKIP/overlay/Token0Probe.sol
./review/semantic-kernel/uniswap-token0/p16/implementation/grok-r5/controls/wrong-status/compiler/mutants/T0-PROD-SKIP/overlay/Token0Probe.sol
./review/semantic-kernel/uniswap-token0/p16/implementation/grok-r5/controls/wrong-status/compiler/mutants/T0-CHECKED-ADD/overlay/Token0Probe.sol
./review/semantic-kernel/uniswap-token0/p16/implementation/grok-r5/controls/wrong-status/compiler/mutants/T0-REQ-SKIP/overlay/Token0Probe.sol
./review/semantic-kernel/uniswap-token0/p16/implementation/grok-r5/controls/wrong-status/compiler/mutants/T0-FLOOR/overlay/Token0Probe.sol
./review/semantic-kernel/uniswap-token0/p16/implementation/grok-r5/controls/wrong-status/compiler/mutants/T0-ID-SKIP/overlay/Token0Probe.sol
./review/semantic-kernel/uniswap-token0/p16/implementation/grok-r5/controls/runtime-extra/compiler/baseline/overlay/Token0Probe.sol
./review/semantic-kernel/uniswap-token0/p16/implementation/grok-r5/controls/runtime-extra/compiler/mutants/T0-WRAP-SKIP/overlay/Token0Probe.sol
./review/semantic-kernel/uniswap-token0/p16/implementation/grok-r5/controls/runtime-extra/compiler/mutants/T0-PROD-SKIP/overlay/Token0Probe.sol
./review/semantic-kernel/uniswap-token0/p16/implementation/grok-r5/controls/runtime-extra/compiler/mutants/T0-CHECKED-ADD/overlay/Token0Probe.sol
./review/semantic-kernel/uniswap-token0/p16/implementation/grok-r5/controls/runtime-extra/compiler/mutants/T0-REQ-SKIP/overlay/Token0Probe.sol
./review/semantic-kernel/uniswap-token0/p16/implementation/grok-r5/controls/runtime-extra/compiler/mutants/T0-FLOOR/overlay/Token0Probe.sol
./review/semantic-kernel/uniswap-token0/p16/implementation/grok-r5/controls/runtime-extra/compiler/mutants/T0-ID-SKIP/overlay/Token0Probe.sol
./review/semantic-kernel/uniswap-token0/p16/implementation/grok-r5/controls/compiler-nonzero/compiler/baseline/overlay/Token0Probe.sol
./review/semantic-kernel/uniswap-token0/p16/implementation/grok-r5/controls/compiler-nonzero/compiler/mutants/T0-WRAP-SKIP/overlay/Token0Probe.sol
./review/semantic-kernel/uniswap-token0/p16/implementation/grok-r5/controls/compiler-nonzero/compiler/mutants/T0-PROD-SKIP/overlay/Token0Probe.sol
./review/semantic-kernel/uniswap-token0/p16/implementation/grok-r5/controls/compiler-nonzero/compiler/mutants/T0-CHECKED-ADD/overlay/Token0Probe.sol
./review/semantic-kernel/uniswap-token0/p16/implementation/grok-r5/controls/compiler-nonzero/compiler/mutants/T0-REQ-SKIP/overlay/Token0Probe.sol
./review/semantic-kernel/uniswap-token0/p16/implementation/grok-r5/controls/compiler-nonzero/compiler/mutants/T0-FLOOR/overlay/Token0Probe.sol
./review/semantic-kernel/uniswap-token0/p16/implementation/grok-r5/controls/compiler-nonzero/compiler/mutants/T0-ID-SKIP/overlay/Token0Probe.sol
./review/semantic-kernel/uniswap-token0/p16/implementation/grok-r3/compiler/baseline/overlay/Token0Probe.sol
./review/semantic-kernel/uniswap-token0/p16/implementation/grok-r3/compiler/mutants/T0-WRAP-SKIP/overlay/Token0Probe.sol
./review/semantic-kernel/uniswap-token0/p16/implementation/grok-r3/compiler/mutants/T0-PROD-SKIP/overlay/Token0Probe.sol
./review/semantic-kernel/uniswap-token0/p16/implementation/grok-r3/compiler/mutants/T0-CHECKED-ADD/overlay/Token0Probe.sol
./review/semantic-kernel/uniswap-token0/p16/implementation/grok-r3/compiler/mutants/T0-REQ-SKIP/overlay/Token0Probe.sol
./review/semantic-kernel/uniswap-token0/p16/implementation/grok-r3/compiler/mutants/T0-FLOOR/overlay/Token0Probe.sol
./review/semantic-kernel/uniswap-token0/p16/implementation/grok-r3/compiler/mutants/T0-ID-SKIP/overlay/Token0Probe.sol
./review/semantic-kernel/uniswap-token0/p16/implementation/grok-r3/controls/missing-tool/overlay/Token0Probe.sol
./review/semantic-kernel/uniswap-token0/p16/implementation/grok-r4/compiler/baseline/overlay/Token0Probe.sol
./review/semantic-kernel/uniswap-token0/p16/implementation/grok-r4/compiler/mutants/T0-WRAP-SKIP/overlay/Token0Probe.sol
./review/semantic-kernel/uniswap-token0/p16/implementation/grok-r4/compiler/mutants/T0-PROD-SKIP/overlay/Token0Probe.sol
./review/semantic-kernel/uniswap-token0/p16/implementation/grok-r4/compiler/mutants/T0-CHECKED-ADD/overlay/Token0Probe.sol
./review/semantic-kernel/uniswap-token0/p16/implementation/grok-r4/compiler/mutants/T0-REQ-SKIP/overlay/Token0Probe.sol
./review/semantic-kernel/uniswap-token0/p16/implementation/grok-r4/compiler/mutants/T0-FLOOR/overlay/Token0Probe.sol
./review/semantic-kernel/uniswap-token0/p16/implementation/grok-r4/compiler/mutants/T0-ID-SKIP/overlay/Token0Probe.sol
./review/semantic-kernel/uniswap-token0/p16/implementation/grok-r4/controls/missing-receipt/compiler/baseline/overlay/Token0Probe.sol
./review/semantic-kernel/uniswap-token0/p16/implementation/grok-r4/controls/missing-receipt/compiler/mutants/T0-WRAP-SKIP/overlay/Token0Probe.sol
./review/semantic-kernel/uniswap-token0/p16/implementation/grok-r4/controls/missing-receipt/compiler/mutants/T0-PROD-SKIP/overlay/Token0Probe.sol
./review/semantic-kernel/uniswap-token0/p16/implementation/grok-r4/controls/missing-receipt/compiler/mutants/T0-CHECKED-ADD/overlay/Token0Probe.sol
./review/semantic-kernel/uniswap-token0/p16/implementation/grok-r4/controls/missing-receipt/compiler/mutants/T0-REQ-SKIP/overlay/Token0Probe.sol
./review/semantic-kernel/uniswap-token0/p16/implementation/grok-r4/controls/missing-receipt/compiler/mutants/T0-FLOOR/overlay/Token0Probe.sol
./review/semantic-kernel/uniswap-token0/p16/implementation/grok-r4/controls/missing-receipt/compiler/mutants/T0-ID-SKIP/overlay/Token0Probe.sol
./review/semantic-kernel/uniswap-token0/p16/implementation/grok-r4/controls/unknown-stdout/compiler/baseline/overlay/Token0Probe.sol
./review/semantic-kernel/uniswap-token0/p16/implementation/grok-r4/controls/unknown-stdout/compiler/mutants/T0-WRAP-SKIP/overlay/Token0Probe.sol
./review/semantic-kernel/uniswap-token0/p16/implementation/grok-r4/controls/unknown-stdout/compiler/mutants/T0-PROD-SKIP/overlay/Token0Probe.sol
./review/semantic-kernel/uniswap-token0/p16/implementation/grok-r4/controls/unknown-stdout/compiler/mutants/T0-CHECKED-ADD/overlay/Token0Probe.sol
./review/semantic-kernel/uniswap-token0/p16/implementation/grok-r4/controls/unknown-stdout/compiler/mutants/T0-REQ-SKIP/overlay/Token0Probe.sol
./review/semantic-kernel/uniswap-token0/p16/implementation/grok-r4/controls/unknown-stdout/compiler/mutants/T0-FLOOR/overlay/Token0Probe.sol
./review/semantic-kernel/uniswap-token0/p16/implementation/grok-r4/controls/unknown-stdout/compiler/mutants/T0-ID-SKIP/overlay/Token0Probe.sol
./review/semantic-kernel/uniswap-token0/p16/implementation/grok-r4/controls/missing-tool/overlay/Token0Probe.sol
./review/semantic-kernel/uniswap-token0/p16/implementation/grok-r4/controls/stale-receipt/compiler/baseline/overlay/Token0Probe.sol
./review/semantic-kernel/uniswap-token0/p16/implementation/grok-r4/controls/stale-receipt/compiler/mutants/T0-WRAP-SKIP/overlay/Token0Probe.sol
./review/semantic-kernel/uniswap-token0/p16/implementation/grok-r4/controls/stale-receipt/compiler/mutants/T0-PROD-SKIP/overlay/Token0Probe.sol
./review/semantic-kernel/uniswap-token0/p16/implementation/grok-r4/controls/stale-receipt/compiler/mutants/T0-CHECKED-ADD/overlay/Token0Probe.sol
./review/semantic-kernel/uniswap-token0/p16/implementation/grok-r4/controls/stale-receipt/compiler/mutants/T0-REQ-SKIP/overlay/Token0Probe.sol
./review/semantic-kernel/uniswap-token0/p16/implementation/grok-r4/controls/stale-receipt/compiler/mutants/T0-FLOOR/overlay/Token0Probe.sol
./review/semantic-kernel/uniswap-token0/p16/implementation/grok-r4/controls/stale-receipt/compiler/mutants/T0-ID-SKIP/overlay/Token0Probe.sol
./review/semantic-kernel/uniswap-token0/p16/implementation/grok-r4/controls/lean-false/compiler/baseline/overlay/Token0Probe.sol
./review/semantic-kernel/uniswap-token0/p16/implementation/grok-r4/controls/lean-false/compiler/mutants/T0-WRAP-SKIP/overlay/Token0Probe.sol
./review/semantic-kernel/uniswap-token0/p16/implementation/grok-r4/controls/lean-false/compiler/mutants/T0-PROD-SKIP/overlay/Token0Probe.sol
./review/semantic-kernel/uniswap-token0/p16/implementation/grok-r4/controls/lean-false/compiler/mutants/T0-CHECKED-ADD/overlay/Token0Probe.sol
./review/semantic-kernel/uniswap-token0/p16/implementation/grok-r4/controls/lean-false/compiler/mutants/T0-REQ-SKIP/overlay/Token0Probe.sol
./review/semantic-kernel/uniswap-token0/p16/implementation/grok-r4/controls/lean-false/compiler/mutants/T0-FLOOR/overlay/Token0Probe.sol
./review/semantic-kernel/uniswap-token0/p16/implementation/grok-r4/controls/lean-false/compiler/mutants/T0-ID-SKIP/overlay/Token0Probe.sol
./review/semantic-kernel/uniswap-token0/p16/implementation/grok-r4/controls/crash-partial/compiler/baseline/overlay/Token0Probe.sol
./review/semantic-kernel/uniswap-token0/p16/implementation/grok-r4/controls/crash-partial/compiler/mutants/T0-WRAP-SKIP/overlay/Token0Probe.sol
./review/semantic-kernel/uniswap-token0/p16/implementation/grok-r4/controls/crash-partial/compiler/mutants/T0-PROD-SKIP/overlay/Token0Probe.sol
./review/semantic-kernel/uniswap-token0/p16/implementation/grok-r4/controls/crash-partial/compiler/mutants/T0-CHECKED-ADD/overlay/Token0Probe.sol
./review/semantic-kernel/uniswap-token0/p16/implementation/grok-r4/controls/crash-partial/compiler/mutants/T0-REQ-SKIP/overlay/Token0Probe.sol
./review/semantic-kernel/uniswap-token0/p16/implementation/grok-r4/controls/crash-partial/compiler/mutants/T0-FLOOR/overlay/Token0Probe.sol
./review/semantic-kernel/uniswap-token0/p16/implementation/grok-r4/controls/crash-partial/compiler/mutants/T0-ID-SKIP/overlay/Token0Probe.sol
./review/semantic-kernel/uniswap-token0/p16/implementation/grok-r4/controls/malformed-receipt/compiler/baseline/overlay/Token0Probe.sol
./review/semantic-kernel/uniswap-token0/p16/implementation/grok-r4/controls/malformed-receipt/compiler/mutants/T0-WRAP-SKIP/overlay/Token0Probe.sol
./review/semantic-kernel/uniswap-token0/p16/implementation/grok-r4/controls/malformed-receipt/compiler/mutants/T0-PROD-SKIP/overlay/Token0Probe.sol
./review/semantic-kernel/uniswap-token0/p16/implementation/grok-r4/controls/malformed-receipt/compiler/mutants/T0-CHECKED-ADD/overlay/Token0Probe.sol
./review/semantic-kernel/uniswap-token0/p16/implementation/grok-r4/controls/malformed-receipt/compiler/mutants/T0-REQ-SKIP/overlay/Token0Probe.sol
./review/semantic-kernel/uniswap-token0/p16/implementation/grok-r4/controls/malformed-receipt/compiler/mutants/T0-FLOOR/overlay/Token0Probe.sol
./review/semantic-kernel/uniswap-token0/p16/implementation/grok-r4/controls/malformed-receipt/compiler/mutants/T0-ID-SKIP/overlay/Token0Probe.sol
./review/semantic-kernel/uniswap-token0/p16/implementation/grok-r4/controls/timeout/compiler/baseline/overlay/Token0Probe.sol
./review/semantic-kernel/uniswap-token0/p16/implementation/grok-r4/controls/timeout/compiler/mutants/T0-WRAP-SKIP/overlay/Token0Probe.sol
./review/semantic-kernel/uniswap-token0/p16/implementation/grok-r4/controls/timeout/compiler/mutants/T0-PROD-SKIP/overlay/Token0Probe.sol
./review/semantic-kernel/uniswap-token0/p16/implementation/grok-r4/controls/timeout/compiler/mutants/T0-CHECKED-ADD/overlay/Token0Probe.sol
./review/semantic-kernel/uniswap-token0/p16/implementation/grok-r4/controls/timeout/compiler/mutants/T0-REQ-SKIP/overlay/Token0Probe.sol
./review/semantic-kernel/uniswap-token0/p16/implementation/grok-r4/controls/timeout/compiler/mutants/T0-FLOOR/overlay/Token0Probe.sol
./review/semantic-kernel/uniswap-token0/p16/implementation/grok-r4/controls/timeout/compiler/mutants/T0-ID-SKIP/overlay/Token0Probe.sol
./review/semantic-kernel/uniswap-token0/p16/implementation/grok-r6/compiler/baseline/overlay/Token0Probe.sol
./review/semantic-kernel/uniswap-token0/p16/implementation/grok-r6/compiler/mutants/T0-WRAP-SKIP/overlay/Token0Probe.sol
./review/semantic-kernel/uniswap-token0/p16/implementation/grok-r6/compiler/mutants/T0-PROD-SKIP/overlay/Token0Probe.sol
./review/semantic-kernel/uniswap-token0/p16/implementation/grok-r6/compiler/mutants/T0-CHECKED-ADD/overlay/Token0Probe.sol
./review/semantic-kernel/uniswap-token0/p16/implementation/grok-r6/compiler/mutants/T0-REQ-SKIP/overlay/Token0Probe.sol
./review/semantic-kernel/uniswap-token0/p16/implementation/grok-r6/compiler/mutants/T0-FLOOR/overlay/Token0Probe.sol
./review/semantic-kernel/uniswap-token0/p16/implementation/grok-r6/compiler/mutants/T0-ID-SKIP/overlay/Token0Probe.sol
./review/semantic-kernel/uniswap-token0/p16/implementation/grok-r6/controls/unknown-error-output/compiler/baseline/overlay/Token0Probe.sol
./review/semantic-kernel/uniswap-token0/p16/implementation/grok-r6/controls/unknown-error-output/compiler/mutants/T0-WRAP-SKIP/overlay/Token0Probe.sol
./review/semantic-kernel/uniswap-token0/p16/implementation/grok-r6/controls/unknown-error-output/compiler/mutants/T0-PROD-SKIP/overlay/Token0Probe.sol
./review/semantic-kernel/uniswap-token0/p16/implementation/grok-r6/controls/unknown-error-output/compiler/mutants/T0-CHECKED-ADD/overlay/Token0Probe.sol
./review/semantic-kernel/uniswap-token0/p16/implementation/grok-r6/controls/unknown-error-output/compiler/mutants/T0-REQ-SKIP/overlay/Token0Probe.sol
./review/semantic-kernel/uniswap-token0/p16/implementation/grok-r6/controls/unknown-error-output/compiler/mutants/T0-FLOOR/overlay/Token0Probe.sol
./review/semantic-kernel/uniswap-token0/p16/implementation/grok-r6/controls/unknown-error-output/compiler/mutants/T0-ID-SKIP/overlay/Token0Probe.sol
./review/semantic-kernel/uniswap-token0/p16/implementation/grok-r6/controls/missing-tool/overlay/Token0Probe.sol
./review/semantic-kernel/uniswap-token0/p16/implementation/grok-r6/controls/duplicate-empty-revert-before/compiler/baseline/overlay/Token0Probe.sol
./review/semantic-kernel/uniswap-token0/p16/implementation/grok-r6/controls/duplicate-empty-revert-before/compiler/mutants/T0-WRAP-SKIP/overlay/Token0Probe.sol
./review/semantic-kernel/uniswap-token0/p16/implementation/grok-r6/controls/duplicate-empty-revert-before/compiler/mutants/T0-PROD-SKIP/overlay/Token0Probe.sol
./review/semantic-kernel/uniswap-token0/p16/implementation/grok-r6/controls/duplicate-empty-revert-before/compiler/mutants/T0-CHECKED-ADD/overlay/Token0Probe.sol
./review/semantic-kernel/uniswap-token0/p16/implementation/grok-r6/controls/duplicate-empty-revert-before/compiler/mutants/T0-REQ-SKIP/overlay/Token0Probe.sol
./review/semantic-kernel/uniswap-token0/p16/implementation/grok-r6/controls/duplicate-empty-revert-before/compiler/mutants/T0-FLOOR/overlay/Token0Probe.sol
./review/semantic-kernel/uniswap-token0/p16/implementation/grok-r6/controls/duplicate-empty-revert-before/compiler/mutants/T0-ID-SKIP/overlay/Token0Probe.sol
./review/semantic-kernel/uniswap-token0/p16/implementation/grok-r6/controls/duplicate-empty-revert/compiler/baseline/overlay/Token0Probe.sol
./review/semantic-kernel/uniswap-token0/p16/implementation/grok-r6/controls/duplicate-empty-revert/compiler/mutants/T0-WRAP-SKIP/overlay/Token0Probe.sol
./review/semantic-kernel/uniswap-token0/p16/implementation/grok-r6/controls/duplicate-empty-revert/compiler/mutants/T0-PROD-SKIP/overlay/Token0Probe.sol
./review/semantic-kernel/uniswap-token0/p16/implementation/grok-r6/controls/duplicate-empty-revert/compiler/mutants/T0-CHECKED-ADD/overlay/Token0Probe.sol
./review/semantic-kernel/uniswap-token0/p16/implementation/grok-r6/controls/duplicate-empty-revert/compiler/mutants/T0-REQ-SKIP/overlay/Token0Probe.sol
./review/semantic-kernel/uniswap-token0/p16/implementation/grok-r6/controls/duplicate-empty-revert/compiler/mutants/T0-FLOOR/overlay/Token0Probe.sol
./review/semantic-kernel/uniswap-token0/p16/implementation/grok-r6/controls/duplicate-empty-revert/compiler/mutants/T0-ID-SKIP/overlay/Token0Probe.sol
./review/semantic-kernel/uniswap-token0/p16/implementation/grok-r6/controls/lean-false/compiler/baseline/overlay/Token0Probe.sol
./review/semantic-kernel/uniswap-token0/p16/implementation/grok-r6/controls/lean-false/compiler/mutants/T0-WRAP-SKIP/overlay/Token0Probe.sol
./review/semantic-kernel/uniswap-token0/p16/implementation/grok-r6/controls/lean-false/compiler/mutants/T0-PROD-SKIP/overlay/Token0Probe.sol
./review/semantic-kernel/uniswap-token0/p16/implementation/grok-r6/controls/lean-false/compiler/mutants/T0-CHECKED-ADD/overlay/Token0Probe.sol
./review/semantic-kernel/uniswap-token0/p16/implementation/grok-r6/controls/lean-false/compiler/mutants/T0-REQ-SKIP/overlay/Token0Probe.sol
./review/semantic-kernel/uniswap-token0/p16/implementation/grok-r6/controls/lean-false/compiler/mutants/T0-FLOOR/overlay/Token0Probe.sol
./review/semantic-kernel/uniswap-token0/p16/implementation/grok-r6/controls/lean-false/compiler/mutants/T0-ID-SKIP/overlay/Token0Probe.sol
./review/semantic-kernel/uniswap-token0/p16/implementation/grok-r6/controls/malformed-extra/compiler/baseline/overlay/Token0Probe.sol
./review/semantic-kernel/uniswap-token0/p16/implementation/grok-r6/controls/malformed-extra/compiler/mutants/T0-WRAP-SKIP/overlay/Token0Probe.sol
./review/semantic-kernel/uniswap-token0/p16/implementation/grok-r6/controls/malformed-extra/compiler/mutants/T0-PROD-SKIP/overlay/Token0Probe.sol
./review/semantic-kernel/uniswap-token0/p16/implementation/grok-r6/controls/malformed-extra/compiler/mutants/T0-CHECKED-ADD/overlay/Token0Probe.sol
./review/semantic-kernel/uniswap-token0/p16/implementation/grok-r6/controls/malformed-extra/compiler/mutants/T0-REQ-SKIP/overlay/Token0Probe.sol
./review/semantic-kernel/uniswap-token0/p16/implementation/grok-r6/controls/malformed-extra/compiler/mutants/T0-FLOOR/overlay/Token0Probe.sol
./review/semantic-kernel/uniswap-token0/p16/implementation/grok-r6/controls/malformed-extra/compiler/mutants/T0-ID-SKIP/overlay/Token0Probe.sol
./review/semantic-kernel/uniswap-token0/p16/implementation/grok-r6/controls/duplicate-empty-invalid/compiler/baseline/overlay/Token0Probe.sol
./review/semantic-kernel/uniswap-token0/p16/implementation/grok-r6/controls/duplicate-empty-invalid/compiler/mutants/T0-WRAP-SKIP/overlay/Token0Probe.sol
./review/semantic-kernel/uniswap-token0/p16/implementation/grok-r6/controls/duplicate-empty-invalid/compiler/mutants/T0-PROD-SKIP/overlay/Token0Probe.sol
./review/semantic-kernel/uniswap-token0/p16/implementation/grok-r6/controls/duplicate-empty-invalid/compiler/mutants/T0-CHECKED-ADD/overlay/Token0Probe.sol
./review/semantic-kernel/uniswap-token0/p16/implementation/grok-r6/controls/duplicate-empty-invalid/compiler/mutants/T0-REQ-SKIP/overlay/Token0Probe.sol
./review/semantic-kernel/uniswap-token0/p16/implementation/grok-r6/controls/duplicate-empty-invalid/compiler/mutants/T0-FLOOR/overlay/Token0Probe.sol
./review/semantic-kernel/uniswap-token0/p16/implementation/grok-r6/controls/duplicate-empty-invalid/compiler/mutants/T0-ID-SKIP/overlay/Token0Probe.sol
./review/semantic-kernel/uniswap-token0/p16/implementation/grok-r6/controls/wrong-status/compiler/baseline/overlay/Token0Probe.sol
./review/semantic-kernel/uniswap-token0/p16/implementation/grok-r6/controls/wrong-status/compiler/mutants/T0-WRAP-SKIP/overlay/Token0Probe.sol
./review/semantic-kernel/uniswap-token0/p16/implementation/grok-r6/controls/wrong-status/compiler/mutants/T0-PROD-SKIP/overlay/Token0Probe.sol
./review/semantic-kernel/uniswap-token0/p16/implementation/grok-r6/controls/wrong-status/compiler/mutants/T0-CHECKED-ADD/overlay/Token0Probe.sol
./review/semantic-kernel/uniswap-token0/p16/implementation/grok-r6/controls/wrong-status/compiler/mutants/T0-REQ-SKIP/overlay/Token0Probe.sol
./review/semantic-kernel/uniswap-token0/p16/implementation/grok-r6/controls/wrong-status/compiler/mutants/T0-FLOOR/overlay/Token0Probe.sol
./review/semantic-kernel/uniswap-token0/p16/implementation/grok-r6/controls/wrong-status/compiler/mutants/T0-ID-SKIP/overlay/Token0Probe.sol
./review/semantic-kernel/uniswap-token0/p16/implementation/grok-r6/controls/runtime-extra/compiler/baseline/overlay/Token0Probe.sol
./review/semantic-kernel/uniswap-token0/p16/implementation/grok-r6/controls/runtime-extra/compiler/mutants/T0-WRAP-SKIP/overlay/Token0Probe.sol
./review/semantic-kernel/uniswap-token0/p16/implementation/grok-r6/controls/runtime-extra/compiler/mutants/T0-PROD-SKIP/overlay/Token0Probe.sol
./review/semantic-kernel/uniswap-token0/p16/implementation/grok-r6/controls/runtime-extra/compiler/mutants/T0-CHECKED-ADD/overlay/Token0Probe.sol
./review/semantic-kernel/uniswap-token0/p16/implementation/grok-r6/controls/runtime-extra/compiler/mutants/T0-REQ-SKIP/overlay/Token0Probe.sol
./review/semantic-kernel/uniswap-token0/p16/implementation/grok-r6/controls/runtime-extra/compiler/mutants/T0-FLOOR/overlay/Token0Probe.sol
./review/semantic-kernel/uniswap-token0/p16/implementation/grok-r6/controls/runtime-extra/compiler/mutants/T0-ID-SKIP/overlay/Token0Probe.sol
./review/semantic-kernel/uniswap-token0/p16/implementation/grok-r6/controls/compiler-nonzero/compiler/baseline/overlay/Token0Probe.sol
./review/semantic-kernel/uniswap-token0/p16/implementation/grok-r6/controls/compiler-nonzero/compiler/mutants/T0-WRAP-SKIP/overlay/Token0Probe.sol
./review/semantic-kernel/uniswap-token0/p16/implementation/grok-r6/controls/compiler-nonzero/compiler/mutants/T0-PROD-SKIP/overlay/Token0Probe.sol
./review/semantic-kernel/uniswap-token0/p16/implementation/grok-r6/controls/compiler-nonzero/compiler/mutants/T0-CHECKED-ADD/overlay/Token0Probe.sol
./review/semantic-kernel/uniswap-token0/p16/implementation/grok-r6/controls/compiler-nonzero/compiler/mutants/T0-REQ-SKIP/overlay/Token0Probe.sol
./review/semantic-kernel/uniswap-token0/p16/implementation/grok-r6/controls/compiler-nonzero/compiler/mutants/T0-FLOOR/overlay/Token0Probe.sol
./review/semantic-kernel/uniswap-token0/p16/implementation/grok-r6/controls/compiler-nonzero/compiler/mutants/T0-ID-SKIP/overlay/Token0Probe.sol
./review/semantic-kernel/uniswap-token0/p16/implementation/grok-r6/controls/duplicate-empty-invalid-before/compiler/baseline/overlay/Token0Probe.sol
./review/semantic-kernel/uniswap-token0/p16/implementation/grok-r6/controls/duplicate-empty-invalid-before/compiler/mutants/T0-WRAP-SKIP/overlay/Token0Probe.sol
./review/semantic-kernel/uniswap-token0/p16/implementation/grok-r6/controls/duplicate-empty-invalid-before/compiler/mutants/T0-PROD-SKIP/overlay/Token0Probe.sol
./review/semantic-kernel/uniswap-token0/p16/implementation/grok-r6/controls/duplicate-empty-invalid-before/compiler/mutants/T0-CHECKED-ADD/overlay/Token0Probe.sol
./review/semantic-kernel/uniswap-token0/p16/implementation/grok-r6/controls/duplicate-empty-invalid-before/compiler/mutants/T0-REQ-SKIP/overlay/Token0Probe.sol
./review/semantic-kernel/uniswap-token0/p16/implementation/grok-r6/controls/duplicate-empty-invalid-before/compiler/mutants/T0-FLOOR/overlay/Token0Probe.sol
./review/semantic-kernel/uniswap-token0/p16/implementation/grok-r6/controls/duplicate-empty-invalid-before/compiler/mutants/T0-ID-SKIP/overlay/Token0Probe.sol
compiler-harness-plan.json
control-plan-repair.json
design.md
fixtures.json
planned-mutations.json
proof-obligations.json
proposal.md
proposed-api.json
remaining-gates.json
scenario-map.json
ok
177:    function hope(address usr) external {
Traceback (most recent call last):
  File "<stdin>", line 1, in <module>
ModuleNotFoundError: No module named 'eth_hash'
