['sha384', 'sha3_224', 'sha3_256', 'sha3_384', 'sha3_512', 'shake_128', 'shake_256']
['Crypto.Hash.keccak:no', 'sha3:no', 'pysha3:no', 'eth_hash:no', 'nacl:no']
WORKSTATE.json
agenda-review.json
agenda-review.md
checkpoint-final-adjudication-r1.json
checkpoint-m3-delivered.json
concentrated-liquidity-source-readiness-gpt6-evidence
concentrated-liquidity-source-readiness-gpt6-inputs.json
concentrated-liquidity-source-readiness-gpt6-review.md
historical-lean-ed94-evidence
historical-lean-ed94-gpt6-acceptance.json
./review/semantic-kernel/uniswap-token0/p16/implementation/grok-r5/compiler/baseline/overlay/FullMath.sol
./review/semantic-kernel/uniswap-token0/p16/implementation/grok-r5/compiler/mutants/T0-WRAP-SKIP/overlay/FullMath.sol
./review/semantic-kernel/uniswap-token0/p16/implementation/grok-r5/compiler/mutants/T0-PROD-SKIP/overlay/FullMath.sol
./review/semantic-kernel/uniswap-token0/p16/implementation/grok-r5/compiler/mutants/T0-CHECKED-ADD/overlay/FullMath.sol
./review/semantic-kernel/uniswap-token0/p16/implementation/grok-r5/compiler/mutants/T0-REQ-SKIP/overlay/FullMath.sol
./review/semantic-kernel/uniswap-token0/p16/implementation/grok-r5/compiler/mutants/T0-FLOOR/overlay/FullMath.sol
./review/semantic-kernel/uniswap-token0/p16/implementation/grok-r5/compiler/mutants/T0-ID-SKIP/overlay/FullMath.sol
./review/semantic-kernel/uniswap-token0/p16/implementation/grok-r5/controls/unknown-error-output/compiler/baseline/overlay/FullMath.sol
./review/semantic-kernel/uniswap-token0/p16/implementation/grok-r5/controls/unknown-error-output/compiler/mutants/T0-WRAP-SKIP/overlay/FullMath.sol
./review/semantic-kernel/uniswap-token0/p16/implementation/grok-r5/controls/unknown-error-output/compiler/mutants/T0-PROD-SKIP/overlay/FullMath.sol
openspec/changes/uniswap-token0-p16/source-pin.json
review/semantic-kernel/program-loop-20260908/concentrated-liquidity-source-readiness-gpt6-evidence/upstream ['status', 'compared_to_CURRENT', 'pin', 'helper', 'liquidity_archive', 'capture_root', 'token0_closure', 'imports_from_SqrtPriceMath', 'not_in_41_file_capture_but_in_pinned_tree', 'compiler_binary_verified', 'evm_harness', 'source_bytes_modified']
No failed OpenSpec or intact-diagnose attempt occurred in this r2 batch.

- First `openspec validate vault-platform-reuse-p17 --strict` exited 0.
- First intact `diagnose.py` after the V-DEP-CEIL unaffected-control check correction exited 0 (199/199).
- `--empty-corpus` exits 3.
- `--wrong-literal` exits 1 (`independent_P17-DEP-D1`, `sim_shares_P17-DEP-D1`).
- `--unavailable` exits 3 (`evaluated_valid_lift` missing Transition.lean).

The first intact run in this session exited 1 on `mutant_V-DEP-CEIL_unaffected_not_from_deposit` because the diagnostic treated P17-DEP-D0 (the intended D0 deposit sibling) as if it were a redeem control that must be independently funded. That check was narrowed to redeem/withdraw controls. The failing intact JSON was replaced by the passing one; this note retains the attempt.
