=== preflight raw ===
exit=0
=== project-context ===
{
  "schema": "project-context/v1",
  "root": "/home/charl/.cache/defiformal-program/program-execution-20260908/p19-container-codec-grok-r1-sandbox/lean",
  "facts": {
    "repository_kind": "other-lean",
    "project_markers": [
      "lakefile.toml",
      "lean-toolchain"
    ],
    "toolchain": "leanprover/lean4:v4.33.0-rc2",
    "git": {
      "available": true,
      "is_repository": false,
      "remote_scan": "skipped"
    },
    "remotes": [],
    "mk_all_declared": false
  },
  "intent": {
    "contributing_upstream": "unknown",
    "source": "default"
  },
  "warnings": [
    {
      "code": "not-git-repository",
      "message": "directory is not inside a git repository; remote scan skipped"
    }
  ]
}
exit=0
=== sandbox .lake sizes ===
51M	/home/charl/.cache/defiformal-program/program-execution-20260908/p19-container-codec-grok-r1-sandbox/lean/.lake
total 16
drwxr-xr-x 3 charl charl 4096 Sep 10 07:57 .
drwxr-xr-x 7 charl charl 4096 Sep 10 07:57 ..
drwxr-xr-x 4 charl charl 4096 Sep 10 03:33 build
lrwxrwxrwx 1 charl charl  126 Sep 10 07:57 packages -> /home/charl/defiformal/review/semantic-kernel/program-execution-20260908/p19-general-codec-grok-r1/private-lean/.lake/packages
=== lake-manifest packages ===
[('mathlib', '51e6992efd06126df61a496bebf8f49482a4e129', False), ('plausible', '123d15766ba49356c02ebad2a4462dfe12d79899', True), ('LeanSearchClient', 'f5c090429dff3cf66cb65562526c9ea6e8edfbcb', True), ('importGraph', 'bb3469a87774349fe01898d8bf2fc6a1ce6411ca', True), ('proofwidgets', '222c58dad7706a6e7cae46c0edd65ea881d3ee27', True), ('aesop', '7db8190085343afde2f5d2cdcc9bac719b6ec02c', True), ('Qq', 'ef42f8944eaf5b6cbfbe75d1917d824c7dd6cf33', True), ('batteries', '76e1c118b0700b4ceafe99532e887d6431625e1a', True), ('Cli', '1319485273bf87833fa472afbcefdedecb16b45f', True)]
