jsonDepth-str
1
jsonDepth-num
1
jsonDepth-null
1
jsonDepth-bool
1
jsonDepth-empty-obj
1
jsonDepth-empty-arr
1
jsonDepth-nestJson0
1
jsonDepth-nestJson1
2
jsonDepth-nestJson63
64
jsonDepth-nestJson64
65
jsonDepth-nestJson65
66
jsonDepth-le64-nestJson63
true
jsonDepth-le64-nestJson64
false
fuel-jsonDepth
100
fuel-jsonMaxArrayLength
100
guard58-ast
58
guard58-encode-nest
64
guard58-decode
ok-eq
guard58-helper-jsonDepth
65
guard58-helper-le64
false
guard58-prod-parseDepth
ok depth=65 arr=32
witness-helper-jsonDepth
7
witness-encode-nest
6
sourcePin-helper-keys-none
checker_candidate,git,lean_toolchain,mathlib_rev
sourcePin-helper-keys-some
checker_candidate,git,lean_toolchain,mathlib_rev
sourcePin-prod-none
{"git":"g","lean_toolchain":"t","mathlib_rev":"m","checker_candidate":"c","compiler_record":null,"audit_record":null}
sourcePin-prod-some
{"git":"g","lean_toolchain":"t","mathlib_rev":"m","checker_candidate":"c","compiler_record":"cr","audit_record":"ar"}
sourcePin-decode-helper-none
ok cr=none ar=none
sourcePin-decode-helper-some
ok cr=none ar=none
libraryRef-helper-none
STR
libraryRef-prod-none
{"theorem":"T"}
libraryRef-helper-some
module,theorem
libraryRef-prod-some
{"theorem":"T","module":"M"}
libraryRef-decode-helper-none
ok thm=T mod=none
arr4095
  scan=ok
  parse=ok
  parseDepth=ok depth=3 arr=4095
  decode={"ctor":"schemaVersion"}
  check=malformed:{"ctor":"schemaVersion"}
arr4096
  scan=ok
  parse=ok
  parseDepth=ok depth=3 arr=4096
  decode={"ctor":"schemaVersion"}
  check=malformed:{"ctor":"schemaVersion"}
arr4097
  scan=ok
  parse={"ctor":"resourceLimit","limit":"max_array_length"}
  parseDepth={"ctor":"resourceLimit","limit":"max_array_length"}
  decode={"ctor":"resourceLimit","limit":"max_array_length"}
  check=blocked:max_array_length
nest63
  scan=ok
  parse=ok
  parseDepth=ok depth=64 arr=0
  decode={"ctor":"schemaVersion"}
  check=malformed:{"ctor":"schemaVersion"}
nest64
  scan=ok
  parse=ok
  parseDepth=ok depth=65 arr=0
  decode={"ctor":"schemaVersion"}
  check=malformed:{"ctor":"schemaVersion"}
nest65
  scan={"ctor":"resourceLimit","limit":"maxDepth"}
  parse={"ctor":"resourceLimit","limit":"maxDepth"}
  parseDepth={"ctor":"resourceLimit","limit":"maxDepth"}
  decode={"ctor":"resourceLimit","limit":"maxDepth"}
  check=blocked:maxDepth
done
