UTC=2026-09-10T06:20:16Z
PWD=/home/charl/defiformal/review/semantic-kernel/program-execution-20260908/p19-roundtrip-domain-grok-r1/private-lean
CMD=lake build +DefiKernel.Certificates.Correspondence +DefiKernel.Certificates.Decode +DefiKernel.Certificates.Tests
LEAN=d8b18978322de05a8f3dba51ef03cf5461676c17
LEAN_VER=Lean (version 4.33.0-rc2, x86_64-unknown-linux-gnu, commit d8b18978322de05a8f3dba51ef03cf5461676c17, Release)
✔ [918/932] Built DefiKernel.Typed.Types (1.7s)
✔ [919/932] Built DefiKernel.Typed.Authority (1.3s)
✔ [920/932] Built DefiKernel.Typed.Expr (2.1s)
⚠ [921/932] Built DefiKernel.Typed.Transition (6.5s)
warning: DefiKernel/Typed/Transition.lean:239:20: `simp_all [throw, throwThe]` is a flexible tactic modifying `⊢`. Try `simp_all?` and use the suggested `simp_all only [...]`. Alternatively, use `suffices` to explicitly state the simplified form.

Note: This linter can be disabled with `set_option linter.flexible false`
info: DefiKernel/Typed/Transition.lean:239:20: Try this:
  [apply] simp_all only [or_false, Prod.forall, true_and]
info: DefiKernel/Typed/Transition.lean:244:6: `rename_i args`
modifies the current goal, which was modified by the flexible tactic `simp_all` on line 239!
warning: DefiKernel/Typed/Transition.lean:239:20: `simp_all [throw, throwThe]` is a flexible tactic modifying `⊢`. Try `simp_all?` and use the suggested `simp_all only [...]`. Alternatively, use `suffices` to explicitly state the simplified form.

Note: This linter can be disabled with `set_option linter.flexible false`
info: DefiKernel/Typed/Transition.lean:239:20: Try this:
  [apply] simp_all only [Option.some.injEq, false_or, Prod.forall]
info: DefiKernel/Typed/Transition.lean:244:6: `rename_i args`
modifies the current goal, which was modified by the flexible tactic `simp_all` on line 239!
✔ [922/932] Built DefiKernel.Composition.Contracts (877ms)
✔ [923/932] Built DefiKernel.Composition.Interfaces (1.7s)
✔ [924/932] Built DefiKernel.Composition.Execution (1.4s)
✔ [925/932] Built DefiKernel.Composition.Sequence (984ms)
⚠ [926/932] Built DefiKernel.Certificates.Schema (4.2s)
warning: DefiKernel/Certificates/Schema.lean:142:100: This line exceeds the 100 character limit, please shorten it!

Note: This linter can be disabled with `set_option linter.style.longLine false`
warning: DefiKernel/Certificates/Schema.lean:391:100: This line exceeds the 100 character limit, please shorten it!

Note: This linter can be disabled with `set_option linter.style.longLine false`
warning: DefiKernel/Certificates/Schema.lean:408:100: This line exceeds the 100 character limit, please shorten it!

Note: This linter can be disabled with `set_option linter.style.longLine false`
warning: DefiKernel/Certificates/Schema.lean:484:100: This line exceeds the 100 character limit, please shorten it!

Note: This linter can be disabled with `set_option linter.style.longLine false`
warning: DefiKernel/Certificates/Schema.lean:520:100: This line exceeds the 100 character limit, please shorten it!

Note: This linter can be disabled with `set_option linter.style.longLine false`
warning: DefiKernel/Certificates/Schema.lean:522:100: This line exceeds the 100 character limit, please shorten it!

Note: This linter can be disabled with `set_option linter.style.longLine false`
warning: DefiKernel/Certificates/Schema.lean:524:100: This line exceeds the 100 character limit, please shorten it!

Note: This linter can be disabled with `set_option linter.style.longLine false`
✔ [927/932] Built DefiKernel.Certificates.Encode (1.1s)
⚠ [928/932] Built DefiKernel.Certificates.Decode (2.0s)
warning: DefiKernel/Certificates/Decode.lean:11:100: This line exceeds the 100 character limit, please shorten it!

Note: This linter can be disabled with `set_option linter.style.longLine false`
warning: DefiKernel/Certificates/Decode.lean:44:0: Please, write a comment here or remove this line, but do not place empty lines within commands!
Context:
                           ↓
  ⏎    throw .notJsonObject⏎⏎  let mut i : Nat := 0⏎

Note: This linter can be disabled with `set_option linter.style.emptyLine false`
warning: DefiKernel/Certificates/Decode.lean:54:0: Please, write a comment here or remove this line, but do not place empty lines within commands!
Context:
                                            ↓
  ⏎  let mut foundWhitespace : Bool := false⏎⏎  let arr := chars.toArray⏎

Note: This linter can be disabled with `set_option linter.style.emptyLine false`
warning: DefiKernel/Certificates/Decode.lean:57:0: Please, write a comment here or remove this line, but do not place empty lines within commands!
Context:
                      ↓
  ⏎  let n := arr.size⏎⏎  while i < n do⏎

Note: This linter can be disabled with `set_option linter.style.emptyLine false`
warning: DefiKernel/Certificates/Decode.lean:145:0: Please, write a comment here or remove this line, but do not place empty lines within commands!
Context:
                 ↓
  ⏎    i := i + 1⏎⏎  if !currentNum.isEmpty then⏎

Note: This linter can be disabled with `set_option linter.style.emptyLine false`
warning: DefiKernel/Certificates/Decode.lean:150:0: Please, write a comment here or remove this line, but do not place empty lines within commands!
Context:
                                        ↓
  ⏎      throw .lexicalScientificOrFloat⏎⏎  if foundWhitespace then⏎

Note: This linter can be disabled with `set_option linter.style.emptyLine false`
warning: DefiKernel/Certificates/Decode.lean:153:0: Please, write a comment here or remove this line, but do not place empty lines within commands!
Context:
                                    ↓
  ⏎    throw .noncanonicalWhitespace⏎⏎  return ()⏎

Note: This linter can be disabled with `set_option linter.style.emptyLine false`
warning: DefiKernel/Certificates/Decode.lean:134:100: This line exceeds the 100 character limit, please shorten it!

Note: This linter can be disabled with `set_option linter.style.longLine false`
warning: DefiKernel/Certificates/Decode.lean:156:100: This line exceeds the 100 character limit, please shorten it!

Note: This linter can be disabled with `set_option linter.style.longLine false`
warning: DefiKernel/Certificates/Decode.lean:443:100: This line exceeds the 100 character limit, please shorten it!
You can use "string gaps" to format long strings: within a string quotation, using a '\' at the end of a line allows you to continue the string on the following line, removing all intervening whitespace.

Note: This linter can be disabled with `set_option linter.style.longLine false`
warning: DefiKernel/Certificates/Decode.lean:541:100: This line exceeds the 100 character limit, please shorten it!
You can use "string gaps" to format long strings: within a string quotation, using a '\' at the end of a line allows you to continue the string on the following line, removing all intervening whitespace.

Note: This linter can be disabled with `set_option linter.style.longLine false`
warning: DefiKernel/Certificates/Decode.lean:926:100: This line exceeds the 100 character limit, please shorten it!
You can use "string gaps" to format long strings: within a string quotation, using a '\' at the end of a line allows you to continue the string on the following line, removing all intervening whitespace.

Note: This linter can be disabled with `set_option linter.style.longLine false`
warning: DefiKernel/Certificates/Decode.lean:982:100: This line exceeds the 100 character limit, please shorten it!
You can use "string gaps" to format long strings: within a string quotation, using a '\' at the end of a line allows you to continue the string on the following line, removing all intervening whitespace.

Note: This linter can be disabled with `set_option linter.style.longLine false`
warning: DefiKernel/Certificates/Decode.lean:1083:100: This line exceeds the 100 character limit, please shorten it!
You can use "string gaps" to format long strings: within a string quotation, using a '\' at the end of a line allows you to continue the string on the following line, removing all intervening whitespace.

Note: This linter can be disabled with `set_option linter.style.longLine false`
warning: DefiKernel/Certificates/Decode.lean:1147:100: This line exceeds the 100 character limit, please shorten it!
You can use "string gaps" to format long strings: within a string quotation, using a '\' at the end of a line allows you to continue the string on the following line, removing all intervening whitespace.

Note: This linter can be disabled with `set_option linter.style.longLine false`
warning: DefiKernel/Certificates/Decode.lean:1152:100: This line exceeds the 100 character limit, please shorten it!
You can use "string gaps" to format long strings: within a string quotation, using a '\' at the end of a line allows you to continue the string on the following line, removing all intervening whitespace.

Note: This linter can be disabled with `set_option linter.style.longLine false`
warning: DefiKernel/Certificates/Decode.lean:1155:100: This line exceeds the 100 character limit, please shorten it!
You can use "string gaps" to format long strings: within a string quotation, using a '\' at the end of a line allows you to continue the string on the following line, removing all intervening whitespace.

Note: This linter can be disabled with `set_option linter.style.longLine false`
warning: DefiKernel/Certificates/Decode.lean:1167:100: This line exceeds the 100 character limit, please shorten it!
You can use "string gaps" to format long strings: within a string quotation, using a '\' at the end of a line allows you to continue the string on the following line, removing all intervening whitespace.

Note: This linter can be disabled with `set_option linter.style.longLine false`
warning: DefiKernel/Certificates/Decode.lean:1252:100: This line exceeds the 100 character limit, please shorten it!
You can use "string gaps" to format long strings: within a string quotation, using a '\' at the end of a line allows you to continue the string on the following line, removing all intervening whitespace.

Note: This linter can be disabled with `set_option linter.style.longLine false`
warning: DefiKernel/Certificates/Decode.lean:1255:100: This line exceeds the 100 character limit, please shorten it!
You can use "string gaps" to format long strings: within a string quotation, using a '\' at the end of a line allows you to continue the string on the following line, removing all intervening whitespace.

Note: This linter can be disabled with `set_option linter.style.longLine false`
warning: DefiKernel/Certificates/Decode.lean:1264:100: This line exceeds the 100 character limit, please shorten it!
You can use "string gaps" to format long strings: within a string quotation, using a '\' at the end of a line allows you to continue the string on the following line, removing all intervening whitespace.

Note: This linter can be disabled with `set_option linter.style.longLine false`
warning: DefiKernel/Certificates/Decode.lean:1366:100: This line exceeds the 100 character limit, please shorten it!
You can use "string gaps" to format long strings: within a string quotation, using a '\' at the end of a line allows you to continue the string on the following line, removing all intervening whitespace.

Note: This linter can be disabled with `set_option linter.style.longLine false`
warning: DefiKernel/Certificates/Decode.lean:1369:100: This line exceeds the 100 character limit, please shorten it!
You can use "string gaps" to format long strings: within a string quotation, using a '\' at the end of a line allows you to continue the string on the following line, removing all intervening whitespace.

Note: This linter can be disabled with `set_option linter.style.longLine false`
warning: DefiKernel/Certificates/Decode.lean:1374:100: This line exceeds the 100 character limit, please shorten it!
You can use "string gaps" to format long strings: within a string quotation, using a '\' at the end of a line allows you to continue the string on the following line, removing all intervening whitespace.

Note: This linter can be disabled with `set_option linter.style.longLine false`
warning: DefiKernel/Certificates/Decode.lean:1386:100: This line exceeds the 100 character limit, please shorten it!
You can use "string gaps" to format long strings: within a string quotation, using a '\' at the end of a line allows you to continue the string on the following line, removing all intervening whitespace.

Note: This linter can be disabled with `set_option linter.style.longLine false`
⚠ [929/932] Built DefiKernel.Certificates.Check (1.6s)
warning: DefiKernel/Certificates/Check.lean:12:100: This line exceeds the 100 character limit, please shorten it!

Note: This linter can be disabled with `set_option linter.style.longLine false`
warning: DefiKernel/Certificates/Check.lean:31:100: This line exceeds the 100 character limit, please shorten it!

Note: This linter can be disabled with `set_option linter.style.longLine false`
warning: DefiKernel/Certificates/Check.lean:271:100: This line exceeds the 100 character limit, please shorten it!

Note: This linter can be disabled with `set_option linter.style.longLine false`
warning: DefiKernel/Certificates/Check.lean:272:100: This line exceeds the 100 character limit, please shorten it!

Note: This linter can be disabled with `set_option linter.style.longLine false`
warning: DefiKernel/Certificates/Check.lean:277:100: This line exceeds the 100 character limit, please shorten it!

Note: This linter can be disabled with `set_option linter.style.longLine false`
warning: DefiKernel/Certificates/Check.lean:279:100: This line exceeds the 100 character limit, please shorten it!

Note: This linter can be disabled with `set_option linter.style.longLine false`
warning: DefiKernel/Certificates/Check.lean:282:100: This line exceeds the 100 character limit, please shorten it!

Note: This linter can be disabled with `set_option linter.style.longLine false`
warning: DefiKernel/Certificates/Check.lean:299:100: This line exceeds the 100 character limit, please shorten it!

Note: This linter can be disabled with `set_option linter.style.longLine false`
warning: DefiKernel/Certificates/Check.lean:358:0: Please, write a comment here or remove this line, but do not place empty lines within commands!
Context:
                                                                                                                                                                                           ↓
  ⏎  let outstanding := (if !rawCert.libraries.isEmpty then ["libraryTheoremsInstantiated"] else []) ++ (if !rawCert.invariants.isEmpty then ["proof.ComponentContract.invariant"] else [])⏎⏎  -- Check source pin⏎

Note: This linter can be disabled with `set_option linter.style.emptyLine false`
warning: DefiKernel/Certificates/Check.lean:392:0: Please, write a comment here or remove this line, but do not place empty lines within commands!
Context:
          ↓
  ⏎      ⟩⏎⏎      -- Execute transition (M02 needle)⏎

Note: This linter can be disabled with `set_option linter.style.emptyLine false`
warning: DefiKernel/Certificates/Check.lean:397:0: Please, write a comment here or remove this line, but do not place empty lines within commands!
Context:
                      ↓
  ⏎        return post⏎⏎      -- Judgment recomputations⏎

Note: This linter can be disabled with `set_option linter.style.emptyLine false`
warning: DefiKernel/Certificates/Check.lean:439:0: Please, write a comment here or remove this line, but do not place empty lines within commands!
Context:
                                                               ↓
  ⏎                        (.«true», .«true», .«true», .«true»)⏎⏎      -- M09 and M10 needles⏎

Note: This linter can be disabled with `set_option linter.style.emptyLine false`
warning: DefiKernel/Certificates/Check.lean:443:0: Please, write a comment here or remove this line, but do not place empty lines within commands!
Context:
                                                                                                                                 ↓
  ⏎      let sourceRefinement := if cert.invariants.isEmpty then JudgmentOutcome.notApplicable else JudgmentOutcome.notApplicable⏎⏎      let jmap : List (String × JudgmentOutcome) := [⏎

Note: This linter can be disabled with `set_option linter.style.emptyLine false`
warning: DefiKernel/Certificates/Check.lean:455:0: Please, write a comment here or remove this line, but do not place empty lines within commands!
Context:
                                                    ↓
  ⏎      let judgments := makeJudgments jmap claimed⏎⏎      match execResult with⏎

Note: This linter can be disabled with `set_option linter.style.emptyLine false`
warning: DefiKernel/Certificates/Check.lean:357:100: This line exceeds the 100 character limit, please shorten it!
You can use "string gaps" to format long strings: within a string quotation, using a '\' at the end of a line allows you to continue the string on the following line, removing all intervening whitespace.

Note: This linter can be disabled with `set_option linter.style.longLine false`
warning: DefiKernel/Certificates/Check.lean:372:100: This line exceeds the 100 character limit, please shorten it!

Note: This linter can be disabled with `set_option linter.style.longLine false`
warning: DefiKernel/Certificates/Check.lean:382:100: This line exceeds the 100 character limit, please shorten it!
You can use "string gaps" to format long strings: within a string quotation, using a '\' at the end of a line allows you to continue the string on the following line, removing all intervening whitespace.

Note: This linter can be disabled with `set_option linter.style.longLine false`
warning: DefiKernel/Certificates/Check.lean:386:100: This line exceeds the 100 character limit, please shorten it!

Note: This linter can be disabled with `set_option linter.style.longLine false`
warning: DefiKernel/Certificates/Check.lean:400:100: This line exceeds the 100 character limit, please shorten it!

Note: This linter can be disabled with `set_option linter.style.longLine false`
warning: DefiKernel/Certificates/Check.lean:406:100: This line exceeds the 100 character limit, please shorten it!

Note: This linter can be disabled with `set_option linter.style.longLine false`
warning: DefiKernel/Certificates/Check.lean:409:100: This line exceeds the 100 character limit, please shorten it!

Note: This linter can be disabled with `set_option linter.style.longLine false`
warning: DefiKernel/Certificates/Check.lean:420:100: This line exceeds the 100 character limit, please shorten it!

Note: This linter can be disabled with `set_option linter.style.longLine false`
warning: DefiKernel/Certificates/Check.lean:441:100: This line exceeds the 100 character limit, please shorten it!

Note: This linter can be disabled with `set_option linter.style.longLine false`
warning: DefiKernel/Certificates/Check.lean:442:100: This line exceeds the 100 character limit, please shorten it!

Note: This linter can be disabled with `set_option linter.style.longLine false`
warning: DefiKernel/Certificates/Check.lean:459:100: This line exceeds the 100 character limit, please shorten it!

Note: This linter can be disabled with `set_option linter.style.longLine false`
warning: DefiKernel/Certificates/Check.lean:467:100: This line exceeds the 100 character limit, please shorten it!

Note: This linter can be disabled with `set_option linter.style.longLine false`
warning: DefiKernel/Certificates/Check.lean:475:100: This line exceeds the 100 character limit, please shorten it!

Note: This linter can be disabled with `set_option linter.style.longLine false`
warning: DefiKernel/Certificates/Check.lean:482:100: This line exceeds the 100 character limit, please shorten it!

Note: This linter can be disabled with `set_option linter.style.longLine false`
warning: DefiKernel/Certificates/Check.lean:484:100: This line exceeds the 100 character limit, please shorten it!

Note: This linter can be disabled with `set_option linter.style.longLine false`
warning: DefiKernel/Certificates/Check.lean:486:100: This line exceeds the 100 character limit, please shorten it!

Note: This linter can be disabled with `set_option linter.style.longLine false`
warning: DefiKernel/Certificates/Check.lean:493:100: This line exceeds the 100 character limit, please shorten it!
You can use "string gaps" to format long strings: within a string quotation, using a '\' at the end of a line allows you to continue the string on the following line, removing all intervening whitespace.

Note: This linter can be disabled with `set_option linter.style.longLine false`
warning: DefiKernel/Certificates/Check.lean:496:100: This line exceeds the 100 character limit, please shorten it!
You can use "string gaps" to format long strings: within a string quotation, using a '\' at the end of a line allows you to continue the string on the following line, removing all intervening whitespace.

Note: This linter can be disabled with `set_option linter.style.longLine false`
warning: DefiKernel/Certificates/Check.lean:500:100: This line exceeds the 100 character limit, please shorten it!
You can use "string gaps" to format long strings: within a string quotation, using a '\' at the end of a line allows you to continue the string on the following line, removing all intervening whitespace.

Note: This linter can be disabled with `set_option linter.style.longLine false`
warning: DefiKernel/Certificates/Check.lean:506:100: This line exceeds the 100 character limit, please shorten it!
You can use "string gaps" to format long strings: within a string quotation, using a '\' at the end of a line allows you to continue the string on the following line, removing all intervening whitespace.

Note: This linter can be disabled with `set_option linter.style.longLine false`
warning: DefiKernel/Certificates/Check.lean:524:100: This line exceeds the 100 character limit, please shorten it!

Note: This linter can be disabled with `set_option linter.style.longLine false`
warning: DefiKernel/Certificates/Check.lean:546:100: This line exceeds the 100 character limit, please shorten it!

Note: This linter can be disabled with `set_option linter.style.longLine false`
warning: DefiKernel/Certificates/Check.lean:571:0: Please, write a comment here or remove this line, but do not place empty lines within commands!
Context:
                                                  ↓
  ⏎        payload.steps.filterMap StepEnc.toStep?⏎⏎        let cursor := Composition.run cfg boundaries initialWorld steps⏎

Note: This linter can be disabled with `set_option linter.style.emptyLine false`
warning: DefiKernel/Certificates/Check.lean:592:0: Please, write a comment here or remove this line, but do not place empty lines within commands!
Context:
                                                                            ↓
  ⏎          ⟨ev.index, stepEnc, bWorld, ⟨aWorld, receiptEnc, stepOutputs⟩⟩)⏎⏎        let lastReceipt : Option ReceiptEnc :=⏎

Note: This linter can be disabled with `set_option linter.style.emptyLine false`
warning: DefiKernel/Certificates/Check.lean:599:0: Please, write a comment here or remove this line, but do not place empty lines within commands!
Context:
                                                         ↓
  ⏎            | .revoked id => some (.revoked id.value))⏎⏎        match cursor.failure with⏎

Note: This linter can be disabled with `set_option linter.style.emptyLine false`
warning: DefiKernel/Certificates/Check.lean:553:100: This line exceeds the 100 character limit, please shorten it!
You can use "string gaps" to format long strings: within a string quotation, using a '\' at the end of a line allows you to continue the string on the following line, removing all intervening whitespace.

Note: This linter can be disabled with `set_option linter.style.longLine false`
warning: DefiKernel/Certificates/Check.lean:556:100: This line exceeds the 100 character limit, please shorten it!
You can use "string gaps" to format long strings: within a string quotation, using a '\' at the end of a line allows you to continue the string on the following line, removing all intervening whitespace.

Note: This linter can be disabled with `set_option linter.style.longLine false`
warning: DefiKernel/Certificates/Check.lean:560:100: This line exceeds the 100 character limit, please shorten it!
You can use "string gaps" to format long strings: within a string quotation, using a '\' at the end of a line allows you to continue the string on the following line, removing all intervening whitespace.

Note: This linter can be disabled with `set_option linter.style.longLine false`
warning: DefiKernel/Certificates/Check.lean:575:100: This line exceeds the 100 character limit, please shorten it!

Note: This linter can be disabled with `set_option linter.style.longLine false`
warning: DefiKernel/Certificates/Check.lean:584:100: This line exceeds the 100 character limit, please shorten it!

Note: This linter can be disabled with `set_option linter.style.longLine false`
warning: DefiKernel/Certificates/Check.lean:615:100: This line exceeds the 100 character limit, please shorten it!

Note: This linter can be disabled with `set_option linter.style.longLine false`
warning: DefiKernel/Certificates/Check.lean:627:100: This line exceeds the 100 character limit, please shorten it!

Note: This linter can be disabled with `set_option linter.style.longLine false`
warning: DefiKernel/Certificates/Check.lean:661:0: Please, write a comment here or remove this line, but do not place empty lines within commands!
Context:
                                                                                     ↓
  ⏎        ⟨preWorld, none, [], [], 0, none, some (refusalToLocatedFailure r).reason⟩⏎⏎  | .step _ payload =>⏎

Note: This linter can be disabled with `set_option linter.style.emptyLine false`
warning: DefiKernel/Certificates/Check.lean:692:0: Please, write a comment here or remove this line, but do not place empty lines within commands!
Context:
                                                                                    ↓
  ⏎            ⟨preWorld, none, [], [], payload.index, none, some (failureToPath f)⟩⏎⏎  | .run _ payload =>⏎

Note: This linter can be disabled with `set_option linter.style.emptyLine false`
warning: DefiKernel/Certificates/Check.lean:653:100: This line exceeds the 100 character limit, please shorten it!

Note: This linter can be disabled with `set_option linter.style.longLine false`
warning: DefiKernel/Certificates/Check.lean:682:100: This line exceeds the 100 character limit, please shorten it!

Note: This linter can be disabled with `set_option linter.style.longLine false`
warning: DefiKernel/Certificates/Check.lean:715:100: This line exceeds the 100 character limit, please shorten it!

Note: This linter can be disabled with `set_option linter.style.longLine false`
warning: DefiKernel/Certificates/Check.lean:721:100: This line exceeds the 100 character limit, please shorten it!

Note: This linter can be disabled with `set_option linter.style.longLine false`
warning: DefiKernel/Certificates/Check.lean:724:100: This line exceeds the 100 character limit, please shorten it!

Note: This linter can be disabled with `set_option linter.style.longLine false`
✔ [930/932] Built DefiKernel.Certificates.Observation (869ms)
⚠ [931/932] Built DefiKernel.Certificates.Correspondence (960ms)
warning: DefiKernel/Certificates/Correspondence.lean:11:100: This line exceeds the 100 character limit, please shorten it!

Note: This linter can be disabled with `set_option linter.style.longLine false`
warning: DefiKernel/Certificates/Correspondence.lean:47:100: This line exceeds the 100 character limit, please shorten it!

Note: This linter can be disabled with `set_option linter.style.longLine false`
warning: DefiKernel/Certificates/Correspondence.lean:49:100: This line exceeds the 100 character limit, please shorten it!

Note: This linter can be disabled with `set_option linter.style.longLine false`
warning: DefiKernel/Certificates/Correspondence.lean:51:100: This line exceeds the 100 character limit, please shorten it!

Note: This linter can be disabled with `set_option linter.style.longLine false`
warning: DefiKernel/Certificates/Correspondence.lean:97:100: This line exceeds the 100 character limit, please shorten it!

Note: This linter can be disabled with `set_option linter.style.longLine false`
warning: DefiKernel/Certificates/Correspondence.lean:116:100: This line exceeds the 100 character limit, please shorten it!

Note: This linter can be disabled with `set_option linter.style.longLine false`
⚠ [932/932] Built DefiKernel.Certificates.Tests (1.1s)
warning: DefiKernel/Certificates/Tests.lean:93:100: This line exceeds the 100 character limit, please shorten it!

Note: This linter can be disabled with `set_option linter.style.longLine false`
warning: DefiKernel/Certificates/Tests.lean:110:100: This line exceeds the 100 character limit, please shorten it!

Note: This linter can be disabled with `set_option linter.style.longLine false`
warning: DefiKernel/Certificates/Tests.lean:134:100: This line exceeds the 100 character limit, please shorten it!

Note: This linter can be disabled with `set_option linter.style.longLine false`
warning: DefiKernel/Certificates/Tests.lean:261:100: This line exceeds the 100 character limit, please shorten it!

Note: This linter can be disabled with `set_option linter.style.longLine false`
warning: DefiKernel/Certificates/Tests.lean:267:100: This line exceeds the 100 character limit, please shorten it!

Note: This linter can be disabled with `set_option linter.style.longLine false`
warning: DefiKernel/Certificates/Tests.lean:270:100: This line exceeds the 100 character limit, please shorten it!

Note: This linter can be disabled with `set_option linter.style.longLine false`
warning: DefiKernel/Certificates/Tests.lean:286:100: This line exceeds the 100 character limit, please shorten it!

Note: This linter can be disabled with `set_option linter.style.longLine false`
warning: DefiKernel/Certificates/Tests.lean:290:100: This line exceeds the 100 character limit, please shorten it!

Note: This linter can be disabled with `set_option linter.style.longLine false`
warning: DefiKernel/Certificates/Tests.lean:294:100: This line exceeds the 100 character limit, please shorten it!

Note: This linter can be disabled with `set_option linter.style.longLine false`
warning: DefiKernel/Certificates/Tests.lean:298:100: This line exceeds the 100 character limit, please shorten it!

Note: This linter can be disabled with `set_option linter.style.longLine false`
warning: DefiKernel/Certificates/Tests.lean:324:100: This line exceeds the 100 character limit, please shorten it!

Note: This linter can be disabled with `set_option linter.style.longLine false`
warning: DefiKernel/Certificates/Tests.lean:337:100: This line exceeds the 100 character limit, please shorten it!

Note: This linter can be disabled with `set_option linter.style.longLine false`
warning: DefiKernel/Certificates/Tests.lean:341:100: This line exceeds the 100 character limit, please shorten it!
You can use "string gaps" to format long strings: within a string quotation, using a '\' at the end of a line allows you to continue the string on the following line, removing all intervening whitespace.

Note: This linter can be disabled with `set_option linter.style.longLine false`
warning: DefiKernel/Certificates/Tests.lean:342:100: This line exceeds the 100 character limit, please shorten it!
You can use "string gaps" to format long strings: within a string quotation, using a '\' at the end of a line allows you to continue the string on the following line, removing all intervening whitespace.

Note: This linter can be disabled with `set_option linter.style.longLine false`
warning: DefiKernel/Certificates/Tests.lean:370:100: This line exceeds the 100 character limit, please shorten it!

Note: This linter can be disabled with `set_option linter.style.longLine false`
warning: DefiKernel/Certificates/Tests.lean:376:100: This line exceeds the 100 character limit, please shorten it!

Note: This linter can be disabled with `set_option linter.style.longLine false`
warning: DefiKernel/Certificates/Tests.lean:404:100: This line exceeds the 100 character limit, please shorten it!
You can use "string gaps" to format long strings: within a string quotation, using a '\' at the end of a line allows you to continue the string on the following line, removing all intervening whitespace.

Note: This linter can be disabled with `set_option linter.style.longLine false`
Build completed successfully (932 jobs).
EXIT:0
UTC_END=2026-09-10T06:20:43Z
