UTC=2026-09-10T06:21:18Z
PWD=/home/charl/defiformal/review/semantic-kernel/program-execution-20260908/p19-roundtrip-domain-grok-r1/private-lean
CMD=lake env lean --run ProbeRoundtrip.lean
NOTE=r2 after unsupportedForm macro fix; r1 compile failure preserved in probe-roundtrip.log
d8b18978322de05a8f3dba51ef03cf5461676c17
PROBE_START
EncodeDecodeRoundtripStatement is a def Prop, not a theorem
DecodeEncodeCanonicalBytesStatement is a def Prop, not a theorem
===== CONSTRUCTED testsTyped_F25like =====
testsTyped_F25like: ctor=typed
testsTyped_F25like: supportedIRB=true canonicalIRB=true
testsTyped_F25like: cells=32 store=12 registryIds=[0, 4, 6]
testsTyped_F25like: source_map_keys=[transfer]
testsTyped_F25like: mode=typed-execute invariants=0 libraries=0 claimed_next_state=false
encode_bytes=8373
decode(encode)=ok
testsTyped_F25like.decode(encode)==ir : true
testsTyped_F25like.counterexample_EncodeDecodeRoundtripStatement_bounded=false
===== CONSTRUCTED testsStep_F27like =====
testsStep_F27like: ctor=step
testsStep_F27like: supportedIRB=true canonicalIRB=true
testsStep_F27like: cells=32 store=12 registryIds=[0, 4, 6]
testsStep_F27like: source_map_keys=[transfer]
testsStep_F27like: mode=composition-step invariants=0 libraries=0 claimed_next_state=false
encode_bytes=9338
decode(encode)=ok
testsStep_F27like.decode(encode)==ir : true
testsStep_F27like.counterexample_EncodeDecodeRoundtripStatement_bounded=false
===== CONSTRUCTED dirtyBoolGuard =====
dirtyBoolGuard: ctor=typed
dirtyBoolGuard: supportedIRB=true canonicalIRB=true
dirtyBoolGuard: cells=32 store=12 registryIds=[0]
dirtyBoolGuard: source_map_keys=[transfer]
dirtyBoolGuard: mode=typed-execute invariants=0 libraries=0 claimed_next_state=false
encode_bytes=5856
decode(encode)=ok
dirtyBoolGuard.decode(encode)==ir : false
dirtyBoolGuard.encode(ir)_vs_encode(ir2): EQUAL bytes=5856
dirtyBoolGuard.source_map ir=[transfer] ir2=[transfer]
dirtyBoolGuard.registry_eq=false
dirtyBoolGuard.state_eq=true
dirtyBoolGuard.request_eq=true
dirtyBoolGuard.store_eq=true
dirtyBoolGuard.guard_eq=false
dirtyBoolGuard.guard1=DefiKernel.Certificates.ExprEnc.lit { unit := DefiKernel.Certificates.UnitEnc.bool, valRat := 5, valBool := true }
dirtyBoolGuard.guard2=DefiKernel.Certificates.ExprEnc.lit { unit := DefiKernel.Certificates.UnitEnc.bool, valRat := 0, valBool := true }
dirtyBoolGuard.counterexample_EncodeDecodeRoundtripStatement_bounded=true
===== CONSTRUCTED unsortedSourceMap =====
unsortedSourceMap: ctor=typed
unsortedSourceMap: supportedIRB=true canonicalIRB=true
unsortedSourceMap: cells=32 store=12 registryIds=[0, 4, 6]
unsortedSourceMap: source_map_keys=[z, a]
unsortedSourceMap: mode=typed-execute invariants=0 libraries=0 claimed_next_state=false
encode_bytes=8331
decode(encode)=ok
unsortedSourceMap.decode(encode)==ir : false
unsortedSourceMap.encode(ir)_vs_encode(ir2): EQUAL bytes=8331
unsortedSourceMap.source_map ir=[z, a] ir2=[a, z]
unsortedSourceMap.registry_eq=true
unsortedSourceMap.state_eq=true
unsortedSourceMap.request_eq=true
unsortedSourceMap.store_eq=true
unsortedSourceMap.guard_eq=true
unsortedSourceMap.guard1=DefiKernel.Certificates.ExprEnc.binary
  (DefiKernel.Certificates.BinaryOpEnc.le
    (DefiKernel.Certificates.NumericUnitEnc.amount (DefiKernel.Certificates.Asset.usd)))
  (DefiKernel.Certificates.ExprEnc.lit
    { unit := DefiKernel.Certificates.UnitEnc.numeric
                (DefiKernel.Certificates.NumericUnitEnc.amount (DefiKernel.Certificates.Asset.usd)),
      valRat := 0,
      valBool := false })
  (DefiKernel.Certificates.ExprEnc.arg
    0
    (DefiKernel.Certificates.UnitEnc.numeric
      (DefiKernel.Certificates.NumericUnitEnc.amount (DefiKernel.Certificates.Asset.usd))))
unsortedSourceMap.guard2=DefiKernel.Certificates.ExprEnc.binary
  (DefiKernel.Certificates.BinaryOpEnc.le
    (DefiKernel.Certificates.NumericUnitEnc.amount (DefiKernel.Certificates.Asset.usd)))
  (DefiKernel.Certificates.ExprEnc.lit
    { unit := DefiKernel.Certificates.UnitEnc.numeric
                (DefiKernel.Certificates.NumericUnitEnc.amount (DefiKernel.Certificates.Asset.usd)),
      valRat := 0,
      valBool := false })
  (DefiKernel.Certificates.ExprEnc.arg
    0
    (DefiKernel.Certificates.UnitEnc.numeric
      (DefiKernel.Certificates.NumericUnitEnc.amount (DefiKernel.Certificates.Asset.usd))))
unsortedSourceMap.counterexample_EncodeDecodeRoundtripStatement_bounded=true
===== CONSTRUCTED claimedNoncanonicalRat =====
claimedNoncanonicalRat: ctor=typed
claimedNoncanonicalRat: supportedIRB=true canonicalIRB=true
claimedNoncanonicalRat: cells=32 store=12 registryIds=[0, 4, 6]
claimedNoncanonicalRat: source_map_keys=[transfer]
claimedNoncanonicalRat: mode=typed-execute invariants=0 libraries=0 claimed_next_state=true
encode_bytes=9910
decode(encode)=error:illegalRational.noncanonical
claimedNoncanonicalRat.counterexample_EncodeDecodeRoundtripStatement_bounded=true
===== CONSTRUCTED duplicate32Cells =====
duplicate32Cells: ctor=typed
duplicate32Cells: supportedIRB=true canonicalIRB=true
duplicate32Cells: cells=32 store=12 registryIds=[0, 4, 6]
duplicate32Cells: source_map_keys=[transfer]
duplicate32Cells: mode=typed-execute invariants=0 libraries=0 claimed_next_state=false
encode_bytes=8296
decode(encode)=ok
duplicate32Cells.decode(encode)==ir : true
duplicate32Cells.counterexample_EncodeDecodeRoundtripStatement_bounded=false
===== CONSTRUCTED shuffledCells =====
shuffledCells: ctor=typed
shuffledCells: supportedIRB=true canonicalIRB=true
shuffledCells: cells=32 store=12 registryIds=[0, 4, 6]
shuffledCells: source_map_keys=[transfer]
shuffledCells: mode=typed-execute invariants=0 libraries=0 claimed_next_state=false
encode_bytes=8373
decode(encode)=ok
shuffledCells.decode(encode)==ir : true
shuffledCells.counterexample_EncodeDecodeRoundtripStatement_bounded=false
===== CONSTRUCTED emptyTypes =====
emptyTypes: ctor=typed
emptyTypes: supportedIRB=true canonicalIRB=true
emptyTypes: cells=32 store=12 registryIds=[0, 4, 6]
emptyTypes: source_map_keys=[transfer]
emptyTypes: mode=typed-execute invariants=0 libraries=0 claimed_next_state=false
encode_bytes=8298
decode(encode)=ok
emptyTypes.decode(encode)==ir : true
emptyTypes.counterexample_EncodeDecodeRoundtripStatement_bounded=false
===== FILE F13_F25_raw path=/home/charl/defiformal/review/semantic-kernel/program-execution-20260908/p19-roundtrip-domain-grok-r1/probes/fixtures/F13.raw.json =====
raw_bytes=9699
decodeBytes=ok
F13_F25_raw: ctor=typed
F13_F25_raw: supportedIRB=true canonicalIRB=true
F13_F25_raw: cells=32 store=12 registryIds=[0, 4, 5, 6]
F13_F25_raw: source_map_keys=[store, transfer]
F13_F25_raw: mode=typed-execute invariants=0 libraries=0 claimed_next_state=false
encode_bytes=9699
F13_F25_raw.encode_vs_raw: UNEQUAL size 9699 vs 9699 firstDiff@705 115 vs 116
  a_snip=ries":[],"source_map":{"store":"lean/DefiKernel/
  b_snip=ries":[],"source_map":{"transfer":"lean/DefiKern
decode(encode)=ok
F13_F25_raw.decode(encode)==ir : true
F13_F25_raw.supportedIRB(ir2)=true canonicalIRB(ir2)=true
F13_F25_raw.counterexample_EncodeDecodeRoundtripStatement_bounded=false
F13_F25_raw.counterexample_DecodeEncodeCanonicalBytesStatement_bounded=true
===== FILE F28_raw path=/home/charl/defiformal/review/semantic-kernel/program-execution-20260908/p19-roundtrip-domain-grok-r1/probes/fixtures/F28.raw.json =====
raw_bytes=9699
decodeBytes=ok
F28_raw: ctor=typed
F28_raw: supportedIRB=true canonicalIRB=true
F28_raw: cells=32 store=12 registryIds=[0, 4, 5, 6]
F28_raw: source_map_keys=[store, transfer]
F28_raw: mode=typed-execute invariants=0 libraries=0 claimed_next_state=false
encode_bytes=9699
F28_raw.encode_vs_raw: UNEQUAL size 9699 vs 9699 firstDiff@705 115 vs 116
  a_snip=ries":[],"source_map":{"store":"lean/DefiKernel/
  b_snip=ries":[],"source_map":{"transfer":"lean/DefiKern
decode(encode)=ok
F28_raw.decode(encode)==ir : true
F28_raw.supportedIRB(ir2)=true canonicalIRB(ir2)=true
F28_raw.counterexample_EncodeDecodeRoundtripStatement_bounded=false
F28_raw.counterexample_DecodeEncodeCanonicalBytesStatement_bounded=true
===== FILE F27_python_compact path=/home/charl/defiformal/review/semantic-kernel/program-execution-20260908/p19-roundtrip-domain-grok-r1/probes/fixtures/F27.python-compact.json =====
raw_bytes=10664
decodeBytes=ok
F27_python_compact: ctor=step
F27_python_compact: supportedIRB=true canonicalIRB=true
F27_python_compact: cells=32 store=12 registryIds=[0, 4, 5, 6]
F27_python_compact: source_map_keys=[store, transfer]
F27_python_compact: mode=composition-step invariants=0 libraries=0 claimed_next_state=false
encode_bytes=10664
F27_python_compact.encode_vs_raw: UNEQUAL size 10664 vs 10664 firstDiff@708 115 vs 116
  a_snip=ries":[],"source_map":{"store":"lean/DefiKernel/
  b_snip=ries":[],"source_map":{"transfer":"lean/DefiKern
decode(encode)=ok
F27_python_compact.decode(encode)==ir : true
F27_python_compact.supportedIRB(ir2)=true canonicalIRB(ir2)=true
F27_python_compact.counterexample_EncodeDecodeRoundtripStatement_bounded=false
F27_python_compact.counterexample_DecodeEncodeCanonicalBytesStatement_bounded=true
===== FILE F13.mut.reorder_envelope path=/home/charl/defiformal/review/semantic-kernel/program-execution-20260908/p19-roundtrip-domain-grok-r1/probes/fixtures/F13.mut.reorder_envelope.json =====
raw_bytes=9699
decodeBytes=ok
F13.mut.reorder_envelope: ctor=typed
F13.mut.reorder_envelope: supportedIRB=true canonicalIRB=true
F13.mut.reorder_envelope: cells=32 store=12 registryIds=[0, 4, 5, 6]
F13.mut.reorder_envelope: source_map_keys=[store, transfer]
F13.mut.reorder_envelope: mode=typed-execute invariants=0 libraries=0 claimed_next_state=false
encode_bytes=9699
F13.mut.reorder_envelope.encode_vs_raw: UNEQUAL size 9699 vs 9699 firstDiff@2 115 vs 109
  a_snip={"schema_version":1,"mode"
  b_snip={"mode":"typed-execute","s
decode(encode)=ok
F13.mut.reorder_envelope.decode(encode)==ir : true
F13.mut.reorder_envelope.supportedIRB(ir2)=true canonicalIRB(ir2)=true
F13.mut.reorder_envelope.counterexample_EncodeDecodeRoundtripStatement_bounded=false
F13.mut.reorder_envelope.counterexample_DecodeEncodeCanonicalBytesStatement_bounded=true
===== FILE F13.mut.space_after_colon path=/home/charl/defiformal/review/semantic-kernel/program-execution-20260908/p19-roundtrip-domain-grok-r1/probes/fixtures/F13.mut.space_after_colon.json =====
raw_bytes=9700
decodeBytes=error:noncanonicalWhitespace
===== FILE F13.mut.omit_invariants path=/home/charl/defiformal/review/semantic-kernel/program-execution-20260908/p19-roundtrip-domain-grok-r1/probes/fixtures/F13.mut.omit_invariants.json =====
raw_bytes=9683
decodeBytes=ok
F13.mut.omit_invariants: ctor=typed
F13.mut.omit_invariants: supportedIRB=true canonicalIRB=true
F13.mut.omit_invariants: cells=32 store=12 registryIds=[0, 4, 5, 6]
F13.mut.omit_invariants: source_map_keys=[store, transfer]
F13.mut.omit_invariants: mode=typed-execute invariants=0 libraries=0 claimed_next_state=false
encode_bytes=9699
F13.mut.omit_invariants.encode_vs_raw: UNEQUAL size 9699 vs 9683 firstDiff@660 105 vs 108
  a_snip=ention-outside-model"],"invariants":[],"librarie
  b_snip=ention-outside-model"],"libraries":[],"source_ma
decode(encode)=ok
F13.mut.omit_invariants.decode(encode)==ir : true
F13.mut.omit_invariants.supportedIRB(ir2)=true canonicalIRB(ir2)=true
F13.mut.omit_invariants.counterexample_EncodeDecodeRoundtripStatement_bounded=false
F13.mut.omit_invariants.counterexample_DecodeEncodeCanonicalBytesStatement_bounded=true
===== FILE F13.mut.extra_caller_index path=/home/charl/defiformal/review/semantic-kernel/program-execution-20260908/p19-roundtrip-domain-grok-r1/probes/fixtures/F13.mut.extra_caller_index.json =====
raw_bytes=9709
decodeBytes=ok
F13.mut.extra_caller_index: ctor=typed
F13.mut.extra_caller_index: supportedIRB=true canonicalIRB=true
F13.mut.extra_caller_index: cells=32 store=12 registryIds=[0, 4, 5, 6]
F13.mut.extra_caller_index: source_map_keys=[store, transfer]
F13.mut.extra_caller_index: mode=typed-execute invariants=0 libraries=0 claimed_next_state=false
encode_bytes=9699
F13.mut.extra_caller_index.encode_vs_raw: UNEQUAL size 9699 vs 9709 firstDiff@705 115 vs 116
  a_snip=ries":[],"source_map":{"store":"lean/DefiKernel/
  b_snip=ries":[],"source_map":{"transfer":"lean/DefiKern
decode(encode)=ok
F13.mut.extra_caller_index.decode(encode)==ir : true
F13.mut.extra_caller_index.supportedIRB(ir2)=true canonicalIRB(ir2)=true
F13.mut.extra_caller_index.counterexample_EncodeDecodeRoundtripStatement_bounded=false
F13.mut.extra_caller_index.counterexample_DecodeEncodeCanonicalBytesStatement_bounded=true
===== FILE F13.mut.unknown_envelope_field path=/home/charl/defiformal/review/semantic-kernel/program-execution-20260908/p19-roundtrip-domain-grok-r1/probes/fixtures/F13.mut.unknown_envelope_field.json =====
raw_bytes=9709
decodeBytes=error:unknownExecutableField:extra
===== FILE F13.mut.unreduced_arg path=/home/charl/defiformal/review/semantic-kernel/program-execution-20260908/p19-roundtrip-domain-grok-r1/probes/fixtures/F13.mut.unreduced_arg.json =====
raw_bytes=9699
decodeBytes=error:illegalRational.noncanonical
===== FILE F13.mut.unreduced_state path=/home/charl/defiformal/review/semantic-kernel/program-execution-20260908/p19-roundtrip-domain-grok-r1/probes/fixtures/F13.mut.unreduced_state.json =====
raw_bytes=9699
decodeBytes=error:illegalRational.noncanonical
===== FILE F13.mut.reorder_source_map path=/home/charl/defiformal/review/semantic-kernel/program-execution-20260908/p19-roundtrip-domain-grok-r1/probes/fixtures/F13.mut.reorder_source_map.json =====
raw_bytes=9699
decodeBytes=ok
F13.mut.reorder_source_map: ctor=typed
F13.mut.reorder_source_map: supportedIRB=true canonicalIRB=true
F13.mut.reorder_source_map: cells=32 store=12 registryIds=[0, 4, 5, 6]
F13.mut.reorder_source_map: source_map_keys=[store, transfer]
F13.mut.reorder_source_map: mode=typed-execute invariants=0 libraries=0 claimed_next_state=false
encode_bytes=9699
F13.mut.reorder_source_map.encode_vs_raw: EQUAL bytes=9699
decode(encode)=ok
F13.mut.reorder_source_map.decode(encode)==ir : true
F13.mut.reorder_source_map.supportedIRB(ir2)=true canonicalIRB(ir2)=true
F13.mut.reorder_source_map.counterexample_EncodeDecodeRoundtripStatement_bounded=false
F13.mut.reorder_source_map.counterexample_DecodeEncodeCanonicalBytesStatement_bounded=false
===== FILE F13.mut.omit_claimedActor path=/home/charl/defiformal/review/semantic-kernel/program-execution-20260908/p19-roundtrip-domain-grok-r1/probes/fixtures/F13.mut.omit_claimedActor.json =====
raw_bytes=9679
decodeBytes=ok
F13.mut.omit_claimedActor: ctor=typed
F13.mut.omit_claimedActor: supportedIRB=true canonicalIRB=true
F13.mut.omit_claimedActor: cells=32 store=12 registryIds=[0, 4, 5, 6]
F13.mut.omit_claimedActor: source_map_keys=[store, transfer]
F13.mut.omit_claimedActor: mode=typed-execute invariants=0 libraries=0 claimed_next_state=false
encode_bytes=9699
F13.mut.omit_claimedActor.encode_vs_raw: UNEQUAL size 9699 vs 9679 firstDiff@705 115 vs 116
  a_snip=ries":[],"source_map":{"store":"lean/DefiKernel/
  b_snip=ries":[],"source_map":{"transfer":"lean/DefiKern
decode(encode)=ok
F13.mut.omit_claimedActor.decode(encode)==ir : true
F13.mut.omit_claimedActor.supportedIRB(ir2)=true canonicalIRB(ir2)=true
F13.mut.omit_claimedActor.counterexample_EncodeDecodeRoundtripStatement_bounded=false
F13.mut.omit_claimedActor.counterexample_DecodeEncodeCanonicalBytesStatement_bounded=true
===== FILE F13.mut.newline_after_brace path=/home/charl/defiformal/review/semantic-kernel/program-execution-20260908/p19-roundtrip-domain-grok-r1/probes/fixtures/F13.mut.newline_after_brace.json =====
raw_bytes=9700
decodeBytes=error:noncanonicalWhitespace
===== FILE F13.mut.extra_unit_quote path=/home/charl/defiformal/review/semantic-kernel/program-execution-20260908/p19-roundtrip-domain-grok-r1/probes/fixtures/F13.mut.extra_unit_quote.json =====
raw_bytes=9714
decodeBytes=ok
F13.mut.extra_unit_quote: ctor=typed
F13.mut.extra_unit_quote: supportedIRB=true canonicalIRB=true
F13.mut.extra_unit_quote: cells=32 store=12 registryIds=[0, 4, 5, 6]
F13.mut.extra_unit_quote: source_map_keys=[store, transfer]
F13.mut.extra_unit_quote: mode=typed-execute invariants=0 libraries=0 claimed_next_state=false
encode_bytes=9699
F13.mut.extra_unit_quote.encode_vs_raw: UNEQUAL size 9699 vs 9714 firstDiff@705 115 vs 116
  a_snip=ries":[],"source_map":{"store":"lean/DefiKernel/
  b_snip=ries":[],"source_map":{"transfer":"lean/DefiKern
decode(encode)=ok
F13.mut.extra_unit_quote.decode(encode)==ir : true
F13.mut.extra_unit_quote.supportedIRB(ir2)=true canonicalIRB(ir2)=true
F13.mut.extra_unit_quote.counterexample_EncodeDecodeRoundtripStatement_bounded=false
F13.mut.extra_unit_quote.counterexample_DecodeEncodeCanonicalBytesStatement_bounded=true
===== FILE F13.mut.unknown_party path=/home/charl/defiformal/review/semantic-kernel/program-execution-20260908/p19-roundtrip-domain-grok-r1/probes/fixtures/F13.mut.unknown_party.json =====
raw_bytes=9701
decodeBytes=error:unknownIdentifier:mallory
===== rational unit =====
decodeRational 1 2 = ok 1/2
decodeRational 2 4 = illegalRational.noncanonical
decodeRational 1 0 = illegalRational.zeroDenominator
PROBE_END
EXIT:0
UTC_END=2026-09-10T06:21:21Z
