{
  "old_theorems": 208,
  "new_theorems": 246,
  "new_declarations": [
    "resourcePortToTreeJson_depth_le",
    "inputPortToTreeJson_depth_le",
    "outputPortToTreeJson_depth_le",
    "resourceImportToTreeJson_depth_le",
    "operationInterfaceToTreeJson_depth_le",
    "componentToTreeJson_depth_le",
    "envReadToTreeJson_depth_le",
    "cellDeltaToTreeJson_depth_le",
    "supplyDeltaToTreeJson_depth_le",
    "templateToTreeJson_depth_le",
    "registryEntryToTreeJson_depth_le",
    "registryToTreeJson_depth_le",
    "registryToTreeJson_empty_depth",
    "configToTreeJson_depth_le",
    "typedExecutePayloadToTreeJson_depth_le",
    "compositionStepPayloadToTreeJson_depth_le",
    "compositionRunPayloadToTreeJson_depth_le",
    "typedExecutePayloadToTreeJson_empty_registry_depth_le",
    "moduleToTreeJson_empty_registry_depth_le_64",
    "compositionStepPayloadToTreeJson_empty_registry_depth_le",
    "moduleToTreeJson_step_empty_registry_depth_le_64",
    "compositionRunPayloadToTreeJson_empty_registry_depth_le",
    "moduleToTreeJson_run_empty_registry_depth_le_64",
    "decodeBytes_encodeModule_typed_empty_registry",
    "decodeBytes_encodeModule_step_empty_registry",
    "decodeBytes_encodeModule_run_empty_registry",
    "scanLexicalCheckNum_nil",
    "scanLexicalFuel_zero",
    "scanLexicalFuel_empty",
    "scanLexicalFuel_lbrace",
    "scanLexicalFuel_lbracket",
    "scanLexicalFuel_rbrace",
    "scanLexicalFuel_rbracket",
    "scanLexicalFuel_colon",
    "scanLexicalFuel_comma_obj",
    "scanLexicalFuel_comma_arr",
    "scanLexicalFuel_step_key",
    "scanLexicalFuel_step_str_val"
  ],
  "inherited_source_exact": true,
  "packages": [
    {
      "name": "mathlib",
      "revision": "51e6992efd06126df61a496bebf8f49482a4e129"
    },
    {
      "name": "plausible",
      "revision": "123d15766ba49356c02ebad2a4462dfe12d79899"
    },
    {
      "name": "LeanSearchClient",
      "revision": "f5c090429dff3cf66cb65562526c9ea6e8edfbcb"
    },
    {
      "name": "importGraph",
      "revision": "bb3469a87774349fe01898d8bf2fc6a1ce6411ca"
    },
    {
      "name": "proofwidgets",
      "revision": "222c58dad7706a6e7cae46c0edd65ea881d3ee27"
    },
    {
      "name": "aesop",
      "revision": "7db8190085343afde2f5d2cdcc9bac719b6ec02c"
    },
    {
      "name": "Qq",
      "revision": "ef42f8944eaf5b6cbfbe75d1917d824c7dd6cf33"
    },
    {
      "name": "batteries",
      "revision": "76e1c118b0700b4ceafe99532e887d6431625e1a"
    },
    {
      "name": "Cli",
      "revision": "1319485273bf87833fa472afbcefdedecb16b45f"
    }
  ]
}
