Except.ok ()
Except.ok ()
Except.ok ()
AstraR28Witnesses.lean:31:2: error: failed to synthesize
  Decidable
    ((SerializedByteBound
          (DecodedIR.execution
            (DecodedExecution.step
              { schema_version := 1, mode := "composition-step",
                source_pin :=
                  { git := "a12b7cac05a818cc8d35c2ca440b7170a2807e92", lean_toolchain := "leanprover/lean4:v4.33.0-rc2",
                    mathlib_rev := "51e6992efd06126df61a496bebf8f49482a4e129", checker_candidate := "" },
                audit_roots := ["DefiKernel.Certificates", "DefiKernel.Typed", "DefiKernel.Composition"],
                types :=
                  { parties := [Party.alice, Party.bob, Party.vault, Party.pool],
                    assets := [Asset.usd, Asset.share, Asset.collateral, Asset.debt],
                    domains := [Domain.main, Domain.other] },
                assumptions := ["environment-authenticity"] }
              { config := { registry := { entries := [] }, domainAdmin := [], catalog := [] },
                boundary :=
                  { ctx := { principal := Party.alice, domain := Domain.main }, env := { entries := [] }, now := 100 },
                index := 0, history := [], step := StepEnc.revoke 0,
                pre := { state := { cells := standard32Cells }, capabilities := { entries := [] } } })) ∧
        WholeDocumentDepthBounded
            (DecodedIR.execution
              (DecodedExecution.step
                { schema_version := 1, mode := "composition-step",
                  source_pin :=
                    { git := "a12b7cac05a818cc8d35c2ca440b7170a2807e92",
                      lean_toolchain := "leanprover/lean4:v4.33.0-rc2",
                      mathlib_rev := "51e6992efd06126df61a496bebf8f49482a4e129", checker_candidate := "" },
                  audit_roots := ["DefiKernel.Certificates", "DefiKernel.Typed", "DefiKernel.Composition"],
                  types :=
                    { parties := [Party.alice, Party.bob, Party.vault, Party.pool],
                      assets := [Asset.usd, Asset.share, Asset.collateral, Asset.debt],
                      domains := [Domain.main, Domain.other] },
                  assumptions := ["environment-authenticity"] }
                { config := { registry := { entries := [] }, domainAdmin := [], catalog := [] },
                  boundary :=
                    { ctx := { principal := Party.alice, domain := Domain.main }, env := { entries := [] },
                      now := 100 },
                  index := 0, history := [], step := StepEnc.revoke 0,
                  pre := { state := { cells := standard32Cells }, capabilities := { entries := [] } } })) ∧
          WholeDocumentArrayBounded
              (DecodedIR.execution
                (DecodedExecution.step
                  { schema_version := 1, mode := "composition-step",
                    source_pin :=
                      { git := "a12b7cac05a818cc8d35c2ca440b7170a2807e92",
                        lean_toolchain := "leanprover/lean4:v4.33.0-rc2",
                        mathlib_rev := "51e6992efd06126df61a496bebf8f49482a4e129", checker_candidate := "" },
                    audit_roots := ["DefiKernel.Certificates", "DefiKernel.Typed", "DefiKernel.Composition"],
                    types :=
                      { parties := [Party.alice, Party.bob, Party.vault, Party.pool],
                        assets := [Asset.usd, Asset.share, Asset.collateral, Asset.debt],
                        domains := [Domain.main, Domain.other] },
                    assumptions := ["environment-authenticity"] }
                  { config := { registry := { entries := [] }, domainAdmin := [], catalog := [] },
                    boundary :=
                      { ctx := { principal := Party.alice, domain := Domain.main }, env := { entries := [] },
                        now := 100 },
                    index := 0, history := [], step := StepEnc.revoke 0,
                    pre := { state := { cells := standard32Cells }, capabilities := { entries := [] } } })) ∧
            standard32Cells.length = 32 ∧
              List.map (fun c => (c.domain, c.party, c.asset)) standard32Cells = standard32CellKeys ∧
                (∀ x ∈ standard32Cells, 0 < x.amount.den ∧ 0 ≤ x.amount.num) ∧
                  ClaimedNextStateLengthBounds none = true ∧ standard32Cells.length = 32) ∧
      ∀ x ∈ standard32Cells, |x.amount.num|.gcd ↑x.amount.den = 1)

Hint: Additional diagnostic information may be available using the `set_option diagnostics true` command.
AstraR28Witnesses.lean:39:2: error: failed to synthesize
  Decidable
    ((SerializedByteBound
          (DecodedIR.execution
            (DecodedExecution.run
              { schema_version := 1, mode := "composition-run",
                source_pin :=
                  { git := "a12b7cac05a818cc8d35c2ca440b7170a2807e92", lean_toolchain := "leanprover/lean4:v4.33.0-rc2",
                    mathlib_rev := "51e6992efd06126df61a496bebf8f49482a4e129", checker_candidate := "" },
                audit_roots := ["DefiKernel.Certificates", "DefiKernel.Typed", "DefiKernel.Composition"],
                types :=
                  { parties := [Party.alice, Party.bob, Party.vault, Party.pool],
                    assets := [Asset.usd, Asset.share, Asset.collateral, Asset.debt],
                    domains := [Domain.main, Domain.other] },
                assumptions := ["environment-authenticity"] }
              { config := { registry := { entries := [] }, domainAdmin := [], catalog := [] },
                boundaries :=
                  [{ ctx := { principal := Party.alice, domain := Domain.main }, env := { entries := [] },
                      now := 100 }],
                world := { state := { cells := standard32Cells }, capabilities := { entries := [] } },
                steps := [StepEnc.revoke 0] })) ∧
        WholeDocumentDepthBounded
            (DecodedIR.execution
              (DecodedExecution.run
                { schema_version := 1, mode := "composition-run",
                  source_pin :=
                    { git := "a12b7cac05a818cc8d35c2ca440b7170a2807e92",
                      lean_toolchain := "leanprover/lean4:v4.33.0-rc2",
                      mathlib_rev := "51e6992efd06126df61a496bebf8f49482a4e129", checker_candidate := "" },
                  audit_roots := ["DefiKernel.Certificates", "DefiKernel.Typed", "DefiKernel.Composition"],
                  types :=
                    { parties := [Party.alice, Party.bob, Party.vault, Party.pool],
                      assets := [Asset.usd, Asset.share, Asset.collateral, Asset.debt],
                      domains := [Domain.main, Domain.other] },
                  assumptions := ["environment-authenticity"] }
                { config := { registry := { entries := [] }, domainAdmin := [], catalog := [] },
                  boundaries :=
                    [{ ctx := { principal := Party.alice, domain := Domain.main }, env := { entries := [] },
                        now := 100 }],
                  world := { state := { cells := standard32Cells }, capabilities := { entries := [] } },
                  steps := [StepEnc.revoke 0] })) ∧
          WholeDocumentArrayBounded
              (DecodedIR.execution
                (DecodedExecution.run
                  { schema_version := 1, mode := "composition-run",
                    source_pin :=
                      { git := "a12b7cac05a818cc8d35c2ca440b7170a2807e92",
                        lean_toolchain := "leanprover/lean4:v4.33.0-rc2",
                        mathlib_rev := "51e6992efd06126df61a496bebf8f49482a4e129", checker_candidate := "" },
                    audit_roots := ["DefiKernel.Certificates", "DefiKernel.Typed", "DefiKernel.Composition"],
                    types :=
                      { parties := [Party.alice, Party.bob, Party.vault, Party.pool],
                        assets := [Asset.usd, Asset.share, Asset.collateral, Asset.debt],
                        domains := [Domain.main, Domain.other] },
                    assumptions := ["environment-authenticity"] }
                  { config := { registry := { entries := [] }, domainAdmin := [], catalog := [] },
                    boundaries :=
                      [{ ctx := { principal := Party.alice, domain := Domain.main }, env := { entries := [] },
                          now := 100 }],
                    world := { state := { cells := standard32Cells }, capabilities := { entries := [] } },
                    steps := [StepEnc.revoke 0] })) ∧
            standard32Cells.length = 32 ∧
              List.map (fun c => (c.domain, c.party, c.asset)) standard32Cells = standard32CellKeys ∧
                (∀ x ∈ standard32Cells, 0 < x.amount.den ∧ 0 ≤ x.amount.num) ∧
                  ClaimedNextStateLengthBounds none = true ∧ standard32Cells.length = 32) ∧
      ∀ x ∈ standard32Cells, |x.amount.num|.gcd ↑x.amount.den = 1)

Hint: Additional diagnostic information may be available using the `set_option diagnostics true` command.
AstraR28Witnesses.lean:36:62: warning: This simp argument is unused:
  HistoryCanonical

Hint: Omit it from the simp argument list.
  [apply] simp [StructurallyAdmissibleIR, SupportedIR, CanonicalIR, runWitness, witnessEnv, witnessWorld,
    witnessBoundary, canonicalWitnessIR, StandardTypesEnum, SourceMapSorted, ClaimedNextStateCanonical, StoreCanonical,
    StepCanonical, BoundaryCanonical, EnvironmentCanonical, EnvelopeLengthBounds, RunPayloadLengthBounds,
    ConfigLengthBounds, StepLengthBounds, isSortedStrictAscending]

Note: This linter can be disabled with `set_option linter.unusedSimpArgs false`
'stepWitness_admissible' depends on axioms: [propext, sorryAx, Classical.choice, Quot.sound]
'runWitness_admissible' depends on axioms: [propext, sorryAx, Classical.choice, Quot.sound]
