'DefiKernel.Certificates.resourcePortToTreeJson_depth_le' does not depend on any axioms
'DefiKernel.Certificates.inputPortToTreeJson_depth_le' depends on axioms: [propext, Quot.sound]
'DefiKernel.Certificates.outputPortToTreeJson_depth_le' does not depend on any axioms
'DefiKernel.Certificates.resourceImportToTreeJson_depth_le' does not depend on any axioms
'DefiKernel.Certificates.operationInterfaceToTreeJson_depth_le' depends on axioms: [propext, Quot.sound]
'DefiKernel.Certificates.componentToTreeJson_depth_le' depends on axioms: [propext, Quot.sound]
'DefiKernel.Certificates.envReadToTreeJson_depth_le' does not depend on any axioms
'DefiKernel.Certificates.cellDeltaToTreeJson_depth_le' depends on axioms: [propext, Quot.sound]
'DefiKernel.Certificates.supplyDeltaToTreeJson_depth_le' depends on axioms: [propext, Quot.sound]
'DefiKernel.Certificates.templateToTreeJson_depth_le' depends on axioms: [propext, Quot.sound]
'DefiKernel.Certificates.registryEntryToTreeJson_depth_le' depends on axioms: [propext, Quot.sound]
'DefiKernel.Certificates.registryToTreeJson_depth_le' depends on axioms: [propext, Quot.sound]
'DefiKernel.Certificates.registryToTreeJson_empty_depth' does not depend on any axioms
'DefiKernel.Certificates.configToTreeJson_depth_le' depends on axioms: [propext, Quot.sound]
'DefiKernel.Certificates.typedExecutePayloadToTreeJson_depth_le' depends on axioms: [propext, Quot.sound]
'DefiKernel.Certificates.compositionStepPayloadToTreeJson_depth_le' depends on axioms: [propext, Quot.sound]
'DefiKernel.Certificates.compositionRunPayloadToTreeJson_depth_le' depends on axioms: [propext, Quot.sound]
'DefiKernel.Certificates.typedExecutePayloadToTreeJson_empty_registry_depth_le' depends on axioms: [propext, Quot.sound]
'DefiKernel.Certificates.moduleToTreeJson_empty_registry_depth_le_64' depends on axioms: [propext, Quot.sound]
'DefiKernel.Certificates.compositionStepPayloadToTreeJson_empty_registry_depth_le' depends on axioms: [propext,
 Quot.sound]
'DefiKernel.Certificates.moduleToTreeJson_step_empty_registry_depth_le_64' depends on axioms: [propext, Quot.sound]
'DefiKernel.Certificates.compositionRunPayloadToTreeJson_empty_registry_depth_le' depends on axioms: [propext,
 Quot.sound]
'DefiKernel.Certificates.moduleToTreeJson_run_empty_registry_depth_le_64' depends on axioms: [propext, Quot.sound]
'DefiKernel.Certificates.decodeBytes_encodeModule_typed_empty_registry' depends on axioms: [propext,
 Classical.choice,
 Quot.sound]
'DefiKernel.Certificates.decodeBytes_encodeModule_step_empty_registry' depends on axioms: [propext,
 Classical.choice,
 Quot.sound]
'DefiKernel.Certificates.decodeBytes_encodeModule_run_empty_registry' depends on axioms: [propext,
 Classical.choice,
 Quot.sound]
'DefiKernel.Certificates.scanLexicalCheckNum_nil' depends on axioms: [propext, Classical.choice, Quot.sound]
'DefiKernel.Certificates.scanLexicalFuel_zero' depends on axioms: [propext, Classical.choice, Quot.sound]
'DefiKernel.Certificates.scanLexicalFuel_empty' depends on axioms: [propext, Classical.choice, Quot.sound]
'DefiKernel.Certificates.scanLexicalFuel_lbrace' depends on axioms: [propext, Classical.choice, Quot.sound]
'DefiKernel.Certificates.scanLexicalFuel_lbracket' depends on axioms: [propext, Classical.choice, Quot.sound]
'DefiKernel.Certificates.scanLexicalFuel_rbrace' depends on axioms: [propext, Classical.choice, Quot.sound]
'DefiKernel.Certificates.scanLexicalFuel_rbracket' depends on axioms: [propext, Classical.choice, Quot.sound]
'DefiKernel.Certificates.scanLexicalFuel_colon' depends on axioms: [propext, Classical.choice, Quot.sound]
'DefiKernel.Certificates.scanLexicalFuel_comma_obj' depends on axioms: [propext, Classical.choice, Quot.sound]
'DefiKernel.Certificates.scanLexicalFuel_comma_arr' depends on axioms: [propext, Classical.choice, Quot.sound]
'DefiKernel.Certificates.scanLexicalFuel_step_key' depends on axioms: [propext, Classical.choice, Quot.sound]
'DefiKernel.Certificates.scanLexicalFuel_step_str_val' depends on axioms: [propext, Classical.choice, Quot.sound]
