⚠ [921/929] Replayed DefiKernel.Typed.Transition
warning: DefiKernel/Typed/Transition.lean:239:20: `simp_all [throw, throwThe]` is a flexible tactic modifying `⊢`. Try `simp_all?` and use the suggested `simp_all only [...]`. Alternatively, use `suffices` to explicitly state the simplified form.

Note: This linter can be disabled with `set_option linter.flexible false`
info: DefiKernel/Typed/Transition.lean:239:20: Try this:
  [apply] simp_all only [or_false, Prod.forall, true_and]
info: DefiKernel/Typed/Transition.lean:244:6: `rename_i args`
modifies the current goal, which was modified by the flexible tactic `simp_all` on line 239!
warning: DefiKernel/Typed/Transition.lean:239:20: `simp_all [throw, throwThe]` is a flexible tactic modifying `⊢`. Try `simp_all?` and use the suggested `simp_all only [...]`. Alternatively, use `suffices` to explicitly state the simplified form.

Note: This linter can be disabled with `set_option linter.flexible false`
info: DefiKernel/Typed/Transition.lean:239:20: Try this:
  [apply] simp_all only [Option.some.injEq, false_or, Prod.forall]
info: DefiKernel/Typed/Transition.lean:244:6: `rename_i args`
modifies the current goal, which was modified by the flexible tactic `simp_all` on line 239!
✖ [929/929] Building DefiKernel.CapabilityProvenance.Trace (1.4s)
trace: .> LEAN_PATH=/home/charl/defiformal-wt-lifecycle-grok-gpt6-20260908/lean/.lake/packages/Cli/.lake/build/lib/lean:/home/charl/defiformal-wt-lifecycle-grok-gpt6-20260908/lean/.lake/packages/batteries/.lake/build/lib/lean:/home/charl/defiformal-wt-lifecycle-grok-gpt6-20260908/lean/.lake/packages/Qq/.lake/build/lib/lean:/home/charl/defiformal-wt-lifecycle-grok-gpt6-20260908/lean/.lake/packages/aesop/.lake/build/lib/lean:/home/charl/defiformal-wt-lifecycle-grok-gpt6-20260908/lean/.lake/packages/proofwidgets/.lake/build/lib/lean:/home/charl/defiformal-wt-lifecycle-grok-gpt6-20260908/lean/.lake/packages/importGraph/.lake/build/lib/lean:/home/charl/defiformal-wt-lifecycle-grok-gpt6-20260908/lean/.lake/packages/LeanSearchClient/.lake/build/lib/lean:/home/charl/defiformal-wt-lifecycle-grok-gpt6-20260908/lean/.lake/packages/plausible/.lake/build/lib/lean:/home/charl/defiformal-wt-lifecycle-grok-gpt6-20260908/lean/.lake/packages/mathlib/.lake/build/lib/lean:/home/charl/defiformal-wt-lifecycle-grok-gpt6-20260908/lean/.lake/build/lib/lean /home/charl/.elan/toolchains/leanprover--lean4---v4.33.0-rc2/bin/lean /home/charl/defiformal-wt-lifecycle-grok-gpt6-20260908/lean/DefiKernel/CapabilityProvenance/Trace.lean -o /home/charl/defiformal-wt-lifecycle-grok-gpt6-20260908/lean/.lake/build/lib/lean/DefiKernel/CapabilityProvenance/Trace.olean -i /home/charl/defiformal-wt-lifecycle-grok-gpt6-20260908/lean/.lake/build/lib/lean/DefiKernel/CapabilityProvenance/Trace.ilean -c /home/charl/defiformal-wt-lifecycle-grok-gpt6-20260908/lean/.lake/build/ir/DefiKernel/CapabilityProvenance/Trace.c --setup /home/charl/defiformal-wt-lifecycle-grok-gpt6-20260908/lean/.lake/build/ir/DefiKernel/CapabilityProvenance/Trace.setup.json --json
warning: DefiKernel/CapabilityProvenance/Trace.lean:114:27: This simp argument is unused:
  CapabilityStore.nextId

Hint: Omit it from the simp argument list.
  [apply] simp [eventIssueCount]

Note: This linter can be disabled with `set_option linter.unusedSimpArgs false`
warning: DefiKernel/CapabilityProvenance/Trace.lean:117:27: This simp argument is unused:
  CapabilityStore.nextId

Hint: Omit it from the simp argument list.
  [apply] simp [eventIssueCount, List.length_set]

Note: This linter can be disabled with `set_option linter.unusedSimpArgs false`
warning: DefiKernel/CapabilityProvenance/Trace.lean:410:5: Variable name `roots` is not explicitly referenced.

Hint: The binding can be removed (if unused) or named `_` (if used implicitly). Alternatively, prefix the name with `_` to silence this warning:
  [apply] _roots

Note: This linter can be disabled with `set_option linter.unusedVariables false`
warning: DefiKernel/CapabilityProvenance/Trace.lean:462:10: `simp [CapabilityStore.nextId] at hids` is a flexible tactic modifying `hids`. Try `simp?` and use the suggested `simp only [...]`. Alternatively, use `suffices` to explicitly state the simplified form.

Note: This linter can be disabled with `set_option linter.flexible false`
info: DefiKernel/CapabilityProvenance/Trace.lean:463:10: `exact hids`
uses `hids`, which was modified by the flexible tactic `simp` on line 462!
warning: DefiKernel/CapabilityProvenance/Trace.lean:485:10: `simp [CapabilityStore.nextId] at hids` is a flexible tactic modifying `hids`. Try `simp?` and use the suggested `simp only [...]`. Alternatively, use `suffices` to explicitly state the simplified form.

Note: This linter can be disabled with `set_option linter.flexible false`
info: DefiKernel/CapabilityProvenance/Trace.lean:486:10: `exact hids`
uses `hids`, which was modified by the flexible tactic `simp` on line 485!
warning: DefiKernel/CapabilityProvenance/Trace.lean:499:4: `simp [originOf, hlook] at h` is a flexible tactic modifying `h`. Try `simp?` and use the suggested `simp only [...]`. Alternatively, use `suffices` to explicitly state the simplified form.

Note: This linter can be disabled with `set_option linter.flexible false`
info: DefiKernel/CapabilityProvenance/Trace.lean:500:4: `cases h`
uses `h`, which was modified by the flexible tactic `simp` on line 499!
warning: DefiKernel/CapabilityProvenance/Trace.lean:499:4: `simp [originOf, hlook] at h` is a flexible tactic modifying `h`. Try `simp?` and use the suggested `simp only [...]`. Alternatively, use `suffices` to explicitly state the simplified form.

Note: This linter can be disabled with `set_option linter.flexible false`
info: DefiKernel/CapabilityProvenance/Trace.lean:501:4: `exact ⟨cap, hlook, rfl, roots id cap hlook⟩`
uses `h`, which was modified by the flexible tactic `simp` on line 499!
warning: DefiKernel/CapabilityProvenance/Trace.lean:503:4: `simp [originOf, hlook] at h` is a flexible tactic modifying `h`. Try `simp?` and use the suggested `simp only [...]`. Alternatively, use `suffices` to explicitly state the simplified form.

Note: This linter can be disabled with `set_option linter.flexible false`
info: DefiKernel/CapabilityProvenance/Trace.lean:504:4: `obtain ⟨event, grant, mem, rfl, hs, hr⟩ := issuedOrigin_sound_raw events id origin h`
uses `h`, which was modified by the flexible tactic `simp` on line 503!
warning: DefiKernel/CapabilityProvenance/Trace.lean:533:5: Variable name `hs` is not explicitly referenced.

Hint: The binding can be removed (if unused) or named `_` (if used implicitly). Alternatively, prefix the name with `_` to silence this warning:
  [apply] _hs

Note: This linter can be disabled with `set_option linter.unusedVariables false`
warning: DefiKernel/CapabilityProvenance/Trace.lean:636:10: `simp [issuedOrigin, hs', hr', heq]` is a flexible tactic modifying `⊢`. Try `simp?` and use the suggested `simp only [...]`. Alternatively, use `suffices` to explicitly state the simplified form.

Note: This linter can be disabled with `set_option linter.flexible false`
info: DefiKernel/CapabilityProvenance/Trace.lean:637:10: `exact ih mem (fun e hm hrr ↦ unique e (List.mem_cons.mpr (Or.inr hm)) hrr)`
modifies the current goal, which was modified by the flexible tactic `simp` on line 636!
warning: DefiKernel/CapabilityProvenance/Trace.lean:640:8: `simp [issuedOrigin, hs', hr']` is a flexible tactic modifying `⊢`. Try `simp?` and use the suggested `simp only [...]`. Alternatively, use `suffices` to explicitly state the simplified form.

Note: This linter can be disabled with `set_option linter.flexible false`
info: DefiKernel/CapabilityProvenance/Trace.lean:641:8: `exact ih mem (fun e hm hrr ↦ unique e (List.mem_cons.mpr (Or.inr hm)) hrr)`
modifies the current goal, which was modified by the flexible tactic `simp` on line 640!
warning: DefiKernel/CapabilityProvenance/Trace.lean:643:8: `simp [issuedOrigin, hs', hr']` is a flexible tactic modifying `⊢`. Try `simp?` and use the suggested `simp only [...]`. Alternatively, use `suffices` to explicitly state the simplified form.

Note: This linter can be disabled with `set_option linter.flexible false`
info: DefiKernel/CapabilityProvenance/Trace.lean:644:8: `exact ih mem (fun e hm hrr ↦ unique e (List.mem_cons.mpr (Or.inr hm)) hrr)`
modifies the current goal, which was modified by the flexible tactic `simp` on line 643!
warning: DefiKernel/CapabilityProvenance/Trace.lean:646:8: `simp [issuedOrigin, hs']` is a flexible tactic modifying `⊢`. Try `simp?` and use the suggested `simp only [...]`. Alternatively, use `suffices` to explicitly state the simplified form.

Note: This linter can be disabled with `set_option linter.flexible false`
info: DefiKernel/CapabilityProvenance/Trace.lean:647:8: `exact ih mem (fun e hm hrr ↦ unique e (List.mem_cons.mpr (Or.inr hm)) hrr)`
modifies the current goal, which was modified by the flexible tactic `simp` on line 646!
warning: DefiKernel/CapabilityProvenance/Trace.lean:649:8: `simp [issuedOrigin, hs']` is a flexible tactic modifying `⊢`. Try `simp?` and use the suggested `simp only [...]`. Alternatively, use `suffices` to explicitly state the simplified form.

Note: This linter can be disabled with `set_option linter.flexible false`
info: DefiKernel/CapabilityProvenance/Trace.lean:650:8: `exact ih mem (fun e hm hrr ↦ unique e (List.mem_cons.mpr (Or.inr hm)) hrr)`
modifies the current goal, which was modified by the flexible tactic `simp` on line 649!
error: DefiKernel/CapabilityProvenance/Trace.lean:664:4: Dependent elimination failed: Failed to solve equation
  event.4 =
    { world := post✝, receipt := Receipt.invoked request✝ e✝,
      outputs := snapshots event.index inv.component iface✝ post✝.state }
error: DefiKernel/CapabilityProvenance/Trace.lean:670:4: Dependent elimination failed: Failed to solve equation
  event.4 =
    { world := { state := event.before.state, capabilities := store✝ }, receipt := Receipt.revoked rid, outputs := [] }
error: DefiKernel/CapabilityProvenance/Trace.lean:704:4: Type mismatch
  issuedOrigin_of_unique hs hr mem ?m.154
has type
  issuedOrigin events id = some (Origin.issued event.index grant)
but is expected to have type
  issuedOrigin events id = some (Origin.issued idx grant)
error: DefiKernel/CapabilityProvenance/Trace.lean:756:41: Tactic `introN` failed: There are no additional binders or `let` bindings in the goal to introduce

P A D : Type
inst✝⁵ : DecidableEq P
inst✝⁴ : DecidableEq A
inst✝³ : DecidableEq D
inst✝² : Fintype P
inst✝¹ : Fintype A
inst✝ : Fintype D
initial : World P A D
cursor : Cursor P A D
ctx : InvocationContext P D
operation : OperationId
right : Right P A D
head : CapabilityId
tail : List CapabilityId
hauth : authorizesId cursor.world.capabilities ctx operation right head = true
o : Origin P A D
horig : originOf initial cursor.events head = some o
ih :
  currentAuthorityOrigin initial cursor ctx operation right tail = some (head, o) ↔
    ∃ pref rest,
      tail = pref ++ head :: rest ∧
        (∀ x ∈ pref, authorizesId cursor.world.capabilities ctx operation right x = false) ∧
          authorizesId cursor.world.capabilities ctx operation right head = true ∧
            originOf initial cursor.events head = some o
⊢ (∀ x ∈ [], authorizesId cursor.world.capabilities ctx operation right x = false) ∧
    authorizesId cursor.world.capabilities ctx operation right head = true ∧
      originOf initial cursor.events head = some o
error: DefiKernel/CapabilityProvenance/Trace.lean:795:51: Tactic `introN` failed: There are no additional binders or `let` bindings in the goal to introduce

P A D : Type
inst✝⁵ : DecidableEq P
inst✝⁴ : DecidableEq A
inst✝³ : DecidableEq D
inst✝² : Fintype P
inst✝¹ : Fintype A
inst✝ : Fintype D
store : CapabilityStore P A D
ctx : InvocationContext P D
operation : OperationId
right : Right P A D
head : CapabilityId
tail : List CapabilityId
ih :
  (∃ id ∈ tail, authorizesId store ctx operation right id = true) →
    ∃ pref id rest,
      tail = pref ++ id :: rest ∧
        (∀ x ∈ pref, authorizesId store ctx operation right x = false) ∧
          authorizesId store ctx operation right id = true
h : ∃ id ∈ head :: tail, authorizesId store ctx operation right id = true
hb : authorizesId store ctx operation right head = true
⊢ (∀ x ∈ [], authorizesId store ctx operation right x = false) ∧ authorizesId store ctx operation right head = true
warning: DefiKernel/CapabilityProvenance/Trace.lean:826:5: Variable name `history` is not explicitly referenced.

Hint: The binding can be removed (if unused) or named `_` (if used implicitly). Alternatively, prefix the name with `_` to silence this warning:
  [apply] _history

Note: This linter can be disabled with `set_option linter.unusedVariables false`
error: DefiKernel/CapabilityProvenance/Trace.lean:887:32: don't know how to synthesize implicit argument `history`
  @originOf_of_authorizesId P A D inst✝⁵ inst✝⁴ inst✝³ inst✝² inst✝¹ inst✝ cfg boundaries trusted initial cursor ?m.221
    trace roots ctx operation right fid hfa
context:
P A D : Type
inst✝⁵ : DecidableEq P
inst✝⁴ : DecidableEq A
inst✝³ : DecidableEq D
inst✝² : Fintype P
inst✝¹ : Fintype A
inst✝ : Fintype D
cfg : Config P A D
boundaries : ℕ → Boundary P A D
trusted : TrustedRoot P A D
initial : World P A D
cursor : Cursor P A D
trace : TraceSound cfg boundaries initial cursor.events cursor.world cursor.outputs cursor.nextIndex
roots : RootsAccepted trusted initial.capabilities
ctx : InvocationContext P D
operation : OperationId
right : Right P A D
ids : List CapabilityId
hnone : currentAuthorityOrigin initial cursor ctx operation right ids = none
id : CapabilityId
hid : id ∈ ids
hauth : ¬authorizesId cursor.world.capabilities ctx operation right id = false
htrue : authorizesId cursor.world.capabilities ctx operation right id = true
hex : ∃ x ∈ ids, authorizesId cursor.world.capabilities ctx operation right x = true
pref : List CapabilityId
fid : CapabilityId
rest : List CapabilityId
hs : ids = pref ++ fid :: rest
hpref : ∀ x ∈ pref, authorizesId cursor.world.capabilities ctx operation right x = false
hfa : authorizesId cursor.world.capabilities ctx operation right fid = true
⊢ List (OutputObservation A)
error: DefiKernel/CapabilityProvenance/Trace.lean:884:4: don't know how to synthesize placeholder
context:
case mp
P A D : Type
inst✝⁵ : DecidableEq P
inst✝⁴ : DecidableEq A
inst✝³ : DecidableEq D
inst✝² : Fintype P
inst✝¹ : Fintype A
inst✝ : Fintype D
cfg : Config P A D
boundaries : ℕ → Boundary P A D
trusted : TrustedRoot P A D
initial : World P A D
cursor : Cursor P A D
trace : TraceSound cfg boundaries initial cursor.events cursor.world cursor.outputs cursor.nextIndex
roots : RootsAccepted trusted initial.capabilities
ctx : InvocationContext P D
operation : OperationId
right : Right P A D
ids : List CapabilityId
hnone : currentAuthorityOrigin initial cursor ctx operation right ids = none
id : CapabilityId
hid : id ∈ ids
hauth : ¬authorizesId cursor.world.capabilities ctx operation right id = false
htrue : authorizesId cursor.world.capabilities ctx operation right id = true
hex : ∃ x ∈ ids, authorizesId cursor.world.capabilities ctx operation right x = true
⊢ False
error: DefiKernel/CapabilityProvenance/Trace.lean:880:4: don't know how to synthesize placeholder
context:
case mp
P A D : Type
inst✝⁵ : DecidableEq P
inst✝⁴ : DecidableEq A
inst✝³ : DecidableEq D
inst✝² : Fintype P
inst✝¹ : Fintype A
inst✝ : Fintype D
cfg : Config P A D
boundaries : ℕ → Boundary P A D
trusted : TrustedRoot P A D
initial : World P A D
cursor : Cursor P A D
trace : TraceSound cfg boundaries initial cursor.events cursor.world cursor.outputs cursor.nextIndex
roots : RootsAccepted trusted initial.capabilities
ctx : InvocationContext P D
operation : OperationId
right : Right P A D
ids : List CapabilityId
hnone : currentAuthorityOrigin initial cursor ctx operation right ids = none
id : CapabilityId
hid : id ∈ ids
hauth : ¬authorizesId cursor.world.capabilities ctx operation right id = false
htrue : authorizesId cursor.world.capabilities ctx operation right id = true
⊢ False
error: DefiKernel/CapabilityProvenance/Trace.lean:879:4: don't know how to synthesize placeholder for argument `h`
context:
case mp
P A D : Type
inst✝⁵ : DecidableEq P
inst✝⁴ : DecidableEq A
inst✝³ : DecidableEq D
inst✝² : Fintype P
inst✝¹ : Fintype A
inst✝ : Fintype D
cfg : Config P A D
boundaries : ℕ → Boundary P A D
trusted : TrustedRoot P A D
initial : World P A D
cursor : Cursor P A D
trace : TraceSound cfg boundaries initial cursor.events cursor.world cursor.outputs cursor.nextIndex
roots : RootsAccepted trusted initial.capabilities
ctx : InvocationContext P D
operation : OperationId
right : Right P A D
ids : List CapabilityId
hnone : currentAuthorityOrigin initial cursor ctx operation right ids = none
id : CapabilityId
hid : id ∈ ids
⊢ ¬authorizesId cursor.world.capabilities ctx operation right id = false → False
error: DefiKernel/CapabilityProvenance/Trace.lean:917:30: don't know how to synthesize implicit argument `history`
  @originOf_of_authorizesId P A D inst✝⁵ inst✝⁴ inst✝³ inst✝² inst✝¹ inst✝ cfg boundaries trusted initial cursor ?m.197
    trace roots ctx operation right fid hfa
context:
P A D : Type
inst✝⁵ : DecidableEq P
inst✝⁴ : DecidableEq A
inst✝³ : DecidableEq D
inst✝² : Fintype P
inst✝¹ : Fintype A
inst✝ : Fintype D
cfg : Config P A D
boundaries : ℕ → Boundary P A D
trusted : TrustedRoot P A D
initial : World P A D
cursor : Cursor P A D
trace : TraceSound cfg boundaries initial cursor.events cursor.world cursor.outputs cursor.nextIndex
roots : RootsAccepted trusted initial.capabilities
ctx : InvocationContext P D
operation : OperationId
right : Right P A D
ids : List CapabilityId
h : hasAuthority cursor.world.capabilities ids ctx operation right = true
wid : CapabilityId
hmem : wid ∈ ids
ha : authorizesId cursor.world.capabilities ctx operation right wid = true
hex : ∃ x ∈ ids, authorizesId cursor.world.capabilities ctx operation right x = true
pref : List CapabilityId
fid : CapabilityId
rest : List CapabilityId
hs : ids = pref ++ fid :: rest
hpref : ∀ x ∈ pref, authorizesId cursor.world.capabilities ctx operation right x = false
hfa : authorizesId cursor.world.capabilities ctx operation right fid = true
⊢ List (OutputObservation A)
error: DefiKernel/CapabilityProvenance/Trace.lean:914:2: don't know how to synthesize placeholder
context:
P A D : Type
inst✝⁵ : DecidableEq P
inst✝⁴ : DecidableEq A
inst✝³ : DecidableEq D
inst✝² : Fintype P
inst✝¹ : Fintype A
inst✝ : Fintype D
cfg : Config P A D
boundaries : ℕ → Boundary P A D
trusted : TrustedRoot P A D
initial : World P A D
cursor : Cursor P A D
trace : TraceSound cfg boundaries initial cursor.events cursor.world cursor.outputs cursor.nextIndex
roots : RootsAccepted trusted initial.capabilities
ctx : InvocationContext P D
operation : OperationId
right : Right P A D
ids : List CapabilityId
h : hasAuthority cursor.world.capabilities ids ctx operation right = true
wid : CapabilityId
hmem : wid ∈ ids
ha : authorizesId cursor.world.capabilities ctx operation right wid = true
hex : ∃ x ∈ ids, authorizesId cursor.world.capabilities ctx operation right x = true
⊢ ∃ id origin,
    currentAuthorityOrigin initial cursor ctx operation right ids = some (id, origin) ∧
      authorizesId cursor.world.capabilities ctx operation right id = true ∧
        OriginAt cfg boundaries trusted initial cursor.events id origin
error: DefiKernel/CapabilityProvenance/Trace.lean:954:53: Function expected at
  ih mem
but this term has type
  ∃ cap cap',
    event.result.world.capabilities.lookup rid = some cap ∧
      cap.live = false ∧ pre.capabilities.lookup rid = some cap' ∧ cap'.live = false ∧ cap'.toGrant = cap.toGrant

Note: Expected a function because this term is being applied to the argument
  hs
error: DefiKernel/CapabilityProvenance/Trace.lean:954:13: Tactic `rcases` failed: `x✝ : ?m.166` is not an inductive datatype
error: DefiKernel/CapabilityProvenance/Trace.lean:958:44: Unknown identifier `event.index`
error: DefiKernel/CapabilityProvenance/Trace.lean:958:57: Unknown identifier `event.index`
error: DefiKernel/CapabilityProvenance/Trace.lean:959:24: Unknown identifier `event.before`
error: DefiKernel/CapabilityProvenance/Trace.lean:959:37: Unknown identifier `event.result`
error: DefiKernel/CapabilityProvenance/Trace.lean:962:18: Unknown identifier `event.result.world.capabilities.lookup`
error: DefiKernel/CapabilityProvenance/Trace.lean:966:22: Type mismatch: After simplification, term
  hpost
 has type
  store.lookup rid = some { toGrant := cap0.toGrant, live := false }
but is expected to have type
  result.world.capabilities.lookup rid = some { toGrant := cap0.toGrant, live := false }
error: Lean exited with code 1
Some required targets logged failures:
- DefiKernel.CapabilityProvenance.Trace
error: build failed
