/home/charl/defiformal/review/semantic-kernel/program-execution-20260919/astra-grok-r5-review/AdapterProbes.lean:10:39: error: Application type mismatch: The argument
  usd 3
has type
  I
but is expected to have type
  DefiKernel.Composition.Invocation Party Asset Domain
in the application
  encodeInv (usd 3)
/home/charl/defiformal/review/semantic-kernel/program-execution-20260919/astra-grok-r5-review/AdapterProbes.lean:10:58: error: Application type mismatch: The argument
  invoke 1 11 DefiKernel.Typed.Examples.Asset.usd 3
has type
  I
but is expected to have type
  DefiKernel.Composition.Invocation Party Asset Domain
in the application
  encodeInv (invoke 1 11 DefiKernel.Typed.Examples.Asset.usd 3)
/home/charl/defiformal/review/semantic-kernel/program-execution-20260919/astra-grok-r5-review/AdapterProbes.lean:12:20: error: Application type mismatch: The argument
  cfg
has type
  DefiKernel.Composition.Config DefiKernel.Typed.Examples.Party DefiKernel.Typed.Examples.Asset
    DefiKernel.Typed.Examples.Domain
but is expected to have type
  DefiKernel.Composition.Config Party Asset Domain
in the application
  admitIndexed cfg
/home/charl/defiformal/review/semantic-kernel/program-execution-20260919/astra-grok-r5-review/AdapterProbes.lean:12:34: error: Type mismatch
  boundaries BranchId.left n
has type
  DefiKernel.Composition.Boundary DefiKernel.Typed.Examples.Party DefiKernel.Typed.Examples.Asset
    DefiKernel.Typed.Examples.Domain
but is expected to have type
  DefiKernel.Composition.Boundary Party Asset Domain
/home/charl/defiformal/review/semantic-kernel/program-execution-20260919/astra-grok-r5-review/AdapterProbes.lean:13:20: error: Application type mismatch: The argument
  cfg
has type
  DefiKernel.Composition.Config DefiKernel.Typed.Examples.Party DefiKernel.Typed.Examples.Asset
    DefiKernel.Typed.Examples.Domain
but is expected to have type
  DefiKernel.Composition.Config Party Asset Domain
in the application
  admitIndexed cfg
/home/charl/defiformal/review/semantic-kernel/program-execution-20260919/astra-grok-r5-review/AdapterProbes.lean:13:34: error: Type mismatch
  boundaries BranchId.left n
has type
  DefiKernel.Composition.Boundary DefiKernel.Typed.Examples.Party DefiKernel.Typed.Examples.Asset
    DefiKernel.Typed.Examples.Domain
but is expected to have type
  DefiKernel.Composition.Boundary Party Asset Domain
/home/charl/defiformal/review/semantic-kernel/program-execution-20260919/astra-grok-r5-review/AdapterProbes.lean:13:65: error: Application type mismatch: The argument
  usd 3
has type
  I
but is expected to have type
  DefiKernel.Composition.Invocation Party Asset Domain
in the application
  encodeInv (usd 3)
/home/charl/defiformal/review/semantic-kernel/program-execution-20260919/astra-grok-r5-review/AdapterProbes.lean:13:83: error: Application type mismatch: The argument
  usd 3
has type
  I
but is expected to have type
  DefiKernel.Composition.Invocation Party Asset Domain
in the application
  encodeInv (usd 3)
true
/home/charl/defiformal/review/semantic-kernel/program-execution-20260919/astra-grok-r5-review/AdapterProbes.lean:17:47: error: Application type mismatch: The argument
  cfg
has type
  DefiKernel.Composition.Config DefiKernel.Typed.Examples.Party DefiKernel.Typed.Examples.Asset
    DefiKernel.Typed.Examples.Domain
but is expected to have type
  DefiKernel.Composition.Config Party Asset Domain
in the application
  Delivered.compositionCompatibleFromSteps cfg
/home/charl/defiformal/review/semantic-kernel/program-execution-20260919/astra-grok-r5-review/AdapterProbes.lean:17:61: error: Type mismatch
  boundaries BranchId.left n
has type
  DefiKernel.Composition.Boundary DefiKernel.Typed.Examples.Party DefiKernel.Typed.Examples.Asset
    DefiKernel.Typed.Examples.Domain
but is expected to have type
  DefiKernel.Composition.Boundary Party Asset Domain
/home/charl/defiformal/review/semantic-kernel/program-execution-20260919/astra-grok-r5-review/AdapterProbes.lean:18:31: error: Invalid `⟨...⟩` notation: The expected type `ℕ` has more than one constructor

Note: This notation can only be used when the expected type is an inductive type with a single constructor
