AXIOM AUDIT scope: imported module prefix DefiKernel.Certificates.LibraryInstantiation; modules=[DefiKernel.Certificates.LibraryInstantiation]
AXIOM AUDIT theorem: DefiKernel.Certificates.LibraryInstantiation.addHolds_iff; module=DefiKernel.Certificates.LibraryInstantiation; axioms=[propext]
AXIOM AUDIT theorem: DefiKernel.Certificates.LibraryInstantiation.instantiated_add_ok_iff; module=DefiKernel.Certificates.LibraryInstantiation; axioms=[propext]
AXIOM AUDIT theorem: DefiKernel.Certificates.LibraryInstantiation.name_only_without_compiler_record_fails; module=DefiKernel.Certificates.LibraryInstantiation; axioms=[propext]
AXIOM AUDIT theorem: DefiKernel.Certificates.LibraryInstantiation.namesDischarged_ignores_module; module=DefiKernel.Certificates.LibraryInstantiation; axioms=[propext,
 Quot.sound]
AXIOM AUDIT theorem: DefiKernel.Certificates.LibraryInstantiation.transfer_three_credit_add; module=DefiKernel.Certificates.LibraryInstantiation; axioms=[propext]
AXIOM AUDIT theorem: DefiKernel.Certificates.LibraryInstantiation.transfer_three_debit_add; module=DefiKernel.Certificates.LibraryInstantiation; axioms=[propext]
AXIOM AUDIT theorem: DefiKernel.Certificates.LibraryInstantiation.addHolds_iff._simp_1_1; module=DefiKernel.Certificates.LibraryInstantiation; axioms=[propext]
AXIOM AUDIT theorem: DefiKernel.Certificates.LibraryInstantiation.compilerRecordNamesAddOkIff.eq_1; module=DefiKernel.Certificates.LibraryInstantiation; axioms=[propext]
AXIOM AUDIT theorem: DefiKernel.Certificates.LibraryInstantiation.instantiatedOverCertificate.eq_1; module=DefiKernel.Certificates.LibraryInstantiation; axioms=[propext]
AXIOM AUDIT theorem: DefiKernel.Certificates.LibraryInstantiation.namesDischarged.eq_1; module=DefiKernel.Certificates.LibraryInstantiation; axioms=[]
AXIOM AUDIT theorem: DefiKernel.Certificates.LibraryInstantiation.TransferCreditOperands.mk.inj; module=DefiKernel.Certificates.LibraryInstantiation; axioms=[]
AXIOM AUDIT theorem: DefiKernel.Certificates.LibraryInstantiation.TransferCreditOperands.mk.injEq; module=DefiKernel.Certificates.LibraryInstantiation; axioms=[propext]
AXIOM AUDIT theorem: DefiKernel.Certificates.LibraryInstantiation.TransferCreditOperands.mk.sizeOf_spec; module=DefiKernel.Certificates.LibraryInstantiation; axioms=[]
AXIOM AUDIT theorem: DefiKernel.Certificates.LibraryInstantiation.instDecidableEqTransferCreditOperands.decEq._proof_1; module=DefiKernel.Certificates.LibraryInstantiation; axioms=[]
AXIOM AUDIT theorem: DefiKernel.Certificates.LibraryInstantiation.instDecidableEqTransferCreditOperands.decEq._proof_2; module=DefiKernel.Certificates.LibraryInstantiation; axioms=[]
AXIOM AUDIT theorem: DefiKernel.Certificates.LibraryInstantiation.instDecidableEqTransferCreditOperands.decEq._proof_3; module=DefiKernel.Certificates.LibraryInstantiation; axioms=[]
AXIOM AUDIT theorem: DefiKernel.Certificates.LibraryInstantiation.instDecidableEqTransferCreditOperands.decEq._proof_4; module=DefiKernel.Certificates.LibraryInstantiation; axioms=[]
AXIOM AUDIT theorem: _private.DefiKernel.Certificates.LibraryInstantiation.0.DefiKernel.Certificates.LibraryInstantiation.instantiatedOverCertificate.match_1.eq_1; module=DefiKernel.Certificates.LibraryInstantiation; axioms=[]
AXIOM AUDIT theorem: _private.DefiKernel.Certificates.LibraryInstantiation.0.DefiKernel.Certificates.LibraryInstantiation.instantiatedOverCertificate.match_1.eq_2; module=DefiKernel.Certificates.LibraryInstantiation; axioms=[]
AXIOM AUDIT declaration: DefiKernel.Certificates.LibraryInstantiation.addHolds; module=DefiKernel.Certificates.LibraryInstantiation; kind=definition; axioms=[]
AXIOM AUDIT declaration: DefiKernel.Certificates.LibraryInstantiation.addOkIffCompilerRecord; module=DefiKernel.Certificates.LibraryInstantiation; kind=definition; axioms=[propext]
AXIOM AUDIT declaration: DefiKernel.Certificates.LibraryInstantiation.compilerRecordNamesAddOkIff; module=DefiKernel.Certificates.LibraryInstantiation; kind=definition; axioms=[propext]
AXIOM AUDIT declaration: DefiKernel.Certificates.LibraryInstantiation.extractTransferCredit; module=DefiKernel.Certificates.LibraryInstantiation; kind=definition; axioms=[propext]
AXIOM AUDIT declaration: DefiKernel.Certificates.LibraryInstantiation.familyBound; module=DefiKernel.Certificates.LibraryInstantiation; kind=definition; axioms=[propext]
AXIOM AUDIT declaration: DefiKernel.Certificates.LibraryInstantiation.instDecidableEqTransferCreditOperands; module=DefiKernel.Certificates.LibraryInstantiation; kind=definition; axioms=[]
AXIOM AUDIT declaration: DefiKernel.Certificates.LibraryInstantiation.instReprTransferCreditOperands; module=DefiKernel.Certificates.LibraryInstantiation; kind=definition; axioms=[]
AXIOM AUDIT declaration: DefiKernel.Certificates.LibraryInstantiation.instantiatedModuleName; module=DefiKernel.Certificates.LibraryInstantiation; kind=definition; axioms=[]
AXIOM AUDIT declaration: DefiKernel.Certificates.LibraryInstantiation.instantiatedOverCertificate; module=DefiKernel.Certificates.LibraryInstantiation; kind=definition; axioms=[propext]
AXIOM AUDIT declaration: DefiKernel.Certificates.LibraryInstantiation.instantiatedTheoremNames; module=DefiKernel.Certificates.LibraryInstantiation; kind=definition; axioms=[]
AXIOM AUDIT declaration: DefiKernel.Certificates.LibraryInstantiation.lookupCell; module=DefiKernel.Certificates.LibraryInstantiation; kind=definition; axioms=[]
AXIOM AUDIT declaration: DefiKernel.Certificates.LibraryInstantiation.metadataMatches; module=DefiKernel.Certificates.LibraryInstantiation; kind=definition; axioms=[]
AXIOM AUDIT declaration: DefiKernel.Certificates.LibraryInstantiation.namesAndMetadataMatch; module=DefiKernel.Certificates.LibraryInstantiation; kind=definition; axioms=[]
AXIOM AUDIT declaration: DefiKernel.Certificates.LibraryInstantiation.namesDischarged; module=DefiKernel.Certificates.LibraryInstantiation; kind=definition; axioms=[]
AXIOM AUDIT declaration: DefiKernel.Certificates.LibraryInstantiation.ofNat64; module=DefiKernel.Certificates.LibraryInstantiation; kind=definition; axioms=[]
AXIOM AUDIT declaration: DefiKernel.Certificates.LibraryInstantiation.ratEncToNat; module=DefiKernel.Certificates.LibraryInstantiation; kind=definition; axioms=[]
AXIOM AUDIT declaration: DefiKernel.Certificates.LibraryInstantiation.ratToNat; module=DefiKernel.Certificates.LibraryInstantiation; kind=definition; axioms=[]
AXIOM AUDIT declaration: DefiKernel.Certificates.LibraryInstantiation.requestAmount; module=DefiKernel.Certificates.LibraryInstantiation; kind=definition; axioms=[propext]
AXIOM AUDIT declaration: DefiKernel.Certificates.LibraryInstantiation.wordWidth; module=DefiKernel.Certificates.LibraryInstantiation; kind=definition; axioms=[]
AXIOM AUDIT declaration: DefiKernel.Certificates.LibraryInstantiation.TransferCreditOperands._sizeOf_1; module=DefiKernel.Certificates.LibraryInstantiation; kind=definition; axioms=[]
AXIOM AUDIT declaration: DefiKernel.Certificates.LibraryInstantiation.TransferCreditOperands._sizeOf_inst; module=DefiKernel.Certificates.LibraryInstantiation; kind=definition; axioms=[]
AXIOM AUDIT declaration: DefiKernel.Certificates.LibraryInstantiation.TransferCreditOperands.casesOn; module=DefiKernel.Certificates.LibraryInstantiation; kind=definition; axioms=[]
AXIOM AUDIT declaration: DefiKernel.Certificates.LibraryInstantiation.TransferCreditOperands.ctorIdx; module=DefiKernel.Certificates.LibraryInstantiation; kind=definition; axioms=[]
AXIOM AUDIT declaration: DefiKernel.Certificates.LibraryInstantiation.TransferCreditOperands.delta; module=DefiKernel.Certificates.LibraryInstantiation; kind=definition; axioms=[]
AXIOM AUDIT declaration: DefiKernel.Certificates.LibraryInstantiation.TransferCreditOperands.noConfusion; module=DefiKernel.Certificates.LibraryInstantiation; kind=definition; axioms=[]
AXIOM AUDIT declaration: DefiKernel.Certificates.LibraryInstantiation.TransferCreditOperands.noConfusionType; module=DefiKernel.Certificates.LibraryInstantiation; kind=definition; axioms=[]
AXIOM AUDIT declaration: DefiKernel.Certificates.LibraryInstantiation.TransferCreditOperands.post; module=DefiKernel.Certificates.LibraryInstantiation; kind=definition; axioms=[]
AXIOM AUDIT declaration: DefiKernel.Certificates.LibraryInstantiation.TransferCreditOperands.pre; module=DefiKernel.Certificates.LibraryInstantiation; kind=definition; axioms=[]
AXIOM AUDIT declaration: DefiKernel.Certificates.LibraryInstantiation.TransferCreditOperands.recOn; module=DefiKernel.Certificates.LibraryInstantiation; kind=definition; axioms=[]
AXIOM AUDIT declaration: DefiKernel.Certificates.LibraryInstantiation.addHolds.match_1; module=DefiKernel.Certificates.LibraryInstantiation; kind=definition; axioms=[]
AXIOM AUDIT declaration: DefiKernel.Certificates.LibraryInstantiation.extractTransferCredit.match_1; module=DefiKernel.Certificates.LibraryInstantiation; kind=definition; axioms=[]
AXIOM AUDIT declaration: DefiKernel.Certificates.LibraryInstantiation.instDecidableEqTransferCreditOperands.decEq; module=DefiKernel.Certificates.LibraryInstantiation; kind=definition; axioms=[]
AXIOM AUDIT declaration: DefiKernel.Certificates.LibraryInstantiation.instReprTransferCreditOperands.repr; module=DefiKernel.Certificates.LibraryInstantiation; kind=definition; axioms=[]
AXIOM AUDIT declaration: DefiKernel.Certificates.LibraryInstantiation.instantiatedOverCertificate.match_1; module=DefiKernel.Certificates.LibraryInstantiation; kind=definition; axioms=[]
AXIOM AUDIT declaration: DefiKernel.Certificates.LibraryInstantiation.metadataMatches.match_1; module=DefiKernel.Certificates.LibraryInstantiation; kind=definition; axioms=[]
AXIOM AUDIT declaration: DefiKernel.Certificates.LibraryInstantiation.requestAmount._sparseCasesOn_1; module=DefiKernel.Certificates.LibraryInstantiation; kind=definition; axioms=[propext]
AXIOM AUDIT declaration: DefiKernel.Certificates.LibraryInstantiation.requestAmount._sparseCasesOn_2; module=DefiKernel.Certificates.LibraryInstantiation; kind=definition; axioms=[propext]
AXIOM AUDIT declaration: DefiKernel.Certificates.LibraryInstantiation.requestAmount._sparseCasesOn_5; module=DefiKernel.Certificates.LibraryInstantiation; kind=definition; axioms=[propext]
AXIOM AUDIT declaration: DefiKernel.Certificates.LibraryInstantiation.requestAmount._sparseCasesOn_6; module=DefiKernel.Certificates.LibraryInstantiation; kind=definition; axioms=[propext]
AXIOM AUDIT declaration: DefiKernel.Certificates.LibraryInstantiation.requestAmount.match_1; module=DefiKernel.Certificates.LibraryInstantiation; kind=definition; axioms=[propext]
AXIOM AUDIT declaration: DefiKernel.Certificates.LibraryInstantiation.requestAmount.match_5; module=DefiKernel.Certificates.LibraryInstantiation; kind=definition; axioms=[propext]
AXIOM AUDIT declaration: DefiKernel.Certificates.LibraryInstantiation.TransferCreditOperands.mk._flat_ctor; module=DefiKernel.Certificates.LibraryInstantiation; kind=definition; axioms=[]
AXIOM AUDIT declaration: DefiKernel.Certificates.LibraryInstantiation.TransferCreditOperands.mk.noConfusion; module=DefiKernel.Certificates.LibraryInstantiation; kind=definition; axioms=[]
AXIOM AUDIT declaration: DefiKernel.Certificates.LibraryInstantiation.instDecidableEqTransferCreditOperands.decEq.match_1; module=DefiKernel.Certificates.LibraryInstantiation; kind=definition; axioms=[]
AXIOM AUDIT declaration: _private.DefiKernel.Certificates.LibraryInstantiation.0.DefiKernel.Certificates.LibraryInstantiation.instantiatedOverCertificate.match_1.splitter; module=DefiKernel.Certificates.LibraryInstantiation; kind=definition; axioms=[]
AXIOM AUDIT DECLARATIONS PASSED: 45/45 supplemental declarations; forbidden=0
AXIOM AUDIT PASSED: 19/19 theorems; forbidden=0
AXIOM AUDIT scope: imported module prefix DefiKernel.Arithmetic.Operations; modules=[DefiKernel.Arithmetic.Operations]
AXIOM AUDIT theorem: DefiKernel.Arithmetic.Operations.add_comm; module=DefiKernel.Arithmetic.Operations; axioms=[propext]
AXIOM AUDIT theorem: DefiKernel.Arithmetic.Operations.add_error_iff; module=DefiKernel.Arithmetic.Operations; axioms=[propext]
AXIOM AUDIT theorem: DefiKernel.Arithmetic.Operations.add_mono; module=DefiKernel.Arithmetic.Operations; axioms=[propext,
 Quot.sound]
AXIOM AUDIT theorem: DefiKernel.Arithmetic.Operations.add_mono_right; module=DefiKernel.Arithmetic.Operations; axioms=[propext,
 Quot.sound]
AXIOM AUDIT theorem: DefiKernel.Arithmetic.Operations.add_ok_iff; module=DefiKernel.Arithmetic.Operations; axioms=[propext]
AXIOM AUDIT theorem: DefiKernel.Arithmetic.Operations.add_zero; module=DefiKernel.Arithmetic.Operations; axioms=[propext]
AXIOM AUDIT theorem: DefiKernel.Arithmetic.Operations.mul_comm; module=DefiKernel.Arithmetic.Operations; axioms=[propext]
AXIOM AUDIT theorem: DefiKernel.Arithmetic.Operations.mul_error_iff; module=DefiKernel.Arithmetic.Operations; axioms=[propext]
AXIOM AUDIT theorem: DefiKernel.Arithmetic.Operations.mul_mono; module=DefiKernel.Arithmetic.Operations; axioms=[propext]
AXIOM AUDIT theorem: DefiKernel.Arithmetic.Operations.mul_mono_right; module=DefiKernel.Arithmetic.Operations; axioms=[propext]
AXIOM AUDIT theorem: DefiKernel.Arithmetic.Operations.mul_ok_iff; module=DefiKernel.Arithmetic.Operations; axioms=[propext]
AXIOM AUDIT theorem: DefiKernel.Arithmetic.Operations.mul_one; module=DefiKernel.Arithmetic.Operations; axioms=[propext]
AXIOM AUDIT theorem: DefiKernel.Arithmetic.Operations.mul_zero; module=DefiKernel.Arithmetic.Operations; axioms=[propext]
AXIOM AUDIT theorem: DefiKernel.Arithmetic.Operations.sub_antitone; module=DefiKernel.Arithmetic.Operations; axioms=[propext,
 Quot.sound]
AXIOM AUDIT theorem: DefiKernel.Arithmetic.Operations.sub_checked_ne_error; module=DefiKernel.Arithmetic.Operations; axioms=[propext]
AXIOM AUDIT theorem: DefiKernel.Arithmetic.Operations.sub_difference_bound; module=DefiKernel.Arithmetic.Operations; axioms=[]
AXIOM AUDIT theorem: DefiKernel.Arithmetic.Operations.sub_error_iff; module=DefiKernel.Arithmetic.Operations; axioms=[propext,
 Quot.sound]
AXIOM AUDIT theorem: DefiKernel.Arithmetic.Operations.sub_mono; module=DefiKernel.Arithmetic.Operations; axioms=[propext,
 Quot.sound]
AXIOM AUDIT theorem: DefiKernel.Arithmetic.Operations.sub_ok_iff; module=DefiKernel.Arithmetic.Operations; axioms=[propext]
AXIOM AUDIT theorem: DefiKernel.Arithmetic.Operations.sub_self; module=DefiKernel.Arithmetic.Operations; axioms=[propext,
 Quot.sound]
AXIOM AUDIT theorem: DefiKernel.Arithmetic.Operations.sub_zero; module=DefiKernel.Arithmetic.Operations; axioms=[propext]
AXIOM AUDIT theorem: DefiKernel.Arithmetic.Operations.add.eq_1; module=DefiKernel.Arithmetic.Operations; axioms=[]
AXIOM AUDIT theorem: DefiKernel.Arithmetic.Operations.add_error_iff._simp_1; module=DefiKernel.Arithmetic.Operations; axioms=[propext]
AXIOM AUDIT theorem: DefiKernel.Arithmetic.Operations.add_mono._proof_1_1; module=DefiKernel.Arithmetic.Operations; axioms=[propext,
 Quot.sound]
AXIOM AUDIT theorem: DefiKernel.Arithmetic.Operations.add_ok_iff._simp_1; module=DefiKernel.Arithmetic.Operations; axioms=[propext]
AXIOM AUDIT theorem: DefiKernel.Arithmetic.Operations.mul.eq_1; module=DefiKernel.Arithmetic.Operations; axioms=[]
AXIOM AUDIT theorem: DefiKernel.Arithmetic.Operations.mul_error_iff._simp_1; module=DefiKernel.Arithmetic.Operations; axioms=[propext]
AXIOM AUDIT theorem: DefiKernel.Arithmetic.Operations.mul_ok_iff._simp_1; module=DefiKernel.Arithmetic.Operations; axioms=[propext]
AXIOM AUDIT theorem: DefiKernel.Arithmetic.Operations.sub_antitone._proof_1_1; module=DefiKernel.Arithmetic.Operations; axioms=[propext,
 Quot.sound]
AXIOM AUDIT theorem: DefiKernel.Arithmetic.Operations.sub_error_iff._proof_1_3; module=DefiKernel.Arithmetic.Operations; axioms=[propext,
 Quot.sound]
AXIOM AUDIT theorem: DefiKernel.Arithmetic.Operations.sub_error_iff._simp_1; module=DefiKernel.Arithmetic.Operations; axioms=[propext,
 Quot.sound]
AXIOM AUDIT theorem: DefiKernel.Arithmetic.Operations.sub_error_iff._simp_1_1; module=DefiKernel.Arithmetic.Operations; axioms=[propext]
AXIOM AUDIT theorem: DefiKernel.Arithmetic.Operations.sub_error_iff._simp_1_2; module=DefiKernel.Arithmetic.Operations; axioms=[propext]
AXIOM AUDIT theorem: DefiKernel.Arithmetic.Operations.sub_error_iff._simp_1_4; module=DefiKernel.Arithmetic.Operations; axioms=[propext]
AXIOM AUDIT theorem: DefiKernel.Arithmetic.Operations.sub_mono._proof_1_1; module=DefiKernel.Arithmetic.Operations; axioms=[propext,
 Quot.sound]
AXIOM AUDIT theorem: DefiKernel.Arithmetic.Operations.sub_ok_iff._simp_1; module=DefiKernel.Arithmetic.Operations; axioms=[propext]
AXIOM AUDIT declaration: DefiKernel.Arithmetic.Operations.add; module=DefiKernel.Arithmetic.Operations; kind=definition; axioms=[]
AXIOM AUDIT declaration: DefiKernel.Arithmetic.Operations.mul; module=DefiKernel.Arithmetic.Operations; kind=definition; axioms=[]
AXIOM AUDIT declaration: DefiKernel.Arithmetic.Operations.sub; module=DefiKernel.Arithmetic.Operations; kind=definition; axioms=[]
AXIOM AUDIT DECLARATIONS PASSED: 3/3 supplemental declarations; forbidden=0
AXIOM AUDIT PASSED: 36/36 theorems; forbidden=0
'DefiKernel.Certificates.LibraryInstantiation.addHolds_iff' depends on axioms: [propext]
'DefiKernel.Certificates.LibraryInstantiation.transfer_three_credit_add' depends on axioms: [propext]
'DefiKernel.Certificates.LibraryInstantiation.transfer_three_debit_add' depends on axioms: [propext]
