'DefiKernel.Certificates.LibraryInstantiation.instantiated_add_ok_iff' depends on axioms: [propext]
'DefiKernel.Certificates.LibraryInstantiation.addHolds_iff' depends on axioms: [propext]
'DefiKernel.Certificates.LibraryInstantiation.transfer_three_credit_add' depends on axioms: [propext]
'DefiKernel.Certificates.LibraryInstantiation.transfer_three_debit_add' depends on axioms: [propext]
'DefiKernel.Certificates.LibraryInstantiation.namesDischarged_ignores_module' depends on axioms: [propext, Quot.sound]
'DefiKernel.Certificates.LibraryInstantiation.name_only_without_compiler_record_fails' depends on axioms: [propext]
'DefiKernel.Certificates.Delivered.rawExecute_typed_ok_complete' depends on axioms: [propext,
 Classical.choice,
 Quot.sound]
'DefiKernel.Certificates.Delivered.rawExecute_typed_error_complete' depends on axioms: [propext,
 Classical.choice,
 Quot.sound]
'DefiKernel.Certificates.Delivered.rawExecute_typed_sequential_fields' depends on axioms: [propext,
 Classical.choice,
 Quot.sound]
'DefiKernel.Certificates.Delivered.checkTyped_source_identity_git_guard' depends on axioms: [propext,
 Classical.choice,
 Quot.sound]
'DefiKernel.Certificates.Delivered.checkTyped_from_raw_typed_ok' depends on axioms: [propext,
 Classical.choice,
 Quot.sound]
'DefiKernel.Certificates.Delivered.checkTyped_from_raw_typed_error' depends on axioms: [propext,
 Classical.choice,
 Quot.sound]
'DefiKernel.Certificates.Delivered.checkTyped_claimed_next_state_mismatch' depends on axioms: [propext,
 Classical.choice,
 Quot.sound]
'DefiKernel.Certificates.Delivered.checkTyped_report_accepted_from_raw_and_policy' depends on axioms: [propext,
 Classical.choice,
 Quot.sound]
'DefiKernel.Certificates.Delivered.checkStep_from_raw_ok' depends on axioms: [propext, Classical.choice, Quot.sound]
'DefiKernel.Certificates.Delivered.checkRun_from_raw_cursor' depends on axioms: [propext, Classical.choice, Quot.sound]
'DefiKernel.Certificates.Delivered.checkIR_typed' depends on axioms: [propext, Classical.choice, Quot.sound]
'DefiKernel.Certificates.Delivered.checkIR_step' depends on axioms: [propext, Classical.choice, Quot.sound]
'DefiKernel.Certificates.Delivered.checkIR_run' depends on axioms: [propext, Classical.choice, Quot.sound]
'DefiKernel.Certificates.Delivered.checkBytes_of_decode_typed' depends on axioms: [propext,
 Classical.choice,
 Quot.sound]
'DefiKernel.Certificates.Delivered.decode_error_no_execute' depends on axioms: [propext, Classical.choice, Quot.sound]
/home/charl/defiformal/review/semantic-kernel/program-execution-20260919/astra-grok-r5-review/AuditR5.lean:24:14: error(lean.unknownIdentifier): Unknown constant `DefiKernel.Certificates.encode_decode_roundtrip`
'DefiKernel.Certificates.decode_encode_canonical_bytes' depends on axioms: [propext, Classical.choice, Quot.sound]
