{
  "frozen_count": 1438,
  "frozen_mismatches": [],
  "archive_matches": true,
  "author": {
    "MANIFEST.json": {
      "count": 116,
      "mismatches": []
    },
    "source-manifest.json": {
      "count": 42,
      "mismatches": []
    }
  },
  "command_hash_mismatches": [],
  "dependency_pins": [
    {
      "name": "mathlib",
      "expected": "51e6992efd06126df61a496bebf8f49482a4e129",
      "actual": "51e6992efd06126df61a496bebf8f49482a4e129",
      "match": true
    },
    {
      "name": "plausible",
      "expected": "123d15766ba49356c02ebad2a4462dfe12d79899",
      "actual": "123d15766ba49356c02ebad2a4462dfe12d79899",
      "match": true
    },
    {
      "name": "LeanSearchClient",
      "expected": "f5c090429dff3cf66cb65562526c9ea6e8edfbcb",
      "actual": "f5c090429dff3cf66cb65562526c9ea6e8edfbcb",
      "match": true
    },
    {
      "name": "importGraph",
      "expected": "bb3469a87774349fe01898d8bf2fc6a1ce6411ca",
      "actual": "bb3469a87774349fe01898d8bf2fc6a1ce6411ca",
      "match": true
    },
    {
      "name": "proofwidgets",
      "expected": "222c58dad7706a6e7cae46c0edd65ea881d3ee27",
      "actual": "222c58dad7706a6e7cae46c0edd65ea881d3ee27",
      "match": true
    },
    {
      "name": "aesop",
      "expected": "7db8190085343afde2f5d2cdcc9bac719b6ec02c",
      "actual": "7db8190085343afde2f5d2cdcc9bac719b6ec02c",
      "match": true
    },
    {
      "name": "Qq",
      "expected": "ef42f8944eaf5b6cbfbe75d1917d824c7dd6cf33",
      "actual": "ef42f8944eaf5b6cbfbe75d1917d824c7dd6cf33",
      "match": true
    },
    {
      "name": "batteries",
      "expected": "76e1c118b0700b4ceafe99532e887d6431625e1a",
      "actual": "76e1c118b0700b4ceafe99532e887d6431625e1a",
      "match": true
    },
    {
      "name": "Cli",
      "expected": "1319485273bf87833fa472afbcefdedecb16b45f",
      "actual": "1319485273bf87833fa472afbcefdedecb16b45f",
      "match": true
    }
  ],
  "commands": [
    {
      "label": "host-probes",
      "exit": 0
    },
    {
      "label": "validate",
      "exit": 0
    },
    {
      "label": "probes",
      "exit": 0
    },
    {
      "label": "cli-overlap",
      "exit": 0
    },
    {
      "label": "cli-library",
      "exit": 0
    },
    {
      "label": "cli-wrong-toolchain",
      "exit": 0
    },
    {
      "label": "adapter-probes",
      "exit": 1
    },
    {
      "label": "audit-library",
      "exit": 0
    },
    {
      "label": "adapter-probes-corrected",
      "exit": 0
    },
    {
      "label": "build",
      "exit": 0
    },
    {
      "label": "audit-r5",
      "exit": 1
    },
    {
      "label": "audit-r5-corrected",
      "exit": 0
    }
  ],
  "tool_sha256": {
    "/home/charl/.elan/toolchains/leanprover--lean4---v4.33.0-rc2/bin/lake": "60330ab6f07dce20f3fa9ebb08e8b984ea9549eac172afeb15d9d2227060e2b3",
    "/home/charl/.elan/toolchains/leanprover--lean4---v4.33.0-rc2/bin/lean": "e8baaa71855a616dc351028f3ad2200051b0671f423a1696a100e809302d5550"
  },
  "named_axiom_inventory": {
    "expected": [
      "DefiKernel.Certificates.LibraryInstantiation.instantiated_add_ok_iff",
      "DefiKernel.Certificates.LibraryInstantiation.addHolds_iff",
      "DefiKernel.Certificates.LibraryInstantiation.transfer_three_credit_add",
      "DefiKernel.Certificates.LibraryInstantiation.transfer_three_debit_add",
      "DefiKernel.Certificates.LibraryInstantiation.namesDischarged_ignores_module",
      "DefiKernel.Certificates.LibraryInstantiation.name_only_without_compiler_record_fails",
      "DefiKernel.Certificates.Delivered.rawExecute_typed_ok_complete",
      "DefiKernel.Certificates.Delivered.rawExecute_typed_error_complete",
      "DefiKernel.Certificates.Delivered.rawExecute_typed_sequential_fields",
      "DefiKernel.Certificates.Delivered.checkTyped_source_identity_git_guard",
      "DefiKernel.Certificates.Delivered.checkTyped_from_raw_typed_ok",
      "DefiKernel.Certificates.Delivered.checkTyped_from_raw_typed_error",
      "DefiKernel.Certificates.Delivered.checkTyped_claimed_next_state_mismatch",
      "DefiKernel.Certificates.Delivered.checkTyped_report_accepted_from_raw_and_policy",
      "DefiKernel.Certificates.Delivered.checkStep_from_raw_ok",
      "DefiKernel.Certificates.Delivered.checkRun_from_raw_cursor",
      "DefiKernel.Certificates.Delivered.checkIR_typed",
      "DefiKernel.Certificates.Delivered.checkIR_step",
      "DefiKernel.Certificates.Delivered.checkIR_run",
      "DefiKernel.Certificates.Delivered.checkBytes_of_decode_typed",
      "DefiKernel.Certificates.Delivered.decode_error_no_execute",
      "DefiKernel.Certificates.encode_decode_roundtrip",
      "DefiKernel.Certificates.decode_encode_canonical_bytes"
    ],
    "actual": [
      "DefiKernel.Certificates.LibraryInstantiation.instantiated_add_ok_iff",
      "DefiKernel.Certificates.LibraryInstantiation.addHolds_iff",
      "DefiKernel.Certificates.LibraryInstantiation.transfer_three_credit_add",
      "DefiKernel.Certificates.LibraryInstantiation.transfer_three_debit_add",
      "DefiKernel.Certificates.LibraryInstantiation.namesDischarged_ignores_module",
      "DefiKernel.Certificates.LibraryInstantiation.name_only_without_compiler_record_fails",
      "DefiKernel.Certificates.Delivered.rawExecute_typed_ok_complete",
      "DefiKernel.Certificates.Delivered.rawExecute_typed_error_complete",
      "DefiKernel.Certificates.Delivered.rawExecute_typed_sequential_fields",
      "DefiKernel.Certificates.Delivered.checkTyped_source_identity_git_guard",
      "DefiKernel.Certificates.Delivered.checkTyped_from_raw_typed_ok",
      "DefiKernel.Certificates.Delivered.checkTyped_from_raw_typed_error",
      "DefiKernel.Certificates.Delivered.checkTyped_claimed_next_state_mismatch",
      "DefiKernel.Certificates.Delivered.checkTyped_report_accepted_from_raw_and_policy",
      "DefiKernel.Certificates.Delivered.checkStep_from_raw_ok",
      "DefiKernel.Certificates.Delivered.checkRun_from_raw_cursor",
      "DefiKernel.Certificates.Delivered.checkIR_typed",
      "DefiKernel.Certificates.Delivered.checkIR_step",
      "DefiKernel.Certificates.Delivered.checkIR_run",
      "DefiKernel.Certificates.Delivered.checkBytes_of_decode_typed",
      "DefiKernel.Certificates.Delivered.decode_error_no_execute",
      "DefiKernel.Certificates.encode_decode_roundtrip",
      "DefiKernel.Certificates.decode_encode_canonical_bytes"
    ],
    "exact": true
  },
  "checks_pass": true
}
