c0-canonical
true
lex-unknown-q
{"ctor":"notJsonObject"}
lex-truncated-u
{"ctor":"notJsonObject"}
lex-literal-lf
{"ctor":"notJsonObject"}
lex-literal-nul
{"ctor":"notJsonObject"}
lex-short-n
ok
lex-upper-u000A
ok
jsonObj-quoted-key
{"a"b":1}
quoted-key-jsonparse
false
quoted-key-decode
{"ctor":"notJsonObject"}
plain-key-decode
ok-eq
nul-key-decode
{"ctor":"notJsonObject"}
lf-key-decode
{"ctor":"notJsonObject"}
bs-key-jsonparse
true
bs-key-decode
{"ctor":"noncanonicalWhitespace"}
nul-value-decode
ok-eq
lf-value-decode
ok-eq
quote-value-decode
ok-eq
bs-value-decode
ok-eq
checker4097-length
4097
checker4097-bytes
7524
checker4097-decode
ok-eq
witness-cost
6454
onelib-cost-eq-witness
true
onelib-bytes
7538
compiler-cost-eq-witness
true
compiler-bytes
7522
done
