'DefiKernel.Certificates.hexVal_hexDigit' depends on axioms: [propext, Quot.sound]
'DefiKernel.Certificates.bool_cond_of_lt32' depends on axioms: [propext, Quot.sound]
'DefiKernel.Certificates.lexString_quote' depends on axioms: [propext]
'DefiKernel.Certificates.lexString_slash' depends on axioms: [propext]
'DefiKernel.Certificates.lexString_u00' depends on axioms: [propext, Quot.sound]
'DefiKernel.Certificates.lexString_normal' depends on axioms: [propext]
'DefiKernel.Certificates.lexString_char' depends on axioms: [propext, Quot.sound]
'DefiKernel.Certificates.lexString_escapeChars' depends on axioms: [propext, Quot.sound]
'DefiKernel.Certificates.lexString_escapeJsonString' depends on axioms: [propext, Classical.choice, Quot.sound]
'DefiKernel.Certificates.string_fromUTF8?_toUTF8' depends on axioms: [propext, Classical.choice, Quot.sound]
'DefiKernel.Certificates.tokenizeFuel_string' depends on axioms: [propext, Classical.choice, Quot.sound]
'DefiKernel.Certificates.parseTokens_str' depends on axioms: [propext, Classical.choice, Quot.sound]
'DefiKernel.Certificates.parseTokens_num' depends on axioms: [propext, Classical.choice, Quot.sound]
'DefiKernel.Certificates.parseTokens_bool' depends on axioms: [propext, Classical.choice, Quot.sound]
'DefiKernel.Certificates.parseTokens_null' depends on axioms: [propext, Classical.choice, Quot.sound]
'DefiKernel.Certificates.parseTokens_empty_arr' depends on axioms: [propext, Classical.choice, Quot.sound]
'DefiKernel.Certificates.parseTokens_empty_obj' depends on axioms: [propext, Classical.choice, Quot.sound]
'DefiKernel.Certificates.parseCanonicalJson_true' depends on axioms: [propext, Classical.choice, Quot.sound]
'DefiKernel.Certificates.parseCanonicalJson_false' depends on axioms: [propext, Classical.choice, Quot.sound]
'DefiKernel.Certificates.parseCanonicalJson_null' depends on axioms: [propext, Classical.choice, Quot.sound]
'DefiKernel.Certificates.parseCanonicalJson_empty_arr' depends on axioms: [propext, Classical.choice, Quot.sound]
'DefiKernel.Certificates.parseCanonicalJson_empty_obj' depends on axioms: [propext, Classical.choice, Quot.sound]
'DefiKernel.Certificates.tokenizeFuel_empty' depends on axioms: [propext]
'DefiKernel.Certificates.parseStep_null' depends on axioms: [propext, Classical.choice, Quot.sound]
'DefiKernel.Certificates.parseStep_bool' depends on axioms: [propext, Classical.choice, Quot.sound]
'DefiKernel.Certificates.parseStep_num' depends on axioms: [propext, Classical.choice, Quot.sound]
'DefiKernel.Certificates.parseStep_str_empty' depends on axioms: [propext, Classical.choice, Quot.sound]
'DefiKernel.Certificates.parseStep_str_expectVal' depends on axioms: [propext, Classical.choice, Quot.sound]
'DefiKernel.Certificates.parseStep_str_arr_empty' depends on axioms: [propext, Classical.choice, Quot.sound]
'DefiKernel.Certificates.parseStep_str_arr_val' depends on axioms: [propext, Classical.choice, Quot.sound]
'DefiKernel.Certificates.feedValue_obj_expectVal' depends on axioms: [propext, Classical.choice, Quot.sound]
'DefiKernel.Certificates.feedValue_arr_expectVal' depends on axioms: [propext, Classical.choice, Quot.sound]
'DefiKernel.Certificates.feedValue_arr_emptyOrVal' depends on axioms: [propext, Classical.choice, Quot.sound]
'DefiKernel.Certificates.parseStep_lbrace_empty' depends on axioms: [propext, Classical.choice, Quot.sound]
'DefiKernel.Certificates.parseStep_lbracket_empty' depends on axioms: [propext, Classical.choice, Quot.sound]
'DefiKernel.Certificates.parseStep_lbrace_expectVal' depends on axioms: [propext, Classical.choice, Quot.sound]
'DefiKernel.Certificates.parseStep_str_emptyOrKey' depends on axioms: [propext, Classical.choice, Quot.sound]
'DefiKernel.Certificates.parseStep_str_expectKey' depends on axioms: [propext, Classical.choice, Quot.sound]
'DefiKernel.Certificates.parseStep_colon' depends on axioms: [propext, Classical.choice, Quot.sound]
'DefiKernel.Certificates.parseStep_comma_obj' depends on axioms: [propext, Classical.choice, Quot.sound]
'DefiKernel.Certificates.parseStep_comma_arr' depends on axioms: [propext, Classical.choice, Quot.sound]
'DefiKernel.Certificates.parse_arr_feed_elem' depends on axioms: [propext, Classical.choice, Quot.sound]
'DefiKernel.Certificates.parse_obj_field_step' depends on axioms: [propext, Classical.choice, Quot.sound]
'DefiKernel.Certificates.parse_obj_field_comma' depends on axioms: [propext, Classical.choice, Quot.sound]
'DefiKernel.Certificates.parse_obj_rbrace' depends on axioms: [propext, Classical.choice, Quot.sound]
'DefiKernel.Certificates.parse_arr_rbracket' depends on axioms: [propext, Classical.choice, Quot.sound]
'DefiKernel.Certificates.parseTokens_of_foldlM' depends on axioms: [propext, Classical.choice, Quot.sound]
'DefiKernel.Certificates.parseCanonicalJson_of_tokenize_parseTokens' depends on axioms: [propext,
 Classical.choice,
 Quot.sound]
'DefiKernel.Certificates.tokenizeFuel_lbrace' depends on axioms: [propext]
'DefiKernel.Certificates.tokenizeFuel_rbrace' depends on axioms: [propext]
'DefiKernel.Certificates.tokenizeFuel_colon' depends on axioms: [propext]
'DefiKernel.Certificates.tokenizeFuel_comma' depends on axioms: [propext]
'DefiKernel.Certificates.tokenizeFuel_lbracket' depends on axioms: [propext]
'DefiKernel.Certificates.tokenizeFuel_rbracket' depends on axioms: [propext]
'DefiKernel.Certificates.lexDigits_step_eq' does not depend on any axioms
'DefiKernel.Certificates.lexDigits_of_all_digits' depends on axioms: [propext]
'DefiKernel.Certificates.lexDigits_head_tl' depends on axioms: [propext, Classical.choice, Quot.sound]
'DefiKernel.Certificates.toDigits_nonempty' depends on axioms: [propext]
'DefiKernel.Certificates.tokenizeFuel_digit_step' depends on axioms: [propext]
'DefiKernel.Certificates.tokenizeFuel_nat' depends on axioms: [propext, Classical.choice, Quot.sound]
'DefiKernel.Certificates.tokenizeFuel_int' depends on axioms: [propext, Classical.choice, Quot.sound]
'DefiKernel.Certificates.parseTokens_rat' depends on axioms: [propext, Classical.choice, Quot.sound]
'DefiKernel.Certificates.jsonDepth_scalar' depends on axioms: [propext, Classical.choice, Quot.sound]
'DefiKernel.Certificates.jsonDepthFuel_zero_of_scalar' depends on axioms: [propext, Classical.choice, Quot.sound]
'DefiKernel.Certificates.foldl_max_ge' depends on axioms: [propext]
'DefiKernel.Certificates.mem_le_foldl_max' depends on axioms: [propext]
'DefiKernel.Certificates.foldl_max_congr' does not depend on any axioms
'DefiKernel.Certificates.jsonDepthFuel_stable' depends on axioms: [propext, Classical.choice, Quot.sound]
'DefiKernel.Certificates.jsonMaxArrayLengthFuel_stable' depends on axioms: [propext, Classical.choice, Quot.sound]
'DefiKernel.Certificates.jsonDepth_bound_lt_fuel' depends on axioms: [propext, Classical.choice, Quot.sound]
'DefiKernel.Certificates.jsonDepthFuel_adequate_of_le64' depends on axioms: [propext, Classical.choice, Quot.sound]
'DefiKernel.Certificates.jsonMaxArrayLengthFuel_adequate' depends on axioms: [propext, Classical.choice, Quot.sound]
'DefiKernel.Certificates.jsonDepth_stable_of_le64' depends on axioms: [propext, Classical.choice, Quot.sound]
'DefiKernel.Certificates.jsonMaxArrayLength_stable_of_le64' depends on axioms: [propext, Classical.choice, Quot.sound]
'DefiKernel.Certificates.parser_max_depth_bound' depends on axioms: [propext, Classical.choice, Quot.sound]
'DefiKernel.Certificates.parser_max_array_bound' depends on axioms: [propext, Classical.choice, Quot.sound]
'DefiKernel.Certificates.tokenize_escapeJsonString' depends on axioms: [propext, Classical.choice, Quot.sound]
'DefiKernel.Certificates.parseCanonicalJson_escapeJsonString' depends on axioms: [propext, Classical.choice, Quot.sound]
'DefiKernel.Certificates.structurallyAdmissible_nonempty' depends on axioms: [propext, Classical.choice, Quot.sound]
'DefiKernel.Certificates.escapedKeyCollision_admissible' depends on axioms: [propext, Classical.choice, Quot.sound]
'DefiKernel.Certificates.decodeBytes_encode_canonical' depends on axioms: [propext, Classical.choice, Quot.sound]
'DefiKernel.Certificates.decode_encode_roundtrip_of_decode' depends on axioms: [propext, Classical.choice, Quot.sound]
'DefiKernel.Certificates.decode_encode_canonical_bytes' depends on axioms: [propext, Classical.choice, Quot.sound]
'DefiKernel.Certificates.decode_error_no_kernel' depends on axioms: [propext, Classical.choice, Quot.sound]
'DefiKernel.Certificates.decode_error_resource_limit' depends on axioms: [propext, Classical.choice, Quot.sound]
'DefiKernel.Certificates.checkBytes_no_kernel_on_error' depends on axioms: [propext, Classical.choice, Quot.sound]
'DefiKernel.Certificates.checkBytes_ok' depends on axioms: [propext, Classical.choice, Quot.sound]
'DefiKernel.Certificates.checkBytes_typed_correspondence' depends on axioms: [propext, Classical.choice, Quot.sound]
'DefiKernel.Certificates.checkBytes_step_correspondence' depends on axioms: [propext, Classical.choice, Quot.sound]
'DefiKernel.Certificates.checkBytes_run_correspondence' depends on axioms: [propext, Classical.choice, Quot.sound]
'DefiKernel.Certificates.rational_decode_canonical' does not depend on any axioms
'DefiKernel.Certificates.rat_fromRat_num_den' does not depend on any axioms
'DefiKernel.Certificates.rational_roundtrip' does not depend on any axioms
'DefiKernel.Certificates.decodeParty_encodeParty' depends on axioms: [propext, Classical.choice, Quot.sound]
'DefiKernel.Certificates.decodeAsset_encodeAsset' depends on axioms: [propext, Classical.choice, Quot.sound]
'DefiKernel.Certificates.decodeDomain_encodeDomain' depends on axioms: [propext, Classical.choice, Quot.sound]
'DefiKernel.Certificates.decodeRight_invoke' depends on axioms: [propext, Classical.choice, Quot.sound]
'DefiKernel.Certificates.decodePartyRef_caller' depends on axioms: [propext, Classical.choice, Quot.sound]
'DefiKernel.Certificates.decodePartyRef_literal' depends on axioms: [propext, Classical.choice, Quot.sound]
'DefiKernel.Certificates.decodeNumericUnit_scalar' depends on axioms: [propext, Classical.choice, Quot.sound]
'DefiKernel.Certificates.decodeNumericUnit_amount' depends on axioms: [propext, Classical.choice, Quot.sound]
'DefiKernel.Certificates.decodeUnit_bool' depends on axioms: [propext, Classical.choice, Quot.sound]
'DefiKernel.Certificates.decodeUnit_scalar' depends on axioms: [propext, Classical.choice, Quot.sound]
'DefiKernel.Certificates.decodeUnit_amount' depends on axioms: [propext, Classical.choice, Quot.sound]
'DefiKernel.Certificates.decodeRegistry_empty' depends on axioms: [propext, Classical.choice, Quot.sound]
'DefiKernel.Certificates.decodeStore_empty' depends on axioms: [propext, Classical.choice, Quot.sound]
'DefiKernel.Certificates.decodeRight_debit' depends on axioms: [propext, Classical.choice, Quot.sound]
'DefiKernel.Certificates.decodeRight_changeSupply' depends on axioms: [propext, Classical.choice, Quot.sound]
'DefiKernel.Certificates.decodePartyRef_argument' depends on axioms: [propext, Classical.choice, Quot.sound]
'DefiKernel.Certificates.decodeNumericUnit_price' depends on axioms: [propext, Classical.choice, Quot.sound]
'DefiKernel.Certificates.decodePackedValue_bool' depends on axioms: [propext, Classical.choice, Quot.sound]
'DefiKernel.Certificates.decodePackedValue_canonical_bool' depends on axioms: [propext, Classical.choice, Quot.sound]
'DefiKernel.Certificates.decodeObservationKey_roundtrip' depends on axioms: [propext, Classical.choice, Quot.sound]
'DefiKernel.Certificates.decodeEnvRead_currentTime' depends on axioms: [propext, Classical.choice, Quot.sound]
'DefiKernel.Certificates.decodeUnaryOp_not' depends on axioms: [propext, Classical.choice, Quot.sound]
'DefiKernel.Certificates.decodeUnaryOp_neg' depends on axioms: [propext, Classical.choice, Quot.sound]
'DefiKernel.Certificates.decodeBinaryOp_and' depends on axioms: [propext, Classical.choice, Quot.sound]
'DefiKernel.Certificates.decodeBinaryOp_or' depends on axioms: [propext, Classical.choice, Quot.sound]
'DefiKernel.Certificates.decodeCellRef_roundtrip' depends on axioms: [propext, Classical.choice, Quot.sound]
'DefiKernel.Certificates.decodeCell_roundtrip' depends on axioms: [propext, Classical.choice, Quot.sound]
'DefiKernel.Certificates.decodeContext_roundtrip' depends on axioms: [propext, Classical.choice, Quot.sound]
'DefiKernel.Certificates.decodeDomainAdmin_roundtrip' depends on axioms: [propext, Classical.choice, Quot.sound]
'DefiKernel.Certificates.decodeQualifiedPort_roundtrip' depends on axioms: [propext, Classical.choice, Quot.sound]
'DefiKernel.Certificates.decodeStep_revoke' depends on axioms: [propext, Classical.choice, Quot.sound]
'DefiKernel.Certificates.decodeExprFuel_now' depends on axioms: [propext, Classical.choice, Quot.sound]
'DefiKernel.Certificates.decodeExprFuel_arg_bool' depends on axioms: [propext, Classical.choice, Quot.sound]
'DefiKernel.Certificates.decodeExprFuel_lit_bool' depends on axioms: [propext, Classical.choice, Quot.sound]
'DefiKernel.Certificates.decodeExpr_now' depends on axioms: [propext, Classical.choice, Quot.sound]
'DefiKernel.Certificates.decodeExpr_lit_bool' depends on axioms: [propext, Classical.choice, Quot.sound]
'DefiKernel.Certificates.decodeObservationRef_roundtrip' depends on axioms: [propext, Classical.choice, Quot.sound]
'DefiKernel.Certificates.decodeRat_zero' depends on axioms: [propext, Classical.choice, Quot.sound]
'DefiKernel.Certificates.decodePackedValue_scalar_zero' depends on axioms: [propext, Classical.choice, Quot.sound]
'DefiKernel.Certificates.decodePackedValue_amount_zero' depends on axioms: [propext, Classical.choice, Quot.sound]
'DefiKernel.Certificates.decodeBinaryOp_add' depends on axioms: [propext, Classical.choice, Quot.sound]
'DefiKernel.Certificates.decodeBinaryOp_convert' depends on axioms: [propext, Classical.choice, Quot.sound]
'DefiKernel.Certificates.decodeBinaryOp_eq' depends on axioms: [propext, Classical.choice, Quot.sound]
'DefiKernel.Certificates.decodeStep_issue' depends on axioms: [propext, Classical.choice, Quot.sound]
'DefiKernel.Certificates.decodePackedCellRef_roundtrip' depends on axioms: [propext, Classical.choice, Quot.sound]
'DefiKernel.Certificates.decodeEnvRead_observation' depends on axioms: [propext, Classical.choice, Quot.sound]
'DefiKernel.Certificates.decodeSourcePin_roundtrip' depends on axioms: [propext, Classical.choice, Quot.sound]
'DefiKernel.Certificates.decodeGrant_roundtrip' depends on axioms: [propext, Classical.choice, Quot.sound]
'DefiKernel.Certificates.decodeTypesEnum_roundtrip' depends on axioms: [propext, Classical.choice, Quot.sound]
'DefiKernel.Certificates.decodeCapability_invoke' depends on axioms: [propext, Classical.choice, Quot.sound]
'DefiKernel.Certificates.decodeExprFuel_balance' depends on axioms: [propext, Classical.choice, Quot.sound]
'DefiKernel.Certificates.decodeExprFuel_timestamp' depends on axioms: [propext, Classical.choice, Quot.sound]
'DefiKernel.Certificates.decodeExprFuel_unary_not' depends on axioms: [propext, Classical.choice, Quot.sound]
'DefiKernel.Certificates.decodeExprFuel_binary_and' depends on axioms: [propext, Classical.choice, Quot.sound]
'DefiKernel.Certificates.decodeExprFuel_ite' depends on axioms: [propext, Classical.choice, Quot.sound]
'DefiKernel.Certificates.decodeExpr_balance' depends on axioms: [propext, Classical.choice, Quot.sound]
'DefiKernel.Certificates.decodeExpr_timestamp' depends on axioms: [propext, Classical.choice, Quot.sound]
'DefiKernel.Certificates.decodeExpr_unary_not' depends on axioms: [propext, Classical.choice, Quot.sound]
'DefiKernel.Certificates.decodeExpr_binary_and' depends on axioms: [propext, Classical.choice, Quot.sound]
'DefiKernel.Certificates.decodeExpr_ite' depends on axioms: [propext, Classical.choice, Quot.sound]
'DefiKernel.Certificates.string_roundtrip' depends on axioms: [propext, Classical.choice, Quot.sound]
'DefiKernel.Certificates.serialized_byte_bound_exceeded_not_supported' depends on axioms: [propext,
 Classical.choice,
 Quot.sound]
'DefiKernel.Certificates.decodeRat_mkObj' depends on axioms: [propext, Classical.choice, Quot.sound]
'DefiKernel.Certificates.decodePackedValue_scalar_val' depends on axioms: [propext, Classical.choice, Quot.sound]
'DefiKernel.Certificates.decodePackedValue_amount_val' depends on axioms: [propext, Classical.choice, Quot.sound]
'DefiKernel.Certificates.decodeParty_partyToJson' depends on axioms: [propext, Classical.choice, Quot.sound]
'DefiKernel.Certificates.decodeAsset_assetToJson' depends on axioms: [propext, Classical.choice, Quot.sound]
'DefiKernel.Certificates.decodeDomain_domainToJson' depends on axioms: [propext, Classical.choice, Quot.sound]
'DefiKernel.Certificates.decodeCell_cellToJson' depends on axioms: [propext, Classical.choice, Quot.sound]
'DefiKernel.Certificates.decodeRight_rightToJson' depends on axioms: [propext, Classical.choice, Quot.sound]
'DefiKernel.Certificates.decodeGrant_grantToJson' depends on axioms: [propext, Classical.choice, Quot.sound]
'DefiKernel.Certificates.decodePartyRef_partyRefToJson' depends on axioms: [propext, Classical.choice, Quot.sound]
'DefiKernel.Certificates.decodeCellRef_cellRefToJson' depends on axioms: [propext, Classical.choice, Quot.sound]
'DefiKernel.Certificates.decodePackedCellRef_packedCellRefToJson' depends on axioms: [propext,
 Classical.choice,
 Quot.sound]
'DefiKernel.Certificates.decodeObservationKey_observationKeyToJson' depends on axioms: [propext,
 Classical.choice,
 Quot.sound]
'DefiKernel.Certificates.decodeNumericUnit_numericUnitToJson' depends on axioms: [propext, Classical.choice, Quot.sound]
'DefiKernel.Certificates.decodeUnit_unitToJson' depends on axioms: [propext, Classical.choice, Quot.sound]
'DefiKernel.Certificates.decodeObservationRef_observationRefToJson' depends on axioms: [propext,
 Classical.choice,
 Quot.sound]
'DefiKernel.Certificates.decodeUnaryOp_unaryOpToJson' depends on axioms: [propext, Classical.choice, Quot.sound]
'DefiKernel.Certificates.decodeBinaryOp_binaryOpToJson' depends on axioms: [propext, Classical.choice, Quot.sound]
'DefiKernel.Certificates.decodeStateCell_canonical' depends on axioms: [propext, Classical.choice, Quot.sound]
'DefiKernel.Certificates.exprToJson_decode_now' depends on axioms: [propext, Classical.choice, Quot.sound]
'DefiKernel.Certificates.exprToJson_decode_timestamp' depends on axioms: [propext, Classical.choice, Quot.sound]
'DefiKernel.Certificates.exprToJson_decode_observe' depends on axioms: [propext, Classical.choice, Quot.sound]
'DefiKernel.Certificates.exprToJson_decode_balance' depends on axioms: [propext, Classical.choice, Quot.sound]
'DefiKernel.Certificates.exprToJson_decode_arg' depends on axioms: [propext, Classical.choice, Quot.sound]
'DefiKernel.Certificates.exprToJson_decode_unary_step' depends on axioms: [propext, Classical.choice, Quot.sound]
'DefiKernel.Certificates.exprToJson_decode_binary_step' depends on axioms: [propext, Classical.choice, Quot.sound]
'DefiKernel.Certificates.exprToJson_decode_ite_step' depends on axioms: [propext, Classical.choice, Quot.sound]
'DefiKernel.Certificates.rat_toRat_fromRat' depends on axioms: [propext, Classical.choice, Quot.sound]
'DefiKernel.Certificates.decodeRat_ratToJson' depends on axioms: [propext, Classical.choice, Quot.sound]
'DefiKernel.Certificates.decodeRat_fromRat' depends on axioms: [propext, Classical.choice, Quot.sound]
'DefiKernel.Certificates.decodeExprFuel_lit_canonical' depends on axioms: [propext, Classical.choice, Quot.sound]
'DefiKernel.Certificates.exprDepth_pos' depends on axioms: [propext, Classical.choice, Quot.sound]
'DefiKernel.Certificates.decodeExprFuel_exprToJson' depends on axioms: [propext, Classical.choice, Quot.sound]
'DefiKernel.Certificates.decodeExpr_exprToJson' depends on axioms: [propext, Classical.choice, Quot.sound]
'DefiKernel.Certificates.decodeEnvRead_envReadToJson' depends on axioms: [propext, Classical.choice, Quot.sound]
'DefiKernel.Certificates.decodeCellDelta_cellDeltaToJson' depends on axioms: [propext, Classical.choice, Quot.sound]
'DefiKernel.Certificates.decodeSupplyDelta_supplyDeltaToJson' depends on axioms: [propext, Classical.choice, Quot.sound]
'DefiKernel.Certificates.list_mapM_decode_ok' depends on axioms: [propext, Classical.choice, Quot.sound]
'DefiKernel.Certificates.decodeTemplate_templateToJson' depends on axioms: [propext, Classical.choice, Quot.sound]
'DefiKernel.Certificates.filter_not_beq_of_not_mem' depends on axioms: [propext]
'DefiKernel.Certificates.eraseDups_eq_of_nodup' depends on axioms: [propext, Quot.sound]
'DefiKernel.Certificates.nodup_eraseDups_length' depends on axioms: [propext, Quot.sound]
'DefiKernel.Certificates.decodeRegistryEntry_registryEntryToJson' depends on axioms: [propext,
 Classical.choice,
 Quot.sound]
'DefiKernel.Certificates.decodeRegistry_registryToJson' depends on axioms: [propext, Classical.choice, Quot.sound]
'DefiKernel.Certificates.decodeCapability_capabilityToJson' depends on axioms: [propext, Classical.choice, Quot.sound]
'DefiKernel.Certificates.decodeStore_storeToJson' depends on axioms: [propext, Classical.choice, Quot.sound]
'DefiKernel.Certificates.decodeContext_contextToJson' depends on axioms: [propext, Classical.choice, Quot.sound]
'DefiKernel.Certificates.decodePackedValue_canonical' depends on axioms: [propext, Classical.choice, Quot.sound]
'DefiKernel.Certificates.decodeObservation_observationToJson' depends on axioms: [propext, Classical.choice, Quot.sound]
'DefiKernel.Certificates.decodeEnvironmentEntry_environmentEntryToJson' depends on axioms: [propext,
 Classical.choice,
 Quot.sound]
'DefiKernel.Certificates.decodeEnvironment_environmentToJson' depends on axioms: [propext, Classical.choice, Quot.sound]
'DefiKernel.Certificates.decodeDomainAdmin_domainAdminToJson' depends on axioms: [propext, Classical.choice, Quot.sound]
'DefiKernel.Certificates.decodeInputPort_inputPortToJson' depends on axioms: [propext, Classical.choice, Quot.sound]
'DefiKernel.Certificates.decodeOutputPort_outputPortToJson' depends on axioms: [propext, Classical.choice, Quot.sound]
'DefiKernel.Certificates.decodeResourcePort_resourcePortToJson' depends on axioms: [propext,
 Classical.choice,
 Quot.sound]
'DefiKernel.Certificates.decodeQualifiedPort_qualifiedPortToJson' depends on axioms: [propext,
 Classical.choice,
 Quot.sound]
'DefiKernel.Certificates.decodeResourceImport_resourceImportToJson' depends on axioms: [propext,
 Classical.choice,
 Quot.sound]
'DefiKernel.Certificates.decodeSourcePin_sourcePinToJson' depends on axioms: [propext, Classical.choice, Quot.sound]
'DefiKernel.Certificates.decodeTypesEnum_typesEnumToJson' depends on axioms: [propext, Classical.choice, Quot.sound]
'DefiKernel.Certificates.decodeStateCell_stateCellToJson' depends on axioms: [propext, Classical.choice, Quot.sound]
'DefiKernel.Certificates.decodeLibraryRef_libraryRefToJson' depends on axioms: [propext, Classical.choice, Quot.sound]
'DefiKernel.Certificates.decodeNat_natToJson' depends on axioms: [propext, Classical.choice, Quot.sound]
'DefiKernel.Certificates.decodeNatList_map_num' depends on axioms: [propext, Classical.choice, Quot.sound]
'DefiKernel.Certificates.decodeState_stateToJson' depends on axioms: [propext, Classical.choice, Quot.sound]
'DefiKernel.Certificates.decodeRequest_requestToJson' depends on axioms: [propext, Classical.choice, Quot.sound]
'DefiKernel.Certificates.decodeOperationInterface_operationInterfaceToJson' depends on axioms: [propext,
 Classical.choice,
 Quot.sound]
'DefiKernel.Certificates.decodeComponent_componentToJson' depends on axioms: [propext, Classical.choice, Quot.sound]
'DefiKernel.Certificates.decodeConfig_configToJson' depends on axioms: [propext, Classical.choice, Quot.sound]
'DefiKernel.Certificates.decodeWorld_worldToJson' depends on axioms: [propext, Classical.choice, Quot.sound]
'DefiKernel.Certificates.world_unique_of_canonical' does not depend on any axioms
'DefiKernel.Certificates.world_valid_of_canonical' depends on axioms: [propext, Quot.sound]
'DefiKernel.Certificates.decodeClaimedNextState_none' depends on axioms: [propext, Classical.choice, Quot.sound]
'DefiKernel.Certificates.decodeClaimedNextState_some' depends on axioms: [propext, Classical.choice, Quot.sound]
'DefiKernel.Certificates.decodeClaimedNextState_of_canonical' depends on axioms: [propext, Classical.choice, Quot.sound]
'DefiKernel.Certificates.decodeSourceMap_nil' depends on axioms: [propext, Classical.choice, Quot.sound]
'DefiKernel.Certificates.decodeSourceMap_single' depends on axioms: [propext, Classical.choice, Quot.sound]
'DefiKernel.Certificates.distinct_of_pairwise_lt' does not depend on any axioms
'DefiKernel.Certificates.ofList_toList_eq' depends on axioms: [propext, Classical.choice, Quot.sound]
'DefiKernel.Certificates.compare_lt_of_lt' depends on axioms: [propext, Classical.choice, Quot.sound]
'DefiKernel.Certificates.pairwise_lt_of_isSortedStrictAscending' depends on axioms: [propext,
 Classical.choice,
 Quot.sound]
'DefiKernel.Certificates.list_mapM_sourceMap_entries' depends on axioms: [propext, Classical.choice, Quot.sound]
'DefiKernel.Certificates.decodeSourceMap_sourceMapToJson' depends on axioms: [propext, Classical.choice, Quot.sound]
'DefiKernel.Certificates.decodeBoundary_boundaryToJson' depends on axioms: [propext, Classical.choice, Quot.sound]
'DefiKernel.Certificates.decodeInputSource_inputSourceToJson' depends on axioms: [propext, Classical.choice, Quot.sound]
'DefiKernel.Certificates.decodeInvocation_invocationToJson' depends on axioms: [propext, Classical.choice, Quot.sound]
'DefiKernel.Certificates.decodeStep_stepToJson' depends on axioms: [propext, Classical.choice, Quot.sound]
'DefiKernel.Certificates.decodeOutputObservation_outputObservationToJson' depends on axioms: [propext,
 Classical.choice,
 Quot.sound]
'DefiKernel.Certificates.decodeTypedExecutePayload_typedExecutePayloadToJson' depends on axioms: [propext,
 Classical.choice,
 Quot.sound]
'DefiKernel.Certificates.decodeCompositionStepPayload_compositionStepPayloadToJson' depends on axioms: [propext,
 Classical.choice,
 Quot.sound]
'DefiKernel.Certificates.decodeCompositionRunPayload_compositionRunPayloadToJson' depends on axioms: [propext,
 Classical.choice,
 Quot.sound]
'DefiKernel.Certificates.decodeStringList_ok' depends on axioms: [propext, Classical.choice, Quot.sound]
'DefiKernel.Certificates.decodeLibraries_ok' depends on axioms: [propext, Classical.choice, Quot.sound]
'DefiKernel.Certificates.decodeEnvelope_orderedFields' depends on axioms: [propext, Classical.choice, Quot.sound]
'DefiKernel.Certificates.decodeEnvelope_sortedFields' depends on axioms: [propext, Classical.choice, Quot.sound]
'DefiKernel.Certificates.envelopeSortedFields_no_commands' depends on axioms: [propext, Classical.choice, Quot.sound]
'DefiKernel.Certificates.envelopeToJson_eq_mkObj_sortedFields' depends on axioms: [propext,
 Classical.choice,
 Quot.sound]
'DefiKernel.Certificates.decodeDecodedIR_envelopeToJson_eq' depends on axioms: [propext, Classical.choice, Quot.sound]
'DefiKernel.Certificates.decodeDecodedIR_fields_typed' depends on axioms: [propext, Classical.choice, Quot.sound]
'DefiKernel.Certificates.decodeDecodedIR_fields_step' depends on axioms: [propext, Classical.choice, Quot.sound]
'DefiKernel.Certificates.decodeDecodedIR_fields_run' depends on axioms: [propext, Classical.choice, Quot.sound]
'DefiKernel.Certificates.standard32CellKeys_eraseDups_len' does not depend on any axioms
'DefiKernel.Certificates.all_mem_of_all_eq_true' depends on axioms: [propext, Quot.sound]
'DefiKernel.Certificates.decodeDecodedIR_of_structurallyAdmissible' depends on axioms: [propext,
 Classical.choice,
 Quot.sound]
'DefiKernel.Certificates.encodeModule_eq_toUTF8' depends on axioms: [propext, Classical.choice, Quot.sound]
'DefiKernel.Certificates.string_fromUTF8_encodeModule' depends on axioms: [propext, Classical.choice, Quot.sound]
'DefiKernel.Certificates.decodeBytes_eq_of_steps' depends on axioms: [propext, Classical.choice, Quot.sound]
'DefiKernel.Certificates.decodeBytes_encodeModule_of_lex_and_parse' depends on axioms: [propext,
 Classical.choice,
 Quot.sound]
'DefiKernel.Certificates.envelopeOrderedKeys_nodup' does not depend on any axioms
'DefiKernel.Certificates.typedPayloadKeys_nodup' does not depend on any axioms
'DefiKernel.Certificates.stepPayloadKeys_nodup' does not depend on any axioms
'DefiKernel.Certificates.runPayloadKeys_nodup' does not depend on any axioms
'DefiKernel.Certificates.parseCanonicalJson_encodeParty' depends on axioms: [propext, Classical.choice, Quot.sound]
'DefiKernel.Certificates.parseCanonicalJson_encodeAsset' depends on axioms: [propext, Classical.choice, Quot.sound]
'DefiKernel.Certificates.parseCanonicalJson_encodeDomain' depends on axioms: [propext, Classical.choice, Quot.sound]
'DefiKernel.Certificates.parseCanonicalJson_encodePartyRef_caller' depends on axioms: [propext,
 Classical.choice,
 Quot.sound]
'DefiKernel.Certificates.parseCanonicalJson_encodePartyRef_literal' depends on axioms: [propext,
 Classical.choice,
 Quot.sound]
'DefiKernel.Certificates.parseCanonicalJson_encodeCellRef' depends on axioms: [propext, Classical.choice, Quot.sound]
'DefiKernel.Certificates.parseCanonicalJson_encodeRat_witness' depends on axioms: [propext,
 Classical.choice,
 Quot.sound]
'DefiKernel.Certificates.parseCanonicalJson_encodeCell_witness' depends on axioms: [propext,
 Classical.choice,
 Quot.sound]
'DefiKernel.Certificates.parseCanonicalJson_encodeCell_all' depends on axioms: [propext, Classical.choice, Quot.sound]
'DefiKernel.Certificates.parseCanonicalJson_encodeCellRef_caller' depends on axioms: [propext,
 Classical.choice,
 Quot.sound]
'DefiKernel.Certificates.parseCanonicalJson_encodeRat_0_1' depends on axioms: [propext, Classical.choice, Quot.sound]
'DefiKernel.Certificates.parseCanonicalJson_encodeRat_1_1' depends on axioms: [propext, Classical.choice, Quot.sound]
'DefiKernel.Certificates.parseCanonicalJson_encodeRat_2_1' depends on axioms: [propext, Classical.choice, Quot.sound]
'DefiKernel.Certificates.parseCanonicalJson_encodeRat_4_1' depends on axioms: [propext, Classical.choice, Quot.sound]
'DefiKernel.Certificates.parseCanonicalJson_encodeRat_10_1' depends on axioms: [propext, Classical.choice, Quot.sound]
'DefiKernel.Certificates.parseCanonicalJson_encodeRat_20_1' depends on axioms: [propext, Classical.choice, Quot.sound]
'DefiKernel.Certificates.parseCanonicalJson_encodeRat_100_1' depends on axioms: [propext, Classical.choice, Quot.sound]
'DefiKernel.Certificates.parseCanonicalJson_encodeStateCell_zero' depends on axioms: [propext,
 Classical.choice,
 Quot.sound]
'DefiKernel.Certificates.c1_num' depends on axioms: [propext, Classical.choice, Quot.sound]
'DefiKernel.Certificates.c2_den' depends on axioms: [propext, Classical.choice, Quot.sound]
'DefiKernel.Certificates.c3_rbrace' depends on axioms: [propext, Classical.choice, Quot.sound]
'DefiKernel.Certificates.intercalate_two' depends on axioms: [propext, Quot.sound]
'DefiKernel.Certificates.jsonObj_two' depends on axioms: [propext, Classical.choice, Quot.sound]
'DefiKernel.Certificates.escapeJsonString_num' depends on axioms: [propext, Classical.choice, Quot.sound]
'DefiKernel.Certificates.escapeJsonString_den' depends on axioms: [propext, Classical.choice, Quot.sound]
'DefiKernel.Certificates.encodeRat_eq' depends on axioms: [propext, Classical.choice, Quot.sound]
'DefiKernel.Certificates.encodeRat_chars' depends on axioms: [propext, Classical.choice, Quot.sound]
'DefiKernel.Certificates.tokenizeFuel_num_colon' depends on axioms: [propext]
'DefiKernel.Certificates.tokenizeFuel_den_colon' depends on axioms: [propext]
'DefiKernel.Certificates.tokenizeFuel_encodeRat_chars' depends on axioms: [propext, Classical.choice, Quot.sound]
'DefiKernel.Certificates.tokenize_encodeRat' depends on axioms: [propext, Classical.choice, Quot.sound]
'DefiKernel.Certificates.parseCanonicalJson_encodeRat' depends on axioms: [propext, Classical.choice, Quot.sound]
'DefiKernel.Certificates.rat_end_to_end_universal' depends on axioms: [propext, Classical.choice, Quot.sound]
