⚠ [921/958] Replayed DefiKernel.Typed.Transition
warning: DefiKernel/Typed/Transition.lean:239:20: `simp_all [throw, throwThe]` is a flexible tactic modifying `⊢`. Try `simp_all?` and use the suggested `simp_all only [...]`. Alternatively, use `suffices` to explicitly state the simplified form.

Note: This linter can be disabled with `set_option linter.flexible false`
info: DefiKernel/Typed/Transition.lean:239:20: Try this:
  [apply] simp_all only [or_false, Prod.forall, true_and]
info: DefiKernel/Typed/Transition.lean:244:6: `rename_i args`
modifies the current goal, which was modified by the flexible tactic `simp_all` on line 239!
warning: DefiKernel/Typed/Transition.lean:239:20: `simp_all [throw, throwThe]` is a flexible tactic modifying `⊢`. Try `simp_all?` and use the suggested `simp_all only [...]`. Alternatively, use `suffices` to explicitly state the simplified form.

Note: This linter can be disabled with `set_option linter.flexible false`
info: DefiKernel/Typed/Transition.lean:239:20: Try this:
  [apply] simp_all only [Option.some.injEq, false_or, Prod.forall]
info: DefiKernel/Typed/Transition.lean:244:6: `rename_i args`
modifies the current goal, which was modified by the flexible tactic `simp_all` on line 239!
⚠ [926/958] Replayed DefiKernel.Nary.Schedule
warning: DefiKernel/Nary/Schedule.lean:162:24: This simp argument is unused:
  Nat.add_assoc

Hint: Omit it from the simp argument list.
  [apply] simp [hbeq, hmem, Nat.add_left_comm, Nat.add_comm]

Note: This linter can be disabled with `set_option linter.unusedSimpArgs false`
warning: DefiKernel/Nary/Schedule.lean:263:2: `simp [admit, hv, ha, bind, Except.bind, pure, Except.pure]` is a flexible tactic modifying `⊢`. Try `simp?` and use the suggested `simp only [...]`. Alternatively, use `suffices` to explicitly state the simplified form.

Note: This linter can be disabled with `set_option linter.flexible false`
info: DefiKernel/Nary/Schedule.lean:264:2: `rw [hs']`
modifies the current goal, which was modified by the flexible tactic `simp` on line 263!
⚠ [943/958] Replayed DefiKernel.Nary.Observation
warning: DefiKernel/Nary/Observation.lean:338:4: `simp [localEq, Bool.and_eq_true, eventsEq_iff] at h` is a flexible tactic modifying `h`. Try `simp?` and use the suggested `simp only [...]`. Alternatively, use `suffices` to explicitly state the simplified form.

Note: This linter can be disabled with `set_option linter.flexible false`
info: DefiKernel/Nary/Observation.lean:338:4: Try this:
  [apply] simp only [Interleaving.LocalState.mk.injEq] at h
info: DefiKernel/Nary/Observation.lean:339:4: `obtain ⟨⟨⟨⟨hc, hi⟩, hf⟩, ho⟩, he⟩ := h`
uses `h`, which was modified by the flexible tactic `simp` on line 338!
warning: DefiKernel/Nary/Observation.lean:342:4: `simp [Interleaving.LocalState.mk.injEq] at h` is a flexible tactic modifying `h`. Try `simp?` and use the suggested `simp only [...]`. Alternatively, use `suffices` to explicitly state the simplified form.

Note: This linter can be disabled with `set_option linter.flexible false`
info: DefiKernel/Nary/Observation.lean:343:4: `obtain ⟨hc, he, ho, hi, hf⟩ := h`
uses `h`, which was modified by the flexible tactic `simp` on line 342!
✖ [958/958] Building DefiKernel.Nary.FundedCausal (3.7s)
trace: .> LEAN_PATH=/home/charl/.cache/defiformal-sprint11-builds/causal/.lake/packages/Cli/.lake/build/lib/lean:/home/charl/.cache/defiformal-sprint11-builds/causal/.lake/packages/batteries/.lake/build/lib/lean:/home/charl/.cache/defiformal-sprint11-builds/causal/.lake/packages/Qq/.lake/build/lib/lean:/home/charl/.cache/defiformal-sprint11-builds/causal/.lake/packages/aesop/.lake/build/lib/lean:/home/charl/.cache/defiformal-sprint11-builds/causal/.lake/packages/proofwidgets/.lake/build/lib/lean:/home/charl/.cache/defiformal-sprint11-builds/causal/.lake/packages/importGraph/.lake/build/lib/lean:/home/charl/.cache/defiformal-sprint11-builds/causal/.lake/packages/LeanSearchClient/.lake/build/lib/lean:/home/charl/.cache/defiformal-sprint11-builds/causal/.lake/packages/plausible/.lake/build/lib/lean:/home/charl/.cache/defiformal-sprint11-builds/causal/.lake/packages/mathlib/.lake/build/lib/lean:/home/charl/.cache/defiformal-sprint11-builds/causal/.lake/build/lib/lean /home/charl/.elan/toolchains/leanprover--lean4---v4.33.0-rc2/bin/lean /home/charl/.cache/defiformal-sprint11-builds/causal/DefiKernel/Nary/FundedCausal.lean -o /home/charl/.cache/defiformal-sprint11-builds/causal/.lake/build/lib/lean/DefiKernel/Nary/FundedCausal.olean -i /home/charl/.cache/defiformal-sprint11-builds/causal/.lake/build/lib/lean/DefiKernel/Nary/FundedCausal.ilean -c /home/charl/.cache/defiformal-sprint11-builds/causal/.lake/build/ir/DefiKernel/Nary/FundedCausal.c --setup /home/charl/.cache/defiformal-sprint11-builds/causal/.lake/build/ir/DefiKernel/Nary/FundedCausal.setup.json --json
warning: DefiKernel/Nary/FundedCausal.lean:135:5: Variable name `h0` is not explicitly referenced.

Hint: The binding can be removed (if unused) or named `_` (if used implicitly). Alternatively, prefix the name with `_` to silence this warning:
  [apply] _h0

Note: This linter can be disabled with `set_option linter.unusedVariables false`
warning: DefiKernel/Nary/FundedCausal.lean:225:48: This simp argument is unused:
  litAmt

Hint: Omit it from the simp argument list.
  [apply] simp [Template.evaluate, consumerTransfer, resolveRefs, packed, cellRef, bind, Except.bind, pure, Except.pure,
    usdArg] at hev'

Note: This linter can be disabled with `set_option linter.unusedSimpArgs false`
warning: DefiKernel/Nary/FundedCausal.lean:213:4: `simp [extractReceipt, ht, hargs, bind, Except.bind, Except.mapError] at extracted` is a flexible tactic modifying `extracted`. Try `simp?` and use the suggested `simp only [...]`. Alternatively, use `suffices` to explicitly state the simplified form.

Note: This linter can be disabled with `set_option linter.flexible false`
info: DefiKernel/Nary/FundedCausal.lean:213:4: Try this:
  [apply] simp only [Receipt.invoked.injEq, ↓existsAndEq, and_true, exists_and_right, true_and] at extracted
info: DefiKernel/Nary/FundedCausal.lean:214:4: `cases hev :
  (consumerTransfer .recipient).evaluate
    ⟨pre.state, boundary.env, boundary.ctx.principal, [], .cons (6 : ℚ) .nil, boundary.now⟩ with
| error _ => simp [hev] at extracted
| ok e' =>
  have heq : e' = e := by simpa [hev] using extracted
  refine ⟨_, e, rfl, ?_⟩
  have hev' :
    (consumerTransfer .recipient).evaluate
        ⟨pre.state, boundary.env, boundary.ctx.principal, [], .cons (6 : ℚ) .nil, boundary.now⟩ =
      .ok e :=
    heq ▸ hev
  simp [Template.evaluate, consumerTransfer, resolveRefs, packed, cellRef, bind, Except.bind, pure, Except.pure, usdArg,
    litAmt] at hev'
  cases hev'
  rfl`
uses `extracted`, which was modified by the flexible tactic `simp` on line 213!
warning: DefiKernel/Nary/FundedCausal.lean:224:6: `simp [Template.evaluate, consumerTransfer, resolveRefs, packed, cellRef, bind,
        Except.bind, pure, Except.pure, usdArg, litAmt] at hev'` is a flexible tactic modifying `hev'`. Try `simp?` and use the suggested `simp only [...]`. Alternatively, use `suffices` to explicitly state the simplified form.

Note: This linter can be disabled with `set_option linter.flexible false`
info: DefiKernel/Nary/FundedCausal.lean:226:6: `cases hev'`
uses `hev'`, which was modified by the flexible tactic `simp` on line 224!
warning: DefiKernel/Nary/FundedCausal.lean:233:2: `simp [Template.evaluate, constTransfer, resolveRefs, packed, cellRef, bind, Except.bind,
    pure, Except.pure, litAmt, negAmt] at h` is a flexible tactic modifying `h`. Try `simp?` and use the suggested `simp only [...]`. Alternatively, use `suffices` to explicitly state the simplified form.

Note: This linter can be disabled with `set_option linter.flexible false`
info: DefiKernel/Nary/FundedCausal.lean:235:2: `cases h`
uses `h`, which was modified by the flexible tactic `simp` on line 233!
warning: DefiKernel/Nary/FundedCausal.lean:252:4: `simp [extractReceipt, ht, hargs, bind, Except.bind, Except.mapError] at extracted` is a flexible tactic modifying `extracted`. Try `simp?` and use the suggested `simp only [...]`. Alternatively, use `suffices` to explicitly state the simplified form.

Note: This linter can be disabled with `set_option linter.flexible false`
info: DefiKernel/Nary/FundedCausal.lean:252:4: Try this:
  [apply] simp only [Receipt.invoked.injEq, ↓existsAndEq, and_true, exists_and_right, true_and] at extracted
info: DefiKernel/Nary/FundedCausal.lean:253:4: `cases hev :
  (constTransfer .donor1 .vault 1).evaluate
    ⟨pre.state, boundary.env, boundary.ctx.principal, [], .nil, boundary.now⟩ with
| error _ => simp [hev] at extracted
| ok e' =>
  have heq : e' = e := by simpa [hev] using extracted
  exact ⟨_, e, rfl, constTransfer_deltas _ _ _ _ _ (heq ▸ hev)⟩`
uses `extracted`, which was modified by the flexible tactic `simp` on line 252!
warning: DefiKernel/Nary/FundedCausal.lean:274:4: `simp [extractReceipt, ht, hargs, bind, Except.bind, Except.mapError] at extracted` is a flexible tactic modifying `extracted`. Try `simp?` and use the suggested `simp only [...]`. Alternatively, use `suffices` to explicitly state the simplified form.

Note: This linter can be disabled with `set_option linter.flexible false`
info: DefiKernel/Nary/FundedCausal.lean:274:4: Try this:
  [apply] simp only [Receipt.invoked.injEq, ↓existsAndEq, and_true, exists_and_right, true_and] at extracted
info: DefiKernel/Nary/FundedCausal.lean:275:4: `cases hev :
  (constTransfer .donor2 .vault 2).evaluate
    ⟨pre.state, boundary.env, boundary.ctx.principal, [], .nil, boundary.now⟩ with
| error _ => simp [hev] at extracted
| ok e' =>
  have heq : e' = e := by simpa [hev] using extracted
  exact ⟨_, e, rfl, constTransfer_deltas _ _ _ _ _ (heq ▸ hev)⟩`
uses `extracted`, which was modified by the flexible tactic `simp` on line 274!
warning: DefiKernel/Nary/FundedCausal.lean:323:8: try 'simp' instead of 'simpa'

Note: This linter can be disabled with `set_option linter.unnecessarySimpa false`
error: DefiKernel/Nary/FundedCausal.lean:334:4: linarith failed to find a contradiction
q : ReservePhase
m : Machine (Fin 3) P A D
b : Fin 3
hk : FundedK q m
n0 : (m.locals 0).nextIndex ≤ 2
n1 : (m.locals 1).nextIndex ≤ 1
n2 : (m.locals 2).nextIndex ≤ 1
hb : fundedBalances (m.locals 0).nextIndex (m.locals 1).nextIndex (m.locals 2).nextIndex m.world.state
hq : q = phaseOf (m.locals 0).nextIndex
isLt✝ : 1 < 3
a✝¹ : fundedExternal ⟨1, isLt✝⟩ q m
hn0 : (m.locals 1).nextIndex = 0
hd1 : m.world.state.balance donor1C = 2 - ↑0
a✝ : m.world.state.balance donor1C < 1
⊢ False
failed
error: DefiKernel/Nary/FundedCausal.lean:340:4: linarith failed to find a contradiction
q : ReservePhase
m : Machine (Fin 3) P A D
b : Fin 3
hk : FundedK q m
n0 : (m.locals 0).nextIndex ≤ 2
n1 : (m.locals 1).nextIndex ≤ 1
n2 : (m.locals 2).nextIndex ≤ 1
hb : fundedBalances (m.locals 0).nextIndex (m.locals 1).nextIndex (m.locals 2).nextIndex m.world.state
hq : q = phaseOf (m.locals 0).nextIndex
isLt✝ : 2 < 3
a✝¹ : fundedExternal ⟨2, isLt✝⟩ q m
hn0 : (m.locals 2).nextIndex = 0
hd2 : m.world.state.balance donor2C = 3 - 2 * ↑0
a✝ : m.world.state.balance donor2C < 2
⊢ False
failed
error: DefiKernel/Nary/FundedCausal.lean:507:4: Tactic `rfl` failed: The left-hand side
  post.state.balance (Domain.home, Party.budget, Asset.usd)
is not definitionally equal to the right-hand side
  6

case invoke.refl.refl
boundary : Boundary P A D
history : List (OutputObservation A)
pre : W
hbud : pre.state.balance budgetC = 6
post : World P A D
executed :
  execute f10Cfg.registry pre.capabilities boundary.ctx boundary.env boundary.now
      { operation := { value := 200 }, parties := [], arguments := [], capabilityIds := ids [0] } pre.state =
    Except.ok post
hp :
  prepareInvocation f10Cfg boundary 0 history inv200 =
    Except.ok
      ({ operation := { value := 200 }, inputs := [], outputs := [{ id := { value := 7 }, cell := budgetC }] },
        { operation := { value := 200 }, parties := [], arguments := [], capabilityIds := ids [0] })
he :
  extractReceipt f10Cfg boundary
      { operation := { value := 200 }, parties := [], arguments := [], capabilityIds := ids [0] } pre =
    Except.ok (evaluated true [] [] [])
applied :
  applyEvaluated pre.capabilities boundary.ctx
      { operation := { value := 200 }, parties := [], arguments := [], capabilityIds := ids [0] } pre.state
      (evaluated true [] [] []) =
    Except.ok post
h :
  executeStep f10Cfg boundary 0 history (Step.invoke inv200) pre =
    Except.ok
      { world := post,
        receipt :=
          Receipt.invoked { operation := { value := 200 }, parties := [], arguments := [], capabilityIds := ids [0] }
            (evaluated true [] [] []),
        outputs :=
          snapshots 0 inv200.component
            { operation := { value := 200 }, inputs := [], outputs := [{ id := { value := 7 }, cell := budgetC }] }
            post.state }
hpost :
  Evaluated.Valid pre.capabilities boundary.ctx
      { operation := { value := 200 }, parties := [], arguments := [], capabilityIds := ids [0] } pre.state
      (evaluated true [] [] []) ∧
    post.capabilities = pre.capabilities ∧
      ∀ (c : Cell P A D), post.state.balance c = pre.state.balance c + (evaluated true [] [] []).effect c
hbal : post.state.balance budgetC = 6
⊢ post.state.balance (Domain.home, Party.budget, Asset.usd) = 6
warning: DefiKernel/Nary/FundedCausal.lean:506:37: This simp argument is unused:
  hbal

Hint: Omit it from the simp argument list.
  [apply] simp [snapshots, inv200, invoke, budgetOut, name, budgetC]

Note: This linter can be disabled with `set_option linter.unusedSimpArgs false`
error: DefiKernel/Nary/FundedCausal.lean:565:6: omega could not prove the goal:
a possible counterexample may satisfy the constraints
  d ≥ 2
  c ≥ 0
  a ≥ 0
  a - c ≤ -1
where
 a := ↑(m.locals ⟨0, isLt✝⟩).consumed
 c := ↑(List.length (f10Branches ⟨0, isLt✝⟩))
 d := ↑(m.locals 0).consumed
error: DefiKernel/Nary/FundedCausal.lean:567:8: Tactic `rewrite` failed: Did not find an occurrence of the pattern
  (m.locals ⟨0, isLt✝⟩).nextIndex
in the target expression
  (m.locals 0).nextIndex = 0 ∧ inv = inv200 ∨ (m.locals 0).nextIndex = 1 ∧ inv = inv201

m : M3
b : Fin 3
inv : Invocation P A D
isLt✝ : 0 < 3
hord : (m.locals ⟨0, isLt✝⟩).nextIndex = min (m.locals ⟨0, isLt✝⟩).consumed (List.length (f10Branches ⟨0, isLt✝⟩))
hs : (f10Branches ⟨0, isLt✝⟩)[(m.locals ⟨0, isLt✝⟩).consumed]? = some inv
hidx : (m.locals ⟨0, isLt✝⟩).nextIndex = (m.locals ⟨0, isLt✝⟩).consumed
hlt : (m.locals ⟨0, isLt✝⟩).consumed < List.length (f10Branches ⟨0, isLt✝⟩)
hlen : List.length (f10Branches 0) = 2
hc : (m.locals 0).consumed = 0 ∨ (m.locals 0).consumed = 1
⊢ (m.locals 0).nextIndex = 0 ∧ inv = inv200 ∨ (m.locals 0).nextIndex = 1 ∧ inv = inv201
error: DefiKernel/Nary/FundedCausal.lean:579:46: omega could not prove the goal:
a possible counterexample may satisfy the constraints
  d ≥ 1
  c ≥ 0
  a ≥ 0
  a - c ≤ -1
where
 a := ↑(m.locals ⟨1, isLt✝⟩).consumed
 c := ↑(List.length (f10Branches ⟨1, isLt✝⟩))
 d := ↑(m.locals 1).consumed
error: DefiKernel/Nary/FundedCausal.lean:581:8: Tactic `rewrite` failed: Did not find an occurrence of the pattern
  (m.locals ⟨1, isLt✝⟩).nextIndex
in the target expression
  (m.locals 1).nextIndex = 0 ∧ inv = inv202

m : M3
b : Fin 3
inv : Invocation P A D
isLt✝ : 1 < 3
hord : (m.locals ⟨1, isLt✝⟩).nextIndex = min (m.locals ⟨1, isLt✝⟩).consumed (List.length (f10Branches ⟨1, isLt✝⟩))
hs : (f10Branches ⟨1, isLt✝⟩)[(m.locals ⟨1, isLt✝⟩).consumed]? = some inv
hidx : (m.locals ⟨1, isLt✝⟩).nextIndex = (m.locals ⟨1, isLt✝⟩).consumed
hlt : (m.locals ⟨1, isLt✝⟩).consumed < List.length (f10Branches ⟨1, isLt✝⟩)
hlen : List.length (f10Branches 1) = 1
hc : (m.locals 1).consumed = 0
⊢ (m.locals 1).nextIndex = 0 ∧ inv = inv202
error: DefiKernel/Nary/FundedCausal.lean:588:46: omega could not prove the goal:
a possible counterexample may satisfy the constraints
  d ≥ 1
  c ≥ 0
  a ≥ 0
  a - c ≤ -1
where
 a := ↑(m.locals ⟨2, isLt✝⟩).consumed
 c := ↑(List.length (f10Branches ⟨2, isLt✝⟩))
 d := ↑(m.locals 2).consumed
error: DefiKernel/Nary/FundedCausal.lean:590:8: Tactic `rewrite` failed: Did not find an occurrence of the pattern
  (m.locals ⟨2, isLt✝⟩).nextIndex
in the target expression
  (m.locals 2).nextIndex = 0 ∧ inv = inv203

m : M3
b : Fin 3
inv : Invocation P A D
isLt✝ : 2 < 3
hord : (m.locals ⟨2, isLt✝⟩).nextIndex = min (m.locals ⟨2, isLt✝⟩).consumed (List.length (f10Branches ⟨2, isLt✝⟩))
hs : (f10Branches ⟨2, isLt✝⟩)[(m.locals ⟨2, isLt✝⟩).consumed]? = some inv
hidx : (m.locals ⟨2, isLt✝⟩).nextIndex = (m.locals ⟨2, isLt✝⟩).consumed
hlt : (m.locals ⟨2, isLt✝⟩).consumed < List.length (f10Branches ⟨2, isLt✝⟩)
hlen : List.length (f10Branches 2) = 1
hc : (m.locals 2).consumed = 0
⊢ (m.locals 2).nextIndex = 0 ∧ inv = inv203
error: DefiKernel/Nary/FundedCausal.lean:636:87: Application type mismatch: The argument
  hstep
has type
  executeStep f10Cfg (f10Bounds 0 (m.locals 0).nextIndex) (m.locals 0).nextIndex (m.locals 0).outputs
      (Step.invoke inv201) m.world =
    Except.ok result
but is expected to have type
  executeStep f10Cfg (f10Bounds 0 (m.locals 0).nextIndex) 1 [budgetOut 0] (Step.invoke inv201) ?m.463 = Except.ok ?m.464
in the application
  f10_consumer_cell hstep
error: DefiKernel/Nary/FundedCausal.lean:702:8: linarith failed to find a contradiction
case refine_2
q : ReservePhase
m : Machine (Fin 3) P A D
result : StepResult P A D
hn1 : (m.locals 1).nextIndex = 0
hf : (m.locals 1).failure = none
hA : fundedAssumption 1 q m
hidx : (m.locals 1).nextIndex = (m.locals 1).consumed
hs : (f10Branches 1)[(m.locals 1).consumed]? = some inv202
hok :
  executeStep f10Cfg (f10Bounds 1 (m.locals 1).nextIndex) (m.locals 1).nextIndex (m.locals 1).outputs
      (Step.invoke inv202) m.world =
    Except.ok result
hsel :
  (m.locals 1).nextIndex = (m.locals 1).consumed ∧
    (1 = 0 ∧ ((m.locals 0).nextIndex = 0 ∧ inv202 = inv200 ∨ (m.locals 0).nextIndex = 1 ∧ inv202 = inv201) ∨
      1 = 1 ∧ (m.locals 1).nextIndex = 0 ∧ inv202 = inv202 ∨ 1 = 2 ∧ (m.locals 2).nextIndex = 0 ∧ inv202 = inv203)
hfund : 1 ≤ m.world.state.balance donor1C
hcell :
  ∀ (cell : C),
    result.world.state.balance cell =
      m.world.state.balance cell + ((if donor1C = cell then -1 else 0) + if vaultC = cell then 1 else 0)
hv : 4 ≤ m.world.state.balance vaultC
hd1 : 0 ≤ m.world.state.balance donor1C
hd2 : 0 ≤ m.world.state.balance donor2C
hr : 0 ≤ m.world.state.balance recipientC
hb : m.world.state.balance budgetC = 6
hsen : m.world.state.balance sentinelC = 11
hx : result.world.state.balance donor1C = m.world.state.balance donor1C + (-1 + if vaultC = donor1C then 1 else 0)
a✝ : result.world.state.balance donor1C < 0
⊢ False
failed
error: DefiKernel/Nary/FundedCausal.lean:723:6: Type mismatch
  hx
has type
  result.world.state.balance donor1C = m.world.state.balance donor1C + (-1 + if vaultC = donor1C then 1 else 0)
but is expected to have type
  result.world.state.balance donor1C = m.world.state.balance donor1C - 1
error: DefiKernel/Nary/FundedCausal.lean:754:8: linarith failed to find a contradiction
case refine_3
q : ReservePhase
m : Machine (Fin 3) P A D
result : StepResult P A D
hn2 : (m.locals 2).nextIndex = 0
hf : (m.locals 2).failure = none
hA : fundedAssumption 2 q m
hidx : (m.locals 2).nextIndex = (m.locals 2).consumed
hs : (f10Branches 2)[(m.locals 2).consumed]? = some inv203
hok :
  executeStep f10Cfg (f10Bounds 2 (m.locals 2).nextIndex) (m.locals 2).nextIndex (m.locals 2).outputs
      (Step.invoke inv203) m.world =
    Except.ok result
hsel :
  (m.locals 2).nextIndex = (m.locals 2).consumed ∧
    (2 = 0 ∧ ((m.locals 0).nextIndex = 0 ∧ inv203 = inv200 ∨ (m.locals 0).nextIndex = 1 ∧ inv203 = inv201) ∨
      2 = 1 ∧ (m.locals 1).nextIndex = 0 ∧ inv203 = inv202 ∨ 2 = 2 ∧ (m.locals 2).nextIndex = 0 ∧ inv203 = inv203)
hfund : 2 ≤ m.world.state.balance donor2C
hcell :
  ∀ (cell : C),
    result.world.state.balance cell =
      m.world.state.balance cell + ((if donor2C = cell then -2 else 0) + if vaultC = cell then 2 else 0)
hv : 4 ≤ m.world.state.balance vaultC
hd1 : 0 ≤ m.world.state.balance donor1C
hd2 : 0 ≤ m.world.state.balance donor2C
hr : 0 ≤ m.world.state.balance recipientC
hb : m.world.state.balance budgetC = 6
hsen : m.world.state.balance sentinelC = 11
hx : result.world.state.balance donor2C = m.world.state.balance donor2C + (-2 + if vaultC = donor2C then 2 else 0)
a✝ : result.world.state.balance donor2C < 0
⊢ False
failed
error: DefiKernel/Nary/FundedCausal.lean:775:6: Type mismatch
  hx
has type
  result.world.state.balance donor2C = m.world.state.balance donor2C + (-2 + if vaultC = donor2C then 2 else 0)
but is expected to have type
  result.world.state.balance donor2C = m.world.state.balance donor2C - 2
warning: DefiKernel/Nary/FundedCausal.lean:616:12: This simp argument is unused:
  fundedGuarantee

Hint: Omit it from the simp argument list.
  [apply] simp

Note: This linter can be disabled with `set_option linter.unusedSimpArgs false`
warning: DefiKernel/Nary/FundedCausal.lean:704:34: This simp argument is unused:
  vaultC_ne_donor2C.symm

Hint: Omit it from the simp argument list.
  [apply] simp [donor1C_ne_donor2C, vaultC_ne_donor2C] at hx

Note: This linter can be disabled with `set_option linter.unusedSimpArgs false`
warning: DefiKernel/Nary/FundedCausal.lean:707:37: This simp argument is unused:
  vaultC_ne_recipientC.symm

Hint: Omit it from the simp argument list.
  [apply] simp [donor1C_ne_recipientC, vaultC_ne_recipientC] at hx

Note: This linter can be disabled with `set_option linter.unusedSimpArgs false`
warning: DefiKernel/Nary/FundedCausal.lean:710:34: This simp argument is unused:
  vaultC_ne_budgetC.symm

Hint: Omit it from the simp argument list.
  [apply] simp [donor1C_ne_budgetC, vaultC_ne_budgetC] at hx

Note: This linter can be disabled with `set_option linter.unusedSimpArgs false`
warning: DefiKernel/Nary/FundedCausal.lean:713:36: This simp argument is unused:
  vaultC_ne_sentinelC.symm

Hint: Omit it from the simp argument list.
  [apply] simp [donor1C_ne_sentinelC, vaultC_ne_sentinelC] at hx

Note: This linter can be disabled with `set_option linter.unusedSimpArgs false`
warning: DefiKernel/Nary/FundedCausal.lean:716:10: This simp argument is unused:
  fundedGuarantee

Hint: Omit it from the simp argument list.
  [apply] simp

Note: This linter can be disabled with `set_option linter.unusedSimpArgs false`
warning: DefiKernel/Nary/FundedCausal.lean:765:10: This simp argument is unused:
  fundedGuarantee

Hint: Omit it from the simp argument list.
  [apply] simp

Note: This linter can be disabled with `set_option linter.unusedSimpArgs false`
error: DefiKernel/Nary/FundedCausal.lean:823:2: unsolved goals
case refine_6.ready6
m : Machine (Fin 3) P A D
b : Fin 3
inv : Invocation P A D
reason : Failure
hf : (m.locals b).failure = none
hs : (f10Branches b)[(m.locals b).consumed]? = some inv
herr :
  executeStep f10Cfg (f10Bounds b (m.locals b).nextIndex) (m.locals b).nextIndex (m.locals b).outputs (Step.invoke inv)
      m.world =
    Except.error reason
step : AdvanceSound f10Cfg f10Bounds f10Branches m b (m.refuse b inv reason)
hk : FundedK ReservePhase.ready6 m
⊢ ReservePhase.ready6 = phaseOf ((m.refuse b inv reason).locals 0).nextIndex

case refine_6.consumed
m : Machine (Fin 3) P A D
b : Fin 3
inv : Invocation P A D
reason : Failure
hf : (m.locals b).failure = none
hs : (f10Branches b)[(m.locals b).consumed]? = some inv
herr :
  executeStep f10Cfg (f10Bounds b (m.locals b).nextIndex) (m.locals b).nextIndex (m.locals b).outputs (Step.invoke inv)
      m.world =
    Except.error reason
step : AdvanceSound f10Cfg f10Bounds f10Branches m b (m.refuse b inv reason)
hk : FundedK ReservePhase.consumed m
⊢ ReservePhase.consumed = phaseOf ((m.refuse b inv reason).locals 0).nextIndex
error: DefiKernel/Nary/FundedCausal.lean:865:6: Tactic `rfl` failed: The left-hand side
  numericRat (NumericUnit.amount Asset.usd) 0 ≤
      numericRat (NumericUnit.amount Asset.usd) ((Args.cons 6 Args.nil).get Var.here) ∧
    numericRat (NumericUnit.amount Asset.usd) ((Args.cons 6 Args.nil).get Var.here) ≤
      numericRat (NumericUnit.amount Asset.usd) (pre.state.balance (Domain.home, Party.vault, Asset.usd))
is not definitionally equal to the right-hand side
  (((Domain.home, Party.vault, Asset.usd) = vaultC ∧
        (UnaryOp.neg (NumericUnit.amount Asset.usd)).eval ((Args.cons 6 Args.nil).get Var.here) = -6) ∧
      (Domain.home, Party.recipient, Asset.usd) = recipientC ∧ (Args.cons 6 Args.nil).get Var.here = 6) ∧
    (Domain.home, Party.vault, Asset.usd) = vaultC ∧
      { signature := [Unit.amount Asset.usd], domain := Domain.home, partyArity := 0,
              guard :=
                andBool (nonnegative (Expr.arg Var.here))
                  (Expr.binary (BinaryOp.le (NumericUnit.amount Asset.usd)) (Expr.arg Var.here)
                    (Expr.balance { domain := Domain.home, owner := PartyRef.literal Party.vault })),
              deltas :=
                [{ asset := Asset.usd, target := { domain := Domain.home, owner := PartyRef.literal Party.vault },
                    amount := Expr.unary (UnaryOp.neg (NumericUnit.amount Asset.usd)) (Expr.arg Var.here) },
                  { asset := Asset.usd, target := { domain := Domain.home, owner := PartyRef.literal Party.recipient },
                    amount := Expr.arg Var.here }],
              supplyDeltas := [],
              stateReads := [⟨Asset.usd, { domain := Domain.home, owner := PartyRef.literal Party.vault }⟩],
              envReads := [],
              writes :=
                [⟨Asset.usd, { domain := Domain.home, owner := PartyRef.literal Party.vault }⟩,
                  ⟨Asset.usd,
                    { domain := Domain.home, owner := PartyRef.literal Party.recipient }⟩] }.requiredEnvReads =
          [] ∧
        (Domain.home, Party.vault, Asset.usd) = vaultC ∧ (Domain.home, Party.recipient, Asset.usd) = recipientC

case invoke.refl.ok.refl
boundary : Boundary P A D
pre : W
post : World P A D
hp :
  prepareInvocation f10Cfg boundary 1 [budgetOut 0] inv201 =
    Except.ok
      ({ operation := { value := 201 }, inputs := [{ id := { value := 8 }, unit := Unit.amount Asset.usd }],
          outputs := [] },
        { operation := { value := 201 }, parties := [], arguments := [⟨Unit.amount Asset.usd, 6⟩],
          capabilityIds := ids [1, 2] })
executed :
  execute f10Cfg.registry pre.capabilities boundary.ctx boundary.env boundary.now
      { operation := { value := 201 }, parties := [], arguments := [⟨Unit.amount Asset.usd, 6⟩],
        capabilityIds := ids [1, 2] }
      pre.state =
    Except.ok post
ht : f10Cfg.registry { value := 201 } = some (consumerTransfer Party.recipient)
hargs :
  Args.check (consumerTransfer Party.recipient).signature [⟨Unit.amount Asset.usd, 6⟩] =
    Except.ok (Args.cons 6 Args.nil)
e' : Evaluated P A D
hev :
  (consumerTransfer Party.recipient).evaluate
      { state := pre.state, env := boundary.env, caller := boundary.ctx.principal, parties := [],
        args := Args.cons 6 Args.nil, now := boundary.now } =
    Except.ok e'
applied :
  applyEvaluated pre.capabilities boundary.ctx
      { operation := { value := 201 }, parties := [], arguments := [⟨Unit.amount Asset.usd, 6⟩],
        capabilityIds := ids [1, 2] }
      pre.state
      {
        guard :=
          decide
              (numericRat (NumericUnit.amount Asset.usd) 0 ≤
                numericRat (NumericUnit.amount Asset.usd)
                  ({ state := pre.state, env := boundary.env, caller := boundary.ctx.principal, parties := [],
                          args := Args.cons 6 Args.nil, now := boundary.now }.args.get
                    Var.here)) &&
            decide
              (numericRat (NumericUnit.amount Asset.usd)
                  ({ state := pre.state, env := boundary.env, caller := boundary.ctx.principal, parties := [],
                          args := Args.cons 6 Args.nil, now := boundary.now }.args.get
                    Var.here) ≤
                numericRat (NumericUnit.amount Asset.usd)
                  ({ state := pre.state, env := boundary.env, caller := boundary.ctx.principal, parties := [],
                          args := Args.cons 6 Args.nil, now := boundary.now }.state.balance
                    (⟨Asset.usd, { domain := Domain.home, owner := PartyRef.literal Party.vault }⟩.snd.domain,
                      Party.vault, ⟨Asset.usd, { domain := Domain.home, owner := PartyRef.literal Party.vault }⟩.fst))),
        deltas :=
          [(({ domain := Domain.home, owner := PartyRef.literal Party.vault }.domain, Party.vault, Asset.usd),
              (UnaryOp.neg (NumericUnit.amount Asset.usd)).eval
                ({ state := pre.state, env := boundary.env, caller := boundary.ctx.principal, parties := [],
                        args := Args.cons 6 Args.nil, now := boundary.now }.args.get
                  Var.here)),
            (({ domain := Domain.home, owner := PartyRef.literal Party.recipient }.domain, Party.recipient, Asset.usd),
              { state := pre.state, env := boundary.env, caller := boundary.ctx.principal, parties := [],
                      args := Args.cons 6 Args.nil, now := boundary.now }.args.get
                Var.here)],
        supplies := [],
        requiredStateReads :=
          [(⟨Asset.usd, { domain := Domain.home, owner := PartyRef.literal Party.vault }⟩.snd.domain, Party.vault,
                ⟨Asset.usd, { domain := Domain.home, owner := PartyRef.literal Party.vault }⟩.fst)].reverse,
        requiredEnvReads :=
          { signature := [Unit.amount Asset.usd], domain := Domain.home, partyArity := 0,
              guard :=
                andBool (nonnegative (Expr.arg Var.here))
                  (Expr.binary (BinaryOp.le (NumericUnit.amount Asset.usd)) (Expr.arg Var.here)
                    (Expr.balance { domain := Domain.home, owner := PartyRef.literal Party.vault })),
              deltas :=
                [{ asset := Asset.usd, target := { domain := Domain.home, owner := PartyRef.literal Party.vault },
                    amount := Expr.unary (UnaryOp.neg (NumericUnit.amount Asset.usd)) (Expr.arg Var.here) },
                  { asset := Asset.usd, target := { domain := Domain.home, owner := PartyRef.literal Party.recipient },
                    amount := Expr.arg Var.here }],
              supplyDeltas := [],
              stateReads := [⟨Asset.usd, { domain := Domain.home, owner := PartyRef.literal Party.vault }⟩],
              envReads := [],
              writes :=
                [⟨Asset.usd, { domain := Domain.home, owner := PartyRef.literal Party.vault }⟩,
                  ⟨Asset.usd, { domain := Domain.home, owner := PartyRef.literal Party.recipient }⟩] }.requiredEnvReads,
        declaredStateReads :=
          [({ domain := Domain.home, owner := PartyRef.literal Party.vault }.domain, Party.vault, Asset.usd)],
        declaredEnvReads := [],
        writes :=
          [({ domain := Domain.home, owner := PartyRef.literal Party.vault }.domain, Party.vault, Asset.usd),
            ({ domain := Domain.home, owner := PartyRef.literal Party.recipient }.domain, Party.recipient,
              Asset.usd)] } =
    Except.ok post
h :
  executeStep f10Cfg boundary 1 [budgetOut 0] (Step.invoke inv201) pre =
    Except.ok
      { world := post,
        receipt :=
          Receipt.invoked
            { operation := { value := 201 }, parties := [], arguments := [⟨Unit.amount Asset.usd, 6⟩],
              capabilityIds := ids [1, 2] }
            {
              guard :=
                decide
                    (numericRat (NumericUnit.amount Asset.usd) 0 ≤
                      numericRat (NumericUnit.amount Asset.usd)
                        ({ state := pre.state, env := boundary.env, caller := boundary.ctx.principal, parties := [],
                                args := Args.cons 6 Args.nil, now := boundary.now }.args.get
                          Var.here)) &&
                  decide
                    (numericRat (NumericUnit.amount Asset.usd)
                        ({ state := pre.state, env := boundary.env, caller := boundary.ctx.principal, parties := [],
                                args := Args.cons 6 Args.nil, now := boundary.now }.args.get
                          Var.here) ≤
                      numericRat (NumericUnit.amount Asset.usd)
                        ({ state := pre.state, env := boundary.env, caller := boundary.ctx.principal, parties := [],
                                args := Args.cons 6 Args.nil, now := boundary.now }.state.balance
                          (⟨Asset.usd, { domain := Domain.home, owner := PartyRef.literal Party.vault }⟩.snd.domain,
                            Party.vault,
                            ⟨Asset.usd, { domain := Domain.home, owner := PartyRef.literal Party.vault }⟩.fst))),
              deltas :=
                [(({ domain := Domain.home, owner := PartyRef.literal Party.vault }.domain, Party.vault, Asset.usd),
                    (UnaryOp.neg (NumericUnit.amount Asset.usd)).eval
                      ({ state := pre.state, env := boundary.env, caller := boundary.ctx.principal, parties := [],
                              args := Args.cons 6 Args.nil, now := boundary.now }.args.get
                        Var.here)),
                  (({ domain := Domain.home, owner := PartyRef.literal Party.recipient }.domain, Party.recipient,
                      Asset.usd),
                    { state := pre.state, env := boundary.env, caller := boundary.ctx.principal, parties := [],
                            args := Args.cons 6 Args.nil, now := boundary.now }.args.get
                      Var.here)],
              supplies := [],
              requiredStateReads :=
                [(⟨Asset.usd, { domain := Domain.home, owner := PartyRef.literal Party.vault }⟩.snd.domain, Party.vault,
                      ⟨Asset.usd, { domain := Domain.home, owner := PartyRef.literal Party.vault }⟩.fst)].reverse,
              requiredEnvReads :=
                { signature := [Unit.amount Asset.usd], domain := Domain.home, partyArity := 0,
                    guard :=
                      andBool (nonnegative (Expr.arg Var.here))
                        (Expr.binary (BinaryOp.le (NumericUnit.amount Asset.usd)) (Expr.arg Var.here)
                          (Expr.balance { domain := Domain.home, owner := PartyRef.literal Party.vault })),
                    deltas :=
                      [{ asset := Asset.usd, target := { domain := Domain.home, owner := PartyRef.literal Party.vault },
                          amount := Expr.unary (UnaryOp.neg (NumericUnit.amount Asset.usd)) (Expr.arg Var.here) },
                        { asset := Asset.usd,
                          target := { domain := Domain.home, owner := PartyRef.literal Party.recipient },
                          amount := Expr.arg Var.here }],
                    supplyDeltas := [],
                    stateReads := [⟨Asset.usd, { domain := Domain.home, owner := PartyRef.literal Party.vault }⟩],
                    envReads := [],
                    writes :=
                      [⟨Asset.usd, { domain := Domain.home, owner := PartyRef.literal Party.vault }⟩,
                        ⟨Asset.usd,
                          { domain := Domain.home, owner := PartyRef.literal Party.recipient }⟩] }.requiredEnvReads,
              declaredStateReads :=
                [({ domain := Domain.home, owner := PartyRef.literal Party.vault }.domain, Party.vault, Asset.usd)],
              declaredEnvReads := [],
              writes :=
                [({ domain := Domain.home, owner := PartyRef.literal Party.vault }.domain, Party.vault, Asset.usd),
                  ({ domain := Domain.home, owner := PartyRef.literal Party.recipient }.domain, Party.recipient,
                    Asset.usd)] },
        outputs :=
          snapshots 1 inv201.component
            { operation := { value := 201 }, inputs := [{ id := { value := 8 }, unit := Unit.amount Asset.usd }],
              outputs := [] }
            post.state }
extracted :
  (match
      (consumerTransfer Party.recipient).evaluate
        { state := pre.state, env := boundary.env, caller := boundary.ctx.principal, parties := [],
          args := Args.cons 6 Args.nil, now := boundary.now } with
    | Except.error err => Except.error Failure.internalReceipt
    | Except.ok v => Except.ok v) =
    Except.ok
      {
        guard :=
          decide
              (numericRat (NumericUnit.amount Asset.usd) 0 ≤
                numericRat (NumericUnit.amount Asset.usd)
                  ({ state := pre.state, env := boundary.env, caller := boundary.ctx.principal, parties := [],
                          args := Args.cons 6 Args.nil, now := boundary.now }.args.get
                    Var.here)) &&
            decide
              (numericRat (NumericUnit.amount Asset.usd)
                  ({ state := pre.state, env := boundary.env, caller := boundary.ctx.principal, parties := [],
                          args := Args.cons 6 Args.nil, now := boundary.now }.args.get
                    Var.here) ≤
                numericRat (NumericUnit.amount Asset.usd)
                  ({ state := pre.state, env := boundary.env, caller := boundary.ctx.principal, parties := [],
                          args := Args.cons 6 Args.nil, now := boundary.now }.state.balance
                    (⟨Asset.usd, { domain := Domain.home, owner := PartyRef.literal Party.vault }⟩.snd.domain,
                      Party.vault, ⟨Asset.usd, { domain := Domain.home, owner := PartyRef.literal Party.vault }⟩.fst))),
        deltas :=
          [(({ domain := Domain.home, owner := PartyRef.literal Party.vault }.domain, Party.vault, Asset.usd),
              (UnaryOp.neg (NumericUnit.amount Asset.usd)).eval
                ({ state := pre.state, env := boundary.env, caller := boundary.ctx.principal, parties := [],
                        args := Args.cons 6 Args.nil, now := boundary.now }.args.get
                  Var.here)),
            (({ domain := Domain.home, owner := PartyRef.literal Party.recipient }.domain, Party.recipient, Asset.usd),
              { state := pre.state, env := boundary.env, caller := boundary.ctx.principal, parties := [],
                      args := Args.cons 6 Args.nil, now := boundary.now }.args.get
                Var.here)],
        supplies := [],
        requiredStateReads :=
          [(⟨Asset.usd, { domain := Domain.home, owner := PartyRef.literal Party.vault }⟩.snd.domain, Party.vault,
                ⟨Asset.usd, { domain := Domain.home, owner := PartyRef.literal Party.vault }⟩.fst)].reverse,
        requiredEnvReads :=
          { signature := [Unit.amount Asset.usd], domain := Domain.home, partyArity := 0,
              guard :=
                andBool (nonnegative (Expr.arg Var.here))
                  (Expr.binary (BinaryOp.le (NumericUnit.amount Asset.usd)) (Expr.arg Var.here)
                    (Expr.balance { domain := Domain.home, owner := PartyRef.literal Party.vault })),
              deltas :=
                [{ asset := Asset.usd, target := { domain := Domain.home, owner := PartyRef.literal Party.vault },
                    amount := Expr.unary (UnaryOp.neg (NumericUnit.amount Asset.usd)) (Expr.arg Var.here) },
                  { asset := Asset.usd, target := { domain := Domain.home, owner := PartyRef.literal Party.recipient },
                    amount := Expr.arg Var.here }],
              supplyDeltas := [],
              stateReads := [⟨Asset.usd, { domain := Domain.home, owner := PartyRef.literal Party.vault }⟩],
              envReads := [],
              writes :=
                [⟨Asset.usd, { domain := Domain.home, owner := PartyRef.literal Party.vault }⟩,
                  ⟨Asset.usd, { domain := Domain.home, owner := PartyRef.literal Party.recipient }⟩] }.requiredEnvReads,
        declaredStateReads :=
          [({ domain := Domain.home, owner := PartyRef.literal Party.vault }.domain, Party.vault, Asset.usd)],
        declaredEnvReads := [],
        writes :=
          [({ domain := Domain.home, owner := PartyRef.literal Party.vault }.domain, Party.vault, Asset.usd),
            ({ domain := Domain.home, owner := PartyRef.literal Party.recipient }.domain, Party.recipient, Asset.usd)] }
heq :
  e' =
    {
      guard :=
        decide
            (numericRat (NumericUnit.amount Asset.usd) 0 ≤
              numericRat (NumericUnit.amount Asset.usd)
                ({ state := pre.state, env := boundary.env, caller := boundary.ctx.principal, parties := [],
                        args := Args.cons 6 Args.nil, now := boundary.now }.args.get
                  Var.here)) &&
          decide
            (numericRat (NumericUnit.amount Asset.usd)
                ({ state := pre.state, env := boundary.env, caller := boundary.ctx.principal, parties := [],
                        args := Args.cons 6 Args.nil, now := boundary.now }.args.get
                  Var.here) ≤
              numericRat (NumericUnit.amount Asset.usd)
                ({ state := pre.state, env := boundary.env, caller := boundary.ctx.principal, parties := [],
                        args := Args.cons 6 Args.nil, now := boundary.now }.state.balance
                  (⟨Asset.usd, { domain := Domain.home, owner := PartyRef.literal Party.vault }⟩.snd.domain,
                    Party.vault, ⟨Asset.usd, { domain := Domain.home, owner := PartyRef.literal Party.vault }⟩.fst))),
      deltas :=
        [(({ domain := Domain.home, owner := PartyRef.literal Party.vault }.domain, Party.vault, Asset.usd),
            (UnaryOp.neg (NumericUnit.amount Asset.usd)).eval
              ({ state := pre.state, env := boundary.env, caller := boundary.ctx.principal, parties := [],
                      args := Args.cons 6 Args.nil, now := boundary.now }.args.get
                Var.here)),
          (({ domain := Domain.home, owner := PartyRef.literal Party.recipient }.domain, Party.recipient, Asset.usd),
            { state := pre.state, env := boundary.env, caller := boundary.ctx.principal, parties := [],
                    args := Args.cons 6 Args.nil, now := boundary.now }.args.get
              Var.here)],
      supplies := [],
      requiredStateReads :=
        [(⟨Asset.usd, { domain := Domain.home, owner := PartyRef.literal Party.vault }⟩.snd.domain, Party.vault,
              ⟨Asset.usd, { domain := Domain.home, owner := PartyRef.literal Party.vault }⟩.fst)].reverse,
      requiredEnvReads :=
        { signature := [Unit.amount Asset.usd], domain := Domain.home, partyArity := 0,
            guard :=
              andBool (nonnegative (Expr.arg Var.here))
                (Expr.binary (BinaryOp.le (NumericUnit.amount Asset.usd)) (Expr.arg Var.here)
                  (Expr.balance { domain := Domain.home, owner := PartyRef.literal Party.vault })),
            deltas :=
              [{ asset := Asset.usd, target := { domain := Domain.home, owner := PartyRef.literal Party.vault },
                  amount := Expr.unary (UnaryOp.neg (NumericUnit.amount Asset.usd)) (Expr.arg Var.here) },
                { asset := Asset.usd, target := { domain := Domain.home, owner := PartyRef.literal Party.recipient },
                  amount := Expr.arg Var.here }],
            supplyDeltas := [],
            stateReads := [⟨Asset.usd, { domain := Domain.home, owner := PartyRef.literal Party.vault }⟩],
            envReads := [],
            writes :=
              [⟨Asset.usd, { domain := Domain.home, owner := PartyRef.literal Party.vault }⟩,
                ⟨Asset.usd, { domain := Domain.home, owner := PartyRef.literal Party.recipient }⟩] }.requiredEnvReads,
      declaredStateReads :=
        [({ domain := Domain.home, owner := PartyRef.literal Party.vault }.domain, Party.vault, Asset.usd)],
      declaredEnvReads := [],
      writes :=
        [({ domain := Domain.home, owner := PartyRef.literal Party.vault }.domain, Party.vault, Asset.usd),
          ({ domain := Domain.home, owner := PartyRef.literal Party.recipient }.domain, Party.recipient, Asset.usd)] }
hvalid :
  Evaluated.Valid pre.capabilities boundary.ctx
      { operation := { value := 201 }, parties := [], arguments := [⟨Unit.amount Asset.usd, 6⟩],
        capabilityIds := ids [1, 2] }
      pre.state
      {
        guard :=
          decide
              (numericRat (NumericUnit.amount Asset.usd) 0 ≤
                numericRat (NumericUnit.amount Asset.usd)
                  ({ state := pre.state, env := boundary.env, caller := boundary.ctx.principal, parties := [],
                          args := Args.cons 6 Args.nil, now := boundary.now }.args.get
                    Var.here)) &&
            decide
              (numericRat (NumericUnit.amount Asset.usd)
                  ({ state := pre.state, env := boundary.env, caller := boundary.ctx.principal, parties := [],
                          args := Args.cons 6 Args.nil, now := boundary.now }.args.get
                    Var.here) ≤
                numericRat (NumericUnit.amount Asset.usd)
                  ({ state := pre.state, env := boundary.env, caller := boundary.ctx.principal, parties := [],
                          args := Args.cons 6 Args.nil, now := boundary.now }.state.balance
                    (⟨Asset.usd, { domain := Domain.home, owner := PartyRef.literal Party.vault }⟩.snd.domain,
                      Party.vault, ⟨Asset.usd, { domain := Domain.home, owner := PartyRef.literal Party.vault }⟩.fst))),
        deltas :=
          [(({ domain := Domain.home, owner := PartyRef.literal Party.vault }.domain, Party.vault, Asset.usd),
              (UnaryOp.neg (NumericUnit.amount Asset.usd)).eval
                ({ state := pre.state, env := boundary.env, caller := boundary.ctx.principal, parties := [],
                        args := Args.cons 6 Args.nil, now := boundary.now }.args.get
                  Var.here)),
            (({ domain := Domain.home, owner := PartyRef.literal Party.recipient }.domain, Party.recipient, Asset.usd),
              { state := pre.state, env := boundary.env, caller := boundary.ctx.principal, parties := [],
                      args := Args.cons 6 Args.nil, now := boundary.now }.args.get
                Var.here)],
        supplies := [],
        requiredStateReads :=
          [(⟨Asset.usd, { domain := Domain.home, owner := PartyRef.literal Party.vault }⟩.snd.domain, Party.vault,
                ⟨Asset.usd, { domain := Domain.home, owner := PartyRef.literal Party.vault }⟩.fst)].reverse,
        requiredEnvReads :=
          { signature := [Unit.amount Asset.usd], domain := Domain.home, partyArity := 0,
              guard :=
                andBool (nonnegative (Expr.arg Var.here))
                  (Expr.binary (BinaryOp.le (NumericUnit.amount Asset.usd)) (Expr.arg Var.here)
                    (Expr.balance { domain := Domain.home, owner := PartyRef.literal Party.vault })),
              deltas :=
                [{ asset := Asset.usd, target := { domain := Domain.home, owner := PartyRef.literal Party.vault },
                    amount := Expr.unary (UnaryOp.neg (NumericUnit.amount Asset.usd)) (Expr.arg Var.here) },
                  { asset := Asset.usd, target := { domain := Domain.home, owner := PartyRef.literal Party.recipient },
                    amount := Expr.arg Var.here }],
              supplyDeltas := [],
              stateReads := [⟨Asset.usd, { domain := Domain.home, owner := PartyRef.literal Party.vault }⟩],
              envReads := [],
              writes :=
                [⟨Asset.usd, { domain := Domain.home, owner := PartyRef.literal Party.vault }⟩,
                  ⟨Asset.usd, { domain := Domain.home, owner := PartyRef.literal Party.recipient }⟩] }.requiredEnvReads,
        declaredStateReads :=
          [({ domain := Domain.home, owner := PartyRef.literal Party.vault }.domain, Party.vault, Asset.usd)],
        declaredEnvReads := [],
        writes :=
          [({ domain := Domain.home, owner := PartyRef.literal Party.vault }.domain, Party.vault, Asset.usd),
            ({ domain := Domain.home, owner := PartyRef.literal Party.recipient }.domain, Party.recipient,
              Asset.usd)] } ∧
    post.capabilities = pre.capabilities ∧
      ∀ (c : Cell P A D),
        post.state.balance c =
          pre.state.balance c +
            {
                  guard :=
                    decide
                        (numericRat (NumericUnit.amount Asset.usd) 0 ≤
                          numericRat (NumericUnit.amount Asset.usd)
                            ({ state := pre.state, env := boundary.env, caller := boundary.ctx.principal, parties := [],
                                    args := Args.cons 6 Args.nil, now := boundary.now }.args.get
                              Var.here)) &&
                      decide
                        (numericRat (NumericUnit.amount Asset.usd)
                            ({ state := pre.state, env := boundary.env, caller := boundary.ctx.principal, parties := [],
                                    args := Args.cons 6 Args.nil, now := boundary.now }.args.get
                              Var.here) ≤
                          numericRat (NumericUnit.amount Asset.usd)
                            ({ state := pre.state, env := boundary.env, caller := boundary.ctx.principal, parties := [],
                                    args := Args.cons 6 Args.nil, now := boundary.now }.state.balance
                              (⟨Asset.usd, { domain := Domain.home, owner := PartyRef.literal Party.vault }⟩.snd.domain,
                                Party.vault,
                                ⟨Asset.usd, { domain := Domain.home, owner := PartyRef.literal Party.vault }⟩.fst))),
                  deltas :=
                    [(({ domain := Domain.home, owner := PartyRef.literal Party.vault }.domain, Party.vault, Asset.usd),
                        (UnaryOp.neg (NumericUnit.amount Asset.usd)).eval
                          ({ state := pre.state, env := boundary.env, caller := boundary.ctx.principal, parties := [],
                                  args := Args.cons 6 Args.nil, now := boundary.now }.args.get
                            Var.here)),
                      (({ domain := Domain.home, owner := PartyRef.literal Party.recipient }.domain, Party.recipient,
                          Asset.usd),
                        { state := pre.state, env := boundary.env, caller := boundary.ctx.principal, parties := [],
                                args := Args.cons 6 Args.nil, now := boundary.now }.args.get
                          Var.here)],
                  supplies := [],
                  requiredStateReads :=
                    [(⟨Asset.usd, { domain := Domain.home, owner := PartyRef.literal Party.vault }⟩.snd.domain,
                          Party.vault,
                          ⟨Asset.usd, { domain := Domain.home, owner := PartyRef.literal Party.vault }⟩.fst)].reverse,
                  requiredEnvReads :=
                    { signature := [Unit.amount Asset.usd], domain := Domain.home, partyArity := 0,
                        guard :=
                          andBool (nonnegative (Expr.arg Var.here))
                            (Expr.binary (BinaryOp.le (NumericUnit.amount Asset.usd)) (Expr.arg Var.here)
                              (Expr.balance { domain := Domain.home, owner := PartyRef.literal Party.vault })),
                        deltas :=
                          [{ asset := Asset.usd,
                              target := { domain := Domain.home, owner := PartyRef.literal Party.vault },
                              amount := Expr.unary (UnaryOp.neg (NumericUnit.amount Asset.usd)) (Expr.arg Var.here) },
                            { asset := Asset.usd,
                              target := { domain := Domain.home, owner := PartyRef.literal Party.recipient },
                              amount := Expr.arg Var.here }],
                        supplyDeltas := [],
                        stateReads := [⟨Asset.usd, { domain := Domain.home, owner := PartyRef.literal Party.vault }⟩],
                        envReads := [],
                        writes :=
                          [⟨Asset.usd, { domain := Domain.home, owner := PartyRef.literal Party.vault }⟩,
                            ⟨Asset.usd,
                              { domain := Domain.home, owner := PartyRef.literal Party.recipient }⟩] }.requiredEnvReads,
                  declaredStateReads :=
                    [({ domain := Domain.home, owner := PartyRef.literal Party.vault }.domain, Party.vault, Asset.usd)],
                  declaredEnvReads := [],
                  writes :=
                    [({ domain := Domain.home, owner := PartyRef.literal Party.vault }.domain, Party.vault, Asset.usd),
                      ({ domain := Domain.home, owner := PartyRef.literal Party.recipient }.domain, Party.recipient,
                        Asset.usd)] }.effect
              c
hguard :
  {
        guard :=
          decide
              (numericRat (NumericUnit.amount Asset.usd) 0 ≤
                numericRat (NumericUnit.amount Asset.usd)
                  ({ state := pre.state, env := boundary.env, caller := boundary.ctx.principal, parties := [],
                          args := Args.cons 6 Args.nil, now := boundary.now }.args.get
                    Var.here)) &&
            decide
              (numericRat (NumericUnit.amount Asset.usd)
                  ({ state := pre.state, env := boundary.env, caller := boundary.ctx.principal, parties := [],
                          args := Args.cons 6 Args.nil, now := boundary.now }.args.get
                    Var.here) ≤
                numericRat (NumericUnit.amount Asset.usd)
                  ({ state := pre.state, env := boundary.env, caller := boundary.ctx.principal, parties := [],
                          args := Args.cons 6 Args.nil, now := boundary.now }.state.balance
                    (⟨Asset.usd, { domain := Domain.home, owner := PartyRef.literal Party.vault }⟩.snd.domain,
                      Party.vault, ⟨Asset.usd, { domain := Domain.home, owner := PartyRef.literal Party.vault }⟩.fst))),
        deltas :=
          [(({ domain := Domain.home, owner := PartyRef.literal Party.vault }.domain, Party.vault, Asset.usd),
              (UnaryOp.neg (NumericUnit.amount Asset.usd)).eval
                ({ state := pre.state, env := boundary.env, caller := boundary.ctx.principal, parties := [],
                        args := Args.cons 6 Args.nil, now := boundary.now }.args.get
                  Var.here)),
            (({ domain := Domain.home, owner := PartyRef.literal Party.recipient }.domain, Party.recipient, Asset.usd),
              { state := pre.state, env := boundary.env, caller := boundary.ctx.principal, parties := [],
                      args := Args.cons 6 Args.nil, now := boundary.now }.args.get
                Var.here)],
        supplies := [],
        requiredStateReads :=
          [(⟨Asset.usd, { domain := Domain.home, owner := PartyRef.literal Party.vault }⟩.snd.domain, Party.vault,
                ⟨Asset.usd, { domain := Domain.home, owner := PartyRef.literal Party.vault }⟩.fst)].reverse,
        requiredEnvReads :=
          { signature := [Unit.amount Asset.usd], domain := Domain.home, partyArity := 0,
              guard :=
                andBool (nonnegative (Expr.arg Var.here))
                  (Expr.binary (BinaryOp.le (NumericUnit.amount Asset.usd)) (Expr.arg Var.here)
                    (Expr.balance { domain := Domain.home, owner := PartyRef.literal Party.vault })),
              deltas :=
                [{ asset := Asset.usd, target := { domain := Domain.home, owner := PartyRef.literal Party.vault },
                    amount := Expr.unary (UnaryOp.neg (NumericUnit.amount Asset.usd)) (Expr.arg Var.here) },
                  { asset := Asset.usd, target := { domain := Domain.home, owner := PartyRef.literal Party.recipient },
                    amount := Expr.arg Var.here }],
              supplyDeltas := [],
              stateReads := [⟨Asset.usd, { domain := Domain.home, owner := PartyRef.literal Party.vault }⟩],
              envReads := [],
              writes :=
                [⟨Asset.usd, { domain := Domain.home, owner := PartyRef.literal Party.vault }⟩,
                  ⟨Asset.usd, { domain := Domain.home, owner := PartyRef.literal Party.recipient }⟩] }.requiredEnvReads,
        declaredStateReads :=
          [({ domain := Domain.home, owner := PartyRef.literal Party.vault }.domain, Party.vault, Asset.usd)],
        declaredEnvReads := [],
        writes :=
          [({ domain := Domain.home, owner := PartyRef.literal Party.vault }.domain, Party.vault, Asset.usd),
            ({ domain := Domain.home, owner := PartyRef.literal Party.recipient }.domain, Party.recipient,
              Asset.usd)] }.guard =
    true
⊢ (numericRat (NumericUnit.amount Asset.usd) 0 ≤
        numericRat (NumericUnit.amount Asset.usd) ((Args.cons 6 Args.nil).get Var.here) ∧
      numericRat (NumericUnit.amount Asset.usd) ((Args.cons 6 Args.nil).get Var.here) ≤
        numericRat (NumericUnit.amount Asset.usd) (pre.state.balance (Domain.home, Party.vault, Asset.usd))) ∧
    (((Domain.home, Party.vault, Asset.usd) = vaultC ∧
          (UnaryOp.neg (NumericUnit.amount Asset.usd)).eval ((Args.cons 6 Args.nil).get Var.here) = -6) ∧
        (Domain.home, Party.recipient, Asset.usd) = recipientC ∧ (Args.cons 6 Args.nil).get Var.here = 6) ∧
      (Domain.home, Party.vault, Asset.usd) = vaultC ∧
        { signature := [Unit.amount Asset.usd], domain := Domain.home, partyArity := 0,
                guard :=
                  andBool (nonnegative (Expr.arg Var.here))
                    (Expr.binary (BinaryOp.le (NumericUnit.amount Asset.usd)) (Expr.arg Var.here)
                      (Expr.balance { domain := Domain.home, owner := PartyRef.literal Party.vault })),
                deltas :=
                  [{ asset := Asset.usd, target := { domain := Domain.home, owner := PartyRef.literal Party.vault },
                      amount := Expr.unary (UnaryOp.neg (NumericUnit.amount Asset.usd)) (Expr.arg Var.here) },
                    { asset := Asset.usd,
                      target := { domain := Domain.home, owner := PartyRef.literal Party.recipient },
                      amount := Expr.arg Var.here }],
                supplyDeltas := [],
                stateReads := [⟨Asset.usd, { domain := Domain.home, owner := PartyRef.literal Party.vault }⟩],
                envReads := [],
                writes :=
                  [⟨Asset.usd, { domain := Domain.home, owner := PartyRef.literal Party.vault }⟩,
                    ⟨Asset.usd,
                      { domain := Domain.home, owner := PartyRef.literal Party.recipient }⟩] }.requiredEnvReads =
            [] ∧
          (Domain.home, Party.vault, Asset.usd) = vaultC ∧ (Domain.home, Party.recipient, Asset.usd) = recipientC
warning: DefiKernel/Nary/FundedCausal.lean:864:44: This simp argument is unused:
  hguard

Hint: Omit it from the simp argument list.
  [apply] simp [rec201, recConsumer, evaluated]

Note: This linter can be disabled with `set_option linter.unusedSimpArgs false`
error: DefiKernel/Nary/FundedCausal.lean:939:6: unsolved goals
case inl.inl.refine_5
q : ReservePhase
m : Machine (Fin 3) P A D
result : StepResult P A D
hk : FundedK q m
hinvs : ∀ (own : Fin 3), fundedInvariant own result.world.state
hb : fundedBalances (m.locals 0).nextIndex (m.locals 1).nextIndex (m.locals 2).nextIndex m.world.state
hq : q = phaseOf (m.locals 0).nextIndex
hout0 : (m.locals 0).nextIndex = 0 → (m.locals 0).outputs = []
hout1 : 1 ≤ (m.locals 0).nextIndex → (m.locals 0).outputs = [budgetOut 0]
hf : (m.locals 0).failure = none
hA : fundedAssumption 0 q m
hg : fundedGuarantee 0 m.world.state result.world.state
hn0 : (m.locals 0).nextIndex = 0
hs : (f10Branches 0)[(m.locals 0).consumed]? = some inv200
hok :
  executeStep f10Cfg (f10Bounds 0 (m.locals 0).nextIndex) (m.locals 0).nextIndex (m.locals 0).outputs
      (Step.invoke inv200) m.world =
    Except.ok result
hsel :
  (m.locals 0).nextIndex = (m.locals 0).consumed ∧
    (0 = 0 ∧ ((m.locals 0).nextIndex = 0 ∧ inv200 = inv200 ∨ (m.locals 0).nextIndex = 1 ∧ inv200 = inv201) ∨
      0 = 1 ∧ (m.locals 1).nextIndex = 0 ∧ inv200 = inv202 ∨ 0 = 2 ∧ (m.locals 2).nextIndex = 0 ∧ inv200 = inv203)
step : AdvanceSound f10Cfg f10Bounds f10Branches m 0 (m.accept 0 inv200 result)
hstore : (m.accept 0 inv200 result).world.capabilities = f10Store
houts : result.outputs = [budgetOut 0]
hrec : result.receipt = rec200
hn0' : ((m.accept 0 inv200 result).locals 0).nextIndex = 1
hn1' : ((m.accept 0 inv200 result).locals 1).nextIndex = (m.locals 1).nextIndex
hn2' : ((m.accept 0 inv200 result).locals 2).nextIndex = (m.locals 2).nextIndex
hcell : ∀ (cell : C), result.world.state.balance cell = m.world.state.balance cell
hready :
  isReadyProducer
      { participant := 0, index := 0, invocation := inv200, before := m.world, outcome := Except.ok result } =
    true
hq0 : q = ReservePhase.awaiting
⊢ isReadyProducer
      { participant := 0, index := (m.locals 0).nextIndex, invocation := inv200, before := m.world,
        outcome := Except.ok result } =
    true
error: DefiKernel/Nary/FundedCausal.lean:956:41: Application type mismatch: The argument
  hstep
has type
  executeStep f10Cfg (f10Bounds 0 (m.locals 0).nextIndex) (m.locals 0).nextIndex (m.locals 0).outputs
      (Step.invoke inv201) m.world =
    Except.ok result
but is expected to have type
  executeStep f10Cfg ?m.658 1 [budgetOut 0] (Step.invoke inv201) ?m.659 = Except.ok ?m.660
in the application
  f10_consumer_outputs hstep
error: DefiKernel/Nary/FundedCausal.lean:1026:8: linarith failed to find a contradiction
case inr.inl.refine_4.refine_2.h1
q : ReservePhase
m : Machine (Fin 3) P A D
result : StepResult P A D
hk : FundedK q m
hinvs : ∀ (own : Fin 3), fundedInvariant own result.world.state
hb : fundedBalances (m.locals 0).nextIndex (m.locals 1).nextIndex (m.locals 2).nextIndex m.world.state
hq : q = phaseOf (m.locals 0).nextIndex
hout0 : (m.locals 0).nextIndex = 0 → (m.locals 0).outputs = []
hout1 : 1 ≤ (m.locals 0).nextIndex → (m.locals 0).outputs = [budgetOut 0]
hn1 : (m.locals 1).nextIndex = 0
hf : (m.locals 1).failure = none
hA : fundedAssumption 1 q m
hg : fundedGuarantee 1 m.world.state result.world.state
hs : (f10Branches 1)[(m.locals 1).consumed]? = some inv202
hok :
  executeStep f10Cfg (f10Bounds 1 (m.locals 1).nextIndex) (m.locals 1).nextIndex (m.locals 1).outputs
      (Step.invoke inv202) m.world =
    Except.ok result
hsel :
  (m.locals 1).nextIndex = (m.locals 1).consumed ∧
    (1 = 0 ∧ ((m.locals 0).nextIndex = 0 ∧ inv202 = inv200 ∨ (m.locals 0).nextIndex = 1 ∧ inv202 = inv201) ∨
      1 = 1 ∧ (m.locals 1).nextIndex = 0 ∧ inv202 = inv202 ∨ 1 = 2 ∧ (m.locals 2).nextIndex = 0 ∧ inv202 = inv203)
step : AdvanceSound f10Cfg f10Bounds f10Branches m 1 (m.accept 1 inv202 result)
hstore : (m.accept 1 inv202 result).world.capabilities = f10Store
houts : result.outputs = []
hn1' : ((m.accept 1 inv202 result).locals 1).nextIndex = 1
hn0' : ((m.accept 1 inv202 result).locals 0).nextIndex = (m.locals 0).nextIndex
hn2' : ((m.accept 1 inv202 result).locals 2).nextIndex = (m.locals 2).nextIndex
hcell :
  ∀ (cell : C),
    result.world.state.balance cell =
      m.world.state.balance cell + ((if donor1C = cell then -1 else 0) + if vaultC = cell then 1 else 0)
hne0 : 0 ≠ 1
hx : result.world.state.balance donor1C = m.world.state.balance donor1C + (-1 + if vaultC = donor1C then 1 else 0)
hd : m.world.state.balance donor1C = 2
a✝ : result.world.state.balance donor1C < 2 - 1
⊢ False
failed
error: DefiKernel/Nary/FundedCausal.lean:1044:6: Type mismatch: After simplification, term
  hq
 has type
  q = phaseOf (m.locals 0).nextIndex
but is expected to have type
  (match q with
    | ReservePhase.awaiting => ReservePhase.awaiting
    | ReservePhase.ready6 => ReservePhase.ready6
    | ReservePhase.consumed => ReservePhase.consumed) =
    phaseOf (m.locals 0).nextIndex
error: DefiKernel/Nary/FundedCausal.lean:1080:8: linarith failed to find a contradiction
case inr.inr.refine_4.refine_3.h1
q : ReservePhase
m : Machine (Fin 3) P A D
result : StepResult P A D
hk : FundedK q m
hinvs : ∀ (own : Fin 3), fundedInvariant own result.world.state
hb : fundedBalances (m.locals 0).nextIndex (m.locals 1).nextIndex (m.locals 2).nextIndex m.world.state
hq : q = phaseOf (m.locals 0).nextIndex
hout0 : (m.locals 0).nextIndex = 0 → (m.locals 0).outputs = []
hout1 : 1 ≤ (m.locals 0).nextIndex → (m.locals 0).outputs = [budgetOut 0]
hn2 : (m.locals 2).nextIndex = 0
hf : (m.locals 2).failure = none
hA : fundedAssumption 2 q m
hg : fundedGuarantee 2 m.world.state result.world.state
hs : (f10Branches 2)[(m.locals 2).consumed]? = some inv203
hok :
  executeStep f10Cfg (f10Bounds 2 (m.locals 2).nextIndex) (m.locals 2).nextIndex (m.locals 2).outputs
      (Step.invoke inv203) m.world =
    Except.ok result
hsel :
  (m.locals 2).nextIndex = (m.locals 2).consumed ∧
    (2 = 0 ∧ ((m.locals 0).nextIndex = 0 ∧ inv203 = inv200 ∨ (m.locals 0).nextIndex = 1 ∧ inv203 = inv201) ∨
      2 = 1 ∧ (m.locals 1).nextIndex = 0 ∧ inv203 = inv202 ∨ 2 = 2 ∧ (m.locals 2).nextIndex = 0 ∧ inv203 = inv203)
step : AdvanceSound f10Cfg f10Bounds f10Branches m 2 (m.accept 2 inv203 result)
hstore : (m.accept 2 inv203 result).world.capabilities = f10Store
houts : result.outputs = []
hn2' : ((m.accept 2 inv203 result).locals 2).nextIndex = 1
hn0' : ((m.accept 2 inv203 result).locals 0).nextIndex = (m.locals 0).nextIndex
hn1' : ((m.accept 2 inv203 result).locals 1).nextIndex = (m.locals 1).nextIndex
hcell :
  ∀ (cell : C),
    result.world.state.balance cell =
      m.world.state.balance cell + ((if donor2C = cell then -2 else 0) + if vaultC = cell then 2 else 0)
hne0 : 0 ≠ 2
hx : result.world.state.balance donor2C = m.world.state.balance donor2C + (-2 + if vaultC = donor2C then 2 else 0)
hd : m.world.state.balance donor2C = 3
a✝ : result.world.state.balance donor2C < 3 - 2
⊢ False
failed
error: DefiKernel/Nary/FundedCausal.lean:1095:6: Type mismatch: After simplification, term
  hq
 has type
  q = phaseOf (m.locals 0).nextIndex
but is expected to have type
  (match q with
    | ReservePhase.awaiting => ReservePhase.awaiting
    | ReservePhase.ready6 => ReservePhase.ready6
    | ReservePhase.consumed => ReservePhase.consumed) =
    phaseOf (m.locals 0).nextIndex
warning: DefiKernel/Nary/FundedCausal.lean:941:29: This simp argument is unused:
  hready

Hint: Omit it from the simp argument list.
  [apply] simp [reserveUpdate, hq0, hn0', phaseOf]

Note: This linter can be disabled with `set_option linter.unusedSimpArgs false`
error: DefiKernel/Nary/FundedCausal.lean:1158:2: linarith failed to find a contradiction
h : depositOnlyRely f12AfterProd.state f12AfterPeer.state
hp : f12AfterProd.state.balance vaultC = 10
hq : f12AfterPeer.state.balance vaultC = 7
⊢ False
failed
warning: DefiKernel/Nary/FundedCausal.lean:1167:0: Please, add a comment explaining the need for modifying the maxHeartbeat limit, as in
set_option maxHeartbeats 800000 in
-- reason for change
...

Note: This linter can be disabled with `set_option linter.style.maxHeartbeats false`
warning: DefiKernel/Nary/FundedCausal.lean:1173:0: Please, add a comment explaining the need for modifying the maxHeartbeat limit, as in
set_option maxHeartbeats 800000 in
-- reason for change
...

Note: This linter can be disabled with `set_option linter.style.maxHeartbeats false`
warning: DefiKernel/Nary/FundedCausal.lean:1179:0: Please, add a comment explaining the need for modifying the maxHeartbeat limit, as in
set_option maxHeartbeats 800000 in
-- reason for change
...

Note: This linter can be disabled with `set_option linter.style.maxHeartbeats false`
warning: DefiKernel/Nary/FundedCausal.lean:1185:0: Please, add a comment explaining the need for modifying the maxHeartbeat limit, as in
set_option maxHeartbeats 800000 in
-- reason for change
...

Note: This linter can be disabled with `set_option linter.style.maxHeartbeats false`
error: Lean exited with code 1
Some required targets logged failures:
- DefiKernel.Nary.FundedCausal
