⚠ [921/958] Replayed DefiKernel.Typed.Transition
warning: DefiKernel/Typed/Transition.lean:239:20: `simp_all [throw, throwThe]` is a flexible tactic modifying `⊢`. Try `simp_all?` and use the suggested `simp_all only [...]`. Alternatively, use `suffices` to explicitly state the simplified form.

Note: This linter can be disabled with `set_option linter.flexible false`
info: DefiKernel/Typed/Transition.lean:239:20: Try this:
  [apply] simp_all only [or_false, Prod.forall, true_and]
info: DefiKernel/Typed/Transition.lean:244:6: `rename_i args`
modifies the current goal, which was modified by the flexible tactic `simp_all` on line 239!
warning: DefiKernel/Typed/Transition.lean:239:20: `simp_all [throw, throwThe]` is a flexible tactic modifying `⊢`. Try `simp_all?` and use the suggested `simp_all only [...]`. Alternatively, use `suffices` to explicitly state the simplified form.

Note: This linter can be disabled with `set_option linter.flexible false`
info: DefiKernel/Typed/Transition.lean:239:20: Try this:
  [apply] simp_all only [Option.some.injEq, false_or, Prod.forall]
info: DefiKernel/Typed/Transition.lean:244:6: `rename_i args`
modifies the current goal, which was modified by the flexible tactic `simp_all` on line 239!
⚠ [926/958] Replayed DefiKernel.Nary.Schedule
warning: DefiKernel/Nary/Schedule.lean:162:24: This simp argument is unused:
  Nat.add_assoc

Hint: Omit it from the simp argument list.
  [apply] simp [hbeq, hmem, Nat.add_left_comm, Nat.add_comm]

Note: This linter can be disabled with `set_option linter.unusedSimpArgs false`
warning: DefiKernel/Nary/Schedule.lean:263:2: `simp [admit, hv, ha, bind, Except.bind, pure, Except.pure]` is a flexible tactic modifying `⊢`. Try `simp?` and use the suggested `simp only [...]`. Alternatively, use `suffices` to explicitly state the simplified form.

Note: This linter can be disabled with `set_option linter.flexible false`
info: DefiKernel/Nary/Schedule.lean:264:2: `rw [hs']`
modifies the current goal, which was modified by the flexible tactic `simp` on line 263!
⚠ [943/958] Replayed DefiKernel.Nary.Observation
warning: DefiKernel/Nary/Observation.lean:338:4: `simp [localEq, Bool.and_eq_true, eventsEq_iff] at h` is a flexible tactic modifying `h`. Try `simp?` and use the suggested `simp only [...]`. Alternatively, use `suffices` to explicitly state the simplified form.

Note: This linter can be disabled with `set_option linter.flexible false`
info: DefiKernel/Nary/Observation.lean:338:4: Try this:
  [apply] simp only [Interleaving.LocalState.mk.injEq] at h
info: DefiKernel/Nary/Observation.lean:339:4: `obtain ⟨⟨⟨⟨hc, hi⟩, hf⟩, ho⟩, he⟩ := h`
uses `h`, which was modified by the flexible tactic `simp` on line 338!
warning: DefiKernel/Nary/Observation.lean:342:4: `simp [Interleaving.LocalState.mk.injEq] at h` is a flexible tactic modifying `h`. Try `simp?` and use the suggested `simp only [...]`. Alternatively, use `suffices` to explicitly state the simplified form.

Note: This linter can be disabled with `set_option linter.flexible false`
info: DefiKernel/Nary/Observation.lean:343:4: `obtain ⟨hc, he, ho, hi, hf⟩ := h`
uses `h`, which was modified by the flexible tactic `simp` on line 342!
✖ [958/958] Building DefiKernel.Nary.FundedCausal (3.8s)
trace: .> LEAN_PATH=/home/charl/.cache/defiformal-sprint11-builds/causal/.lake/packages/Cli/.lake/build/lib/lean:/home/charl/.cache/defiformal-sprint11-builds/causal/.lake/packages/batteries/.lake/build/lib/lean:/home/charl/.cache/defiformal-sprint11-builds/causal/.lake/packages/Qq/.lake/build/lib/lean:/home/charl/.cache/defiformal-sprint11-builds/causal/.lake/packages/aesop/.lake/build/lib/lean:/home/charl/.cache/defiformal-sprint11-builds/causal/.lake/packages/proofwidgets/.lake/build/lib/lean:/home/charl/.cache/defiformal-sprint11-builds/causal/.lake/packages/importGraph/.lake/build/lib/lean:/home/charl/.cache/defiformal-sprint11-builds/causal/.lake/packages/LeanSearchClient/.lake/build/lib/lean:/home/charl/.cache/defiformal-sprint11-builds/causal/.lake/packages/plausible/.lake/build/lib/lean:/home/charl/.cache/defiformal-sprint11-builds/causal/.lake/packages/mathlib/.lake/build/lib/lean:/home/charl/.cache/defiformal-sprint11-builds/causal/.lake/build/lib/lean /home/charl/.elan/toolchains/leanprover--lean4---v4.33.0-rc2/bin/lean /home/charl/.cache/defiformal-sprint11-builds/causal/DefiKernel/Nary/FundedCausal.lean -o /home/charl/.cache/defiformal-sprint11-builds/causal/.lake/build/lib/lean/DefiKernel/Nary/FundedCausal.olean -i /home/charl/.cache/defiformal-sprint11-builds/causal/.lake/build/lib/lean/DefiKernel/Nary/FundedCausal.ilean -c /home/charl/.cache/defiformal-sprint11-builds/causal/.lake/build/ir/DefiKernel/Nary/FundedCausal.c --setup /home/charl/.cache/defiformal-sprint11-builds/causal/.lake/build/ir/DefiKernel/Nary/FundedCausal.setup.json --json
warning: DefiKernel/Nary/FundedCausal.lean:135:5: Variable name `h0` is not explicitly referenced.

Hint: The binding can be removed (if unused) or named `_` (if used implicitly). Alternatively, prefix the name with `_` to silence this warning:
  [apply] _h0

Note: This linter can be disabled with `set_option linter.unusedVariables false`
warning: DefiKernel/Nary/FundedCausal.lean:225:48: This simp argument is unused:
  litAmt

Hint: Omit it from the simp argument list.
  [apply] simp [Template.evaluate, consumerTransfer, resolveRefs, packed, cellRef, bind, Except.bind, pure, Except.pure,
    usdArg] at hev'

Note: This linter can be disabled with `set_option linter.unusedSimpArgs false`
warning: DefiKernel/Nary/FundedCausal.lean:213:4: `simp [extractReceipt, ht, hargs, bind, Except.bind, Except.mapError] at extracted` is a flexible tactic modifying `extracted`. Try `simp?` and use the suggested `simp only [...]`. Alternatively, use `suffices` to explicitly state the simplified form.

Note: This linter can be disabled with `set_option linter.flexible false`
info: DefiKernel/Nary/FundedCausal.lean:213:4: Try this:
  [apply] simp only [Receipt.invoked.injEq, ↓existsAndEq, and_true, exists_and_right, true_and] at extracted
info: DefiKernel/Nary/FundedCausal.lean:214:4: `cases hev :
  (consumerTransfer .recipient).evaluate
    ⟨pre.state, boundary.env, boundary.ctx.principal, [], .cons (6 : ℚ) .nil, boundary.now⟩ with
| error _ => simp [hev] at extracted
| ok e' =>
  have heq : e' = e := by simpa [hev] using extracted
  refine ⟨_, e, rfl, ?_⟩
  have hev' :
    (consumerTransfer .recipient).evaluate
        ⟨pre.state, boundary.env, boundary.ctx.principal, [], .cons (6 : ℚ) .nil, boundary.now⟩ =
      .ok e :=
    heq ▸ hev
  simp [Template.evaluate, consumerTransfer, resolveRefs, packed, cellRef, bind, Except.bind, pure, Except.pure, usdArg,
    litAmt] at hev'
  cases hev'
  rfl`
uses `extracted`, which was modified by the flexible tactic `simp` on line 213!
warning: DefiKernel/Nary/FundedCausal.lean:224:6: `simp [Template.evaluate, consumerTransfer, resolveRefs, packed, cellRef, bind,
        Except.bind, pure, Except.pure, usdArg, litAmt] at hev'` is a flexible tactic modifying `hev'`. Try `simp?` and use the suggested `simp only [...]`. Alternatively, use `suffices` to explicitly state the simplified form.

Note: This linter can be disabled with `set_option linter.flexible false`
info: DefiKernel/Nary/FundedCausal.lean:226:6: `cases hev'`
uses `hev'`, which was modified by the flexible tactic `simp` on line 224!
warning: DefiKernel/Nary/FundedCausal.lean:233:2: `simp [Template.evaluate, constTransfer, resolveRefs, packed, cellRef, bind, Except.bind,
    pure, Except.pure, litAmt, negAmt] at h` is a flexible tactic modifying `h`. Try `simp?` and use the suggested `simp only [...]`. Alternatively, use `suffices` to explicitly state the simplified form.

Note: This linter can be disabled with `set_option linter.flexible false`
info: DefiKernel/Nary/FundedCausal.lean:235:2: `cases h`
uses `h`, which was modified by the flexible tactic `simp` on line 233!
warning: DefiKernel/Nary/FundedCausal.lean:252:4: `simp [extractReceipt, ht, hargs, bind, Except.bind, Except.mapError] at extracted` is a flexible tactic modifying `extracted`. Try `simp?` and use the suggested `simp only [...]`. Alternatively, use `suffices` to explicitly state the simplified form.

Note: This linter can be disabled with `set_option linter.flexible false`
info: DefiKernel/Nary/FundedCausal.lean:252:4: Try this:
  [apply] simp only [Receipt.invoked.injEq, ↓existsAndEq, and_true, exists_and_right, true_and] at extracted
info: DefiKernel/Nary/FundedCausal.lean:253:4: `cases hev :
  (constTransfer .donor1 .vault 1).evaluate
    ⟨pre.state, boundary.env, boundary.ctx.principal, [], .nil, boundary.now⟩ with
| error _ => simp [hev] at extracted
| ok e' =>
  have heq : e' = e := by simpa [hev] using extracted
  exact ⟨_, e, rfl, constTransfer_deltas _ _ _ _ _ (heq ▸ hev)⟩`
uses `extracted`, which was modified by the flexible tactic `simp` on line 252!
warning: DefiKernel/Nary/FundedCausal.lean:274:4: `simp [extractReceipt, ht, hargs, bind, Except.bind, Except.mapError] at extracted` is a flexible tactic modifying `extracted`. Try `simp?` and use the suggested `simp only [...]`. Alternatively, use `suffices` to explicitly state the simplified form.

Note: This linter can be disabled with `set_option linter.flexible false`
info: DefiKernel/Nary/FundedCausal.lean:274:4: Try this:
  [apply] simp only [Receipt.invoked.injEq, ↓existsAndEq, and_true, exists_and_right, true_and] at extracted
info: DefiKernel/Nary/FundedCausal.lean:275:4: `cases hev :
  (constTransfer .donor2 .vault 2).evaluate
    ⟨pre.state, boundary.env, boundary.ctx.principal, [], .nil, boundary.now⟩ with
| error _ => simp [hev] at extracted
| ok e' =>
  have heq : e' = e := by simpa [hev] using extracted
  exact ⟨_, e, rfl, constTransfer_deltas _ _ _ _ _ (heq ▸ hev)⟩`
uses `extracted`, which was modified by the flexible tactic `simp` on line 274!
warning: DefiKernel/Nary/FundedCausal.lean:323:8: try 'simp' instead of 'simpa'

Note: This linter can be disabled with `set_option linter.unnecessarySimpa false`
error: DefiKernel/Nary/FundedCausal.lean:495:4: Type mismatch
  hx
has type
  post.balance c1 = pre.balance c1 + (a1 + if c2 = c1 then a2 else 0)
but is expected to have type
  post.balance c1 = pre.balance c1 + a1
error: DefiKernel/Nary/FundedCausal.lean:498:4: Type mismatch
  hx
has type
  post.balance c2 = pre.balance c2 + ((if c1 = c2 then a1 else 0) + a2)
but is expected to have type
  post.balance c2 = pre.balance c2 + a2
error: DefiKernel/Nary/FundedCausal.lean:501:4: `simp` made no progress
warning: DefiKernel/Nary/FundedCausal.lean:494:10: This simp argument is unused:
  hne

Hint: Omit it from the simp argument list.
  [apply] simp at hx

Note: This linter can be disabled with `set_option linter.unusedSimpArgs false`
warning: DefiKernel/Nary/FundedCausal.lean:497:10: This simp argument is unused:
  hne.symm

Hint: Omit it from the simp argument list.
  [apply] simp at hx

Note: This linter can be disabled with `set_option linter.unusedSimpArgs false`
error: DefiKernel/Nary/FundedCausal.lean:506:3: unknown tactic
error: DefiKernel/Nary/FundedCausal.lean:504:58: unsolved goals
n : ℕ
hn : n < 3
⊢ ⟨n, hn⟩ = 0 ∨ ⟨n, hn⟩ = 1 ∨ ⟨n, hn⟩ = 2
error: DefiKernel/Nary/FundedCausal.lean:535:4: Type mismatch
  hbal
has type
  post.state.balance budgetC = 6
but is expected to have type
  budgetC.2.2 = Asset.usd ∧ post.state.balance budgetC = 6
error: DefiKernel/Nary/FundedCausal.lean:600:24: Application type mismatch: The argument
  hs
has type
  inv200 = inv
but is expected to have type
  inv = inv200
in the application
  ⟨hc, hs⟩
error: DefiKernel/Nary/FundedCausal.lean:604:24: Application type mismatch: The argument
  hs
has type
  inv201 = inv
but is expected to have type
  inv = inv201
in the application
  ⟨hc, hs⟩
error: DefiKernel/Nary/FundedCausal.lean:613:15: Application type mismatch: The argument
  hs
has type
  inv202 = inv
but is expected to have type
  inv = inv202
in the application
  ⟨hc, hs⟩
error: DefiKernel/Nary/FundedCausal.lean:622:15: Application type mismatch: The argument
  hs
has type
  inv203 = inv
but is expected to have type
  inv = inv203
in the application
  ⟨hc, hs⟩
error: DefiKernel/Nary/FundedCausal.lean:669:55: Application type mismatch: The argument
  Ne.symm donor1C_ne_recipientC
has type
  recipientC ≠ donor1C
but is expected to have type
  donor1C ≠ recipientC
in the application
  hu.right.right donor1C (Ne.symm vaultC_ne_donor1C) (Ne.symm donor1C_ne_recipientC)
error: DefiKernel/Nary/FundedCausal.lean:669:10: Type mismatch: After simplification, term
  hd1
 has type
  0 ≤ m.world.state.balance donor1C
but is expected to have type
  0 ≤ result.world.state.balance donor1C
error: DefiKernel/Nary/FundedCausal.lean:670:55: Application type mismatch: The argument
  Ne.symm donor2C_ne_recipientC
has type
  recipientC ≠ donor2C
but is expected to have type
  donor2C ≠ recipientC
in the application
  hu.right.right donor2C (Ne.symm vaultC_ne_donor2C) (Ne.symm donor2C_ne_recipientC)
error: DefiKernel/Nary/FundedCausal.lean:670:10: Type mismatch: After simplification, term
  hd2
 has type
  0 ≤ m.world.state.balance donor2C
but is expected to have type
  0 ≤ result.world.state.balance donor2C
error: DefiKernel/Nary/FundedCausal.lean:674:66: Application type mismatch: The argument
  Ne.symm donor1C_ne_recipientC
has type
  recipientC ≠ donor1C
but is expected to have type
  donor1C ≠ recipientC
in the application
  hu.right.right donor1C (Ne.symm vaultC_ne_donor1C) (Ne.symm donor1C_ne_recipientC)
error: DefiKernel/Nary/FundedCausal.lean:675:46: Application type mismatch: The argument
  Ne.symm donor2C_ne_recipientC
has type
  recipientC ≠ donor2C
but is expected to have type
  donor2C ≠ recipientC
in the application
  hu.right.right donor2C (Ne.symm vaultC_ne_donor2C) (Ne.symm donor2C_ne_recipientC)
error: DefiKernel/Nary/FundedCausal.lean:678:16: Application type mismatch: The argument
  hu.left
has type
  result.world.state.balance vaultC = m.world.state.balance vaultC + -6
but is expected to have type
  result.world.state.balance vaultC = m.world.state.balance vaultC - 6
in the application
  And.intro hu.left
error: DefiKernel/Nary/FundedCausal.lean:691:54: Application type mismatch: The argument
  vaultC_ne_donor2C
has type
  vaultC ≠ donor2C
but is expected to have type
  donor2C ≠ vaultC
in the application
  hu.right.right donor2C (Ne.symm donor1C_ne_donor2C) vaultC_ne_donor2C
error: DefiKernel/Nary/FundedCausal.lean:691:8: Type mismatch: After simplification, term
  hd2
 has type
  0 ≤ m.world.state.balance donor2C
but is expected to have type
  0 ≤ result.world.state.balance donor2C
error: DefiKernel/Nary/FundedCausal.lean:692:60: Application type mismatch: The argument
  vaultC_ne_recipientC
has type
  vaultC ≠ recipientC
but is expected to have type
  recipientC ≠ vaultC
in the application
  hu.right.right recipientC (Ne.symm donor1C_ne_recipientC) vaultC_ne_recipientC
error: DefiKernel/Nary/FundedCausal.lean:692:8: Type mismatch: After simplification, term
  hr
 has type
  0 ≤ m.world.state.balance recipientC
but is expected to have type
  0 ≤ result.world.state.balance recipientC
error: DefiKernel/Nary/FundedCausal.lean:693:54: Application type mismatch: The argument
  vaultC_ne_budgetC
has type
  vaultC ≠ budgetC
but is expected to have type
  budgetC ≠ vaultC
in the application
  hu.right.right budgetC (Ne.symm donor1C_ne_budgetC) vaultC_ne_budgetC
error: DefiKernel/Nary/FundedCausal.lean:693:8: Type mismatch: After simplification, term
  hb
 has type
  m.world.state.balance budgetC = 6
but is expected to have type
  result.world.state.balance budgetC = 6
error: DefiKernel/Nary/FundedCausal.lean:694:58: Application type mismatch: The argument
  vaultC_ne_sentinelC
has type
  vaultC ≠ sentinelC
but is expected to have type
  sentinelC ≠ vaultC
in the application
  hu.right.right sentinelC (Ne.symm donor1C_ne_sentinelC) vaultC_ne_sentinelC
error: DefiKernel/Nary/FundedCausal.lean:694:8: Type mismatch: After simplification, term
  hsen
 has type
  m.world.state.balance sentinelC = 11
but is expected to have type
  result.world.state.balance sentinelC = 11
error: DefiKernel/Nary/FundedCausal.lean:695:33: Application type mismatch: The argument
  hu.left
has type
  result.world.state.balance donor1C = m.world.state.balance donor1C + -1
but is expected to have type
  result.world.state.balance donor1C = m.world.state.balance donor1C - 1
in the application
  And.intro hu.left
error: DefiKernel/Nary/FundedCausal.lean:695:78: Application type mismatch: The argument
  vaultC_ne_donor2C
has type
  vaultC ≠ donor2C
but is expected to have type
  donor2C ≠ vaultC
in the application
  hu.right.right donor2C (Ne.symm donor1C_ne_donor2C) vaultC_ne_donor2C
error: DefiKernel/Nary/FundedCausal.lean:696:51: Application type mismatch: The argument
  vaultC_ne_recipientC
has type
  vaultC ≠ recipientC
but is expected to have type
  recipientC ≠ vaultC
in the application
  hu.right.right recipientC (Ne.symm donor1C_ne_recipientC) vaultC_ne_recipientC
error: DefiKernel/Nary/FundedCausal.lean:697:45: Application type mismatch: The argument
  vaultC_ne_budgetC
has type
  vaultC ≠ budgetC
but is expected to have type
  budgetC ≠ vaultC
in the application
  hu.right.right budgetC (Ne.symm donor1C_ne_budgetC) vaultC_ne_budgetC
error: DefiKernel/Nary/FundedCausal.lean:698:49: Application type mismatch: The argument
  vaultC_ne_sentinelC
has type
  vaultC ≠ sentinelC
but is expected to have type
  sentinelC ≠ vaultC
in the application
  hu.right.right sentinelC (Ne.symm donor1C_ne_sentinelC) vaultC_ne_sentinelC
error: DefiKernel/Nary/FundedCausal.lean:710:49: Application type mismatch: The argument
  vaultC_ne_donor1C
has type
  vaultC ≠ donor1C
but is expected to have type
  donor1C ≠ vaultC
in the application
  hu.right.right donor1C donor1C_ne_donor2C vaultC_ne_donor1C
error: DefiKernel/Nary/FundedCausal.lean:710:8: Type mismatch: After simplification, term
  hd1
 has type
  0 ≤ m.world.state.balance donor1C
but is expected to have type
  0 ≤ result.world.state.balance donor1C
error: DefiKernel/Nary/FundedCausal.lean:712:60: Application type mismatch: The argument
  vaultC_ne_recipientC
has type
  vaultC ≠ recipientC
but is expected to have type
  recipientC ≠ vaultC
in the application
  hu.right.right recipientC (Ne.symm donor2C_ne_recipientC) vaultC_ne_recipientC
error: DefiKernel/Nary/FundedCausal.lean:712:8: Type mismatch: After simplification, term
  hr
 has type
  0 ≤ m.world.state.balance recipientC
but is expected to have type
  0 ≤ result.world.state.balance recipientC
error: DefiKernel/Nary/FundedCausal.lean:713:54: Application type mismatch: The argument
  vaultC_ne_budgetC
has type
  vaultC ≠ budgetC
but is expected to have type
  budgetC ≠ vaultC
in the application
  hu.right.right budgetC (Ne.symm donor2C_ne_budgetC) vaultC_ne_budgetC
error: DefiKernel/Nary/FundedCausal.lean:713:8: Type mismatch: After simplification, term
  hb
 has type
  m.world.state.balance budgetC = 6
but is expected to have type
  result.world.state.balance budgetC = 6
error: DefiKernel/Nary/FundedCausal.lean:714:58: Application type mismatch: The argument
  vaultC_ne_sentinelC
has type
  vaultC ≠ sentinelC
but is expected to have type
  sentinelC ≠ vaultC
in the application
  hu.right.right sentinelC (Ne.symm donor2C_ne_sentinelC) vaultC_ne_sentinelC
error: DefiKernel/Nary/FundedCausal.lean:714:8: Type mismatch: After simplification, term
  hsen
 has type
  m.world.state.balance sentinelC = 11
but is expected to have type
  result.world.state.balance sentinelC = 11
error: DefiKernel/Nary/FundedCausal.lean:715:67: Application type mismatch: The argument
  vaultC_ne_donor1C
has type
  vaultC ≠ donor1C
but is expected to have type
  donor1C ≠ vaultC
in the application
  hu.right.right donor1C donor1C_ne_donor2C vaultC_ne_donor1C
error: DefiKernel/Nary/FundedCausal.lean:715:86: Application type mismatch: The argument
  hu.left
has type
  result.world.state.balance donor2C = m.world.state.balance donor2C + -2
but is expected to have type
  result.world.state.balance donor2C = m.world.state.balance donor2C - 2
in the application
  And.intro hu.left
error: DefiKernel/Nary/FundedCausal.lean:716:51: Application type mismatch: The argument
  vaultC_ne_recipientC
has type
  vaultC ≠ recipientC
but is expected to have type
  recipientC ≠ vaultC
in the application
  hu.right.right recipientC (Ne.symm donor2C_ne_recipientC) vaultC_ne_recipientC
error: DefiKernel/Nary/FundedCausal.lean:717:45: Application type mismatch: The argument
  vaultC_ne_budgetC
has type
  vaultC ≠ budgetC
but is expected to have type
  budgetC ≠ vaultC
in the application
  hu.right.right budgetC (Ne.symm donor2C_ne_budgetC) vaultC_ne_budgetC
error: DefiKernel/Nary/FundedCausal.lean:718:49: Application type mismatch: The argument
  vaultC_ne_sentinelC
has type
  vaultC ≠ sentinelC
but is expected to have type
  sentinelC ≠ vaultC
in the application
  hu.right.right sentinelC (Ne.symm donor2C_ne_sentinelC) vaultC_ne_sentinelC
warning: DefiKernel/Nary/FundedCausal.lean:644:12: This simp argument is unused:
  fundedGuarantee

Hint: Omit it from the simp argument list.
  [apply] simp

Note: This linter can be disabled with `set_option linter.unusedSimpArgs false`
warning: DefiKernel/Nary/FundedCausal.lean:789:4: `simp [extractReceipt, ht, hargs, bind, Except.bind, Except.mapError] at extracted` is a flexible tactic modifying `extracted`. Try `simp?` and use the suggested `simp only [...]`. Alternatively, use `suffices` to explicitly state the simplified form.

Note: This linter can be disabled with `set_option linter.flexible false`
info: DefiKernel/Nary/FundedCausal.lean:790:4: `cases hev :
  (consumerTransfer .recipient).evaluate
    ⟨pre.state, boundary.env, boundary.ctx.principal, [], .cons (6 : ℚ) .nil, boundary.now⟩ with
| error _ => simp [hev] at extracted
| ok e' =>
  have heq : e' = e := by simpa [hev] using extracted
  have hvalid := (applyEvaluated_ok_iff _ _ _ _ _ _).mp applied
  have hguard : e.guard = true := hvalid.1.1
  have hev' :
    (consumerTransfer .recipient).evaluate
        ⟨pre.state, boundary.env, boundary.ctx.principal, [], .cons (6 : ℚ) .nil, boundary.now⟩ =
      .ok e :=
    heq ▸ hev
  simp [Template.evaluate, consumerTransfer, resolveRefs, packed, cellRef, bind, Except.bind, pure, Except.pure,
    usdArg] at hev'
  cases hev'
  simp only [rec201, recConsumer, evaluated]
  rw [← hguard]
  rfl`
uses `extracted`, which was modified by the flexible tactic `simp` on line 789!
warning: DefiKernel/Nary/FundedCausal.lean:801:6: `simp [Template.evaluate, consumerTransfer, resolveRefs, packed, cellRef, bind,
        Except.bind, pure, Except.pure, usdArg] at hev'` is a flexible tactic modifying `hev'`. Try `simp?` and use the suggested `simp only [...]`. Alternatively, use `suffices` to explicitly state the simplified form.

Note: This linter can be disabled with `set_option linter.flexible false`
info: DefiKernel/Nary/FundedCausal.lean:803:6: `cases hev'`
uses `hev'`, which was modified by the flexible tactic `simp` on line 801!
warning: DefiKernel/Nary/FundedCausal.lean:801:6: `simp [Template.evaluate, consumerTransfer, resolveRefs, packed, cellRef, bind,
        Except.bind, pure, Except.pure, usdArg] at hev'` is a flexible tactic modifying `hev'`. Try `simp?` and use the suggested `simp only [...]`. Alternatively, use `suffices` to explicitly state the simplified form.

Note: This linter can be disabled with `set_option linter.flexible false`
info: DefiKernel/Nary/FundedCausal.lean:805:6: `rw [← hguard]`
uses `hev'`, which was modified by the flexible tactic `simp` on line 801!
error: DefiKernel/Nary/FundedCausal.lean:918:55: Application type mismatch: The argument
  Ne.symm donor1C_ne_recipientC
has type
  recipientC ≠ donor1C
but is expected to have type
  donor1C ≠ recipientC
in the application
  hu.right.right donor1C (Ne.symm vaultC_ne_donor1C) (Ne.symm donor1C_ne_recipientC)
error: DefiKernel/Nary/FundedCausal.lean:918:10: Type mismatch: After simplification, term
  hb.right.left
 has type
  m.world.state.balance donor1C = 2 - ↑(m.locals 1).nextIndex
but is expected to have type
  result.world.state.balance donor1C = 2 - ↑(m.locals 1).nextIndex
error: DefiKernel/Nary/FundedCausal.lean:919:55: Application type mismatch: The argument
  Ne.symm donor2C_ne_recipientC
has type
  recipientC ≠ donor2C
but is expected to have type
  donor2C ≠ recipientC
in the application
  hu.right.right donor2C (Ne.symm vaultC_ne_donor2C) (Ne.symm donor2C_ne_recipientC)
error: DefiKernel/Nary/FundedCausal.lean:919:10: Type mismatch: After simplification, term
  hb.right.right.left
 has type
  m.world.state.balance donor2C = 3 - 2 * ↑(m.locals 2).nextIndex
but is expected to have type
  result.world.state.balance donor2C = 3 - 2 * ↑(m.locals 2).nextIndex
error: DefiKernel/Nary/FundedCausal.lean:960:54: Application type mismatch: The argument
  vaultC_ne_donor2C
has type
  vaultC ≠ donor2C
but is expected to have type
  donor2C ≠ vaultC
in the application
  hu.right.right donor2C (Ne.symm donor1C_ne_donor2C) vaultC_ne_donor2C
error: DefiKernel/Nary/FundedCausal.lean:960:8: Type mismatch: After simplification, term
  hb.right.right.left
 has type
  m.world.state.balance donor2C = 3 - 2 * ↑(m.locals 2).nextIndex
but is expected to have type
  result.world.state.balance donor2C = 3 - 2 * ↑(m.locals 2).nextIndex
error: DefiKernel/Nary/FundedCausal.lean:961:60: Application type mismatch: The argument
  vaultC_ne_recipientC
has type
  vaultC ≠ recipientC
but is expected to have type
  recipientC ≠ vaultC
in the application
  hu.right.right recipientC (Ne.symm donor1C_ne_recipientC) vaultC_ne_recipientC
error: DefiKernel/Nary/FundedCausal.lean:961:8: Type mismatch: After simplification, term
  hb.right.right.right.left
 has type
  m.world.state.balance recipientC = 6 * ↑(consumedFlag (m.locals 0).nextIndex)
but is expected to have type
  result.world.state.balance recipientC = 6 * ↑(consumedFlag (m.locals 0).nextIndex)
error: DefiKernel/Nary/FundedCausal.lean:963:54: Application type mismatch: The argument
  vaultC_ne_budgetC
has type
  vaultC ≠ budgetC
but is expected to have type
  budgetC ≠ vaultC
in the application
  hu.right.right budgetC (Ne.symm donor1C_ne_budgetC) vaultC_ne_budgetC
error: DefiKernel/Nary/FundedCausal.lean:963:8: Type mismatch: After simplification, term
  hb.right.right.right.right.left
 has type
  m.world.state.balance budgetC = 6
but is expected to have type
  result.world.state.balance budgetC = 6
error: DefiKernel/Nary/FundedCausal.lean:964:58: Application type mismatch: The argument
  vaultC_ne_sentinelC
has type
  vaultC ≠ sentinelC
but is expected to have type
  sentinelC ≠ vaultC
in the application
  hu.right.right sentinelC (Ne.symm donor1C_ne_sentinelC) vaultC_ne_sentinelC
error: DefiKernel/Nary/FundedCausal.lean:964:8: Type mismatch: After simplification, term
  hb.right.right.right.right.right
 has type
  m.world.state.balance sentinelC = 11
but is expected to have type
  result.world.state.balance sentinelC = 11
error: DefiKernel/Nary/FundedCausal.lean:1005:49: Application type mismatch: The argument
  vaultC_ne_donor1C
has type
  vaultC ≠ donor1C
but is expected to have type
  donor1C ≠ vaultC
in the application
  hu.right.right donor1C donor1C_ne_donor2C vaultC_ne_donor1C
error: DefiKernel/Nary/FundedCausal.lean:1005:8: Type mismatch: After simplification, term
  hb.right.left
 has type
  m.world.state.balance donor1C = 2 - ↑(m.locals 1).nextIndex
but is expected to have type
  result.world.state.balance donor1C = 2 - ↑(m.locals 1).nextIndex
error: DefiKernel/Nary/FundedCausal.lean:1009:60: Application type mismatch: The argument
  vaultC_ne_recipientC
has type
  vaultC ≠ recipientC
but is expected to have type
  recipientC ≠ vaultC
in the application
  hu.right.right recipientC (Ne.symm donor2C_ne_recipientC) vaultC_ne_recipientC
error: DefiKernel/Nary/FundedCausal.lean:1009:8: Type mismatch: After simplification, term
  hb.right.right.right.left
 has type
  m.world.state.balance recipientC = 6 * ↑(consumedFlag (m.locals 0).nextIndex)
but is expected to have type
  result.world.state.balance recipientC = 6 * ↑(consumedFlag (m.locals 0).nextIndex)
error: DefiKernel/Nary/FundedCausal.lean:1011:54: Application type mismatch: The argument
  vaultC_ne_budgetC
has type
  vaultC ≠ budgetC
but is expected to have type
  budgetC ≠ vaultC
in the application
  hu.right.right budgetC (Ne.symm donor2C_ne_budgetC) vaultC_ne_budgetC
error: DefiKernel/Nary/FundedCausal.lean:1011:8: Type mismatch: After simplification, term
  hb.right.right.right.right.left
 has type
  m.world.state.balance budgetC = 6
but is expected to have type
  result.world.state.balance budgetC = 6
error: DefiKernel/Nary/FundedCausal.lean:1012:58: Application type mismatch: The argument
  vaultC_ne_sentinelC
has type
  vaultC ≠ sentinelC
but is expected to have type
  sentinelC ≠ vaultC
in the application
  hu.right.right sentinelC (Ne.symm donor2C_ne_sentinelC) vaultC_ne_sentinelC
error: DefiKernel/Nary/FundedCausal.lean:1012:8: Type mismatch: After simplification, term
  hb.right.right.right.right.right
 has type
  m.world.state.balance sentinelC = 11
but is expected to have type
  result.world.state.balance sentinelC = 11
error: DefiKernel/Nary/FundedCausal.lean:1089:6: Tactic `rewrite` failed: Did not find an occurrence of the pattern
  f12AfterProd.state.balance vaultC
in the target expression
  depositOnlyRely f12AfterProd.state f12AfterPeer.state

h : depositOnlyRely f12AfterProd.state f12AfterPeer.state
hp : f12AfterProd.state.balance vaultC = 10
hq : f12AfterPeer.state.balance vaultC = 7
⊢ False
error: Lean exited with code 1
Some required targets logged failures:
- DefiKernel.Nary.FundedCausal
