⚠ [920/946] Replayed DefiKernel.Typed.Transition
warning: DefiKernel/Typed/Transition.lean:239:20: `simp_all [throw, throwThe]` is a flexible tactic modifying `⊢`. Try `simp_all?` and use the suggested `simp_all only [...]`. Alternatively, use `suffices` to explicitly state the simplified form.

Note: This linter can be disabled with `set_option linter.flexible false`
info: DefiKernel/Typed/Transition.lean:239:20: Try this:
  [apply] simp_all only [or_false, Prod.forall, true_and]
info: DefiKernel/Typed/Transition.lean:244:6: `rename_i args`
modifies the current goal, which was modified by the flexible tactic `simp_all` on line 239!
warning: DefiKernel/Typed/Transition.lean:239:20: `simp_all [throw, throwThe]` is a flexible tactic modifying `⊢`. Try `simp_all?` and use the suggested `simp_all only [...]`. Alternatively, use `suffices` to explicitly state the simplified form.

Note: This linter can be disabled with `set_option linter.flexible false`
info: DefiKernel/Typed/Transition.lean:239:20: Try this:
  [apply] simp_all only [Option.some.injEq, false_or, Prod.forall]
info: DefiKernel/Typed/Transition.lean:244:6: `rename_i args`
modifies the current goal, which was modified by the flexible tactic `simp_all` on line 239!
⚠ [925/946] Replayed DefiKernel.Nary.Schedule
warning: DefiKernel/Nary/Schedule.lean:162:24: This simp argument is unused:
  Nat.add_assoc

Hint: Omit it from the simp argument list.
  [apply] simp [hbeq, hmem, Nat.add_left_comm, Nat.add_comm]

Note: This linter can be disabled with `set_option linter.unusedSimpArgs false`
warning: DefiKernel/Nary/Schedule.lean:263:2: `simp [admit, hv, ha, bind, Except.bind, pure, Except.pure]` is a flexible tactic modifying `⊢`. Try `simp?` and use the suggested `simp only [...]`. Alternatively, use `suffices` to explicitly state the simplified form.

Note: This linter can be disabled with `set_option linter.flexible false`
info: DefiKernel/Nary/Schedule.lean:264:2: `rw [hs']`
modifies the current goal, which was modified by the flexible tactic `simp` on line 263!
⚠ [942/946] Replayed DefiKernel.Nary.Observation
warning: DefiKernel/Nary/Observation.lean:338:4: `simp [localEq, Bool.and_eq_true, eventsEq_iff] at h` is a flexible tactic modifying `h`. Try `simp?` and use the suggested `simp only [...]`. Alternatively, use `suffices` to explicitly state the simplified form.

Note: This linter can be disabled with `set_option linter.flexible false`
info: DefiKernel/Nary/Observation.lean:338:4: Try this:
  [apply] simp only [Interleaving.LocalState.mk.injEq] at h
info: DefiKernel/Nary/Observation.lean:339:4: `obtain ⟨⟨⟨⟨hc, hi⟩, hf⟩, ho⟩, he⟩ := h`
uses `h`, which was modified by the flexible tactic `simp` on line 338!
warning: DefiKernel/Nary/Observation.lean:342:4: `simp [Interleaving.LocalState.mk.injEq] at h` is a flexible tactic modifying `h`. Try `simp?` and use the suggested `simp only [...]`. Alternatively, use `suffices` to explicitly state the simplified form.

Note: This linter can be disabled with `set_option linter.flexible false`
info: DefiKernel/Nary/Observation.lean:343:4: `obtain ⟨hc, he, ho, hi, hf⟩ := h`
uses `h`, which was modified by the flexible tactic `simp` on line 342!
✖ [958/958] Building DefiKernel.Nary.FundedCausal (4.7s)
trace: .> LEAN_PATH=/home/charl/.cache/defiformal-sprint11-builds/causal/.lake/packages/Cli/.lake/build/lib/lean:/home/charl/.cache/defiformal-sprint11-builds/causal/.lake/packages/batteries/.lake/build/lib/lean:/home/charl/.cache/defiformal-sprint11-builds/causal/.lake/packages/Qq/.lake/build/lib/lean:/home/charl/.cache/defiformal-sprint11-builds/causal/.lake/packages/aesop/.lake/build/lib/lean:/home/charl/.cache/defiformal-sprint11-builds/causal/.lake/packages/proofwidgets/.lake/build/lib/lean:/home/charl/.cache/defiformal-sprint11-builds/causal/.lake/packages/importGraph/.lake/build/lib/lean:/home/charl/.cache/defiformal-sprint11-builds/causal/.lake/packages/LeanSearchClient/.lake/build/lib/lean:/home/charl/.cache/defiformal-sprint11-builds/causal/.lake/packages/plausible/.lake/build/lib/lean:/home/charl/.cache/defiformal-sprint11-builds/causal/.lake/packages/mathlib/.lake/build/lib/lean:/home/charl/.cache/defiformal-sprint11-builds/causal/.lake/build/lib/lean /home/charl/.elan/toolchains/leanprover--lean4---v4.33.0-rc2/bin/lean /home/charl/.cache/defiformal-sprint11-builds/causal/DefiKernel/Nary/FundedCausal.lean -o /home/charl/.cache/defiformal-sprint11-builds/causal/.lake/build/lib/lean/DefiKernel/Nary/FundedCausal.olean -i /home/charl/.cache/defiformal-sprint11-builds/causal/.lake/build/lib/lean/DefiKernel/Nary/FundedCausal.ilean -c /home/charl/.cache/defiformal-sprint11-builds/causal/.lake/build/ir/DefiKernel/Nary/FundedCausal.c --setup /home/charl/.cache/defiformal-sprint11-builds/causal/.lake/build/ir/DefiKernel/Nary/FundedCausal.setup.json --json
warning: DefiKernel/Nary/FundedCausal.lean:135:5: Variable name `h0` is not explicitly referenced.

Hint: The binding can be removed (if unused) or named `_` (if used implicitly). Alternatively, prefix the name with `_` to silence this warning:
  [apply] _h0

Note: This linter can be disabled with `set_option linter.unusedVariables false`
warning: DefiKernel/Nary/FundedCausal.lean:225:48: This simp argument is unused:
  litAmt

Hint: Omit it from the simp argument list.
  [apply] simp [Template.evaluate, consumerTransfer, resolveRefs, packed, cellRef, bind, Except.bind, pure, Except.pure,
    usdArg] at hev'

Note: This linter can be disabled with `set_option linter.unusedSimpArgs false`
warning: DefiKernel/Nary/FundedCausal.lean:213:4: `simp [extractReceipt, ht, hargs, bind, Except.bind, Except.mapError] at extracted` is a flexible tactic modifying `extracted`. Try `simp?` and use the suggested `simp only [...]`. Alternatively, use `suffices` to explicitly state the simplified form.

Note: This linter can be disabled with `set_option linter.flexible false`
info: DefiKernel/Nary/FundedCausal.lean:213:4: Try this:
  [apply] simp only [Receipt.invoked.injEq, ↓existsAndEq, and_true, exists_and_right, true_and] at extracted
info: DefiKernel/Nary/FundedCausal.lean:214:4: `cases hev :
  (consumerTransfer .recipient).evaluate
    ⟨pre.state, boundary.env, boundary.ctx.principal, [], .cons (6 : ℚ) .nil, boundary.now⟩ with
| error _ => simp [hev] at extracted
| ok e' =>
  have heq : e' = e := by simpa [hev] using extracted
  refine ⟨_, e, rfl, ?_⟩
  have hev' :
    (consumerTransfer .recipient).evaluate
        ⟨pre.state, boundary.env, boundary.ctx.principal, [], .cons (6 : ℚ) .nil, boundary.now⟩ =
      .ok e :=
    heq ▸ hev
  simp [Template.evaluate, consumerTransfer, resolveRefs, packed, cellRef, bind, Except.bind, pure, Except.pure, usdArg,
    litAmt] at hev'
  cases hev'
  rfl`
uses `extracted`, which was modified by the flexible tactic `simp` on line 213!
warning: DefiKernel/Nary/FundedCausal.lean:224:6: `simp [Template.evaluate, consumerTransfer, resolveRefs, packed, cellRef, bind,
        Except.bind, pure, Except.pure, usdArg, litAmt] at hev'` is a flexible tactic modifying `hev'`. Try `simp?` and use the suggested `simp only [...]`. Alternatively, use `suffices` to explicitly state the simplified form.

Note: This linter can be disabled with `set_option linter.flexible false`
info: DefiKernel/Nary/FundedCausal.lean:226:6: `cases hev'`
uses `hev'`, which was modified by the flexible tactic `simp` on line 224!
warning: DefiKernel/Nary/FundedCausal.lean:233:2: `simp [Template.evaluate, constTransfer, resolveRefs, packed, cellRef, bind, Except.bind,
    pure, Except.pure, litAmt, negAmt] at h` is a flexible tactic modifying `h`. Try `simp?` and use the suggested `simp only [...]`. Alternatively, use `suffices` to explicitly state the simplified form.

Note: This linter can be disabled with `set_option linter.flexible false`
info: DefiKernel/Nary/FundedCausal.lean:235:2: `cases h`
uses `h`, which was modified by the flexible tactic `simp` on line 233!
warning: DefiKernel/Nary/FundedCausal.lean:252:4: `simp [extractReceipt, ht, hargs, bind, Except.bind, Except.mapError] at extracted` is a flexible tactic modifying `extracted`. Try `simp?` and use the suggested `simp only [...]`. Alternatively, use `suffices` to explicitly state the simplified form.

Note: This linter can be disabled with `set_option linter.flexible false`
info: DefiKernel/Nary/FundedCausal.lean:252:4: Try this:
  [apply] simp only [Receipt.invoked.injEq, ↓existsAndEq, and_true, exists_and_right, true_and] at extracted
info: DefiKernel/Nary/FundedCausal.lean:253:4: `cases hev :
  (constTransfer .donor1 .vault 1).evaluate
    ⟨pre.state, boundary.env, boundary.ctx.principal, [], .nil, boundary.now⟩ with
| error _ => simp [hev] at extracted
| ok e' =>
  have heq : e' = e := by simpa [hev] using extracted
  exact ⟨_, e, rfl, constTransfer_deltas _ _ _ _ _ (heq ▸ hev)⟩`
uses `extracted`, which was modified by the flexible tactic `simp` on line 252!
warning: DefiKernel/Nary/FundedCausal.lean:274:4: `simp [extractReceipt, ht, hargs, bind, Except.bind, Except.mapError] at extracted` is a flexible tactic modifying `extracted`. Try `simp?` and use the suggested `simp only [...]`. Alternatively, use `suffices` to explicitly state the simplified form.

Note: This linter can be disabled with `set_option linter.flexible false`
info: DefiKernel/Nary/FundedCausal.lean:274:4: Try this:
  [apply] simp only [Receipt.invoked.injEq, ↓existsAndEq, and_true, exists_and_right, true_and] at extracted
info: DefiKernel/Nary/FundedCausal.lean:275:4: `cases hev :
  (constTransfer .donor2 .vault 2).evaluate
    ⟨pre.state, boundary.env, boundary.ctx.principal, [], .nil, boundary.now⟩ with
| error _ => simp [hev] at extracted
| ok e' =>
  have heq : e' = e := by simpa [hev] using extracted
  exact ⟨_, e, rfl, constTransfer_deltas _ _ _ _ _ (heq ▸ hev)⟩`
uses `extracted`, which was modified by the flexible tactic `simp` on line 274!
warning: DefiKernel/Nary/FundedCausal.lean:323:8: try 'simp' instead of 'simpa'

Note: This linter can be disabled with `set_option linter.unnecessarySimpa false`
warning: DefiKernel/Nary/FundedCausal.lean:533:4: `simp [snapshots, inv200, invoke, budgetOut, name]` is a flexible tactic modifying `⊢`. Try `simp?` and use the suggested `simp only [...]`. Alternatively, use `suffices` to explicitly state the simplified form.

Note: This linter can be disabled with `set_option linter.flexible false`
info: DefiKernel/Nary/FundedCausal.lean:534:4: `exact ⟨rfl, hbal⟩`
modifies the current goal, which was modified by the flexible tactic `simp` on line 533!
error: DefiKernel/Nary/FundedCausal.lean:671:55: Application type mismatch: The argument
  recipientC_ne_budgetC
has type
  recipientC ≠ budgetC
but is expected to have type
  budgetC ≠ recipientC
in the application
  hu.right.right budgetC (Ne.symm vaultC_ne_budgetC) recipientC_ne_budgetC
error: DefiKernel/Nary/FundedCausal.lean:671:10: Type mismatch: After simplification, term
  hb
 has type
  m.world.state.balance budgetC = 6
but is expected to have type
  result.world.state.balance budgetC = 6
error: DefiKernel/Nary/FundedCausal.lean:672:59: Application type mismatch: The argument
  recipientC_ne_sentinelC
has type
  recipientC ≠ sentinelC
but is expected to have type
  sentinelC ≠ recipientC
in the application
  hu.right.right sentinelC (Ne.symm vaultC_ne_sentinelC) recipientC_ne_sentinelC
error: DefiKernel/Nary/FundedCausal.lean:672:10: Type mismatch: After simplification, term
  hsen
 has type
  m.world.state.balance sentinelC = 11
but is expected to have type
  result.world.state.balance sentinelC = 11
error: DefiKernel/Nary/FundedCausal.lean:675:46: Application type mismatch: The argument
  recipientC_ne_budgetC
has type
  recipientC ≠ budgetC
but is expected to have type
  budgetC ≠ recipientC
in the application
  hu.right.right budgetC (Ne.symm vaultC_ne_budgetC) recipientC_ne_budgetC
error: DefiKernel/Nary/FundedCausal.lean:676:50: Application type mismatch: The argument
  recipientC_ne_sentinelC
has type
  recipientC ≠ sentinelC
but is expected to have type
  sentinelC ≠ recipientC
in the application
  hu.right.right sentinelC (Ne.symm vaultC_ne_sentinelC) recipientC_ne_sentinelC
error: DefiKernel/Nary/FundedCausal.lean:677:16: Application type mismatch: The argument
  hu.left
has type
  result.world.state.balance vaultC = m.world.state.balance vaultC + -6
but is expected to have type
  result.world.state.balance vaultC = m.world.state.balance vaultC - 6
in the application
  And.intro hu.left
error: DefiKernel/Nary/FundedCausal.lean:690:54: Application type mismatch: The argument
  vaultC_ne_donor2C
has type
  vaultC ≠ donor2C
but is expected to have type
  donor2C ≠ vaultC
in the application
  hu.right.right donor2C (Ne.symm donor1C_ne_donor2C) vaultC_ne_donor2C
error: DefiKernel/Nary/FundedCausal.lean:690:8: Type mismatch: After simplification, term
  hd2
 has type
  0 ≤ m.world.state.balance donor2C
but is expected to have type
  0 ≤ result.world.state.balance donor2C
error: DefiKernel/Nary/FundedCausal.lean:691:60: Application type mismatch: The argument
  vaultC_ne_recipientC
has type
  vaultC ≠ recipientC
but is expected to have type
  recipientC ≠ vaultC
in the application
  hu.right.right recipientC (Ne.symm donor1C_ne_recipientC) vaultC_ne_recipientC
error: DefiKernel/Nary/FundedCausal.lean:691:8: Type mismatch: After simplification, term
  hr
 has type
  0 ≤ m.world.state.balance recipientC
but is expected to have type
  0 ≤ result.world.state.balance recipientC
error: DefiKernel/Nary/FundedCausal.lean:692:54: Application type mismatch: The argument
  vaultC_ne_budgetC
has type
  vaultC ≠ budgetC
but is expected to have type
  budgetC ≠ vaultC
in the application
  hu.right.right budgetC (Ne.symm donor1C_ne_budgetC) vaultC_ne_budgetC
error: DefiKernel/Nary/FundedCausal.lean:692:8: Type mismatch: After simplification, term
  hb
 has type
  m.world.state.balance budgetC = 6
but is expected to have type
  result.world.state.balance budgetC = 6
error: DefiKernel/Nary/FundedCausal.lean:693:58: Application type mismatch: The argument
  vaultC_ne_sentinelC
has type
  vaultC ≠ sentinelC
but is expected to have type
  sentinelC ≠ vaultC
in the application
  hu.right.right sentinelC (Ne.symm donor1C_ne_sentinelC) vaultC_ne_sentinelC
error: DefiKernel/Nary/FundedCausal.lean:693:8: Type mismatch: After simplification, term
  hsen
 has type
  m.world.state.balance sentinelC = 11
but is expected to have type
  result.world.state.balance sentinelC = 11
error: DefiKernel/Nary/FundedCausal.lean:694:33: Application type mismatch: The argument
  hu.left
has type
  result.world.state.balance donor1C = m.world.state.balance donor1C + -1
but is expected to have type
  result.world.state.balance donor1C = m.world.state.balance donor1C - 1
in the application
  And.intro hu.left
error: DefiKernel/Nary/FundedCausal.lean:694:78: Application type mismatch: The argument
  vaultC_ne_donor2C
has type
  vaultC ≠ donor2C
but is expected to have type
  donor2C ≠ vaultC
in the application
  hu.right.right donor2C (Ne.symm donor1C_ne_donor2C) vaultC_ne_donor2C
error: DefiKernel/Nary/FundedCausal.lean:695:51: Application type mismatch: The argument
  vaultC_ne_recipientC
has type
  vaultC ≠ recipientC
but is expected to have type
  recipientC ≠ vaultC
in the application
  hu.right.right recipientC (Ne.symm donor1C_ne_recipientC) vaultC_ne_recipientC
error: DefiKernel/Nary/FundedCausal.lean:696:45: Application type mismatch: The argument
  vaultC_ne_budgetC
has type
  vaultC ≠ budgetC
but is expected to have type
  budgetC ≠ vaultC
in the application
  hu.right.right budgetC (Ne.symm donor1C_ne_budgetC) vaultC_ne_budgetC
error: DefiKernel/Nary/FundedCausal.lean:697:49: Application type mismatch: The argument
  vaultC_ne_sentinelC
has type
  vaultC ≠ sentinelC
but is expected to have type
  sentinelC ≠ vaultC
in the application
  hu.right.right sentinelC (Ne.symm donor1C_ne_sentinelC) vaultC_ne_sentinelC
error: DefiKernel/Nary/FundedCausal.lean:709:49: Application type mismatch: The argument
  vaultC_ne_donor1C
has type
  vaultC ≠ donor1C
but is expected to have type
  donor1C ≠ vaultC
in the application
  hu.right.right donor1C donor1C_ne_donor2C vaultC_ne_donor1C
error: DefiKernel/Nary/FundedCausal.lean:709:8: Type mismatch: After simplification, term
  hd1
 has type
  0 ≤ m.world.state.balance donor1C
but is expected to have type
  0 ≤ result.world.state.balance donor1C
error: DefiKernel/Nary/FundedCausal.lean:711:60: Application type mismatch: The argument
  vaultC_ne_recipientC
has type
  vaultC ≠ recipientC
but is expected to have type
  recipientC ≠ vaultC
in the application
  hu.right.right recipientC (Ne.symm donor2C_ne_recipientC) vaultC_ne_recipientC
error: DefiKernel/Nary/FundedCausal.lean:711:8: Type mismatch: After simplification, term
  hr
 has type
  0 ≤ m.world.state.balance recipientC
but is expected to have type
  0 ≤ result.world.state.balance recipientC
error: DefiKernel/Nary/FundedCausal.lean:712:54: Application type mismatch: The argument
  vaultC_ne_budgetC
has type
  vaultC ≠ budgetC
but is expected to have type
  budgetC ≠ vaultC
in the application
  hu.right.right budgetC (Ne.symm donor2C_ne_budgetC) vaultC_ne_budgetC
error: DefiKernel/Nary/FundedCausal.lean:712:8: Type mismatch: After simplification, term
  hb
 has type
  m.world.state.balance budgetC = 6
but is expected to have type
  result.world.state.balance budgetC = 6
error: DefiKernel/Nary/FundedCausal.lean:713:58: Application type mismatch: The argument
  vaultC_ne_sentinelC
has type
  vaultC ≠ sentinelC
but is expected to have type
  sentinelC ≠ vaultC
in the application
  hu.right.right sentinelC (Ne.symm donor2C_ne_sentinelC) vaultC_ne_sentinelC
error: DefiKernel/Nary/FundedCausal.lean:713:8: Type mismatch: After simplification, term
  hsen
 has type
  m.world.state.balance sentinelC = 11
but is expected to have type
  result.world.state.balance sentinelC = 11
error: DefiKernel/Nary/FundedCausal.lean:714:67: Application type mismatch: The argument
  vaultC_ne_donor1C
has type
  vaultC ≠ donor1C
but is expected to have type
  donor1C ≠ vaultC
in the application
  hu.right.right donor1C donor1C_ne_donor2C vaultC_ne_donor1C
error: DefiKernel/Nary/FundedCausal.lean:714:86: Application type mismatch: The argument
  hu.left
has type
  result.world.state.balance donor2C = m.world.state.balance donor2C + -2
but is expected to have type
  result.world.state.balance donor2C = m.world.state.balance donor2C - 2
in the application
  And.intro hu.left
error: DefiKernel/Nary/FundedCausal.lean:715:51: Application type mismatch: The argument
  vaultC_ne_recipientC
has type
  vaultC ≠ recipientC
but is expected to have type
  recipientC ≠ vaultC
in the application
  hu.right.right recipientC (Ne.symm donor2C_ne_recipientC) vaultC_ne_recipientC
error: DefiKernel/Nary/FundedCausal.lean:716:45: Application type mismatch: The argument
  vaultC_ne_budgetC
has type
  vaultC ≠ budgetC
but is expected to have type
  budgetC ≠ vaultC
in the application
  hu.right.right budgetC (Ne.symm donor2C_ne_budgetC) vaultC_ne_budgetC
error: DefiKernel/Nary/FundedCausal.lean:717:49: Application type mismatch: The argument
  vaultC_ne_sentinelC
has type
  vaultC ≠ sentinelC
but is expected to have type
  sentinelC ≠ vaultC
in the application
  hu.right.right sentinelC (Ne.symm donor2C_ne_sentinelC) vaultC_ne_sentinelC
warning: DefiKernel/Nary/FundedCausal.lean:643:12: This simp argument is unused:
  fundedGuarantee

Hint: Omit it from the simp argument list.
  [apply] simp

Note: This linter can be disabled with `set_option linter.unusedSimpArgs false`
warning: DefiKernel/Nary/FundedCausal.lean:788:4: `simp [extractReceipt, ht, hargs, bind, Except.bind, Except.mapError] at extracted` is a flexible tactic modifying `extracted`. Try `simp?` and use the suggested `simp only [...]`. Alternatively, use `suffices` to explicitly state the simplified form.

Note: This linter can be disabled with `set_option linter.flexible false`
info: DefiKernel/Nary/FundedCausal.lean:789:4: `cases hev :
  (consumerTransfer .recipient).evaluate
    ⟨pre.state, boundary.env, boundary.ctx.principal, [], .cons (6 : ℚ) .nil, boundary.now⟩ with
| error _ => simp [hev] at extracted
| ok e' =>
  have heq : e' = e := by simpa [hev] using extracted
  have hvalid := (applyEvaluated_ok_iff _ _ _ _ _ _).mp applied
  have hguard : e.guard = true := hvalid.1.1
  have hev' :
    (consumerTransfer .recipient).evaluate
        ⟨pre.state, boundary.env, boundary.ctx.principal, [], .cons (6 : ℚ) .nil, boundary.now⟩ =
      .ok e :=
    heq ▸ hev
  simp [Template.evaluate, consumerTransfer, resolveRefs, packed, cellRef, bind, Except.bind, pure, Except.pure,
    usdArg] at hev'
  cases hev'
  simp only [rec201, recConsumer, evaluated]
  rw [← hguard]
  rfl`
uses `extracted`, which was modified by the flexible tactic `simp` on line 788!
warning: DefiKernel/Nary/FundedCausal.lean:800:6: `simp [Template.evaluate, consumerTransfer, resolveRefs, packed, cellRef, bind,
        Except.bind, pure, Except.pure, usdArg] at hev'` is a flexible tactic modifying `hev'`. Try `simp?` and use the suggested `simp only [...]`. Alternatively, use `suffices` to explicitly state the simplified form.

Note: This linter can be disabled with `set_option linter.flexible false`
info: DefiKernel/Nary/FundedCausal.lean:802:6: `cases hev'`
uses `hev'`, which was modified by the flexible tactic `simp` on line 800!
warning: DefiKernel/Nary/FundedCausal.lean:800:6: `simp [Template.evaluate, consumerTransfer, resolveRefs, packed, cellRef, bind,
        Except.bind, pure, Except.pure, usdArg] at hev'` is a flexible tactic modifying `hev'`. Try `simp?` and use the suggested `simp only [...]`. Alternatively, use `suffices` to explicitly state the simplified form.

Note: This linter can be disabled with `set_option linter.flexible false`
info: DefiKernel/Nary/FundedCausal.lean:804:6: `rw [← hguard]`
uses `hev'`, which was modified by the flexible tactic `simp` on line 800!
error: DefiKernel/Nary/FundedCausal.lean:922:55: Application type mismatch: The argument
  recipientC_ne_budgetC
has type
  recipientC ≠ budgetC
but is expected to have type
  budgetC ≠ recipientC
in the application
  hu.right.right budgetC (Ne.symm vaultC_ne_budgetC) recipientC_ne_budgetC
error: DefiKernel/Nary/FundedCausal.lean:922:10: Type mismatch: After simplification, term
  hb.right.right.right.right.left
 has type
  m.world.state.balance budgetC = 6
but is expected to have type
  result.world.state.balance budgetC = 6
error: DefiKernel/Nary/FundedCausal.lean:924:59: Application type mismatch: The argument
  recipientC_ne_sentinelC
has type
  recipientC ≠ sentinelC
but is expected to have type
  sentinelC ≠ recipientC
in the application
  hu.right.right sentinelC (Ne.symm vaultC_ne_sentinelC) recipientC_ne_sentinelC
error: DefiKernel/Nary/FundedCausal.lean:924:10: Type mismatch: After simplification, term
  hb.right.right.right.right.right
 has type
  m.world.state.balance sentinelC = 11
but is expected to have type
  result.world.state.balance sentinelC = 11
error: DefiKernel/Nary/FundedCausal.lean:959:54: Application type mismatch: The argument
  vaultC_ne_donor2C
has type
  vaultC ≠ donor2C
but is expected to have type
  donor2C ≠ vaultC
in the application
  hu.right.right donor2C (Ne.symm donor1C_ne_donor2C) vaultC_ne_donor2C
error: DefiKernel/Nary/FundedCausal.lean:959:8: Type mismatch: After simplification, term
  hb.right.right.left
 has type
  m.world.state.balance donor2C = 3 - 2 * ↑(m.locals 2).nextIndex
but is expected to have type
  result.world.state.balance donor2C = 3 - 2 * ↑(m.locals 2).nextIndex
error: DefiKernel/Nary/FundedCausal.lean:960:60: Application type mismatch: The argument
  vaultC_ne_recipientC
has type
  vaultC ≠ recipientC
but is expected to have type
  recipientC ≠ vaultC
in the application
  hu.right.right recipientC (Ne.symm donor1C_ne_recipientC) vaultC_ne_recipientC
error: DefiKernel/Nary/FundedCausal.lean:960:8: Type mismatch: After simplification, term
  hb.right.right.right.left
 has type
  m.world.state.balance recipientC = 6 * ↑(consumedFlag (m.locals 0).nextIndex)
but is expected to have type
  result.world.state.balance recipientC = 6 * ↑(consumedFlag (m.locals 0).nextIndex)
error: DefiKernel/Nary/FundedCausal.lean:962:54: Application type mismatch: The argument
  vaultC_ne_budgetC
has type
  vaultC ≠ budgetC
but is expected to have type
  budgetC ≠ vaultC
in the application
  hu.right.right budgetC (Ne.symm donor1C_ne_budgetC) vaultC_ne_budgetC
error: DefiKernel/Nary/FundedCausal.lean:962:8: Type mismatch: After simplification, term
  hb.right.right.right.right.left
 has type
  m.world.state.balance budgetC = 6
but is expected to have type
  result.world.state.balance budgetC = 6
error: DefiKernel/Nary/FundedCausal.lean:963:58: Application type mismatch: The argument
  vaultC_ne_sentinelC
has type
  vaultC ≠ sentinelC
but is expected to have type
  sentinelC ≠ vaultC
in the application
  hu.right.right sentinelC (Ne.symm donor1C_ne_sentinelC) vaultC_ne_sentinelC
error: DefiKernel/Nary/FundedCausal.lean:963:8: Type mismatch: After simplification, term
  hb.right.right.right.right.right
 has type
  m.world.state.balance sentinelC = 11
but is expected to have type
  result.world.state.balance sentinelC = 11
error: DefiKernel/Nary/FundedCausal.lean:1004:49: Application type mismatch: The argument
  vaultC_ne_donor1C
has type
  vaultC ≠ donor1C
but is expected to have type
  donor1C ≠ vaultC
in the application
  hu.right.right donor1C donor1C_ne_donor2C vaultC_ne_donor1C
error: DefiKernel/Nary/FundedCausal.lean:1004:8: Type mismatch: After simplification, term
  hb.right.left
 has type
  m.world.state.balance donor1C = 2 - ↑(m.locals 1).nextIndex
but is expected to have type
  result.world.state.balance donor1C = 2 - ↑(m.locals 1).nextIndex
error: DefiKernel/Nary/FundedCausal.lean:1008:60: Application type mismatch: The argument
  vaultC_ne_recipientC
has type
  vaultC ≠ recipientC
but is expected to have type
  recipientC ≠ vaultC
in the application
  hu.right.right recipientC (Ne.symm donor2C_ne_recipientC) vaultC_ne_recipientC
error: DefiKernel/Nary/FundedCausal.lean:1008:8: Type mismatch: After simplification, term
  hb.right.right.right.left
 has type
  m.world.state.balance recipientC = 6 * ↑(consumedFlag (m.locals 0).nextIndex)
but is expected to have type
  result.world.state.balance recipientC = 6 * ↑(consumedFlag (m.locals 0).nextIndex)
error: DefiKernel/Nary/FundedCausal.lean:1010:54: Application type mismatch: The argument
  vaultC_ne_budgetC
has type
  vaultC ≠ budgetC
but is expected to have type
  budgetC ≠ vaultC
in the application
  hu.right.right budgetC (Ne.symm donor2C_ne_budgetC) vaultC_ne_budgetC
error: DefiKernel/Nary/FundedCausal.lean:1010:8: Type mismatch: After simplification, term
  hb.right.right.right.right.left
 has type
  m.world.state.balance budgetC = 6
but is expected to have type
  result.world.state.balance budgetC = 6
error: DefiKernel/Nary/FundedCausal.lean:1011:58: Application type mismatch: The argument
  vaultC_ne_sentinelC
has type
  vaultC ≠ sentinelC
but is expected to have type
  sentinelC ≠ vaultC
in the application
  hu.right.right sentinelC (Ne.symm donor2C_ne_sentinelC) vaultC_ne_sentinelC
error: DefiKernel/Nary/FundedCausal.lean:1011:8: Type mismatch: After simplification, term
  hb.right.right.right.right.right
 has type
  m.world.state.balance sentinelC = 11
but is expected to have type
  result.world.state.balance sentinelC = 11
error: DefiKernel/Nary/FundedCausal.lean:1088:6: Tactic `rewrite` failed: Did not find an occurrence of the pattern
  f12AfterProd.state.balance vaultC
in the target expression
  depositOnlyRely f12AfterProd.state f12AfterPeer.state

h : depositOnlyRely f12AfterProd.state f12AfterPeer.state
hp : f12AfterProd.state.balance vaultC = 10
hq : f12AfterPeer.state.balance vaultC = 7
⊢ False
error: Lean exited with code 1
Some required targets logged failures:
- DefiKernel.Nary.FundedCausal
