⚠ [921/958] Replayed DefiKernel.Typed.Transition
warning: DefiKernel/Typed/Transition.lean:239:20: `simp_all [throw, throwThe]` is a flexible tactic modifying `⊢`. Try `simp_all?` and use the suggested `simp_all only [...]`. Alternatively, use `suffices` to explicitly state the simplified form.

Note: This linter can be disabled with `set_option linter.flexible false`
info: DefiKernel/Typed/Transition.lean:239:20: Try this:
  [apply] simp_all only [or_false, Prod.forall, true_and]
info: DefiKernel/Typed/Transition.lean:244:6: `rename_i args`
modifies the current goal, which was modified by the flexible tactic `simp_all` on line 239!
warning: DefiKernel/Typed/Transition.lean:239:20: `simp_all [throw, throwThe]` is a flexible tactic modifying `⊢`. Try `simp_all?` and use the suggested `simp_all only [...]`. Alternatively, use `suffices` to explicitly state the simplified form.

Note: This linter can be disabled with `set_option linter.flexible false`
info: DefiKernel/Typed/Transition.lean:239:20: Try this:
  [apply] simp_all only [Option.some.injEq, false_or, Prod.forall]
info: DefiKernel/Typed/Transition.lean:244:6: `rename_i args`
modifies the current goal, which was modified by the flexible tactic `simp_all` on line 239!
⚠ [926/958] Replayed DefiKernel.Nary.Schedule
warning: DefiKernel/Nary/Schedule.lean:162:24: This simp argument is unused:
  Nat.add_assoc

Hint: Omit it from the simp argument list.
  [apply] simp [hbeq, hmem, Nat.add_left_comm, Nat.add_comm]

Note: This linter can be disabled with `set_option linter.unusedSimpArgs false`
warning: DefiKernel/Nary/Schedule.lean:263:2: `simp [admit, hv, ha, bind, Except.bind, pure, Except.pure]` is a flexible tactic modifying `⊢`. Try `simp?` and use the suggested `simp only [...]`. Alternatively, use `suffices` to explicitly state the simplified form.

Note: This linter can be disabled with `set_option linter.flexible false`
info: DefiKernel/Nary/Schedule.lean:264:2: `rw [hs']`
modifies the current goal, which was modified by the flexible tactic `simp` on line 263!
⚠ [943/958] Replayed DefiKernel.Nary.Observation
warning: DefiKernel/Nary/Observation.lean:338:4: `simp [localEq, Bool.and_eq_true, eventsEq_iff] at h` is a flexible tactic modifying `h`. Try `simp?` and use the suggested `simp only [...]`. Alternatively, use `suffices` to explicitly state the simplified form.

Note: This linter can be disabled with `set_option linter.flexible false`
info: DefiKernel/Nary/Observation.lean:338:4: Try this:
  [apply] simp only [Interleaving.LocalState.mk.injEq] at h
info: DefiKernel/Nary/Observation.lean:339:4: `obtain ⟨⟨⟨⟨hc, hi⟩, hf⟩, ho⟩, he⟩ := h`
uses `h`, which was modified by the flexible tactic `simp` on line 338!
warning: DefiKernel/Nary/Observation.lean:342:4: `simp [Interleaving.LocalState.mk.injEq] at h` is a flexible tactic modifying `h`. Try `simp?` and use the suggested `simp only [...]`. Alternatively, use `suffices` to explicitly state the simplified form.

Note: This linter can be disabled with `set_option linter.flexible false`
info: DefiKernel/Nary/Observation.lean:343:4: `obtain ⟨hc, he, ho, hi, hf⟩ := h`
uses `h`, which was modified by the flexible tactic `simp` on line 342!
✖ [958/958] Building DefiKernel.Nary.FundedCausal (12s)
trace: .> LEAN_PATH=/home/charl/.cache/defiformal-sprint11-builds/causal/.lake/packages/Cli/.lake/build/lib/lean:/home/charl/.cache/defiformal-sprint11-builds/causal/.lake/packages/batteries/.lake/build/lib/lean:/home/charl/.cache/defiformal-sprint11-builds/causal/.lake/packages/Qq/.lake/build/lib/lean:/home/charl/.cache/defiformal-sprint11-builds/causal/.lake/packages/aesop/.lake/build/lib/lean:/home/charl/.cache/defiformal-sprint11-builds/causal/.lake/packages/proofwidgets/.lake/build/lib/lean:/home/charl/.cache/defiformal-sprint11-builds/causal/.lake/packages/importGraph/.lake/build/lib/lean:/home/charl/.cache/defiformal-sprint11-builds/causal/.lake/packages/LeanSearchClient/.lake/build/lib/lean:/home/charl/.cache/defiformal-sprint11-builds/causal/.lake/packages/plausible/.lake/build/lib/lean:/home/charl/.cache/defiformal-sprint11-builds/causal/.lake/packages/mathlib/.lake/build/lib/lean:/home/charl/.cache/defiformal-sprint11-builds/causal/.lake/build/lib/lean /home/charl/.elan/toolchains/leanprover--lean4---v4.33.0-rc2/bin/lean /home/charl/.cache/defiformal-sprint11-builds/causal/DefiKernel/Nary/FundedCausal.lean -o /home/charl/.cache/defiformal-sprint11-builds/causal/.lake/build/lib/lean/DefiKernel/Nary/FundedCausal.olean -i /home/charl/.cache/defiformal-sprint11-builds/causal/.lake/build/lib/lean/DefiKernel/Nary/FundedCausal.ilean -c /home/charl/.cache/defiformal-sprint11-builds/causal/.lake/build/ir/DefiKernel/Nary/FundedCausal.c --setup /home/charl/.cache/defiformal-sprint11-builds/causal/.lake/build/ir/DefiKernel/Nary/FundedCausal.setup.json --json
warning: DefiKernel/Nary/FundedCausal.lean:135:5: Variable name `h0` is not explicitly referenced.

Hint: The binding can be removed (if unused) or named `_` (if used implicitly). Alternatively, prefix the name with `_` to silence this warning:
  [apply] _h0

Note: This linter can be disabled with `set_option linter.unusedVariables false`
warning: DefiKernel/Nary/FundedCausal.lean:225:48: This simp argument is unused:
  litAmt

Hint: Omit it from the simp argument list.
  [apply] simp [Template.evaluate, consumerTransfer, resolveRefs, packed, cellRef, bind, Except.bind, pure, Except.pure,
    usdArg] at hev'

Note: This linter can be disabled with `set_option linter.unusedSimpArgs false`
warning: DefiKernel/Nary/FundedCausal.lean:213:4: `simp [extractReceipt, ht, hargs, bind, Except.bind, Except.mapError] at extracted` is a flexible tactic modifying `extracted`. Try `simp?` and use the suggested `simp only [...]`. Alternatively, use `suffices` to explicitly state the simplified form.

Note: This linter can be disabled with `set_option linter.flexible false`
info: DefiKernel/Nary/FundedCausal.lean:213:4: Try this:
  [apply] simp only [Receipt.invoked.injEq, ↓existsAndEq, and_true, exists_and_right, true_and] at extracted
info: DefiKernel/Nary/FundedCausal.lean:214:4: `cases hev :
  (consumerTransfer .recipient).evaluate
    ⟨pre.state, boundary.env, boundary.ctx.principal, [], .cons (6 : ℚ) .nil, boundary.now⟩ with
| error _ => simp [hev] at extracted
| ok e' =>
  have heq : e' = e := by simpa [hev] using extracted
  refine ⟨_, e, rfl, ?_⟩
  have hev' :
    (consumerTransfer .recipient).evaluate
        ⟨pre.state, boundary.env, boundary.ctx.principal, [], .cons (6 : ℚ) .nil, boundary.now⟩ =
      .ok e :=
    heq ▸ hev
  simp [Template.evaluate, consumerTransfer, resolveRefs, packed, cellRef, bind, Except.bind, pure, Except.pure, usdArg,
    litAmt] at hev'
  cases hev'
  rfl`
uses `extracted`, which was modified by the flexible tactic `simp` on line 213!
warning: DefiKernel/Nary/FundedCausal.lean:224:6: `simp [Template.evaluate, consumerTransfer, resolveRefs, packed, cellRef, bind,
        Except.bind, pure, Except.pure, usdArg, litAmt] at hev'` is a flexible tactic modifying `hev'`. Try `simp?` and use the suggested `simp only [...]`. Alternatively, use `suffices` to explicitly state the simplified form.

Note: This linter can be disabled with `set_option linter.flexible false`
info: DefiKernel/Nary/FundedCausal.lean:226:6: `cases hev'`
uses `hev'`, which was modified by the flexible tactic `simp` on line 224!
warning: DefiKernel/Nary/FundedCausal.lean:233:2: `simp [Template.evaluate, constTransfer, resolveRefs, packed, cellRef, bind, Except.bind,
    pure, Except.pure, litAmt, negAmt] at h` is a flexible tactic modifying `h`. Try `simp?` and use the suggested `simp only [...]`. Alternatively, use `suffices` to explicitly state the simplified form.

Note: This linter can be disabled with `set_option linter.flexible false`
info: DefiKernel/Nary/FundedCausal.lean:235:2: `cases h`
uses `h`, which was modified by the flexible tactic `simp` on line 233!
warning: DefiKernel/Nary/FundedCausal.lean:252:4: `simp [extractReceipt, ht, hargs, bind, Except.bind, Except.mapError] at extracted` is a flexible tactic modifying `extracted`. Try `simp?` and use the suggested `simp only [...]`. Alternatively, use `suffices` to explicitly state the simplified form.

Note: This linter can be disabled with `set_option linter.flexible false`
info: DefiKernel/Nary/FundedCausal.lean:252:4: Try this:
  [apply] simp only [Receipt.invoked.injEq, ↓existsAndEq, and_true, exists_and_right, true_and] at extracted
info: DefiKernel/Nary/FundedCausal.lean:253:4: `cases hev :
  (constTransfer .donor1 .vault 1).evaluate
    ⟨pre.state, boundary.env, boundary.ctx.principal, [], .nil, boundary.now⟩ with
| error _ => simp [hev] at extracted
| ok e' =>
  have heq : e' = e := by simpa [hev] using extracted
  exact ⟨_, e, rfl, constTransfer_deltas _ _ _ _ _ (heq ▸ hev)⟩`
uses `extracted`, which was modified by the flexible tactic `simp` on line 252!
warning: DefiKernel/Nary/FundedCausal.lean:274:4: `simp [extractReceipt, ht, hargs, bind, Except.bind, Except.mapError] at extracted` is a flexible tactic modifying `extracted`. Try `simp?` and use the suggested `simp only [...]`. Alternatively, use `suffices` to explicitly state the simplified form.

Note: This linter can be disabled with `set_option linter.flexible false`
info: DefiKernel/Nary/FundedCausal.lean:274:4: Try this:
  [apply] simp only [Receipt.invoked.injEq, ↓existsAndEq, and_true, exists_and_right, true_and] at extracted
info: DefiKernel/Nary/FundedCausal.lean:275:4: `cases hev :
  (constTransfer .donor2 .vault 2).evaluate
    ⟨pre.state, boundary.env, boundary.ctx.principal, [], .nil, boundary.now⟩ with
| error _ => simp [hev] at extracted
| ok e' =>
  have heq : e' = e := by simpa [hev] using extracted
  exact ⟨_, e, rfl, constTransfer_deltas _ _ _ _ _ (heq ▸ hev)⟩`
uses `extracted`, which was modified by the flexible tactic `simp` on line 274!
warning: DefiKernel/Nary/FundedCausal.lean:323:8: try 'simp' instead of 'simpa'

Note: This linter can be disabled with `set_option linter.unnecessarySimpa false`
warning: DefiKernel/Nary/FundedCausal.lean:533:4: `simp [snapshots, inv200, invoke, budgetOut, name]` is a flexible tactic modifying `⊢`. Try `simp?` and use the suggested `simp only [...]`. Alternatively, use `suffices` to explicitly state the simplified form.

Note: This linter can be disabled with `set_option linter.flexible false`
info: DefiKernel/Nary/FundedCausal.lean:534:4: `exact ⟨rfl, hbal⟩`
modifies the current goal, which was modified by the flexible tactic `simp` on line 533!
warning: DefiKernel/Nary/FundedCausal.lean:643:12: This simp argument is unused:
  fundedGuarantee

Hint: Omit it from the simp argument list.
  [apply] simp

Note: This linter can be disabled with `set_option linter.unusedSimpArgs false`
warning: DefiKernel/Nary/FundedCausal.lean:643:6: `simp [fundedGuarantee]` is a flexible tactic modifying `⊢`. Try `simp?` and use the suggested `simp only [...]`. Alternatively, use `suffices` to explicitly state the simplified form.

Note: This linter can be disabled with `set_option linter.flexible false`
info: DefiKernel/Nary/FundedCausal.lean:644:6: `refine ⟨hcell donor1C, hcell donor2C, hcell budgetC, hcell sentinelC, Or.inl ⟨?_, ?_⟩⟩`
modifies the current goal, which was modified by the flexible tactic `simp` on line 643!
warning: DefiKernel/Nary/FundedCausal.lean:643:6: `simp [fundedGuarantee]` is a flexible tactic modifying `⊢`. Try `simp?` and use the suggested `simp only [...]`. Alternatively, use `suffices` to explicitly state the simplified form.

Note: This linter can be disabled with `set_option linter.flexible false`
info: DefiKernel/Nary/FundedCausal.lean:645:8: `exact hcell vaultC`
modifies the current goal, which was modified by the flexible tactic `simp` on line 643!
warning: DefiKernel/Nary/FundedCausal.lean:643:6: `simp [fundedGuarantee]` is a flexible tactic modifying `⊢`. Try `simp?` and use the suggested `simp only [...]`. Alternatively, use `suffices` to explicitly state the simplified form.

Note: This linter can be disabled with `set_option linter.flexible false`
info: DefiKernel/Nary/FundedCausal.lean:646:8: `exact hcell recipientC`
modifies the current goal, which was modified by the flexible tactic `simp` on line 643!
warning: DefiKernel/Nary/FundedCausal.lean:650:8: `simp at ha` is a flexible tactic modifying `ha`. Try `simp?` and use the suggested `simp only [...]`. Alternatively, use `suffices` to explicitly state the simplified form.

Note: This linter can be disabled with `set_option linter.flexible false`
info: DefiKernel/Nary/FundedCausal.lean:651:8: `rcases ha with hne | ⟨_, ho, _⟩`
uses `ha`, which was modified by the flexible tactic `simp` on line 650!
warning: DefiKernel/Nary/FundedCausal.lean:650:8: `simp at ha` is a flexible tactic modifying `ha`. Try `simp?` and use the suggested `simp only [...]`. Alternatively, use `suffices` to explicitly state the simplified form.

Note: This linter can be disabled with `set_option linter.flexible false`
info: DefiKernel/Nary/FundedCausal.lean:652:10: `exact (hne hn0).elim`
uses `ha`, which was modified by the flexible tactic `simp` on line 650!
warning: DefiKernel/Nary/FundedCausal.lean:650:8: `simp at ha` is a flexible tactic modifying `ha`. Try `simp?` and use the suggested `simp only [...]`. Alternatively, use `suffices` to explicitly state the simplified form.

Note: This linter can be disabled with `set_option linter.flexible false`
info: DefiKernel/Nary/FundedCausal.lean:653:10: `exact ho`
uses `ha`, which was modified by the flexible tactic `simp` on line 650!
warning: DefiKernel/Nary/FundedCausal.lean:656:8: `simp at ha` is a flexible tactic modifying `ha`. Try `simp?` and use the suggested `simp only [...]`. Alternatively, use `suffices` to explicitly state the simplified form.

Note: This linter can be disabled with `set_option linter.flexible false`
info: DefiKernel/Nary/FundedCausal.lean:656:8: Try this:
  [apply] simp only [ge_iff_le] at ha
info: DefiKernel/Nary/FundedCausal.lean:657:8: `rcases ha with hne | ⟨_, _, hv⟩`
uses `ha`, which was modified by the flexible tactic `simp` on line 656!
warning: DefiKernel/Nary/FundedCausal.lean:656:8: `simp at ha` is a flexible tactic modifying `ha`. Try `simp?` and use the suggested `simp only [...]`. Alternatively, use `suffices` to explicitly state the simplified form.

Note: This linter can be disabled with `set_option linter.flexible false`
info: DefiKernel/Nary/FundedCausal.lean:656:8: Try this:
  [apply] simp only [ge_iff_le] at ha
info: DefiKernel/Nary/FundedCausal.lean:658:10: `exact (hne hn0).elim`
uses `ha`, which was modified by the flexible tactic `simp` on line 656!
warning: DefiKernel/Nary/FundedCausal.lean:656:8: `simp at ha` is a flexible tactic modifying `ha`. Try `simp?` and use the suggested `simp only [...]`. Alternatively, use `suffices` to explicitly state the simplified form.

Note: This linter can be disabled with `set_option linter.flexible false`
info: DefiKernel/Nary/FundedCausal.lean:656:8: Try this:
  [apply] simp only [ge_iff_le] at ha
info: DefiKernel/Nary/FundedCausal.lean:659:10: `exact hv`
uses `ha`, which was modified by the flexible tactic `simp` on line 656!
warning: DefiKernel/Nary/FundedCausal.lean:682:6: `simp at ha` is a flexible tactic modifying `ha`. Try `simp?` and use the suggested `simp only [...]`. Alternatively, use `suffices` to explicitly state the simplified form.

Note: This linter can be disabled with `set_option linter.flexible false`
info: DefiKernel/Nary/FundedCausal.lean:682:6: Try this:
  [apply] simp only [ge_iff_le] at ha
info: DefiKernel/Nary/FundedCausal.lean:683:6: `exact ha hn1`
uses `ha`, which was modified by the flexible tactic `simp` on line 682!
warning: DefiKernel/Nary/FundedCausal.lean:703:6: `simp at ha` is a flexible tactic modifying `ha`. Try `simp?` and use the suggested `simp only [...]`. Alternatively, use `suffices` to explicitly state the simplified form.

Note: This linter can be disabled with `set_option linter.flexible false`
info: DefiKernel/Nary/FundedCausal.lean:703:6: Try this:
  [apply] simp only [ge_iff_le] at ha
info: DefiKernel/Nary/FundedCausal.lean:704:6: `exact ha hn2`
uses `ha`, which was modified by the flexible tactic `simp` on line 703!
warning: DefiKernel/Nary/FundedCausal.lean:789:4: `simp [extractReceipt, ht, hargs, bind, Except.bind, Except.mapError] at extracted` is a flexible tactic modifying `extracted`. Try `simp?` and use the suggested `simp only [...]`. Alternatively, use `suffices` to explicitly state the simplified form.

Note: This linter can be disabled with `set_option linter.flexible false`
info: DefiKernel/Nary/FundedCausal.lean:790:4: `cases hev :
  (consumerTransfer .recipient).evaluate
    ⟨pre.state, boundary.env, boundary.ctx.principal, [], .cons (6 : ℚ) .nil, boundary.now⟩ with
| error _ => simp [hev] at extracted
| ok e' =>
  have heq : e' = e := by simpa [hev] using extracted
  have hvalid := (applyEvaluated_ok_iff _ _ _ _ _ _).mp applied
  have hguard : e.guard = true := hvalid.1.1
  have hev' :
    (consumerTransfer .recipient).evaluate
        ⟨pre.state, boundary.env, boundary.ctx.principal, [], .cons (6 : ℚ) .nil, boundary.now⟩ =
      .ok e :=
    heq ▸ hev
  simp [Template.evaluate, consumerTransfer, resolveRefs, packed, cellRef, bind, Except.bind, pure, Except.pure,
    usdArg] at hev'
  cases hev'
  simp only [rec201, recConsumer, evaluated]
  rw [← hguard]
  rfl`
uses `extracted`, which was modified by the flexible tactic `simp` on line 789!
warning: DefiKernel/Nary/FundedCausal.lean:801:6: `simp [Template.evaluate, consumerTransfer, resolveRefs, packed, cellRef, bind,
        Except.bind, pure, Except.pure, usdArg] at hev'` is a flexible tactic modifying `hev'`. Try `simp?` and use the suggested `simp only [...]`. Alternatively, use `suffices` to explicitly state the simplified form.

Note: This linter can be disabled with `set_option linter.flexible false`
info: DefiKernel/Nary/FundedCausal.lean:803:6: `cases hev'`
uses `hev'`, which was modified by the flexible tactic `simp` on line 801!
warning: DefiKernel/Nary/FundedCausal.lean:801:6: `simp [Template.evaluate, consumerTransfer, resolveRefs, packed, cellRef, bind,
        Except.bind, pure, Except.pure, usdArg] at hev'` is a flexible tactic modifying `hev'`. Try `simp?` and use the suggested `simp only [...]`. Alternatively, use `suffices` to explicitly state the simplified form.

Note: This linter can be disabled with `set_option linter.flexible false`
info: DefiKernel/Nary/FundedCausal.lean:805:6: `rw [← hguard]`
uses `hev'`, which was modified by the flexible tactic `simp` on line 801!
warning: DefiKernel/Nary/FundedCausal.lean:893:8: `simp at ha` is a flexible tactic modifying `ha`. Try `simp?` and use the suggested `simp only [...]`. Alternatively, use `suffices` to explicitly state the simplified form.

Note: This linter can be disabled with `set_option linter.flexible false`
info: DefiKernel/Nary/FundedCausal.lean:894:8: `rcases ha with hne | ⟨_, ho, _⟩`
uses `ha`, which was modified by the flexible tactic `simp` on line 893!
warning: DefiKernel/Nary/FundedCausal.lean:893:8: `simp at ha` is a flexible tactic modifying `ha`. Try `simp?` and use the suggested `simp only [...]`. Alternatively, use `suffices` to explicitly state the simplified form.

Note: This linter can be disabled with `set_option linter.flexible false`
info: DefiKernel/Nary/FundedCausal.lean:895:10: `exact (hne hn0).elim`
uses `ha`, which was modified by the flexible tactic `simp` on line 893!
warning: DefiKernel/Nary/FundedCausal.lean:893:8: `simp at ha` is a flexible tactic modifying `ha`. Try `simp?` and use the suggested `simp only [...]`. Alternatively, use `suffices` to explicitly state the simplified form.

Note: This linter can be disabled with `set_option linter.flexible false`
info: DefiKernel/Nary/FundedCausal.lean:896:10: `exact ho`
uses `ha`, which was modified by the flexible tactic `simp` on line 893!
warning: DefiKernel/Nary/FundedCausal.lean:913:8: `simp [fundedBalances, accept_world, hn0', hn1', hn2', consumedFlag]` is a flexible tactic modifying `⊢`. Try `simp?` and use the suggested `simp only [...]`. Alternatively, use `suffices` to explicitly state the simplified form.

Note: This linter can be disabled with `set_option linter.flexible false`
info: DefiKernel/Nary/FundedCausal.lean:914:8: `refine ⟨?_, ?_, ?_, ?_, ?_, ?_⟩`
modifies the current goal, which was modified by the flexible tactic `simp` on line 913!
warning: DefiKernel/Nary/FundedCausal.lean:950:6: `simp [fundedBalances, accept_world, hn0', hn1', hn2']` is a flexible tactic modifying `⊢`. Try `simp?` and use the suggested `simp only [...]`. Alternatively, use `suffices` to explicitly state the simplified form.

Note: This linter can be disabled with `set_option linter.flexible false`
info: DefiKernel/Nary/FundedCausal.lean:951:6: `refine ⟨?_, ?_, ?_, ?_, ?_, ?_⟩`
modifies the current goal, which was modified by the flexible tactic `simp` on line 950!
warning: DefiKernel/Nary/FundedCausal.lean:996:6: `simp [fundedBalances, accept_world, hn0', hn1', hn2']` is a flexible tactic modifying `⊢`. Try `simp?` and use the suggested `simp only [...]`. Alternatively, use `suffices` to explicitly state the simplified form.

Note: This linter can be disabled with `set_option linter.flexible false`
info: DefiKernel/Nary/FundedCausal.lean:997:6: `refine ⟨?_, ?_, ?_, ?_, ?_, ?_⟩`
modifies the current goal, which was modified by the flexible tactic `simp` on line 996!
warning: DefiKernel/Nary/FundedCausal.lean:1066:64: This simp argument is unused:
  List.count_cons

Hint: Omit it from the simp argument list.
  [apply] simp [ih]

Note: This linter can be disabled with `set_option linter.unusedSimpArgs false`
warning: DefiKernel/Nary/FundedCausal.lean:1066:81: This simp argument is unused:
  ih

Hint: Omit it from the simp argument list.
  [apply] simp [List.count_cons]

Note: This linter can be disabled with `set_option linter.unusedSimpArgs false`
warning: DefiKernel/Nary/FundedCausal.lean:1100:12: This simp argument is unused:
  List.count_cons

Hint: Omit it from the simp argument list.
  [apply] simp [List.count_nil, f10Schedules] at h0 h1 h2 ⊢

Note: This linter can be disabled with `set_option linter.unusedSimpArgs false`
warning: DefiKernel/Nary/FundedCausal.lean:1101:6: 'first
| omega
| decide' tactic does nothing

Note: This linter can be disabled with `set_option linter.unusedTactic false`
warning: DefiKernel/Nary/FundedCausal.lean:1101:6: this tactic is never executed

Note: This linter can be disabled with `set_option linter.unreachableTactic false`
error: DefiKernel/Nary/FundedCausal.lean:1104:40: unexpected token 'set_option'; expected 'lemma'
warning: DefiKernel/Nary/FundedCausal.lean:1105:0: Unscoped option maxHeartbeats is not allowed:
Please scope this to individual declarations, as in
```
set_option maxHeartbeats in
-- comment explaining why this is necessary
example : ... := ...
```

Note: This linter can be disabled with `set_option linter.style.setOption false`
warning: DefiKernel/Nary/FundedCausal.lean:1109:2: `simp [f10Schedules] at hs` is a flexible tactic modifying `hs`. Try `simp?` and use the suggested `simp only [...]`. Alternatively, use `suffices` to explicitly state the simplified form.

Note: This linter can be disabled with `set_option linter.flexible false`
info: DefiKernel/Nary/FundedCausal.lean:1110:2: `rcases hs with h | h | h | h | h | h | h | h | h | h | h | h`
uses `hs`, which was modified by the flexible tactic `simp` on line 1109!
warning: DefiKernel/Nary/FundedCausal.lean:1109:2: `simp [f10Schedules] at hs` is a flexible tactic modifying `hs`. Try `simp?` and use the suggested `simp only [...]`. Alternatively, use `suffices` to explicitly state the simplified form.

Note: This linter can be disabled with `set_option linter.flexible false`
info: DefiKernel/Nary/FundedCausal.lean:1114:4: `decide +kernel`
uses `hs`, which was modified by the flexible tactic `simp` on line 1109!
warning: DefiKernel/Nary/FundedCausal.lean:1109:2: `simp [f10Schedules] at hs` is a flexible tactic modifying `hs`. Try `simp?` and use the suggested `simp only [...]`. Alternatively, use `suffices` to explicitly state the simplified form.

Note: This linter can be disabled with `set_option linter.flexible false`
info: DefiKernel/Nary/FundedCausal.lean:1114:4: `decide +kernel`
uses `hs`, which was modified by the flexible tactic `simp` on line 1109!
warning: DefiKernel/Nary/FundedCausal.lean:1109:2: `simp [f10Schedules] at hs` is a flexible tactic modifying `hs`. Try `simp?` and use the suggested `simp only [...]`. Alternatively, use `suffices` to explicitly state the simplified form.

Note: This linter can be disabled with `set_option linter.flexible false`
info: DefiKernel/Nary/FundedCausal.lean:1114:4: `decide +kernel`
uses `hs`, which was modified by the flexible tactic `simp` on line 1109!
warning: DefiKernel/Nary/FundedCausal.lean:1109:2: `simp [f10Schedules] at hs` is a flexible tactic modifying `hs`. Try `simp?` and use the suggested `simp only [...]`. Alternatively, use `suffices` to explicitly state the simplified form.

Note: This linter can be disabled with `set_option linter.flexible false`
info: DefiKernel/Nary/FundedCausal.lean:1114:4: `decide +kernel`
uses `hs`, which was modified by the flexible tactic `simp` on line 1109!
warning: DefiKernel/Nary/FundedCausal.lean:1109:2: `simp [f10Schedules] at hs` is a flexible tactic modifying `hs`. Try `simp?` and use the suggested `simp only [...]`. Alternatively, use `suffices` to explicitly state the simplified form.

Note: This linter can be disabled with `set_option linter.flexible false`
info: DefiKernel/Nary/FundedCausal.lean:1114:4: `decide +kernel`
uses `hs`, which was modified by the flexible tactic `simp` on line 1109!
warning: DefiKernel/Nary/FundedCausal.lean:1109:2: `simp [f10Schedules] at hs` is a flexible tactic modifying `hs`. Try `simp?` and use the suggested `simp only [...]`. Alternatively, use `suffices` to explicitly state the simplified form.

Note: This linter can be disabled with `set_option linter.flexible false`
info: DefiKernel/Nary/FundedCausal.lean:1114:4: `decide +kernel`
uses `hs`, which was modified by the flexible tactic `simp` on line 1109!
warning: DefiKernel/Nary/FundedCausal.lean:1109:2: `simp [f10Schedules] at hs` is a flexible tactic modifying `hs`. Try `simp?` and use the suggested `simp only [...]`. Alternatively, use `suffices` to explicitly state the simplified form.

Note: This linter can be disabled with `set_option linter.flexible false`
info: DefiKernel/Nary/FundedCausal.lean:1114:4: `decide +kernel`
uses `hs`, which was modified by the flexible tactic `simp` on line 1109!
warning: DefiKernel/Nary/FundedCausal.lean:1109:2: `simp [f10Schedules] at hs` is a flexible tactic modifying `hs`. Try `simp?` and use the suggested `simp only [...]`. Alternatively, use `suffices` to explicitly state the simplified form.

Note: This linter can be disabled with `set_option linter.flexible false`
info: DefiKernel/Nary/FundedCausal.lean:1114:4: `decide +kernel`
uses `hs`, which was modified by the flexible tactic `simp` on line 1109!
warning: DefiKernel/Nary/FundedCausal.lean:1109:2: `simp [f10Schedules] at hs` is a flexible tactic modifying `hs`. Try `simp?` and use the suggested `simp only [...]`. Alternatively, use `suffices` to explicitly state the simplified form.

Note: This linter can be disabled with `set_option linter.flexible false`
info: DefiKernel/Nary/FundedCausal.lean:1114:4: `decide +kernel`
uses `hs`, which was modified by the flexible tactic `simp` on line 1109!
warning: DefiKernel/Nary/FundedCausal.lean:1109:2: `simp [f10Schedules] at hs` is a flexible tactic modifying `hs`. Try `simp?` and use the suggested `simp only [...]`. Alternatively, use `suffices` to explicitly state the simplified form.

Note: This linter can be disabled with `set_option linter.flexible false`
info: DefiKernel/Nary/FundedCausal.lean:1114:4: `decide +kernel`
uses `hs`, which was modified by the flexible tactic `simp` on line 1109!
warning: DefiKernel/Nary/FundedCausal.lean:1109:2: `simp [f10Schedules] at hs` is a flexible tactic modifying `hs`. Try `simp?` and use the suggested `simp only [...]`. Alternatively, use `suffices` to explicitly state the simplified form.

Note: This linter can be disabled with `set_option linter.flexible false`
info: DefiKernel/Nary/FundedCausal.lean:1114:4: `decide +kernel`
uses `hs`, which was modified by the flexible tactic `simp` on line 1109!
warning: DefiKernel/Nary/FundedCausal.lean:1109:2: `simp [f10Schedules] at hs` is a flexible tactic modifying `hs`. Try `simp?` and use the suggested `simp only [...]`. Alternatively, use `suffices` to explicitly state the simplified form.

Note: This linter can be disabled with `set_option linter.flexible false`
info: DefiKernel/Nary/FundedCausal.lean:1114:4: `decide +kernel`
uses `hs`, which was modified by the flexible tactic `simp` on line 1109!
warning: DefiKernel/Nary/FundedCausal.lean:1129:2: `simp [f10Schedules] at hs` is a flexible tactic modifying `hs`. Try `simp?` and use the suggested `simp only [...]`. Alternatively, use `suffices` to explicitly state the simplified form.

Note: This linter can be disabled with `set_option linter.flexible false`
info: DefiKernel/Nary/FundedCausal.lean:1129:2: Try this:
  [apply] simp only [Fin.isValue] at hs
info: DefiKernel/Nary/FundedCausal.lean:1130:2: `rcases hs with h | h | h | h | h | h | h | h | h | h | h | h`
uses `hs`, which was modified by the flexible tactic `simp` on line 1129!
warning: DefiKernel/Nary/FundedCausal.lean:1129:2: `simp [f10Schedules] at hs` is a flexible tactic modifying `hs`. Try `simp?` and use the suggested `simp only [...]`. Alternatively, use `suffices` to explicitly state the simplified form.

Note: This linter can be disabled with `set_option linter.flexible false`
info: DefiKernel/Nary/FundedCausal.lean:1129:2: Try this:
  [apply] simp only [Fin.isValue] at hs
info: DefiKernel/Nary/FundedCausal.lean:1134:4: `decide +kernel`
uses `hs`, which was modified by the flexible tactic `simp` on line 1129!
warning: DefiKernel/Nary/FundedCausal.lean:1129:2: `simp [f10Schedules] at hs` is a flexible tactic modifying `hs`. Try `simp?` and use the suggested `simp only [...]`. Alternatively, use `suffices` to explicitly state the simplified form.

Note: This linter can be disabled with `set_option linter.flexible false`
info: DefiKernel/Nary/FundedCausal.lean:1129:2: Try this:
  [apply] simp only [Fin.isValue] at hs
info: DefiKernel/Nary/FundedCausal.lean:1134:4: `decide +kernel`
uses `hs`, which was modified by the flexible tactic `simp` on line 1129!
warning: DefiKernel/Nary/FundedCausal.lean:1129:2: `simp [f10Schedules] at hs` is a flexible tactic modifying `hs`. Try `simp?` and use the suggested `simp only [...]`. Alternatively, use `suffices` to explicitly state the simplified form.

Note: This linter can be disabled with `set_option linter.flexible false`
info: DefiKernel/Nary/FundedCausal.lean:1129:2: Try this:
  [apply] simp only [Fin.isValue] at hs
info: DefiKernel/Nary/FundedCausal.lean:1134:4: `decide +kernel`
uses `hs`, which was modified by the flexible tactic `simp` on line 1129!
warning: DefiKernel/Nary/FundedCausal.lean:1129:2: `simp [f10Schedules] at hs` is a flexible tactic modifying `hs`. Try `simp?` and use the suggested `simp only [...]`. Alternatively, use `suffices` to explicitly state the simplified form.

Note: This linter can be disabled with `set_option linter.flexible false`
info: DefiKernel/Nary/FundedCausal.lean:1129:2: Try this:
  [apply] simp only [Fin.isValue] at hs
info: DefiKernel/Nary/FundedCausal.lean:1134:4: `decide +kernel`
uses `hs`, which was modified by the flexible tactic `simp` on line 1129!
warning: DefiKernel/Nary/FundedCausal.lean:1129:2: `simp [f10Schedules] at hs` is a flexible tactic modifying `hs`. Try `simp?` and use the suggested `simp only [...]`. Alternatively, use `suffices` to explicitly state the simplified form.

Note: This linter can be disabled with `set_option linter.flexible false`
info: DefiKernel/Nary/FundedCausal.lean:1129:2: Try this:
  [apply] simp only [Fin.isValue] at hs
info: DefiKernel/Nary/FundedCausal.lean:1134:4: `decide +kernel`
uses `hs`, which was modified by the flexible tactic `simp` on line 1129!
warning: DefiKernel/Nary/FundedCausal.lean:1129:2: `simp [f10Schedules] at hs` is a flexible tactic modifying `hs`. Try `simp?` and use the suggested `simp only [...]`. Alternatively, use `suffices` to explicitly state the simplified form.

Note: This linter can be disabled with `set_option linter.flexible false`
info: DefiKernel/Nary/FundedCausal.lean:1129:2: Try this:
  [apply] simp only [Fin.isValue] at hs
info: DefiKernel/Nary/FundedCausal.lean:1134:4: `decide +kernel`
uses `hs`, which was modified by the flexible tactic `simp` on line 1129!
warning: DefiKernel/Nary/FundedCausal.lean:1129:2: `simp [f10Schedules] at hs` is a flexible tactic modifying `hs`. Try `simp?` and use the suggested `simp only [...]`. Alternatively, use `suffices` to explicitly state the simplified form.

Note: This linter can be disabled with `set_option linter.flexible false`
info: DefiKernel/Nary/FundedCausal.lean:1129:2: Try this:
  [apply] simp only [Fin.isValue] at hs
info: DefiKernel/Nary/FundedCausal.lean:1134:4: `decide +kernel`
uses `hs`, which was modified by the flexible tactic `simp` on line 1129!
warning: DefiKernel/Nary/FundedCausal.lean:1129:2: `simp [f10Schedules] at hs` is a flexible tactic modifying `hs`. Try `simp?` and use the suggested `simp only [...]`. Alternatively, use `suffices` to explicitly state the simplified form.

Note: This linter can be disabled with `set_option linter.flexible false`
info: DefiKernel/Nary/FundedCausal.lean:1129:2: Try this:
  [apply] simp only [Fin.isValue] at hs
info: DefiKernel/Nary/FundedCausal.lean:1134:4: `decide +kernel`
uses `hs`, which was modified by the flexible tactic `simp` on line 1129!
warning: DefiKernel/Nary/FundedCausal.lean:1129:2: `simp [f10Schedules] at hs` is a flexible tactic modifying `hs`. Try `simp?` and use the suggested `simp only [...]`. Alternatively, use `suffices` to explicitly state the simplified form.

Note: This linter can be disabled with `set_option linter.flexible false`
info: DefiKernel/Nary/FundedCausal.lean:1129:2: Try this:
  [apply] simp only [Fin.isValue] at hs
info: DefiKernel/Nary/FundedCausal.lean:1134:4: `decide +kernel`
uses `hs`, which was modified by the flexible tactic `simp` on line 1129!
warning: DefiKernel/Nary/FundedCausal.lean:1129:2: `simp [f10Schedules] at hs` is a flexible tactic modifying `hs`. Try `simp?` and use the suggested `simp only [...]`. Alternatively, use `suffices` to explicitly state the simplified form.

Note: This linter can be disabled with `set_option linter.flexible false`
info: DefiKernel/Nary/FundedCausal.lean:1129:2: Try this:
  [apply] simp only [Fin.isValue] at hs
info: DefiKernel/Nary/FundedCausal.lean:1134:4: `decide +kernel`
uses `hs`, which was modified by the flexible tactic `simp` on line 1129!
warning: DefiKernel/Nary/FundedCausal.lean:1129:2: `simp [f10Schedules] at hs` is a flexible tactic modifying `hs`. Try `simp?` and use the suggested `simp only [...]`. Alternatively, use `suffices` to explicitly state the simplified form.

Note: This linter can be disabled with `set_option linter.flexible false`
info: DefiKernel/Nary/FundedCausal.lean:1129:2: Try this:
  [apply] simp only [Fin.isValue] at hs
info: DefiKernel/Nary/FundedCausal.lean:1134:4: `decide +kernel`
uses `hs`, which was modified by the flexible tactic `simp` on line 1129!
warning: DefiKernel/Nary/FundedCausal.lean:1129:2: `simp [f10Schedules] at hs` is a flexible tactic modifying `hs`. Try `simp?` and use the suggested `simp only [...]`. Alternatively, use `suffices` to explicitly state the simplified form.

Note: This linter can be disabled with `set_option linter.flexible false`
info: DefiKernel/Nary/FundedCausal.lean:1129:2: Try this:
  [apply] simp only [Fin.isValue] at hs
info: DefiKernel/Nary/FundedCausal.lean:1134:4: `decide +kernel`
uses `hs`, which was modified by the flexible tactic `simp` on line 1129!
warning: DefiKernel/Nary/FundedCausal.lean:1187:6: `simp at ha` is a flexible tactic modifying `ha`. Try `simp?` and use the suggested `simp only [...]`. Alternatively, use `suffices` to explicitly state the simplified form.

Note: This linter can be disabled with `set_option linter.flexible false`
info: DefiKernel/Nary/FundedCausal.lean:1187:6: Try this:
  [apply] simp only [Fin.isValue, true_and, Fin.zero_eq_one_iff, OfNat.ofNat_ne_one, false_and, Fin.reduceEq, or_self,
    or_false] at ha
info: DefiKernel/Nary/FundedCausal.lean:1188:6: `rcases ha with hne | ⟨_, hout, hvault⟩`
uses `ha`, which was modified by the flexible tactic `simp` on line 1187!
warning: DefiKernel/Nary/FundedCausal.lean:1187:6: `simp at ha` is a flexible tactic modifying `ha`. Try `simp?` and use the suggested `simp only [...]`. Alternatively, use `suffices` to explicitly state the simplified form.

Note: This linter can be disabled with `set_option linter.flexible false`
info: DefiKernel/Nary/FundedCausal.lean:1187:6: Try this:
  [apply] simp only [Fin.isValue, true_and, Fin.zero_eq_one_iff, OfNat.ofNat_ne_one, false_and, Fin.reduceEq, or_self,
    or_false] at ha
info: DefiKernel/Nary/FundedCausal.lean:1189:8: `exact (hne hn0).elim`
uses `ha`, which was modified by the flexible tactic `simp` on line 1187!
warning: DefiKernel/Nary/FundedCausal.lean:1187:6: `simp at ha` is a flexible tactic modifying `ha`. Try `simp?` and use the suggested `simp only [...]`. Alternatively, use `suffices` to explicitly state the simplified form.

Note: This linter can be disabled with `set_option linter.flexible false`
info: DefiKernel/Nary/FundedCausal.lean:1187:6: Try this:
  [apply] simp only [Fin.isValue, true_and, Fin.zero_eq_one_iff, OfNat.ofNat_ne_one, false_and, Fin.reduceEq, or_self,
    or_false] at ha
info: DefiKernel/Nary/FundedCausal.lean:1190:8: `refine Or.inr (Or.inl ⟨rfl, hinv0, hn0, hout, ?_⟩)`
uses `ha`, which was modified by the flexible tactic `simp` on line 1187!
warning: DefiKernel/Nary/FundedCausal.lean:1195:4: `simp at ha` is a flexible tactic modifying `ha`. Try `simp?` and use the suggested `simp only [...]`. Alternatively, use `suffices` to explicitly state the simplified form.

Note: This linter can be disabled with `set_option linter.flexible false`
info: DefiKernel/Nary/FundedCausal.lean:1195:4: Try this:
  [apply] simp only [Fin.isValue, Fin.one_eq_zero_iff, OfNat.ofNat_ne_one, false_and, true_and, Fin.reduceEq, or_false,
    false_or] at ha
info: DefiKernel/Nary/FundedCausal.lean:1196:4: `exact Or.inr (Or.inr (Or.inl ⟨rfl, rfl, hn1, ha hn1⟩))`
uses `ha`, which was modified by the flexible tactic `simp` on line 1195!
warning: DefiKernel/Nary/FundedCausal.lean:1200:4: `simp at ha` is a flexible tactic modifying `ha`. Try `simp?` and use the suggested `simp only [...]`. Alternatively, use `suffices` to explicitly state the simplified form.

Note: This linter can be disabled with `set_option linter.flexible false`
info: DefiKernel/Nary/FundedCausal.lean:1200:4: Try this:
  [apply] simp only [Fin.isValue, Fin.reduceEq, false_and, true_and, false_or] at ha
info: DefiKernel/Nary/FundedCausal.lean:1201:4: `exact Or.inr (Or.inr (Or.inr ⟨rfl, rfl, hn2, ha hn2⟩))`
uses `ha`, which was modified by the flexible tactic `simp` on line 1200!
error: Lean exited with code 1
Some required targets logged failures:
- DefiKernel.Nary.FundedCausal
