DefiKernel/Nary/FundedCausal.lean:135:5: warning: Variable name `h0` is not explicitly referenced.

Hint: The binding can be removed (if unused) or named `_` (if used implicitly). Alternatively, prefix the name with `_` to silence this warning:
  [apply] _h0

Note: This linter can be disabled with `set_option linter.unusedVariables false`
DefiKernel/Nary/FundedCausal.lean:225:48: warning: This simp argument is unused:
  litAmt

Hint: Omit it from the simp argument list.
  [apply] simp [Template.evaluate, consumerTransfer, resolveRefs, packed, cellRef, bind, Except.bind, pure, Except.pure,
    usdArg] at hev'

Note: This linter can be disabled with `set_option linter.unusedSimpArgs false`
DefiKernel/Nary/FundedCausal.lean:323:8: warning: try 'simp' instead of 'simpa'

Note: This linter can be disabled with `set_option linter.unnecessarySimpa false`
DefiKernel/Nary/FundedCausal.lean:643:12: warning: This simp argument is unused:
  fundedGuarantee

Hint: Omit it from the simp argument list.
  [apply] simp

Note: This linter can be disabled with `set_option linter.unusedSimpArgs false`
DefiKernel/Nary/FundedCausal.lean:1066:64: warning: This simp argument is unused:
  List.count_cons

Hint: Omit it from the simp argument list.
  [apply] simp [ih]

Note: This linter can be disabled with `set_option linter.unusedSimpArgs false`
DefiKernel/Nary/FundedCausal.lean:1066:81: warning: This simp argument is unused:
  ih

Hint: Omit it from the simp argument list.
  [apply] simp [List.count_cons]

Note: This linter can be disabled with `set_option linter.unusedSimpArgs false`
DefiKernel/Nary/FundedCausal.lean:1100:12: warning: This simp argument is unused:
  List.count_cons

Hint: Omit it from the simp argument list.
  [apply] simp [List.count_nil, f10Schedules] at h0 h1 h2 ⊢

Note: This linter can be disabled with `set_option linter.unusedSimpArgs false`
