test_adjudication_schema_and_distinct_annotation_refs (__main__.CorpusCLI.test_adjudication_schema_and_distinct_annotation_refs) ... ok
test_annotation_corruptions (__main__.CorpusCLI.test_annotation_corruptions) ... ok
test_coherent_split_payload_corruptions (__main__.CorpusCLI.test_coherent_split_payload_corruptions) ... ok
test_coverage_distinguishes_empty_agreements (__main__.CorpusCLI.test_coverage_distinguishes_empty_agreements) ... ok
test_derived_corruptions (__main__.CorpusCLI.test_derived_corruptions) ... ok
test_duplicate_json_keys_and_malformed_json (__main__.CorpusCLI.test_duplicate_json_keys_and_malformed_json) ... ok
test_duplicate_key_in_generated_corpus (__main__.CorpusCLI.test_duplicate_key_in_generated_corpus) ... ok
test_identity_corruptions (__main__.CorpusCLI.test_identity_corruptions) ... ok
test_missing_and_empty_inputs (__main__.CorpusCLI.test_missing_and_empty_inputs) ... ok
test_neutral_binding_preserves_original_json_types (__main__.CorpusCLI.test_neutral_binding_preserves_original_json_types) ... ok
test_neutral_source_and_identity_binding (__main__.CorpusCLI.test_neutral_source_and_identity_binding) ... ok
test_partial_source_content_even_with_updated_manifest_hash (__main__.CorpusCLI.test_partial_source_content_even_with_updated_manifest_hash) ... ok
test_path_escape (__main__.CorpusCLI.test_path_escape) ... ok
test_positive_reproducible_read_only (__main__.CorpusCLI.test_positive_reproducible_read_only) ... ok
test_same_count_source_edit_with_updated_manifest_hash (__main__.CorpusCLI.test_same_count_source_edit_with_updated_manifest_hash) ... ok
test_schema_broken_local_reference (__main__.CorpusCLI.test_schema_broken_local_reference) ... ok
test_schema_is_checked (__main__.CorpusCLI.test_schema_is_checked) ... ok
test_source_drift_and_partial_walk (__main__.CorpusCLI.test_source_drift_and_partial_walk) ... ok
test_symlink_escape (__main__.CorpusCLI.test_symlink_escape) ... ok
test_unreadable_and_empty_generated (__main__.CorpusCLI.test_unreadable_and_empty_generated) ... ok

----------------------------------------------------------------------
Ran 20 tests in 12.993s

OK
