escape_quote="a\"b"
parse_escape_quote=ok:"a\"b"
parse_escape_slash=ok:"x\\y"
parse_escape_empty=ok:""
sm_nil=ok:[]
sm_single=ok:[(k, v)]
sm_two_ab=ok:[(a, 1), (b, 2)]
sm_two_ba_mkObj=ok:[(a, 1), (b, 2)]
two_ab_compress={"a":"1","b":"2"}
two_ba_compress={"a":"1","b":"2"}
cns_null=ok:none
cns_small_world=ok:some cells=0
helper_none={"theorem":"T"}
helper_some={"module":"M","theorem":"T"}
prod_none={"theorem":"T"}
prod_some={"theorem":"T","module":"M"}
decode_helper_none=ok thm=T mod=none
decode_helper_some=ok thm=T mod=some:M
depth_scalar=0
depth64=64 le64=true lt100=true
depth65=65 le64=false lt100=true
fuel100_nest64=64
fuel100_nest65=65
fuel100_nest101=100
decodeEnv_two_sm=ok sm=[(a, 1), (b, 2)]
decodeDecodedIR_codec_two_sm=ok codec sm=[(a, 1), (b, 2)]
