{
  "probe": "p27-source-identity",
  "started_utc": "2026-09-10T22:59:59.865651+00:00",
  "sandbox": "/home/charl/.cache/defiformal-program/program-execution-20260908/p27-source-grok-r1-sandbox",
  "live_partial_archive_not_followed": "/home/charl/.cache/defiformal-program/program-execution-20260908/p27-gmx-source/a85ea3491c19c93bb4b5a002d9b358fb769b7849.tar.gz",
  "live_solc_binary_not_followed": "/home/charl/.cache/defiformal-program/program-execution-20260908/p27-solc/solc-linux-amd64-v0.8.29+commit.ab55807c",
  "live_solc_build_not_followed": "/home/charl/.cache/defiformal-program/program-execution-20260908/p27-solc-build",
  "live_defiformal_not_followed": "/home/charl/defiformal",
  "checks": [
    {
      "name": "source_packet_seal_count",
      "passed": true,
      "detail": 188
    },
    {
      "name": "source_packet_seal_hashes",
      "passed": true,
      "detail": {
        "verified": 188
      }
    },
    {
      "name": "manifest_count",
      "passed": true,
      "detail": 89
    },
    {
      "name": "manifest_commit_tree",
      "passed": true,
      "detail": {
        "commit": "a85ea3491c19c93bb4b5a002d9b358fb769b7849",
        "tree": "0cc923c20087fdfab3659d672af6ce8a02665b19"
      }
    },
    {
      "name": "complete_archive_claimed",
      "passed": true,
      "detail": false
    },
    {
      "name": "manifest_execution_flags",
      "passed": true,
      "detail": false
    },
    {
      "name": "manifest_roles",
      "passed": true,
      "detail": {
        "configuration_or_documentation": 8,
        "selected_import_source": 78,
        "unexecuted_reference_test": 3
      }
    },
    {
      "name": "commit_json_sha",
      "passed": true,
      "detail": "a85ea3491c19c93bb4b5a002d9b358fb769b7849"
    },
    {
      "name": "tree_json_sha",
      "passed": true,
      "detail": "0cc923c20087fdfab3659d672af6ce8a02665b19"
    },
    {
      "name": "tree_not_truncated",
      "passed": true,
      "detail": false
    },
    {
      "name": "commit_http_status",
      "passed": true,
      "detail": 200
    },
    {
      "name": "commit_http_body_hash",
      "passed": true,
      "detail": "054c772207349f81d9011515f2c97e6427bd65311869288efa84d038e29719d7"
    },
    {
      "name": "tree_http_status",
      "passed": true,
      "detail": 200
    },
    {
      "name": "tree_http_body_hash",
      "passed": true,
      "detail": "fe5ca6e6f38bdd38d1334259a3f2d5d55ba503a9d9f5bef9632d995c1aff68ed"
    },
    {
      "name": "source_byte_and_git_blob",
      "passed": true,
      "detail": {
        "verified": 89,
        "bytes": 1535718
      }
    },
    {
      "name": "http_receipt_bindings",
      "passed": true,
      "detail": {
        "verified": 89
      }
    },
    {
      "name": "commit_tree_blob_bindings",
      "passed": true,
      "detail": {
        "verified": 89
      }
    },
    {
      "name": "source_bytes_total",
      "passed": true,
      "detail": 1535718
    },
    {
      "name": "solidity_source_count",
      "passed": true,
      "detail": 78
    },
    {
      "name": "independent_local_import_edges",
      "passed": true,
      "detail": 213
    },
    {
      "name": "independent_external_import_occurrences",
      "passed": true,
      "detail": 22
    },
    {
      "name": "manifest_local_import_edges",
      "passed": true,
      "detail": 213
    },
    {
      "name": "manifest_unresolved_external_imports",
      "passed": true,
      "detail": 22
    },
    {
      "name": "local_import_edge_set",
      "passed": true,
      "detail": 213
    },
    {
      "name": "external_import_set",
      "passed": true,
      "detail": 22
    },
    {
      "name": "static_anchor_count",
      "passed": true,
      "detail": 16
    },
    {
      "name": "static_anchors",
      "passed": true,
      "detail": 16
    },
    {
      "name": "failed_archive_flags",
      "passed": true,
      "detail": {
        "complete_archive": false,
        "extracted": 0
      }
    },
    {
      "name": "failed_archive_size_claim",
      "passed": true,
      "detail": 104857600
    },
    {
      "name": "failed_archive_live_path_record_not_followed",
      "passed": true,
      "detail": "/home/charl/.cache/defiformal-program/program-execution-20260908/p27-gmx-source/a85ea3491c19c93bb4b5a002d9b358fb769b7849.tar.gz"
    },
    {
      "name": "failed_archive_absent_from_sandbox",
      "passed": true,
      "detail": true
    },
    {
      "name": "failed_archive_packet_bindings",
      "passed": true,
      "detail": 7
    },
    {
      "name": "dependency_packet_seal",
      "passed": true,
      "detail": 22
    },
    {
      "name": "yarn_lock_sha256",
      "passed": true,
      "detail": "6a1fbcbc5a45d0e276eba5f831617272f72246db9fb6f297f6c48a049ac179cd"
    },
    {
      "name": "dependency_package_identities",
      "passed": true,
      "detail": [
        "@openzeppelin/contracts@4.9.3",
        "prb-math@2.4.3"
      ]
    },
    {
      "name": "@openzeppelin/contracts_archive_sha256",
      "passed": true,
      "detail": "00d83cdf0802dd4d1eb8e146e7046a72eb7bbb8f8aeda1243d9d7d48584cb1c0"
    },
    {
      "name": "@openzeppelin/contracts_sha512_integrity",
      "passed": true,
      "detail": "sha512-He3LieZ1pP2TNt5JbkPA4PNT9WC3gOTOlDcFGJW4Le4QKqwmiNJCRt44APfxMxvq7OugU/cqYuPcSBzOw38DAg=="
    },
    {
      "name": "@openzeppelin/contracts_lock_sha1",
      "passed": true,
      "detail": "00d7a8cf35a475b160b3f0293a6403c511099364"
    },
    {
      "name": "@openzeppelin/contracts_lock_text_binding",
      "passed": true,
      "detail": true
    },
    {
      "name": "@openzeppelin/contracts_member_count",
      "passed": true,
      "detail": 374
    },
    {
      "name": "@openzeppelin/contracts_recorded_member_count",
      "passed": true,
      "detail": 374
    },
    {
      "name": "@openzeppelin/contracts_selected_source",
      "passed": true,
      "detail": "@openzeppelin/contracts/utils/structs/EnumerableSet.sol"
    },
    {
      "name": "@openzeppelin/contracts_selected_source",
      "passed": true,
      "detail": "@openzeppelin/contracts/utils/math/SafeCast.sol"
    },
    {
      "name": "@openzeppelin/contracts_selected_source",
      "passed": true,
      "detail": "@openzeppelin/contracts/utils/math/SignedMath.sol"
    },
    {
      "name": "@openzeppelin/contracts_selected_source",
      "passed": true,
      "detail": "@openzeppelin/contracts/utils/math/Math.sol"
    },
    {
      "name": "@openzeppelin/contracts_selected_source",
      "passed": true,
      "detail": "@openzeppelin/contracts/utils/Address.sol"
    },
    {
      "name": "@openzeppelin/contracts_selected_source",
      "passed": true,
      "detail": "@openzeppelin/contracts/token/ERC20/IERC20.sol"
    },
    {
      "name": "@openzeppelin/contracts_selected_source",
      "passed": true,
      "detail": "@openzeppelin/contracts/token/ERC20/utils/SafeERC20.sol"
    },
    {
      "name": "@openzeppelin/contracts_selected_source",
      "passed": true,
      "detail": "@openzeppelin/contracts/token/ERC20/extensions/IERC20Permit.sol"
    },
    {
      "name": "@openzeppelin/contracts_selected_source",
      "passed": true,
      "detail": "@openzeppelin/contracts/token/ERC20/ERC20.sol"
    },
    {
      "name": "@openzeppelin/contracts_selected_source",
      "passed": true,
      "detail": "@openzeppelin/contracts/token/ERC20/extensions/IERC20Metadata.sol"
    },
    {
      "name": "@openzeppelin/contracts_selected_source",
      "passed": true,
      "detail": "@openzeppelin/contracts/utils/Context.sol"
    },
    {
      "name": "prb-math_archive_sha256",
      "passed": true,
      "detail": "6da392e6b00830d4c6d700d39685f193e7d9ade25eed25d69cfaa496e95b7194"
    },
    {
      "name": "prb-math_sha512_integrity",
      "passed": true,
      "detail": "sha512-t5jncEscKmWg7COkMkmbXXxSeDI6Xl21rxx5e+oxUCqskNvsu6Q9RqdVfGY6y+sMwyMQE8DJ/OOyQ9ExH1yfbw=="
    },
    {
      "name": "prb-math_lock_sha1",
      "passed": true,
      "detail": "a0121111aeae49fe5686db4aef422b785101bf7b"
    },
    {
      "name": "prb-math_lock_text_binding",
      "passed": true,
      "detail": true
    },
    {
      "name": "prb-math_member_count",
      "passed": true,
      "detail": 34
    },
    {
      "name": "prb-math_recorded_member_count",
      "passed": true,
      "detail": 34
    },
    {
      "name": "prb-math_selected_source",
      "passed": true,
      "detail": "prb-math/contracts/PRBMathUD60x18.sol"
    },
    {
      "name": "prb-math_selected_source",
      "passed": true,
      "detail": "prb-math/contracts/PRBMath.sol"
    },
    {
      "name": "package_members_total",
      "passed": true,
      "detail": {
        "total": 408,
        "openzeppelin": 374,
        "prb_math": 34
      }
    },
    {
      "name": "selected_dependency_sources",
      "passed": true,
      "detail": {
        "total": 13,
        "openzeppelin": 11,
        "prb_math": 2
      }
    },
    {
      "name": "identity_compiler_source_count",
      "passed": true,
      "detail": 91
    },
    {
      "name": "dependency_execution_flags",
      "passed": true,
      "detail": false
    },
    {
      "name": "dependency_unresolved_imports_recorded",
      "passed": true,
      "detail": 0
    },
    {
      "name": "closed_source_count",
      "passed": true,
      "detail": 91
    },
    {
      "name": "independent_closed_lexical_edges",
      "passed": true,
      "detail": 243
    },
    {
      "name": "independent_closed_unresolved",
      "passed": true,
      "detail": 0
    },
    {
      "name": "identity_lexical_import_edges",
      "passed": true,
      "detail": 243
    },
    {
      "name": "closed_import_edge_set",
      "passed": true,
      "detail": 243
    },
    {
      "name": "compiler_json_sha256_claim",
      "passed": true,
      "detail": "18d418a40dc04d17656b1b5c8a7b35cfbab8942b51f38d005d5b59e8aa6637e0"
    },
    {
      "name": "solc_http_sha256",
      "passed": true,
      "detail": "18d418a40dc04d17656b1b5c8a7b35cfbab8942b51f38d005d5b59e8aa6637e0"
    },
    {
      "name": "version_stdout",
      "passed": true,
      "detail": "0.8.29+commit.ab55807c"
    },
    {
      "name": "version_stdout_sha256",
      "passed": true,
      "detail": "faa0a67b91b3070a8c5b5ec078e85912815803f5de911716d96b318d938aff79"
    },
    {
      "name": "version_stderr_empty",
      "passed": true,
      "detail": "e3b0c44298fc1c149afbf4c8996fb92427ae41e4649b934ca495991b7852b855"
    },
    {
      "name": "root_version_command_used_live_solc_not_this_session",
      "passed": true,
      "detail": [
        "/home/charl/.cache/defiformal-program/program-execution-20260908/p27-solc/solc-linux-amd64-v0.8.29+commit.ab55807c",
        "--version"
      ]
    },
    {
      "name": "baseline_command_compiler_sha256",
      "passed": true,
      "detail": "18d418a40dc04d17656b1b5c8a7b35cfbab8942b51f38d005d5b59e8aa6637e0"
    },
    {
      "name": "baseline_command_stdio",
      "passed": true,
      "detail": {
        "stdin": "02c36964d1546c554e66b70ce5814a50524ac6943379062c53356b76b129e5b3",
        "stdout": "857dd5efea5643888a451d2d7bd50a563f9907de37f8461659a58ab62bc77408"
      }
    },
    {
      "name": "baseline_command_stderr",
      "passed": true,
      "detail": "e3b0c44298fc1c149afbf4c8996fb92427ae41e4649b934ca495991b7852b855"
    },
    {
      "name": "input_json_gz_sha256",
      "passed": true,
      "detail": "a752f95208919be7d415951d06f74e6c9c2ee7c378d7dbc5210cc137ed7e83e9"
    },
    {
      "name": "stdout_json_gz_sha256",
      "passed": true,
      "detail": "e45dd24d17294c31f147d31776ae3fd1339765e1a2ec0b101048217d8691b38c"
    },
    {
      "name": "stderr_txt_gz_sha256",
      "passed": true,
      "detail": "9ceffb7310338057cfe71a4ae1e2c98d2c485d81cdef906532a801f457a38d64"
    },
    {
      "name": "decompressed_stdin_sha256",
      "passed": true,
      "detail": "02c36964d1546c554e66b70ce5814a50524ac6943379062c53356b76b129e5b3"
    },
    {
      "name": "decompressed_stdout_sha256",
      "passed": true,
      "detail": "857dd5efea5643888a451d2d7bd50a563f9907de37f8461659a58ab62bc77408"
    },
    {
      "name": "decompressed_stderr_empty",
      "passed": true,
      "detail": "e3b0c44298fc1c149afbf4c8996fb92427ae41e4649b934ca495991b7852b855"
    },
    {
      "name": "standard_json_source_count",
      "passed": true,
      "detail": 91
    },
    {
      "name": "optimizer_settings",
      "passed": true,
      "detail": {
        "enabled": true,
        "runs": 10,
        "constantOptimizer": true
      }
    },
    {
      "name": "input_evmVersion_absent_default_cancun",
      "passed": true,
      "detail": null
    },
    {
      "name": "standard_json_source_content",
      "passed": true,
      "detail": 91
    },
    {
      "name": "historic_path_mapped_to_sandbox",
      "passed": true,
      "detail": {
        "mapped": 91,
        "live_defiformal_not_followed": true
      }
    },
    {
      "name": "compiler_errors_warnings",
      "passed": true,
      "detail": {
        "errors": 0,
        "warnings": 0
      }
    },
    {
      "name": "compiler_contract_count",
      "passed": true,
      "detail": 91
    },
    {
      "name": "nonempty_creation_objects",
      "passed": true,
      "detail": 72
    },
    {
      "name": "unresolved_library_links",
      "passed": true,
      "detail": [
        "contracts/callback/CallbackUtils.sol:CallbackUtils",
        "contracts/fee/FeeUtils.sol:FeeUtils",
        "contracts/liquidation/LiquidationUtils.sol:LiquidationUtils",
        "contracts/market/MarketUtils.sol:MarketUtils",
        "contracts/position/DecreasePositionCollateralUtils.sol:DecreasePositionCollateralUtils",
        "contracts/position/DecreasePositionUtils.sol:DecreasePositionUtils",
        "contracts/position/IncreasePositionUtils.sol:IncreasePositionUtils",
        "contracts/position/PositionUtils.sol:PositionUtils",
        "contracts/referral/ReferralUtils.sol:ReferralUtils",
        "contracts/swap/SwapUtils.sol:SwapUtils"
      ]
    },
    {
      "name": "metadata_evm_cancun",
      "passed": true,
      "detail": 91
    },
    {
      "name": "result_json_error_warning",
      "passed": true,
      "detail": {
        "errors": 0,
        "warnings": 0
      }
    },
    {
      "name": "result_json_runtime_flags",
      "passed": true,
      "detail": {
        "bytecode_contracts": 72,
        "EVM_execution": false,
        "P27_accepted": false
      }
    },
    {
      "name": "diagnostics_json_empty",
      "passed": true,
      "detail": []
    },
    {
      "name": "source_root_verification_not_this_execution",
      "passed": true,
      "detail": {
        "path": "/home/charl/.cache/defiformal-program/program-execution-20260908/p27-source-grok-r1-sandbox/review/semantic-kernel/program-execution-20260908/p27-gmx-root-verification/result.json",
        "P27_accepted": false
      }
    },
    {
      "name": "dependency_root_verification_not_this_execution",
      "passed": true,
      "detail": {
        "path": "/home/charl/.cache/defiformal-program/program-execution-20260908/p27-source-grok-r1-sandbox/review/semantic-kernel/program-execution-20260908/p27-gmx-dependency-root-verification/result.json",
        "P27_accepted": false
      }
    },
    {
      "name": "compiler_root_verification_not_this_execution",
      "passed": true,
      "detail": {
        "path": "/home/charl/.cache/defiformal-program/program-execution-20260908/p27-source-grok-r1-sandbox/review/semantic-kernel/program-execution-20260908/p27-gmx-compiler-root-verification/result.json",
        "P27_accepted": false
      }
    },
    {
      "name": "altered_byte_control_distinct",
      "passed": true,
      "detail": {
        "original": "38d1f1e4900b5c4fdb01476ab592adda8d58fa6188865b78423eb0a311d3cd06",
        "mutated": "38ea2e62c050edd69c8511198e1decbb0353cc5840d3ea0751c22b239bb06c3d"
      }
    },
    {
      "name": "altered_byte_control_rejected",
      "passed": true,
      "detail": "source byte identity mismatch"
    },
    {
      "name": "source_file_unmodified",
      "passed": true,
      "detail": "38d1f1e4900b5c4fdb01476ab592adda8d58fa6188865b78423eb0a311d3cd06"
    },
    {
      "name": "hardhat_declared_settings",
      "passed": true,
      "detail": {
        "version": "0.8.29",
        "runs": 10,
        "constantOptimizer": true
      }
    },
    {
      "name": "package_json_openzeppelin",
      "passed": true,
      "detail": "4.9.3"
    }
  ],
  "failures": [],
  "control": {
    "altered_byte_error": "source byte identity mismatch",
    "source_file_unmodified": true,
    "original_sha256": "38d1f1e4900b5c4fdb01476ab592adda8d58fa6188865b78423eb0a311d3cd06",
    "altered_sha256": "38ea2e62c050edd69c8511198e1decbb0353cc5840d3ea0751c22b239bb06c3d"
  },
  "counts": {
    "source_files": 89,
    "roles": {
      "configuration_or_documentation": 8,
      "selected_import_source": 78,
      "unexecuted_reference_test": 3
    },
    "independent_local_import_edges": 213,
    "independent_external_import_occurrences": 22,
    "package_members": 408,
    "selected_dependency_sources": 13,
    "independent_closed_lexical_edges": 243,
    "independent_closed_unresolved": 0,
    "compiler_contracts": 91,
    "nonempty_creation_objects": 72,
    "library_link_objects": 10,
    "metadata_evm_versions": {
      "cancun": 91
    }
  },
  "source_execution": false,
  "solc_executed": false,
  "yarn_or_npm_executed": false,
  "hardhat_executed": false,
  "tests_executed": false,
  "capture_scripts_executed": false,
  "network": false,
  "live_cache_paths_followed": false,
  "lexical_graph_is_not_runtime_or_ast_proof": true,
  "P27_accepted": false,
  "task_28_1_accepted": false,
  "task_28_2_accepted": false,
  "task_28_3_accepted": false,
  "empty_check": false,
  "check_count": 106,
  "failure_count": 0,
  "passed": true,
  "exit_not_used_alone": true,
  "root_compiler_evidence_not_this_execution": true,
  "finished_utc": "2026-09-10T22:59:59.972703+00:00"
}
