⚠ [921/942] Replayed DefiKernel.Typed.Transition
warning: DefiKernel/Typed/Transition.lean:239:20: `simp_all [throw, throwThe]` is a flexible tactic modifying `⊢`. Try `simp_all?` and use the suggested `simp_all only [...]`. Alternatively, use `suffices` to explicitly state the simplified form.

Note: This linter can be disabled with `set_option linter.flexible false`
info: DefiKernel/Typed/Transition.lean:239:20: Try this:
  [apply] simp_all only [or_false, Prod.forall, true_and]
info: DefiKernel/Typed/Transition.lean:244:6: `rename_i args`
modifies the current goal, which was modified by the flexible tactic `simp_all` on line 239!
warning: DefiKernel/Typed/Transition.lean:239:20: `simp_all [throw, throwThe]` is a flexible tactic modifying `⊢`. Try `simp_all?` and use the suggested `simp_all only [...]`. Alternatively, use `suffices` to explicitly state the simplified form.

Note: This linter can be disabled with `set_option linter.flexible false`
info: DefiKernel/Typed/Transition.lean:239:20: Try this:
  [apply] simp_all only [Option.some.injEq, false_or, Prod.forall]
info: DefiKernel/Typed/Transition.lean:244:6: `rename_i args`
modifies the current goal, which was modified by the flexible tactic `simp_all` on line 239!
✔ [937/942] Built DefiKernel.Metatheory.SequentialGroups (1.1s)
✔ [938/942] Built DefiKernel.Metatheory.Examples (1.4s)
✔ [939/942] Built DefiKernel.Metatheory.Observation (1.1s)
✔ [940/942] Built DefiKernel.Metatheory.OperatorFixtures (1.3s)
✔ [941/942] Built DefiKernel.Metatheory.Contexts (1.0s)
✖ [942/942] Building DefiKernel.Metatheory.Tests (1.2s)
trace: .> LEAN_PATH=/home/charl/defiformal/lean/.lake/packages/Cli/.lake/build/lib/lean:/home/charl/defiformal/lean/.lake/packages/batteries/.lake/build/lib/lean:/home/charl/defiformal/lean/.lake/packages/Qq/.lake/build/lib/lean:/home/charl/defiformal/lean/.lake/packages/aesop/.lake/build/lib/lean:/home/charl/defiformal/lean/.lake/packages/proofwidgets/.lake/build/lib/lean:/home/charl/defiformal/lean/.lake/packages/importGraph/.lake/build/lib/lean:/home/charl/defiformal/lean/.lake/packages/LeanSearchClient/.lake/build/lib/lean:/home/charl/defiformal/lean/.lake/packages/plausible/.lake/build/lib/lean:/home/charl/defiformal/lean/.lake/packages/mathlib/.lake/build/lib/lean:/home/charl/defiformal/lean/.lake/build/lib/lean /home/charl/.elan/toolchains/leanprover--lean4---v4.33.0-rc2/bin/lean /home/charl/defiformal/lean/DefiKernel/Metatheory/Tests.lean -o /home/charl/defiformal/lean/.lake/build/lib/lean/DefiKernel/Metatheory/Tests.olean -i /home/charl/defiformal/lean/.lake/build/lib/lean/DefiKernel/Metatheory/Tests.ilean -c /home/charl/defiformal/lean/.lake/build/ir/DefiKernel/Metatheory/Tests.c --setup /home/charl/defiformal/lean/.lake/build/ir/DefiKernel/Metatheory/Tests.setup.json --json
error: DefiKernel/Metatheory/Tests.lean:111:47: `declaredReads` is not a field of structure `Evaluated`
error: Lean exited with code 1
Some required targets logged failures:
- DefiKernel.Metatheory.Tests
