ℹ [899/901] Replayed DefiKernel.Typed.ExprTests
info: DefiKernel/Typed/ExprTests.lean:139:0: expr_exact_price_conversion: true
expr_explicit_debt_valuation: true
expr_inverse_price_conversion: true
expr_exact_fractional_conversion: true
expr_same_unit_addition: true
expr_scalar_scaling: true
expr_signed_negation: true
expr_safe_scalar_division: true
expr_zero_scalar_division_refused: true
expr_safe_ratio: true
expr_zero_ratio_refused: true
expr_zero_inverse_price_refused: true
expr_missing_observation_refused: true
expr_wrong_observation_unit_refused: true
expr_tracked_freshness: true
expr_stale_observation: true
expr_missing_timestamp_refused: true
expr_fresh_time_tracked: true
expr_timestamp_observation_tracked: true
expr_inactive_environment_branch_tracked: true
expr_inactive_state_branch_tracked: true
expr_inactive_missing_branch_not_evaluated: true
expr_successful_party_lookup: true
expr_failed_party_lookup_refused: true
expr_concrete_read_resolution: true
expr_footprint_party_lookup_refused: true
expr_checked_argument: true
expr_wrong_argument_unit_refused: true
expr_missing_argument_refused: true
expr_excess_argument_refused: true
expr_unrelated_balance_change: true
expr_read_change_observed: true
info: DefiKernel/Typed/ExprTests.lean:170:2: Application type mismatch: The argument
  Expr.lit 1
has type
  Expr Bool TestAsset Bool [] (Unit.amount TestAsset.debt)
but is expected to have type
  Expr Bool TestAsset Bool [] (NumericUnit.amount TestAsset.usd).toUnit
in the application
  Expr.binary (BinaryOp.add (NumericUnit.amount TestAsset.usd)) ledgerRead (Expr.lit 1)
info: DefiKernel/Typed/ExprTests.lean:169:0: Expr.binary (BinaryOp.add (NumericUnit.amount TestAsset.usd)) ledgerRead
  sorry : Expr Bool TestAsset Bool [] (Unit.amount TestAsset.usd)
info: DefiKernel/Typed/ExprTests.lean:174:2: Application type mismatch: The argument
  Expr.lit 2
has type
  Expr Bool TestAsset Bool [] (Unit.price TestAsset.usd TestAsset.collateral)
but is expected to have type
  Expr Bool TestAsset Bool [] (Unit.price TestAsset.collateral TestAsset.usd)
in the application
  Expr.binary (BinaryOp.convert TestAsset.collateral TestAsset.usd) (Expr.lit 1) (Expr.lit 2)
info: DefiKernel/Typed/ExprTests.lean:172:0: Expr.binary (BinaryOp.convert TestAsset.collateral TestAsset.usd) (Expr.lit 1)
  sorry : Expr Bool TestAsset Bool [] (Unit.amount TestAsset.usd)
info: DefiKernel/Typed/ExprTests.lean:176:28: Application type mismatch: The argument
  BinaryOp.scale (NumericUnit.amount TestAsset.debt)
has type
  BinaryOp TestAsset Unit.scalar (NumericUnit.amount TestAsset.debt).toUnit (NumericUnit.amount TestAsset.debt).toUnit
but is expected to have type
  BinaryOp TestAsset ?m.16 (Unit.amount TestAsset.debt) (Unit.amount TestAsset.usd)
in the application
  Expr.binary (BinaryOp.scale (NumericUnit.amount TestAsset.debt))
ℹ [901/901] Replayed DefiKernel.Typed.AuthorityTests
info: DefiKernel/Typed/AuthorityTests.lean:121:0: [("authority_issue_succeeds_with_id_zero", true), ("authority_unauthorized_issuer", true),
  ("authority_issuer_wrong_authenticated_domain", true), ("authority_unknown_operation_grant", true),
  ("authority_foreign_operation_grant", true), ("authority_foreign_debit_resource_grant", true),
  ("authority_foreign_supply_resource_grant", true), ("authority_invoke_live_holder", true),
  ("authority_debit_live_holder", true), ("authority_supply_live_holder", true), ("authority_wrong_holder", true),
  ("authority_wrong_authenticated_domain", true), ("authority_unknown_capability", true),
  ("authority_empty_capability_request", true), ("authority_wrong_operation", true),
  ("authority_wrong_debit_owner", true), ("authority_wrong_debit_asset", true), ("authority_wrong_supply_asset", true),
  ("authority_right_kind_mismatch", true), ("authority_duplicates_preserve_success", true),
  ("authority_duplicates_add_no_right", true), ("authority_unauthorized_revoker", true),
  ("authority_revoker_wrong_authenticated_domain", true), ("authority_unknown_revocation", true),
  ("authority_same_request_before_revoke", true), ("authority_revoke_accepted", true),
  ("authority_same_request_after_revoke", true), ("authority_revoke_keeps_invoke_sibling", true),
  ("authority_revoke_keeps_supply_sibling", true), ("authority_revoke_is_idempotent", true),
  ("authority_reissue_receives_fresh_id_three", true), ("authority_reissued_right_usable_by_new_id", true),
  ("authority_old_revoked_id_remains_unusable", true), ("authority_foreign_grant_positive_sibling", true),
  ("authority_foreign_grant_cannot_authorize_local_context", true),
  ("authority_other_operation_positive_sibling", true), ("authority_other_operation_cannot_authorize_original", true)]
info: DefiKernel/Typed/AuthorityTests.lean:122:0: 37
Build completed successfully (901 jobs).
