parallel.compat.catalog-positive: true
parallel.compat.invocation-exact-left: true
parallel.compat.invocation-exact-right: true
parallel.compat.funded-left-complete: true
parallel.compat.funded-right-complete: true
parallel.compat.independent: true
parallel.compat.empty: true
parallel.compat.left-empty: true
parallel.compat.common-read: true
parallel.compat.write-write-witness: true
parallel.compat.forward-read: true
parallel.compat.reverse-read: true
parallel.compat.hidden-inactive-guard: true
parallel.compat.hidden-inactive-guard-funded: true
parallel.compat.hidden-delta: true
parallel.compat.hidden-delta-funded: true
parallel.compat.hidden-supply: true
parallel.compat.hidden-supply-funded: true
parallel.compat.output-dependency: true
parallel.compat.output-exact: true
parallel.compat.zero-target: true
parallel.compat.zero-target-funded: true
parallel.compat.zero-target-exact: true
parallel.compat.unreachable-suffix: true
parallel.compat.numeric-input-not-evaluated: true
parallel.compat.prior-output-not-evaluated: true
parallel.compat.capability-not-evaluated: true
parallel.compat.catalog-first: true
parallel.compat.left-before-right: true
parallel.compat.local-order: true
parallel.compat.structural-before-conflict: true
parallel.compat.malformed-reference: true
parallel.compat.access-check: true
parallel.compat.forward-funded: true
parallel.compat.reverse-funded: true
parallel.compat.output-funded: true
parallel.compat.guard-read-exact: true
parallel.compat.delta-read-exact: true
parallel.compat.supply-read-exact: true
parallel.compat.forward-before-reverse: true
parallel.compat.common-read-no-writes: true
parallel.compat.first-list-witness: true
Compatibility comparisons: 42; failures: 0
