{
  "probe": "p27-observation-extract",
  "started_utc": "2026-09-10T22:52:17.098147+00:00",
  "sandbox": "/home/charl/.cache/defiformal-program/program-execution-20260908/p27-source-grok-r1-sandbox",
  "excerpts": [
    {
      "id": "liquidation-equity",
      "path": "source/contracts/position/PositionUtils.sol",
      "sha256": "38d1f1e4900b5c4fdb01476ab592adda8d58fa6188865b78423eb0a311d3cd06",
      "start": 400,
      "end": 450,
      "needles": [
        "info.remainingCollateralUsd =",
        "if (info.remainingCollateralUsd <= 0)"
      ],
      "missing_needles": [],
      "text": "400|            position.sizeInUsd(), // sizeDeltaUsd\n401|            address(0), // uiFeeReceiver\n402|\n403|            // should not account for liquidation fees to determine if position should be liquidated\n404|            false // isLiquidation\n405|        );\n406|\n407|        PositionPricingUtils.PositionFees memory fees = PositionPricingUtils.getPositionFees(getPositionFeesParams);\n408|\n409|        // the totalCostAmount is in tokens, use collateralTokenPrice.min to calculate the cost in USD\n410|        // since in PositionPricingUtils.getPositionFees the totalCostAmount in tokens was calculated\n411|        // using collateralTokenPrice.min\n412|        uint256 collateralCostUsd = fees.totalCostAmount * cache.collateralTokenPrice.min;\n413|\n414|        // the position's pnl is counted as collateral for the liquidation check\n415|        // as a position in profit should not be liquidated if the pnl is sufficient\n416|        // to cover the position's fees\n417|        info.remainingCollateralUsd =\n418|            cache.collateralUsd.toInt256()\n419|            + cache.positionPnlUsd\n420|            + cache.priceImpactUsd\n421|            - collateralCostUsd.toInt256();\n422|\n423|        if (forLiquidation) {\n424|            cache.minCollateralFactor = MarketUtils.getMinCollateralFactorForLiquidation(dataStore, market.marketToken);\n425|        } else {\n426|            cache.minCollateralFactor = MarketUtils.getMinCollateralFactor(dataStore, market.marketToken);\n427|        }\n428|\n429|        // validate if (remaining collateral) / position.size is less than the min collateral factor (max leverage exceeded)\n430|        // this validation includes the position fee to be paid when closing the position\n431|        // i.e. if the position does not have sufficient collateral after closing fees it is considered a liquidatable position\n432|        info.minCollateralUsdForLeverage = Precision.applyFactor(position.sizeInUsd(), cache.minCollateralFactor).toInt256();\n433|\n434|        if (shouldValidateMinCollateralUsd) {\n435|            info.minCollateralUsd = dataStore.getUint(Keys.MIN_COLLATERAL_USD).toInt256();\n436|            if (info.remainingCollateralUsd < info.minCollateralUsd) {\n437|                return (true, \"min collateral\", info);\n438|            }\n439|        }\n440|\n441|        if (info.remainingCollateralUsd <= 0) {\n442|            return (true, \"< 0\", info);\n443|        }\n444|\n445|        if (info.remainingCollateralUsd < info.minCollateralUsdForLeverage) {\n446|            return (true, \"min collateral for leverage\", info);\n447|        }\n448|\n449|        return (false, \"\", info);\n450|    }"
    },
    {
      "id": "collateral-no-positive-pnl",
      "path": "source/contracts/position/PositionUtils.sol",
      "sha256": "38d1f1e4900b5c4fdb01476ab592adda8d58fa6188865b78423eb0a311d3cd06",
      "start": 470,
      "end": 520,
      "needles": [
        "if (values.realizedPnlUsd < 0)"
      ],
      "missing_needles": [],
      "text": "470|    //\n471|    // fees and price impact are validated in the validatePosition check\n472|    function willPositionCollateralBeSufficient(\n473|        DataStore dataStore,\n474|        Market.Props memory market,\n475|        MarketUtils.MarketPrices memory prices,\n476|        address collateralToken,\n477|        bool isLong,\n478|        WillPositionCollateralBeSufficientValues memory values\n479|    ) public view returns (bool, int256) {\n480|        Price.Props memory collateralTokenPrice = MarketUtils.getCachedTokenPrice(\n481|            collateralToken,\n482|            market,\n483|            prices\n484|        );\n485|\n486|        int256 remainingCollateralUsd = values.positionCollateralAmount.toInt256() * collateralTokenPrice.min.toInt256();\n487|\n488|        // deduct realized pnl if it is negative since this would be paid from\n489|        // the position's collateral\n490|        if (values.realizedPnlUsd < 0) {\n491|            remainingCollateralUsd = remainingCollateralUsd + values.realizedPnlUsd;\n492|        }\n493|\n494|        if (remainingCollateralUsd < 0) {\n495|            return (false, remainingCollateralUsd);\n496|        }\n497|\n498|        // the min collateral factor will increase as the open interest for a market increases\n499|        // this may lead to previously created limit increase orders not being executable\n500|        //\n501|        // the position's pnl is not factored into the remainingCollateralUsd value, since\n502|        // factoring in a positive pnl may allow the user to manipulate price and bypass this check\n503|        // it may be useful to factor in a negative pnl for this check, this can be added if required\n504|        uint256 minCollateralFactor = MarketUtils.getMinCollateralFactorForOpenInterest(\n505|            dataStore,\n506|            market,\n507|            values.openInterestDelta,\n508|            isLong\n509|        );\n510|\n511|        uint256 minCollateralFactorForMarket = MarketUtils.getMinCollateralFactor(dataStore, market.marketToken);\n512|        // use the minCollateralFactor for the market if it is larger\n513|        if (minCollateralFactorForMarket > minCollateralFactor) {\n514|            minCollateralFactor = minCollateralFactorForMarket;\n515|        }\n516|\n517|        int256 minCollateralUsdForLeverage = Precision.applyFactor(values.positionSizeInUsd, minCollateralFactor).toInt256();\n518|        bool willBeSufficient = remainingCollateralUsd >= minCollateralUsdForLeverage;\n519|\n520|        return (willBeSufficient, remainingCollateralUsd);"
    },
    {
      "id": "liquidatable-position-guard",
      "path": "source/contracts/position/PositionUtils.sol",
      "sha256": "38d1f1e4900b5c4fdb01476ab592adda8d58fa6188865b78423eb0a311d3cd06",
      "start": 280,
      "end": 330,
      "needles": [
        "revert Errors.LiquidatablePosition("
      ],
      "missing_needles": [],
      "text": "280|        Position.Props memory position,\n281|        Market.Props memory market,\n282|        MarketUtils.MarketPrices memory prices,\n283|        bool shouldValidateMinPositionSize,\n284|        bool shouldValidateMinCollateralUsd,\n285|        bool forLiquidation\n286|    ) public view {\n287|        validateBasicPositionInfo(dataStore, position, market);\n288|\n289|        if (shouldValidateMinPositionSize) {\n290|            uint256 minPositionSizeUsd = dataStore.getUint(Keys.MIN_POSITION_SIZE_USD);\n291|            if (position.sizeInUsd() < minPositionSizeUsd) {\n292|                revert Errors.MinPositionSize(position.sizeInUsd(), minPositionSizeUsd);\n293|            }\n294|        }\n295|\n296|        (bool isLiquidatable, string memory reason, IsPositionLiquidatableInfo memory info) = isPositionLiquidatable(\n297|            dataStore,\n298|            referralStorage,\n299|            position,\n300|            market,\n301|            prices,\n302|            shouldValidateMinCollateralUsd,\n303|            forLiquidation\n304|        );\n305|\n306|        if (isLiquidatable) {\n307|            revert Errors.LiquidatablePosition(\n308|                reason,\n309|                info.remainingCollateralUsd,\n310|                info.minCollateralUsd,\n311|                info.minCollateralUsdForLeverage\n312|            );\n313|        }\n314|    }\n315|\n316|    function isPositionLiquidatable(\n317|        DataStore dataStore,\n318|        IReferralStorage referralStorage,\n319|        Position.Props memory position,\n320|        Market.Props memory market,\n321|        MarketUtils.MarketPrices memory prices,\n322|        bool shouldValidateMinCollateralUsd,\n323|        bool forLiquidation\n324|    ) public view returns (bool, string memory, IsPositionLiquidatableInfo memory) {\n325|        IsPositionLiquidatableCache memory cache;\n326|        IsPositionLiquidatableInfo memory info;\n327|\n328|        (cache.positionPnlUsd, /* int256 uncappedBasePnlUsd */,  /* uint256 sizeDeltaInTokens */) = getPositionPnlUsd(\n329|            dataStore,\n330|            market,"
    },
    {
      "id": "insolvent-close-admission",
      "path": "source/contracts/position/DecreasePositionCollateralUtils.sol",
      "sha256": "32b23e4edd9a52e79cfae0ab600b2e448af09d2c57a512e6b8ef7ada7b04423b",
      "start": 70,
      "end": 95,
      "needles": [
        "collateralCache.isInsolventCloseAllowed ="
      ],
      "missing_needles": [],
      "text": "70|        // whether the txn should revert if the remainingCostUsd is below zero\n71|        //\n72|        // for isInsolventCloseAllowed to be true, the sizeDeltaUsd must equal\n73|        // the position size, otherwise there may be pending positive pnl that\n74|        // could be used to pay for fees and the position would be undercharged\n75|        // if the position is not fully closed\n76|        //\n77|        // for ADLs it may be possible that a position needs to be closed by a larger\n78|        // size to fully pay for fees, but closing by that larger size could cause a PnlOvercorrected\n79|        // error to be thrown in AdlHandler, this case should be rare\n80|        collateralCache.isInsolventCloseAllowed =\n81|            params.order.sizeDeltaUsd() == params.position.sizeInUsd() &&\n82|            (\n83|                Order.isLiquidationOrder(params.order.orderType()) ||\n84|                params.secondaryOrderType == Order.SecondaryOrderType.Adl\n85|            );\n86|\n87|\n88|        // the totalPositionPnl is calculated based on the current indexTokenPrice instead of the executionPrice\n89|        // since the executionPrice factors in price impact which should be accounted for separately\n90|        // the sizeDeltaInTokens is calculated as position.sizeInTokens() * sizeDeltaUsd / position.sizeInUsd()\n91|        // the basePnlUsd is the pnl to be realized, and is calculated as:\n92|        // totalPositionPnl * sizeDeltaInTokens / position.sizeInTokens()\n93|        (values.basePnlUsd, values.uncappedBasePnlUsd, values.sizeDeltaInTokens) = PositionUtils.getPositionPnlUsd(\n94|            params.contracts.dataStore,\n95|            params.market,"
    },
    {
      "id": "cost-refusal",
      "path": "source/contracts/position/DecreasePositionCollateralUtils.sol",
      "sha256": "32b23e4edd9a52e79cfae0ab600b2e448af09d2c57a512e6b8ef7ada7b04423b",
      "start": 620,
      "end": 660,
      "needles": [
        "revert Errors.InsufficientFundsToPayForCosts(",
        "PositionEventUtils.emitInsolventClose("
      ],
      "missing_needles": [],
      "text": "620|                remainingCostInSecondaryOutputToken -= values.output.secondaryOutputAmount;\n621|                values.output.secondaryOutputAmount = 0;\n622|            }\n623|        }\n624|\n625|        result.remainingCostUsd = remainingCostInSecondaryOutputToken * secondaryOutputTokenPrice.min;\n626|\n627|        return (values, result);\n628|    }\n629|\n630|    function handleEarlyReturn(\n631|        PositionUtils.UpdatePositionParams memory params,\n632|        PositionUtils.DecreasePositionCollateralValues memory values,\n633|        PositionPricingUtils.PositionFees memory fees,\n634|        ProcessCollateralCache memory collateralCache,\n635|        string memory step\n636|    ) internal returns (PositionUtils.DecreasePositionCollateralValues memory, PositionPricingUtils.PositionFees memory) {\n637|        if (!collateralCache.isInsolventCloseAllowed) {\n638|            revert Errors.InsufficientFundsToPayForCosts(collateralCache.result.remainingCostUsd, step);\n639|        }\n640|\n641|        PositionEventUtils.emitPositionFeesInfo(\n642|            params.contracts.eventEmitter,\n643|            params.orderKey,\n644|            params.positionKey,\n645|            params.market.marketToken,\n646|            params.position.collateralToken(),\n647|            params.order.sizeDeltaUsd(),\n648|            false, // isIncrease\n649|            fees\n650|        );\n651|\n652|        PositionEventUtils.emitInsolventClose(\n653|            params.contracts.eventEmitter,\n654|            params.orderKey,\n655|            params.position.collateralAmount(),\n656|            values.basePnlUsd,\n657|            collateralCache.result.remainingCostUsd,\n658|            step\n659|        );\n660|"
    },
    {
      "id": "funding-shortfall-and-holding",
      "path": "source/contracts/position/DecreasePositionCollateralUtils.sol",
      "sha256": "32b23e4edd9a52e79cfae0ab600b2e448af09d2c57a512e6b8ef7ada7b04423b",
      "start": 240,
      "end": 290,
      "needles": [
        "revert Errors.EmptyHoldingAddress();",
        "PositionEventUtils.emitInsufficientFundingFeePayment("
      ],
      "missing_needles": [],
      "text": "240|\n241|        PositionPricingUtils.PositionFees memory fees = PositionPricingUtils.getPositionFees(\n242|            getPositionFeesParams\n243|        );\n244|\n245|        // pay for funding fees\n246|        (values, collateralCache.result) = payForCost(\n247|            params,\n248|            values,\n249|            cache.prices,\n250|            cache.collateralTokenPrice,\n251|            // use collateralTokenPrice.min because the payForCost\n252|            // will divide the USD value by the price.min as well\n253|            fees.funding.fundingFeeAmount * cache.collateralTokenPrice.min\n254|        );\n255|\n256|        if (collateralCache.result.amountPaidInSecondaryOutputToken > 0) {\n257|            address holdingAddress = params.contracts.dataStore.getAddress(Keys.HOLDING_ADDRESS);\n258|            if (holdingAddress == address(0)) {\n259|                revert Errors.EmptyHoldingAddress();\n260|            }\n261|\n262|            // send the funding fee amount to the holding address\n263|            // this funding fee amount should be swapped to the required token\n264|            // and the resulting tokens should be deposited back into the pool\n265|            MarketUtils.incrementClaimableCollateralAmount(\n266|                params.contracts.dataStore,\n267|                params.contracts.eventEmitter,\n268|                params.market.marketToken,\n269|                values.output.secondaryOutputToken,\n270|                holdingAddress,\n271|                collateralCache.result.amountPaidInSecondaryOutputToken\n272|            );\n273|        }\n274|\n275|        if (collateralCache.result.amountPaidInCollateralToken < fees.funding.fundingFeeAmount) {\n276|            // the case where this is insufficient collateral to pay funding fees\n277|            // should be rare, and the difference should be small\n278|            // in case it happens, the pool should be topped up with the required amount using\n279|            // the claimable amount sent to the holding address, an insurance fund, or similar mechanism\n280|            PositionEventUtils.emitInsufficientFundingFeePayment(\n281|                params.contracts.eventEmitter,\n282|                params.market.marketToken,\n283|                params.position.collateralToken(),\n284|                fees.funding.fundingFeeAmount,\n285|                collateralCache.result.amountPaidInCollateralToken,\n286|                collateralCache.result.amountPaidInSecondaryOutputToken\n287|            );\n288|        }\n289|\n290|        if (collateralCache.result.remainingCostUsd > 0) {"
    },
    {
      "id": "pay-for-cost-rounding",
      "path": "source/contracts/position/DecreasePositionCollateralUtils.sol",
      "sha256": "32b23e4edd9a52e79cfae0ab600b2e448af09d2c57a512e6b8ef7ada7b04423b",
      "start": 540,
      "end": 620,
      "needles": [
        "if (params.order.initialCollateralDeltaAmount() > values.remainingCollateralAmount)",
        "Calc.roundUpDivision(costUsd, collateralTokenPrice.min)",
        "remainingCostInOutputToken * collateralTokenPrice.min / secondaryOutputTokenPrice.min"
      ],
      "missing_needles": [],
      "text": "540|            OrderEventUtils.emitOrderCollateralDeltaAmountAutoUpdated(\n541|                params.contracts.eventEmitter,\n542|                params.orderKey,\n543|                initialCollateralDeltaAmount, // collateralDeltaAmount\n544|                params.order.initialCollateralDeltaAmount() // nextCollateralDeltaAmount\n545|            );\n546|        }\n547|\n548|        // cap the withdrawable amount to the remainingCollateralAmount\n549|        if (params.order.initialCollateralDeltaAmount() > values.remainingCollateralAmount) {\n550|            OrderEventUtils.emitOrderCollateralDeltaAmountAutoUpdated(\n551|                params.contracts.eventEmitter,\n552|                params.orderKey,\n553|                params.order.initialCollateralDeltaAmount(), // collateralDeltaAmount\n554|                values.remainingCollateralAmount // nextCollateralDeltaAmount\n555|            );\n556|\n557|            params.order.setInitialCollateralDeltaAmount(values.remainingCollateralAmount);\n558|        }\n559|\n560|        if (params.order.initialCollateralDeltaAmount() > 0) {\n561|            values.remainingCollateralAmount -= params.order.initialCollateralDeltaAmount();\n562|            values.output.outputAmount += params.order.initialCollateralDeltaAmount();\n563|        }\n564|\n565|        return (values, fees);\n566|    }\n567|\n568|    function payForCost(\n569|        PositionUtils.UpdatePositionParams memory params,\n570|        PositionUtils.DecreasePositionCollateralValues memory values,\n571|        MarketUtils.MarketPrices memory prices,\n572|        Price.Props memory collateralTokenPrice,\n573|        uint256 costUsd\n574|    ) internal pure returns (PositionUtils.DecreasePositionCollateralValues memory, PayForCostResult memory) {\n575|        PayForCostResult memory result;\n576|\n577|        if (costUsd == 0) { return (values, result); }\n578|\n579|        uint256 remainingCostInOutputToken = Calc.roundUpDivision(costUsd, collateralTokenPrice.min);\n580|\n581|        if (values.output.outputAmount > 0) {\n582|            if (values.output.outputAmount > remainingCostInOutputToken) {\n583|                result.amountPaidInCollateralToken += remainingCostInOutputToken;\n584|                values.output.outputAmount -= remainingCostInOutputToken;\n585|                remainingCostInOutputToken = 0;\n586|            } else {\n587|                result.amountPaidInCollateralToken += values.output.outputAmount;\n588|                remainingCostInOutputToken -= values.output.outputAmount;\n589|                values.output.outputAmount = 0;\n590|            }\n591|        }\n592|\n593|        if (remainingCostInOutputToken == 0) { return (values, result); }\n594|\n595|        if (values.remainingCollateralAmount > 0) {\n596|            if (values.remainingCollateralAmount > remainingCostInOutputToken) {\n597|                result.amountPaidInCollateralToken += remainingCostInOutputToken;\n598|                values.remainingCollateralAmount -= remainingCostInOutputToken;\n599|                remainingCostInOutputToken = 0;\n600|            } else {\n601|                result.amountPaidInCollateralToken += values.remainingCollateralAmount;\n602|                remainingCostInOutputToken -= values.remainingCollateralAmount;\n603|                values.remainingCollateralAmount = 0;\n604|            }\n605|        }\n606|\n607|        if (remainingCostInOutputToken == 0) { return (values, result); }\n608|\n609|        Price.Props memory secondaryOutputTokenPrice = MarketUtils.getCachedTokenPrice(values.output.secondaryOutputToken, params.market, prices);\n610|\n611|        uint256 remainingCostInSecondaryOutputToken = remainingCostInOutputToken * collateralTokenPrice.min / secondaryOutputTokenPrice.min;\n612|\n613|        if (values.output.secondaryOutputAmount > 0) {\n614|            if (values.output.secondaryOutputAmount > remainingCostInSecondaryOutputToken) {\n615|                result.amountPaidInSecondaryOutputToken += remainingCostInSecondaryOutputToken;\n616|                values.output.secondaryOutputAmount -= remainingCostInSecondaryOutputToken;\n617|                remainingCostInSecondaryOutputToken = 0;\n618|            } else {\n619|                result.amountPaidInSecondaryOutputToken += values.output.secondaryOutputAmount;\n620|                remainingCostInSecondaryOutputToken -= values.output.secondaryOutputAmount;"
    },
    {
      "id": "funding-fee-versus-claimables",
      "path": "source/contracts/pricing/PositionPricingUtils.sol",
      "sha256": "59661f2ab60aa09924e34418357f15064ce7136e7440449c5f31ca3ce8fa050d",
      "start": 460,
      "end": 530,
      "needles": [
        "fundingFees.fundingFeeAmount = MarketUtils.getFundingAmount("
      ],
      "missing_needles": [],
      "text": "460|            - fees.totalDiscountAmount;\n461|\n462|        fees.totalCostAmount =\n463|            fees.totalCostAmountExcludingFunding\n464|            + fees.funding.fundingFeeAmount;\n465|\n466|        return fees;\n467|    }\n468|\n469|    function getBorrowingFees(\n470|        DataStore dataStore,\n471|        Price.Props memory collateralTokenPrice,\n472|        uint256 borrowingFeeUsd\n473|    ) internal view returns (PositionBorrowingFees memory) {\n474|        PositionBorrowingFees memory borrowingFees;\n475|\n476|        borrowingFees.borrowingFeeUsd = borrowingFeeUsd;\n477|        borrowingFees.borrowingFeeAmount = borrowingFeeUsd / collateralTokenPrice.min;\n478|        borrowingFees.borrowingFeeReceiverFactor = dataStore.getUint(Keys.BORROWING_FEE_RECEIVER_FACTOR);\n479|        borrowingFees.borrowingFeeAmountForFeeReceiver = Precision.applyFactor(borrowingFees.borrowingFeeAmount, borrowingFees.borrowingFeeReceiverFactor);\n480|\n481|        return borrowingFees;\n482|    }\n483|\n484|    function getFundingFees(\n485|        PositionFundingFees memory fundingFees,\n486|        Position.Props memory position\n487|    ) internal pure returns (PositionFundingFees memory) {\n488|        fundingFees.fundingFeeAmount = MarketUtils.getFundingAmount(\n489|            fundingFees.latestFundingFeeAmountPerSize,\n490|            position.fundingFeeAmountPerSize(),\n491|            position.sizeInUsd(),\n492|            true // roundUpMagnitude\n493|        );\n494|\n495|        fundingFees.claimableLongTokenAmount = MarketUtils.getFundingAmount(\n496|            fundingFees.latestLongTokenClaimableFundingAmountPerSize,\n497|            position.longTokenClaimableFundingAmountPerSize(),\n498|            position.sizeInUsd(),\n499|            false // roundUpMagnitude\n500|        );\n501|\n502|        fundingFees.claimableShortTokenAmount = MarketUtils.getFundingAmount(\n503|            fundingFees.latestShortTokenClaimableFundingAmountPerSize,\n504|            position.shortTokenClaimableFundingAmountPerSize(),\n505|            position.sizeInUsd(),\n506|            false // roundUpMagnitude\n507|        );\n508|\n509|        return fundingFees;\n510|    }\n511|\n512|    function getUiFees(\n513|        DataStore dataStore,\n514|        Price.Props memory collateralTokenPrice,\n515|        uint256 sizeDeltaUsd,\n516|        address uiFeeReceiver\n517|    ) internal view returns (PositionUiFees memory) {\n518|        PositionUiFees memory uiFees;\n519|\n520|        if (uiFeeReceiver == address(0)) {\n521|            return uiFees;\n522|        }\n523|\n524|        uiFees.uiFeeReceiver = uiFeeReceiver;\n525|        uiFees.uiFeeReceiverFactor = MarketUtils.getUiFeeFactor(dataStore, uiFeeReceiver);\n526|        uiFees.uiFeeAmount = Precision.applyFactor(sizeDeltaUsd, uiFees.uiFeeReceiverFactor) / collateralTokenPrice.min;\n527|\n528|        return uiFees;\n529|    }\n530|"
    },
    {
      "id": "funding-cumulative-difference",
      "path": "source/contracts/market/MarketUtils.sol",
      "sha256": "8dfd271e4fc8e18d6a114b674dc1f520f38f6acd1f9c9a58b4b7509fe86e748f",
      "start": 1970,
      "end": 2020,
      "needles": [
        "uint256 fundingDiffFactor = (latestFundingAmountPerSize - positionFundingAmountPerSize);"
      ],
      "missing_needles": [],
      "text": "1970|\n1971|        return (impactAmount, cappedDiffUsd);\n1972|    }\n1973|\n1974|    // @dev get the funding amount to be deducted or distributed\n1975|    //\n1976|    // @param latestFundingAmountPerSize the latest funding amount per size\n1977|    // @param positionFundingAmountPerSize the funding amount per size for the position\n1978|    // @param positionSizeInUsd the position size in USD\n1979|    // @param roundUpMagnitude whether the round up the result\n1980|    //\n1981|    // @return fundingAmount\n1982|    function getFundingAmount(\n1983|        uint256 latestFundingAmountPerSize,\n1984|        uint256 positionFundingAmountPerSize,\n1985|        uint256 positionSizeInUsd,\n1986|        bool roundUpMagnitude\n1987|    ) internal pure returns (uint256) {\n1988|        uint256 fundingDiffFactor = (latestFundingAmountPerSize - positionFundingAmountPerSize);\n1989|\n1990|        // a user could avoid paying funding fees by continually updating the position\n1991|        // before the funding fee becomes large enough to be chargeable\n1992|        // to avoid this, funding fee amounts should be rounded up\n1993|        //\n1994|        // this could lead to large additional charges if the token has a low number of decimals\n1995|        // or if the token's value is very high, so care should be taken to inform users of this\n1996|        //\n1997|        // if the calculation is for the claimable amount, the amount should be rounded down instead\n1998|\n1999|        // divide the result by Precision.FLOAT_PRECISION * Precision.FLOAT_PRECISION_SQRT as the fundingAmountPerSize values\n2000|        // are stored based on FLOAT_PRECISION_SQRT values\n2001|        return Precision.mulDiv(\n2002|            positionSizeInUsd,\n2003|            fundingDiffFactor,\n2004|            Precision.FLOAT_PRECISION * Precision.FLOAT_PRECISION_SQRT,\n2005|            roundUpMagnitude\n2006|        );\n2007|    }\n2008|\n2009|    // @dev get the borrowing fees for a position, assumes that cumulativeBorrowingFactor\n2010|    // has already been updated to the latest value\n2011|    // @param dataStore DataStore\n2012|    // @param position Position.Props\n2013|    // @return the borrowing fees for a position\n2014|    function getBorrowingFees(DataStore dataStore, Position.Props memory position) internal view returns (uint256) {\n2015|        uint256 cumulativeBorrowingFactor = getCumulativeBorrowingFactor(dataStore, position.market(), position.isLong());\n2016|        if (position.borrowingFactor() > cumulativeBorrowingFactor) {\n2017|            revert Errors.UnexpectedBorrowingFactor(position.borrowingFactor(), cumulativeBorrowingFactor);\n2018|        }\n2019|        uint256 diffFactor = cumulativeBorrowingFactor - position.borrowingFactor();\n2020|        return Precision.applyFactor(position.sizeInUsd(), diffFactor);"
    },
    {
      "id": "claimable-account-key",
      "path": "source/contracts/market/MarketUtils.sol",
      "sha256": "8dfd271e4fc8e18d6a114b674dc1f520f38f6acd1f9c9a58b4b7509fe86e748f",
      "start": 590,
      "end": 670,
      "needles": [
        "Keys.claimableFundingAmountKey(market, token, account)",
        "MarketToken(payable(market)).transferOut("
      ],
      "missing_needles": [],
      "text": "590|\n591|    // @dev increment the claimable funding amount\n592|    // @param dataStore DataStore\n593|    // @param eventEmitter EventEmitter\n594|    // @param market the trading market\n595|    // @param token the claimable token\n596|    // @param account the account to increment for\n597|    // @param delta the amount to increment\n598|    function incrementClaimableFundingAmount(\n599|        DataStore dataStore,\n600|        EventEmitter eventEmitter,\n601|        address market,\n602|        address token,\n603|        address account,\n604|        uint256 delta\n605|    ) internal {\n606|        uint256 nextValue = dataStore.incrementUint(\n607|            Keys.claimableFundingAmountKey(market, token, account),\n608|            delta\n609|        );\n610|\n611|        uint256 nextPoolValue = dataStore.incrementUint(\n612|            Keys.claimableFundingAmountKey(market, token),\n613|            delta\n614|        );\n615|\n616|        MarketEventUtils.emitClaimableFundingUpdated(\n617|            eventEmitter,\n618|            market,\n619|            token,\n620|            account,\n621|            delta,\n622|            nextValue,\n623|            nextPoolValue\n624|        );\n625|    }\n626|\n627|    // @dev claim funding fees\n628|    // @param dataStore DataStore\n629|    // @param eventEmitter EventEmitter\n630|    // @param market the market to claim for\n631|    // @param token the token to claim\n632|    // @param account the account to claim for\n633|    // @param receiver the receiver to send the amount to\n634|    function claimFundingFees(\n635|        DataStore dataStore,\n636|        EventEmitter eventEmitter,\n637|        address market,\n638|        address token,\n639|        address account,\n640|        address receiver\n641|    ) internal returns (uint256) {\n642|        bytes32 key = Keys.claimableFundingAmountKey(market, token, account);\n643|\n644|        uint256 claimableAmount = dataStore.getUint(key);\n645|        dataStore.setUint(key, 0);\n646|\n647|        uint256 nextPoolValue = dataStore.decrementUint(\n648|            Keys.claimableFundingAmountKey(market, token),\n649|            claimableAmount\n650|        );\n651|\n652|        MarketToken(payable(market)).transferOut(\n653|            token,\n654|            receiver,\n655|            claimableAmount\n656|        );\n657|\n658|        validateMarketTokenBalance(dataStore, market);\n659|\n660|        MarketEventUtils.emitFundingFeesClaimed(\n661|            eventEmitter,\n662|            market,\n663|            token,\n664|            account,\n665|            receiver,\n666|            claimableAmount,\n667|            nextPoolValue\n668|        );\n669|\n670|        return claimableAmount;"
    },
    {
      "id": "liquidation-utils",
      "path": "source/contracts/liquidation/LiquidationUtils.sol",
      "sha256": "2d4ed9be73be3c6d0c6561be32f122d063b5e8de7b06efa4d3e9b264a4593ff8",
      "start": 1,
      "end": 107,
      "needles": [
        "function createLiquidationOrder"
      ],
      "missing_needles": [],
      "text": "1|// SPDX-License-Identifier: BUSL-1.1\n2|\n3|pragma solidity ^0.8.0;\n4|\n5|import \"../position/PositionStoreUtils.sol\";\n6|import \"../order/OrderStoreUtils.sol\";\n7|import \"../order/OrderEventUtils.sol\";\n8|import \"../nonce/NonceUtils.sol\";\n9|import \"../callback/CallbackUtils.sol\";\n10|\n11|// @title LiquidationUtils\n12|// @dev Library to help with liquidations\n13|library LiquidationUtils {\n14|    using Position for Position.Props;\n15|    using Order for Order.Props;\n16|\n17|    struct CreateLiquidationOrderCache {\n18|        bytes32 positionKey;\n19|        uint256 lastSrcChainId;\n20|    }\n21|\n22|    // @dev creates a liquidation order for a position\n23|    // @param dataStore DataStore\n24|    // @param account the position's account\n25|    // @param market the position's market\n26|    // @param collateralToken the position's collateralToken\n27|    // @param isLong whether the position is long or short\n28|    function createLiquidationOrder(\n29|        DataStore dataStore,\n30|        EventEmitter eventEmitter,\n31|        address account,\n32|        address market,\n33|        address collateralToken,\n34|        bool isLong\n35|    ) external returns (bytes32) {\n36|        CreateLiquidationOrderCache memory cache;\n37|\n38|        cache.positionKey = Position.getPositionKey(account, market, collateralToken, isLong);\n39|        Position.Props memory position = PositionStoreUtils.get(dataStore, cache.positionKey);\n40|\n41|        Order.Addresses memory addresses = Order.Addresses(\n42|            account, // account\n43|            account, // receiver\n44|            account, // cancellationReceiver\n45|            CallbackUtils.getSavedCallbackContract(dataStore, account, market), // callbackContract\n46|            address(0), // uiFeeReceiver\n47|            market, // market\n48|            position.collateralToken(), // initialCollateralToken\n49|            new address[](0) // swapPath\n50|        );\n51|\n52|        cache.lastSrcChainId = dataStore.getUint(Keys.positionLastSrcChainId(cache.positionKey));\n53|\n54|        // no slippage is set for this order, in case of a liquidation the amount\n55|        // of collateral being swapped should not be too large\n56|        // in case of large price impact, the user could be refunded\n57|        // through a protocol fund if required, this amount could later be claimed\n58|        // from the price impact pool, this claiming process should be added if\n59|        // required\n60|        //\n61|        // setting a maximum price impact that will work for majority of cases\n62|        // may also be challenging since the price impact would vary based on the\n63|        // amount of collateral being swapped\n64|        //\n65|        // note that the decreasePositionSwapType should be SwapPnlTokenToCollateralToken\n66|        // because fees are calculated with reference to the collateral token\n67|        // fees are deducted from the output amount if the output token is the same as the\n68|        // collateral token\n69|        // swapping the pnl token to the collateral token helps to ensure fees can be paid\n70|        // using the realized profit\n71|        Order.Numbers memory numbers = Order.Numbers(\n72|            Order.OrderType.Liquidation, // orderType\n73|            Order.DecreasePositionSwapType.SwapPnlTokenToCollateralToken, // decreasePositionSwapType\n74|            position.sizeInUsd(), // sizeDeltaUsd\n75|            0, // initialCollateralDeltaAmount\n76|            0, // triggerPrice\n77|            position.isLong() ? 0 : type(uint256).max, // acceptablePrice\n78|            0, // executionFee\n79|            dataStore.getUint(Keys.MAX_CALLBACK_GAS_LIMIT), // callbackGasLimit\n80|            0, // minOutputAmount\n81|            Chain.currentTimestamp(), // updatedAtTime\n82|            0, // validFromTime\n83|            cache.lastSrcChainId // srcChainId\n84|        );\n85|\n86|        Order.Flags memory flags = Order.Flags(\n87|            position.isLong(), // isLong\n88|            cache.lastSrcChainId == 0, // shouldUnwrapNativeToken\n89|            false, // isFrozen\n90|            false // autoCancel\n91|        );\n92|\n93|        Order.Props memory order = Order.Props(\n94|            addresses,\n95|            numbers,\n96|            flags,\n97|            new bytes32[](0)\n98|        );\n99|\n100|        bytes32 key = NonceUtils.getNextKey(dataStore);\n101|        OrderStoreUtils.set(dataStore, key, order);\n102|\n103|        OrderEventUtils.emitOrderCreated(eventEmitter, key, order);\n104|\n105|        return key;\n106|    }\n107|}"
    },
    {
      "id": "errors-selected-reverts",
      "path": "source/contracts/error/Errors.sol",
      "sha256": "b082442049ff20258ee9a1557a2184443483b87dc614c400eadf245c96803346",
      "start": 1,
      "end": 400,
      "needles": [
        "error InsufficientFundsToPayForCosts",
        "error LiquidatablePosition",
        "error EmptyHoldingAddress"
      ],
      "missing_needles": [],
      "text": "1|// SPDX-License-Identifier: BUSL-1.1\n2|\n3|pragma solidity ^0.8.0;\n4|\n5|library Errors {\n6|    // AdlHandler errors\n7|    error AdlNotRequired(int256 pnlToPoolFactor, uint256 maxPnlFactorForAdl);\n8|    error InvalidAdl(int256 nextPnlToPoolFactor, int256 pnlToPoolFactor);\n9|    error PnlOvercorrected(int256 nextPnlToPoolFactor, uint256 minPnlFactorForAdl);\n10|\n11|    // AdlUtils errors\n12|    error InvalidSizeDeltaForAdl(uint256 sizeDeltaUsd, uint256 positionSizeInUsd);\n13|    error AdlNotEnabled();\n14|\n15|    // AutoCancelUtils errors\n16|    error MaxAutoCancelOrdersExceeded(uint256 count, uint256 maxAutoCancelOrders);\n17|\n18|    // Bank errors\n19|    error SelfTransferNotSupported(address receiver);\n20|    error InvalidNativeTokenSender(address msgSender);\n21|\n22|    // BaseHandler errors\n23|    error RequestNotYetCancellable(uint256 requestAge, uint256 requestExpirationAge, string requestType);\n24|\n25|    // CallbackUtils errors\n26|    error MaxCallbackGasLimitExceeded(uint256 callbackGasLimit, uint256 maxCallbackGasLimit);\n27|    error InsufficientGasLeftForCallback(uint256 gasToBeForwarded, uint256 callbackGasLimit);\n28|\n29|    // Config errors\n30|    error InvalidBaseKey(bytes32 baseKey);\n31|    error ConfigValueExceedsAllowedRange(bytes32 baseKey, uint256 value);\n32|    error InvalidClaimableFactor(uint256 value);\n33|    error InvalidClaimableReductionFactor(uint256 value);\n34|    error OracleProviderAlreadyExistsForToken(address oracle, address token);\n35|    error OracleProviderMinChangeDelayNotYetPassed(address token, address provider);\n36|    error PriceFeedAlreadyExistsForToken(address token);\n37|    error DataStreamIdAlreadyExistsForToken(address token);\n38|    error EdgeDataStreamIdAlreadyExistsForToken(address token);\n39|    error MaxFundingFactorPerSecondLimitExceeded(uint256 maxFundingFactorPerSecond, uint256 limit);\n40|    error InvalidPositionImpactPoolDistributionRate(uint256 distributionAmount, uint256 positionImpactPoolAmount);\n41|    error MaxDataListLengthExceeded(uint256 dataLength, uint256 maxDataLength);\n42|    error EmptyToken();\n43|\n44|    // ContributorHandler errors\n45|    error InvalidSetContributorPaymentInput(uint256 tokensLength, uint256 amountsLength);\n46|    error InvalidContributorToken(address token);\n47|    error MaxTotalContributorTokenAmountExceeded(address token, uint256 totalAmount, uint256 maxTotalAmount);\n48|    error MinContributorPaymentIntervalNotYetPassed(uint256 minPaymentInterval);\n49|    error MinContributorPaymentIntervalBelowAllowedRange(uint256 interval);\n50|    error InvalidSetMaxTotalContributorTokenAmountInput(uint256 tokensLength, uint256 amountsLength);\n51|\n52|    // Timelock errors\n53|    error ActionAlreadySignalled();\n54|    error ActionNotSignalled();\n55|    error SignalTimeNotYetPassed(uint256 signalTime);\n56|    error InvalidTimelockDelay(uint256 timelockDelay);\n57|    error MaxTimelockDelayExceeded(uint256 timelockDelay);\n58|    error InvalidFeeReceiver(address receiver);\n59|    error InvalidOracleSigner(address signer);\n60|    error InvalidHoldingAddress(address account);\n61|    error EmptyPositionImpactWithdrawalAmount();\n62|    error OraclePriceOutdated();\n63|    error EmptyTarget();\n64|    error EmptyFundingAccount();\n65|    error EmptyReduceLentAmount();\n66|    error ReductionExceedsLentAmount(uint256 lentAmount, uint256 totalReductionAmount);\n67|\n68|    // GlvDepositStoreUtils errors\n69|    error GlvDepositNotFound(bytes32 key);\n70|    // GlvShiftStoreUtils errors\n71|    error GlvShiftNotFound(bytes32 key);\n72|    // GlvWithdrawalStoreUtils errors\n73|    error GlvWithdrawalNotFound(bytes32 key);\n74|    // GlvDepositUtils errors\n75|    error EmptyGlvDepositAmounts();\n76|    error EmptyGlvMarketAmount();\n77|    error EmptyGlvDeposit();\n78|    error InvalidMinGlvTokensForFirstGlvDeposit(uint256 minGlvTokens, uint256 expectedMinGlvTokens);\n79|    error InvalidReceiverForFirstGlvDeposit(address receiver, address expectedReceiver);\n80|    // GlvWithdrawalUtils errors\n81|    error EmptyGlvWithdrawal();\n82|    error EmptyGlvWithdrawalAmount();\n83|    // GlvUtils errors\n84|    error EmptyGlv(address glv);\n85|    error EmptyGlvTokenSupply();\n86|    error GlvNegativeMarketPoolValue(address glv, address market);\n87|    error GlvUnsupportedMarket(address glv, address market);\n88|    error GlvDisabledMarket(address glv, address market);\n89|    error GlvEnabledMarket(address glv, address market);\n90|    error GlvNonZeroMarketBalance(address glv, address market);\n91|    error GlvMaxMarketCountExceeded(address glv, uint256 glvMaxMarketCount);\n92|    error GlvMaxMarketTokenBalanceUsdExceeded(address glv, address market, uint256 maxMarketTokenBalanceUsd, uint256 marketTokenBalanceUsd);\n93|    error GlvMaxMarketTokenBalanceAmountExceeded(address glv, address market, uint256 maxMarketTokenBalanceAmount, uint256 marketTokenBalanceAmount);\n94|    error GlvInsufficientMarketTokenBalance(address glv, address market, uint256 marketTokenBalance, uint256 marketTokenAmount);\n95|    error GlvMarketAlreadyExists(address glv, address market);\n96|    error GlvInvalidLongToken(address glv, address provided, address expected);\n97|    error GlvInvalidShortToken(address glv, address provided, address expected);\n98|    // GlvShiftUtils\n99|    error GlvShiftMaxLossExceeded(uint256 effectivePriceImpactFactor, uint256 glvMaxShiftPriceImpactFactor);\n100|    error GlvShiftIntervalNotYetPassed(uint256 currentTimestamp, uint256 lastGlvShiftExecutedAt, uint256 glvShiftMinInterval);\n101|    // GlvFactory\n102|    error GlvAlreadyExists(bytes32 salt, address glv);\n103|    error GlvSymbolTooLong();\n104|    error GlvNameTooLong();\n105|    // GlvStoreUtils\n106|    error GlvNotFound(address key);\n107|    // Jit\n108|    error JitInvalidToMarket(address market, address expectedMarket);\n109|    error JitEmptyShiftParams();\n110|    error JitUnsupportedOrderType(uint256 orderType);\n111|\n112|    // DepositStoreUtils errors\n113|    error DepositNotFound(bytes32 key);\n114|\n115|    // DepositUtils errors\n116|    error EmptyDeposit();\n117|    error EmptyDepositAmounts();\n118|\n119|    // ExecuteDepositUtils errors\n120|    error MinMarketTokens(uint256 received, uint256 expected);\n121|    error EmptyDepositAmountsAfterSwap();\n122|    error InvalidPoolValueForDeposit(int256 poolValue);\n123|    error InvalidSwapOutputToken(address outputToken, address expectedOutputToken);\n124|    error InvalidReceiverForFirstDeposit(address receiver, address expectedReceiver);\n125|    error InvalidMinMarketTokensForFirstDeposit(uint256 minMarketTokens, uint256 expectedMinMarketTokens);\n126|\n127|    // ExternalHandler errors\n128|    error ExternalCallFailed(bytes data);\n129|    error InvalidExternalCallInput(uint256 targetsLength, uint256 dataListLength);\n130|    error InvalidExternalReceiversInput(uint256 refundTokensLength, uint256 refundReceiversLength);\n131|    error InvalidExternalCallTarget(address target);\n132|\n133|    // FeeBatchStoreUtils errors\n134|    error FeeBatchNotFound(bytes32 key);\n135|\n136|    // FeeDistributor errors\n137|    error InvalidFeeBatchTokenIndex(uint256 tokenIndex, uint256 feeBatchTokensLength);\n138|    error InvalidAmountInForFeeBatch(uint256 amountIn, uint256 remainingAmount);\n139|    error InvalidSwapPathForV1(address[] path, address bridgingToken);\n140|\n141|    // GlpMigrator errors\n142|    error InvalidGlpAmount(uint256 totalGlpAmountToRedeem, uint256 totalGlpAmount);\n143|    error InvalidExecutionFeeForMigration(uint256 totalExecutionFee, uint256 msgValue);\n144|\n145|    // GlvHandler errors\n146|    error InvalidGlvDepositInitialLongToken(address initialLongToken);\n147|    error InvalidGlvDepositInitialShortToken(address initialShortToken);\n148|    error InvalidGlvDepositSwapPath(uint256 longTokenSwapPathLength, uint256 shortTokenSwapPathLength);\n149|    error MinGlvTokens(uint256 received, uint256 expected);\n150|\n151|    // OrderHandler errors\n152|    error OrderNotUpdatable(uint256 orderType);\n153|    error InvalidKeeperForFrozenOrder(address keeper);\n154|\n155|    // FeatureUtils errors\n156|    error DisabledFeature(bytes32 key);\n157|\n158|    // FeeHandler errors\n159|    error InvalidBuybackToken(address buybackToken);\n160|    error InvalidVersion(uint256 version);\n161|    error InsufficientBuybackOutputAmount(address feeToken, address buybackToken, uint256 outputAmount, uint256 minOutputAmount);\n162|    error BuybackAndFeeTokenAreEqual(address feeToken, address buybackToken);\n163|    error AvailableFeeAmountIsZero(address feeToken, address buybackToken, uint256 availableFeeAmount);\n164|    error MaxBuybackPriceAgeExceeded(uint256 priceTimestamp, uint256 buybackMaxPriceAge, uint256 currentTimestamp);\n165|    error EmptyClaimFeesMarket();\n166|\n167|    // GasUtils errors\n168|    error InsufficientExecutionFee(uint256 minExecutionFee, uint256 executionFee);\n169|    error InsufficientWntAmountForExecutionFee(uint256 wntAmount, uint256 executionFee);\n170|    error InsufficientNativeTokenAmount(uint256 msgValue, uint256 expectedNativeValue);\n171|    error InsufficientExecutionGasForErrorHandling(uint256 startingGas, uint256 minHandleErrorGas);\n172|    error InsufficientExecutionGas(uint256 startingGas, uint256 estimatedGasLimit, uint256 minAdditionalGasForExecution);\n173|    error InsufficientHandleExecutionErrorGas(uint256 gas, uint256 minHandleExecutionErrorGas);\n174|    error InsufficientGasForCancellation(uint256 gas, uint256 minHandleExecutionErrorGas);\n175|    error InsufficientGasForAutoCancellation(uint256 gas, uint256 minHandleExecutionErrorGas);\n176|    error InsufficientGasLeft(uint256 gas, uint256 estimatedGasLimit);\n177|    error InvalidExecutionFee(uint256 executionFee, uint256 minExecutionFee, uint256 maxExecutionFee);\n178|    error EmptyRelayFeeAddress();\n179|\n180|    // MarketFactory errors\n181|    error MarketAlreadyExists(bytes32 salt, address existingMarketAddress);\n182|\n183|    // MarketStoreUtils errors\n184|    error MarketNotFound(address key);\n185|\n186|    // MarketUtils errors\n187|    error EmptyMarket();\n188|    error DisabledMarket(address market);\n189|    error MaxSwapPathLengthExceeded(uint256 swapPathLengh, uint256 maxSwapPathLength);\n190|    error InsufficientPoolAmount(uint256 poolAmount, uint256 amount);\n191|    error InsufficientReserve(uint256 reservedUsd, uint256 maxReservedUsd);\n192|    error InsufficientReserveForOpenInterest(uint256 reservedUsd, uint256 maxReservedUsd);\n193|    error UnableToGetOppositeToken(address inputToken, address market);\n194|    error UnexpectedTokenForVirtualInventory(address token, address market);\n195|    error EmptyMarketTokenSupply();\n196|    error InvalidSwapMarket(address market);\n197|    error UnableToGetCachedTokenPrice(address token, address market);\n198|    error CollateralAlreadyClaimed(uint256 adjustedClaimableAmount, uint256 claimedAmount);\n199|    error OpenInterestCannotBeUpdatedForSwapOnlyMarket(address market);\n200|    error MaxOpenInterestExceeded(uint256 openInterest, uint256 maxOpenInterest);\n201|    error MaxPoolAmountExceeded(uint256 poolAmount, uint256 maxPoolAmount);\n202|    error MaxCollateralSumExceeded(uint256 collateralSum, uint256 maxCollateralSum);\n203|    error MaxPoolUsdForDepositExceeded(uint256 poolUsd, uint256 maxPoolUsdForDeposit);\n204|    error UnexpectedBorrowingFactor(uint256 positionBorrowingFactor, uint256 cumulativeBorrowingFactor);\n205|    error UnableToGetBorrowingFactorEmptyPoolUsd();\n206|    error UnableToGetFundingFactorEmptyOpenInterest();\n207|    error InvalidPositionMarket(address market);\n208|    error InvalidCollateralTokenForMarket(address market, address token);\n209|    error PnlFactorExceededForLongs(int256 pnlToPoolFactor, uint256 maxPnlFactor);\n210|    error PnlFactorExceededForShorts(int256 pnlToPoolFactor, uint256 maxPnlFactor);\n211|    error InvalidUiFeeFactor(uint256 uiFeeFactor, uint256 maxUiFeeFactor);\n212|    error EmptyAddressInMarketTokenBalanceValidation(address market, address token);\n213|    error InvalidMarketTokenBalance(address market, address token, uint256 balance, uint256 expectedMinBalance);\n214|    error InvalidMarketTokenBalanceForCollateralAmount(address market, address token, uint256 balance, uint256 collateralAmount);\n215|    error InvalidMarketTokenBalanceForClaimableFunding(address market, address token, uint256 balance, uint256 claimableFundingFeeAmount);\n216|    error UnexpectedPoolValue(int256 poolValue);\n217|\n218|    // MarketPositionImpactUtils errors\n219|    error InsufficientImpactPoolValueForWithdrawal(uint256 withdrawalAmount, uint256 poolValue, int256 totalPendingImpactAmount);\n220|\n221|    // Oracle errors\n222|    error SequencerDown();\n223|    error SequencerGraceDurationNotYetPassed(uint256 timeSinceUp, uint256 sequencerGraceDuration);\n224|    error EmptyValidatedPrices(); // not used, kept for compatibility\n225|    error InvalidOracleProvider(address provider);\n226|    error InvalidOracleProviderForToken(address provider, address expectedProvider);\n227|    error GmEmptySigner(uint256 signerIndex);\n228|    error InvalidOracleSetPricesProvidersParam(uint256 tokensLength, uint256 providersLength);\n229|    error InvalidOracleSetPricesDataParam(uint256 tokensLength, uint256 dataLength);\n230|    error GmInvalidBlockNumber(uint256 minOracleBlockNumber, uint256 currentBlockNumber);\n231|    error GmInvalidMinMaxBlockNumber(uint256 minOracleBlockNumber, uint256 maxOracleBlockNumber);\n232|    error EmptyDataStreamFeedId(address token);\n233|    error InvalidDataStreamFeedId(address token, bytes32 feedId, bytes32 expectedFeedId);\n234|    error InvalidDataStreamBidAsk(address token, int192 bid, int192 ask);\n235|    error InvalidDataStreamPrices(address token, int192 bid, int192 ask);\n236|    error MaxPriceAgeExceeded(uint256 oracleTimestamp, uint256 currentTimestamp);\n237|    error MaxOracleTimestampRangeExceeded(uint256 range, uint256 maxRange);\n238|    error GmMinOracleSigners(uint256 oracleSigners, uint256 minOracleSigners);\n239|    error GmMaxOracleSigners(uint256 oracleSigners, uint256 maxOracleSigners);\n240|    error BlockNumbersNotSorted(uint256 minOracleBlockNumber, uint256 prevMinOracleBlockNumber);\n241|    error GmMinPricesNotSorted(address token, uint256 price, uint256 prevPrice);\n242|    error GmMaxPricesNotSorted(address token, uint256 price, uint256 prevPrice);\n243|    error EmptyChainlinkPriceFeedMultiplier(address token);\n244|    error EmptyDataStreamMultiplier(address token);\n245|    error InvalidDataStreamSpreadReductionFactor(address token, uint256 spreadReductionFactor);\n246|    error InvalidFeedPrice(address token, int256 price);\n247|    error ChainlinkPriceFeedNotUpdated(address token, uint256 timestamp, uint256 heartbeatDuration);\n248|    error GmMaxSignerIndex(uint256 signerIndex, uint256 maxSignerIndex);\n249|    error InvalidGmOraclePrice(address token);\n250|    error InvalidGmSignerMinMaxPrice(uint256 minPrice, uint256 maxPrice);\n251|    error InvalidGmMedianMinMaxPrice(uint256 minPrice, uint256 maxPrice);\n252|    error NonEmptyTokensWithPrices(uint256 tokensWithPricesLength);\n253|    error InvalidMinMaxForPrice(address token, uint256 min, uint256 max);\n254|    error EmptyChainlinkPriceFeed(address token);\n255|    error PriceAlreadySet(address token, uint256 minPrice, uint256 maxPrice);\n256|    error MaxRefPriceDeviationExceeded(\n257|        address token,\n258|        uint256 price,\n259|        uint256 refPrice,\n260|        uint256 maxRefPriceDeviationFactor\n261|    );\n262|    error InvalidBlockRangeSet(uint256 largestMinBlockNumber, uint256 smallestMaxBlockNumber);\n263|    error NonAtomicOracleProvider(address provider);\n264|\n265|    // OracleModule errors\n266|    error InvalidPrimaryPricesForSimulation(uint256 primaryTokensLength, uint256 primaryPricesLength);\n267|    error EndOfOracleSimulation();\n268|\n269|    // OracleUtils errors\n270|    error InvalidGmSignature(address recoveredSigner, address expectedSigner);\n271|\n272|    error EmptyPrimaryPrice(address token);\n273|\n274|    error OracleTimestampsAreSmallerThanRequired(uint256 minOracleTimestamp, uint256 expectedTimestamp);\n275|    error OracleTimestampsAreLargerThanRequestExpirationTime(uint256 maxOracleTimestamp, uint256 requestTimestamp, uint256 requestExpirationTime);\n276|\n277|    // BaseOrderUtils errors\n278|    error EmptyOrder();\n279|    error UnsupportedOrderType(uint256 orderType);\n280|    error UnsupportedOrderTypeForAutoCancellation(uint256 orderType);\n281|    error InvalidOrderPrices(\n282|        uint256 primaryPriceMin,\n283|        uint256 primaryPriceMax,\n284|        uint256 triggerPrice,\n285|        uint256 orderType\n286|    );\n287|    error EmptySizeDeltaInTokens();\n288|    error PriceImpactLargerThanOrderSize(int256 priceImpactUsd, uint256 sizeDeltaUsd);\n289|    error NegativeExecutionPrice(int256 executionPrice, uint256 price, uint256 positionSizeInUsd, int256 priceImpactUsd, uint256 sizeDeltaUsd);\n290|    error OrderNotFulfillableAtAcceptablePrice(uint256 price, uint256 acceptablePrice);\n291|    error OrderValidFromTimeNotReached(uint256 validFromTime, uint256 currentTimestamp);\n292|\n293|    // IncreaseOrderUtils errors\n294|    error UnexpectedPositionState();\n295|\n296|    // OrderUtils errors\n297|    error OrderTypeCannotBeCreated(uint256 orderType);\n298|    error OrderAlreadyFrozen();\n299|    error MaxTotalCallbackGasLimitForAutoCancelOrdersExceeded(uint256 totalCallbackGasLimit, uint256 maxTotalCallbackGasLimit);\n300|    error InvalidReceiver(address receiver);\n301|    error UnexpectedValidFromTime(uint256 orderType);\n302|\n303|    // OrderStoreUtils errors\n304|    error OrderNotFound(bytes32 key);\n305|\n306|    // SwapOrderUtils errors\n307|    error UnexpectedMarket();\n308|\n309|    // DecreasePositionCollateralUtils errors\n310|    error InsufficientFundsToPayForCosts(uint256 remainingCostUsd, string step);\n311|    error InvalidOutputToken(address tokenOut, address expectedTokenOut);\n312|\n313|    // DecreasePositionUtils errors\n314|    error InvalidDecreaseOrderSize(uint256 sizeDeltaUsd, uint256 positionSizeInUsd);\n315|    error UnableToWithdrawCollateral(int256 estimatedRemainingCollateralUsd);\n316|    error InvalidDecreasePositionSwapType(uint256 decreasePositionSwapType);\n317|    error PositionShouldNotBeLiquidated(\n318|        string reason,\n319|        int256 remainingCollateralUsd,\n320|        int256 minCollateralUsd,\n321|        int256 minCollateralUsdForLeverage\n322|    );\n323|\n324|    // IncreasePositionUtils errors\n325|    error InsufficientCollateralAmount(uint256 collateralAmount, int256 collateralDeltaAmount);\n326|    error InsufficientCollateralUsd(int256 remainingCollateralUsd);\n327|\n328|    // PositionStoreUtils errors\n329|    error PositionNotFound(bytes32 key);\n330|\n331|    // PositionUtils errors\n332|    error LiquidatablePosition(\n333|        string reason,\n334|        int256 remainingCollateralUsd,\n335|        int256 minCollateralUsd,\n336|        int256 minCollateralUsdForLeverage\n337|    );\n338|\n339|    error EmptyPosition();\n340|    error InvalidPositionSizeValues(uint256 sizeInUsd, uint256 sizeInTokens);\n341|    error MinPositionSize(uint256 positionSizeInUsd, uint256 minPositionSizeUsd);\n342|\n343|    // PositionPricingUtils errors\n344|    error UsdDeltaExceedsLongOpenInterest(int256 usdDelta, uint256 longOpenInterest);\n345|    error UsdDeltaExceedsShortOpenInterest(int256 usdDelta, uint256 shortOpenInterest);\n346|\n347|    // ShiftStoreUtils errors\n348|    error ShiftNotFound(bytes32 key);\n349|\n350|    // ShiftUtils errors\n351|    error EmptyShift();\n352|    error EmptyShiftAmount();\n353|    error ShiftFromAndToMarketAreEqual(address market);\n354|    error LongTokensAreNotEqual(address fromMarketLongToken, address toMarketLongToken);\n355|    error ShortTokensAreNotEqual(address fromMarketLongToken, address toMarketLongToken);\n356|    error BridgeOutNotSupportedDuringShift();\n357|\n358|    // SwapPricingUtils errors\n359|    error UsdDeltaExceedsPoolValue(int256 usdDelta, uint256 poolUsd);\n360|\n361|    // RoleModule errors\n362|    error Unauthorized(address msgSender, string role);\n363|\n364|    // RoleStore errors\n365|    error ThereMustBeAtLeastOneRoleAdmin();\n366|    error ThereMustBeAtLeastOneTimelockMultiSig();\n367|\n368|    // ExchangeRouter errors\n369|    error InvalidClaimFundingFeesInput(uint256 marketsLength, uint256 tokensLength);\n370|    error InvalidClaimCollateralInput(uint256 marketsLength, uint256 tokensLength, uint256 timeKeysLength);\n371|    error InvalidClaimAffiliateRewardsInput(uint256 marketsLength, uint256 tokensLength);\n372|    error InvalidClaimUiFeesInput(uint256 marketsLength, uint256 tokensLength);\n373|\n374|    // SwapUtils errors\n375|    error InvalidTokenIn(address tokenIn, address market);\n376|    error InsufficientOutputAmount(uint256 outputAmount, uint256 minOutputAmount);\n377|    error InsufficientSwapOutputAmount(uint256 outputAmount, uint256 minOutputAmount);\n378|    error DuplicatedMarketInSwapPath(address market);\n379|    error SwapPriceImpactExceedsAmountIn(uint256 amountAfterFees, int256 negativeImpactAmount);\n380|\n381|    // SubaccountRouter errors\n382|    error InvalidReceiverForSubaccountOrder(address receiver, address expectedReceiver);\n383|    error InvalidCancellationReceiverForSubaccountOrder(address cancellationReceiver, address expectedCancellationReceiver);\n384|\n385|    // SubaccountUtils errors\n386|    error SubaccountNotAuthorized(address account, address subaccount);\n387|    error MaxSubaccountActionCountExceeded(address account, address subaccount, uint256 count, uint256 maxCount);\n388|    error SubaccountApprovalExpired(address account, address subaccount, uint256 deadline, uint256 currentTimestamp);\n389|    error SubaccountIntegrationIdDisabled(bytes32 integrationId);\n390|\n391|    // TokenUtils errors\n392|    error TokenTransferError(address token, address receiver, uint256 amount);\n393|    error EmptyHoldingAddress();\n394|    // Note that Transfer is misspelled as Tranfer in the EmptyTokenTranferGasLimit error\n395|    // some contracts with this error cannot be re-deployed so it has been left as is\n396|    error EmptyTokenTranferGasLimit(address token);\n397|\n398|    // AccountUtils errors\n399|    error EmptyAccount();\n400|    error EmptyReceiver();"
    }
  ],
  "failures": [],
  "source_execution": false,
  "solc_executed": false,
  "tests_executed": false,
  "network": false,
  "P27_accepted": false,
  "excerpt_count": 12,
  "failure_count": 0,
  "empty_check_blocked": false,
  "finished_utc": "2026-09-10T22:52:17.100210+00:00"
}
