2026-08-22T14:34:15,492 [main] INFO  a.f.a.t.Tool$ - # APALACHE version: 0.56.1 | build: 70cdaf4
2026-08-22T14:34:15,500 [main] INFO  a.f.a.t.t.o.ServerCmd - Starting checker server on port 8822...
2026-08-22T14:34:18,446 [zio-default-async-5] INFO  a.f.a.i.p.PassChainExecutor - PASS #0: SanyParser
2026-08-22T14:34:18,898 [zio-default-async-5] DEBUG a.f.a.i.p.PassChainExecutor - PASS #0: SanyParser [OK]
2026-08-22T14:34:18,898 [zio-default-async-5] INFO  a.f.a.i.p.PassChainExecutor - PASS #1: TypeCheckerSnowcat
2026-08-22T14:34:18,899 [zio-default-async-5] INFO  a.f.a.t.p.t.EtcTypeCheckerPassImpl -  > Running Snowcat .::.
2026-08-22T14:34:20,442 [zio-default-async-5] INFO  a.f.a.t.p.t.EtcTypeCheckerPassImpl -  > Your types are purrfect!
2026-08-22T14:34:20,442 [zio-default-async-5] INFO  a.f.a.t.p.t.EtcTypeCheckerPassImpl -  > All expressions are typed
2026-08-22T14:34:20,442 [zio-default-async-5] DEBUG a.f.a.i.p.PassChainExecutor - PASS #1: TypeCheckerSnowcat [OK]
2026-08-22T14:34:20,443 [zio-default-async-5] INFO  a.f.a.i.p.PassChainExecutor - PASS #2: ConfigurationPass
2026-08-22T14:34:20,452 [zio-default-async-5] INFO  a.f.a.t.p.p.ConfigurationPassImpl -   > Set the initialization predicate to q::init
2026-08-22T14:34:20,453 [zio-default-async-5] INFO  a.f.a.t.p.p.ConfigurationPassImpl -   > Set the transition predicate to q::step
2026-08-22T14:34:20,454 [zio-default-async-5] INFO  a.f.a.t.p.p.ConfigurationPassImpl -   > Set an invariant to q::inv
2026-08-22T14:34:20,461 [zio-default-async-5] DEBUG a.f.a.i.p.PassChainExecutor - PASS #2: ConfigurationPass [OK]
2026-08-22T14:34:20,461 [zio-default-async-5] INFO  a.f.a.i.p.PassChainExecutor - PASS #3: DesugarerPass
2026-08-22T14:34:20,461 [zio-default-async-5] INFO  a.f.a.t.p.p.DesugarerPassImpl -   > Desugaring...
2026-08-22T14:34:20,478 [zio-default-async-5] DEBUG a.f.a.i.p.PassChainExecutor - PASS #3: DesugarerPass [OK]
2026-08-22T14:34:20,478 [zio-default-async-5] INFO  a.f.a.i.p.PassChainExecutor - PASS #4: InlinePass
2026-08-22T14:34:20,479 [zio-default-async-5] INFO  a.f.a.t.p.p.InlinePassImpl - Leaving only relevant operators: CInitPrimed, q::init, q::initPrimed, q::inv, q::step
2026-08-22T14:34:20,666 [zio-default-async-5] DEBUG a.f.a.i.p.PassChainExecutor - PASS #4: InlinePass [OK]
2026-08-22T14:34:20,666 [zio-default-async-5] INFO  a.f.a.i.p.PassChainExecutor - PASS #5: TemporalPass
2026-08-22T14:34:20,666 [zio-default-async-5] INFO  a.f.a.t.p.p.TemporalPassImpl -   > Rewriting temporal operators...
2026-08-22T14:34:20,666 [zio-default-async-5] INFO  a.f.a.t.p.p.TemporalPassImpl -   > No temporal property specified, nothing to encode
2026-08-22T14:34:20,666 [zio-default-async-5] DEBUG a.f.a.i.p.PassChainExecutor - PASS #5: TemporalPass [OK]
2026-08-22T14:34:20,666 [zio-default-async-5] INFO  a.f.a.i.p.PassChainExecutor - PASS #6: InlinePass
2026-08-22T14:34:20,667 [zio-default-async-5] INFO  a.f.a.t.p.p.InlinePassImpl - Leaving only relevant operators: CInitPrimed, q::init, q::initPrimed, q::inv, q::step
2026-08-22T14:34:20,698 [zio-default-async-5] DEBUG a.f.a.i.p.PassChainExecutor - PASS #6: InlinePass [OK]
2026-08-22T14:34:20,698 [zio-default-async-5] INFO  a.f.a.i.p.PassChainExecutor - PASS #7: PrimingPass
2026-08-22T14:34:20,700 [zio-default-async-5] INFO  a.f.a.t.p.a.PrimingPassImpl -   > Introducing q::initPrimed for q::init'
2026-08-22T14:34:20,700 [zio-default-async-5] DEBUG a.f.a.i.p.PassChainExecutor - PASS #7: PrimingPass [OK]
2026-08-22T14:34:20,701 [zio-default-async-5] INFO  a.f.a.i.p.PassChainExecutor - PASS #8: VCGen
2026-08-22T14:34:20,701 [zio-default-async-5] INFO  a.f.a.t.b.p.VCGenPassImpl -   > Producing verification conditions from the invariant q::inv
2026-08-22T14:34:20,709 [zio-default-async-5] INFO  a.f.a.t.b.VCGenerator -   > VCGen produced 57 verification condition(s)
2026-08-22T14:34:20,712 [zio-default-async-5] DEBUG a.f.a.i.p.PassChainExecutor - PASS #8: VCGen [OK]
2026-08-22T14:34:20,713 [zio-default-async-5] INFO  a.f.a.i.p.PassChainExecutor - PASS #9: PreprocessingPass
2026-08-22T14:34:20,713 [zio-default-async-5] INFO  a.f.a.t.p.p.PreproPassImpl -   > Before preprocessing: unique renaming
2026-08-22T14:34:20,718 [zio-default-async-5] INFO  a.f.a.t.p.p.PreproPassImpl -  > Applying standard transformations:
2026-08-22T14:34:20,718 [zio-default-async-5] INFO  a.f.a.t.p.p.PreproPassImpl -   > PrimePropagation
2026-08-22T14:34:20,724 [zio-default-async-5] INFO  a.f.a.t.p.p.PreproPassImpl -   > Desugarer
2026-08-22T14:34:20,733 [zio-default-async-5] INFO  a.f.a.t.p.p.PreproPassImpl -   > UniqueRenamer
2026-08-22T14:34:20,764 [zio-default-async-5] INFO  a.f.a.t.p.p.PreproPassImpl -   > Normalizer
2026-08-22T14:34:20,778 [zio-default-async-5] INFO  a.f.a.t.p.p.PreproPassImpl -   > Keramelizer
2026-08-22T14:34:20,812 [zio-default-async-5] INFO  a.f.a.t.p.p.PreproPassImpl -   > After preprocessing: UniqueRenamer
2026-08-22T14:34:20,855 [zio-default-async-5] DEBUG a.f.a.i.p.PassChainExecutor - PASS #9: PreprocessingPass [OK]
2026-08-22T14:34:20,856 [zio-default-async-5] INFO  a.f.a.i.p.PassChainExecutor - PASS #10: TransitionFinderPass
2026-08-22T14:34:20,879 [zio-default-async-5] INFO  a.f.a.t.p.a.TransitionPassImpl -   > Found 1 initializing transitions
2026-08-22T14:34:20,906 [zio-default-async-5] INFO  a.f.a.t.p.a.TransitionPassImpl -   > Found 7 transitions
2026-08-22T14:34:20,907 [zio-default-async-5] INFO  a.f.a.t.p.a.TransitionPassImpl -   > No constant initializer
2026-08-22T14:34:20,908 [zio-default-async-5] INFO  a.f.a.t.p.a.TransitionPassImpl -   > Applying unique renaming
2026-08-22T14:34:20,929 [zio-default-async-5] DEBUG a.f.a.i.p.PassChainExecutor - PASS #10: TransitionFinderPass [OK]
2026-08-22T14:34:20,929 [zio-default-async-5] INFO  a.f.a.i.p.PassChainExecutor - PASS #11: OptimizationPass
2026-08-22T14:34:20,936 [zio-default-async-5] INFO  a.f.a.t.p.p.OptPassImpl -  > Applying optimizations:
2026-08-22T14:34:20,937 [zio-default-async-5] INFO  a.f.a.t.p.p.OptPassImpl -   > ConstSimplifier
2026-08-22T14:34:20,968 [zio-default-async-5] INFO  a.f.a.t.p.p.OptPassImpl -   > ExprOptimizer
2026-08-22T14:34:20,979 [zio-default-async-5] INFO  a.f.a.t.p.p.OptPassImpl -   > SetMembershipSimplifier
2026-08-22T14:34:20,983 [zio-default-async-5] INFO  a.f.a.t.p.p.OptPassImpl -   > ConstSimplifier
2026-08-22T14:34:21,002 [zio-default-async-5] DEBUG a.f.a.i.p.PassChainExecutor - PASS #11: OptimizationPass [OK]
2026-08-22T14:34:21,002 [zio-default-async-5] INFO  a.f.a.i.p.PassChainExecutor - PASS #12: AnalysisPass
2026-08-22T14:34:21,004 [zio-default-async-5] INFO  a.f.a.t.b.p.AnalysisPassImpl -  > Marking skolemizable existentials and sets to be expanded...
2026-08-22T14:34:21,005 [zio-default-async-5] INFO  a.f.a.t.b.p.AnalysisPassImpl -   > Skolemization
2026-08-22T14:34:21,008 [zio-default-async-5] INFO  a.f.a.t.b.p.AnalysisPassImpl -   > Expansion
2026-08-22T14:34:21,015 [zio-default-async-5] INFO  a.f.a.t.b.p.AnalysisPassImpl -   > Remove unused let-in defs
2026-08-22T14:34:21,029 [zio-default-async-5] INFO  a.f.a.t.b.p.AnalysisPassImpl -  > Running analyzers...
2026-08-22T14:34:21,035 [zio-default-async-5] INFO  a.f.a.t.b.p.AnalysisPassImpl -   > Introduced expression grades
2026-08-22T14:34:21,035 [zio-default-async-5] DEBUG a.f.a.i.p.PassChainExecutor - PASS #12: AnalysisPass [OK]
2026-08-22T14:34:21,036 [zio-default-async-5] INFO  a.f.a.i.p.PassChainExecutor - PASS #13: BoundedChecker
2026-08-22T14:34:21,052 [zio-default-async-5] DEBUG a.f.a.t.b.s.Z3SolverContext - Creating Z3 solver context 0
2026-08-22T14:34:21,314 [zio-default-async-5] DEBUG a.f.a.t.b.t.TransitionExecutorImpl - Step #0, transition #0
2026-08-22T14:34:21,315 [zio-default-async-5] DEBUG a.f.a.t.b.t.TransitionExecutorImpl - Translating to SMT
2026-08-22T14:34:21,365 [zio-default-async-5] DEBUG a.f.a.t.b.SeqModelChecker - Step 0: Transition #0. Is it enabled?
2026-08-22T14:34:21,369 [zio-default-async-5] DEBUG a.f.a.t.b.SeqModelChecker - Step 0: Transition #0 is enabled
2026-08-22T14:34:21,369 [zio-default-async-5] INFO  a.f.a.t.b.SeqModelChecker - State 0: Checking 57 state invariants
2026-08-22T14:34:21,370 [zio-default-async-5] DEBUG a.f.a.t.b.SeqModelChecker - State 0: Checking state invariant 0
2026-08-22T14:34:21,373 [zio-default-async-5] INFO  a.f.a.t.b.SeqModelChecker - State 0: state invariant 0 holds.
2026-08-22T14:34:21,375 [zio-default-async-5] DEBUG a.f.a.t.b.SeqModelChecker - State 0: Checking state invariant 1
2026-08-22T14:34:21,376 [zio-default-async-5] INFO  a.f.a.t.b.SeqModelChecker - State 0: state invariant 1 holds.
2026-08-22T14:34:21,377 [zio-default-async-5] DEBUG a.f.a.t.b.SeqModelChecker - State 0: Checking state invariant 2
2026-08-22T14:34:21,377 [zio-default-async-5] INFO  a.f.a.t.b.SeqModelChecker - State 0: state invariant 2 holds.
2026-08-22T14:34:21,377 [zio-default-async-5] DEBUG a.f.a.t.b.SeqModelChecker - State 0: Checking state invariant 3
2026-08-22T14:34:21,730 [zio-default-async-5] INFO  a.f.a.t.b.SeqModelChecker - State 0: state invariant 3 holds.
2026-08-22T14:34:21,732 [zio-default-async-5] DEBUG a.f.a.t.b.SeqModelChecker - State 0: Checking state invariant 4
2026-08-22T14:34:29,692 [zio-default-async-5] INFO  a.f.a.t.b.SeqModelChecker - State 0: state invariant 4 holds.
2026-08-22T14:34:29,696 [zio-default-async-5] DEBUG a.f.a.t.b.SeqModelChecker - State 0: Checking state invariant 5
2026-08-22T14:34:29,871 [zio-default-async-5] INFO  a.f.a.t.b.SeqModelChecker - State 0: state invariant 5 holds.
2026-08-22T14:34:29,872 [zio-default-async-5] DEBUG a.f.a.t.b.SeqModelChecker - State 0: Checking state invariant 6
2026-08-22T14:34:35,285 [zio-default-async-5] INFO  a.f.a.t.b.SeqModelChecker - State 0: state invariant 6 holds.
2026-08-22T14:34:35,288 [zio-default-async-5] DEBUG a.f.a.t.b.SeqModelChecker - State 0: Checking state invariant 7
2026-08-22T14:34:35,494 [zio-default-async-5] INFO  a.f.a.t.b.SeqModelChecker - State 0: state invariant 7 holds.
2026-08-22T14:34:35,496 [zio-default-async-5] DEBUG a.f.a.t.b.SeqModelChecker - State 0: Checking state invariant 8
2026-08-22T14:34:35,496 [zio-default-async-5] INFO  a.f.a.t.b.SeqModelChecker - State 0: state invariant 8 holds.
2026-08-22T14:34:35,496 [zio-default-async-5] DEBUG a.f.a.t.b.SeqModelChecker - State 0: Checking state invariant 9
2026-08-22T14:34:35,497 [zio-default-async-5] INFO  a.f.a.t.b.SeqModelChecker - State 0: state invariant 9 holds.
2026-08-22T14:34:35,497 [zio-default-async-5] DEBUG a.f.a.t.b.SeqModelChecker - State 0: Checking state invariant 10
2026-08-22T14:34:35,497 [zio-default-async-5] INFO  a.f.a.t.b.SeqModelChecker - State 0: state invariant 10 holds.
2026-08-22T14:34:35,497 [zio-default-async-5] DEBUG a.f.a.t.b.SeqModelChecker - State 0: Checking state invariant 11
2026-08-22T14:34:35,497 [zio-default-async-5] INFO  a.f.a.t.b.SeqModelChecker - State 0: state invariant 11 holds.
2026-08-22T14:34:35,497 [zio-default-async-5] DEBUG a.f.a.t.b.SeqModelChecker - State 0: Checking state invariant 12
2026-08-22T14:34:35,497 [zio-default-async-5] INFO  a.f.a.t.b.SeqModelChecker - State 0: state invariant 12 holds.
2026-08-22T14:34:35,498 [zio-default-async-5] DEBUG a.f.a.t.b.SeqModelChecker - State 0: Checking state invariant 13
2026-08-22T14:34:35,498 [zio-default-async-5] INFO  a.f.a.t.b.SeqModelChecker - State 0: state invariant 13 holds.
2026-08-22T14:34:35,498 [zio-default-async-5] DEBUG a.f.a.t.b.SeqModelChecker - State 0: Checking state invariant 14
2026-08-22T14:34:35,498 [zio-default-async-5] INFO  a.f.a.t.b.SeqModelChecker - State 0: state invariant 14 holds.
2026-08-22T14:34:35,498 [zio-default-async-5] DEBUG a.f.a.t.b.SeqModelChecker - State 0: Checking state invariant 15
2026-08-22T14:34:35,498 [zio-default-async-5] INFO  a.f.a.t.b.SeqModelChecker - State 0: state invariant 15 holds.
2026-08-22T14:34:35,498 [zio-default-async-5] DEBUG a.f.a.t.b.SeqModelChecker - State 0: Checking state invariant 16
2026-08-22T14:34:35,499 [zio-default-async-5] INFO  a.f.a.t.b.SeqModelChecker - State 0: state invariant 16 holds.
2026-08-22T14:34:35,499 [zio-default-async-5] DEBUG a.f.a.t.b.SeqModelChecker - State 0: Checking state invariant 17
2026-08-22T14:34:35,499 [zio-default-async-5] INFO  a.f.a.t.b.SeqModelChecker - State 0: state invariant 17 holds.
2026-08-22T14:34:35,500 [zio-default-async-5] DEBUG a.f.a.t.b.SeqModelChecker - State 0: Checking state invariant 18
2026-08-22T14:34:35,500 [zio-default-async-5] INFO  a.f.a.t.b.SeqModelChecker - State 0: state invariant 18 holds.
2026-08-22T14:34:35,500 [zio-default-async-5] DEBUG a.f.a.t.b.SeqModelChecker - State 0: Checking state invariant 19
2026-08-22T14:34:35,502 [zio-default-async-5] INFO  a.f.a.t.b.SeqModelChecker - State 0: state invariant 19 holds.
2026-08-22T14:34:35,502 [zio-default-async-5] DEBUG a.f.a.t.b.SeqModelChecker - State 0: Checking state invariant 20
2026-08-22T14:34:35,502 [zio-default-async-5] INFO  a.f.a.t.b.SeqModelChecker - State 0: state invariant 20 holds.
2026-08-22T14:34:35,502 [zio-default-async-5] DEBUG a.f.a.t.b.SeqModelChecker - State 0: Checking state invariant 21
2026-08-22T14:34:35,502 [zio-default-async-5] INFO  a.f.a.t.b.SeqModelChecker - State 0: state invariant 21 holds.
2026-08-22T14:34:35,503 [zio-default-async-5] DEBUG a.f.a.t.b.SeqModelChecker - State 0: Checking state invariant 22
2026-08-22T14:34:35,503 [zio-default-async-5] INFO  a.f.a.t.b.SeqModelChecker - State 0: state invariant 22 holds.
2026-08-22T14:34:35,503 [zio-default-async-5] DEBUG a.f.a.t.b.SeqModelChecker - State 0: Checking state invariant 23
2026-08-22T14:34:35,503 [zio-default-async-5] INFO  a.f.a.t.b.SeqModelChecker - State 0: state invariant 23 holds.
2026-08-22T14:34:35,504 [zio-default-async-5] DEBUG a.f.a.t.b.SeqModelChecker - State 0: Checking state invariant 24
2026-08-22T14:34:35,504 [zio-default-async-5] INFO  a.f.a.t.b.SeqModelChecker - State 0: state invariant 24 holds.
2026-08-22T14:34:35,504 [zio-default-async-5] DEBUG a.f.a.t.b.SeqModelChecker - State 0: Checking state invariant 25
2026-08-22T14:34:35,504 [zio-default-async-5] INFO  a.f.a.t.b.SeqModelChecker - State 0: state invariant 25 holds.
2026-08-22T14:34:35,504 [zio-default-async-5] DEBUG a.f.a.t.b.SeqModelChecker - State 0: Checking state invariant 26
2026-08-22T14:34:35,504 [zio-default-async-5] INFO  a.f.a.t.b.SeqModelChecker - State 0: state invariant 26 holds.
2026-08-22T14:34:35,504 [zio-default-async-5] DEBUG a.f.a.t.b.SeqModelChecker - State 0: Checking state invariant 27
2026-08-22T14:34:35,505 [zio-default-async-5] INFO  a.f.a.t.b.SeqModelChecker - State 0: state invariant 27 holds.
2026-08-22T14:34:35,505 [zio-default-async-5] DEBUG a.f.a.t.b.SeqModelChecker - State 0: Checking state invariant 28
2026-08-22T14:34:35,505 [zio-default-async-5] INFO  a.f.a.t.b.SeqModelChecker - State 0: state invariant 28 holds.
2026-08-22T14:34:35,505 [zio-default-async-5] DEBUG a.f.a.t.b.SeqModelChecker - State 0: Checking state invariant 29
2026-08-22T14:34:35,506 [zio-default-async-5] INFO  a.f.a.t.b.SeqModelChecker - State 0: state invariant 29 holds.
2026-08-22T14:34:35,506 [zio-default-async-5] DEBUG a.f.a.t.b.SeqModelChecker - State 0: Checking state invariant 30
2026-08-22T14:34:35,507 [zio-default-async-5] INFO  a.f.a.t.b.SeqModelChecker - State 0: state invariant 30 holds.
2026-08-22T14:34:35,507 [zio-default-async-5] DEBUG a.f.a.t.b.SeqModelChecker - State 0: Checking state invariant 31
2026-08-22T14:34:35,508 [zio-default-async-5] INFO  a.f.a.t.b.SeqModelChecker - State 0: state invariant 31 holds.
2026-08-22T14:34:35,508 [zio-default-async-5] DEBUG a.f.a.t.b.SeqModelChecker - State 0: Checking state invariant 32
2026-08-22T14:34:35,508 [zio-default-async-5] INFO  a.f.a.t.b.SeqModelChecker - State 0: state invariant 32 holds.
2026-08-22T14:34:35,508 [zio-default-async-5] DEBUG a.f.a.t.b.SeqModelChecker - State 0: Checking state invariant 33
2026-08-22T14:34:35,508 [zio-default-async-5] INFO  a.f.a.t.b.SeqModelChecker - State 0: state invariant 33 holds.
2026-08-22T14:34:35,508 [zio-default-async-5] DEBUG a.f.a.t.b.SeqModelChecker - State 0: Checking state invariant 34
2026-08-22T14:34:35,509 [zio-default-async-5] INFO  a.f.a.t.b.SeqModelChecker - State 0: state invariant 34 holds.
2026-08-22T14:34:35,509 [zio-default-async-5] DEBUG a.f.a.t.b.SeqModelChecker - State 0: Checking state invariant 35
2026-08-22T14:34:35,509 [zio-default-async-5] INFO  a.f.a.t.b.SeqModelChecker - State 0: state invariant 35 holds.
2026-08-22T14:34:35,509 [zio-default-async-5] DEBUG a.f.a.t.b.SeqModelChecker - State 0: Checking state invariant 36
2026-08-22T14:34:35,509 [zio-default-async-5] INFO  a.f.a.t.b.SeqModelChecker - State 0: state invariant 36 holds.
2026-08-22T14:34:35,509 [zio-default-async-5] DEBUG a.f.a.t.b.SeqModelChecker - State 0: Checking state invariant 37
2026-08-22T14:34:35,523 [zio-default-async-5] INFO  a.f.a.t.b.SeqModelChecker - State 0: state invariant 37 holds.
2026-08-22T14:34:35,524 [zio-default-async-5] DEBUG a.f.a.t.b.SeqModelChecker - State 0: Checking state invariant 38
2026-08-22T14:34:35,524 [zio-default-async-5] INFO  a.f.a.t.b.SeqModelChecker - State 0: state invariant 38 holds.
2026-08-22T14:34:35,524 [zio-default-async-5] DEBUG a.f.a.t.b.SeqModelChecker - State 0: Checking state invariant 39
2026-08-22T14:34:35,524 [zio-default-async-5] INFO  a.f.a.t.b.SeqModelChecker - State 0: state invariant 39 holds.
2026-08-22T14:34:35,524 [zio-default-async-5] DEBUG a.f.a.t.b.SeqModelChecker - State 0: Checking state invariant 40
2026-08-22T14:34:35,525 [zio-default-async-5] INFO  a.f.a.t.b.SeqModelChecker - State 0: state invariant 40 holds.
2026-08-22T14:34:35,526 [zio-default-async-5] DEBUG a.f.a.t.b.SeqModelChecker - State 0: Checking state invariant 41
2026-08-22T14:34:35,526 [zio-default-async-5] INFO  a.f.a.t.b.SeqModelChecker - State 0: state invariant 41 holds.
2026-08-22T14:34:35,527 [zio-default-async-5] DEBUG a.f.a.t.b.SeqModelChecker - State 0: Checking state invariant 42
2026-08-22T14:34:35,527 [zio-default-async-5] INFO  a.f.a.t.b.SeqModelChecker - State 0: state invariant 42 holds.
2026-08-22T14:34:35,527 [zio-default-async-5] DEBUG a.f.a.t.b.SeqModelChecker - State 0: Checking state invariant 43
2026-08-22T14:34:35,527 [zio-default-async-5] INFO  a.f.a.t.b.SeqModelChecker - State 0: state invariant 43 holds.
2026-08-22T14:34:35,527 [zio-default-async-5] DEBUG a.f.a.t.b.SeqModelChecker - State 0: Checking state invariant 44
2026-08-22T14:34:35,527 [zio-default-async-5] INFO  a.f.a.t.b.SeqModelChecker - State 0: state invariant 44 holds.
2026-08-22T14:34:35,527 [zio-default-async-5] DEBUG a.f.a.t.b.SeqModelChecker - State 0: Checking state invariant 45
2026-08-22T14:34:35,528 [zio-default-async-5] INFO  a.f.a.t.b.SeqModelChecker - State 0: state invariant 45 holds.
2026-08-22T14:34:35,528 [zio-default-async-5] DEBUG a.f.a.t.b.SeqModelChecker - State 0: Checking state invariant 46
2026-08-22T14:34:35,528 [zio-default-async-5] INFO  a.f.a.t.b.SeqModelChecker - State 0: state invariant 46 holds.
2026-08-22T14:34:35,528 [zio-default-async-5] DEBUG a.f.a.t.b.SeqModelChecker - State 0: Checking state invariant 47
2026-08-22T14:34:35,531 [zio-default-async-5] INFO  a.f.a.t.b.SeqModelChecker - State 0: state invariant 47 holds.
2026-08-22T14:34:35,532 [zio-default-async-5] DEBUG a.f.a.t.b.SeqModelChecker - State 0: Checking state invariant 48
2026-08-22T14:34:35,534 [zio-default-async-5] INFO  a.f.a.t.b.SeqModelChecker - State 0: state invariant 48 holds.
2026-08-22T14:34:35,534 [zio-default-async-5] DEBUG a.f.a.t.b.SeqModelChecker - State 0: Checking state invariant 49
2026-08-22T14:34:35,542 [zio-default-async-5] INFO  a.f.a.t.b.SeqModelChecker - State 0: state invariant 49 holds.
2026-08-22T14:34:35,543 [zio-default-async-5] DEBUG a.f.a.t.b.SeqModelChecker - State 0: Checking state invariant 50
2026-08-22T14:34:35,547 [zio-default-async-5] INFO  a.f.a.t.b.SeqModelChecker - State 0: state invariant 50 holds.
2026-08-22T14:34:35,548 [zio-default-async-5] DEBUG a.f.a.t.b.SeqModelChecker - State 0: Checking state invariant 51
2026-08-22T14:34:35,548 [zio-default-async-5] INFO  a.f.a.t.b.SeqModelChecker - State 0: state invariant 51 holds.
2026-08-22T14:34:35,548 [zio-default-async-5] DEBUG a.f.a.t.b.SeqModelChecker - State 0: Checking state invariant 52
2026-08-22T14:34:35,548 [zio-default-async-5] INFO  a.f.a.t.b.SeqModelChecker - State 0: state invariant 52 holds.
2026-08-22T14:34:35,549 [zio-default-async-5] DEBUG a.f.a.t.b.SeqModelChecker - State 0: Checking state invariant 53
2026-08-22T14:34:35,549 [zio-default-async-5] INFO  a.f.a.t.b.SeqModelChecker - State 0: state invariant 53 holds.
2026-08-22T14:34:35,549 [zio-default-async-5] DEBUG a.f.a.t.b.SeqModelChecker - State 0: Checking state invariant 54
2026-08-22T14:34:35,549 [zio-default-async-5] INFO  a.f.a.t.b.SeqModelChecker - State 0: state invariant 54 holds.
2026-08-22T14:34:35,549 [zio-default-async-5] DEBUG a.f.a.t.b.SeqModelChecker - State 0: Checking state invariant 55
2026-08-22T14:34:35,549 [zio-default-async-5] INFO  a.f.a.t.b.SeqModelChecker - State 0: state invariant 55 holds.
2026-08-22T14:34:35,549 [zio-default-async-5] DEBUG a.f.a.t.b.SeqModelChecker - State 0: Checking state invariant 56
2026-08-22T14:34:35,549 [zio-default-async-5] INFO  a.f.a.t.b.SeqModelChecker - State 0: state invariant 56 holds.
2026-08-22T14:34:35,549 [zio-default-async-5] INFO  a.f.a.t.b.t.TransitionExecutorImpl - Step 0: picking a transition out of 1 transition(s)
2026-08-22T14:34:35,550 [zio-default-async-5] DEBUG a.f.a.t.b.t.TransitionExecutorImpl - Step #1, transition #0
2026-08-22T14:34:35,551 [zio-default-async-5] DEBUG a.f.a.t.b.t.TransitionExecutorImpl - Translating to SMT
2026-08-22T14:34:35,608 [zio-default-async-5] DEBUG a.f.a.t.b.SeqModelChecker - Step 1: Transition #0. Is it enabled?
2026-08-22T14:35:51,584 [zio-default-async-5] DEBUG a.f.a.t.b.SeqModelChecker - Step 1: Transition #0 is enabled
2026-08-22T14:35:51,585 [zio-default-async-5] INFO  a.f.a.t.b.SeqModelChecker - State 1: Checking 11 state invariants
2026-08-22T14:35:51,585 [zio-default-async-5] DEBUG a.f.a.t.b.SeqModelChecker - State 1: Checking state invariant 37
2026-08-22T14:35:51,597 [zio-default-async-5] INFO  a.f.a.t.b.SeqModelChecker - State 1: state invariant 37 holds.
2026-08-22T14:35:51,597 [zio-default-async-5] DEBUG a.f.a.t.b.SeqModelChecker - State 1: Checking state invariant 38
2026-08-22T14:35:51,598 [zio-default-async-5] INFO  a.f.a.t.b.SeqModelChecker - State 1: state invariant 38 holds.
2026-08-22T14:35:51,598 [zio-default-async-5] DEBUG a.f.a.t.b.SeqModelChecker - State 1: Checking state invariant 39
2026-08-22T14:35:51,598 [zio-default-async-5] INFO  a.f.a.t.b.SeqModelChecker - State 1: state invariant 39 holds.
2026-08-22T14:35:51,598 [zio-default-async-5] DEBUG a.f.a.t.b.SeqModelChecker - State 1: Checking state invariant 40
2026-08-22T14:35:51,598 [zio-default-async-5] INFO  a.f.a.t.b.SeqModelChecker - State 1: state invariant 40 holds.
2026-08-22T14:35:51,599 [zio-default-async-5] DEBUG a.f.a.t.b.SeqModelChecker - State 1: Checking state invariant 41
2026-08-22T14:35:51,599 [zio-default-async-5] INFO  a.f.a.t.b.SeqModelChecker - State 1: state invariant 41 holds.
2026-08-22T14:35:51,599 [zio-default-async-5] DEBUG a.f.a.t.b.SeqModelChecker - State 1: Checking state invariant 42
2026-08-22T14:35:51,599 [zio-default-async-5] INFO  a.f.a.t.b.SeqModelChecker - State 1: state invariant 42 holds.
2026-08-22T14:35:51,600 [zio-default-async-5] DEBUG a.f.a.t.b.SeqModelChecker - State 1: Checking state invariant 43
2026-08-22T14:35:51,601 [zio-default-async-5] INFO  a.f.a.t.b.SeqModelChecker - State 1: state invariant 43 holds.
2026-08-22T14:35:51,602 [zio-default-async-5] DEBUG a.f.a.t.b.SeqModelChecker - State 1: Checking state invariant 47
2026-08-22T14:35:51,622 [zio-default-async-5] INFO  a.f.a.t.b.SeqModelChecker - State 1: state invariant 47 holds.
2026-08-22T14:35:51,623 [zio-default-async-5] DEBUG a.f.a.t.b.SeqModelChecker - State 1: Checking state invariant 48
2026-08-22T14:35:51,625 [zio-default-async-5] INFO  a.f.a.t.b.SeqModelChecker - State 1: state invariant 48 holds.
2026-08-22T14:35:51,626 [zio-default-async-5] DEBUG a.f.a.t.b.SeqModelChecker - State 1: Checking state invariant 51
2026-08-22T14:35:51,626 [zio-default-async-5] INFO  a.f.a.t.b.SeqModelChecker - State 1: state invariant 51 holds.
2026-08-22T14:35:51,627 [zio-default-async-5] DEBUG a.f.a.t.b.SeqModelChecker - State 1: Checking state invariant 52
2026-08-22T14:35:51,627 [zio-default-async-5] INFO  a.f.a.t.b.SeqModelChecker - State 1: state invariant 52 holds.
2026-08-22T14:35:51,634 [zio-default-async-5] DEBUG a.f.a.t.b.t.TransitionExecutorImpl - Step #1, transition #1
2026-08-22T14:35:51,634 [zio-default-async-5] DEBUG a.f.a.t.b.t.TransitionExecutorImpl - Translating to SMT
2026-08-22T14:35:51,650 [zio-default-async-5] DEBUG a.f.a.t.b.SeqModelChecker - Step 1: Transition #1. Is it enabled?
2026-08-22T14:35:51,651 [zio-default-async-5] INFO  a.f.a.t.b.SeqModelChecker - Step 1: Transition #1 is disabled
2026-08-22T14:35:51,652 [zio-default-async-5] DEBUG a.f.a.t.b.t.TransitionExecutorImpl - Step #1, transition #2
2026-08-22T14:35:51,652 [zio-default-async-5] DEBUG a.f.a.t.b.t.TransitionExecutorImpl - Translating to SMT
2026-08-22T14:35:51,664 [zio-default-async-5] DEBUG a.f.a.t.b.SeqModelChecker - Step 1: Transition #2. Is it enabled?
2026-08-22T14:35:57,129 [zio-default-async-5] DEBUG a.f.a.t.b.SeqModelChecker - Step 1: Transition #2 is enabled
2026-08-22T14:35:57,129 [zio-default-async-5] INFO  a.f.a.t.b.SeqModelChecker - State 1: Checking 3 state invariants
2026-08-22T14:35:57,129 [zio-default-async-5] DEBUG a.f.a.t.b.SeqModelChecker - State 1: Checking state invariant 43
2026-08-22T14:35:57,130 [zio-default-async-5] INFO  a.f.a.t.b.SeqModelChecker - State 1: state invariant 43 holds.
2026-08-22T14:35:57,131 [zio-default-async-5] DEBUG a.f.a.t.b.SeqModelChecker - State 1: Checking state invariant 51
2026-08-22T14:35:57,132 [zio-default-async-5] INFO  a.f.a.t.b.SeqModelChecker - State 1: state invariant 51 holds.
2026-08-22T14:35:57,132 [zio-default-async-5] DEBUG a.f.a.t.b.SeqModelChecker - State 1: Checking state invariant 52
2026-08-22T14:35:57,132 [zio-default-async-5] INFO  a.f.a.t.b.SeqModelChecker - State 1: state invariant 52 holds.
2026-08-22T14:35:57,133 [zio-default-async-5] DEBUG a.f.a.t.b.t.TransitionExecutorImpl - Step #1, transition #3
2026-08-22T14:35:57,133 [zio-default-async-5] DEBUG a.f.a.t.b.t.TransitionExecutorImpl - Translating to SMT
2026-08-22T14:35:57,153 [zio-default-async-5] DEBUG a.f.a.t.b.SeqModelChecker - Step 1: Transition #3. Is it enabled?
2026-08-22T14:35:57,156 [zio-default-async-5] INFO  a.f.a.t.b.SeqModelChecker - Step 1: Transition #3 is disabled
2026-08-22T14:35:57,157 [zio-default-async-5] DEBUG a.f.a.t.b.t.TransitionExecutorImpl - Step #1, transition #4
2026-08-22T14:35:57,157 [zio-default-async-5] DEBUG a.f.a.t.b.t.TransitionExecutorImpl - Translating to SMT
2026-08-22T14:35:57,176 [zio-default-async-5] DEBUG a.f.a.t.b.SeqModelChecker - Step 1: Transition #4. Is it enabled?
2026-08-22T14:35:57,178 [zio-default-async-5] INFO  a.f.a.t.b.SeqModelChecker - Step 1: Transition #4 is disabled
2026-08-22T14:35:57,179 [zio-default-async-5] DEBUG a.f.a.t.b.t.TransitionExecutorImpl - Step #1, transition #5
2026-08-22T14:35:57,179 [zio-default-async-5] DEBUG a.f.a.t.b.t.TransitionExecutorImpl - Translating to SMT
2026-08-22T14:35:57,199 [zio-default-async-5] DEBUG a.f.a.t.b.SeqModelChecker - Step 1: Transition #5. Is it enabled?
2026-08-22T14:35:57,201 [zio-default-async-5] INFO  a.f.a.t.b.SeqModelChecker - Step 1: Transition #5 is disabled
2026-08-22T14:35:57,202 [zio-default-async-5] DEBUG a.f.a.t.b.t.TransitionExecutorImpl - Step #1, transition #6
2026-08-22T14:35:57,202 [zio-default-async-5] DEBUG a.f.a.t.b.t.TransitionExecutorImpl - Translating to SMT
2026-08-22T14:35:57,239 [zio-default-async-5] DEBUG a.f.a.t.b.SeqModelChecker - Step 1: Transition #6. Is it enabled?
2026-08-22T14:35:57,245 [zio-default-async-5] INFO  a.f.a.t.b.SeqModelChecker - Step 1: Transition #6 is disabled
2026-08-22T14:35:57,246 [zio-default-async-5] INFO  a.f.a.t.b.t.TransitionExecutorImpl - Step 1: picking a transition out of 2 transition(s)
2026-08-22T14:35:57,264 [zio-default-async-5] DEBUG a.f.a.t.b.t.TransitionExecutorImpl - Step #2, transition #0
2026-08-22T14:35:57,264 [zio-default-async-5] DEBUG a.f.a.t.b.t.TransitionExecutorImpl - Translating to SMT
2026-08-22T14:35:57,309 [zio-default-async-5] DEBUG a.f.a.t.b.SeqModelChecker - Step 2: Transition #0. Is it enabled?
