{
  "changeName": "reusable-verification-platform-program",
  "schemaName": "spec-driven",
  "planningHome": {
    "kind": "repo",
    "root": "/home/charl/defiformal",
    "changesDir": "/home/charl/defiformal/openspec/changes",
    "defaultSchema": "spec-driven"
  },
  "changeRoot": "/home/charl/defiformal/openspec/changes/reusable-verification-platform-program",
  "artifactPaths": {
    "proposal": {
      "outputPath": "proposal.md",
      "resolvedOutputPath": "/home/charl/defiformal/openspec/changes/reusable-verification-platform-program/proposal.md",
      "existingOutputPaths": [
        "/home/charl/defiformal/openspec/changes/reusable-verification-platform-program/proposal.md"
      ]
    },
    "specs": {
      "outputPath": "specs/**/*.md",
      "resolvedOutputPath": "/home/charl/defiformal/openspec/changes/reusable-verification-platform-program/specs/**/*.md",
      "existingOutputPaths": [
        "/home/charl/defiformal/openspec/changes/reusable-verification-platform-program/specs/certificates-adapters-evaluation-publication/spec.md",
        "/home/charl/defiformal/openspec/changes/reusable-verification-platform-program/specs/corpus-historical-honest-reporting/spec.md",
        "/home/charl/defiformal/openspec/changes/reusable-verification-platform-program/specs/minimum-reusable-contracts/spec.md",
        "/home/charl/defiformal/openspec/changes/reusable-verification-platform-program/specs/remaining-metatheory-lifecycle/spec.md",
        "/home/charl/defiformal/openspec/changes/reusable-verification-platform-program/specs/reusable-platform-program/spec.md",
        "/home/charl/defiformal/openspec/changes/reusable-verification-platform-program/specs/source-bound-library-families/spec.md"
      ]
    },
    "design": {
      "outputPath": "design.md",
      "resolvedOutputPath": "/home/charl/defiformal/openspec/changes/reusable-verification-platform-program/design.md",
      "existingOutputPaths": [
        "/home/charl/defiformal/openspec/changes/reusable-verification-platform-program/design.md"
      ]
    },
    "tasks": {
      "outputPath": "tasks.md",
      "resolvedOutputPath": "/home/charl/defiformal/openspec/changes/reusable-verification-platform-program/tasks.md",
      "existingOutputPaths": [
        "/home/charl/defiformal/openspec/changes/reusable-verification-platform-program/tasks.md"
      ]
    }
  },
  "isPlanningComplete": true,
  "isComplete": true,
  "applyRequires": [
    "tasks"
  ],
  "nextSteps": [
    "All planning artifacts are complete. Run openspec instructions apply --change \"reusable-verification-platform-program\" --json to inspect implementation progress."
  ],
  "actionContext": {
    "mode": "repo-local",
    "sourceOfTruth": "repo",
    "planningArtifacts": [
      "proposal",
      "specs",
      "design",
      "tasks"
    ],
    "linkedContext": [],
    "allowedEditRoots": [
      "/home/charl/defiformal"
    ],
    "requiresAffectedAreaSelection": false,
    "constraints": [
      "Repo-local change artifacts and implementation edits are scoped to this project."
    ]
  },
  "artifacts": [
    {
      "id": "proposal",
      "outputPath": "proposal.md",
      "status": "done",
      "requires": []
    },
    {
      "id": "specs",
      "outputPath": "specs/**/*.md",
      "status": "done",
      "requires": [
        "proposal"
      ]
    },
    {
      "id": "design",
      "outputPath": "design.md",
      "status": "done",
      "requires": [
        "proposal"
      ]
    },
    {
      "id": "tasks",
      "outputPath": "tasks.md",
      "status": "done",
      "requires": [
        "specs",
        "design"
      ]
    }
  ],
  "root": {
    "path": "/home/charl/defiformal",
    "source": "nearest"
  }
}
