⚠ [921/930] Replayed DefiKernel.Typed.Transition
warning: DefiKernel/Typed/Transition.lean:239:20: `simp_all [throw, throwThe]` is a flexible tactic modifying `⊢`. Try `simp_all?` and use the suggested `simp_all only [...]`. Alternatively, use `suffices` to explicitly state the simplified form.

Note: This linter can be disabled with `set_option linter.flexible false`
info: DefiKernel/Typed/Transition.lean:239:20: Try this:
  [apply] simp_all only [or_false, Prod.forall, true_and]
info: DefiKernel/Typed/Transition.lean:244:6: `rename_i args`
modifies the current goal, which was modified by the flexible tactic `simp_all` on line 239!
warning: DefiKernel/Typed/Transition.lean:239:20: `simp_all [throw, throwThe]` is a flexible tactic modifying `⊢`. Try `simp_all?` and use the suggested `simp_all only [...]`. Alternatively, use `suffices` to explicitly state the simplified form.

Note: This linter can be disabled with `set_option linter.flexible false`
info: DefiKernel/Typed/Transition.lean:239:20: Try this:
  [apply] simp_all only [Option.some.injEq, false_or, Prod.forall]
info: DefiKernel/Typed/Transition.lean:244:6: `rename_i args`
modifies the current goal, which was modified by the flexible tactic `simp_all` on line 239!
⚠ [929/930] Replayed DefiKernel.CapabilityProvenance.Trace
warning: DefiKernel/CapabilityProvenance/Trace.lean:123:27: This simp argument is unused:
  CapabilityStore.nextId

Hint: Omit it from the simp argument list.
  [apply] simp [eventIssueCount]

Note: This linter can be disabled with `set_option linter.unusedSimpArgs false`
warning: DefiKernel/CapabilityProvenance/Trace.lean:126:27: This simp argument is unused:
  CapabilityStore.nextId

Hint: Omit it from the simp argument list.
  [apply] simp [eventIssueCount, List.length_set]

Note: This linter can be disabled with `set_option linter.unusedSimpArgs false`
warning: DefiKernel/CapabilityProvenance/Trace.lean:419:5: Variable name `roots` is not explicitly referenced.

Hint: The binding can be removed (if unused) or named `_` (if used implicitly). Alternatively, prefix the name with `_` to silence this warning:
  [apply] _roots

Note: This linter can be disabled with `set_option linter.unusedVariables false`
warning: DefiKernel/CapabilityProvenance/Trace.lean:471:10: `simp [CapabilityStore.nextId] at hids` is a flexible tactic modifying `hids`. Try `simp?` and use the suggested `simp only [...]`. Alternatively, use `suffices` to explicitly state the simplified form.

Note: This linter can be disabled with `set_option linter.flexible false`
info: DefiKernel/CapabilityProvenance/Trace.lean:472:10: `exact hids`
uses `hids`, which was modified by the flexible tactic `simp` on line 471!
warning: DefiKernel/CapabilityProvenance/Trace.lean:494:10: `simp [CapabilityStore.nextId] at hids` is a flexible tactic modifying `hids`. Try `simp?` and use the suggested `simp only [...]`. Alternatively, use `suffices` to explicitly state the simplified form.

Note: This linter can be disabled with `set_option linter.flexible false`
info: DefiKernel/CapabilityProvenance/Trace.lean:495:10: `exact hids`
uses `hids`, which was modified by the flexible tactic `simp` on line 494!
warning: DefiKernel/CapabilityProvenance/Trace.lean:508:4: `simp [originOf, hlook] at h` is a flexible tactic modifying `h`. Try `simp?` and use the suggested `simp only [...]`. Alternatively, use `suffices` to explicitly state the simplified form.

Note: This linter can be disabled with `set_option linter.flexible false`
info: DefiKernel/CapabilityProvenance/Trace.lean:509:4: `cases h`
uses `h`, which was modified by the flexible tactic `simp` on line 508!
warning: DefiKernel/CapabilityProvenance/Trace.lean:508:4: `simp [originOf, hlook] at h` is a flexible tactic modifying `h`. Try `simp?` and use the suggested `simp only [...]`. Alternatively, use `suffices` to explicitly state the simplified form.

Note: This linter can be disabled with `set_option linter.flexible false`
info: DefiKernel/CapabilityProvenance/Trace.lean:510:4: `exact ⟨cap, hlook, rfl, roots id cap hlook⟩`
uses `h`, which was modified by the flexible tactic `simp` on line 508!
warning: DefiKernel/CapabilityProvenance/Trace.lean:512:4: `simp [originOf, hlook] at h` is a flexible tactic modifying `h`. Try `simp?` and use the suggested `simp only [...]`. Alternatively, use `suffices` to explicitly state the simplified form.

Note: This linter can be disabled with `set_option linter.flexible false`
info: DefiKernel/CapabilityProvenance/Trace.lean:513:4: `obtain ⟨event, grant, mem, rfl, hs, hr⟩ := issuedOrigin_sound_raw events id origin h`
uses `h`, which was modified by the flexible tactic `simp` on line 512!
warning: DefiKernel/CapabilityProvenance/Trace.lean:542:5: Variable name `hs` is not explicitly referenced.

Hint: The binding can be removed (if unused) or named `_` (if used implicitly). Alternatively, prefix the name with `_` to silence this warning:
  [apply] _hs

Note: This linter can be disabled with `set_option linter.unusedVariables false`
warning: DefiKernel/CapabilityProvenance/Trace.lean:645:10: `simp [issuedOrigin, hs', hr', heq]` is a flexible tactic modifying `⊢`. Try `simp?` and use the suggested `simp only [...]`. Alternatively, use `suffices` to explicitly state the simplified form.

Note: This linter can be disabled with `set_option linter.flexible false`
info: DefiKernel/CapabilityProvenance/Trace.lean:646:10: `exact ih mem (fun e hm hrr ↦ unique e (List.mem_cons.mpr (Or.inr hm)) hrr)`
modifies the current goal, which was modified by the flexible tactic `simp` on line 645!
warning: DefiKernel/CapabilityProvenance/Trace.lean:649:8: `simp [issuedOrigin, hs', hr']` is a flexible tactic modifying `⊢`. Try `simp?` and use the suggested `simp only [...]`. Alternatively, use `suffices` to explicitly state the simplified form.

Note: This linter can be disabled with `set_option linter.flexible false`
info: DefiKernel/CapabilityProvenance/Trace.lean:650:8: `exact ih mem (fun e hm hrr ↦ unique e (List.mem_cons.mpr (Or.inr hm)) hrr)`
modifies the current goal, which was modified by the flexible tactic `simp` on line 649!
warning: DefiKernel/CapabilityProvenance/Trace.lean:652:8: `simp [issuedOrigin, hs', hr']` is a flexible tactic modifying `⊢`. Try `simp?` and use the suggested `simp only [...]`. Alternatively, use `suffices` to explicitly state the simplified form.

Note: This linter can be disabled with `set_option linter.flexible false`
info: DefiKernel/CapabilityProvenance/Trace.lean:653:8: `exact ih mem (fun e hm hrr ↦ unique e (List.mem_cons.mpr (Or.inr hm)) hrr)`
modifies the current goal, which was modified by the flexible tactic `simp` on line 652!
warning: DefiKernel/CapabilityProvenance/Trace.lean:655:8: `simp [issuedOrigin, hs']` is a flexible tactic modifying `⊢`. Try `simp?` and use the suggested `simp only [...]`. Alternatively, use `suffices` to explicitly state the simplified form.

Note: This linter can be disabled with `set_option linter.flexible false`
info: DefiKernel/CapabilityProvenance/Trace.lean:656:8: `exact ih mem (fun e hm hrr ↦ unique e (List.mem_cons.mpr (Or.inr hm)) hrr)`
modifies the current goal, which was modified by the flexible tactic `simp` on line 655!
warning: DefiKernel/CapabilityProvenance/Trace.lean:658:8: `simp [issuedOrigin, hs']` is a flexible tactic modifying `⊢`. Try `simp?` and use the suggested `simp only [...]`. Alternatively, use `suffices` to explicitly state the simplified form.

Note: This linter can be disabled with `set_option linter.flexible false`
info: DefiKernel/CapabilityProvenance/Trace.lean:659:8: `exact ih mem (fun e hm hrr ↦ unique e (List.mem_cons.mpr (Or.inr hm)) hrr)`
modifies the current goal, which was modified by the flexible tactic `simp` on line 658!
warning: DefiKernel/CapabilityProvenance/Trace.lean:713:4: `simp [originOf, hnone]` is a flexible tactic modifying `⊢`. Try `simp?` and use the suggested `simp only [...]`. Alternatively, use `suffices` to explicitly state the simplified form.

Note: This linter can be disabled with `set_option linter.flexible false`
info: DefiKernel/CapabilityProvenance/Trace.lean:729:4: `exact hio`
modifies the current goal, which was modified by the flexible tactic `simp` on line 713!
warning: DefiKernel/CapabilityProvenance/Trace.lean:770:10: `simp [currentAuthorityOrigin, hauth, horig] at h` is a flexible tactic modifying `h`. Try `simp?` and use the suggested `simp only [...]`. Alternatively, use `suffices` to explicitly state the simplified form.

Note: This linter can be disabled with `set_option linter.flexible false`
info: DefiKernel/CapabilityProvenance/Trace.lean:770:10: Try this:
  [apply] simp only [exists_and_right] at h
info: DefiKernel/CapabilityProvenance/Trace.lean:771:10: `obtain ⟨rfl, rfl⟩ := h`
uses `h`, which was modified by the flexible tactic `simp` on line 770!
warning: DefiKernel/CapabilityProvenance/Trace.lean:770:10: `simp [currentAuthorityOrigin, hauth, horig] at h` is a flexible tactic modifying `h`. Try `simp?` and use the suggested `simp only [...]`. Alternatively, use `suffices` to explicitly state the simplified form.

Note: This linter can be disabled with `set_option linter.flexible false`
info: DefiKernel/CapabilityProvenance/Trace.lean:770:10: Try this:
  [apply] simp only [exists_and_right] at h
info: DefiKernel/CapabilityProvenance/Trace.lean:772:10: `refine ⟨[], tail, rfl, ?_, hauth, horig⟩`
uses `h`, which was modified by the flexible tactic `simp` on line 770!
warning: DefiKernel/CapabilityProvenance/Trace.lean:770:10: `simp [currentAuthorityOrigin, hauth, horig] at h` is a flexible tactic modifying `h`. Try `simp?` and use the suggested `simp only [...]`. Alternatively, use `suffices` to explicitly state the simplified form.

Note: This linter can be disabled with `set_option linter.flexible false`
info: DefiKernel/CapabilityProvenance/Trace.lean:770:10: Try this:
  [apply] simp only [exists_and_right] at h
info: DefiKernel/CapabilityProvenance/Trace.lean:773:10: `intro x hx`
uses `h`, which was modified by the flexible tactic `simp` on line 770!
warning: DefiKernel/CapabilityProvenance/Trace.lean:776:8: `simp [currentAuthorityOrigin, hauth] at h` is a flexible tactic modifying `h`. Try `simp?` and use the suggested `simp only [...]`. Alternatively, use `suffices` to explicitly state the simplified form.

Note: This linter can be disabled with `set_option linter.flexible false`
info: DefiKernel/CapabilityProvenance/Trace.lean:776:8: Try this:
  [apply] simp only [exists_and_right] at h
info: DefiKernel/CapabilityProvenance/Trace.lean:777:8: `obtain ⟨pref, rest, hs, hpref, hid, ho⟩ := ih.mp h`
uses `h`, which was modified by the flexible tactic `simp` on line 776!
warning: DefiKernel/CapabilityProvenance/Trace.lean:795:8: `simp [currentAuthorityOrigin, hp]` is a flexible tactic modifying `⊢`. Try `simp?` and use the suggested `simp only [...]`. Alternatively, use `suffices` to explicitly state the simplified form.

Note: This linter can be disabled with `set_option linter.flexible false`
info: DefiKernel/CapabilityProvenance/Trace.lean:796:8: `exact ih.mpr ⟨ps, rest, hs, fun x hx ↦ hpref x (List.mem_cons.mpr (Or.inr hx)), hid, ho⟩`
modifies the current goal, which was modified by the flexible tactic `simp` on line 795!
warning: DefiKernel/CapabilityProvenance/Trace.lean:917:6: `simp [currentAuthorityOrigin, hp]` is a flexible tactic modifying `⊢`. Try `simp?` and use the suggested `simp only [...]`. Alternatively, use `suffices` to explicitly state the simplified form.

Note: This linter can be disabled with `set_option linter.flexible false`
info: DefiKernel/CapabilityProvenance/Trace.lean:918:6: `exact ih (fun id hid ↦ hall id (List.mem_cons.mpr (Or.inr hid)))`
modifies the current goal, which was modified by the flexible tactic `simp` on line 917!
ℹ [930/930] Built DefiKernel.CapabilityProvenance.FoundationChecks (1.3s)
info: DefiKernel/CapabilityProvenance/FoundationChecks.lean:207:0: foundation.catalog.valid: true
foundation.empty.origin.none: true
foundation.nonempty.live.initial: true
foundation.nonempty.dead.initial: true
foundation.issue.id.zero: true
foundation.issue.origin.issued: true
foundation.revoke.keeps.id: true
foundation.current.authority.first-valid: true
foundation.current.skips.dead: true
foundation.forged.query.reads.without.certificate: true
foundation.auditRun.delegates: true
foundation.rejected.admin.prefix: true
foundation.capEq.equal: true
foundation.capEq.holder.negative: true
foundation.capEq.domain.negative: true
foundation.capEq.operation.negative: true
foundation.capEq.right.negative: true
foundation.capEq.live.negative: true
foundation.viewEq.equal: true
foundation.viewEq.live.negative: true
foundation.viewEq.nextId.hidden.ignores.allocation: true
foundation.viewEq.nextId.observed.differs: true
foundation.selected.not.full.store: true
foundation.origin.duplicate-grant.distinct-ids: true
foundation.origin.duplicate-grant.issued-query: true
foundation.authority.current-none-revoked-id: true
foundation.authority.origin-issued-after-revoke: true
foundation.authority.reissue-first-fresh: true
foundation.revoke.old-dead-new-live: true
foundation.revoke.inert-suffix: true
Build completed successfully (930 jobs).
