{"name": "solc-version", "exit": 0, "timeout": false, "classification": "ok"}
{"name": "evm-version", "exit": 0, "timeout": false, "classification": "ok"}
{"name": "go-version-m", "exit": 0, "timeout": false, "classification": "ok"}
{"name": "genesis-smoke", "exit": 0, "timeout": false, "classification": "ok"}
{"name": "baseline-P16-I-ADD", "exit": 0, "timeout": false, "classification": "ok"}
{"name": "baseline-P16-I-REM", "exit": 0, "timeout": false, "classification": "ok"}
{"name": "baseline-P16-I-ZERO-LIQ", "exit": 0, "timeout": false, "classification": "ok"}
{"name": "baseline-P16-ADD", "exit": 0, "timeout": false, "classification": "ok"}
{"name": "baseline-P16-ADD-ROUND", "exit": 0, "timeout": false, "classification": "ok"}
{"name": "baseline-P16-REQ", "exit": 0, "timeout": false, "classification": "ok"}
{"name": "baseline-P16-REQ-STRICT", "exit": 0, "timeout": false, "classification": "ok"}
{"name": "baseline-P16-REM", "exit": 0, "timeout": false, "classification": "ok"}
{"name": "baseline-P16-SAFECAST", "exit": 0, "timeout": false, "classification": "ok"}
{"name": "baseline-P16-ADD-DEN0", "exit": 0, "timeout": false, "classification": "ok"}
{"name": "baseline-P16-PROD", "exit": 0, "timeout": false, "classification": "ok"}
{"name": "baseline-P16-WRAP", "exit": 0, "timeout": false, "classification": "ok"}
{"name": "T0-ID-SKIP-designated-P16-I-ADD", "exit": null, "timeout": true, "classification": "timeout_blocked"}
{"name": "T0-ID-SKIP-control-P16-ADD", "exit": 0, "timeout": false, "classification": "ok"}
{"name": "T0-WRAP-SKIP-designated-P16-WRAP", "exit": 0, "timeout": false, "classification": "ok"}
{"name": "T0-WRAP-SKIP-control-P16-ADD", "exit": 0, "timeout": false, "classification": "ok"}
{"name": "T0-PROD-SKIP-designated-P16-PROD", "exit": 0, "timeout": false, "classification": "ok"}
{"name": "T0-PROD-SKIP-control-P16-ADD", "exit": 0, "timeout": false, "classification": "ok"}
{"name": "T0-REQ-SKIP-designated-P16-REQ-STRICT", "exit": 0, "timeout": false, "classification": "ok"}
{"name": "T0-REQ-SKIP-control-P16-ADD", "exit": 0, "timeout": false, "classification": "ok"}
{"name": "T0-REQ-SKIP-equality-P16-REQ", "exit": 0, "timeout": false, "classification": "ok"}
{"name": "T0-FLOOR-designated-P16-ADD-ROUND", "exit": 0, "timeout": false, "classification": "ok"}
{"name": "T0-FLOOR-control-P16-ADD", "exit": 0, "timeout": false, "classification": "ok"}
{"name": "T0-CHECKED-ADD-designated-P16-WRAP", "exit": 0, "timeout": false, "classification": "ok"}
{"name": "T0-CHECKED-ADD-control-P16-ADD", "exit": 0, "timeout": false, "classification": "ok"}
{"name": "lake-runtime-r3", "exit": 0, "timeout": false, "classification": "ok"}
{"name": "lean-source-bindings", "exit": 0, "timeout": false, "classification": "ok"}
{"status": "fail", "exit": 1, "baseline": {"status": "ok", "exit": 0, "denominator": 12, "ok": 12, "fail": 0, "blocked": 0, "reason": "nonempty unique fixtures; all independent comparisons hold"}, "mutants": {"status": "fail", "exit": 1, "denominator": 6, "ok": 5, "fail": 1, "blocked": 0, "reason": "one or more mutants missed designated change or control"}}
